[2025-12-03T14:09:51.794+0000][7][gc] Using G1
[2025-12-03T14:09:52.139+0000][7][gc,init] Version: 16.0.2+7 (release)
[2025-12-03T14:09:52.139+0000][7][gc,init] CPUs: 8 total, 8 available
[2025-12-03T14:09:52.139+0000][7][gc,init] Memory: 7837M
[2025-12-03T14:09:52.140+0000][7][gc,init] Large Page Support: Disabled
[2025-12-03T14:09:52.140+0000][7][gc,init] NUMA Support: Disabled
[2025-12-03T14:09:52.140+0000][7][gc,init] Compressed Oops: Enabled (32-bit)
[2025-12-03T14:09:52.140+0000][7][gc,init] Heap Region Size: 4M
[2025-12-03T14:09:52.140+0000][7][gc,init] Heap Min Capacity: 512M
[2025-12-03T14:09:52.140+0000][7][gc,init] Heap Initial Capacity: 512M
[2025-12-03T14:09:52.140+0000][7][gc,init] Heap Max Capacity: 512M
[2025-12-03T14:09:52.140+0000][7][gc,init] Pre-touch: Enabled
[2025-12-03T14:09:52.140+0000][7][gc,init] Parallel Workers: 8
[2025-12-03T14:09:52.141+0000][7][gc,init] Concurrent Workers: 2
[2025-12-03T14:09:52.141+0000][7][gc,init] Concurrent Refinement Workers: 8
[2025-12-03T14:09:52.141+0000][7][gc,init] Periodic GC: Disabled
[2025-12-03T14:09:52.142+0000][7][gc,metaspace] CDS archive(s) mapped at: [0x0000000800000000-0x0000000800beb000-0x0000000800beb000), size 12496896, SharedBaseAddress: 0x0000000800000000, ArchiveRelocationMode: 0.
[2025-12-03T14:09:52.143+0000][7][gc,metaspace] Compressed class space mapped at: 0x0000000800c00000-0x0000000840c00000, reserved size: 1073741824
[2025-12-03T14:09:52.143+0000][7][gc,metaspace] Narrow klass base: 0x0000000800000000, Narrow klass shift: 3, Narrow klass range: 0x100000000
[2025-12-03T14:09:52.395+0000][7][safepoint   ] Safepoint "ICBufferFull", Time since last: 241555459 ns, Reaching safepoint: 141833 ns, At safepoint: 5292 ns, Total: 147125 ns
[2025-12-03T14:09:52.514+0000][7][safepoint   ] Safepoint "ICBufferFull", Time since last: 118341292 ns, Reaching safepoint: 111250 ns, At safepoint: 2250 ns, Total: 113500 ns
[2025-12-03T14:09:52.592+0000][7][safepoint   ] Safepoint "ICBufferFull", Time since last: 78012833 ns, Reaching safepoint: 151500 ns, At safepoint: 3875 ns, Total: 155375 ns
[2025-12-03T14:09:52.722+0000][7][gc,start    ] GC(0) Pause Young (Normal) (G1 Evacuation Pause)
[2025-12-03T14:09:52.722+0000][7][gc,task     ] GC(0) Using 8 workers of 8 for evacuation
[2025-12-03T14:09:52.722+0000][7][gc,age      ] GC(0) Desired survivor size 2097152 bytes, new threshold 15 (max threshold 15)
[2025-12-03T14:09:52.725+0000][7][gc,age      ] GC(0) Age table with threshold 15 (max threshold 15)
[2025-12-03T14:09:52.725+0000][7][gc,age      ] GC(0) - age   1:    4175168 bytes,    4175168 total
[2025-12-03T14:09:52.725+0000][7][gc,phases   ] GC(0)   Pre Evacuate Collection Set: 0.1ms
[2025-12-03T14:09:52.725+0000][7][gc,phases   ] GC(0)   Merge Heap Roots: 0.0ms
[2025-12-03T14:09:52.725+0000][7][gc,phases   ] GC(0)   Evacuate Collection Set: 2.0ms
[2025-12-03T14:09:52.725+0000][7][gc,phases   ] GC(0)   Post Evacuate Collection Set: 0.4ms
[2025-12-03T14:09:52.725+0000][7][gc,phases   ] GC(0)   Other: 0.4ms
[2025-12-03T14:09:52.725+0000][7][gc,heap     ] GC(0) Eden regions: 6->0(6)
[2025-12-03T14:09:52.725+0000][7][gc,heap     ] GC(0) Survivor regions: 0->1(1)
[2025-12-03T14:09:52.726+0000][7][gc,heap     ] GC(0) Old regions: 0->1
[2025-12-03T14:09:52.726+0000][7][gc,heap     ] GC(0) Archive regions: 2->2
[2025-12-03T14:09:52.726+0000][7][gc,heap     ] GC(0) Humongous regions: 0->0
[2025-12-03T14:09:52.726+0000][7][gc,metaspace] GC(0) Metaspace: 8066K(8256K)->8066K(8256K) NonClass: 7172K(7296K)->7172K(7296K) Class: 893K(960K)->893K(960K)
[2025-12-03T14:09:52.726+0000][7][gc          ] GC(0) Pause Young (Normal) (G1 Evacuation Pause) 27M->8M(512M) 3.450ms
[2025-12-03T14:09:52.726+0000][7][gc,cpu      ] GC(0) User=0.01s Sys=0.00s Real=0.00s
[2025-12-03T14:09:52.726+0000][7][safepoint   ] Safepoint "G1CollectForAllocation", Time since last: 129301208 ns, Reaching safepoint: 915334 ns, At safepoint: 3718083 ns, Total: 4633417 ns
[2025-12-03T14:09:53.243+0000][7][safepoint   ] Safepoint "ICBufferFull", Time since last: 516787959 ns, Reaching safepoint: 117625 ns, At safepoint: 151208 ns, Total: 268833 ns
[2025-12-03T14:09:53.434+0000][7][gc,start    ] GC(1) Pause Young (Normal) (G1 Evacuation Pause)
[2025-12-03T14:09:53.434+0000][7][gc,task     ] GC(1) Using 8 workers of 8 for evacuation
[2025-12-03T14:09:53.434+0000][7][gc,age      ] GC(1) Desired survivor size 2097152 bytes, new threshold 1 (max threshold 15)
[2025-12-03T14:09:53.441+0000][7][gc,age      ] GC(1) Age table with threshold 1 (max threshold 15)
[2025-12-03T14:09:53.441+0000][7][gc,age      ] GC(1) - age   1:    2058176 bytes,    2058176 total
[2025-12-03T14:09:53.442+0000][7][gc,phases   ] GC(1)   Pre Evacuate Collection Set: 0.1ms
[2025-12-03T14:09:53.442+0000][7][gc,phases   ] GC(1)   Merge Heap Roots: 0.1ms
[2025-12-03T14:09:53.442+0000][7][gc,phases   ] GC(1)   Evacuate Collection Set: 6.8ms
[2025-12-03T14:09:53.442+0000][7][gc,phases   ] GC(1)   Post Evacuate Collection Set: 0.3ms
[2025-12-03T14:09:53.442+0000][7][gc,phases   ] GC(1)   Other: 0.7ms
[2025-12-03T14:09:53.442+0000][7][gc,heap     ] GC(1) Eden regions: 6->0(12)
[2025-12-03T14:09:53.442+0000][7][gc,heap     ] GC(1) Survivor regions: 1->1(1)
[2025-12-03T14:09:53.442+0000][7][gc,heap     ] GC(1) Old regions: 1->2
[2025-12-03T14:09:53.442+0000][7][gc,heap     ] GC(1) Archive regions: 2->2
[2025-12-03T14:09:53.442+0000][7][gc,heap     ] GC(1) Humongous regions: 0->0
[2025-12-03T14:09:53.443+0000][7][gc,metaspace] GC(1) Metaspace: 12290K(12480K)->12290K(12480K) NonClass: 10845K(10944K)->10845K(10944K) Class: 1445K(1536K)->1445K(1536K)
[2025-12-03T14:09:53.443+0000][7][gc          ] GC(1) Pause Young (Normal) (G1 Evacuation Pause) 32M->10M(512M) 9.219ms
[2025-12-03T14:09:53.443+0000][7][gc,cpu      ] GC(1) User=0.01s Sys=0.00s Real=0.01s
[2025-12-03T14:09:53.443+0000][7][safepoint   ] Safepoint "G1CollectForAllocation", Time since last: 190224917 ns, Reaching safepoint: 300541 ns, At safepoint: 9431000 ns, Total: 9731541 ns
[2025-12-03T14:09:53.839+0000][7][safepoint   ] Safepoint "ICBufferFull", Time since last: 395670084 ns, Reaching safepoint: 106833 ns, At safepoint: 7667 ns, Total: 114500 ns
[2025-12-03T14:09:54.154+0000][7][safepoint   ] Safepoint "ICBufferFull", Time since last: 314738208 ns, Reaching safepoint: 285167 ns, At safepoint: 8667 ns, Total: 293834 ns
[2025-12-03T14:09:54.158+0000][7][safepoint   ] Safepoint "ICBufferFull", Time since last: 3018541 ns, Reaching safepoint: 1336334 ns, At safepoint: 19708 ns, Total: 1356042 ns
[2025-12-03T14:09:54.228+0000][7][gc,start    ] GC(2) Pause Young (Normal) (G1 Evacuation Pause)
[2025-12-03T14:09:54.228+0000][7][gc,task     ] GC(2) Using 8 workers of 8 for evacuation
[2025-12-03T14:09:54.228+0000][7][gc,age      ] GC(2) Desired survivor size 4194304 bytes, new threshold 15 (max threshold 15)
[2025-12-03T14:09:54.235+0000][7][gc,age      ] GC(2) Age table with threshold 15 (max threshold 15)
[2025-12-03T14:09:54.235+0000][7][gc,age      ] GC(2) - age   1:    1243896 bytes,    1243896 total
[2025-12-03T14:09:54.235+0000][7][gc,age      ] GC(2) - age   2:    2030240 bytes,    3274136 total
[2025-12-03T14:09:54.235+0000][7][gc,phases   ] GC(2)   Pre Evacuate Collection Set: 0.1ms
[2025-12-03T14:09:54.235+0000][7][gc,phases   ] GC(2)   Merge Heap Roots: 0.0ms
[2025-12-03T14:09:54.235+0000][7][gc,phases   ] GC(2)   Evacuate Collection Set: 5.7ms
[2025-12-03T14:09:54.235+0000][7][gc,phases   ] GC(2)   Post Evacuate Collection Set: 0.5ms
[2025-12-03T14:09:54.235+0000][7][gc,phases   ] GC(2)   Other: 0.8ms
[2025-12-03T14:09:54.235+0000][7][gc,heap     ] GC(2) Eden regions: 12->0(57)
[2025-12-03T14:09:54.235+0000][7][gc,heap     ] GC(2) Survivor regions: 1->1(2)
[2025-12-03T14:09:54.235+0000][7][gc,heap     ] GC(2) Old regions: 2->2
[2025-12-03T14:09:54.235+0000][7][gc,heap     ] GC(2) Archive regions: 2->2
[2025-12-03T14:09:54.235+0000][7][gc,heap     ] GC(2) Humongous regions: 0->0
[2025-12-03T14:09:54.236+0000][7][gc,metaspace] GC(2) Metaspace: 14709K(14912K)->14709K(14912K) NonClass: 13043K(13120K)->13043K(13120K) Class: 1666K(1792K)->1666K(1792K)
[2025-12-03T14:09:54.236+0000][7][gc          ] GC(2) Pause Young (Normal) (G1 Evacuation Pause) 58M->11M(512M) 7.891ms
[2025-12-03T14:09:54.236+0000][7][gc,cpu      ] GC(2) User=0.02s Sys=0.01s Real=0.00s
[2025-12-03T14:09:54.238+0000][7][safepoint   ] Safepoint "G1CollectForAllocation", Time since last: 69533167 ns, Reaching safepoint: 149416 ns, At safepoint: 10338750 ns, Total: 10488166 ns
[2025-12-03T14:09:54.462+0000][7][safepoint   ] Safepoint "ICBufferFull", Time since last: 223737750 ns, Reaching safepoint: 52167 ns, At safepoint: 1625 ns, Total: 53792 ns
[2025-12-03T14:09:54.463+0000][7][safepoint   ] Safepoint "ICBufferFull", Time since last: 757583 ns, Reaching safepoint: 15750 ns, At safepoint: 792 ns, Total: 16542 ns
[2025-12-03T14:09:54.466+0000][7][safepoint   ] Safepoint "ICBufferFull", Time since last: 3149375 ns, Reaching safepoint: 65208 ns, At safepoint: 13750 ns, Total: 78958 ns
[2025-12-03T14:09:54.467+0000][7][safepoint   ] Safepoint "ICBufferFull", Time since last: 1205375 ns, Reaching safepoint: 38750 ns, At safepoint: 1250 ns, Total: 40000 ns
[2025-12-03T14:09:54.470+0000][7][safepoint   ] Safepoint "ICBufferFull", Time since last: 1977375 ns, Reaching safepoint: 1332792 ns, At safepoint: 6083 ns, Total: 1338875 ns
[2025-12-03T14:09:54.472+0000][7][safepoint   ] Safepoint "ICBufferFull", Time since last: 959750 ns, Reaching safepoint: 87167 ns, At safepoint: 1792 ns, Total: 88959 ns
[2025-12-03T14:09:54.474+0000][7][safepoint   ] Safepoint "ICBufferFull", Time since last: 2124625 ns, Reaching safepoint: 43041 ns, At safepoint: 5292 ns, Total: 48333 ns
[2025-12-03T14:09:54.475+0000][7][safepoint   ] Safepoint "ICBufferFull", Time since last: 1439708 ns, Reaching safepoint: 24209 ns, At safepoint: 833 ns, Total: 25042 ns
[2025-12-03T14:09:54.476+0000][7][safepoint   ] Safepoint "ICBufferFull", Time since last: 955084 ns, Reaching safepoint: 26000 ns, At safepoint: 833 ns, Total: 26833 ns
[2025-12-03T14:09:54.478+0000][7][safepoint   ] Safepoint "ICBufferFull", Time since last: 1550500 ns, Reaching safepoint: 44750 ns, At safepoint: 1292 ns, Total: 46042 ns
[2025-12-03T14:09:54.479+0000][7][safepoint   ] Safepoint "ICBufferFull", Time since last: 1076166 ns, Reaching safepoint: 29084 ns, At safepoint: 833 ns, Total: 29917 ns
[2025-12-03T14:09:54.480+0000][7][safepoint   ] Safepoint "ICBufferFull", Time since last: 729708 ns, Reaching safepoint: 43584 ns, At safepoint: 1500 ns, Total: 45084 ns
[2025-12-03T14:09:54.482+0000][7][safepoint   ] Safepoint "ICBufferFull", Time since last: 1452833 ns, Reaching safepoint: 1062333 ns, At safepoint: 6000 ns, Total: 1068333 ns
[2025-12-03T14:09:54.483+0000][7][safepoint   ] Safepoint "ICBufferFull", Time since last: 1189584 ns, Reaching safepoint: 36750 ns, At safepoint: 4583 ns, Total: 41333 ns
[2025-12-03T14:09:54.485+0000][7][safepoint   ] Safepoint "ICBufferFull", Time since last: 1474417 ns, Reaching safepoint: 36125 ns, At safepoint: 1208 ns, Total: 37333 ns
[2025-12-03T14:09:54.486+0000][7][safepoint   ] Safepoint "ICBufferFull", Time since last: 1135417 ns, Reaching safepoint: 56875 ns, At safepoint: 1375 ns, Total: 58250 ns
[2025-12-03T14:09:54.488+0000][7][safepoint   ] Safepoint "ICBufferFull", Time since last: 1444416 ns, Reaching safepoint: 66292 ns, At safepoint: 1833 ns, Total: 68125 ns
[2025-12-03T14:09:54.489+0000][7][safepoint   ] Safepoint "ICBufferFull", Time since last: 881625 ns, Reaching safepoint: 37959 ns, At safepoint: 6041 ns, Total: 44000 ns
[2025-12-03T14:09:54.492+0000][7][safepoint   ] Safepoint "ICBufferFull", Time since last: 3187500 ns, Reaching safepoint: 40959 ns, At safepoint: 1750 ns, Total: 42709 ns
[2025-12-03T14:09:54.493+0000][7][safepoint   ] Safepoint "ICBufferFull", Time since last: 1119958 ns, Reaching safepoint: 67292 ns, At safepoint: 1458 ns, Total: 68750 ns
[2025-12-03T14:09:54.494+0000][7][safepoint   ] Safepoint "ICBufferFull", Time since last: 1486875 ns, Reaching safepoint: 57250 ns, At safepoint: 1333 ns, Total: 58583 ns
[2025-12-03T14:09:54.497+0000][7][safepoint   ] Safepoint "ICBufferFull", Time since last: 2087917 ns, Reaching safepoint: 66625 ns, At safepoint: 1542 ns, Total: 68167 ns
[2025-12-03T14:09:54.498+0000][7][safepoint   ] Safepoint "ICBufferFull", Time since last: 956791 ns, Reaching safepoint: 87834 ns, At safepoint: 8416 ns, Total: 96250 ns
[2025-12-03T14:09:54.500+0000][7][safepoint   ] Safepoint "ICBufferFull", Time since last: 2591167 ns, Reaching safepoint: 68458 ns, At safepoint: 6750 ns, Total: 75208 ns
[2025-12-03T14:09:54.501+0000][7][safepoint   ] Safepoint "ICBufferFull", Time since last: 1014542 ns, Reaching safepoint: 38167 ns, At safepoint: 1375 ns, Total: 39542 ns
[2025-12-03T14:09:54.503+0000][7][safepoint   ] Safepoint "ICBufferFull", Time since last: 1090500 ns, Reaching safepoint: 37250 ns, At safepoint: 1458 ns, Total: 38708 ns
[2025-12-03T14:09:54.504+0000][7][safepoint   ] Safepoint "ICBufferFull", Time since last: 934208 ns, Reaching safepoint: 76750 ns, At safepoint: 5750 ns, Total: 82500 ns
[2025-12-03T14:09:54.506+0000][7][safepoint   ] Safepoint "ICBufferFull", Time since last: 1892250 ns, Reaching safepoint: 647334 ns, At safepoint: 11458 ns, Total: 658792 ns
[2025-12-03T14:09:54.508+0000][7][safepoint   ] Safepoint "ICBufferFull", Time since last: 1475292 ns, Reaching safepoint: 47583 ns, At safepoint: 8042 ns, Total: 55625 ns
[2025-12-03T14:09:54.513+0000][7][safepoint   ] Safepoint "ICBufferFull", Time since last: 5176500 ns, Reaching safepoint: 59916 ns, At safepoint: 2000 ns, Total: 61916 ns
[2025-12-03T14:09:54.811+0000][7][safepoint   ] Safepoint "ICBufferFull", Time since last: 297757917 ns, Reaching safepoint: 633000 ns, At safepoint: 8208 ns, Total: 641208 ns
[2025-12-03T14:09:55.041+0000][7][safepoint   ] Safepoint "ICBufferFull", Time since last: 229802042 ns, Reaching safepoint: 108333 ns, At safepoint: 1417 ns, Total: 109750 ns
[2025-12-03T14:09:55.117+0000][7][gc,start    ] GC(3) Pause Young (Normal) (G1 Evacuation Pause)
[2025-12-03T14:09:55.117+0000][7][gc,task     ] GC(3) Using 8 workers of 8 for evacuation
[2025-12-03T14:09:55.117+0000][7][gc,age      ] GC(3) Desired survivor size 16777216 bytes, new threshold 15 (max threshold 15)
[2025-12-03T14:09:55.136+0000][7][gc,age      ] GC(3) Age table with threshold 15 (max threshold 15)
[2025-12-03T14:09:55.136+0000][7][gc,age      ] GC(3) - age   1:    5252912 bytes,    5252912 total
[2025-12-03T14:09:55.136+0000][7][gc,age      ] GC(3) - age   2:    1220216 bytes,    6473128 total
[2025-12-03T14:09:55.136+0000][7][gc,age      ] GC(3) - age   3:    2015464 bytes,    8488592 total
[2025-12-03T14:09:55.136+0000][7][gc,phases   ] GC(3)   Pre Evacuate Collection Set: 0.0ms
[2025-12-03T14:09:55.136+0000][7][gc,phases   ] GC(3)   Merge Heap Roots: 0.0ms
[2025-12-03T14:09:55.136+0000][7][gc,phases   ] GC(3)   Evacuate Collection Set: 17.2ms
[2025-12-03T14:09:55.136+0000][7][gc,phases   ] GC(3)   Post Evacuate Collection Set: 0.8ms
[2025-12-03T14:09:55.137+0000][7][gc,phases   ] GC(3)   Other: 0.9ms
[2025-12-03T14:09:55.137+0000][7][gc,heap     ] GC(3) Eden regions: 57->0(73)
[2025-12-03T14:09:55.137+0000][7][gc,heap     ] GC(3) Survivor regions: 1->3(8)
[2025-12-03T14:09:55.137+0000][7][gc,heap     ] GC(3) Old regions: 2->2
[2025-12-03T14:09:55.137+0000][7][gc,heap     ] GC(3) Archive regions: 2->2
[2025-12-03T14:09:55.137+0000][7][gc,heap     ] GC(3) Humongous regions: 0->0
[2025-12-03T14:09:55.137+0000][7][gc,metaspace] GC(3) Metaspace: 18532K(18816K)->18532K(18816K) NonClass: 16312K(16448K)->16312K(16448K) Class: 2220K(2368K)->2220K(2368K)
[2025-12-03T14:09:55.137+0000][7][gc          ] GC(3) Pause Young (Normal) (G1 Evacuation Pause) 239M->16M(512M) 19.836ms
[2025-12-03T14:09:55.137+0000][7][gc,cpu      ] GC(3) User=0.03s Sys=0.00s Real=0.02s
[2025-12-03T14:09:55.140+0000][7][safepoint   ] Safepoint "G1CollectForAllocation", Time since last: 75382083 ns, Reaching safepoint: 133167 ns, At safepoint: 22381833 ns, Total: 22515000 ns
[2025-12-03T14:09:55.492+0000][7][gc,start    ] GC(4) Pause Young (Normal) (G1 Evacuation Pause)
[2025-12-03T14:09:55.492+0000][7][gc,task     ] GC(4) Using 8 workers of 8 for evacuation
[2025-12-03T14:09:55.492+0000][7][gc,age      ] GC(4) Desired survivor size 20971520 bytes, new threshold 15 (max threshold 15)
[2025-12-03T14:09:55.500+0000][7][gc,age      ] GC(4) Age table with threshold 15 (max threshold 15)
[2025-12-03T14:09:55.500+0000][7][gc,age      ] GC(4) - age   1:    3730648 bytes,    3730648 total
[2025-12-03T14:09:55.500+0000][7][gc,age      ] GC(4) - age   2:    4758664 bytes,    8489312 total
[2025-12-03T14:09:55.500+0000][7][gc,age      ] GC(4) - age   3:    1220216 bytes,    9709528 total
[2025-12-03T14:09:55.500+0000][7][gc,age      ] GC(4) - age   4:    2015464 bytes,   11724992 total
[2025-12-03T14:09:55.500+0000][7][gc,phases   ] GC(4)   Pre Evacuate Collection Set: 0.3ms
[2025-12-03T14:09:55.500+0000][7][gc,phases   ] GC(4)   Merge Heap Roots: 0.1ms
[2025-12-03T14:09:55.500+0000][7][gc,phases   ] GC(4)   Evacuate Collection Set: 6.6ms
[2025-12-03T14:09:55.500+0000][7][gc,phases   ] GC(4)   Post Evacuate Collection Set: 0.5ms
[2025-12-03T14:09:55.500+0000][7][gc,phases   ] GC(4)   Other: 0.6ms
[2025-12-03T14:09:55.500+0000][7][gc,heap     ] GC(4) Eden regions: 73->0(73)
[2025-12-03T14:09:55.500+0000][7][gc,heap     ] GC(4) Survivor regions: 3->3(10)
[2025-12-03T14:09:55.500+0000][7][gc,heap     ] GC(4) Old regions: 2->2
[2025-12-03T14:09:55.500+0000][7][gc,heap     ] GC(4) Archive regions: 2->2
[2025-12-03T14:09:55.500+0000][7][gc,heap     ] GC(4) Humongous regions: 0->0
[2025-12-03T14:09:55.500+0000][7][gc,metaspace] GC(4) Metaspace: 19342K(19712K)->19342K(19712K) NonClass: 17007K(17216K)->17007K(17216K) Class: 2335K(2496K)->2335K(2496K)
[2025-12-03T14:09:55.500+0000][7][gc          ] GC(4) Pause Young (Normal) (G1 Evacuation Pause) 308M->20M(512M) 8.522ms
[2025-12-03T14:09:55.501+0000][7][gc,cpu      ] GC(4) User=0.03s Sys=0.00s Real=0.01s
[2025-12-03T14:09:55.501+0000][7][safepoint   ] Safepoint "G1CollectForAllocation", Time since last: 352114959 ns, Reaching safepoint: 75500 ns, At safepoint: 8752833 ns, Total: 8828333 ns
[2025-12-03T14:09:55.722+0000][7][gc,start    ] GC(5) Pause Young (Normal) (G1 Evacuation Pause)
[2025-12-03T14:09:55.722+0000][7][gc,task     ] GC(5) Using 8 workers of 8 for evacuation
[2025-12-03T14:09:55.722+0000][7][gc,age      ] GC(5) Desired survivor size 20971520 bytes, new threshold 15 (max threshold 15)
[2025-12-03T14:09:55.726+0000][7][gc,age      ] GC(5) Age table with threshold 15 (max threshold 15)
[2025-12-03T14:09:55.727+0000][7][gc,age      ] GC(5) - age   1:     779504 bytes,     779504 total
[2025-12-03T14:09:55.727+0000][7][gc,age      ] GC(5) - age   2:    3178232 bytes,    3957736 total
[2025-12-03T14:09:55.727+0000][7][gc,age      ] GC(5) - age   3:    4758648 bytes,    8716384 total
[2025-12-03T14:09:55.727+0000][7][gc,age      ] GC(5) - age   4:    1212792 bytes,    9929176 total
[2025-12-03T14:09:55.727+0000][7][gc,age      ] GC(5) - age   5:    2015464 bytes,   11944640 total
[2025-12-03T14:09:55.727+0000][7][gc,phases   ] GC(5)   Pre Evacuate Collection Set: 0.0ms
[2025-12-03T14:09:55.727+0000][7][gc,phases   ] GC(5)   Merge Heap Roots: 0.1ms
[2025-12-03T14:09:55.727+0000][7][gc,phases   ] GC(5)   Evacuate Collection Set: 4.1ms
[2025-12-03T14:09:55.727+0000][7][gc,phases   ] GC(5)   Post Evacuate Collection Set: 0.4ms
[2025-12-03T14:09:55.727+0000][7][gc,phases   ] GC(5)   Other: 0.7ms
[2025-12-03T14:09:55.727+0000][7][gc,heap     ] GC(5) Eden regions: 73->0(72)
[2025-12-03T14:09:55.727+0000][7][gc,heap     ] GC(5) Survivor regions: 3->4(10)
[2025-12-03T14:09:55.727+0000][7][gc,heap     ] GC(5) Old regions: 2->2
[2025-12-03T14:09:55.727+0000][7][gc,heap     ] GC(5) Archive regions: 2->2
[2025-12-03T14:09:55.727+0000][7][gc,heap     ] GC(5) Humongous regions: 0->0
[2025-12-03T14:09:55.727+0000][7][gc,metaspace] GC(5) Metaspace: 19980K(20352K)->19980K(20352K) NonClass: 17557K(17792K)->17557K(17792K) Class: 2422K(2560K)->2422K(2560K)
[2025-12-03T14:09:55.727+0000][7][gc          ] GC(5) Pause Young (Normal) (G1 Evacuation Pause) 312M->20M(512M) 5.502ms
[2025-12-03T14:09:55.727+0000][7][gc,cpu      ] GC(5) User=0.02s Sys=0.00s Real=0.00s
[2025-12-03T14:09:55.727+0000][7][safepoint   ] Safepoint "G1CollectForAllocation", Time since last: 220823458 ns, Reaching safepoint: 186667 ns, At safepoint: 5589375 ns, Total: 5776042 ns
[2025-12-03T14:09:55.986+0000][7][gc,start    ] GC(6) Pause Young (Concurrent Start) (Metadata GC Threshold)
[2025-12-03T14:09:55.988+0000][7][gc,task     ] GC(6) Using 8 workers of 8 for evacuation
[2025-12-03T14:09:55.988+0000][7][gc,age      ] GC(6) Desired survivor size 20971520 bytes, new threshold 15 (max threshold 15)
[2025-12-03T14:09:55.994+0000][7][gc,age      ] GC(6) Age table with threshold 15 (max threshold 15)
[2025-12-03T14:09:55.994+0000][7][gc,age      ] GC(6) - age   1:    1900584 bytes,    1900584 total
[2025-12-03T14:09:55.994+0000][7][gc,age      ] GC(6) - age   2:     751048 bytes,    2651632 total
[2025-12-03T14:09:55.994+0000][7][gc,age      ] GC(6) - age   3:    3176424 bytes,    5828056 total
[2025-12-03T14:09:55.994+0000][7][gc,age      ] GC(6) - age   4:    4758184 bytes,   10586240 total
[2025-12-03T14:09:55.994+0000][7][gc,age      ] GC(6) - age   5:    1212200 bytes,   11798440 total
[2025-12-03T14:09:55.995+0000][7][gc,age      ] GC(6) - age   6:    2015144 bytes,   13813584 total
[2025-12-03T14:09:55.995+0000][7][gc,phases   ] GC(6)   Pre Evacuate Collection Set: 0.2ms
[2025-12-03T14:09:55.995+0000][7][gc,phases   ] GC(6)   Merge Heap Roots: 0.0ms
[2025-12-03T14:09:55.995+0000][7][gc,phases   ] GC(6)   Evacuate Collection Set: 4.4ms
[2025-12-03T14:09:55.995+0000][7][gc,phases   ] GC(6)   Post Evacuate Collection Set: 0.9ms
[2025-12-03T14:09:55.995+0000][7][gc,phases   ] GC(6)   Other: 3.3ms
[2025-12-03T14:09:55.995+0000][7][gc,heap     ] GC(6) Eden regions: 66->0(72)
[2025-12-03T14:09:55.995+0000][7][gc,heap     ] GC(6) Survivor regions: 4->4(10)
[2025-12-03T14:09:55.995+0000][7][gc,heap     ] GC(6) Old regions: 2->2
[2025-12-03T14:09:55.996+0000][7][gc,heap     ] GC(6) Archive regions: 2->2
[2025-12-03T14:09:55.996+0000][7][gc,heap     ] GC(6) Humongous regions: 0->0
[2025-12-03T14:09:55.996+0000][7][gc,metaspace] GC(6) Metaspace: 20878K(21248K)->20878K(21248K) NonClass: 18327K(18560K)->18327K(18560K) Class: 2551K(2688K)->2551K(2688K)
[2025-12-03T14:09:55.996+0000][7][gc          ] GC(6) Pause Young (Concurrent Start) (Metadata GC Threshold) 284M->21M(512M) 10.496ms
[2025-12-03T14:09:55.996+0000][7][gc,cpu      ] GC(6) User=0.01s Sys=0.01s Real=0.01s
[2025-12-03T14:09:55.997+0000][7][gc          ] GC(7) Concurrent Mark Cycle
[2025-12-03T14:09:55.997+0000][7][gc,marking  ] GC(7) Concurrent Clear Claimed Marks
[2025-12-03T14:09:55.997+0000][7][gc,marking  ] GC(7) Concurrent Clear Claimed Marks 0.180ms
[2025-12-03T14:09:55.997+0000][7][gc,marking  ] GC(7) Concurrent Scan Root Regions
[2025-12-03T14:09:55.997+0000][7][safepoint   ] Safepoint "CollectForMetadataAllocation", Time since last: 256464500 ns, Reaching safepoint: 1999750 ns, At safepoint: 11466000 ns, Total: 13465750 ns
[2025-12-03T14:09:56.002+0000][7][gc,marking  ] GC(7) Concurrent Scan Root Regions 4.602ms
[2025-12-03T14:09:56.002+0000][7][gc,marking  ] GC(7) Concurrent Mark
[2025-12-03T14:09:56.002+0000][7][gc,marking  ] GC(7) Concurrent Mark From Roots
[2025-12-03T14:09:56.003+0000][7][gc,task     ] GC(7) Using 2 workers of 2 for marking
[2025-12-03T14:09:56.006+0000][7][gc,marking  ] GC(7) Concurrent Mark From Roots 3.101ms
[2025-12-03T14:09:56.006+0000][7][gc,marking  ] GC(7) Concurrent Preclean
[2025-12-03T14:09:56.006+0000][7][gc,marking  ] GC(7) Concurrent Preclean 0.166ms
[2025-12-03T14:09:56.006+0000][7][gc,start    ] GC(7) Pause Remark
[2025-12-03T14:09:56.010+0000][7][gc          ] GC(7) Pause Remark 23M->23M(512M) 3.618ms
[2025-12-03T14:09:56.010+0000][7][gc,cpu      ] GC(7) User=0.00s Sys=0.00s Real=0.01s
[2025-12-03T14:09:56.010+0000][7][safepoint   ] Safepoint "G1Concurrent", Time since last: 9030042 ns, Reaching safepoint: 39625 ns, At safepoint: 3707625 ns, Total: 3747250 ns
[2025-12-03T14:09:56.010+0000][7][gc,marking  ] GC(7) Concurrent Mark 7.606ms
[2025-12-03T14:09:56.010+0000][7][gc,marking  ] GC(7) Concurrent Rebuild Remembered Sets
[2025-12-03T14:09:56.012+0000][7][gc,marking  ] GC(7) Concurrent Rebuild Remembered Sets 2.035ms
[2025-12-03T14:09:56.013+0000][7][gc,start    ] GC(7) Pause Cleanup
[2025-12-03T14:09:56.013+0000][7][gc          ] GC(7) Pause Cleanup 23M->23M(512M) 0.096ms
[2025-12-03T14:09:56.013+0000][7][gc,cpu      ] GC(7) User=0.00s Sys=0.00s Real=0.00s
[2025-12-03T14:09:56.013+0000][7][safepoint   ] Safepoint "G1Concurrent", Time since last: 2251167 ns, Reaching safepoint: 622208 ns, At safepoint: 264708 ns, Total: 886916 ns
[2025-12-03T14:09:56.013+0000][7][gc,marking  ] GC(7) Concurrent Cleanup for Next Mark
[2025-12-03T14:09:56.014+0000][7][gc,marking  ] GC(7) Concurrent Cleanup for Next Mark 0.826ms
[2025-12-03T14:09:56.014+0000][7][gc          ] GC(7) Concurrent Mark Cycle 17.283ms
[2025-12-03T14:09:56.379+0000][7][gc,start    ] GC(8) Pause Young (Normal) (G1 Evacuation Pause)
[2025-12-03T14:09:56.380+0000][7][gc,task     ] GC(8) Using 8 workers of 8 for evacuation
[2025-12-03T14:09:56.380+0000][7][gc,age      ] GC(8) Desired survivor size 20971520 bytes, new threshold 15 (max threshold 15)
[2025-12-03T14:09:56.388+0000][7][gc,age      ] GC(8) Age table with threshold 15 (max threshold 15)
[2025-12-03T14:09:56.388+0000][7][gc,age      ] GC(8) - age   1:    1459944 bytes,    1459944 total
[2025-12-03T14:09:56.388+0000][7][gc,age      ] GC(8) - age   2:    1868208 bytes,    3328152 total
[2025-12-03T14:09:56.388+0000][7][gc,age      ] GC(8) - age   3:     750504 bytes,    4078656 total
[2025-12-03T14:09:56.389+0000][7][gc,age      ] GC(8) - age   4:    3176296 bytes,    7254952 total
[2025-12-03T14:09:56.389+0000][7][gc,age      ] GC(8) - age   5:    4757704 bytes,   12012656 total
[2025-12-03T14:09:56.389+0000][7][gc,age      ] GC(8) - age   6:    1211672 bytes,   13224328 total
[2025-12-03T14:09:56.389+0000][7][gc,age      ] GC(8) - age   7:    2013064 bytes,   15237392 total
[2025-12-03T14:09:56.389+0000][7][gc,phases   ] GC(8)   Pre Evacuate Collection Set: 0.2ms
[2025-12-03T14:09:56.389+0000][7][gc,phases   ] GC(8)   Merge Heap Roots: 0.1ms
[2025-12-03T14:09:56.389+0000][7][gc,phases   ] GC(8)   Evacuate Collection Set: 6.9ms
[2025-12-03T14:09:56.389+0000][7][gc,phases   ] GC(8)   Post Evacuate Collection Set: 1.3ms
[2025-12-03T14:09:56.389+0000][7][gc,phases   ] GC(8)   Other: 1.0ms
[2025-12-03T14:09:56.389+0000][7][gc,heap     ] GC(8) Eden regions: 72->0(72)
[2025-12-03T14:09:56.389+0000][7][gc,heap     ] GC(8) Survivor regions: 4->4(10)
[2025-12-03T14:09:56.389+0000][7][gc,heap     ] GC(8) Old regions: 2->2
[2025-12-03T14:09:56.389+0000][7][gc,heap     ] GC(8) Archive regions: 2->2
[2025-12-03T14:09:56.390+0000][7][gc,heap     ] GC(8) Humongous regions: 0->0
[2025-12-03T14:09:56.390+0000][7][gc,metaspace] GC(8) Metaspace: 21410K(21824K)->21410K(21824K) NonClass: 18789K(19072K)->18789K(19072K) Class: 2620K(2752K)->2620K(2752K)
[2025-12-03T14:09:56.390+0000][7][gc          ] GC(8) Pause Young (Normal) (G1 Evacuation Pause) 309M->23M(512M) 10.300ms
[2025-12-03T14:09:56.390+0000][7][gc,cpu      ] GC(8) User=0.02s Sys=0.00s Real=0.01s
[2025-12-03T14:09:56.390+0000][7][safepoint   ] Safepoint "G1CollectForAllocation", Time since last: 366209459 ns, Reaching safepoint: 86000 ns, At safepoint: 10566708 ns, Total: 10652708 ns
[2025-12-03T14:09:56.713+0000][7][safepoint   ] Safepoint "ICBufferFull", Time since last: 321927417 ns, Reaching safepoint: 1039250 ns, At safepoint: 7833 ns, Total: 1047083 ns
[2025-12-03T14:09:57.042+0000][7][safepoint   ] Safepoint "ICBufferFull", Time since last: 329207625 ns, Reaching safepoint: 231959 ns, At safepoint: 5708 ns, Total: 237667 ns
[2025-12-03T14:09:57.247+0000][7][gc,start    ] GC(9) Pause Young (Normal) (G1 Evacuation Pause)
[2025-12-03T14:09:57.247+0000][7][gc,task     ] GC(9) Using 8 workers of 8 for evacuation
[2025-12-03T14:09:57.248+0000][7][gc,age      ] GC(9) Desired survivor size 20971520 bytes, new threshold 15 (max threshold 15)
[2025-12-03T14:09:57.280+0000][7][gc,age      ] GC(9) Age table with threshold 15 (max threshold 15)
[2025-12-03T14:09:57.280+0000][7][gc,age      ] GC(9) - age   1:    7376144 bytes,    7376144 total
[2025-12-03T14:09:57.280+0000][7][gc,age      ] GC(9) - age   2:     996488 bytes,    8372632 total
[2025-12-03T14:09:57.280+0000][7][gc,age      ] GC(9) - age   3:    1841056 bytes,   10213688 total
[2025-12-03T14:09:57.280+0000][7][gc,age      ] GC(9) - age   4:     738368 bytes,   10952056 total
[2025-12-03T14:09:57.280+0000][7][gc,age      ] GC(9) - age   5:    3156856 bytes,   14108912 total
[2025-12-03T14:09:57.281+0000][7][gc,age      ] GC(9) - age   6:    4688240 bytes,   18797152 total
[2025-12-03T14:09:57.281+0000][7][gc,age      ] GC(9) - age   7:    1173992 bytes,   19971144 total
[2025-12-03T14:09:57.281+0000][7][gc,age      ] GC(9) - age   8:    2004760 bytes,   21975904 total
[2025-12-03T14:09:57.281+0000][7][gc,phases   ] GC(9)   Pre Evacuate Collection Set: 0.1ms
[2025-12-03T14:09:57.283+0000][7][gc,phases   ] GC(9)   Merge Heap Roots: 0.1ms
[2025-12-03T14:09:57.285+0000][7][gc,phases   ] GC(9)   Evacuate Collection Set: 26.4ms
[2025-12-03T14:09:57.285+0000][7][gc,phases   ] GC(9)   Post Evacuate Collection Set: 5.4ms
[2025-12-03T14:09:57.285+0000][7][gc,phases   ] GC(9)   Other: 1.6ms
[2025-12-03T14:09:57.285+0000][7][gc,heap     ] GC(9) Eden regions: 72->0(70)
[2025-12-03T14:09:57.286+0000][7][gc,heap     ] GC(9) Survivor regions: 4->6(10)
[2025-12-03T14:09:57.286+0000][7][gc,heap     ] GC(9) Old regions: 2->2
[2025-12-03T14:09:57.286+0000][7][gc,heap     ] GC(9) Archive regions: 2->2
[2025-12-03T14:09:57.286+0000][7][gc,heap     ] GC(9) Humongous regions: 0->0
[2025-12-03T14:09:57.286+0000][7][gc,metaspace] GC(9) Metaspace: 29686K(30528K)->29686K(30528K) NonClass: 25954K(26432K)->25954K(26432K) Class: 3732K(4096K)->3732K(4096K)
[2025-12-03T14:09:57.287+0000][7][gc          ] GC(9) Pause Young (Normal) (G1 Evacuation Pause) 311M->30M(512M) 39.314ms
[2025-12-03T14:09:57.287+0000][7][gc,cpu      ] GC(9) User=0.08s Sys=0.01s Real=0.04s
[2025-12-03T14:09:57.289+0000][7][safepoint   ] Safepoint "G1CollectForAllocation", Time since last: 204614875 ns, Reaching safepoint: 204042 ns, At safepoint: 41715375 ns, Total: 41919417 ns
[2025-12-03T14:09:57.650+0000][7][safepoint   ] Safepoint "ICBufferFull", Time since last: 358572542 ns, Reaching safepoint: 2495875 ns, At safepoint: 18958 ns, Total: 2514833 ns
[2025-12-03T14:09:57.975+0000][7][safepoint   ] Safepoint "ICBufferFull", Time since last: 323700584 ns, Reaching safepoint: 1177458 ns, At safepoint: 7458 ns, Total: 1184916 ns
[2025-12-03T14:09:58.536+0000][7][safepoint   ] Safepoint "ICBufferFull", Time since last: 558949792 ns, Reaching safepoint: 1749833 ns, At safepoint: 6500 ns, Total: 1756333 ns
[2025-12-03T14:09:58.770+0000][7][gc,start    ] GC(10) Pause Young (Concurrent Start) (Metadata GC Threshold)
[2025-12-03T14:09:58.770+0000][7][gc,task     ] GC(10) Using 8 workers of 8 for evacuation
[2025-12-03T14:09:58.770+0000][7][gc,age      ] GC(10) Desired survivor size 20971520 bytes, new threshold 8 (max threshold 15)
[2025-12-03T14:09:58.813+0000][7][gc,age      ] GC(10) Age table with threshold 8 (max threshold 15)
[2025-12-03T14:09:58.813+0000][7][gc,age      ] GC(10) - age   1:   23102400 bytes,   23102400 total
[2025-12-03T14:09:58.813+0000][7][gc,age      ] GC(10) - age   2:    6192752 bytes,   29295152 total
[2025-12-03T14:09:58.813+0000][7][gc,age      ] GC(10) - age   3:     996304 bytes,   30291456 total
[2025-12-03T14:09:58.813+0000][7][gc,age      ] GC(10) - age   4:    1840432 bytes,   32131888 total
[2025-12-03T14:09:58.813+0000][7][gc,age      ] GC(10) - age   5:     727248 bytes,   32859136 total
[2025-12-03T14:09:58.813+0000][7][gc,age      ] GC(10) - age   6:    3153632 bytes,   36012768 total
[2025-12-03T14:09:58.813+0000][7][gc,age      ] GC(10) - age   7:    4683784 bytes,   40696552 total
[2025-12-03T14:09:58.813+0000][7][gc,age      ] GC(10) - age   8:    1173704 bytes,   41870256 total
[2025-12-03T14:09:58.814+0000][7][gc,phases   ] GC(10)   Pre Evacuate Collection Set: 0.3ms
[2025-12-03T14:09:58.814+0000][7][gc,phases   ] GC(10)   Merge Heap Roots: 0.1ms
[2025-12-03T14:09:58.814+0000][7][gc,phases   ] GC(10)   Evacuate Collection Set: 40.1ms
[2025-12-03T14:09:58.814+0000][7][gc,phases   ] GC(10)   Post Evacuate Collection Set: 1.9ms
[2025-12-03T14:09:58.814+0000][7][gc,phases   ] GC(10)   Other: 1.2ms
[2025-12-03T14:09:58.814+0000][7][gc,heap     ] GC(10) Eden regions: 63->0(66)
[2025-12-03T14:09:58.814+0000][7][gc,heap     ] GC(10) Survivor regions: 6->10(10)
[2025-12-03T14:09:58.814+0000][7][gc,heap     ] GC(10) Old regions: 2->5
[2025-12-03T14:09:58.814+0000][7][gc,heap     ] GC(10) Archive regions: 2->2
[2025-12-03T14:09:58.814+0000][7][gc,heap     ] GC(10) Humongous regions: 0->0
[2025-12-03T14:09:58.814+0000][7][gc,metaspace] GC(10) Metaspace: 34579K(35520K)->34579K(35520K) NonClass: 30108K(30656K)->30108K(30656K) Class: 4470K(4864K)->4470K(4864K)
[2025-12-03T14:09:58.814+0000][7][gc          ] GC(10) Pause Young (Concurrent Start) (Metadata GC Threshold) 282M->61M(512M) 44.167ms
[2025-12-03T14:09:58.814+0000][7][gc,cpu      ] GC(10) User=0.13s Sys=0.00s Real=0.04s
[2025-12-03T14:09:58.815+0000][7][safepoint   ] Safepoint "CollectForMetadataAllocation", Time since last: 234416167 ns, Reaching safepoint: 126917 ns, At safepoint: 44398667 ns, Total: 44525584 ns
[2025-12-03T14:09:58.815+0000][7][gc          ] GC(11) Concurrent Mark Cycle
[2025-12-03T14:09:58.815+0000][7][gc,marking  ] GC(11) Concurrent Clear Claimed Marks
[2025-12-03T14:09:58.815+0000][7][gc,marking  ] GC(11) Concurrent Clear Claimed Marks 0.122ms
[2025-12-03T14:09:58.815+0000][7][gc,marking  ] GC(11) Concurrent Scan Root Regions
[2025-12-03T14:09:58.832+0000][7][gc,marking  ] GC(11) Concurrent Scan Root Regions 16.888ms
[2025-12-03T14:09:58.832+0000][7][gc,marking  ] GC(11) Concurrent Mark
[2025-12-03T14:09:58.832+0000][7][gc,marking  ] GC(11) Concurrent Mark From Roots
[2025-12-03T14:09:58.832+0000][7][gc,task     ] GC(11) Using 2 workers of 2 for marking
[2025-12-03T14:09:58.836+0000][7][gc,marking  ] GC(11) Concurrent Mark From Roots 4.087ms
[2025-12-03T14:09:58.837+0000][7][gc,marking  ] GC(11) Concurrent Preclean
[2025-12-03T14:09:58.837+0000][7][gc,marking  ] GC(11) Concurrent Preclean 0.226ms
[2025-12-03T14:09:58.841+0000][7][gc,start    ] GC(11) Pause Remark
[2025-12-03T14:09:58.847+0000][7][gc          ] GC(11) Pause Remark 63M->63M(512M) 6.326ms
[2025-12-03T14:09:58.847+0000][7][gc,cpu      ] GC(11) User=0.00s Sys=0.00s Real=0.00s
[2025-12-03T14:09:58.847+0000][7][safepoint   ] Safepoint "G1Concurrent", Time since last: 23101166 ns, Reaching safepoint: 3163584 ns, At safepoint: 6507916 ns, Total: 9671500 ns
[2025-12-03T14:09:58.852+0000][7][gc,marking  ] GC(11) Concurrent Mark 19.759ms
[2025-12-03T14:09:58.852+0000][7][gc,marking  ] GC(11) Concurrent Rebuild Remembered Sets
[2025-12-03T14:09:58.887+0000][7][gc,marking  ] GC(11) Concurrent Rebuild Remembered Sets 35.091ms
[2025-12-03T14:09:58.911+0000][7][gc,start    ] GC(11) Pause Cleanup
[2025-12-03T14:09:58.911+0000][7][gc          ] GC(11) Pause Cleanup 65M->65M(512M) 0.183ms
[2025-12-03T14:09:58.911+0000][7][gc,cpu      ] GC(11) User=0.00s Sys=0.00s Real=0.00s
[2025-12-03T14:09:58.929+0000][7][safepoint   ] Safepoint "G1Concurrent", Time since last: 42769625 ns, Reaching safepoint: 20589625 ns, At safepoint: 18242375 ns, Total: 38832000 ns
[2025-12-03T14:09:58.930+0000][7][gc,marking  ] GC(11) Concurrent Cleanup for Next Mark
[2025-12-03T14:09:58.952+0000][7][gc,marking  ] GC(11) Concurrent Cleanup for Next Mark 22.419ms
[2025-12-03T14:09:58.953+0000][7][gc          ] GC(11) Concurrent Mark Cycle 138.634ms
[2025-12-03T14:09:59.086+0000][7][safepoint   ] Safepoint "ICBufferFull", Time since last: 156789917 ns, Reaching safepoint: 131833 ns, At safepoint: 12834 ns, Total: 144667 ns
[2025-12-03T14:09:59.749+0000][7][safepoint   ] Safepoint "ICBufferFull", Time since last: 662775625 ns, Reaching safepoint: 112333 ns, At safepoint: 6375 ns, Total: 118708 ns
[2025-12-03T14:09:59.975+0000][7][safepoint   ] Safepoint "ICBufferFull", Time since last: 226258792 ns, Reaching safepoint: 113458 ns, At safepoint: 6334 ns, Total: 119792 ns
[2025-12-03T14:09:59.990+0000][7][safepoint   ] Safepoint "ICBufferFull", Time since last: 14577041 ns, Reaching safepoint: 524459 ns, At safepoint: 20166 ns, Total: 544625 ns
[2025-12-03T14:10:00.094+0000][7][gc,start    ] GC(12) Pause Young (Normal) (G1 Evacuation Pause)
[2025-12-03T14:10:00.094+0000][7][gc,task     ] GC(12) Using 8 workers of 8 for evacuation
[2025-12-03T14:10:00.094+0000][7][gc,age      ] GC(12) Desired survivor size 20971520 bytes, new threshold 1 (max threshold 15)
[2025-12-03T14:10:00.164+0000][7][gc,age      ] GC(12) Age table with threshold 1 (max threshold 15)
[2025-12-03T14:10:00.164+0000][7][gc,age      ] GC(12) - age   1:    6433312 bytes,    6433312 total
[2025-12-03T14:10:00.164+0000][7][gc,phases   ] GC(12)   Pre Evacuate Collection Set: 0.1ms
[2025-12-03T14:10:00.164+0000][7][gc,phases   ] GC(12)   Merge Heap Roots: 1.5ms
[2025-12-03T14:10:00.164+0000][7][gc,phases   ] GC(12)   Evacuate Collection Set: 64.8ms
[2025-12-03T14:10:00.164+0000][7][gc,phases   ] GC(12)   Post Evacuate Collection Set: 3.0ms
[2025-12-03T14:10:00.165+0000][7][gc,phases   ] GC(12)   Other: 0.9ms
[2025-12-03T14:10:00.165+0000][7][gc,heap     ] GC(12) Eden regions: 66->0(73)
[2025-12-03T14:10:00.165+0000][7][gc,heap     ] GC(12) Survivor regions: 10->3(10)
[2025-12-03T14:10:00.165+0000][7][gc,heap     ] GC(12) Old regions: 5->15
[2025-12-03T14:10:00.165+0000][7][gc,heap     ] GC(12) Archive regions: 2->2
[2025-12-03T14:10:00.165+0000][7][gc,heap     ] GC(12) Humongous regions: 0->0
[2025-12-03T14:10:00.165+0000][7][gc,metaspace] GC(12) Metaspace: 52196K(53248K)->52196K(53248K) NonClass: 45291K(45952K)->45291K(45952K) Class: 6904K(7296K)->6904K(7296K)
[2025-12-03T14:10:00.165+0000][7][gc          ] GC(12) Pause Young (Normal) (G1 Evacuation Pause) 325M->71M(512M) 71.052ms
[2025-12-03T14:10:00.165+0000][7][gc,cpu      ] GC(12) User=0.18s Sys=0.00s Real=0.07s
[2025-12-03T14:10:00.167+0000][7][safepoint   ] Safepoint "G1CollectForAllocation", Time since last: 102810709 ns, Reaching safepoint: 810875 ns, At safepoint: 72879125 ns, Total: 73690000 ns
[2025-12-03T14:10:00.582+0000][7][safepoint   ] Safepoint "ICBufferFull", Time since last: 414798250 ns, Reaching safepoint: 790625 ns, At safepoint: 5875 ns, Total: 796500 ns
[2025-12-03T14:10:00.724+0000][7][gc,start    ] GC(13) Pause Young (Concurrent Start) (Metadata GC Threshold)
[2025-12-03T14:10:00.724+0000][7][gc,task     ] GC(13) Using 8 workers of 8 for evacuation
[2025-12-03T14:10:00.725+0000][7][gc,age      ] GC(13) Desired survivor size 20971520 bytes, new threshold 15 (max threshold 15)
[2025-12-03T14:10:00.732+0000][7][gc,age      ] GC(13) Age table with threshold 15 (max threshold 15)
[2025-12-03T14:10:00.732+0000][7][gc,age      ] GC(13) - age   1:    3743744 bytes,    3743744 total
[2025-12-03T14:10:00.732+0000][7][gc,age      ] GC(13) - age   2:    6273824 bytes,   10017568 total
[2025-12-03T14:10:00.732+0000][7][gc,phases   ] GC(13)   Pre Evacuate Collection Set: 0.1ms
[2025-12-03T14:10:00.732+0000][7][gc,phases   ] GC(13)   Merge Heap Roots: 0.1ms
[2025-12-03T14:10:00.734+0000][7][gc,phases   ] GC(13)   Evacuate Collection Set: 6.0ms
[2025-12-03T14:10:00.734+0000][7][gc,phases   ] GC(13)   Post Evacuate Collection Set: 0.7ms
[2025-12-03T14:10:00.734+0000][7][gc,phases   ] GC(13)   Other: 0.8ms
[2025-12-03T14:10:00.734+0000][7][gc,heap     ] GC(13) Eden regions: 28->0(73)
[2025-12-03T14:10:00.734+0000][7][gc,heap     ] GC(13) Survivor regions: 3->3(10)
[2025-12-03T14:10:00.735+0000][7][gc,heap     ] GC(13) Old regions: 15->15
[2025-12-03T14:10:00.735+0000][7][gc,heap     ] GC(13) Archive regions: 2->2
[2025-12-03T14:10:00.735+0000][7][gc,heap     ] GC(13) Humongous regions: 0->0
[2025-12-03T14:10:00.735+0000][7][gc,metaspace] GC(13) Metaspace: 58449K(59520K)->58449K(59520K) NonClass: 50682K(51328K)->50682K(51328K) Class: 7766K(8192K)->7766K(8192K)
[2025-12-03T14:10:00.735+0000][7][gc          ] GC(13) Pause Young (Concurrent Start) (Metadata GC Threshold) 181M->73M(512M) 10.970ms
[2025-12-03T14:10:00.735+0000][7][gc,cpu      ] GC(13) User=0.04s Sys=0.00s Real=0.01s
[2025-12-03T14:10:00.735+0000][7][gc          ] GC(14) Concurrent Mark Cycle
[2025-12-03T14:10:00.736+0000][7][gc,marking  ] GC(14) Concurrent Clear Claimed Marks
[2025-12-03T14:10:00.735+0000][7][safepoint   ] Safepoint "CollectForMetadataAllocation", Time since last: 141567167 ns, Reaching safepoint: 198958 ns, At safepoint: 11338667 ns, Total: 11537625 ns
[2025-12-03T14:10:00.736+0000][7][gc,marking  ] GC(14) Concurrent Clear Claimed Marks 0.237ms
[2025-12-03T14:10:00.737+0000][7][gc,marking  ] GC(14) Concurrent Scan Root Regions
[2025-12-03T14:10:00.741+0000][7][gc,marking  ] GC(14) Concurrent Scan Root Regions 3.623ms
[2025-12-03T14:10:00.741+0000][7][gc,marking  ] GC(14) Concurrent Mark
[2025-12-03T14:10:00.741+0000][7][gc,marking  ] GC(14) Concurrent Mark From Roots
[2025-12-03T14:10:00.741+0000][7][gc,task     ] GC(14) Using 2 workers of 2 for marking
[2025-12-03T14:10:00.767+0000][7][safepoint   ] Safepoint "CollectForMetadataAllocation", Time since last: 30967375 ns, Reaching safepoint: 153208 ns, At safepoint: 69542 ns, Total: 222750 ns
[2025-12-03T14:10:00.772+0000][7][gc,marking  ] GC(14) Concurrent Mark From Roots 30.734ms
[2025-12-03T14:10:00.772+0000][7][gc,marking  ] GC(14) Concurrent Preclean
[2025-12-03T14:10:00.772+0000][7][gc,marking  ] GC(14) Concurrent Preclean 0.229ms
[2025-12-03T14:10:00.772+0000][7][gc,start    ] GC(14) Pause Remark
[2025-12-03T14:10:00.775+0000][7][gc          ] GC(14) Pause Remark 75M->75M(512M) 3.131ms
[2025-12-03T14:10:00.777+0000][7][gc,cpu      ] GC(14) User=0.00s Sys=0.00s Real=0.00s
[2025-12-03T14:10:00.777+0000][7][safepoint   ] Safepoint "G1Concurrent", Time since last: 5538667 ns, Reaching safepoint: 46333 ns, At safepoint: 4651792 ns, Total: 4698125 ns
[2025-12-03T14:10:00.777+0000][7][gc,marking  ] GC(14) Concurrent Mark 36.049ms
[2025-12-03T14:10:00.777+0000][7][gc,marking  ] GC(14) Concurrent Rebuild Remembered Sets
[2025-12-03T14:10:00.800+0000][7][gc,marking  ] GC(14) Concurrent Rebuild Remembered Sets 22.778ms
[2025-12-03T14:10:00.801+0000][7][gc,start    ] GC(14) Pause Cleanup
[2025-12-03T14:10:00.801+0000][7][gc          ] GC(14) Pause Cleanup 77M->77M(512M) 0.142ms
[2025-12-03T14:10:00.801+0000][7][gc,cpu      ] GC(14) User=0.00s Sys=0.00s Real=0.00s
[2025-12-03T14:10:00.804+0000][7][safepoint   ] Safepoint "G1Concurrent", Time since last: 23106750 ns, Reaching safepoint: 940041 ns, At safepoint: 2842084 ns, Total: 3782125 ns
[2025-12-03T14:10:00.804+0000][7][gc,marking  ] GC(14) Concurrent Cleanup for Next Mark
[2025-12-03T14:10:00.805+0000][7][gc,marking  ] GC(14) Concurrent Cleanup for Next Mark 1.115ms
[2025-12-03T14:10:00.805+0000][7][gc          ] GC(14) Concurrent Mark Cycle 69.905ms
[2025-12-03T14:10:01.124+0000][7][safepoint   ] Safepoint "ICBufferFull", Time since last: 319747666 ns, Reaching safepoint: 392959 ns, At safepoint: 22583 ns, Total: 415542 ns
[2025-12-03T14:10:01.502+0000][7][safepoint   ] Safepoint "ICBufferFull", Time since last: 377624209 ns, Reaching safepoint: 258791 ns, At safepoint: 9084 ns, Total: 267875 ns
[2025-12-03T14:10:01.849+0000][7][safepoint   ] Safepoint "ICBufferFull", Time since last: 347479875 ns, Reaching safepoint: 95333 ns, At safepoint: 1792 ns, Total: 97125 ns
[2025-12-03T14:10:02.038+0000][7][safepoint   ] Safepoint "ICBufferFull", Time since last: 188435833 ns, Reaching safepoint: 309125 ns, At safepoint: 3917 ns, Total: 313042 ns
[2025-12-03T14:10:02.167+0000][7][safepoint   ] Safepoint "ICBufferFull", Time since last: 128587208 ns, Reaching safepoint: 129000 ns, At safepoint: 7334 ns, Total: 136334 ns
[2025-12-03T14:10:02.272+0000][7][safepoint   ] Safepoint "ICBufferFull", Time since last: 104695208 ns, Reaching safepoint: 351208 ns, At safepoint: 15334 ns, Total: 366542 ns
[2025-12-03T14:10:02.379+0000][7][safepoint   ] Safepoint "ICBufferFull", Time since last: 106633083 ns, Reaching safepoint: 279125 ns, At safepoint: 13208 ns, Total: 292333 ns
[2025-12-03T14:10:02.462+0000][7][safepoint   ] Safepoint "ICBufferFull", Time since last: 82938834 ns, Reaching safepoint: 138416 ns, At safepoint: 12292 ns, Total: 150708 ns
[2025-12-03T14:10:02.536+0000][7][safepoint   ] Safepoint "ICBufferFull", Time since last: 74235667 ns, Reaching safepoint: 109208 ns, At safepoint: 10292 ns, Total: 119500 ns
[2025-12-03T14:10:02.605+0000][7][safepoint   ] Safepoint "ICBufferFull", Time since last: 67636500 ns, Reaching safepoint: 1060625 ns, At safepoint: 15500 ns, Total: 1076125 ns
[2025-12-03T14:10:02.767+0000][7][safepoint   ] Safepoint "ICBufferFull", Time since last: 161058625 ns, Reaching safepoint: 959708 ns, At safepoint: 14667 ns, Total: 974375 ns
[2025-12-03T14:10:02.909+0000][7][safepoint   ] Safepoint "ICBufferFull", Time since last: 141732208 ns, Reaching safepoint: 330959 ns, At safepoint: 18375 ns, Total: 349334 ns
[2025-12-03T14:10:03.027+0000][7][safepoint   ] Safepoint "ICBufferFull", Time since last: 117334708 ns, Reaching safepoint: 388042 ns, At safepoint: 11250 ns, Total: 399292 ns
[2025-12-03T14:10:03.061+0000][7][gc,start    ] GC(15) Pause Young (Concurrent Start) (G1 Evacuation Pause)
[2025-12-03T14:10:03.062+0000][7][gc,task     ] GC(15) Using 8 workers of 8 for evacuation
[2025-12-03T14:10:03.071+0000][7][gc,age      ] GC(15) Desired survivor size 20971520 bytes, new threshold 15 (max threshold 15)
[2025-12-03T14:10:03.094+0000][7][gc,age      ] GC(15) Age table with threshold 15 (max threshold 15)
[2025-12-03T14:10:03.094+0000][7][gc,age      ] GC(15) - age   1:   13639216 bytes,   13639216 total
[2025-12-03T14:10:03.094+0000][7][gc,age      ] GC(15) - age   2:    3649624 bytes,   17288840 total
[2025-12-03T14:10:03.094+0000][7][gc,age      ] GC(15) - age   3:    6191936 bytes,   23480776 total
[2025-12-03T14:10:03.094+0000][7][gc,phases   ] GC(15)   Pre Evacuate Collection Set: 7.7ms
[2025-12-03T14:10:03.094+0000][7][gc,phases   ] GC(15)   Merge Heap Roots: 2.2ms
[2025-12-03T14:10:03.094+0000][7][gc,phases   ] GC(15)   Evacuate Collection Set: 17.3ms
[2025-12-03T14:10:03.094+0000][7][gc,phases   ] GC(15)   Post Evacuate Collection Set: 1.6ms
[2025-12-03T14:10:03.094+0000][7][gc,phases   ] GC(15)   Other: 4.3ms
[2025-12-03T14:10:03.094+0000][7][gc,heap     ] GC(15) Eden regions: 73->0(70)
[2025-12-03T14:10:03.094+0000][7][gc,heap     ] GC(15) Survivor regions: 3->6(10)
[2025-12-03T14:10:03.094+0000][7][gc,heap     ] GC(15) Old regions: 15->15
[2025-12-03T14:10:03.094+0000][7][gc,heap     ] GC(15) Archive regions: 2->2
[2025-12-03T14:10:03.095+0000][7][gc,heap     ] GC(15) Humongous regions: 2->2
[2025-12-03T14:10:03.095+0000][7][gc,metaspace] GC(15) Metaspace: 93197K(94656K)->93197K(94656K) NonClass: 80469K(81280K)->80469K(81280K) Class: 12727K(13376K)->12727K(13376K)
[2025-12-03T14:10:03.095+0000][7][gc          ] GC(15) Pause Young (Concurrent Start) (G1 Evacuation Pause) 372M->93M(512M) 33.626ms
[2025-12-03T14:10:03.095+0000][7][gc,cpu      ] GC(15) User=0.09s Sys=0.00s Real=0.03s
[2025-12-03T14:10:03.095+0000][7][safepoint   ] Safepoint "G1CollectForAllocation", Time since last: 33845833 ns, Reaching safepoint: 91875 ns, At safepoint: 34011667 ns, Total: 34103542 ns
[2025-12-03T14:10:03.095+0000][7][gc          ] GC(16) Concurrent Mark Cycle
[2025-12-03T14:10:03.095+0000][7][gc,marking  ] GC(16) Concurrent Clear Claimed Marks
[2025-12-03T14:10:03.095+0000][7][gc,marking  ] GC(16) Concurrent Clear Claimed Marks 0.304ms
[2025-12-03T14:10:03.096+0000][7][gc,marking  ] GC(16) Concurrent Scan Root Regions
[2025-12-03T14:10:03.106+0000][7][gc,marking  ] GC(16) Concurrent Scan Root Regions 9.874ms
[2025-12-03T14:10:03.106+0000][7][gc,marking  ] GC(16) Concurrent Mark
[2025-12-03T14:10:03.106+0000][7][gc,marking  ] GC(16) Concurrent Mark From Roots
[2025-12-03T14:10:03.107+0000][7][gc,task     ] GC(16) Using 2 workers of 2 for marking
[2025-12-03T14:10:03.144+0000][7][gc,marking  ] GC(16) Concurrent Mark From Roots 37.608ms
[2025-12-03T14:10:03.144+0000][7][gc,marking  ] GC(16) Concurrent Preclean
[2025-12-03T14:10:03.144+0000][7][gc,marking  ] GC(16) Concurrent Preclean 0.258ms
[2025-12-03T14:10:03.145+0000][7][gc,start    ] GC(16) Pause Remark
[2025-12-03T14:10:03.149+0000][7][gc          ] GC(16) Pause Remark 103M->103M(512M) 3.930ms
[2025-12-03T14:10:03.149+0000][7][gc,cpu      ] GC(16) User=0.01s Sys=0.00s Real=0.01s
[2025-12-03T14:10:03.149+0000][7][safepoint   ] Safepoint "G1Concurrent", Time since last: 49721583 ns, Reaching safepoint: 108292 ns, At safepoint: 4331958 ns, Total: 4440250 ns
[2025-12-03T14:10:03.149+0000][7][gc,marking  ] GC(16) Concurrent Mark 43.070ms
[2025-12-03T14:10:03.149+0000][7][gc,marking  ] GC(16) Concurrent Rebuild Remembered Sets
[2025-12-03T14:10:03.184+0000][7][gc,marking  ] GC(16) Concurrent Rebuild Remembered Sets 34.491ms
[2025-12-03T14:10:03.184+0000][7][gc,start    ] GC(16) Pause Cleanup
[2025-12-03T14:10:03.185+0000][7][gc          ] GC(16) Pause Cleanup 105M->105M(512M) 0.162ms
[2025-12-03T14:10:03.185+0000][7][gc,cpu      ] GC(16) User=0.00s Sys=0.00s Real=0.00s
[2025-12-03T14:10:03.185+0000][7][safepoint   ] Safepoint "G1Concurrent", Time since last: 35340625 ns, Reaching safepoint: 40792 ns, At safepoint: 318666 ns, Total: 359458 ns
[2025-12-03T14:10:03.185+0000][7][gc,marking  ] GC(16) Concurrent Cleanup for Next Mark
[2025-12-03T14:10:03.186+0000][7][gc,marking  ] GC(16) Concurrent Cleanup for Next Mark 0.806ms
[2025-12-03T14:10:03.186+0000][7][gc          ] GC(16) Concurrent Mark Cycle 90.963ms
[2025-12-03T14:10:03.425+0000][7][safepoint   ] Safepoint "ICBufferFull", Time since last: 239590750 ns, Reaching safepoint: 249042 ns, At safepoint: 6958 ns, Total: 256000 ns
[2025-12-03T14:10:03.539+0000][7][safepoint   ] Safepoint "ICBufferFull", Time since last: 114013959 ns, Reaching safepoint: 129792 ns, At safepoint: 5208 ns, Total: 135000 ns
[2025-12-03T14:10:03.686+0000][7][safepoint   ] Safepoint "ICBufferFull", Time since last: 147042292 ns, Reaching safepoint: 117041 ns, At safepoint: 2292 ns, Total: 119333 ns
[2025-12-03T14:10:03.836+0000][7][safepoint   ] Safepoint "ICBufferFull", Time since last: 150367000 ns, Reaching safepoint: 180625 ns, At safepoint: 3625 ns, Total: 184250 ns
[2025-12-03T14:10:03.916+0000][7][safepoint   ] Safepoint "ICBufferFull", Time since last: 78544083 ns, Reaching safepoint: 1093959 ns, At safepoint: 13500 ns, Total: 1107459 ns
[2025-12-03T14:10:03.971+0000][7][safepoint   ] Safepoint "ICBufferFull", Time since last: 54533416 ns, Reaching safepoint: 215084 ns, At safepoint: 2708 ns, Total: 217792 ns
[2025-12-03T14:10:04.183+0000][7][safepoint   ] Safepoint "ICBufferFull", Time since last: 211861625 ns, Reaching safepoint: 152458 ns, At safepoint: 13250 ns, Total: 165708 ns
[2025-12-03T14:10:04.350+0000][7][safepoint   ] Safepoint "ICBufferFull", Time since last: 167590042 ns, Reaching safepoint: 98084 ns, At safepoint: 2458 ns, Total: 100542 ns
[2025-12-03T14:10:04.645+0000][7][safepoint   ] Safepoint "ICBufferFull", Time since last: 293849208 ns, Reaching safepoint: 534917 ns, At safepoint: 6500 ns, Total: 541417 ns
[2025-12-03T14:10:04.777+0000][7][safepoint   ] Safepoint "ICBufferFull", Time since last: 131445333 ns, Reaching safepoint: 210834 ns, At safepoint: 15208 ns, Total: 226042 ns
[2025-12-03T14:10:05.767+0000][7][safepoint   ] Safepoint "ICBufferFull", Time since last: 980798001 ns, Reaching safepoint: 9459625 ns, At safepoint: 14291 ns, Total: 9473916 ns
[2025-12-03T14:10:05.936+0000][7][safepoint   ] Safepoint "ICBufferFull", Time since last: 166879584 ns, Reaching safepoint: 2126500 ns, At safepoint: 15750 ns, Total: 2142250 ns
[2025-12-03T14:10:06.027+0000][7][safepoint   ] Safepoint "ICBufferFull", Time since last: 90742166 ns, Reaching safepoint: 461584 ns, At safepoint: 16958 ns, Total: 478542 ns
[2025-12-03T14:10:06.088+0000][7][gc,start    ] GC(17) Pause Young (Normal) (G1 Evacuation Pause)
[2025-12-03T14:10:06.088+0000][7][gc,task     ] GC(17) Using 8 workers of 8 for evacuation
[2025-12-03T14:10:06.088+0000][7][gc,age      ] GC(17) Desired survivor size 20971520 bytes, new threshold 3 (max threshold 15)
[2025-12-03T14:10:06.127+0000][7][gc,age      ] GC(17) Age table with threshold 3 (max threshold 15)
[2025-12-03T14:10:06.128+0000][7][gc,age      ] GC(17) - age   1:   14128288 bytes,   14128288 total
[2025-12-03T14:10:06.128+0000][7][gc,age      ] GC(17) - age   2:   13127432 bytes,   27255720 total
[2025-12-03T14:10:06.128+0000][7][gc,age      ] GC(17) - age   3:    3643808 bytes,   30899528 total
[2025-12-03T14:10:06.128+0000][7][gc,phases   ] GC(17)   Pre Evacuate Collection Set: 0.1ms
[2025-12-03T14:10:06.128+0000][7][gc,phases   ] GC(17)   Merge Heap Roots: 0.1ms
[2025-12-03T14:10:06.128+0000][7][gc,phases   ] GC(17)   Evacuate Collection Set: 35.7ms
[2025-12-03T14:10:06.128+0000][7][gc,phases   ] GC(17)   Post Evacuate Collection Set: 3.3ms
[2025-12-03T14:10:06.128+0000][7][gc,phases   ] GC(17)   Other: 0.9ms
[2025-12-03T14:10:06.128+0000][7][gc,heap     ] GC(17) Eden regions: 70->0(68)
[2025-12-03T14:10:06.128+0000][7][gc,heap     ] GC(17) Survivor regions: 6->8(10)
[2025-12-03T14:10:06.129+0000][7][gc,heap     ] GC(17) Old regions: 15->16
[2025-12-03T14:10:06.129+0000][7][gc,heap     ] GC(17) Archive regions: 2->2
[2025-12-03T14:10:06.129+0000][7][gc,heap     ] GC(17) Humongous regions: 2->2
[2025-12-03T14:10:06.129+0000][7][gc,metaspace] GC(17) Metaspace: 99942K(101440K)->99942K(101440K) NonClass: 86300K(87168K)->86300K(87168K) Class: 13641K(14272K)->13641K(14272K)
[2025-12-03T14:10:06.129+0000][7][gc          ] GC(17) Pause Young (Normal) (G1 Evacuation Pause) 372M->106M(512M) 40.953ms
[2025-12-03T14:10:06.129+0000][7][gc,cpu      ] GC(17) User=0.19s Sys=0.00s Real=0.04s
[2025-12-03T14:10:06.131+0000][7][safepoint   ] Safepoint "G1CollectForAllocation", Time since last: 60360458 ns, Reaching safepoint: 435459 ns, At safepoint: 42986750 ns, Total: 43422209 ns
[2025-12-03T14:10:06.284+0000][7][safepoint   ] Safepoint "ICBufferFull", Time since last: 152187458 ns, Reaching safepoint: 828667 ns, At safepoint: 26875 ns, Total: 855542 ns
[2025-12-03T14:10:06.404+0000][7][safepoint   ] Safepoint "ICBufferFull", Time since last: 120053458 ns, Reaching safepoint: 293792 ns, At safepoint: 11042 ns, Total: 304834 ns
[2025-12-03T14:10:06.988+0000][7][safepoint   ] Safepoint "ICBufferFull", Time since last: 582904750 ns, Reaching safepoint: 891958 ns, At safepoint: 61750 ns, Total: 953708 ns
[2025-12-03T14:10:07.137+0000][7][safepoint   ] Safepoint "ICBufferFull", Time since last: 146684292 ns, Reaching safepoint: 2403042 ns, At safepoint: 13125 ns, Total: 2416167 ns
[2025-12-03T14:10:07.399+0000][7][safepoint   ] Safepoint "ICBufferFull", Time since last: 260583458 ns, Reaching safepoint: 1107500 ns, At safepoint: 9500 ns, Total: 1117000 ns
[2025-12-03T14:10:07.635+0000][7][safepoint   ] Safepoint "ICBufferFull", Time since last: 234842375 ns, Reaching safepoint: 960250 ns, At safepoint: 7542 ns, Total: 967792 ns
[2025-12-03T14:10:08.037+0000][7][safepoint   ] Safepoint "ICBufferFull", Time since last: 401362833 ns, Reaching safepoint: 972875 ns, At safepoint: 22709 ns, Total: 995584 ns
[2025-12-03T14:10:08.167+0000][7][safepoint   ] Safepoint "ICBufferFull", Time since last: 129805375 ns, Reaching safepoint: 224541 ns, At safepoint: 17542 ns, Total: 242083 ns
[2025-12-03T14:10:08.306+0000][7][gc,start    ] GC(18) Pause Young (Normal) (G1 Evacuation Pause)
[2025-12-03T14:10:08.306+0000][7][gc,task     ] GC(18) Using 8 workers of 8 for evacuation
[2025-12-03T14:10:08.307+0000][7][gc,age      ] GC(18) Desired survivor size 20971520 bytes, new threshold 2 (max threshold 15)
[2025-12-03T14:10:08.332+0000][7][gc,age      ] GC(18) Age table with threshold 2 (max threshold 15)
[2025-12-03T14:10:08.332+0000][7][gc,age      ] GC(18) - age   1:   15687952 bytes,   15687952 total
[2025-12-03T14:10:08.332+0000][7][gc,age      ] GC(18) - age   2:    4176088 bytes,   19864040 total
[2025-12-03T14:10:08.332+0000][7][gc,phases   ] GC(18)   Pre Evacuate Collection Set: 0.2ms
[2025-12-03T14:10:08.332+0000][7][gc,phases   ] GC(18)   Merge Heap Roots: 0.1ms
[2025-12-03T14:10:08.332+0000][7][gc,phases   ] GC(18)   Evacuate Collection Set: 21.3ms
[2025-12-03T14:10:08.332+0000][7][gc,phases   ] GC(18)   Post Evacuate Collection Set: 2.3ms
[2025-12-03T14:10:08.333+0000][7][gc,phases   ] GC(18)   Other: 2.9ms
[2025-12-03T14:10:08.333+0000][7][gc,heap     ] GC(18) Eden regions: 68->0(65)
[2025-12-03T14:10:08.333+0000][7][gc,heap     ] GC(18) Survivor regions: 8->6(10)
[2025-12-03T14:10:08.333+0000][7][gc,heap     ] GC(18) Old regions: 16->21
[2025-12-03T14:10:08.333+0000][7][gc,heap     ] GC(18) Archive regions: 2->2
[2025-12-03T14:10:08.333+0000][7][gc,heap     ] GC(18) Humongous regions: 2->2
[2025-12-03T14:10:08.334+0000][7][gc,metaspace] GC(18) Metaspace: 101413K(102912K)->101413K(102912K) NonClass: 87660K(88512K)->87660K(88512K) Class: 13753K(14400K)->13753K(14400K)
[2025-12-03T14:10:08.334+0000][7][gc          ] GC(18) Pause Young (Normal) (G1 Evacuation Pause) 378M->113M(512M) 27.848ms
[2025-12-03T14:10:08.334+0000][7][gc,cpu      ] GC(18) User=0.08s Sys=0.00s Real=0.03s
[2025-12-03T14:10:08.334+0000][7][safepoint   ] Safepoint "G1CollectForAllocation", Time since last: 135324458 ns, Reaching safepoint: 2745125 ns, At safepoint: 28590625 ns, Total: 31335750 ns
[2025-12-03T14:10:08.526+0000][7][safepoint   ] Safepoint "ICBufferFull", Time since last: 191977167 ns, Reaching safepoint: 242292 ns, At safepoint: 20708 ns, Total: 263000 ns
[2025-12-03T14:10:08.682+0000][7][safepoint   ] Safepoint "ICBufferFull", Time since last: 155542125 ns, Reaching safepoint: 168375 ns, At safepoint: 7625 ns, Total: 176000 ns
[2025-12-03T14:10:09.053+0000][7][safepoint   ] Safepoint "ICBufferFull", Time since last: 368947375 ns, Reaching safepoint: 2111459 ns, At safepoint: 130000 ns, Total: 2241459 ns
[2025-12-03T14:10:09.284+0000][7][safepoint   ] Safepoint "ICBufferFull", Time since last: 228086000 ns, Reaching safepoint: 3208958 ns, At safepoint: 16875 ns, Total: 3225833 ns
[2025-12-03T14:10:09.386+0000][7][safepoint   ] Safepoint "ICBufferFull", Time since last: 100210584 ns, Reaching safepoint: 1681041 ns, At safepoint: 24834 ns, Total: 1705875 ns
[2025-12-03T14:10:09.626+0000][7][safepoint   ] Safepoint "ICBufferFull", Time since last: 235767500 ns, Reaching safepoint: 3914750 ns, At safepoint: 12875 ns, Total: 3927625 ns
[2025-12-03T14:10:10.010+0000][7][safepoint   ] Safepoint "ICBufferFull", Time since last: 382846667 ns, Reaching safepoint: 785458 ns, At safepoint: 9333 ns, Total: 794791 ns
[2025-12-03T14:10:10.577+0000][7][safepoint   ] Safepoint "ICBufferFull", Time since last: 566913042 ns, Reaching safepoint: 828000 ns, At safepoint: 13792 ns, Total: 841792 ns
[2025-12-03T14:10:11.308+0000][7][safepoint   ] Safepoint "ICBufferFull", Time since last: 730049584 ns, Reaching safepoint: 567125 ns, At safepoint: 19333 ns, Total: 586458 ns
[2025-12-03T14:10:11.562+0000][7][safepoint   ] Safepoint "ICBufferFull", Time since last: 254335417 ns, Reaching safepoint: 193958 ns, At safepoint: 15542 ns, Total: 209500 ns
[2025-12-03T14:10:11.691+0000][7][safepoint   ] Safepoint "ICBufferFull", Time since last: 128292875 ns, Reaching safepoint: 127208 ns, At safepoint: 15583 ns, Total: 142791 ns
[2025-12-03T14:10:11.757+0000][7][safepoint   ] Safepoint "ICBufferFull", Time since last: 64890375 ns, Reaching safepoint: 1102917 ns, At safepoint: 23625 ns, Total: 1126542 ns
[2025-12-03T14:10:11.824+0000][7][gc,start    ] GC(19) Pause Young (Normal) (G1 Evacuation Pause)
[2025-12-03T14:10:11.824+0000][7][gc,task     ] GC(19) Using 8 workers of 8 for evacuation
[2025-12-03T14:10:11.825+0000][7][gc,age      ] GC(19) Desired survivor size 18874368 bytes, new threshold 2 (max threshold 15)
[2025-12-03T14:10:11.869+0000][7][gc,age      ] GC(19) Age table with threshold 2 (max threshold 15)
[2025-12-03T14:10:11.869+0000][7][gc,age      ] GC(19) - age   1:    9182112 bytes,    9182112 total
[2025-12-03T14:10:11.869+0000][7][gc,age      ] GC(19) - age   2:    9991152 bytes,   19173264 total
[2025-12-03T14:10:11.869+0000][7][gc,phases   ] GC(19)   Pre Evacuate Collection Set: 0.4ms
[2025-12-03T14:10:11.869+0000][7][gc,phases   ] GC(19)   Merge Heap Roots: 0.1ms
[2025-12-03T14:10:11.869+0000][7][gc,phases   ] GC(19)   Evacuate Collection Set: 36.0ms
[2025-12-03T14:10:11.870+0000][7][gc,phases   ] GC(19)   Post Evacuate Collection Set: 6.7ms
[2025-12-03T14:10:11.870+0000][7][gc,phases   ] GC(19)   Other: 2.3ms
[2025-12-03T14:10:11.870+0000][7][gc,heap     ] GC(19) Eden regions: 65->0(65)
[2025-12-03T14:10:11.870+0000][7][gc,heap     ] GC(19) Survivor regions: 6->6(9)
[2025-12-03T14:10:11.870+0000][7][gc,heap     ] GC(19) Old regions: 21->22
[2025-12-03T14:10:11.870+0000][7][gc,heap     ] GC(19) Archive regions: 2->2
[2025-12-03T14:10:11.870+0000][7][gc,heap     ] GC(19) Humongous regions: 2->2
[2025-12-03T14:10:11.871+0000][7][gc,metaspace] GC(19) Metaspace: 104884K(106496K)->104884K(106496K) NonClass: 90674K(91584K)->90674K(91584K) Class: 14209K(14912K)->14209K(14912K)
[2025-12-03T14:10:11.873+0000][7][gc          ] GC(19) Pause Young (Normal) (G1 Evacuation Pause) 373M->118M(512M) 48.702ms
[2025-12-03T14:10:11.874+0000][7][gc,cpu      ] GC(19) User=0.16s Sys=0.00s Real=0.05s
[2025-12-03T14:10:11.877+0000][7][safepoint   ] Safepoint "G1CollectForAllocation", Time since last: 65129500 ns, Reaching safepoint: 1812875 ns, At safepoint: 52784292 ns, Total: 54597167 ns
[2025-12-03T14:10:12.027+0000][7][safepoint   ] Safepoint "ICBufferFull", Time since last: 148578792 ns, Reaching safepoint: 2136958 ns, At safepoint: 18958 ns, Total: 2155916 ns
[2025-12-03T14:10:12.247+0000][7][safepoint   ] Safepoint "ICBufferFull", Time since last: 215201625 ns, Reaching safepoint: 4107167 ns, At safepoint: 143750 ns, Total: 4250917 ns
[2025-12-03T14:10:12.615+0000][7][safepoint   ] Safepoint "ICBufferFull", Time since last: 367690500 ns, Reaching safepoint: 123000 ns, At safepoint: 6000 ns, Total: 129000 ns
[2025-12-03T14:10:13.326+0000][7][safepoint   ] Safepoint "ICBufferFull", Time since last: 711125792 ns, Reaching safepoint: 214042 ns, At safepoint: 26667 ns, Total: 240709 ns
[2025-12-03T14:10:13.657+0000][7][safepoint   ] Safepoint "ICBufferFull", Time since last: 330259750 ns, Reaching safepoint: 278083 ns, At safepoint: 15208 ns, Total: 293291 ns
[2025-12-03T14:10:13.669+0000][7][gc,start    ] GC(20) Pause Young (Normal) (G1 Evacuation Pause)
[2025-12-03T14:10:13.669+0000][7][gc,task     ] GC(20) Using 8 workers of 8 for evacuation
[2025-12-03T14:10:13.669+0000][7][gc,age      ] GC(20) Desired survivor size 18874368 bytes, new threshold 2 (max threshold 15)
[2025-12-03T14:10:13.681+0000][7][gc,age      ] GC(20) Age table with threshold 2 (max threshold 15)
[2025-12-03T14:10:13.681+0000][7][gc,age      ] GC(20) - age   1:    4243944 bytes,    4243944 total
[2025-12-03T14:10:13.681+0000][7][gc,age      ] GC(20) - age   2:    5508680 bytes,    9752624 total
[2025-12-03T14:10:13.682+0000][7][gc,phases   ] GC(20)   Pre Evacuate Collection Set: 0.1ms
[2025-12-03T14:10:13.682+0000][7][gc,phases   ] GC(20)   Merge Heap Roots: 0.1ms
[2025-12-03T14:10:13.682+0000][7][gc,phases   ] GC(20)   Evacuate Collection Set: 11.1ms
[2025-12-03T14:10:13.682+0000][7][gc,phases   ] GC(20)   Post Evacuate Collection Set: 1.0ms
[2025-12-03T14:10:13.682+0000][7][gc,phases   ] GC(20)   Other: 0.8ms
[2025-12-03T14:10:13.682+0000][7][gc,heap     ] GC(20) Eden regions: 65->0(67)
[2025-12-03T14:10:13.682+0000][7][gc,heap     ] GC(20) Survivor regions: 6->3(9)
[2025-12-03T14:10:13.682+0000][7][gc,heap     ] GC(20) Old regions: 22->24
[2025-12-03T14:10:13.682+0000][7][gc,heap     ] GC(20) Archive regions: 2->2
[2025-12-03T14:10:13.682+0000][7][gc,heap     ] GC(20) Humongous regions: 2->2
[2025-12-03T14:10:13.682+0000][7][gc,metaspace] GC(20) Metaspace: 107346K(109056K)->107346K(109056K) NonClass: 92810K(93760K)->92810K(93760K) Class: 14535K(15296K)->14535K(15296K)
[2025-12-03T14:10:13.682+0000][7][gc          ] GC(20) Pause Young (Normal) (G1 Evacuation Pause) 378M->119M(512M) 13.568ms
[2025-12-03T14:10:13.682+0000][7][gc,cpu      ] GC(20) User=0.04s Sys=0.00s Real=0.01s
[2025-12-03T14:10:13.683+0000][7][safepoint   ] Safepoint "G1CollectForAllocation", Time since last: 11766417 ns, Reaching safepoint: 279542 ns, At safepoint: 14045416 ns, Total: 14324958 ns
[2025-12-03T14:10:14.685+0000][7][safepoint   ] Safepoint "Cleanup", Time since last: 1001805376 ns, Reaching safepoint: 173333 ns, At safepoint: 2917 ns, Total: 176250 ns
[2025-12-03T14:10:15.687+0000][7][safepoint   ] Safepoint "Cleanup", Time since last: 1001206917 ns, Reaching safepoint: 1203417 ns, At safepoint: 5583 ns, Total: 1209000 ns
[2025-12-03T14:10:16.688+0000][7][safepoint   ] Safepoint "Cleanup", Time since last: 1000978834 ns, Reaching safepoint: 436208 ns, At safepoint: 13167 ns, Total: 449375 ns
[2025-12-03T14:10:17.690+0000][7][safepoint   ] Safepoint "Cleanup", Time since last: 1001717375 ns, Reaching safepoint: 264375 ns, At safepoint: 14542 ns, Total: 278917 ns
[2025-12-03T14:10:18.691+0000][7][safepoint   ] Safepoint "Cleanup", Time since last: 1000587500 ns, Reaching safepoint: 393667 ns, At safepoint: 12667 ns, Total: 406334 ns
[2025-12-03T14:10:21.982+0000][7][gc,start    ] GC(21) Pause Young (Normal) (G1 Evacuation Pause)
[2025-12-03T14:10:21.982+0000][7][gc,task     ] GC(21) Using 8 workers of 8 for evacuation
[2025-12-03T14:10:21.982+0000][7][gc,age      ] GC(21) Desired survivor size 18874368 bytes, new threshold 15 (max threshold 15)
[2025-12-03T14:10:21.994+0000][7][gc,age      ] GC(21) Age table with threshold 15 (max threshold 15)
[2025-12-03T14:10:21.994+0000][7][gc,age      ] GC(21) - age   1:    2272584 bytes,    2272584 total
[2025-12-03T14:10:21.994+0000][7][gc,age      ] GC(21) - age   2:    3004992 bytes,    5277576 total
[2025-12-03T14:10:21.994+0000][7][gc,age      ] GC(21) - age   3:    5501280 bytes,   10778856 total
[2025-12-03T14:10:21.994+0000][7][gc,phases   ] GC(21)   Pre Evacuate Collection Set: 0.3ms
[2025-12-03T14:10:21.994+0000][7][gc,phases   ] GC(21)   Merge Heap Roots: 0.2ms
[2025-12-03T14:10:21.994+0000][7][gc,phases   ] GC(21)   Evacuate Collection Set: 9.9ms
[2025-12-03T14:10:21.994+0000][7][gc,phases   ] GC(21)   Post Evacuate Collection Set: 1.0ms
[2025-12-03T14:10:21.994+0000][7][gc,phases   ] GC(21)   Other: 0.8ms
[2025-12-03T14:10:21.994+0000][7][gc,heap     ] GC(21) Eden regions: 67->0(69)
[2025-12-03T14:10:21.994+0000][7][gc,heap     ] GC(21) Survivor regions: 3->3(9)
[2025-12-03T14:10:21.994+0000][7][gc,heap     ] GC(21) Old regions: 24->24
[2025-12-03T14:10:21.994+0000][7][gc,heap     ] GC(21) Archive regions: 2->2
[2025-12-03T14:10:21.994+0000][7][gc,heap     ] GC(21) Humongous regions: 2->2
[2025-12-03T14:10:21.994+0000][7][gc,metaspace] GC(21) Metaspace: 107609K(109312K)->107609K(109312K) NonClass: 93073K(94016K)->93073K(94016K) Class: 14535K(15296K)->14535K(15296K)
[2025-12-03T14:10:21.994+0000][7][gc          ] GC(21) Pause Young (Normal) (G1 Evacuation Pause) 387M->118M(512M) 12.656ms
[2025-12-03T14:10:21.994+0000][7][gc,cpu      ] GC(21) User=0.06s Sys=0.01s Real=0.01s
[2025-12-03T14:10:21.995+0000][7][safepoint   ] Safepoint "G1CollectForAllocation", Time since last: 3290077501 ns, Reaching safepoint: 178375 ns, At safepoint: 12821375 ns, Total: 12999750 ns
[2025-12-03T14:10:22.996+0000][7][safepoint   ] Safepoint "Cleanup", Time since last: 1001043792 ns, Reaching safepoint: 405209 ns, At safepoint: 8583 ns, Total: 413792 ns
[2025-12-03T14:10:23.998+0000][7][safepoint   ] Safepoint "Cleanup", Time since last: 1001256834 ns, Reaching safepoint: 608375 ns, At safepoint: 24542 ns, Total: 632917 ns
[2025-12-03T14:10:25.003+0000][7][safepoint   ] Safepoint "Cleanup", Time since last: 1004862792 ns, Reaching safepoint: 298875 ns, At safepoint: 22208 ns, Total: 321083 ns
[2025-12-03T14:10:26.090+0000][7][safepoint   ] Safepoint "Cleanup", Time since last: 1000786250 ns, Reaching safepoint: 102750 ns, At safepoint: 3750 ns, Total: 106500 ns
[2025-12-03T14:10:27.091+0000][7][safepoint   ] Safepoint "Cleanup", Time since last: 1000725626 ns, Reaching safepoint: 642166 ns, At safepoint: 15959 ns, Total: 658125 ns
[2025-12-03T14:10:28.093+0000][7][safepoint   ] Safepoint "Cleanup", Time since last: 1002109542 ns, Reaching safepoint: 77125 ns, At safepoint: 3708 ns, Total: 80833 ns
[2025-12-03T14:10:30.098+0000][7][safepoint   ] Safepoint "Cleanup", Time since last: 2004921251 ns, Reaching safepoint: 130708 ns, At safepoint: 5750 ns, Total: 136458 ns
[2025-12-03T14:10:32.102+0000][7][safepoint   ] Safepoint "Cleanup", Time since last: 2003184585 ns, Reaching safepoint: 66666 ns, At safepoint: 3625 ns, Total: 70291 ns
[2025-12-03T14:10:33.105+0000][7][safepoint   ] Safepoint "Cleanup", Time since last: 1002575501 ns, Reaching safepoint: 510250 ns, At safepoint: 10417 ns, Total: 520667 ns
[2025-12-03T14:10:33.539+0000][7][safepoint   ] Safepoint "ICBufferFull", Time since last: 433651333 ns, Reaching safepoint: 318542 ns, At safepoint: 11041 ns, Total: 329583 ns
[2025-12-03T14:10:34.540+0000][7][safepoint   ] Safepoint "Cleanup", Time since last: 1000726084 ns, Reaching safepoint: 262084 ns, At safepoint: 11791 ns, Total: 273875 ns
[2025-12-03T14:10:35.541+0000][7][safepoint   ] Safepoint "Cleanup", Time since last: 1001538876 ns, Reaching safepoint: 136208 ns, At safepoint: 31083 ns, Total: 167291 ns
[2025-12-03T14:10:36.544+0000][7][safepoint   ] Safepoint "Cleanup", Time since last: 1002123834 ns, Reaching safepoint: 230417 ns, At safepoint: 17292 ns, Total: 247709 ns
[2025-12-03T14:10:37.545+0000][7][safepoint   ] Safepoint "Cleanup", Time since last: 1000925375 ns, Reaching safepoint: 158500 ns, At safepoint: 8000 ns, Total: 166500 ns
[2025-12-03T14:10:38.547+0000][7][safepoint   ] Safepoint "Cleanup", Time since last: 1001390459 ns, Reaching safepoint: 388542 ns, At safepoint: 6666 ns, Total: 395208 ns
[2025-12-03T14:10:39.551+0000][7][safepoint   ] Safepoint "Cleanup", Time since last: 1002770334 ns, Reaching safepoint: 1354167 ns, At safepoint: 13583 ns, Total: 1367750 ns
[2025-12-03T14:10:40.553+0000][7][safepoint   ] Safepoint "Cleanup", Time since last: 1001847750 ns, Reaching safepoint: 76084 ns, At safepoint: 3416 ns, Total: 79500 ns
[2025-12-03T14:10:42.555+0000][7][safepoint   ] Safepoint "Cleanup", Time since last: 2002378668 ns, Reaching safepoint: 167417 ns, At safepoint: 4291 ns, Total: 171708 ns
[2025-12-03T14:10:43.557+0000][7][safepoint   ] Safepoint "Cleanup", Time since last: 1001331001 ns, Reaching safepoint: 40750 ns, At safepoint: 1833 ns, Total: 42583 ns
[2025-12-03T14:10:44.558+0000][7][safepoint   ] Safepoint "Cleanup", Time since last: 1000867542 ns, Reaching safepoint: 116709 ns, At safepoint: 4083 ns, Total: 120792 ns
[2025-12-03T14:10:45.559+0000][7][safepoint   ] Safepoint "Cleanup", Time since last: 1001240792 ns, Reaching safepoint: 91542 ns, At safepoint: 5500 ns, Total: 97042 ns
[2025-12-03T14:10:46.561+0000][7][safepoint   ] Safepoint "Cleanup", Time since last: 1001582959 ns, Reaching safepoint: 88333 ns, At safepoint: 7667 ns, Total: 96000 ns
[2025-12-03T14:10:48.563+0000][7][safepoint   ] Safepoint "Cleanup", Time since last: 2002001167 ns, Reaching safepoint: 124250 ns, At safepoint: 6042 ns, Total: 130292 ns
[2025-12-03T14:10:49.566+0000][7][safepoint   ] Safepoint "Cleanup", Time since last: 1001858834 ns, Reaching safepoint: 1725916 ns, At safepoint: 17042 ns, Total: 1742958 ns
[2025-12-03T14:10:50.569+0000][7][safepoint   ] Safepoint "Cleanup", Time since last: 1002128167 ns, Reaching safepoint: 90167 ns, At safepoint: 3875 ns, Total: 94042 ns
[2025-12-03T14:10:51.570+0000][7][safepoint   ] Safepoint "Cleanup", Time since last: 1001024667 ns, Reaching safepoint: 220167 ns, At safepoint: 8958 ns, Total: 229125 ns
[2025-12-03T14:10:52.135+0000][7][gc,start    ] GC(22) Pause Young (Normal) (G1 Evacuation Pause)
[2025-12-03T14:10:52.135+0000][7][gc,task     ] GC(22) Using 8 workers of 8 for evacuation
[2025-12-03T14:10:52.135+0000][7][gc,age      ] GC(22) Desired survivor size 18874368 bytes, new threshold 15 (max threshold 15)
[2025-12-03T14:10:52.151+0000][7][gc,age      ] GC(22) Age table with threshold 15 (max threshold 15)
[2025-12-03T14:10:52.151+0000][7][gc,age      ] GC(22) - age   1:   13199816 bytes,   13199816 total
[2025-12-03T14:10:52.152+0000][7][gc,age      ] GC(22) - age   2:    1590520 bytes,   14790336 total
[2025-12-03T14:10:52.152+0000][7][gc,age      ] GC(22) - age   3:    2700968 bytes,   17491304 total
[2025-12-03T14:10:52.152+0000][7][gc,age      ] GC(22) - age   4:    5335592 bytes,   22826896 total
[2025-12-03T14:10:52.152+0000][7][gc,phases   ] GC(22)   Pre Evacuate Collection Set: 0.3ms
[2025-12-03T14:10:52.152+0000][7][gc,phases   ] GC(22)   Merge Heap Roots: 0.2ms
[2025-12-03T14:10:52.152+0000][7][gc,phases   ] GC(22)   Evacuate Collection Set: 13.4ms
[2025-12-03T14:10:52.152+0000][7][gc,phases   ] GC(22)   Post Evacuate Collection Set: 1.9ms
[2025-12-03T14:10:52.152+0000][7][gc,phases   ] GC(22)   Other: 0.6ms
[2025-12-03T14:10:52.152+0000][7][gc,heap     ] GC(22) Eden regions: 69->0(65)
[2025-12-03T14:10:52.152+0000][7][gc,heap     ] GC(22) Survivor regions: 3->6(9)
[2025-12-03T14:10:52.152+0000][7][gc,heap     ] GC(22) Old regions: 24->24
[2025-12-03T14:10:52.152+0000][7][gc,heap     ] GC(22) Archive regions: 2->2
[2025-12-03T14:10:52.152+0000][7][gc,heap     ] GC(22) Humongous regions: 2->2
[2025-12-03T14:10:52.152+0000][7][gc,metaspace] GC(22) Metaspace: 108597K(110272K)->108597K(110272K) NonClass: 94043K(94976K)->94043K(94976K) Class: 14554K(15296K)->14554K(15296K)
[2025-12-03T14:10:52.152+0000][7][gc          ] GC(22) Pause Young (Normal) (G1 Evacuation Pause) 394M->130M(512M) 16.784ms
[2025-12-03T14:10:52.152+0000][7][gc,cpu      ] GC(22) User=0.09s Sys=0.00s Real=0.01s
[2025-12-03T14:10:52.152+0000][7][safepoint   ] Safepoint "G1CollectForAllocation", Time since last: 565228042 ns, Reaching safepoint: 134375 ns, At safepoint: 16920875 ns, Total: 17055250 ns
[2025-12-03T14:10:53.153+0000][7][safepoint   ] Safepoint "Cleanup", Time since last: 1001099875 ns, Reaching safepoint: 201792 ns, At safepoint: 10625 ns, Total: 212417 ns
[2025-12-03T14:10:55.159+0000][7][safepoint   ] Safepoint "Cleanup", Time since last: 2005293668 ns, Reaching safepoint: 450000 ns, At safepoint: 7208 ns, Total: 457208 ns
[2025-12-03T14:10:56.162+0000][7][safepoint   ] Safepoint "Cleanup", Time since last: 1001484250 ns, Reaching safepoint: 105875 ns, At safepoint: 3708 ns, Total: 109583 ns
[2025-12-03T14:10:57.163+0000][7][safepoint   ] Safepoint "Cleanup", Time since last: 1001007584 ns, Reaching safepoint: 86833 ns, At safepoint: 3375 ns, Total: 90208 ns
[2025-12-03T14:10:58.165+0000][7][safepoint   ] Safepoint "Cleanup", Time since last: 1001675334 ns, Reaching safepoint: 220250 ns, At safepoint: 12833 ns, Total: 233083 ns
[2025-12-03T14:11:00.168+0000][7][safepoint   ] Safepoint "Cleanup", Time since last: 2002921751 ns, Reaching safepoint: 252334 ns, At safepoint: 11125 ns, Total: 263459 ns
[2025-12-03T14:11:01.170+0000][7][safepoint   ] Safepoint "Cleanup", Time since last: 1000516458 ns, Reaching safepoint: 1391959 ns, At safepoint: 17125 ns, Total: 1409084 ns
[2025-12-03T14:11:02.172+0000][7][safepoint   ] Safepoint "Cleanup", Time since last: 1002112250 ns, Reaching safepoint: 112458 ns, At safepoint: 3792 ns, Total: 116250 ns
[2025-12-03T14:11:03.173+0000][7][safepoint   ] Safepoint "Cleanup", Time since last: 1000848167 ns, Reaching safepoint: 399250 ns, At safepoint: 16459 ns, Total: 415709 ns
[2025-12-03T14:11:04.176+0000][7][safepoint   ] Safepoint "Cleanup", Time since last: 1002144083 ns, Reaching safepoint: 507334 ns, At safepoint: 12250 ns, Total: 519584 ns
[2025-12-03T14:11:05.181+0000][7][safepoint   ] Safepoint "Cleanup", Time since last: 1004894125 ns, Reaching safepoint: 278667 ns, At safepoint: 14625 ns, Total: 293292 ns
[2025-12-03T14:11:06.183+0000][7][safepoint   ] Safepoint "Cleanup", Time since last: 1001464584 ns, Reaching safepoint: 110916 ns, At safepoint: 13584 ns, Total: 124500 ns
[2025-12-03T14:11:08.751+0000][7][safepoint   ] Safepoint "Cleanup", Time since last: 2567789543 ns, Reaching safepoint: 51583 ns, At safepoint: 5417 ns, Total: 57000 ns
[2025-12-03T14:11:09.753+0000][7][safepoint   ] Safepoint "Cleanup", Time since last: 1002070292 ns, Reaching safepoint: 330125 ns, At safepoint: 8500 ns, Total: 338625 ns
[2025-12-03T14:11:11.755+0000][7][safepoint   ] Safepoint "Cleanup", Time since last: 2002121667 ns, Reaching safepoint: 85917 ns, At safepoint: 2958 ns, Total: 88875 ns
[2025-12-03T14:11:12.759+0000][7][safepoint   ] Safepoint "Cleanup", Time since last: 1003170084 ns, Reaching safepoint: 174125 ns, At safepoint: 6292 ns, Total: 180417 ns
[2025-12-03T14:11:14.762+0000][7][safepoint   ] Safepoint "Cleanup", Time since last: 2002838084 ns, Reaching safepoint: 138167 ns, At safepoint: 11208 ns, Total: 149375 ns
[2025-12-03T14:11:15.763+0000][7][safepoint   ] Safepoint "Cleanup", Time since last: 1000948792 ns, Reaching safepoint: 310334 ns, At safepoint: 12708 ns, Total: 323042 ns
[2025-12-03T14:11:20.770+0000][7][safepoint   ] Safepoint "Cleanup", Time since last: 5006778836 ns, Reaching safepoint: 107666 ns, At safepoint: 2959 ns, Total: 110625 ns
[2025-12-03T14:11:21.770+0000][7][safepoint   ] Safepoint "Cleanup", Time since last: 1000733708 ns, Reaching safepoint: 80792 ns, At safepoint: 2375 ns, Total: 83167 ns
[2025-12-03T14:11:22.775+0000][7][safepoint   ] Safepoint "Cleanup", Time since last: 1003422334 ns, Reaching safepoint: 854208 ns, At safepoint: 37042 ns, Total: 891250 ns
[2025-12-03T14:11:23.776+0000][7][safepoint   ] Safepoint "Cleanup", Time since last: 1001270875 ns, Reaching safepoint: 88417 ns, At safepoint: 2083 ns, Total: 90500 ns
[2025-12-03T14:11:24.778+0000][7][safepoint   ] Safepoint "Cleanup", Time since last: 1001486668 ns, Reaching safepoint: 169625 ns, At safepoint: 6583 ns, Total: 176208 ns
[2025-12-03T14:11:26.783+0000][7][safepoint   ] Safepoint "Cleanup", Time since last: 2004005125 ns, Reaching safepoint: 99167 ns, At safepoint: 5291 ns, Total: 104458 ns
[2025-12-03T14:11:27.784+0000][7][safepoint   ] Safepoint "Cleanup", Time since last: 1001431459 ns, Reaching safepoint: 119625 ns, At safepoint: 5000 ns, Total: 124625 ns
[2025-12-03T14:11:31.788+0000][7][safepoint   ] Safepoint "Cleanup", Time since last: 4003107794 ns, Reaching safepoint: 305500 ns, At safepoint: 23625 ns, Total: 329125 ns
[2025-12-03T14:11:32.791+0000][7][safepoint   ] Safepoint "Cleanup", Time since last: 1002643500 ns, Reaching safepoint: 215917 ns, At safepoint: 6666 ns, Total: 222583 ns
[2025-12-03T14:11:33.794+0000][7][safepoint   ] Safepoint "Cleanup", Time since last: 1002677793 ns, Reaching safepoint: 146208 ns, At safepoint: 10833 ns, Total: 157041 ns
[2025-12-03T14:11:35.801+0000][7][safepoint   ] Safepoint "Cleanup", Time since last: 2007714543 ns, Reaching safepoint: 107583 ns, At safepoint: 5167 ns, Total: 112750 ns
[2025-12-03T14:11:36.806+0000][7][safepoint   ] Safepoint "Cleanup", Time since last: 1004731584 ns, Reaching safepoint: 96541 ns, At safepoint: 6542 ns, Total: 103083 ns
[2025-12-03T14:11:38.604+0000][7][gc,start    ] GC(23) Pause Young (Normal) (G1 Evacuation Pause)
[2025-12-03T14:11:38.604+0000][7][gc,task     ] GC(23) Using 8 workers of 8 for evacuation
[2025-12-03T14:11:38.605+0000][7][gc,age      ] GC(23) Desired survivor size 18874368 bytes, new threshold 4 (max threshold 15)
[2025-12-03T14:11:38.633+0000][7][gc,age      ] GC(23) Age table with threshold 4 (max threshold 15)
[2025-12-03T14:11:38.633+0000][7][gc,age      ] GC(23) - age   1:    3144760 bytes,    3144760 total
[2025-12-03T14:11:38.633+0000][7][gc,age      ] GC(23) - age   2:   12477624 bytes,   15622384 total
[2025-12-03T14:11:38.633+0000][7][gc,age      ] GC(23) - age   3:    1566144 bytes,   17188528 total
[2025-12-03T14:11:38.633+0000][7][gc,age      ] GC(23) - age   4:    2430952 bytes,   19619480 total
[2025-12-03T14:11:38.633+0000][7][gc,phases   ] GC(23)   Pre Evacuate Collection Set: 0.3ms
[2025-12-03T14:11:38.633+0000][7][gc,phases   ] GC(23)   Merge Heap Roots: 0.1ms
[2025-12-03T14:11:38.633+0000][7][gc,phases   ] GC(23)   Evacuate Collection Set: 26.4ms
[2025-12-03T14:11:38.634+0000][7][gc,phases   ] GC(23)   Post Evacuate Collection Set: 1.3ms
[2025-12-03T14:11:38.634+0000][7][gc,phases   ] GC(23)   Other: 1.3ms
[2025-12-03T14:11:38.634+0000][7][gc,heap     ] GC(23) Eden regions: 65->0(64)
[2025-12-03T14:11:38.634+0000][7][gc,heap     ] GC(23) Survivor regions: 6->6(9)
[2025-12-03T14:11:38.634+0000][7][gc,heap     ] GC(23) Old regions: 24->26
[2025-12-03T14:11:38.634+0000][7][gc,heap     ] GC(23) Archive regions: 2->2
[2025-12-03T14:11:38.634+0000][7][gc,heap     ] GC(23) Humongous regions: 2->2
[2025-12-03T14:11:38.634+0000][7][gc,metaspace] GC(23) Metaspace: 109271K(110976K)->109271K(110976K) NonClass: 94707K(95680K)->94707K(95680K) Class: 14564K(15296K)->14564K(15296K)
[2025-12-03T14:11:38.634+0000][7][gc          ] GC(23) Pause Young (Normal) (G1 Evacuation Pause) 390M->133M(512M) 30.218ms
[2025-12-03T14:11:38.634+0000][7][gc,cpu      ] GC(23) User=0.13s Sys=0.00s Real=0.03s
[2025-12-03T14:11:38.635+0000][7][safepoint   ] Safepoint "G1CollectForAllocation", Time since last: 1797544043 ns, Reaching safepoint: 124000 ns, At safepoint: 31157083 ns, Total: 31281083 ns
[2025-12-03T14:11:39.636+0000][7][safepoint   ] Safepoint "Cleanup", Time since last: 1000359084 ns, Reaching safepoint: 292375 ns, At safepoint: 8666 ns, Total: 301041 ns
[2025-12-03T14:11:41.638+0000][7][safepoint   ] Safepoint "Cleanup", Time since last: 2002366960 ns, Reaching safepoint: 92541 ns, At safepoint: 4792 ns, Total: 97333 ns
[2025-12-03T14:11:42.640+0000][7][safepoint   ] Safepoint "Cleanup", Time since last: 1001247334 ns, Reaching safepoint: 177333 ns, At safepoint: 6250 ns, Total: 183583 ns
[2025-12-03T14:11:44.641+0000][7][safepoint   ] Safepoint "Cleanup", Time since last: 2001717459 ns, Reaching safepoint: 69334 ns, At safepoint: 1666 ns, Total: 71000 ns
[2025-12-03T14:11:45.643+0000][7][safepoint   ] Safepoint "Cleanup", Time since last: 1001124084 ns, Reaching safepoint: 189209 ns, At safepoint: 12291 ns, Total: 201500 ns
[2025-12-03T14:11:46.645+0000][7][safepoint   ] Safepoint "Cleanup", Time since last: 1001620001 ns, Reaching safepoint: 412000 ns, At safepoint: 23958 ns, Total: 435958 ns
[2025-12-03T14:11:47.647+0000][7][safepoint   ] Safepoint "Cleanup", Time since last: 1002251626 ns, Reaching safepoint: 111416 ns, At safepoint: 5542 ns, Total: 116958 ns
[2025-12-03T14:11:48.649+0000][7][safepoint   ] Safepoint "Cleanup", Time since last: 1001504792 ns, Reaching safepoint: 141958 ns, At safepoint: 8375 ns, Total: 150333 ns
[2025-12-03T14:11:51.657+0000][7][safepoint   ] Safepoint "Cleanup", Time since last: 3007687918 ns, Reaching safepoint: 69459 ns, At safepoint: 1750 ns, Total: 71209 ns
[2025-12-03T14:11:52.657+0000][7][safepoint   ] Safepoint "Cleanup", Time since last: 1000757375 ns, Reaching safepoint: 155959 ns, At safepoint: 7125 ns, Total: 163084 ns
[2025-12-03T14:11:56.664+0000][7][safepoint   ] Safepoint "Cleanup", Time since last: 4005009334 ns, Reaching safepoint: 168417 ns, At safepoint: 21041 ns, Total: 189458 ns
[2025-12-03T14:11:57.665+0000][7][safepoint   ] Safepoint "Cleanup", Time since last: 1000928792 ns, Reaching safepoint: 410125 ns, At safepoint: 14334 ns, Total: 424459 ns
[2025-12-03T14:11:58.667+0000][7][safepoint   ] Safepoint "Cleanup", Time since last: 1001547333 ns, Reaching safepoint: 240292 ns, At safepoint: 12333 ns, Total: 252625 ns
[2025-12-03T14:11:59.668+0000][7][safepoint   ] Safepoint "Cleanup", Time since last: 1001504168 ns, Reaching safepoint: 101500 ns, At safepoint: 3416 ns, Total: 104916 ns
[2025-12-03T14:12:00.669+0000][7][safepoint   ] Safepoint "Cleanup", Time since last: 1000854917 ns, Reaching safepoint: 65334 ns, At safepoint: 2375 ns, Total: 67709 ns
[2025-12-03T14:12:01.671+0000][7][safepoint   ] Safepoint "Cleanup", Time since last: 1000960875 ns, Reaching safepoint: 887750 ns, At safepoint: 7209 ns, Total: 894959 ns
[2025-12-03T14:12:02.674+0000][7][safepoint   ] Safepoint "Cleanup", Time since last: 1002383083 ns, Reaching safepoint: 171250 ns, At safepoint: 3417 ns, Total: 174667 ns
[2025-12-03T14:12:03.675+0000][7][safepoint   ] Safepoint "Cleanup", Time since last: 1001204542 ns, Reaching safepoint: 141542 ns, At safepoint: 8792 ns, Total: 150334 ns
[2025-12-03T14:12:04.676+0000][7][safepoint   ] Safepoint "Cleanup", Time since last: 1001241750 ns, Reaching safepoint: 138625 ns, At safepoint: 9167 ns, Total: 147792 ns
[2025-12-03T14:12:05.678+0000][7][safepoint   ] Safepoint "Cleanup", Time since last: 1001824875 ns, Reaching safepoint: 88042 ns, At safepoint: 7166 ns, Total: 95208 ns
[2025-12-03T14:12:06.679+0000][7][safepoint   ] Safepoint "Cleanup", Time since last: 1000624418 ns, Reaching safepoint: 78916 ns, At safepoint: 5250 ns, Total: 84166 ns
[2025-12-03T14:12:09.682+0000][7][safepoint   ] Safepoint "Cleanup", Time since last: 3003150710 ns, Reaching safepoint: 109375 ns, At safepoint: 2875 ns, Total: 112250 ns
[2025-12-03T14:12:11.685+0000][7][safepoint   ] Safepoint "Cleanup", Time since last: 2002875209 ns, Reaching safepoint: 85500 ns, At safepoint: 10167 ns, Total: 95667 ns
[2025-12-03T14:12:13.165+0000][7][safepoint   ] Safepoint "Cleanup", Time since last: 1479031501 ns, Reaching safepoint: 399333 ns, At safepoint: 7125 ns, Total: 406458 ns
[2025-12-03T14:12:14.805+0000][7][safepoint   ] Safepoint "Cleanup", Time since last: 1639840459 ns, Reaching safepoint: 110417 ns, At safepoint: 11708 ns, Total: 122125 ns
[2025-12-03T14:12:15.809+0000][7][safepoint   ] Safepoint "Cleanup", Time since last: 1003748792 ns, Reaching safepoint: 199459 ns, At safepoint: 7791 ns, Total: 207250 ns
[2025-12-03T14:12:16.813+0000][7][safepoint   ] Safepoint "Cleanup", Time since last: 1003619792 ns, Reaching safepoint: 444000 ns, At safepoint: 16000 ns, Total: 460000 ns
[2025-12-03T14:12:17.814+0000][7][safepoint   ] Safepoint "Cleanup", Time since last: 1001682918 ns, Reaching safepoint: 89625 ns, At safepoint: 4166 ns, Total: 93791 ns
[2025-12-03T14:12:18.820+0000][7][safepoint   ] Safepoint "Cleanup", Time since last: 1005421917 ns, Reaching safepoint: 339667 ns, At safepoint: 25292 ns, Total: 364959 ns
[2025-12-03T14:12:20.825+0000][7][safepoint   ] Safepoint "Cleanup", Time since last: 2004201584 ns, Reaching safepoint: 78167 ns, At safepoint: 4791 ns, Total: 82958 ns
[2025-12-03T14:12:22.831+0000][7][safepoint   ] Safepoint "Cleanup", Time since last: 2006161626 ns, Reaching safepoint: 175584 ns, At safepoint: 6083 ns, Total: 181667 ns
[2025-12-03T14:12:23.832+0000][7][safepoint   ] Safepoint "Cleanup", Time since last: 1000934750 ns, Reaching safepoint: 107875 ns, At safepoint: 5459 ns, Total: 113334 ns
[2025-12-03T14:12:24.120+0000][7][gc,start    ] GC(24) Pause Young (Normal) (G1 Evacuation Pause)
[2025-12-03T14:12:24.121+0000][7][gc,task     ] GC(24) Using 8 workers of 8 for evacuation
[2025-12-03T14:12:24.122+0000][7][gc,age      ] GC(24) Desired survivor size 18874368 bytes, new threshold 4 (max threshold 15)
[2025-12-03T14:12:24.164+0000][7][gc,age      ] GC(24) Age table with threshold 4 (max threshold 15)
[2025-12-03T14:12:24.164+0000][7][gc,age      ] GC(24) - age   1:    2805160 bytes,    2805160 total
[2025-12-03T14:12:24.164+0000][7][gc,age      ] GC(24) - age   2:     690872 bytes,    3496032 total
[2025-12-03T14:12:24.164+0000][7][gc,age      ] GC(24) - age   3:   12182848 bytes,   15678880 total
[2025-12-03T14:12:24.164+0000][7][gc,age      ] GC(24) - age   4:    1565848 bytes,   17244728 total
[2025-12-03T14:12:24.164+0000][7][gc,phases   ] GC(24)   Pre Evacuate Collection Set: 1.1ms
[2025-12-03T14:12:24.164+0000][7][gc,phases   ] GC(24)   Merge Heap Roots: 0.4ms
[2025-12-03T14:12:24.164+0000][7][gc,phases   ] GC(24)   Evacuate Collection Set: 38.9ms
[2025-12-03T14:12:24.165+0000][7][gc,phases   ] GC(24)   Post Evacuate Collection Set: 1.7ms
[2025-12-03T14:12:24.165+0000][7][gc,phases   ] GC(24)   Other: 1.9ms
[2025-12-03T14:12:24.165+0000][7][gc,heap     ] GC(24) Eden regions: 64->0(66)
[2025-12-03T14:12:24.165+0000][7][gc,heap     ] GC(24) Survivor regions: 6->5(9)
[2025-12-03T14:12:24.165+0000][7][gc,heap     ] GC(24) Old regions: 26->26
[2025-12-03T14:12:24.165+0000][7][gc,heap     ] GC(24) Archive regions: 2->2
[2025-12-03T14:12:24.165+0000][7][gc,heap     ] GC(24) Humongous regions: 2->2
[2025-12-03T14:12:24.165+0000][7][gc,metaspace] GC(24) Metaspace: 109714K(111360K)->109714K(111360K) NonClass: 95144K(96064K)->95144K(96064K) Class: 14570K(15296K)->14570K(15296K)
[2025-12-03T14:12:24.166+0000][7][gc          ] GC(24) Pause Young (Normal) (G1 Evacuation Pause) 389M->132M(512M) 45.083ms
[2025-12-03T14:12:24.166+0000][7][gc,cpu      ] GC(24) User=0.27s Sys=0.01s Real=0.04s
[2025-12-03T14:12:24.166+0000][7][safepoint   ] Safepoint "G1CollectForAllocation", Time since last: 288045458 ns, Reaching safepoint: 253250 ns, At safepoint: 45536084 ns, Total: 45789334 ns
[2025-12-03T14:12:25.166+0000][7][safepoint   ] Safepoint "Cleanup", Time since last: 1000472042 ns, Reaching safepoint: 192708 ns, At safepoint: 5375 ns, Total: 198083 ns
[2025-12-03T14:12:26.169+0000][7][safepoint   ] Safepoint "Cleanup", Time since last: 1001884750 ns, Reaching safepoint: 283000 ns, At safepoint: 30833 ns, Total: 313833 ns
[2025-12-03T14:12:27.176+0000][7][safepoint   ] Safepoint "Cleanup", Time since last: 1006446126 ns, Reaching safepoint: 181625 ns, At safepoint: 7916 ns, Total: 189541 ns
[2025-12-03T14:12:28.179+0000][7][safepoint   ] Safepoint "Cleanup", Time since last: 1003290209 ns, Reaching safepoint: 115125 ns, At safepoint: 3334 ns, Total: 118459 ns
[2025-12-03T14:12:30.182+0000][7][safepoint   ] Safepoint "Cleanup", Time since last: 2002901792 ns, Reaching safepoint: 358709 ns, At safepoint: 4666 ns, Total: 363375 ns
[2025-12-03T14:12:31.184+0000][7][safepoint   ] Safepoint "Cleanup", Time since last: 1001363876 ns, Reaching safepoint: 80125 ns, At safepoint: 3875 ns, Total: 84000 ns
[2025-12-03T14:12:32.188+0000][7][safepoint   ] Safepoint "Cleanup", Time since last: 1002927500 ns, Reaching safepoint: 1093542 ns, At safepoint: 7250 ns, Total: 1100792 ns
[2025-12-03T14:12:33.191+0000][7][safepoint   ] Safepoint "Cleanup", Time since last: 1002654209 ns, Reaching safepoint: 238708 ns, At safepoint: 15375 ns, Total: 254083 ns
[2025-12-03T14:12:34.194+0000][7][safepoint   ] Safepoint "Cleanup", Time since last: 1003020750 ns, Reaching safepoint: 259000 ns, At safepoint: 24125 ns, Total: 283125 ns
[2025-12-03T14:12:37.225+0000][7][safepoint   ] Safepoint "Cleanup", Time since last: 3028418002 ns, Reaching safepoint: 1953458 ns, At safepoint: 7000 ns, Total: 1960458 ns
[2025-12-03T14:12:39.281+0000][7][safepoint   ] Safepoint "Cleanup", Time since last: 2033928668 ns, Reaching safepoint: 22326375 ns, At safepoint: 32375 ns, Total: 22358750 ns
[2025-12-03T14:12:40.293+0000][7][safepoint   ] Safepoint "Cleanup", Time since last: 1012169125 ns, Reaching safepoint: 443584 ns, At safepoint: 23583 ns, Total: 467167 ns
[2025-12-03T14:12:41.295+0000][7][safepoint   ] Safepoint "Cleanup", Time since last: 1001521167 ns, Reaching safepoint: 219167 ns, At safepoint: 9625 ns, Total: 228792 ns
[2025-12-03T14:12:42.297+0000][7][safepoint   ] Safepoint "Cleanup", Time since last: 1001690792 ns, Reaching safepoint: 531250 ns, At safepoint: 4042 ns, Total: 535292 ns
[2025-12-03T14:12:43.301+0000][7][safepoint   ] Safepoint "Cleanup", Time since last: 1002882542 ns, Reaching safepoint: 671875 ns, At safepoint: 13625 ns, Total: 685500 ns
[2025-12-03T14:12:45.307+0000][7][safepoint   ] Safepoint "Cleanup", Time since last: 2005620917 ns, Reaching safepoint: 603917 ns, At safepoint: 19167 ns, Total: 623084 ns
[2025-12-03T14:12:46.309+0000][7][safepoint   ] Safepoint "Cleanup", Time since last: 1001813500 ns, Reaching safepoint: 407625 ns, At safepoint: 7959 ns, Total: 415584 ns
[2025-12-03T14:12:48.313+0000][7][safepoint   ] Safepoint "Cleanup", Time since last: 2003473292 ns, Reaching safepoint: 312084 ns, At safepoint: 40416 ns, Total: 352500 ns
[2025-12-03T14:12:49.315+0000][7][safepoint   ] Safepoint "Cleanup", Time since last: 1001421292 ns, Reaching safepoint: 252750 ns, At safepoint: 4542 ns, Total: 257292 ns
[2025-12-03T14:12:51.319+0000][7][safepoint   ] Safepoint "Cleanup", Time since last: 2003747293 ns, Reaching safepoint: 143875 ns, At safepoint: 5666 ns, Total: 149541 ns
[2025-12-03T14:12:52.368+0000][7][safepoint   ] Safepoint "Cleanup", Time since last: 1042771251 ns, Reaching safepoint: 5801250 ns, At safepoint: 93958 ns, Total: 5895208 ns
[2025-12-03T14:12:53.374+0000][7][safepoint   ] Safepoint "Cleanup", Time since last: 1005722042 ns, Reaching safepoint: 229500 ns, At safepoint: 9792 ns, Total: 239292 ns
[2025-12-03T14:12:54.376+0000][7][safepoint   ] Safepoint "Cleanup", Time since last: 1002588250 ns, Reaching safepoint: 376209 ns, At safepoint: 9458 ns, Total: 385667 ns
[2025-12-03T14:12:56.381+0000][7][safepoint   ] Safepoint "Cleanup", Time since last: 2002436209 ns, Reaching safepoint: 305333 ns, At safepoint: 8625 ns, Total: 313958 ns
[2025-12-03T14:12:57.383+0000][7][safepoint   ] Safepoint "Cleanup", Time since last: 1001535834 ns, Reaching safepoint: 313292 ns, At safepoint: 9750 ns, Total: 323042 ns
[2025-12-03T14:12:58.392+0000][7][safepoint   ] Safepoint "Cleanup", Time since last: 1001885167 ns, Reaching safepoint: 6897666 ns, At safepoint: 42292 ns, Total: 6939958 ns
[2025-12-03T14:13:00.396+0000][7][safepoint   ] Safepoint "Cleanup", Time since last: 2004213043 ns, Reaching safepoint: 539041 ns, At safepoint: 23000 ns, Total: 562041 ns
[2025-12-03T14:13:02.399+0000][7][safepoint   ] Safepoint "Cleanup", Time since last: 2002590793 ns, Reaching safepoint: 204792 ns, At safepoint: 7875 ns, Total: 212667 ns
[2025-12-03T14:13:03.620+0000][7][safepoint   ] Safepoint "Cleanup", Time since last: 1221215458 ns, Reaching safepoint: 137834 ns, At safepoint: 10125 ns, Total: 147959 ns
[2025-12-03T14:13:04.622+0000][7][safepoint   ] Safepoint "Cleanup", Time since last: 1001480709 ns, Reaching safepoint: 85875 ns, At safepoint: 8000 ns, Total: 93875 ns
[2025-12-03T14:13:06.627+0000][7][safepoint   ] Safepoint "Cleanup", Time since last: 2004492417 ns, Reaching safepoint: 278167 ns, At safepoint: 10583 ns, Total: 288750 ns
[2025-12-03T14:13:07.629+0000][7][safepoint   ] Safepoint "Cleanup", Time since last: 1001718167 ns, Reaching safepoint: 323000 ns, At safepoint: 13084 ns, Total: 336084 ns
[2025-12-03T14:13:08.631+0000][7][safepoint   ] Safepoint "Cleanup", Time since last: 1001753167 ns, Reaching safepoint: 871458 ns, At safepoint: 9292 ns, Total: 880750 ns
[2025-12-03T14:13:09.698+0000][7][gc,start    ] GC(25) Pause Young (Normal) (G1 Evacuation Pause)
[2025-12-03T14:13:09.699+0000][7][gc,task     ] GC(25) Using 8 workers of 8 for evacuation
[2025-12-03T14:13:09.699+0000][7][gc,age      ] GC(25) Desired survivor size 18874368 bytes, new threshold 15 (max threshold 15)
[2025-12-03T14:13:09.732+0000][7][gc,age      ] GC(25) Age table with threshold 15 (max threshold 15)
[2025-12-03T14:13:09.732+0000][7][gc,age      ] GC(25) - age   1:    2486944 bytes,    2486944 total
[2025-12-03T14:13:09.732+0000][7][gc,age      ] GC(25) - age   2:     367720 bytes,    2854664 total
[2025-12-03T14:13:09.732+0000][7][gc,age      ] GC(25) - age   3:     333568 bytes,    3188232 total
[2025-12-03T14:13:09.732+0000][7][gc,age      ] GC(25) - age   4:   12181800 bytes,   15370032 total
[2025-12-03T14:13:09.732+0000][7][gc,age      ] GC(25) - age   5:    1565504 bytes,   16935536 total
[2025-12-03T14:13:09.732+0000][7][gc,phases   ] GC(25)   Pre Evacuate Collection Set: 0.8ms
[2025-12-03T14:13:09.732+0000][7][gc,phases   ] GC(25)   Merge Heap Roots: 0.3ms
[2025-12-03T14:13:09.732+0000][7][gc,phases   ] GC(25)   Evacuate Collection Set: 26.3ms
[2025-12-03T14:13:09.732+0000][7][gc,phases   ] GC(25)   Post Evacuate Collection Set: 4.9ms
[2025-12-03T14:13:09.732+0000][7][gc,phases   ] GC(25)   Other: 1.9ms
[2025-12-03T14:13:09.732+0000][7][gc,heap     ] GC(25) Eden regions: 66->0(67)
[2025-12-03T14:13:09.732+0000][7][gc,heap     ] GC(25) Survivor regions: 5->5(9)
[2025-12-03T14:13:09.732+0000][7][gc,heap     ] GC(25) Old regions: 26->26
[2025-12-03T14:13:09.733+0000][7][gc,heap     ] GC(25) Archive regions: 2->2
[2025-12-03T14:13:09.733+0000][7][gc,heap     ] GC(25) Humongous regions: 2->2
[2025-12-03T14:13:09.733+0000][7][gc,metaspace] GC(25) Metaspace: 110174K(111808K)->110174K(111808K) NonClass: 95602K(96512K)->95602K(96512K) Class: 14572K(15296K)->14572K(15296K)
[2025-12-03T14:13:09.733+0000][7][gc          ] GC(25) Pause Young (Normal) (G1 Evacuation Pause) 396M->133M(512M) 34.365ms
[2025-12-03T14:13:09.733+0000][7][gc,cpu      ] GC(25) User=0.22s Sys=0.01s Real=0.03s
[2025-12-03T14:13:09.733+0000][7][safepoint   ] Safepoint "G1CollectForAllocation", Time since last: 1066504500 ns, Reaching safepoint: 93417 ns, At safepoint: 34759333 ns, Total: 34852750 ns
[2025-12-03T14:13:11.735+0000][7][safepoint   ] Safepoint "Cleanup", Time since last: 2002429793 ns, Reaching safepoint: 76792 ns, At safepoint: 3375 ns, Total: 80167 ns
[2025-12-03T14:13:12.737+0000][7][safepoint   ] Safepoint "Cleanup", Time since last: 1002060792 ns, Reaching safepoint: 132667 ns, At safepoint: 4125 ns, Total: 136792 ns
[2025-12-03T14:13:13.739+0000][7][safepoint   ] Safepoint "Cleanup", Time since last: 1000911333 ns, Reaching safepoint: 153334 ns, At safepoint: 10833 ns, Total: 164167 ns
[2025-12-03T14:13:14.739+0000][7][safepoint   ] Safepoint "Cleanup", Time since last: 1000662875 ns, Reaching safepoint: 129125 ns, At safepoint: 9500 ns, Total: 138625 ns
[2025-12-03T14:13:15.741+0000][7][safepoint   ] Safepoint "Cleanup", Time since last: 1001066834 ns, Reaching safepoint: 110917 ns, At safepoint: 6042 ns, Total: 116959 ns
[2025-12-03T14:13:16.742+0000][7][safepoint   ] Safepoint "Cleanup", Time since last: 1001412167 ns, Reaching safepoint: 202083 ns, At safepoint: 9917 ns, Total: 212000 ns
[2025-12-03T14:13:18.748+0000][7][safepoint   ] Safepoint "Cleanup", Time since last: 2005062751 ns, Reaching safepoint: 663708 ns, At safepoint: 17583 ns, Total: 681291 ns
[2025-12-03T14:13:20.752+0000][7][safepoint   ] Safepoint "Cleanup", Time since last: 2004320126 ns, Reaching safepoint: 63625 ns, At safepoint: 3209 ns, Total: 66834 ns
[2025-12-03T14:13:21.754+0000][7][safepoint   ] Safepoint "Cleanup", Time since last: 1001094375 ns, Reaching safepoint: 228375 ns, At safepoint: 4000 ns, Total: 232375 ns
[2025-12-03T14:13:22.759+0000][7][safepoint   ] Safepoint "Cleanup", Time since last: 1004841959 ns, Reaching safepoint: 194792 ns, At safepoint: 16583 ns, Total: 211375 ns
[2025-12-03T14:13:23.760+0000][7][safepoint   ] Safepoint "Cleanup", Time since last: 1001522417 ns, Reaching safepoint: 60125 ns, At safepoint: 6875 ns, Total: 67000 ns
[2025-12-03T14:13:24.763+0000][7][safepoint   ] Safepoint "Cleanup", Time since last: 1002565292 ns, Reaching safepoint: 148792 ns, At safepoint: 4792 ns, Total: 153584 ns
[2025-12-03T14:13:25.765+0000][7][safepoint   ] Safepoint "Cleanup", Time since last: 1001419333 ns, Reaching safepoint: 120625 ns, At safepoint: 6208 ns, Total: 126833 ns
[2025-12-03T14:13:26.766+0000][7][safepoint   ] Safepoint "Cleanup", Time since last: 1000907209 ns, Reaching safepoint: 85334 ns, At safepoint: 6666 ns, Total: 92000 ns
[2025-12-03T14:13:27.768+0000][7][safepoint   ] Safepoint "Cleanup", Time since last: 1001774001 ns, Reaching safepoint: 144666 ns, At safepoint: 4834 ns, Total: 149500 ns
[2025-12-03T14:13:29.771+0000][7][safepoint   ] Safepoint "Cleanup", Time since last: 2002403376 ns, Reaching safepoint: 298708 ns, At safepoint: 12583 ns, Total: 311291 ns
[2025-12-03T14:13:32.777+0000][7][safepoint   ] Safepoint "Cleanup", Time since last: 3005735127 ns, Reaching safepoint: 172541 ns, At safepoint: 3750 ns, Total: 176291 ns
[2025-12-03T14:13:33.778+0000][7][safepoint   ] Safepoint "Cleanup", Time since last: 1001470293 ns, Reaching safepoint: 103708 ns, At safepoint: 4708 ns, Total: 108416 ns
[2025-12-03T14:13:35.781+0000][7][safepoint   ] Safepoint "Cleanup", Time since last: 2003019710 ns, Reaching safepoint: 98708 ns, At safepoint: 4583 ns, Total: 103291 ns
[2025-12-03T14:13:36.784+0000][7][safepoint   ] Safepoint "Cleanup", Time since last: 1002322584 ns, Reaching safepoint: 166042 ns, At safepoint: 9166 ns, Total: 175208 ns
[2025-12-03T14:13:38.786+0000][7][safepoint   ] Safepoint "Cleanup", Time since last: 2002039168 ns, Reaching safepoint: 57792 ns, At safepoint: 5375 ns, Total: 63167 ns
[2025-12-03T14:13:40.788+0000][7][safepoint   ] Safepoint "Cleanup", Time since last: 2001921501 ns, Reaching safepoint: 68125 ns, At safepoint: 10833 ns, Total: 78958 ns
[2025-12-03T14:13:41.789+0000][7][safepoint   ] Safepoint "Cleanup", Time since last: 1000939209 ns, Reaching safepoint: 211166 ns, At safepoint: 10959 ns, Total: 222125 ns
[2025-12-03T14:13:42.793+0000][7][safepoint   ] Safepoint "Cleanup", Time since last: 1003803334 ns, Reaching safepoint: 222041 ns, At safepoint: 14000 ns, Total: 236041 ns
[2025-12-03T14:13:45.799+0000][7][safepoint   ] Safepoint "Cleanup", Time since last: 3005750043 ns, Reaching safepoint: 143959 ns, At safepoint: 7375 ns, Total: 151334 ns
[2025-12-03T14:13:46.801+0000][7][safepoint   ] Safepoint "Cleanup", Time since last: 1001054375 ns, Reaching safepoint: 817833 ns, At safepoint: 14375 ns, Total: 832208 ns
[2025-12-03T14:13:47.805+0000][7][safepoint   ] Safepoint "Cleanup", Time since last: 1003914834 ns, Reaching safepoint: 133209 ns, At safepoint: 7583 ns, Total: 140792 ns
[2025-12-03T14:13:48.809+0000][7][safepoint   ] Safepoint "Cleanup", Time since last: 1003843209 ns, Reaching safepoint: 373666 ns, At safepoint: 10292 ns, Total: 383958 ns
[2025-12-03T14:13:50.812+0000][7][safepoint   ] Safepoint "Cleanup", Time since last: 2002531918 ns, Reaching safepoint: 115333 ns, At safepoint: 3792 ns, Total: 119125 ns
[2025-12-03T14:13:51.814+0000][7][safepoint   ] Safepoint "Cleanup", Time since last: 1002041167 ns, Reaching safepoint: 227208 ns, At safepoint: 11709 ns, Total: 238917 ns
[2025-12-03T14:13:52.116+0000][7][gc,start    ] GC(26) Pause Young (Normal) (G1 Evacuation Pause)
[2025-12-03T14:13:52.116+0000][7][gc,task     ] GC(26) Using 8 workers of 8 for evacuation
[2025-12-03T14:13:52.116+0000][7][gc,age      ] GC(26) Desired survivor size 18874368 bytes, new threshold 15 (max threshold 15)
[2025-12-03T14:13:52.134+0000][7][gc,age      ] GC(26) Age table with threshold 15 (max threshold 15)
[2025-12-03T14:13:52.134+0000][7][gc,age      ] GC(26) - age   1:    1188400 bytes,    1188400 total
[2025-12-03T14:13:52.134+0000][7][gc,age      ] GC(26) - age   2:    1368520 bytes,    2556920 total
[2025-12-03T14:13:52.134+0000][7][gc,age      ] GC(26) - age   3:     229576 bytes,    2786496 total
[2025-12-03T14:13:52.134+0000][7][gc,age      ] GC(26) - age   4:     332520 bytes,    3119016 total
[2025-12-03T14:13:52.134+0000][7][gc,age      ] GC(26) - age   5:   12179192 bytes,   15298208 total
[2025-12-03T14:13:52.134+0000][7][gc,age      ] GC(26) - age   6:    1565472 bytes,   16863680 total
[2025-12-03T14:13:52.134+0000][7][gc,phases   ] GC(26)   Pre Evacuate Collection Set: 0.5ms
[2025-12-03T14:13:52.134+0000][7][gc,phases   ] GC(26)   Merge Heap Roots: 0.3ms
[2025-12-03T14:13:52.134+0000][7][gc,phases   ] GC(26)   Evacuate Collection Set: 15.3ms
[2025-12-03T14:13:52.134+0000][7][gc,phases   ] GC(26)   Post Evacuate Collection Set: 1.4ms
[2025-12-03T14:13:52.135+0000][7][gc,phases   ] GC(26)   Other: 1.4ms
[2025-12-03T14:13:52.135+0000][7][gc,heap     ] GC(26) Eden regions: 67->0(68)
[2025-12-03T14:13:52.135+0000][7][gc,heap     ] GC(26) Survivor regions: 5->5(9)
[2025-12-03T14:13:52.135+0000][7][gc,heap     ] GC(26) Old regions: 26->26
[2025-12-03T14:13:52.135+0000][7][gc,heap     ] GC(26) Archive regions: 2->2
[2025-12-03T14:13:52.135+0000][7][gc,heap     ] GC(26) Humongous regions: 2->2
[2025-12-03T14:13:52.135+0000][7][gc,metaspace] GC(26) Metaspace: 110445K(112064K)->110445K(112064K) NonClass: 95871K(96768K)->95871K(96768K) Class: 14574K(15296K)->14574K(15296K)
[2025-12-03T14:13:52.135+0000][7][gc          ] GC(26) Pause Young (Normal) (G1 Evacuation Pause) 401M->132M(512M) 19.332ms
[2025-12-03T14:13:52.135+0000][7][gc,cpu      ] GC(26) User=0.12s Sys=0.01s Real=0.02s
[2025-12-03T14:13:52.135+0000][7][safepoint   ] Safepoint "G1CollectForAllocation", Time since last: 301167791 ns, Reaching safepoint: 84084 ns, At safepoint: 19595750 ns, Total: 19679834 ns
[2025-12-03T14:13:53.138+0000][7][safepoint   ] Safepoint "Cleanup", Time since last: 1002349458 ns, Reaching safepoint: 317459 ns, At safepoint: 20708 ns, Total: 338167 ns
[2025-12-03T14:13:54.139+0000][7][safepoint   ] Safepoint "Cleanup", Time since last: 1001335042 ns, Reaching safepoint: 112500 ns, At safepoint: 5834 ns, Total: 118334 ns
[2025-12-03T14:13:57.144+0000][7][safepoint   ] Safepoint "Cleanup", Time since last: 3003904792 ns, Reaching safepoint: 76667 ns, At safepoint: 2958 ns, Total: 79625 ns
[2025-12-03T14:14:00.150+0000][7][safepoint   ] Safepoint "Cleanup", Time since last: 3005881043 ns, Reaching safepoint: 153625 ns, At safepoint: 5167 ns, Total: 158792 ns
[2025-12-03T14:14:02.629+0000][7][safepoint   ] Safepoint "Cleanup", Time since last: 2478604293 ns, Reaching safepoint: 85458 ns, At safepoint: 6875 ns, Total: 92333 ns
[2025-12-03T14:14:03.631+0000][7][safepoint   ] Safepoint "Cleanup", Time since last: 1001701417 ns, Reaching safepoint: 377750 ns, At safepoint: 19292 ns, Total: 397042 ns
[2025-12-03T14:14:05.637+0000][7][safepoint   ] Safepoint "Cleanup", Time since last: 2005851167 ns, Reaching safepoint: 105500 ns, At safepoint: 4584 ns, Total: 110084 ns
[2025-12-03T14:14:08.648+0000][7][safepoint   ] Safepoint "Cleanup", Time since last: 3009846918 ns, Reaching safepoint: 1272792 ns, At safepoint: 8416 ns, Total: 1281208 ns
[2025-12-03T14:14:09.654+0000][7][safepoint   ] Safepoint "Cleanup", Time since last: 1005524584 ns, Reaching safepoint: 221042 ns, At safepoint: 4291 ns, Total: 225333 ns
[2025-12-03T14:14:11.659+0000][7][safepoint   ] Safepoint "Cleanup", Time since last: 2004665501 ns, Reaching safepoint: 519500 ns, At safepoint: 7875 ns, Total: 527375 ns
[2025-12-03T14:14:12.661+0000][7][safepoint   ] Safepoint "Cleanup", Time since last: 1001490751 ns, Reaching safepoint: 175958 ns, At safepoint: 4458 ns, Total: 180416 ns
[2025-12-03T14:14:13.662+0000][7][safepoint   ] Safepoint "Cleanup", Time since last: 1001268293 ns, Reaching safepoint: 163208 ns, At safepoint: 5333 ns, Total: 168541 ns
[2025-12-03T14:14:14.663+0000][7][safepoint   ] Safepoint "Cleanup", Time since last: 1000860084 ns, Reaching safepoint: 74875 ns, At safepoint: 2667 ns, Total: 77542 ns
[2025-12-03T14:14:15.665+0000][7][safepoint   ] Safepoint "Cleanup", Time since last: 1001942000 ns, Reaching safepoint: 191167 ns, At safepoint: 10875 ns, Total: 202042 ns
[2025-12-03T14:14:16.668+0000][7][safepoint   ] Safepoint "Cleanup", Time since last: 1001783125 ns, Reaching safepoint: 770792 ns, At safepoint: 59625 ns, Total: 830417 ns
[2025-12-03T14:14:17.669+0000][7][safepoint   ] Safepoint "Cleanup", Time since last: 1001419167 ns, Reaching safepoint: 96209 ns, At safepoint: 4750 ns, Total: 100959 ns
[2025-12-03T14:14:21.676+0000][7][safepoint   ] Safepoint "Cleanup", Time since last: 4006467293 ns, Reaching safepoint: 168625 ns, At safepoint: 5083 ns, Total: 173708 ns
[2025-12-03T14:14:22.681+0000][7][safepoint   ] Safepoint "Cleanup", Time since last: 1004857209 ns, Reaching safepoint: 121500 ns, At safepoint: 5000 ns, Total: 126500 ns
[2025-12-03T14:14:23.682+0000][7][safepoint   ] Safepoint "Cleanup", Time since last: 1000888334 ns, Reaching safepoint: 88333 ns, At safepoint: 8625 ns, Total: 96958 ns
[2025-12-03T14:14:24.683+0000][7][safepoint   ] Safepoint "Cleanup", Time since last: 1000965918 ns, Reaching safepoint: 98750 ns, At safepoint: 3541 ns, Total: 102291 ns
[2025-12-03T14:14:26.686+0000][7][safepoint   ] Safepoint "Cleanup", Time since last: 2001844334 ns, Reaching safepoint: 219542 ns, At safepoint: 7250 ns, Total: 226792 ns
[2025-12-03T14:14:27.689+0000][7][safepoint   ] Safepoint "Cleanup", Time since last: 1002480334 ns, Reaching safepoint: 458625 ns, At safepoint: 44041 ns, Total: 502666 ns
[2025-12-03T14:14:28.691+0000][7][safepoint   ] Safepoint "Cleanup", Time since last: 1002159251 ns, Reaching safepoint: 133375 ns, At safepoint: 7250 ns, Total: 140625 ns
[2025-12-03T14:14:29.694+0000][7][safepoint   ] Safepoint "Cleanup", Time since last: 1002614209 ns, Reaching safepoint: 112791 ns, At safepoint: 5084 ns, Total: 117875 ns
[2025-12-03T14:14:32.696+0000][7][safepoint   ] Safepoint "Cleanup", Time since last: 3001831876 ns, Reaching safepoint: 96125 ns, At safepoint: 5375 ns, Total: 101500 ns
[2025-12-03T14:14:33.697+0000][7][safepoint   ] Safepoint "Cleanup", Time since last: 1000941501 ns, Reaching safepoint: 51750 ns, At safepoint: 1625 ns, Total: 53375 ns
[2025-12-03T14:14:35.702+0000][7][safepoint   ] Safepoint "Cleanup", Time since last: 2004863500 ns, Reaching safepoint: 58959 ns, At safepoint: 2625 ns, Total: 61584 ns
[2025-12-03T14:14:36.703+0000][7][safepoint   ] Safepoint "Cleanup", Time since last: 1000960292 ns, Reaching safepoint: 257833 ns, At safepoint: 7459 ns, Total: 265292 ns
[2025-12-03T14:14:38.705+0000][7][safepoint   ] Safepoint "Cleanup", Time since last: 2001630834 ns, Reaching safepoint: 545875 ns, At safepoint: 34833 ns, Total: 580708 ns
[2025-12-03T14:14:39.309+0000][7][gc,start    ] GC(27) Pause Young (Normal) (G1 Evacuation Pause)
[2025-12-03T14:14:39.309+0000][7][gc,task     ] GC(27) Using 8 workers of 8 for evacuation
[2025-12-03T14:14:39.312+0000][7][gc,age      ] GC(27) Desired survivor size 20971520 bytes, new threshold 15 (max threshold 15)
[2025-12-03T14:14:39.346+0000][7][gc,age      ] GC(27) Age table with threshold 15 (max threshold 15)
[2025-12-03T14:14:39.346+0000][7][gc,age      ] GC(27) - age   1:    2268072 bytes,    2268072 total
[2025-12-03T14:14:39.346+0000][7][gc,age      ] GC(27) - age   2:     172608 bytes,    2440680 total
[2025-12-03T14:14:39.346+0000][7][gc,age      ] GC(27) - age   3:    1101240 bytes,    3541920 total
[2025-12-03T14:14:39.346+0000][7][gc,age      ] GC(27) - age   4:     212296 bytes,    3754216 total
[2025-12-03T14:14:39.346+0000][7][gc,age      ] GC(27) - age   5:     332032 bytes,    4086248 total
[2025-12-03T14:14:39.346+0000][7][gc,age      ] GC(27) - age   6:   12179104 bytes,   16265352 total
[2025-12-03T14:14:39.346+0000][7][gc,age      ] GC(27) - age   7:    1565472 bytes,   17830824 total
[2025-12-03T14:14:39.347+0000][7][gc,phases   ] GC(27)   Pre Evacuate Collection Set: 3.1ms
[2025-12-03T14:14:39.347+0000][7][gc,phases   ] GC(27)   Merge Heap Roots: 0.2ms
[2025-12-03T14:14:39.347+0000][7][gc,phases   ] GC(27)   Evacuate Collection Set: 28.7ms
[2025-12-03T14:14:39.347+0000][7][gc,phases   ] GC(27)   Post Evacuate Collection Set: 2.4ms
[2025-12-03T14:14:39.347+0000][7][gc,phases   ] GC(27)   Other: 5.9ms
[2025-12-03T14:14:39.347+0000][7][gc,heap     ] GC(27) Eden regions: 68->0(68)
[2025-12-03T14:14:39.347+0000][7][gc,heap     ] GC(27) Survivor regions: 5->5(10)
[2025-12-03T14:14:39.347+0000][7][gc,heap     ] GC(27) Old regions: 26->26
[2025-12-03T14:14:39.347+0000][7][gc,heap     ] GC(27) Archive regions: 2->2
[2025-12-03T14:14:39.347+0000][7][gc,heap     ] GC(27) Humongous regions: 2->2
[2025-12-03T14:14:39.347+0000][7][gc,metaspace] GC(27) Metaspace: 110732K(112384K)->110732K(112384K) NonClass: 96155K(97088K)->96155K(97088K) Class: 14577K(15296K)->14577K(15296K)
[2025-12-03T14:14:39.347+0000][7][gc          ] GC(27) Pause Young (Normal) (G1 Evacuation Pause) 404M->133M(512M) 38.761ms
[2025-12-03T14:14:39.347+0000][7][gc,cpu      ] GC(27) User=0.21s Sys=0.01s Real=0.04s
[2025-12-03T14:14:39.347+0000][7][safepoint   ] Safepoint "G1CollectForAllocation", Time since last: 601000334 ns, Reaching safepoint: 216875 ns, At safepoint: 41190583 ns, Total: 41407458 ns
[2025-12-03T14:14:42.353+0000][7][safepoint   ] Safepoint "Cleanup", Time since last: 3005129710 ns, Reaching safepoint: 236792 ns, At safepoint: 12375 ns, Total: 249167 ns
[2025-12-03T14:14:46.358+0000][7][safepoint   ] Safepoint "Cleanup", Time since last: 4004956918 ns, Reaching safepoint: 557917 ns, At safepoint: 38125 ns, Total: 596042 ns
[2025-12-03T14:14:48.365+0000][7][safepoint   ] Safepoint "Cleanup", Time since last: 2006679126 ns, Reaching safepoint: 224458 ns, At safepoint: 7250 ns, Total: 231708 ns
[2025-12-03T14:14:49.367+0000][7][safepoint   ] Safepoint "Cleanup", Time since last: 1001346459 ns, Reaching safepoint: 223000 ns, At safepoint: 17000 ns, Total: 240000 ns
[2025-12-03T14:14:51.369+0000][7][safepoint   ] Safepoint "Cleanup", Time since last: 2001832668 ns, Reaching safepoint: 289708 ns, At safepoint: 13583 ns, Total: 303291 ns
[2025-12-03T14:14:52.370+0000][7][safepoint   ] Safepoint "Cleanup", Time since last: 1000712834 ns, Reaching safepoint: 117042 ns, At safepoint: 11666 ns, Total: 128708 ns
[2025-12-03T14:14:53.371+0000][7][safepoint   ] Safepoint "Cleanup", Time since last: 1000802126 ns, Reaching safepoint: 354458 ns, At safepoint: 16500 ns, Total: 370958 ns
[2025-12-03T14:14:54.372+0000][7][safepoint   ] Safepoint "Cleanup", Time since last: 1001008417 ns, Reaching safepoint: 398750 ns, At safepoint: 13334 ns, Total: 412084 ns
[2025-12-03T14:14:56.376+0000][7][safepoint   ] Safepoint "Cleanup", Time since last: 2002160833 ns, Reaching safepoint: 108583 ns, At safepoint: 5292 ns, Total: 113875 ns
[2025-12-03T14:14:57.379+0000][7][safepoint   ] Safepoint "Cleanup", Time since last: 1001983084 ns, Reaching safepoint: 271500 ns, At safepoint: 4083 ns, Total: 275583 ns
[2025-12-03T14:14:58.380+0000][7][safepoint   ] Safepoint "Cleanup", Time since last: 1000657792 ns, Reaching safepoint: 1111959 ns, At safepoint: 44375 ns, Total: 1156334 ns
[2025-12-03T14:15:00.386+0000][7][safepoint   ] Safepoint "Cleanup", Time since last: 2005863751 ns, Reaching safepoint: 218791 ns, At safepoint: 9542 ns, Total: 228333 ns
[2025-12-03T14:15:02.393+0000][7][safepoint   ] Safepoint "Cleanup", Time since last: 2006094876 ns, Reaching safepoint: 241667 ns, At safepoint: 9541 ns, Total: 251208 ns
[2025-12-03T14:15:03.719+0000][7][safepoint   ] Safepoint "Cleanup", Time since last: 1325452959 ns, Reaching safepoint: 407584 ns, At safepoint: 11333 ns, Total: 418917 ns
[2025-12-03T14:15:05.722+0000][7][safepoint   ] Safepoint "Cleanup", Time since last: 2003273292 ns, Reaching safepoint: 53042 ns, At safepoint: 3292 ns, Total: 56334 ns
[2025-12-03T14:15:06.727+0000][7][safepoint   ] Safepoint "Cleanup", Time since last: 1004296459 ns, Reaching safepoint: 545250 ns, At safepoint: 12166 ns, Total: 557416 ns
[2025-12-03T14:15:08.509+0000][7][safepoint   ] Safepoint "ICBufferFull", Time since last: 1765794709 ns, Reaching safepoint: 15835292 ns, At safepoint: 23292 ns, Total: 15858584 ns
[2025-12-03T14:15:08.538+0000][7][safepoint   ] Safepoint "ICBufferFull", Time since last: 28928375 ns, Reaching safepoint: 157375 ns, At safepoint: 2833 ns, Total: 160208 ns
[2025-12-03T14:15:08.730+0000][7][safepoint   ] Safepoint "ICBufferFull", Time since last: 192097750 ns, Reaching safepoint: 166959 ns, At safepoint: 3875 ns, Total: 170834 ns
[2025-12-03T14:15:09.272+0000][7][safepoint   ] Safepoint "ICBufferFull", Time since last: 542233500 ns, Reaching safepoint: 144417 ns, At safepoint: 3000 ns, Total: 147417 ns
[2025-12-03T14:15:09.293+0000][7][safepoint   ] Safepoint "ICBufferFull", Time since last: 20185458 ns, Reaching safepoint: 170833 ns, At safepoint: 9584 ns, Total: 180417 ns
[2025-12-03T14:15:10.298+0000][7][safepoint   ] Safepoint "Cleanup", Time since last: 1005455208 ns, Reaching safepoint: 371500 ns, At safepoint: 8250 ns, Total: 379750 ns
[2025-12-03T14:15:11.299+0000][7][safepoint   ] Safepoint "Cleanup", Time since last: 1000599626 ns, Reaching safepoint: 109416 ns, At safepoint: 3917 ns, Total: 113333 ns
[2025-12-03T14:15:11.726+0000][7][safepoint   ] Safepoint "ICBufferFull", Time since last: 427030375 ns, Reaching safepoint: 192292 ns, At safepoint: 9875 ns, Total: 202167 ns
[2025-12-03T14:15:11.727+0000][7][gc,start    ] GC(28) Pause Young (Normal) (G1 Evacuation Pause)
[2025-12-03T14:15:11.727+0000][7][gc,task     ] GC(28) Using 8 workers of 8 for evacuation
[2025-12-03T14:15:11.728+0000][7][gc,age      ] GC(28) Desired survivor size 20971520 bytes, new threshold 15 (max threshold 15)
[2025-12-03T14:15:11.742+0000][7][gc,age      ] GC(28) Age table with threshold 15 (max threshold 15)
[2025-12-03T14:15:11.742+0000][7][gc,age      ] GC(28) - age   1:    5107152 bytes,    5107152 total
[2025-12-03T14:15:11.742+0000][7][gc,age      ] GC(28) - age   2:     420464 bytes,    5527616 total
[2025-12-03T14:15:11.742+0000][7][gc,age      ] GC(28) - age   3:      20000 bytes,    5547616 total
[2025-12-03T14:15:11.742+0000][7][gc,age      ] GC(28) - age   4:      26864 bytes,    5574480 total
[2025-12-03T14:15:11.742+0000][7][gc,age      ] GC(28) - age   5:      42392 bytes,    5616872 total
[2025-12-03T14:15:11.742+0000][7][gc,age      ] GC(28) - age   6:     184120 bytes,    5800992 total
[2025-12-03T14:15:11.742+0000][7][gc,age      ] GC(28) - age   7:    1126264 bytes,    6927256 total
[2025-12-03T14:15:11.742+0000][7][gc,age      ] GC(28) - age   8:    1533536 bytes,    8460792 total
[2025-12-03T14:15:11.743+0000][7][gc,phases   ] GC(28)   Pre Evacuate Collection Set: 0.3ms
[2025-12-03T14:15:11.743+0000][7][gc,phases   ] GC(28)   Merge Heap Roots: 0.1ms
[2025-12-03T14:15:11.743+0000][7][gc,phases   ] GC(28)   Evacuate Collection Set: 12.8ms
[2025-12-03T14:15:11.743+0000][7][gc,phases   ] GC(28)   Post Evacuate Collection Set: 1.0ms
[2025-12-03T14:15:11.743+0000][7][gc,phases   ] GC(28)   Other: 1.2ms
[2025-12-03T14:15:11.743+0000][7][gc,heap     ] GC(28) Eden regions: 68->0(70)
[2025-12-03T14:15:11.743+0000][7][gc,heap     ] GC(28) Survivor regions: 5->3(10)
[2025-12-03T14:15:11.743+0000][7][gc,heap     ] GC(28) Old regions: 26->26
[2025-12-03T14:15:11.743+0000][7][gc,heap     ] GC(28) Archive regions: 2->2
[2025-12-03T14:15:11.743+0000][7][gc,heap     ] GC(28) Humongous regions: 2->2
[2025-12-03T14:15:11.743+0000][7][gc,metaspace] GC(28) Metaspace: 111739K(113408K)->111739K(113408K) NonClass: 97006K(97920K)->97006K(97920K) Class: 14732K(15488K)->14732K(15488K)
[2025-12-03T14:15:11.744+0000][7][gc          ] GC(28) Pause Young (Normal) (G1 Evacuation Pause) 405M->125M(512M) 16.277ms
[2025-12-03T14:15:11.744+0000][7][gc,cpu      ] GC(28) User=0.09s Sys=0.00s Real=0.02s
[2025-12-03T14:15:11.744+0000][7][safepoint   ] Safepoint "G1CollectForAllocation", Time since last: 706458 ns, Reaching safepoint: 33875 ns, At safepoint: 16517875 ns, Total: 16551750 ns
[2025-12-03T14:15:12.515+0000][7][safepoint   ] Safepoint "ICBufferFull", Time since last: 771135501 ns, Reaching safepoint: 115000 ns, At safepoint: 3333 ns, Total: 118333 ns
[2025-12-03T14:15:13.722+0000][7][safepoint   ] Safepoint "Cleanup", Time since last: 1169412167 ns, Reaching safepoint: 37091000 ns, At safepoint: 93750 ns, Total: 37184750 ns
[2025-12-03T14:15:14.748+0000][7][safepoint   ] Safepoint "Cleanup", Time since last: 1025737542 ns, Reaching safepoint: 980042 ns, At safepoint: 10208 ns, Total: 990250 ns
[2025-12-03T14:15:15.750+0000][7][safepoint   ] Safepoint "Cleanup", Time since last: 1001772209 ns, Reaching safepoint: 115250 ns, At safepoint: 12709 ns, Total: 127959 ns
[2025-12-03T14:15:16.755+0000][7][safepoint   ] Safepoint "Cleanup", Time since last: 1004274167 ns, Reaching safepoint: 661250 ns, At safepoint: 12250 ns, Total: 673500 ns
[2025-12-03T14:15:17.758+0000][7][safepoint   ] Safepoint "Cleanup", Time since last: 1003043417 ns, Reaching safepoint: 64167 ns, At safepoint: 3541 ns, Total: 67708 ns
[2025-12-03T14:15:20.762+0000][7][safepoint   ] Safepoint "Cleanup", Time since last: 3004120543 ns, Reaching safepoint: 112334 ns, At safepoint: 4583 ns, Total: 116917 ns
[2025-12-03T14:15:22.771+0000][7][safepoint   ] Safepoint "Cleanup", Time since last: 2007692293 ns, Reaching safepoint: 522208 ns, At safepoint: 27875 ns, Total: 550083 ns
[2025-12-03T14:15:23.772+0000][7][safepoint   ] Safepoint "Cleanup", Time since last: 1001573417 ns, Reaching safepoint: 157250 ns, At safepoint: 3750 ns, Total: 161000 ns
[2025-12-03T14:15:24.773+0000][7][safepoint   ] Safepoint "Cleanup", Time since last: 1000782834 ns, Reaching safepoint: 200167 ns, At safepoint: 7416 ns, Total: 207583 ns
[2025-12-03T14:15:26.776+0000][7][safepoint   ] Safepoint "Cleanup", Time since last: 2002338959 ns, Reaching safepoint: 66750 ns, At safepoint: 3125 ns, Total: 69875 ns
[2025-12-03T14:15:27.777+0000][7][safepoint   ] Safepoint "Cleanup", Time since last: 1000406459 ns, Reaching safepoint: 195458 ns, At safepoint: 32208 ns, Total: 227666 ns
[2025-12-03T14:15:28.782+0000][7][safepoint   ] Safepoint "Cleanup", Time since last: 1005365626 ns, Reaching safepoint: 217917 ns, At safepoint: 19833 ns, Total: 237750 ns
[2025-12-03T14:15:32.790+0000][7][safepoint   ] Safepoint "Cleanup", Time since last: 4007235793 ns, Reaching safepoint: 94625 ns, At safepoint: 2959 ns, Total: 97584 ns
[2025-12-03T14:15:32.864+0000][7][gc,start    ] GC(29) Pause Young (Normal) (G1 Evacuation Pause)
[2025-12-03T14:15:32.864+0000][7][gc,task     ] GC(29) Using 8 workers of 8 for evacuation
[2025-12-03T14:15:32.865+0000][7][gc,age      ] GC(29) Desired survivor size 20971520 bytes, new threshold 15 (max threshold 15)
[2025-12-03T14:15:32.874+0000][7][gc,age      ] GC(29) Age table with threshold 15 (max threshold 15)
[2025-12-03T14:15:32.874+0000][7][gc,age      ] GC(29) - age   1:    3925520 bytes,    3925520 total
[2025-12-03T14:15:32.874+0000][7][gc,age      ] GC(29) - age   2:    2870536 bytes,    6796056 total
[2025-12-03T14:15:32.874+0000][7][gc,age      ] GC(29) - age   3:     286240 bytes,    7082296 total
[2025-12-03T14:15:32.874+0000][7][gc,age      ] GC(29) - age   4:      19408 bytes,    7101704 total
[2025-12-03T14:15:32.874+0000][7][gc,age      ] GC(29) - age   5:      26504 bytes,    7128208 total
[2025-12-03T14:15:32.874+0000][7][gc,age      ] GC(29) - age   6:      42328 bytes,    7170536 total
[2025-12-03T14:15:32.874+0000][7][gc,age      ] GC(29) - age   7:     183416 bytes,    7353952 total
[2025-12-03T14:15:32.874+0000][7][gc,age      ] GC(29) - age   8:    1118192 bytes,    8472144 total
[2025-12-03T14:15:32.874+0000][7][gc,age      ] GC(29) - age   9:    1526248 bytes,    9998392 total
[2025-12-03T14:15:32.874+0000][7][gc,phases   ] GC(29)   Pre Evacuate Collection Set: 0.3ms
[2025-12-03T14:15:32.874+0000][7][gc,phases   ] GC(29)   Merge Heap Roots: 0.1ms
[2025-12-03T14:15:32.874+0000][7][gc,phases   ] GC(29)   Evacuate Collection Set: 7.4ms
[2025-12-03T14:15:32.874+0000][7][gc,phases   ] GC(29)   Post Evacuate Collection Set: 1.1ms
[2025-12-03T14:15:32.874+0000][7][gc,phases   ] GC(29)   Other: 0.8ms
[2025-12-03T14:15:32.874+0000][7][gc,heap     ] GC(29) Eden regions: 70->0(71)
[2025-12-03T14:15:32.874+0000][7][gc,heap     ] GC(29) Survivor regions: 3->3(10)
[2025-12-03T14:15:32.874+0000][7][gc,heap     ] GC(29) Old regions: 26->26
[2025-12-03T14:15:32.874+0000][7][gc,heap     ] GC(29) Archive regions: 2->2
[2025-12-03T14:15:32.874+0000][7][gc,heap     ] GC(29) Humongous regions: 2->2
[2025-12-03T14:15:32.875+0000][7][gc,metaspace] GC(29) Metaspace: 111852K(113536K)->111852K(113536K) NonClass: 97120K(98048K)->97120K(98048K) Class: 14732K(15488K)->14732K(15488K)
[2025-12-03T14:15:32.875+0000][7][gc          ] GC(29) Pause Young (Normal) (G1 Evacuation Pause) 405M->125M(512M) 10.156ms
[2025-12-03T14:15:32.875+0000][7][gc,cpu      ] GC(29) User=0.05s Sys=0.00s Real=0.01s
[2025-12-03T14:15:32.875+0000][7][safepoint   ] Safepoint "G1CollectForAllocation", Time since last: 74763750 ns, Reaching safepoint: 60666 ns, At safepoint: 10283459 ns, Total: 10344125 ns
[2025-12-03T14:15:35.878+0000][7][safepoint   ] Safepoint "Cleanup", Time since last: 3003574626 ns, Reaching safepoint: 100084 ns, At safepoint: 3458 ns, Total: 103542 ns
[2025-12-03T14:15:36.880+0000][7][safepoint   ] Safepoint "Cleanup", Time since last: 1001104625 ns, Reaching safepoint: 165042 ns, At safepoint: 10833 ns, Total: 175875 ns
[2025-12-03T14:15:38.881+0000][7][safepoint   ] Safepoint "Cleanup", Time since last: 2001610335 ns, Reaching safepoint: 56291 ns, At safepoint: 3000 ns, Total: 59291 ns
[2025-12-03T14:15:41.885+0000][7][safepoint   ] Safepoint "Cleanup", Time since last: 3003193960 ns, Reaching safepoint: 259667 ns, At safepoint: 14041 ns, Total: 273708 ns
[2025-12-03T14:15:42.887+0000][7][safepoint   ] Safepoint "Cleanup", Time since last: 1001733751 ns, Reaching safepoint: 272125 ns, At safepoint: 9333 ns, Total: 281458 ns
[2025-12-03T14:15:44.894+0000][7][safepoint   ] Safepoint "Cleanup", Time since last: 2004691460 ns, Reaching safepoint: 1685583 ns, At safepoint: 370875 ns, Total: 2056458 ns
[2025-12-03T14:15:45.899+0000][7][safepoint   ] Safepoint "Cleanup", Time since last: 1005059917 ns, Reaching safepoint: 148625 ns, At safepoint: 11417 ns, Total: 160042 ns
[2025-12-03T14:15:46.900+0000][7][safepoint   ] Safepoint "Cleanup", Time since last: 1001112750 ns, Reaching safepoint: 141000 ns, At safepoint: 9500 ns, Total: 150500 ns
[2025-12-03T14:15:47.903+0000][7][safepoint   ] Safepoint "Cleanup", Time since last: 1002867126 ns, Reaching safepoint: 61416 ns, At safepoint: 3500 ns, Total: 64916 ns
[2025-12-03T14:15:48.905+0000][7][safepoint   ] Safepoint "Cleanup", Time since last: 1001870876 ns, Reaching safepoint: 267916 ns, At safepoint: 16667 ns, Total: 284583 ns
[2025-12-03T14:15:50.908+0000][7][safepoint   ] Safepoint "Cleanup", Time since last: 2002341334 ns, Reaching safepoint: 91834 ns, At safepoint: 3875 ns, Total: 95709 ns
[2025-12-03T14:15:51.909+0000][7][safepoint   ] Safepoint "Cleanup", Time since last: 1000897917 ns, Reaching safepoint: 344375 ns, At safepoint: 17417 ns, Total: 361792 ns
[2025-12-03T14:15:52.912+0000][7][safepoint   ] Safepoint "Cleanup", Time since last: 1002731250 ns, Reaching safepoint: 162167 ns, At safepoint: 8666 ns, Total: 170833 ns
[2025-12-03T14:15:56.921+0000][7][safepoint   ] Safepoint "Cleanup", Time since last: 4007735168 ns, Reaching safepoint: 208084 ns, At safepoint: 14000 ns, Total: 222084 ns
[2025-12-03T14:16:02.928+0000][7][safepoint   ] Safepoint "Cleanup", Time since last: 6007236002 ns, Reaching safepoint: 142584 ns, At safepoint: 4708 ns, Total: 147292 ns
[2025-12-03T14:16:03.930+0000][7][safepoint   ] Safepoint "Cleanup", Time since last: 1001226917 ns, Reaching safepoint: 122500 ns, At safepoint: 4250 ns, Total: 126750 ns
[2025-12-03T14:16:05.931+0000][7][safepoint   ] Safepoint "Cleanup", Time since last: 2001042918 ns, Reaching safepoint: 259000 ns, At safepoint: 12042 ns, Total: 271042 ns
[2025-12-03T14:16:07.933+0000][7][safepoint   ] Safepoint "Cleanup", Time since last: 2001837167 ns, Reaching safepoint: 409042 ns, At safepoint: 12958 ns, Total: 422000 ns
[2025-12-03T14:16:08.938+0000][7][safepoint   ] Safepoint "Cleanup", Time since last: 1004428209 ns, Reaching safepoint: 169833 ns, At safepoint: 11417 ns, Total: 181250 ns
[2025-12-03T14:16:09.943+0000][7][safepoint   ] Safepoint "Cleanup", Time since last: 1005237792 ns, Reaching safepoint: 133958 ns, At safepoint: 7875 ns, Total: 141833 ns
[2025-12-03T14:16:11.949+0000][7][safepoint   ] Safepoint "Cleanup", Time since last: 2005876585 ns, Reaching safepoint: 60166 ns, At safepoint: 3792 ns, Total: 63958 ns
[2025-12-03T14:16:12.950+0000][7][safepoint   ] Safepoint "Cleanup", Time since last: 1000333292 ns, Reaching safepoint: 105667 ns, At safepoint: 2917 ns, Total: 108584 ns
[2025-12-03T14:16:14.955+0000][7][safepoint   ] Safepoint "Cleanup", Time since last: 2004744751 ns, Reaching safepoint: 146583 ns, At safepoint: 4833 ns, Total: 151416 ns
[2025-12-03T14:16:15.959+0000][7][safepoint   ] Safepoint "Cleanup", Time since last: 1004000126 ns, Reaching safepoint: 222916 ns, At safepoint: 8667 ns, Total: 231583 ns
[2025-12-03T14:16:20.727+0000][7][gc,start    ] GC(30) Pause Young (Normal) (G1 Evacuation Pause)
[2025-12-03T14:16:20.727+0000][7][gc,task     ] GC(30) Using 8 workers of 8 for evacuation
[2025-12-03T14:16:20.727+0000][7][gc,age      ] GC(30) Desired survivor size 20971520 bytes, new threshold 15 (max threshold 15)
[2025-12-03T14:16:20.745+0000][7][gc,age      ] GC(30) Age table with threshold 15 (max threshold 15)
[2025-12-03T14:16:20.745+0000][7][gc,age      ] GC(30) - age   1:   13187472 bytes,   13187472 total
[2025-12-03T14:16:20.745+0000][7][gc,age      ] GC(30) - age   2:    1910200 bytes,   15097672 total
[2025-12-03T14:16:20.745+0000][7][gc,age      ] GC(30) - age   3:    2513496 bytes,   17611168 total
[2025-12-03T14:16:20.745+0000][7][gc,age      ] GC(30) - age   4:     153200 bytes,   17764368 total
[2025-12-03T14:16:20.746+0000][7][gc,age      ] GC(30) - age   5:      18448 bytes,   17782816 total
[2025-12-03T14:16:20.746+0000][7][gc,age      ] GC(30) - age   6:      26352 bytes,   17809168 total
[2025-12-03T14:16:20.746+0000][7][gc,age      ] GC(30) - age   7:      42000 bytes,   17851168 total
[2025-12-03T14:16:20.746+0000][7][gc,age      ] GC(30) - age   8:     182816 bytes,   18033984 total
[2025-12-03T14:16:20.746+0000][7][gc,age      ] GC(30) - age   9:    1117984 bytes,   19151968 total
[2025-12-03T14:16:20.746+0000][7][gc,age      ] GC(30) - age  10:    1526248 bytes,   20678216 total
[2025-12-03T14:16:20.746+0000][7][gc,phases   ] GC(30)   Pre Evacuate Collection Set: 0.4ms
[2025-12-03T14:16:20.746+0000][7][gc,phases   ] GC(30)   Merge Heap Roots: 0.1ms
[2025-12-03T14:16:20.746+0000][7][gc,phases   ] GC(30)   Evacuate Collection Set: 15.5ms
[2025-12-03T14:16:20.746+0000][7][gc,phases   ] GC(30)   Post Evacuate Collection Set: 1.7ms
[2025-12-03T14:16:20.746+0000][7][gc,phases   ] GC(30)   Other: 1.6ms
[2025-12-03T14:16:20.746+0000][7][gc,heap     ] GC(30) Eden regions: 71->0(65)
[2025-12-03T14:16:20.746+0000][7][gc,heap     ] GC(30) Survivor regions: 3->6(10)
[2025-12-03T14:16:20.746+0000][7][gc,heap     ] GC(30) Old regions: 26->26
[2025-12-03T14:16:20.746+0000][7][gc,heap     ] GC(30) Archive regions: 2->2
[2025-12-03T14:16:20.746+0000][7][gc,heap     ] GC(30) Humongous regions: 2->2
[2025-12-03T14:16:20.746+0000][7][gc,metaspace] GC(30) Metaspace: 112009K(113664K)->112009K(113664K) NonClass: 97276K(98176K)->97276K(98176K) Class: 14732K(15488K)->14732K(15488K)
[2025-12-03T14:16:20.747+0000][7][gc          ] GC(30) Pause Young (Normal) (G1 Evacuation Pause) 409M->135M(512M) 19.625ms
[2025-12-03T14:16:20.747+0000][7][gc,cpu      ] GC(30) User=0.07s Sys=0.00s Real=0.02s
[2025-12-03T14:16:20.747+0000][7][safepoint   ] Safepoint "G1CollectForAllocation", Time since last: 4767523627 ns, Reaching safepoint: 137250 ns, At safepoint: 20169959 ns, Total: 20307209 ns
[2025-12-03T14:16:21.750+0000][7][safepoint   ] Safepoint "Cleanup", Time since last: 1003116875 ns, Reaching safepoint: 191875 ns, At safepoint: 11417 ns, Total: 203292 ns
[2025-12-03T14:16:22.752+0000][7][safepoint   ] Safepoint "Cleanup", Time since last: 1002014125 ns, Reaching safepoint: 298500 ns, At safepoint: 12834 ns, Total: 311334 ns
[2025-12-03T14:16:24.706+0000][7][safepoint   ] Safepoint "Cleanup", Time since last: 1953462042 ns, Reaching safepoint: 127834 ns, At safepoint: 3958 ns, Total: 131792 ns
[2025-12-03T14:16:27.710+0000][7][safepoint   ] Safepoint "Cleanup", Time since last: 3002877543 ns, Reaching safepoint: 379208 ns, At safepoint: 23750 ns, Total: 402958 ns
[2025-12-03T14:16:30.716+0000][7][safepoint   ] Safepoint "Cleanup", Time since last: 3005842751 ns, Reaching safepoint: 379375 ns, At safepoint: 6250 ns, Total: 385625 ns
[2025-12-03T14:16:31.717+0000][7][safepoint   ] Safepoint "Cleanup", Time since last: 1000652501 ns, Reaching safepoint: 218833 ns, At safepoint: 10125 ns, Total: 228958 ns
[2025-12-03T14:16:32.718+0000][7][safepoint   ] Safepoint "Cleanup", Time since last: 1001306709 ns, Reaching safepoint: 135500 ns, At safepoint: 6542 ns, Total: 142042 ns
[2025-12-03T14:16:42.736+0000][7][safepoint   ] Safepoint "Cleanup", Time since last: 10016916213 ns, Reaching safepoint: 438541 ns, At safepoint: 20292 ns, Total: 458833 ns
[2025-12-03T14:16:48.744+0000][7][safepoint   ] Safepoint "Cleanup", Time since last: 6007757170 ns, Reaching safepoint: 263125 ns, At safepoint: 16208 ns, Total: 279333 ns
[2025-12-03T14:16:52.753+0000][7][safepoint   ] Safepoint "Cleanup", Time since last: 4008807169 ns, Reaching safepoint: 517083 ns, At safepoint: 14167 ns, Total: 531250 ns
[2025-12-03T14:16:53.755+0000][7][safepoint   ] Safepoint "Cleanup", Time since last: 1001865667 ns, Reaching safepoint: 317250 ns, At safepoint: 13041 ns, Total: 330291 ns
[2025-12-03T14:16:54.759+0000][7][safepoint   ] Safepoint "Cleanup", Time since last: 1002207626 ns, Reaching safepoint: 954375 ns, At safepoint: 14625 ns, Total: 969000 ns
[2025-12-03T14:17:00.768+0000][7][safepoint   ] Safepoint "Cleanup", Time since last: 6007884044 ns, Reaching safepoint: 107833 ns, At safepoint: 7125 ns, Total: 114958 ns
[2025-12-03T14:17:02.770+0000][7][safepoint   ] Safepoint "Cleanup", Time since last: 2002880251 ns, Reaching safepoint: 94958 ns, At safepoint: 4084 ns, Total: 99042 ns
[2025-12-03T14:17:05.774+0000][7][safepoint   ] Safepoint "Cleanup", Time since last: 3003009793 ns, Reaching safepoint: 128167 ns, At safepoint: 4458 ns, Total: 132625 ns
[2025-12-03T14:17:06.775+0000][7][safepoint   ] Safepoint "Cleanup", Time since last: 1000880584 ns, Reaching safepoint: 111416 ns, At safepoint: 7792 ns, Total: 119208 ns
[2025-12-03T14:17:08.776+0000][7][safepoint   ] Safepoint "Cleanup", Time since last: 2001763793 ns, Reaching safepoint: 74833 ns, At safepoint: 2042 ns, Total: 76875 ns
[2025-12-03T14:17:12.370+0000][7][gc,start    ] GC(31) Pause Young (Normal) (G1 Evacuation Pause)
[2025-12-03T14:17:12.370+0000][7][gc,task     ] GC(31) Using 8 workers of 8 for evacuation
[2025-12-03T14:17:12.370+0000][7][gc,age      ] GC(31) Desired survivor size 18874368 bytes, new threshold 9 (max threshold 15)
[2025-12-03T14:17:12.383+0000][7][gc,age      ] GC(31) Age table with threshold 9 (max threshold 15)
[2025-12-03T14:17:12.383+0000][7][gc,age      ] GC(31) - age   1:    2772608 bytes,    2772608 total
[2025-12-03T14:17:12.383+0000][7][gc,age      ] GC(31) - age   2:   11201968 bytes,   13974576 total
[2025-12-03T14:17:12.383+0000][7][gc,age      ] GC(31) - age   3:    1776192 bytes,   15750768 total
[2025-12-03T14:17:12.383+0000][7][gc,age      ] GC(31) - age   4:    2511896 bytes,   18262664 total
[2025-12-03T14:17:12.383+0000][7][gc,age      ] GC(31) - age   5:      21744 bytes,   18284408 total
[2025-12-03T14:17:12.383+0000][7][gc,age      ] GC(31) - age   6:      18448 bytes,   18302856 total
[2025-12-03T14:17:12.383+0000][7][gc,age      ] GC(31) - age   7:      26352 bytes,   18329208 total
[2025-12-03T14:17:12.383+0000][7][gc,age      ] GC(31) - age   8:      42000 bytes,   18371208 total
[2025-12-03T14:17:12.383+0000][7][gc,age      ] GC(31) - age   9:     182816 bytes,   18554024 total
[2025-12-03T14:17:12.383+0000][7][gc,phases   ] GC(31)   Pre Evacuate Collection Set: 0.3ms
[2025-12-03T14:17:12.383+0000][7][gc,phases   ] GC(31)   Merge Heap Roots: 0.1ms
[2025-12-03T14:17:12.383+0000][7][gc,phases   ] GC(31)   Evacuate Collection Set: 10.8ms
[2025-12-03T14:17:12.383+0000][7][gc,phases   ] GC(31)   Post Evacuate Collection Set: 1.2ms
[2025-12-03T14:17:12.383+0000][7][gc,phases   ] GC(31)   Other: 1.0ms
[2025-12-03T14:17:12.383+0000][7][gc,heap     ] GC(31) Eden regions: 65->0(66)
[2025-12-03T14:17:12.383+0000][7][gc,heap     ] GC(31) Survivor regions: 6->5(9)
[2025-12-03T14:17:12.384+0000][7][gc,heap     ] GC(31) Old regions: 26->27
[2025-12-03T14:17:12.384+0000][7][gc,heap     ] GC(31) Archive regions: 2->2
[2025-12-03T14:17:12.384+0000][7][gc,heap     ] GC(31) Humongous regions: 2->2
[2025-12-03T14:17:12.384+0000][7][gc,metaspace] GC(31) Metaspace: 112181K(113856K)->112181K(113856K) NonClass: 97449K(98368K)->97449K(98368K) Class: 14732K(15488K)->14732K(15488K)
[2025-12-03T14:17:12.384+0000][7][gc          ] GC(31) Pause Young (Normal) (G1 Evacuation Pause) 395M->137M(512M) 13.903ms
[2025-12-03T14:17:12.384+0000][7][gc,cpu      ] GC(31) User=0.09s Sys=0.00s Real=0.01s
[2025-12-03T14:17:12.384+0000][7][safepoint   ] Safepoint "G1CollectForAllocation", Time since last: 3593237043 ns, Reaching safepoint: 44458 ns, At safepoint: 14098459 ns, Total: 14142917 ns
[2025-12-03T14:17:13.385+0000][7][safepoint   ] Safepoint "Cleanup", Time since last: 1000525458 ns, Reaching safepoint: 132667 ns, At safepoint: 9125 ns, Total: 141792 ns
[2025-12-03T14:17:18.390+0000][7][safepoint   ] Safepoint "Cleanup", Time since last: 5004791669 ns, Reaching safepoint: 215834 ns, At safepoint: 8458 ns, Total: 224292 ns
[2025-12-03T14:17:19.391+0000][7][safepoint   ] Safepoint "Cleanup", Time since last: 1000940042 ns, Reaching safepoint: 275375 ns, At safepoint: 8583 ns, Total: 283958 ns
[2025-12-03T14:17:22.394+0000][7][safepoint   ] Safepoint "Cleanup", Time since last: 3002706960 ns, Reaching safepoint: 219500 ns, At safepoint: 11292 ns, Total: 230792 ns
[2025-12-03T14:17:24.397+0000][7][safepoint   ] Safepoint "Cleanup", Time since last: 2003605042 ns, Reaching safepoint: 130667 ns, At safepoint: 17042 ns, Total: 147709 ns
[2025-12-03T14:17:30.405+0000][7][safepoint   ] Safepoint "Cleanup", Time since last: 6005986294 ns, Reaching safepoint: 224958 ns, At safepoint: 7875 ns, Total: 232833 ns
[2025-12-03T14:17:32.408+0000][7][safepoint   ] Safepoint "Cleanup", Time since last: 2002722376 ns, Reaching safepoint: 77542 ns, At safepoint: 2917 ns, Total: 80459 ns
[2025-12-03T14:17:33.409+0000][7][safepoint   ] Safepoint "Cleanup", Time since last: 1000794750 ns, Reaching safepoint: 167292 ns, At safepoint: 8458 ns, Total: 175750 ns
[2025-12-03T14:17:36.412+0000][7][safepoint   ] Safepoint "Cleanup", Time since last: 3003291418 ns, Reaching safepoint: 247750 ns, At safepoint: 13333 ns, Total: 261083 ns
[2025-12-03T14:17:37.414+0000][7][safepoint   ] Safepoint "Cleanup", Time since last: 1001973793 ns, Reaching safepoint: 77833 ns, At safepoint: 3417 ns, Total: 81250 ns
[2025-12-03T14:17:38.417+0000][7][safepoint   ] Safepoint "Cleanup", Time since last: 1001527750 ns, Reaching safepoint: 954042 ns, At safepoint: 90958 ns, Total: 1045000 ns
[2025-12-03T14:17:39.419+0000][7][safepoint   ] Safepoint "Cleanup", Time since last: 1002163917 ns, Reaching safepoint: 272125 ns, At safepoint: 12167 ns, Total: 284292 ns
[2025-12-03T14:17:40.428+0000][7][safepoint   ] Safepoint "Cleanup", Time since last: 1008791875 ns, Reaching safepoint: 143584 ns, At safepoint: 32166 ns, Total: 175750 ns
[2025-12-03T14:17:42.431+0000][7][safepoint   ] Safepoint "Cleanup", Time since last: 2002298626 ns, Reaching safepoint: 63792 ns, At safepoint: 6875 ns, Total: 70667 ns
[2025-12-03T14:17:52.637+0000][7][safepoint   ] Safepoint "Cleanup", Time since last: 10205944047 ns, Reaching safepoint: 400166 ns, At safepoint: 12959 ns, Total: 413125 ns
[2025-12-03T14:17:53.639+0000][7][safepoint   ] Safepoint "Cleanup", Time since last: 1000712042 ns, Reaching safepoint: 289500 ns, At safepoint: 343208 ns, Total: 632708 ns
[2025-12-03T14:18:01.652+0000][7][safepoint   ] Safepoint "Cleanup", Time since last: 8012378253 ns, Reaching safepoint: 177459 ns, At safepoint: 8166 ns, Total: 185625 ns
[2025-12-03T14:18:02.654+0000][7][safepoint   ] Safepoint "Cleanup", Time since last: 1001704917 ns, Reaching safepoint: 103417 ns, At safepoint: 3208 ns, Total: 106625 ns
[2025-12-03T14:18:06.661+0000][7][safepoint   ] Safepoint "Cleanup", Time since last: 4007357252 ns, Reaching safepoint: 350000 ns, At safepoint: 13750 ns, Total: 363750 ns
[2025-12-03T14:18:07.664+0000][7][safepoint   ] Safepoint "Cleanup", Time since last: 1001909334 ns, Reaching safepoint: 620917 ns, At safepoint: 23083 ns, Total: 644000 ns
[2025-12-03T14:18:08.257+0000][7][gc,start    ] GC(32) Pause Young (Normal) (G1 Evacuation Pause)
[2025-12-03T14:18:08.257+0000][7][gc,task     ] GC(32) Using 8 workers of 8 for evacuation
[2025-12-03T14:18:08.257+0000][7][gc,age      ] GC(32) Desired survivor size 18874368 bytes, new threshold 15 (max threshold 15)
[2025-12-03T14:18:08.285+0000][7][gc,age      ] GC(32) Age table with threshold 15 (max threshold 15)
[2025-12-03T14:18:08.285+0000][7][gc,age      ] GC(32) - age   1:    2443576 bytes,    2443576 total
[2025-12-03T14:18:08.285+0000][7][gc,age      ] GC(32) - age   2:     325808 bytes,    2769384 total
[2025-12-03T14:18:08.285+0000][7][gc,age      ] GC(32) - age   3:   11052848 bytes,   13822232 total
[2025-12-03T14:18:08.285+0000][7][gc,age      ] GC(32) - age   4:    1774888 bytes,   15597120 total
[2025-12-03T14:18:08.285+0000][7][gc,age      ] GC(32) - age   5:    2380032 bytes,   17977152 total
[2025-12-03T14:18:08.285+0000][7][gc,age      ] GC(32) - age   6:      21744 bytes,   17998896 total
[2025-12-03T14:18:08.285+0000][7][gc,age      ] GC(32) - age   7:      18256 bytes,   18017152 total
[2025-12-03T14:18:08.285+0000][7][gc,age      ] GC(32) - age   8:      26352 bytes,   18043504 total
[2025-12-03T14:18:08.285+0000][7][gc,age      ] GC(32) - age   9:      41936 bytes,   18085440 total
[2025-12-03T14:18:08.286+0000][7][gc,age      ] GC(32) - age  10:     182368 bytes,   18267808 total
[2025-12-03T14:18:08.286+0000][7][gc,phases   ] GC(32)   Pre Evacuate Collection Set: 0.7ms
[2025-12-03T14:18:08.286+0000][7][gc,phases   ] GC(32)   Merge Heap Roots: 0.3ms
[2025-12-03T14:18:08.286+0000][7][gc,phases   ] GC(32)   Evacuate Collection Set: 24.3ms
[2025-12-03T14:18:08.286+0000][7][gc,phases   ] GC(32)   Post Evacuate Collection Set: 2.1ms
[2025-12-03T14:18:08.286+0000][7][gc,phases   ] GC(32)   Other: 1.7ms
[2025-12-03T14:18:08.286+0000][7][gc,heap     ] GC(32) Eden regions: 66->0(67)
[2025-12-03T14:18:08.286+0000][7][gc,heap     ] GC(32) Survivor regions: 5->5(9)
[2025-12-03T14:18:08.286+0000][7][gc,heap     ] GC(32) Old regions: 27->27
[2025-12-03T14:18:08.286+0000][7][gc,heap     ] GC(32) Archive regions: 2->2
[2025-12-03T14:18:08.286+0000][7][gc,heap     ] GC(32) Humongous regions: 2->2
[2025-12-03T14:18:08.286+0000][7][gc,metaspace] GC(32) Metaspace: 112350K(114048K)->112350K(114048K) NonClass: 97617K(98560K)->97617K(98560K) Class: 14732K(15488K)->14732K(15488K)
[2025-12-03T14:18:08.286+0000][7][gc          ] GC(32) Pause Young (Normal) (G1 Evacuation Pause) 401M->137M(512M) 29.776ms
[2025-12-03T14:18:08.287+0000][7][gc,cpu      ] GC(32) User=0.19s Sys=0.00s Real=0.03s
[2025-12-03T14:18:08.287+0000][7][safepoint   ] Safepoint "G1CollectForAllocation", Time since last: 592441417 ns, Reaching safepoint: 129333 ns, At safepoint: 30216167 ns, Total: 30345500 ns
[2025-12-03T14:18:09.290+0000][7][safepoint   ] Safepoint "Cleanup", Time since last: 1001728709 ns, Reaching safepoint: 1254167 ns, At safepoint: 17291 ns, Total: 1271458 ns
[2025-12-03T14:18:12.294+0000][7][safepoint   ] Safepoint "Cleanup", Time since last: 3004490460 ns, Reaching safepoint: 209583 ns, At safepoint: 12042 ns, Total: 221625 ns
[2025-12-03T14:18:13.298+0000][7][safepoint   ] Safepoint "Cleanup", Time since last: 1003138167 ns, Reaching safepoint: 157875 ns, At safepoint: 7458 ns, Total: 165333 ns
[2025-12-03T14:18:18.304+0000][7][safepoint   ] Safepoint "Cleanup", Time since last: 5006212169 ns, Reaching safepoint: 203042 ns, At safepoint: 7167 ns, Total: 210209 ns
[2025-12-03T14:18:19.308+0000][7][safepoint   ] Safepoint "Cleanup", Time since last: 1003572667 ns, Reaching safepoint: 139292 ns, At safepoint: 7583 ns, Total: 146875 ns
[2025-12-03T14:18:22.313+0000][7][safepoint   ] Safepoint "Cleanup", Time since last: 3004892376 ns, Reaching safepoint: 49584 ns, At safepoint: 1958 ns, Total: 51542 ns
[2025-12-03T14:18:25.323+0000][7][safepoint   ] Safepoint "Cleanup", Time since last: 3009331334 ns, Reaching safepoint: 242500 ns, At safepoint: 54042 ns, Total: 296542 ns
[2025-12-03T14:18:33.340+0000][7][safepoint   ] Safepoint "Cleanup", Time since last: 8016964212 ns, Reaching safepoint: 318833 ns, At safepoint: 9292 ns, Total: 328125 ns
[2025-12-03T14:18:36.345+0000][7][safepoint   ] Safepoint "Cleanup", Time since last: 3004588085 ns, Reaching safepoint: 268583 ns, At safepoint: 10958 ns, Total: 279541 ns
[2025-12-03T14:18:42.353+0000][7][safepoint   ] Safepoint "Cleanup", Time since last: 6007998837 ns, Reaching safepoint: 65166 ns, At safepoint: 2875 ns, Total: 68041 ns
[2025-12-03T14:18:48.366+0000][7][safepoint   ] Safepoint "Cleanup", Time since last: 6012830920 ns, Reaching safepoint: 55250 ns, At safepoint: 3291 ns, Total: 58541 ns
[2025-12-03T14:18:52.372+0000][7][safepoint   ] Safepoint "Cleanup", Time since last: 4005733794 ns, Reaching safepoint: 110375 ns, At safepoint: 6292 ns, Total: 116667 ns
[2025-12-03T14:18:53.373+0000][7][safepoint   ] Safepoint "Cleanup", Time since last: 1001415292 ns, Reaching safepoint: 92917 ns, At safepoint: 4666 ns, Total: 97583 ns
[2025-12-03T14:18:54.374+0000][7][safepoint   ] Safepoint "Cleanup", Time since last: 1000505834 ns, Reaching safepoint: 62833 ns, At safepoint: 4709 ns, Total: 67542 ns
[2025-12-03T14:19:00.382+0000][7][safepoint   ] Safepoint "Cleanup", Time since last: 6007015710 ns, Reaching safepoint: 299292 ns, At safepoint: 11875 ns, Total: 311167 ns
[2025-12-03T14:19:02.387+0000][7][safepoint   ] Safepoint "Cleanup", Time since last: 2004788918 ns, Reaching safepoint: 90250 ns, At safepoint: 3416 ns, Total: 93666 ns
[2025-12-03T14:19:06.074+0000][7][gc,start    ] GC(33) Pause Young (Normal) (G1 Evacuation Pause)
[2025-12-03T14:19:06.074+0000][7][gc,task     ] GC(33) Using 8 workers of 8 for evacuation
[2025-12-03T14:19:06.075+0000][7][gc,age      ] GC(33) Desired survivor size 18874368 bytes, new threshold 15 (max threshold 15)
[2025-12-03T14:19:06.088+0000][7][gc,age      ] GC(33) Age table with threshold 15 (max threshold 15)
[2025-12-03T14:19:06.088+0000][7][gc,age      ] GC(33) - age   1:    2039072 bytes,    2039072 total
[2025-12-03T14:19:06.088+0000][7][gc,age      ] GC(33) - age   2:    1345424 bytes,    3384496 total
[2025-12-03T14:19:06.088+0000][7][gc,age      ] GC(33) - age   3:     185920 bytes,    3570416 total
[2025-12-03T14:19:06.088+0000][7][gc,age      ] GC(33) - age   4:   11049632 bytes,   14620048 total
[2025-12-03T14:19:06.088+0000][7][gc,age      ] GC(33) - age   5:    1774592 bytes,   16394640 total
[2025-12-03T14:19:06.088+0000][7][gc,age      ] GC(33) - age   6:    2379800 bytes,   18774440 total
[2025-12-03T14:19:06.088+0000][7][gc,age      ] GC(33) - age   7:      21616 bytes,   18796056 total
[2025-12-03T14:19:06.088+0000][7][gc,age      ] GC(33) - age   8:      18256 bytes,   18814312 total
[2025-12-03T14:19:06.088+0000][7][gc,age      ] GC(33) - age   9:      26352 bytes,   18840664 total
[2025-12-03T14:19:06.089+0000][7][gc,age      ] GC(33) - age  10:      41144 bytes,   18881808 total
[2025-12-03T14:19:06.089+0000][7][gc,age      ] GC(33) - age  11:     182368 bytes,   19064176 total
[2025-12-03T14:19:06.089+0000][7][gc,phases   ] GC(33)   Pre Evacuate Collection Set: 0.4ms
[2025-12-03T14:19:06.089+0000][7][gc,phases   ] GC(33)   Merge Heap Roots: 0.1ms
[2025-12-03T14:19:06.089+0000][7][gc,phases   ] GC(33)   Evacuate Collection Set: 11.0ms
[2025-12-03T14:19:06.089+0000][7][gc,phases   ] GC(33)   Post Evacuate Collection Set: 1.6ms
[2025-12-03T14:19:06.089+0000][7][gc,phases   ] GC(33)   Other: 1.5ms
[2025-12-03T14:19:06.089+0000][7][gc,heap     ] GC(33) Eden regions: 67->0(67)
[2025-12-03T14:19:06.089+0000][7][gc,heap     ] GC(33) Survivor regions: 5->5(9)
[2025-12-03T14:19:06.089+0000][7][gc,heap     ] GC(33) Old regions: 27->27
[2025-12-03T14:19:06.089+0000][7][gc,heap     ] GC(33) Archive regions: 2->2
[2025-12-03T14:19:06.089+0000][7][gc,heap     ] GC(33) Humongous regions: 2->2
[2025-12-03T14:19:06.089+0000][7][gc,metaspace] GC(33) Metaspace: 112493K(114176K)->112493K(114176K) NonClass: 97760K(98688K)->97760K(98688K) Class: 14732K(15488K)->14732K(15488K)
[2025-12-03T14:19:06.089+0000][7][gc          ] GC(33) Pause Young (Normal) (G1 Evacuation Pause) 405M->136M(512M) 14.997ms
[2025-12-03T14:19:06.089+0000][7][gc,cpu      ] GC(33) User=0.07s Sys=0.00s Real=0.02s
[2025-12-03T14:19:06.089+0000][7][safepoint   ] Safepoint "G1CollectForAllocation", Time since last: 3686715294 ns, Reaching safepoint: 40458 ns, At safepoint: 15208792 ns, Total: 15249250 ns
[2025-12-03T14:19:07.091+0000][7][safepoint   ] Safepoint "Cleanup", Time since last: 1001051583 ns, Reaching safepoint: 232334 ns, At safepoint: 16583 ns, Total: 248917 ns
[2025-12-03T14:19:11.095+0000][7][safepoint   ] Safepoint "Cleanup", Time since last: 4003965877 ns, Reaching safepoint: 154625 ns, At safepoint: 8917 ns, Total: 163542 ns
[2025-12-03T14:19:12.098+0000][7][safepoint   ] Safepoint "Cleanup", Time since last: 1002795667 ns, Reaching safepoint: 98458 ns, At safepoint: 4042 ns, Total: 102500 ns
[2025-12-03T14:19:13.099+0000][7][safepoint   ] Safepoint "Cleanup", Time since last: 1001547375 ns, Reaching safepoint: 138917 ns, At safepoint: 4875 ns, Total: 143792 ns
[2025-12-03T14:19:17.105+0000][7][safepoint   ] Safepoint "Cleanup", Time since last: 4005220127 ns, Reaching safepoint: 285000 ns, At safepoint: 12375 ns, Total: 297375 ns
[2025-12-03T14:19:18.107+0000][7][safepoint   ] Safepoint "Cleanup", Time since last: 1001938292 ns, Reaching safepoint: 272083 ns, At safepoint: 17375 ns, Total: 289458 ns
[2025-12-03T14:19:19.108+0000][7][safepoint   ] Safepoint "Cleanup", Time since last: 1001080668 ns, Reaching safepoint: 142250 ns, At safepoint: 7958 ns, Total: 150208 ns
[2025-12-03T14:19:23.113+0000][7][safepoint   ] Safepoint "Cleanup", Time since last: 4004248710 ns, Reaching safepoint: 601042 ns, At safepoint: 39708 ns, Total: 640750 ns
[2025-12-03T14:19:24.115+0000][7][safepoint   ] Safepoint "Cleanup", Time since last: 1001508751 ns, Reaching safepoint: 63833 ns, At safepoint: 2417 ns, Total: 66250 ns
[2025-12-03T14:19:29.127+0000][7][safepoint   ] Safepoint "Cleanup", Time since last: 5011248584 ns, Reaching safepoint: 214584 ns, At safepoint: 11375 ns, Total: 225959 ns
[2025-12-03T14:19:30.131+0000][7][safepoint   ] Safepoint "Cleanup", Time since last: 1003689750 ns, Reaching safepoint: 157750 ns, At safepoint: 10875 ns, Total: 168625 ns
[2025-12-03T14:19:33.136+0000][7][safepoint   ] Safepoint "Cleanup", Time since last: 3003937293 ns, Reaching safepoint: 298417 ns, At safepoint: 15208 ns, Total: 313625 ns
[2025-12-03T14:19:34.139+0000][7][safepoint   ] Safepoint "Cleanup", Time since last: 1003688667 ns, Reaching safepoint: 101417 ns, At safepoint: 8292 ns, Total: 109709 ns
[2025-12-03T14:19:35.142+0000][7][safepoint   ] Safepoint "Cleanup", Time since last: 1002377125 ns, Reaching safepoint: 182417 ns, At safepoint: 17292 ns, Total: 199709 ns
[2025-12-03T14:19:37.145+0000][7][safepoint   ] Safepoint "Cleanup", Time since last: 2003327167 ns, Reaching safepoint: 144000 ns, At safepoint: 7875 ns, Total: 151875 ns
[2025-12-03T14:19:40.152+0000][7][safepoint   ] Safepoint "Cleanup", Time since last: 3005988585 ns, Reaching safepoint: 308792 ns, At safepoint: 9208 ns, Total: 318000 ns
[2025-12-03T14:19:42.156+0000][7][safepoint   ] Safepoint "Cleanup", Time since last: 2004041293 ns, Reaching safepoint: 185500 ns, At safepoint: 6875 ns, Total: 192375 ns
[2025-12-03T14:19:43.157+0000][7][safepoint   ] Safepoint "Cleanup", Time since last: 1000974917 ns, Reaching safepoint: 204583 ns, At safepoint: 18292 ns, Total: 222875 ns
[2025-12-03T14:19:48.173+0000][7][safepoint   ] Safepoint "Cleanup", Time since last: 5015272335 ns, Reaching safepoint: 383584 ns, At safepoint: 14958 ns, Total: 398542 ns
[2025-12-03T14:19:51.176+0000][7][safepoint   ] Safepoint "Cleanup", Time since last: 3002578043 ns, Reaching safepoint: 193375 ns, At safepoint: 6125 ns, Total: 199500 ns
[2025-12-03T14:19:52.203+0000][7][safepoint   ] Safepoint "Cleanup", Time since last: 1027127834 ns, Reaching safepoint: 722125 ns, At safepoint: 11792 ns, Total: 733917 ns
[2025-12-03T14:19:53.205+0000][7][safepoint   ] Safepoint "Cleanup", Time since last: 1001826292 ns, Reaching safepoint: 142041 ns, At safepoint: 4667 ns, Total: 146708 ns
[2025-12-03T14:19:54.206+0000][7][safepoint   ] Safepoint "Cleanup", Time since last: 1000872542 ns, Reaching safepoint: 129667 ns, At safepoint: 6917 ns, Total: 136584 ns
[2025-12-03T14:19:55.212+0000][7][safepoint   ] Safepoint "Cleanup", Time since last: 1005228042 ns, Reaching safepoint: 217500 ns, At safepoint: 13208 ns, Total: 230708 ns
[2025-12-03T14:20:03.221+0000][7][safepoint   ] Safepoint "Cleanup", Time since last: 8007630961 ns, Reaching safepoint: 556084 ns, At safepoint: 13500 ns, Total: 569584 ns
[2025-12-03T14:20:05.845+0000][7][gc,start    ] GC(34) Pause Young (Normal) (G1 Evacuation Pause)
[2025-12-03T14:20:05.845+0000][7][gc,task     ] GC(34) Using 8 workers of 8 for evacuation
[2025-12-03T14:20:05.845+0000][7][gc,age      ] GC(34) Desired survivor size 18874368 bytes, new threshold 10 (max threshold 15)
[2025-12-03T14:20:05.857+0000][7][gc,age      ] GC(34) Age table with threshold 10 (max threshold 15)
[2025-12-03T14:20:05.857+0000][7][gc,age      ] GC(34) - age   1:    3780920 bytes,    3780920 total
[2025-12-03T14:20:05.857+0000][7][gc,age      ] GC(34) - age   2:     453856 bytes,    4234776 total
[2025-12-03T14:20:05.857+0000][7][gc,age      ] GC(34) - age   3:    1048648 bytes,    5283424 total
[2025-12-03T14:20:05.857+0000][7][gc,age      ] GC(34) - age   4:      52792 bytes,    5336216 total
[2025-12-03T14:20:05.857+0000][7][gc,age      ] GC(34) - age   5:   11048632 bytes,   16384848 total
[2025-12-03T14:20:05.857+0000][7][gc,age      ] GC(34) - age   6:    1774360 bytes,   18159208 total
[2025-12-03T14:20:05.857+0000][7][gc,age      ] GC(34) - age   7:    2343952 bytes,   20503160 total
[2025-12-03T14:20:05.857+0000][7][gc,age      ] GC(34) - age   8:      21616 bytes,   20524776 total
[2025-12-03T14:20:05.857+0000][7][gc,age      ] GC(34) - age   9:      18256 bytes,   20543032 total
[2025-12-03T14:20:05.857+0000][7][gc,age      ] GC(34) - age  10:      26000 bytes,   20569032 total
[2025-12-03T14:20:05.857+0000][7][gc,phases   ] GC(34)   Pre Evacuate Collection Set: 0.2ms
[2025-12-03T14:20:05.857+0000][7][gc,phases   ] GC(34)   Merge Heap Roots: 0.1ms
[2025-12-03T14:20:05.858+0000][7][gc,phases   ] GC(34)   Evacuate Collection Set: 10.0ms
[2025-12-03T14:20:05.858+0000][7][gc,phases   ] GC(34)   Post Evacuate Collection Set: 1.1ms
[2025-12-03T14:20:05.858+0000][7][gc,phases   ] GC(34)   Other: 1.1ms
[2025-12-03T14:20:05.858+0000][7][gc,heap     ] GC(34) Eden regions: 67->0(65)
[2025-12-03T14:20:05.858+0000][7][gc,heap     ] GC(34) Survivor regions: 5->6(9)
[2025-12-03T14:20:05.858+0000][7][gc,heap     ] GC(34) Old regions: 27->27
[2025-12-03T14:20:05.858+0000][7][gc,heap     ] GC(34) Archive regions: 2->2
[2025-12-03T14:20:05.858+0000][7][gc,heap     ] GC(34) Humongous regions: 2->2
[2025-12-03T14:20:05.858+0000][7][gc,metaspace] GC(34) Metaspace: 112766K(114432K)->112766K(114432K) NonClass: 98006K(98944K)->98006K(98944K) Class: 14759K(15488K)->14759K(15488K)
[2025-12-03T14:20:05.858+0000][7][gc          ] GC(34) Pause Young (Normal) (G1 Evacuation Pause) 404M->139M(512M) 13.124ms
[2025-12-03T14:20:05.858+0000][7][gc,cpu      ] GC(34) User=0.09s Sys=0.01s Real=0.01s
[2025-12-03T14:20:05.858+0000][7][safepoint   ] Safepoint "G1CollectForAllocation", Time since last: 2623939918 ns, Reaching safepoint: 159916 ns, At safepoint: 13419292 ns, Total: 13579208 ns
[2025-12-03T14:20:06.862+0000][7][safepoint   ] Safepoint "Cleanup", Time since last: 1003666584 ns, Reaching safepoint: 288500 ns, At safepoint: 17166 ns, Total: 305666 ns
[2025-12-03T14:20:11.869+0000][7][safepoint   ] Safepoint "Cleanup", Time since last: 5006639419 ns, Reaching safepoint: 186584 ns, At safepoint: 8125 ns, Total: 194709 ns
[2025-12-03T14:20:12.871+0000][7][safepoint   ] Safepoint "Cleanup", Time since last: 1001190750 ns, Reaching safepoint: 394334 ns, At safepoint: 74916 ns, Total: 469250 ns
[2025-12-03T14:20:15.876+0000][7][safepoint   ] Safepoint "Cleanup", Time since last: 3005414627 ns, Reaching safepoint: 202541 ns, At safepoint: 7542 ns, Total: 210083 ns
[2025-12-03T14:20:16.877+0000][7][safepoint   ] Safepoint "Cleanup", Time since last: 1000772042 ns, Reaching safepoint: 304000 ns, At safepoint: 19750 ns, Total: 323750 ns
[2025-12-03T14:20:17.879+0000][7][safepoint   ] Safepoint "Cleanup", Time since last: 1001808126 ns, Reaching safepoint: 76500 ns, At safepoint: 3625 ns, Total: 80125 ns
[2025-12-03T14:20:22.885+0000][7][safepoint   ] Safepoint "Cleanup", Time since last: 5004849585 ns, Reaching safepoint: 545750 ns, At safepoint: 14292 ns, Total: 560042 ns
[2025-12-03T14:20:23.887+0000][7][safepoint   ] Safepoint "Cleanup", Time since last: 1002638625 ns, Reaching safepoint: 91709 ns, At safepoint: 3833 ns, Total: 95542 ns
[2025-12-03T14:20:30.896+0000][7][safepoint   ] Safepoint "Cleanup", Time since last: 7007384711 ns, Reaching safepoint: 70541 ns, At safepoint: 3709 ns, Total: 74250 ns
[2025-12-03T14:20:32.898+0000][7][safepoint   ] Safepoint "Cleanup", Time since last: 2002243459 ns, Reaching safepoint: 172250 ns, At safepoint: 9583 ns, Total: 181833 ns
[2025-12-03T14:20:35.902+0000][7][safepoint   ] Safepoint "Cleanup", Time since last: 3003598877 ns, Reaching safepoint: 223917 ns, At safepoint: 7791 ns, Total: 231708 ns
[2025-12-03T14:20:36.903+0000][7][safepoint   ] Safepoint "Cleanup", Time since last: 1000900251 ns, Reaching safepoint: 171125 ns, At safepoint: 17708 ns, Total: 188833 ns
[2025-12-03T14:20:38.906+0000][7][safepoint   ] Safepoint "Cleanup", Time since last: 2002790043 ns, Reaching safepoint: 87708 ns, At safepoint: 3167 ns, Total: 90875 ns
[2025-12-03T14:20:42.909+0000][7][safepoint   ] Safepoint "Cleanup", Time since last: 4002913252 ns, Reaching safepoint: 221375 ns, At safepoint: 6583 ns, Total: 227958 ns
[2025-12-03T14:20:46.916+0000][7][safepoint   ] Safepoint "Cleanup", Time since last: 4006450835 ns, Reaching safepoint: 684542 ns, At safepoint: 24583 ns, Total: 709125 ns
[2025-12-03T14:20:47.919+0000][7][safepoint   ] Safepoint "Cleanup", Time since last: 1002055167 ns, Reaching safepoint: 54542 ns, At safepoint: 2167 ns, Total: 56709 ns
[2025-12-03T14:20:52.923+0000][7][safepoint   ] Safepoint "Cleanup", Time since last: 5004591335 ns, Reaching safepoint: 354834 ns, At safepoint: 13125 ns, Total: 367959 ns
[2025-12-03T14:20:53.926+0000][7][safepoint   ] Safepoint "Cleanup", Time since last: 1002555375 ns, Reaching safepoint: 46417 ns, At safepoint: 2375 ns, Total: 48792 ns
[2025-12-03T14:20:54.928+0000][7][safepoint   ] Safepoint "Cleanup", Time since last: 1001496625 ns, Reaching safepoint: 354959 ns, At safepoint: 16583 ns, Total: 371542 ns
[2025-12-03T14:20:59.944+0000][7][gc,start    ] GC(35) Pause Young (Normal) (G1 Evacuation Pause)
[2025-12-03T14:20:59.944+0000][7][gc,task     ] GC(35) Using 8 workers of 8 for evacuation
[2025-12-03T14:20:59.944+0000][7][gc,age      ] GC(35) Desired survivor size 18874368 bytes, new threshold 7 (max threshold 15)
[2025-12-03T14:20:59.958+0000][7][gc,age      ] GC(35) Age table with threshold 7 (max threshold 15)
[2025-12-03T14:20:59.958+0000][7][gc,age      ] GC(35) - age   1:    2359904 bytes,    2359904 total
[2025-12-03T14:20:59.958+0000][7][gc,age      ] GC(35) - age   2:     529128 bytes,    2889032 total
[2025-12-03T14:20:59.958+0000][7][gc,age      ] GC(35) - age   3:     292720 bytes,    3181752 total
[2025-12-03T14:20:59.958+0000][7][gc,age      ] GC(35) - age   4:     549944 bytes,    3731696 total
[2025-12-03T14:20:59.958+0000][7][gc,age      ] GC(35) - age   5:      52472 bytes,    3784168 total
[2025-12-03T14:20:59.958+0000][7][gc,age      ] GC(35) - age   6:   10993312 bytes,   14777480 total
[2025-12-03T14:20:59.958+0000][7][gc,age      ] GC(35) - age   7:    1707080 bytes,   16484560 total
[2025-12-03T14:20:59.958+0000][7][gc,phases   ] GC(35)   Pre Evacuate Collection Set: 0.4ms
[2025-12-03T14:20:59.959+0000][7][gc,phases   ] GC(35)   Merge Heap Roots: 0.1ms
[2025-12-03T14:20:59.959+0000][7][gc,phases   ] GC(35)   Evacuate Collection Set: 11.4ms
[2025-12-03T14:20:59.959+0000][7][gc,phases   ] GC(35)   Post Evacuate Collection Set: 1.4ms
[2025-12-03T14:20:59.959+0000][7][gc,phases   ] GC(35)   Other: 1.5ms
[2025-12-03T14:20:59.959+0000][7][gc,heap     ] GC(35) Eden regions: 65->0(67)
[2025-12-03T14:20:59.959+0000][7][gc,heap     ] GC(35) Survivor regions: 6->5(9)
[2025-12-03T14:20:59.959+0000][7][gc,heap     ] GC(35) Old regions: 27->27
[2025-12-03T14:20:59.959+0000][7][gc,heap     ] GC(35) Archive regions: 2->2
[2025-12-03T14:20:59.959+0000][7][gc,heap     ] GC(35) Humongous regions: 2->2
[2025-12-03T14:20:59.960+0000][7][gc,metaspace] GC(35) Metaspace: 112847K(114496K)->112847K(114496K) NonClass: 98087K(99008K)->98087K(99008K) Class: 14760K(15488K)->14760K(15488K)
[2025-12-03T14:20:59.960+0000][7][gc          ] GC(35) Pause Young (Normal) (G1 Evacuation Pause) 399M->137M(512M) 16.001ms
[2025-12-03T14:20:59.960+0000][7][gc,cpu      ] GC(35) User=0.07s Sys=0.00s Real=0.01s
[2025-12-03T14:20:59.960+0000][7][safepoint   ] Safepoint "G1CollectForAllocation", Time since last: 5014602585 ns, Reaching safepoint: 57458 ns, At safepoint: 16284583 ns, Total: 16342041 ns
[2025-12-03T14:21:06.973+0000][7][safepoint   ] Safepoint "Cleanup", Time since last: 7013143254 ns, Reaching safepoint: 202125 ns, At safepoint: 12458 ns, Total: 214583 ns
[2025-12-03T14:21:08.977+0000][7][safepoint   ] Safepoint "Cleanup", Time since last: 2003544959 ns, Reaching safepoint: 132125 ns, At safepoint: 7209 ns, Total: 139334 ns
[2025-12-03T14:21:11.982+0000][7][safepoint   ] Safepoint "Cleanup", Time since last: 3005056126 ns, Reaching safepoint: 102875 ns, At safepoint: 4500 ns, Total: 107375 ns
[2025-12-03T14:21:12.983+0000][7][safepoint   ] Safepoint "Cleanup", Time since last: 1000955167 ns, Reaching safepoint: 233792 ns, At safepoint: 12958 ns, Total: 246750 ns
[2025-12-03T14:21:18.999+0000][7][safepoint   ] Safepoint "Cleanup", Time since last: 6014997295 ns, Reaching safepoint: 857833 ns, At safepoint: 24917 ns, Total: 882750 ns
[2025-12-03T14:21:20.004+0000][7][safepoint   ] Safepoint "Cleanup", Time since last: 1004704334 ns, Reaching safepoint: 432125 ns, At safepoint: 18208 ns, Total: 450333 ns
[2025-12-03T14:21:21.006+0000][7][safepoint   ] Safepoint "Cleanup", Time since last: 1001777042 ns, Reaching safepoint: 66667 ns, At safepoint: 5958 ns, Total: 72625 ns
[2025-12-03T14:21:22.010+0000][7][safepoint   ] Safepoint "Cleanup", Time since last: 1003911834 ns, Reaching safepoint: 147250 ns, At safepoint: 4792 ns, Total: 152042 ns
[2025-12-03T14:21:23.011+0000][7][safepoint   ] Safepoint "Cleanup", Time since last: 1000781917 ns, Reaching safepoint: 182083 ns, At safepoint: 6417 ns, Total: 188500 ns
[2025-12-03T14:21:24.012+0000][7][safepoint   ] Safepoint "Cleanup", Time since last: 1000618292 ns, Reaching safepoint: 147042 ns, At safepoint: 8625 ns, Total: 155667 ns
[2025-12-03T14:21:25.015+0000][7][safepoint   ] Safepoint "Cleanup", Time since last: 1002402708 ns, Reaching safepoint: 275750 ns, At safepoint: 8209 ns, Total: 283959 ns
[2025-12-03T14:21:32.321+0000][7][safepoint   ] Safepoint "Cleanup", Time since last: 7306585502 ns, Reaching safepoint: 40917 ns, At safepoint: 5750 ns, Total: 46667 ns
[2025-12-03T14:21:33.323+0000][7][safepoint   ] Safepoint "Cleanup", Time since last: 1001381709 ns, Reaching safepoint: 424708 ns, At safepoint: 18084 ns, Total: 442792 ns
[2025-12-03T14:21:36.043+0000][7][safepoint   ] Safepoint "Cleanup", Time since last: 2719318709 ns, Reaching safepoint: 100667 ns, At safepoint: 6750 ns, Total: 107417 ns
[2025-12-03T14:21:37.045+0000][7][safepoint   ] Safepoint "Cleanup", Time since last: 1001833000 ns, Reaching safepoint: 102709 ns, At safepoint: 5041 ns, Total: 107750 ns
[2025-12-03T14:21:41.052+0000][7][safepoint   ] Safepoint "Cleanup", Time since last: 4007048669 ns, Reaching safepoint: 171625 ns, At safepoint: 8708 ns, Total: 180333 ns
[2025-12-03T14:21:43.056+0000][7][safepoint   ] Safepoint "Cleanup", Time since last: 2003362251 ns, Reaching safepoint: 367709 ns, At safepoint: 13250 ns, Total: 380959 ns
[2025-12-03T14:21:45.058+0000][7][safepoint   ] Safepoint "Cleanup", Time since last: 2002447292 ns, Reaching safepoint: 85417 ns, At safepoint: 4042 ns, Total: 89459 ns
[2025-12-03T14:21:48.066+0000][7][safepoint   ] Safepoint "Cleanup", Time since last: 3007912918 ns, Reaching safepoint: 147041 ns, At safepoint: 18209 ns, Total: 165250 ns
[2025-12-03T14:21:53.081+0000][7][safepoint   ] Safepoint "Cleanup", Time since last: 5014802835 ns, Reaching safepoint: 90667 ns, At safepoint: 6417 ns, Total: 97084 ns
[2025-12-03T14:21:56.090+0000][7][safepoint   ] Safepoint "Cleanup", Time since last: 3006768292 ns, Reaching safepoint: 168333 ns, At safepoint: 30542 ns, Total: 198875 ns
[2025-12-03T14:22:00.098+0000][7][safepoint   ] Safepoint "Cleanup", Time since last: 4008575710 ns, Reaching safepoint: 137125 ns, At safepoint: 10333 ns, Total: 147458 ns
[2025-12-03T14:22:01.101+0000][7][safepoint   ] Safepoint "Cleanup", Time since last: 1002192751 ns, Reaching safepoint: 89333 ns, At safepoint: 3167 ns, Total: 92500 ns
[2025-12-03T14:22:02.295+0000][7][gc,start    ] GC(36) Pause Young (Normal) (G1 Evacuation Pause)
[2025-12-03T14:22:02.295+0000][7][gc,task     ] GC(36) Using 8 workers of 8 for evacuation
[2025-12-03T14:22:02.296+0000][7][gc,age      ] GC(36) Desired survivor size 18874368 bytes, new threshold 15 (max threshold 15)
[2025-12-03T14:22:02.307+0000][7][gc,age      ] GC(36) Age table with threshold 15 (max threshold 15)
[2025-12-03T14:22:02.308+0000][7][gc,age      ] GC(36) - age   1:    2623400 bytes,    2623400 total
[2025-12-03T14:22:02.308+0000][7][gc,age      ] GC(36) - age   2:     899080 bytes,    3522480 total
[2025-12-03T14:22:02.308+0000][7][gc,age      ] GC(36) - age   3:     389288 bytes,    3911768 total
[2025-12-03T14:22:02.308+0000][7][gc,age      ] GC(36) - age   4:      28656 bytes,    3940424 total
[2025-12-03T14:22:02.308+0000][7][gc,age      ] GC(36) - age   5:     549720 bytes,    4490144 total
[2025-12-03T14:22:02.308+0000][7][gc,age      ] GC(36) - age   6:      52344 bytes,    4542488 total
[2025-12-03T14:22:02.308+0000][7][gc,age      ] GC(36) - age   7:   10993216 bytes,   15535704 total
[2025-12-03T14:22:02.308+0000][7][gc,age      ] GC(36) - age   8:    1706920 bytes,   17242624 total
[2025-12-03T14:22:02.308+0000][7][gc,phases   ] GC(36)   Pre Evacuate Collection Set: 0.4ms
[2025-12-03T14:22:02.308+0000][7][gc,phases   ] GC(36)   Merge Heap Roots: 0.1ms
[2025-12-03T14:22:02.308+0000][7][gc,phases   ] GC(36)   Evacuate Collection Set: 9.7ms
[2025-12-03T14:22:02.308+0000][7][gc,phases   ] GC(36)   Post Evacuate Collection Set: 1.7ms
[2025-12-03T14:22:02.308+0000][7][gc,phases   ] GC(36)   Other: 1.1ms
[2025-12-03T14:22:02.308+0000][7][gc,heap     ] GC(36) Eden regions: 67->0(67)
[2025-12-03T14:22:02.308+0000][7][gc,heap     ] GC(36) Survivor regions: 5->5(9)
[2025-12-03T14:22:02.308+0000][7][gc,heap     ] GC(36) Old regions: 27->27
[2025-12-03T14:22:02.308+0000][7][gc,heap     ] GC(36) Archive regions: 2->2
[2025-12-03T14:22:02.308+0000][7][gc,heap     ] GC(36) Humongous regions: 2->2
[2025-12-03T14:22:02.309+0000][7][gc,metaspace] GC(36) Metaspace: 112890K(114560K)->112890K(114560K) NonClass: 98129K(99072K)->98129K(99072K) Class: 14760K(15488K)->14760K(15488K)
[2025-12-03T14:22:02.309+0000][7][gc          ] GC(36) Pause Young (Normal) (G1 Evacuation Pause) 405M->138M(512M) 13.492ms
[2025-12-03T14:22:02.309+0000][7][gc,cpu      ] GC(36) User=0.09s Sys=0.00s Real=0.01s
[2025-12-03T14:22:02.309+0000][7][safepoint   ] Safepoint "G1CollectForAllocation", Time since last: 1194202125 ns, Reaching safepoint: 134625 ns, At safepoint: 13753875 ns, Total: 13888500 ns
[2025-12-03T14:22:03.326+0000][7][safepoint   ] Safepoint "Cleanup", Time since last: 1001605668 ns, Reaching safepoint: 15308791 ns, At safepoint: 48792 ns, Total: 15357583 ns
[2025-12-03T14:22:06.333+0000][7][safepoint   ] Safepoint "Cleanup", Time since last: 3007623626 ns, Reaching safepoint: 113167 ns, At safepoint: 8583 ns, Total: 121750 ns
[2025-12-03T14:22:07.336+0000][7][safepoint   ] Safepoint "Cleanup", Time since last: 1001873293 ns, Reaching safepoint: 678000 ns, At safepoint: 20833 ns, Total: 698833 ns
[2025-12-03T14:22:12.348+0000][7][safepoint   ] Safepoint "Cleanup", Time since last: 5011407086 ns, Reaching safepoint: 99958 ns, At safepoint: 3375 ns, Total: 103333 ns
[2025-12-03T14:22:16.356+0000][7][safepoint   ] Safepoint "Cleanup", Time since last: 4007827835 ns, Reaching safepoint: 157334 ns, At safepoint: 6166 ns, Total: 163500 ns
[2025-12-03T14:22:22.368+0000][7][safepoint   ] Safepoint "Cleanup", Time since last: 6012218128 ns, Reaching safepoint: 116667 ns, At safepoint: 6666 ns, Total: 123333 ns
[2025-12-03T14:22:26.377+0000][7][safepoint   ] Safepoint "Cleanup", Time since last: 4008137710 ns, Reaching safepoint: 155500 ns, At safepoint: 5125 ns, Total: 160625 ns
[2025-12-03T14:22:32.384+0000][7][safepoint   ] Safepoint "Cleanup", Time since last: 6006696128 ns, Reaching safepoint: 73167 ns, At safepoint: 4750 ns, Total: 77917 ns
[2025-12-03T14:22:36.423+0000][7][safepoint   ] Safepoint "Cleanup", Time since last: 4038076960 ns, Reaching safepoint: 336500 ns, At safepoint: 13458 ns, Total: 349958 ns
[2025-12-03T14:22:42.432+0000][7][safepoint   ] Safepoint "Cleanup", Time since last: 6009563670 ns, Reaching safepoint: 321041 ns, At safepoint: 9542 ns, Total: 330583 ns
[2025-12-03T14:22:52.444+0000][7][safepoint   ] Safepoint "Cleanup", Time since last: 10011252921 ns, Reaching safepoint: 155417 ns, At safepoint: 5042 ns, Total: 160459 ns
[2025-12-03T14:22:55.451+0000][7][safepoint   ] Safepoint "Cleanup", Time since last: 3006396584 ns, Reaching safepoint: 184334 ns, At safepoint: 9958 ns, Total: 194292 ns
[2025-12-03T14:22:56.452+0000][7][safepoint   ] Safepoint "Cleanup", Time since last: 1001251417 ns, Reaching safepoint: 84792 ns, At safepoint: 3083 ns, Total: 87875 ns
[2025-12-03T14:23:00.004+0000][7][gc,start    ] GC(37) Pause Young (Normal) (G1 Evacuation Pause)
[2025-12-03T14:23:00.004+0000][7][gc,task     ] GC(37) Using 8 workers of 8 for evacuation
[2025-12-03T14:23:00.005+0000][7][gc,age      ] GC(37) Desired survivor size 18874368 bytes, new threshold 15 (max threshold 15)
[2025-12-03T14:23:00.019+0000][7][gc,age      ] GC(37) Age table with threshold 15 (max threshold 15)
[2025-12-03T14:23:00.019+0000][7][gc,age      ] GC(37) - age   1:    2679408 bytes,    2679408 total
[2025-12-03T14:23:00.019+0000][7][gc,age      ] GC(37) - age   2:     264032 bytes,    2943440 total
[2025-12-03T14:23:00.019+0000][7][gc,age      ] GC(37) - age   3:     255552 bytes,    3198992 total
[2025-12-03T14:23:00.019+0000][7][gc,age      ] GC(37) - age   4:     388328 bytes,    3587320 total
[2025-12-03T14:23:00.019+0000][7][gc,age      ] GC(37) - age   5:      28016 bytes,    3615336 total
[2025-12-03T14:23:00.019+0000][7][gc,age      ] GC(37) - age   6:     549592 bytes,    4164928 total
[2025-12-03T14:23:00.019+0000][7][gc,age      ] GC(37) - age   7:      52280 bytes,    4217208 total
[2025-12-03T14:23:00.019+0000][7][gc,age      ] GC(37) - age   8:   10993216 bytes,   15210424 total
[2025-12-03T14:23:00.019+0000][7][gc,age      ] GC(37) - age   9:    1706728 bytes,   16917152 total
[2025-12-03T14:23:00.019+0000][7][gc,phases   ] GC(37)   Pre Evacuate Collection Set: 0.5ms
[2025-12-03T14:23:00.019+0000][7][gc,phases   ] GC(37)   Merge Heap Roots: 0.2ms
[2025-12-03T14:23:00.019+0000][7][gc,phases   ] GC(37)   Evacuate Collection Set: 11.7ms
[2025-12-03T14:23:00.019+0000][7][gc,phases   ] GC(37)   Post Evacuate Collection Set: 1.5ms
[2025-12-03T14:23:00.019+0000][7][gc,phases   ] GC(37)   Other: 1.2ms
[2025-12-03T14:23:00.019+0000][7][gc,heap     ] GC(37) Eden regions: 67->0(67)
[2025-12-03T14:23:00.019+0000][7][gc,heap     ] GC(37) Survivor regions: 5->5(9)
[2025-12-03T14:23:00.019+0000][7][gc,heap     ] GC(37) Old regions: 27->27
[2025-12-03T14:23:00.019+0000][7][gc,heap     ] GC(37) Archive regions: 2->2
[2025-12-03T14:23:00.020+0000][7][gc,heap     ] GC(37) Humongous regions: 2->2
[2025-12-03T14:23:00.020+0000][7][gc,metaspace] GC(37) Metaspace: 112980K(114624K)->112980K(114624K) NonClass: 98219K(99136K)->98219K(99136K) Class: 14760K(15488K)->14760K(15488K)
[2025-12-03T14:23:00.020+0000][7][gc          ] GC(37) Pause Young (Normal) (G1 Evacuation Pause) 406M->137M(512M) 15.655ms
[2025-12-03T14:23:00.020+0000][7][gc,cpu      ] GC(37) User=0.09s Sys=0.00s Real=0.02s
[2025-12-03T14:23:00.020+0000][7][safepoint   ] Safepoint "G1CollectForAllocation", Time since last: 3551410752 ns, Reaching safepoint: 55791 ns, At safepoint: 15953959 ns, Total: 16009750 ns
[2025-12-03T14:23:03.023+0000][7][safepoint   ] Safepoint "Cleanup", Time since last: 3003321418 ns, Reaching safepoint: 312333 ns, At safepoint: 13792 ns, Total: 326125 ns
[2025-12-03T14:23:06.027+0000][7][safepoint   ] Safepoint "Cleanup", Time since last: 3003828710 ns, Reaching safepoint: 137125 ns, At safepoint: 6333 ns, Total: 143458 ns
[2025-12-03T14:23:18.054+0000][7][safepoint   ] Safepoint "Cleanup", Time since last: 12026897214 ns, Reaching safepoint: 97042 ns, At safepoint: 4375 ns, Total: 101417 ns
[2025-12-03T14:23:19.056+0000][7][safepoint   ] Safepoint "Cleanup", Time since last: 1001046083 ns, Reaching safepoint: 165959 ns, At safepoint: 9500 ns, Total: 175459 ns
[2025-12-03T14:23:20.057+0000][7][safepoint   ] Safepoint "Cleanup", Time since last: 1000959042 ns, Reaching safepoint: 219750 ns, At safepoint: 10792 ns, Total: 230542 ns
[2025-12-03T14:23:23.062+0000][7][safepoint   ] Safepoint "Cleanup", Time since last: 3004657293 ns, Reaching safepoint: 103333 ns, At safepoint: 5917 ns, Total: 109250 ns
[2025-12-03T14:23:24.062+0000][7][safepoint   ] Safepoint "Cleanup", Time since last: 1000745542 ns, Reaching safepoint: 135125 ns, At safepoint: 6458 ns, Total: 141583 ns
[2025-12-03T14:23:25.063+0000][7][safepoint   ] Safepoint "Cleanup", Time since last: 1000820417 ns, Reaching safepoint: 106125 ns, At safepoint: 8792 ns, Total: 114917 ns
[2025-12-03T14:23:26.066+0000][7][safepoint   ] Safepoint "Cleanup", Time since last: 1001568291 ns, Reaching safepoint: 333459 ns, At safepoint: 15708 ns, Total: 349167 ns
[2025-12-03T14:23:27.069+0000][7][safepoint   ] Safepoint "Cleanup", Time since last: 1002365250 ns, Reaching safepoint: 116959 ns, At safepoint: 5375 ns, Total: 122334 ns
[2025-12-03T14:23:30.072+0000][7][safepoint   ] Safepoint "Cleanup", Time since last: 3003417709 ns, Reaching safepoint: 43834 ns, At safepoint: 2041 ns, Total: 45875 ns
[2025-12-03T14:23:33.081+0000][7][safepoint   ] Safepoint "Cleanup", Time since last: 3009204294 ns, Reaching safepoint: 138083 ns, At safepoint: 4208 ns, Total: 142291 ns
[2025-12-03T14:23:34.082+0000][7][safepoint   ] Safepoint "Cleanup", Time since last: 1000754376 ns, Reaching safepoint: 67875 ns, At safepoint: 3208 ns, Total: 71083 ns
[2025-12-03T14:23:36.085+0000][7][safepoint   ] Safepoint "Cleanup", Time since last: 2002170251 ns, Reaching safepoint: 86333 ns, At safepoint: 6375 ns, Total: 92708 ns
[2025-12-03T14:23:43.099+0000][7][safepoint   ] Safepoint "Cleanup", Time since last: 7013814962 ns, Reaching safepoint: 220417 ns, At safepoint: 8375 ns, Total: 228792 ns
[2025-12-03T14:23:47.103+0000][7][safepoint   ] Safepoint "Cleanup", Time since last: 4004644377 ns, Reaching safepoint: 151083 ns, At safepoint: 7792 ns, Total: 158875 ns
[2025-12-03T14:23:48.104+0000][7][safepoint   ] Safepoint "Cleanup", Time since last: 1000930167 ns, Reaching safepoint: 66000 ns, At safepoint: 3500 ns, Total: 69500 ns
[2025-12-03T14:23:51.109+0000][7][safepoint   ] Safepoint "Cleanup", Time since last: 3004959709 ns, Reaching safepoint: 102959 ns, At safepoint: 4083 ns, Total: 107042 ns
[2025-12-03T14:23:53.117+0000][7][safepoint   ] Safepoint "Cleanup", Time since last: 2007712043 ns, Reaching safepoint: 260958 ns, At safepoint: 8917 ns, Total: 269875 ns
[2025-12-03T14:23:54.118+0000][7][safepoint   ] Safepoint "Cleanup", Time since last: 1000790625 ns, Reaching safepoint: 118167 ns, At safepoint: 5542 ns, Total: 123709 ns
[2025-12-03T14:23:57.126+0000][7][safepoint   ] Safepoint "Cleanup", Time since last: 3006217959 ns, Reaching safepoint: 833583 ns, At safepoint: 18459 ns, Total: 852042 ns
[2025-12-03T14:24:00.128+0000][7][gc,start    ] GC(38) Pause Young (Normal) (G1 Evacuation Pause)
[2025-12-03T14:24:00.128+0000][7][gc,task     ] GC(38) Using 8 workers of 8 for evacuation
[2025-12-03T14:24:00.128+0000][7][gc,age      ] GC(38) Desired survivor size 18874368 bytes, new threshold 15 (max threshold 15)
[2025-12-03T14:24:00.139+0000][7][gc,age      ] GC(38) Age table with threshold 15 (max threshold 15)
[2025-12-03T14:24:00.139+0000][7][gc,age      ] GC(38) - age   1:    3386256 bytes,    3386256 total
[2025-12-03T14:24:00.140+0000][7][gc,age      ] GC(38) - age   2:     941992 bytes,    4328248 total
[2025-12-03T14:24:00.140+0000][7][gc,age      ] GC(38) - age   3:     112232 bytes,    4440480 total
[2025-12-03T14:24:00.140+0000][7][gc,age      ] GC(38) - age   4:     123032 bytes,    4563512 total
[2025-12-03T14:24:00.140+0000][7][gc,age      ] GC(38) - age   5:     251784 bytes,    4815296 total
[2025-12-03T14:24:00.140+0000][7][gc,age      ] GC(38) - age   6:      27400 bytes,    4842696 total
[2025-12-03T14:24:00.140+0000][7][gc,age      ] GC(38) - age   7:     549080 bytes,    5391776 total
[2025-12-03T14:24:00.140+0000][7][gc,age      ] GC(38) - age   8:      51640 bytes,    5443416 total
[2025-12-03T14:24:00.140+0000][7][gc,age      ] GC(38) - age   9:   10992904 bytes,   16436320 total
[2025-12-03T14:24:00.140+0000][7][gc,age      ] GC(38) - age  10:    1706728 bytes,   18143048 total
[2025-12-03T14:24:00.140+0000][7][gc,phases   ] GC(38)   Pre Evacuate Collection Set: 0.4ms
[2025-12-03T14:24:00.140+0000][7][gc,phases   ] GC(38)   Merge Heap Roots: 0.1ms
[2025-12-03T14:24:00.140+0000][7][gc,phases   ] GC(38)   Evacuate Collection Set: 9.2ms
[2025-12-03T14:24:00.140+0000][7][gc,phases   ] GC(38)   Post Evacuate Collection Set: 1.4ms
[2025-12-03T14:24:00.140+0000][7][gc,phases   ] GC(38)   Other: 1.2ms
[2025-12-03T14:24:00.140+0000][7][gc,heap     ] GC(38) Eden regions: 67->0(67)
[2025-12-03T14:24:00.140+0000][7][gc,heap     ] GC(38) Survivor regions: 5->5(9)
[2025-12-03T14:24:00.140+0000][7][gc,heap     ] GC(38) Old regions: 27->27
[2025-12-03T14:24:00.140+0000][7][gc,heap     ] GC(38) Archive regions: 2->2
[2025-12-03T14:24:00.141+0000][7][gc,heap     ] GC(38) Humongous regions: 2->2
[2025-12-03T14:24:00.141+0000][7][gc,metaspace] GC(38) Metaspace: 113062K(114816K)->113062K(114816K) NonClass: 98300K(99328K)->98300K(99328K) Class: 14761K(15488K)->14761K(15488K)
[2025-12-03T14:24:00.141+0000][7][gc          ] GC(38) Pause Young (Normal) (G1 Evacuation Pause) 405M->139M(512M) 12.851ms
[2025-12-03T14:24:00.141+0000][7][gc,cpu      ] GC(38) User=0.07s Sys=0.00s Real=0.02s
[2025-12-03T14:24:00.141+0000][7][safepoint   ] Safepoint "G1CollectForAllocation", Time since last: 3001309793 ns, Reaching safepoint: 51166 ns, At safepoint: 13098834 ns, Total: 13150000 ns
[2025-12-03T14:24:01.141+0000][7][safepoint   ] Safepoint "Cleanup", Time since last: 1000508375 ns, Reaching safepoint: 111209 ns, At safepoint: 5916 ns, Total: 117125 ns
[2025-12-03T14:24:03.145+0000][7][safepoint   ] Safepoint "Cleanup", Time since last: 2003326835 ns, Reaching safepoint: 274083 ns, At safepoint: 11000 ns, Total: 285083 ns
[2025-12-03T14:24:06.152+0000][7][safepoint   ] Safepoint "Cleanup", Time since last: 3007007710 ns, Reaching safepoint: 124166 ns, At safepoint: 7167 ns, Total: 131333 ns
[2025-12-03T14:24:07.154+0000][7][safepoint   ] Safepoint "Cleanup", Time since last: 1001596709 ns, Reaching safepoint: 502375 ns, At safepoint: 10958 ns, Total: 513333 ns
[2025-12-03T14:24:09.159+0000][7][safepoint   ] Safepoint "Cleanup", Time since last: 2004700959 ns, Reaching safepoint: 77334 ns, At safepoint: 3541 ns, Total: 80875 ns
[2025-12-03T14:24:13.168+0000][7][safepoint   ] Safepoint "Cleanup", Time since last: 4008386752 ns, Reaching safepoint: 478834 ns, At safepoint: 12875 ns, Total: 491709 ns
[2025-12-03T14:24:23.179+0000][7][safepoint   ] Safepoint "Cleanup", Time since last: 10010399046 ns, Reaching safepoint: 852083 ns, At safepoint: 183167 ns, Total: 1035250 ns
[2025-12-03T14:24:30.190+0000][7][safepoint   ] Safepoint "Cleanup", Time since last: 7010009794 ns, Reaching safepoint: 127292 ns, At safepoint: 4875 ns, Total: 132167 ns
[2025-12-03T14:24:33.194+0000][7][safepoint   ] Safepoint "Cleanup", Time since last: 3003676502 ns, Reaching safepoint: 544125 ns, At safepoint: 10875 ns, Total: 555000 ns
[2025-12-03T14:24:36.198+0000][7][safepoint   ] Safepoint "Cleanup", Time since last: 3003023918 ns, Reaching safepoint: 467000 ns, At safepoint: 17291 ns, Total: 484291 ns
[2025-12-03T14:24:38.205+0000][7][safepoint   ] Safepoint "Cleanup", Time since last: 2007235335 ns, Reaching safepoint: 125791 ns, At safepoint: 5167 ns, Total: 130958 ns
[2025-12-03T14:24:43.214+0000][7][safepoint   ] Safepoint "Cleanup", Time since last: 5007784836 ns, Reaching safepoint: 694125 ns, At safepoint: 47666 ns, Total: 741791 ns
[2025-12-03T14:24:53.232+0000][7][safepoint   ] Safepoint "Cleanup", Time since last: 10017953880 ns, Reaching safepoint: 183917 ns, At safepoint: 7666 ns, Total: 191583 ns
[2025-12-03T14:24:54.460+0000][7][gc,start    ] GC(39) Pause Young (Normal) (G1 Evacuation Pause)
[2025-12-03T14:24:54.461+0000][7][gc,task     ] GC(39) Using 8 workers of 8 for evacuation
[2025-12-03T14:24:54.461+0000][7][gc,age      ] GC(39) Desired survivor size 18874368 bytes, new threshold 15 (max threshold 15)
[2025-12-03T14:24:54.487+0000][7][gc,age      ] GC(39) Age table with threshold 15 (max threshold 15)
[2025-12-03T14:24:54.487+0000][7][gc,age      ] GC(39) - age   1:    4022904 bytes,    4022904 total
[2025-12-03T14:24:54.487+0000][7][gc,age      ] GC(39) - age   2:     473472 bytes,    4496376 total
[2025-12-03T14:24:54.487+0000][7][gc,age      ] GC(39) - age   3:     153928 bytes,    4650304 total
[2025-12-03T14:24:54.487+0000][7][gc,age      ] GC(39) - age   4:     111184 bytes,    4761488 total
[2025-12-03T14:24:54.487+0000][7][gc,age      ] GC(39) - age   5:     122504 bytes,    4883992 total
[2025-12-03T14:24:54.487+0000][7][gc,age      ] GC(39) - age   6:     251720 bytes,    5135712 total
[2025-12-03T14:24:54.487+0000][7][gc,age      ] GC(39) - age   7:      27336 bytes,    5163048 total
[2025-12-03T14:24:54.487+0000][7][gc,age      ] GC(39) - age   8:     549080 bytes,    5712128 total
[2025-12-03T14:24:54.487+0000][7][gc,age      ] GC(39) - age   9:      51640 bytes,    5763768 total
[2025-12-03T14:24:54.487+0000][7][gc,age      ] GC(39) - age  10:   10992840 bytes,   16756608 total
[2025-12-03T14:24:54.488+0000][7][gc,age      ] GC(39) - age  11:    1706728 bytes,   18463336 total
[2025-12-03T14:24:54.488+0000][7][gc,phases   ] GC(39)   Pre Evacuate Collection Set: 0.4ms
[2025-12-03T14:24:54.488+0000][7][gc,phases   ] GC(39)   Merge Heap Roots: 0.1ms
[2025-12-03T14:24:54.488+0000][7][gc,phases   ] GC(39)   Evacuate Collection Set: 22.2ms
[2025-12-03T14:24:54.488+0000][7][gc,phases   ] GC(39)   Post Evacuate Collection Set: 2.9ms
[2025-12-03T14:24:54.488+0000][7][gc,phases   ] GC(39)   Other: 1.7ms
[2025-12-03T14:24:54.488+0000][7][gc,heap     ] GC(39) Eden regions: 67->0(67)
[2025-12-03T14:24:54.488+0000][7][gc,heap     ] GC(39) Survivor regions: 5->5(9)
[2025-12-03T14:24:54.488+0000][7][gc,heap     ] GC(39) Old regions: 27->27
[2025-12-03T14:24:54.488+0000][7][gc,heap     ] GC(39) Archive regions: 2->2
[2025-12-03T14:24:54.488+0000][7][gc,heap     ] GC(39) Humongous regions: 2->2
[2025-12-03T14:24:54.488+0000][7][gc,metaspace] GC(39) Metaspace: 113128K(114816K)->113128K(114816K) NonClass: 98366K(99328K)->98366K(99328K) Class: 14762K(15488K)->14762K(15488K)
[2025-12-03T14:24:54.488+0000][7][gc          ] GC(39) Pause Young (Normal) (G1 Evacuation Pause) 407M->138M(512M) 27.968ms
[2025-12-03T14:24:54.489+0000][7][gc,cpu      ] GC(39) User=0.12s Sys=0.03s Real=0.02s
[2025-12-03T14:24:54.489+0000][7][safepoint   ] Safepoint "G1CollectForAllocation", Time since last: 1228363334 ns, Reaching safepoint: 99334 ns, At safepoint: 28214750 ns, Total: 28314084 ns
[2025-12-03T14:24:55.492+0000][7][safepoint   ] Safepoint "Cleanup", Time since last: 1001581750 ns, Reaching safepoint: 211541 ns, At safepoint: 14417 ns, Total: 225958 ns
[2025-12-03T14:25:02.502+0000][7][safepoint   ] Safepoint "Cleanup", Time since last: 7010674378 ns, Reaching safepoint: 151542 ns, At safepoint: 8375 ns, Total: 159917 ns
[2025-12-03T14:25:03.504+0000][7][safepoint   ] Safepoint "Cleanup", Time since last: 1001868375 ns, Reaching safepoint: 82459 ns, At safepoint: 3791 ns, Total: 86250 ns
[2025-12-03T14:25:04.506+0000][7][safepoint   ] Safepoint "Cleanup", Time since last: 1001186584 ns, Reaching safepoint: 80709 ns, At safepoint: 3833 ns, Total: 84542 ns
[2025-12-03T14:25:05.607+0000][7][safepoint   ] Safepoint "Cleanup", Time since last: 1100846959 ns, Reaching safepoint: 78208 ns, At safepoint: 13250 ns, Total: 91458 ns
[2025-12-03T14:25:06.609+0000][7][safepoint   ] Safepoint "Cleanup", Time since last: 1002312584 ns, Reaching safepoint: 170000 ns, At safepoint: 6208 ns, Total: 176208 ns
[2025-12-03T14:25:12.621+0000][7][safepoint   ] Safepoint "Cleanup", Time since last: 6011748711 ns, Reaching safepoint: 133209 ns, At safepoint: 6416 ns, Total: 139625 ns
[2025-12-03T14:25:18.634+0000][7][safepoint   ] Safepoint "Cleanup", Time since last: 6012853253 ns, Reaching safepoint: 143542 ns, At safepoint: 3458 ns, Total: 147000 ns
[2025-12-03T14:25:22.642+0000][7][safepoint   ] Safepoint "Cleanup", Time since last: 4007825752 ns, Reaching safepoint: 272709 ns, At safepoint: 20375 ns, Total: 293084 ns
[2025-12-03T14:25:24.025+0000][7][safepoint   ] Safepoint "Cleanup", Time since last: 1382610042 ns, Reaching safepoint: 64000 ns, At safepoint: 6875 ns, Total: 70875 ns
[2025-12-03T14:25:25.029+0000][7][safepoint   ] Safepoint "Cleanup", Time since last: 1003634542 ns, Reaching safepoint: 508708 ns, At safepoint: 15000 ns, Total: 523708 ns
[2025-12-03T14:25:29.041+0000][7][safepoint   ] Safepoint "Cleanup", Time since last: 4011124502 ns, Reaching safepoint: 103625 ns, At safepoint: 10250 ns, Total: 113875 ns
[2025-12-03T14:25:30.042+0000][7][safepoint   ] Safepoint "Cleanup", Time since last: 1000863417 ns, Reaching safepoint: 79708 ns, At safepoint: 4917 ns, Total: 84625 ns
[2025-12-03T14:25:36.055+0000][7][safepoint   ] Safepoint "Cleanup", Time since last: 6012732878 ns, Reaching safepoint: 75958 ns, At safepoint: 4250 ns, Total: 80208 ns
[2025-12-03T14:25:43.064+0000][7][safepoint   ] Safepoint "Cleanup", Time since last: 7008707712 ns, Reaching safepoint: 1053000 ns, At safepoint: 65208 ns, Total: 1118208 ns
[2025-12-03T14:25:53.088+0000][7][safepoint   ] Safepoint "Cleanup", Time since last: 10022894880 ns, Reaching safepoint: 209333 ns, At safepoint: 10459 ns, Total: 219792 ns
[2025-12-03T14:25:57.672+0000][7][gc,start    ] GC(40) Pause Young (Normal) (G1 Evacuation Pause)
[2025-12-03T14:25:57.672+0000][7][gc,task     ] GC(40) Using 8 workers of 8 for evacuation
[2025-12-03T14:25:57.672+0000][7][gc,age      ] GC(40) Desired survivor size 18874368 bytes, new threshold 15 (max threshold 15)
[2025-12-03T14:25:57.692+0000][7][gc,age      ] GC(40) Age table with threshold 15 (max threshold 15)
[2025-12-03T14:25:57.692+0000][7][gc,age      ] GC(40) - age   1:    1836792 bytes,    1836792 total
[2025-12-03T14:25:57.692+0000][7][gc,age      ] GC(40) - age   2:     817808 bytes,    2654600 total
[2025-12-03T14:25:57.692+0000][7][gc,age      ] GC(40) - age   3:     134496 bytes,    2789096 total
[2025-12-03T14:25:57.692+0000][7][gc,age      ] GC(40) - age   4:     152976 bytes,    2942072 total
[2025-12-03T14:25:57.693+0000][7][gc,age      ] GC(40) - age   5:     110448 bytes,    3052520 total
[2025-12-03T14:25:57.693+0000][7][gc,age      ] GC(40) - age   6:     121576 bytes,    3174096 total
[2025-12-03T14:25:57.693+0000][7][gc,age      ] GC(40) - age   7:     251016 bytes,    3425112 total
[2025-12-03T14:25:57.693+0000][7][gc,age      ] GC(40) - age   8:      27304 bytes,    3452416 total
[2025-12-03T14:25:57.693+0000][7][gc,age      ] GC(40) - age   9:     549016 bytes,    4001432 total
[2025-12-03T14:25:57.693+0000][7][gc,age      ] GC(40) - age  10:      51640 bytes,    4053072 total
[2025-12-03T14:25:57.693+0000][7][gc,age      ] GC(40) - age  11:   10992840 bytes,   15045912 total
[2025-12-03T14:25:57.693+0000][7][gc,age      ] GC(40) - age  12:    1706728 bytes,   16752640 total
[2025-12-03T14:25:57.693+0000][7][gc,phases   ] GC(40)   Pre Evacuate Collection Set: 0.6ms
[2025-12-03T14:25:57.693+0000][7][gc,phases   ] GC(40)   Merge Heap Roots: 0.2ms
[2025-12-03T14:25:57.693+0000][7][gc,phases   ] GC(40)   Evacuate Collection Set: 16.9ms
[2025-12-03T14:25:57.693+0000][7][gc,phases   ] GC(40)   Post Evacuate Collection Set: 1.7ms
[2025-12-03T14:25:57.693+0000][7][gc,phases   ] GC(40)   Other: 1.9ms
[2025-12-03T14:25:57.693+0000][7][gc,heap     ] GC(40) Eden regions: 67->0(67)
[2025-12-03T14:25:57.693+0000][7][gc,heap     ] GC(40) Survivor regions: 5->5(9)
[2025-12-03T14:25:57.694+0000][7][gc,heap     ] GC(40) Old regions: 27->27
[2025-12-03T14:25:57.694+0000][7][gc,heap     ] GC(40) Archive regions: 2->2
[2025-12-03T14:25:57.694+0000][7][gc,heap     ] GC(40) Humongous regions: 2->2
[2025-12-03T14:25:57.694+0000][7][gc,metaspace] GC(40) Metaspace: 113359K(115072K)->113359K(115072K) NonClass: 98568K(99520K)->98568K(99520K) Class: 14791K(15552K)->14791K(15552K)
[2025-12-03T14:25:57.694+0000][7][gc          ] GC(40) Pause Young (Normal) (G1 Evacuation Pause) 406M->138M(512M) 22.041ms
[2025-12-03T14:25:57.694+0000][7][gc,cpu      ] GC(40) User=0.14s Sys=0.00s Real=0.02s
[2025-12-03T14:25:57.694+0000][7][safepoint   ] Safepoint "G1CollectForAllocation", Time since last: 4583440876 ns, Reaching safepoint: 242375 ns, At safepoint: 22344000 ns, Total: 22586375 ns
[2025-12-03T14:25:58.697+0000][7][safepoint   ] Safepoint "Cleanup", Time since last: 1002660084 ns, Reaching safepoint: 596750 ns, At safepoint: 25167 ns, Total: 621917 ns
[2025-12-03T14:26:00.701+0000][7][safepoint   ] Safepoint "Cleanup", Time since last: 2002889792 ns, Reaching safepoint: 1059292 ns, At safepoint: 15708 ns, Total: 1075000 ns
[2025-12-03T14:26:02.707+0000][7][safepoint   ] Safepoint "Cleanup", Time since last: 2003966918 ns, Reaching safepoint: 1970542 ns, At safepoint: 16333 ns, Total: 1986875 ns
[2025-12-03T14:26:03.708+0000][7][safepoint   ] Safepoint "Cleanup", Time since last: 1000866542 ns, Reaching safepoint: 139833 ns, At safepoint: 6292 ns, Total: 146125 ns
[2025-12-03T14:26:04.709+0000][7][safepoint   ] Safepoint "Cleanup", Time since last: 1000951876 ns, Reaching safepoint: 95125 ns, At safepoint: 4166 ns, Total: 99291 ns
[2025-12-03T14:26:06.716+0000][7][safepoint   ] Safepoint "Cleanup", Time since last: 2006705168 ns, Reaching safepoint: 75125 ns, At safepoint: 8250 ns, Total: 83375 ns
[2025-12-03T14:26:12.729+0000][7][safepoint   ] Safepoint "Cleanup", Time since last: 6012977586 ns, Reaching safepoint: 163958 ns, At safepoint: 4334 ns, Total: 168292 ns
[2025-12-03T14:26:18.741+0000][7][safepoint   ] Safepoint "Cleanup", Time since last: 6011791169 ns, Reaching safepoint: 232292 ns, At safepoint: 8500 ns, Total: 240792 ns
[2025-12-03T14:26:22.747+0000][7][safepoint   ] Safepoint "Cleanup", Time since last: 4005726419 ns, Reaching safepoint: 128458 ns, At safepoint: 6458 ns, Total: 134916 ns
[2025-12-03T14:26:30.767+0000][7][safepoint   ] Safepoint "Cleanup", Time since last: 8018076211 ns, Reaching safepoint: 613542 ns, At safepoint: 22750 ns, Total: 636292 ns
[2025-12-03T14:26:31.769+0000][7][safepoint   ] Safepoint "Cleanup", Time since last: 1002181167 ns, Reaching safepoint: 231792 ns, At safepoint: 14583 ns, Total: 246375 ns
[2025-12-03T14:26:32.770+0000][7][safepoint   ] Safepoint "Cleanup", Time since last: 1000745376 ns, Reaching safepoint: 60083 ns, At safepoint: 2667 ns, Total: 62750 ns
[2025-12-03T14:26:36.784+0000][7][safepoint   ] Safepoint "Cleanup", Time since last: 4013680877 ns, Reaching safepoint: 271916 ns, At safepoint: 17084 ns, Total: 289000 ns
[2025-12-03T14:26:42.792+0000][7][safepoint   ] Safepoint "Cleanup", Time since last: 6007003211 ns, Reaching safepoint: 228166 ns, At safepoint: 6209 ns, Total: 234375 ns
[2025-12-03T14:26:46.798+0000][7][safepoint   ] Safepoint "Cleanup", Time since last: 4006834627 ns, Reaching safepoint: 117375 ns, At safepoint: 6875 ns, Total: 124250 ns
[2025-12-03T14:26:52.809+0000][7][safepoint   ] Safepoint "Cleanup", Time since last: 6010758128 ns, Reaching safepoint: 53666 ns, At safepoint: 2542 ns, Total: 56208 ns
[2025-12-03T14:27:00.824+0000][7][safepoint   ] Safepoint "Cleanup", Time since last: 8013225461 ns, Reaching safepoint: 329459 ns, At safepoint: 11541 ns, Total: 341000 ns
[2025-12-03T14:27:00.932+0000][7][gc,start    ] GC(41) Pause Young (Normal) (G1 Evacuation Pause)
[2025-12-03T14:27:00.932+0000][7][gc,task     ] GC(41) Using 8 workers of 8 for evacuation
[2025-12-03T14:27:00.932+0000][7][gc,age      ] GC(41) Desired survivor size 18874368 bytes, new threshold 15 (max threshold 15)
[2025-12-03T14:27:00.977+0000][7][gc,age      ] GC(41) Age table with threshold 15 (max threshold 15)
[2025-12-03T14:27:00.977+0000][7][gc,age      ] GC(41) - age   1:    2707088 bytes,    2707088 total
[2025-12-03T14:27:00.977+0000][7][gc,age      ] GC(41) - age   2:     401824 bytes,    3108912 total
[2025-12-03T14:27:00.977+0000][7][gc,age      ] GC(41) - age   3:     528128 bytes,    3637040 total
[2025-12-03T14:27:00.977+0000][7][gc,age      ] GC(41) - age   4:     132968 bytes,    3770008 total
[2025-12-03T14:27:00.978+0000][7][gc,age      ] GC(41) - age   5:     152816 bytes,    3922824 total
[2025-12-03T14:27:00.978+0000][7][gc,age      ] GC(41) - age   6:     110288 bytes,    4033112 total
[2025-12-03T14:27:00.978+0000][7][gc,age      ] GC(41) - age   7:     112328 bytes,    4145440 total
[2025-12-03T14:27:00.978+0000][7][gc,age      ] GC(41) - age   8:     218848 bytes,    4364288 total
[2025-12-03T14:27:00.978+0000][7][gc,age      ] GC(41) - age   9:      27304 bytes,    4391592 total
[2025-12-03T14:27:00.978+0000][7][gc,age      ] GC(41) - age  10:     549016 bytes,    4940608 total
[2025-12-03T14:27:00.978+0000][7][gc,age      ] GC(41) - age  11:      51640 bytes,    4992248 total
[2025-12-03T14:27:00.978+0000][7][gc,age      ] GC(41) - age  12:   10992840 bytes,   15985088 total
[2025-12-03T14:27:00.978+0000][7][gc,age      ] GC(41) - age  13:    1706728 bytes,   17691816 total
[2025-12-03T14:27:00.978+0000][7][gc,phases   ] GC(41)   Pre Evacuate Collection Set: 0.9ms
[2025-12-03T14:27:00.979+0000][7][gc,phases   ] GC(41)   Merge Heap Roots: 0.3ms
[2025-12-03T14:27:00.979+0000][7][gc,phases   ] GC(41)   Evacuate Collection Set: 37.2ms
[2025-12-03T14:27:00.979+0000][7][gc,phases   ] GC(41)   Post Evacuate Collection Set: 6.2ms
[2025-12-03T14:27:00.979+0000][7][gc,phases   ] GC(41)   Other: 2.6ms
[2025-12-03T14:27:00.979+0000][7][gc,heap     ] GC(41) Eden regions: 67->0(67)
[2025-12-03T14:27:00.979+0000][7][gc,heap     ] GC(41) Survivor regions: 5->5(9)
[2025-12-03T14:27:00.979+0000][7][gc,heap     ] GC(41) Old regions: 27->27
[2025-12-03T14:27:00.979+0000][7][gc,heap     ] GC(41) Archive regions: 2->2
[2025-12-03T14:27:00.979+0000][7][gc,heap     ] GC(41) Humongous regions: 2->2
[2025-12-03T14:27:00.979+0000][7][gc,metaspace] GC(41) Metaspace: 113402K(115136K)->113402K(115136K) NonClass: 98610K(99584K)->98610K(99584K) Class: 14791K(15552K)->14791K(15552K)
[2025-12-03T14:27:00.979+0000][7][gc          ] GC(41) Pause Young (Normal) (G1 Evacuation Pause) 406M->138M(512M) 47.447ms
[2025-12-03T14:27:00.979+0000][7][gc,cpu      ] GC(41) User=0.26s Sys=0.00s Real=0.05s
[2025-12-03T14:27:00.979+0000][7][safepoint   ] Safepoint "G1CollectForAllocation", Time since last: 107407709 ns, Reaching safepoint: 75625 ns, At safepoint: 47786458 ns, Total: 47862083 ns
[2025-12-03T14:27:02.986+0000][7][safepoint   ] Safepoint "Cleanup", Time since last: 2006460209 ns, Reaching safepoint: 237459 ns, At safepoint: 21666 ns, Total: 259125 ns
[2025-12-03T14:27:07.004+0000][7][safepoint   ] Safepoint "Cleanup", Time since last: 4017542127 ns, Reaching safepoint: 922834 ns, At safepoint: 25583 ns, Total: 948417 ns
[2025-12-03T14:27:08.006+0000][7][safepoint   ] Safepoint "Cleanup", Time since last: 1001305834 ns, Reaching safepoint: 263083 ns, At safepoint: 14250 ns, Total: 277333 ns
[2025-12-03T14:27:12.022+0000][7][safepoint   ] Safepoint "Cleanup", Time since last: 4016062252 ns, Reaching safepoint: 206917 ns, At safepoint: 41041 ns, Total: 247958 ns
[2025-12-03T14:27:13.027+0000][7][safepoint   ] Safepoint "Cleanup", Time since last: 1003173043 ns, Reaching safepoint: 1255916 ns, At safepoint: 13667 ns, Total: 1269583 ns
[2025-12-03T14:27:14.031+0000][7][safepoint   ] Safepoint "Cleanup", Time since last: 1003764584 ns, Reaching safepoint: 112625 ns, At safepoint: 5125 ns, Total: 117750 ns
[2025-12-03T14:27:31.051+0000][7][safepoint   ] Safepoint "Cleanup", Time since last: 17019672882 ns, Reaching safepoint: 334750 ns, At safepoint: 18958 ns, Total: 353708 ns
[2025-12-03T14:27:43.090+0000][7][safepoint   ] Safepoint "Cleanup", Time since last: 12038594256 ns, Reaching safepoint: 271375 ns, At safepoint: 11750 ns, Total: 283125 ns
[2025-12-03T14:27:44.093+0000][7][safepoint   ] Safepoint "Cleanup", Time since last: 1002319500 ns, Reaching safepoint: 180417 ns, At safepoint: 10125 ns, Total: 190542 ns
[2025-12-03T14:27:47.097+0000][7][safepoint   ] Safepoint "Cleanup", Time since last: 3004291793 ns, Reaching safepoint: 188334 ns, At safepoint: 9041 ns, Total: 197375 ns
[2025-12-03T14:27:53.108+0000][7][safepoint   ] Safepoint "Cleanup", Time since last: 6010025878 ns, Reaching safepoint: 210042 ns, At safepoint: 4833 ns, Total: 214875 ns
[2025-12-03T14:27:54.109+0000][7][safepoint   ] Safepoint "Cleanup", Time since last: 1001603251 ns, Reaching safepoint: 39208 ns, At safepoint: 3042 ns, Total: 42250 ns
[2025-12-03T14:27:55.113+0000][7][safepoint   ] Safepoint "Cleanup", Time since last: 1003801458 ns, Reaching safepoint: 100375 ns, At safepoint: 3417 ns, Total: 103792 ns
[2025-12-03T14:27:57.080+0000][7][gc,start    ] GC(42) Pause Young (Normal) (G1 Evacuation Pause)
[2025-12-03T14:27:57.080+0000][7][gc,task     ] GC(42) Using 8 workers of 8 for evacuation
[2025-12-03T14:27:57.080+0000][7][gc,age      ] GC(42) Desired survivor size 18874368 bytes, new threshold 15 (max threshold 15)
[2025-12-03T14:27:57.093+0000][7][gc,age      ] GC(42) Age table with threshold 15 (max threshold 15)
[2025-12-03T14:27:57.093+0000][7][gc,age      ] GC(42) - age   1:    2360888 bytes,    2360888 total
[2025-12-03T14:27:57.094+0000][7][gc,age      ] GC(42) - age   2:     220280 bytes,    2581168 total
[2025-12-03T14:27:57.094+0000][7][gc,age      ] GC(42) - age   3:     212976 bytes,    2794144 total
[2025-12-03T14:27:57.094+0000][7][gc,age      ] GC(42) - age   4:      29192 bytes,    2823336 total
[2025-12-03T14:27:57.094+0000][7][gc,age      ] GC(42) - age   5:     132416 bytes,    2955752 total
[2025-12-03T14:27:57.094+0000][7][gc,age      ] GC(42) - age   6:     152752 bytes,    3108504 total
[2025-12-03T14:27:57.094+0000][7][gc,age      ] GC(42) - age   7:     110288 bytes,    3218792 total
[2025-12-03T14:27:57.094+0000][7][gc,age      ] GC(42) - age   8:     112232 bytes,    3331024 total
[2025-12-03T14:27:57.094+0000][7][gc,age      ] GC(42) - age   9:     218848 bytes,    3549872 total
[2025-12-03T14:27:57.094+0000][7][gc,age      ] GC(42) - age  10:      27304 bytes,    3577176 total
[2025-12-03T14:27:57.094+0000][7][gc,age      ] GC(42) - age  11:     549016 bytes,    4126192 total
[2025-12-03T14:27:57.094+0000][7][gc,age      ] GC(42) - age  12:      51640 bytes,    4177832 total
[2025-12-03T14:27:57.094+0000][7][gc,age      ] GC(42) - age  13:   10992840 bytes,   15170672 total
[2025-12-03T14:27:57.094+0000][7][gc,age      ] GC(42) - age  14:    1706728 bytes,   16877400 total
[2025-12-03T14:27:57.094+0000][7][gc,phases   ] GC(42)   Pre Evacuate Collection Set: 0.4ms
[2025-12-03T14:27:57.094+0000][7][gc,phases   ] GC(42)   Merge Heap Roots: 0.1ms
[2025-12-03T14:27:57.094+0000][7][gc,phases   ] GC(42)   Evacuate Collection Set: 10.7ms
[2025-12-03T14:27:57.094+0000][7][gc,phases   ] GC(42)   Post Evacuate Collection Set: 1.6ms
[2025-12-03T14:27:57.094+0000][7][gc,phases   ] GC(42)   Other: 1.5ms
[2025-12-03T14:27:57.095+0000][7][gc,heap     ] GC(42) Eden regions: 67->0(67)
[2025-12-03T14:27:57.095+0000][7][gc,heap     ] GC(42) Survivor regions: 5->5(9)
[2025-12-03T14:27:57.095+0000][7][gc,heap     ] GC(42) Old regions: 27->27
[2025-12-03T14:27:57.095+0000][7][gc,heap     ] GC(42) Archive regions: 2->2
[2025-12-03T14:27:57.095+0000][7][gc,heap     ] GC(42) Humongous regions: 2->2
[2025-12-03T14:27:57.095+0000][7][gc,metaspace] GC(42) Metaspace: 113440K(115136K)->113440K(115136K) NonClass: 98648K(99584K)->98648K(99584K) Class: 14791K(15552K)->14791K(15552K)
[2025-12-03T14:27:57.095+0000][7][gc          ] GC(42) Pause Young (Normal) (G1 Evacuation Pause) 406M->137M(512M) 14.785ms
[2025-12-03T14:27:57.095+0000][7][gc,cpu      ] GC(42) User=0.08s Sys=0.00s Real=0.01s
[2025-12-03T14:27:57.095+0000][7][safepoint   ] Safepoint "G1CollectForAllocation", Time since last: 1965173376 ns, Reaching safepoint: 111458 ns, At safepoint: 15038917 ns, Total: 15150375 ns
[2025-12-03T14:27:58.100+0000][7][safepoint   ] Safepoint "Cleanup", Time since last: 1004778708 ns, Reaching safepoint: 239417 ns, At safepoint: 21125 ns, Total: 260542 ns
[2025-12-03T14:28:06.126+0000][7][safepoint   ] Safepoint "Cleanup", Time since last: 8026063129 ns, Reaching safepoint: 182583 ns, At safepoint: 21959 ns, Total: 204542 ns
[2025-12-03T14:28:13.146+0000][7][safepoint   ] Safepoint "Cleanup", Time since last: 7019531545 ns, Reaching safepoint: 227250 ns, At safepoint: 6875 ns, Total: 234125 ns
[2025-12-03T14:28:22.188+0000][7][safepoint   ] Safepoint "Cleanup", Time since last: 9041400796 ns, Reaching safepoint: 318791 ns, At safepoint: 12792 ns, Total: 331583 ns
[2025-12-03T14:28:23.200+0000][7][safepoint   ] Safepoint "Cleanup", Time since last: 1011483875 ns, Reaching safepoint: 671792 ns, At safepoint: 25167 ns, Total: 696959 ns
[2025-12-03T14:28:30.211+0000][7][safepoint   ] Safepoint "Cleanup", Time since last: 7010627877 ns, Reaching safepoint: 62458 ns, At safepoint: 2667 ns, Total: 65125 ns
[2025-12-03T14:28:31.213+0000][7][safepoint   ] Safepoint "Cleanup", Time since last: 1001837292 ns, Reaching safepoint: 96084 ns, At safepoint: 3583 ns, Total: 99667 ns
[2025-12-03T14:28:33.217+0000][7][safepoint   ] Safepoint "Cleanup", Time since last: 2004415168 ns, Reaching safepoint: 169916 ns, At safepoint: 5084 ns, Total: 175000 ns
[2025-12-03T14:28:36.226+0000][7][safepoint   ] Safepoint "Cleanup", Time since last: 3008230793 ns, Reaching safepoint: 71208 ns, At safepoint: 8583 ns, Total: 79791 ns
[2025-12-03T14:28:47.246+0000][7][safepoint   ] Safepoint "Cleanup", Time since last: 11019163131 ns, Reaching safepoint: 801916 ns, At safepoint: 41584 ns, Total: 843500 ns
[2025-12-03T14:28:48.248+0000][7][safepoint   ] Safepoint "Cleanup", Time since last: 1002508125 ns, Reaching safepoint: 157375 ns, At safepoint: 8958 ns, Total: 166333 ns
[2025-12-03T14:28:54.493+0000][7][gc,start    ] GC(43) Pause Young (Normal) (G1 Evacuation Pause)
[2025-12-03T14:28:54.494+0000][7][gc,task     ] GC(43) Using 8 workers of 8 for evacuation
[2025-12-03T14:28:54.494+0000][7][gc,age      ] GC(43) Desired survivor size 18874368 bytes, new threshold 15 (max threshold 15)
[2025-12-03T14:28:54.507+0000][7][gc,age      ] GC(43) Age table with threshold 15 (max threshold 15)
[2025-12-03T14:28:54.507+0000][7][gc,age      ] GC(43) - age   1:    3365256 bytes,    3365256 total
[2025-12-03T14:28:54.507+0000][7][gc,age      ] GC(43) - age   2:     893952 bytes,    4259208 total
[2025-12-03T14:28:54.507+0000][7][gc,age      ] GC(43) - age   3:     174808 bytes,    4434016 total
[2025-12-03T14:28:54.507+0000][7][gc,age      ] GC(43) - age   4:      71368 bytes,    4505384 total
[2025-12-03T14:28:54.508+0000][7][gc,age      ] GC(43) - age   5:      20904 bytes,    4526288 total
[2025-12-03T14:28:54.508+0000][7][gc,age      ] GC(43) - age   6:     123424 bytes,    4649712 total
[2025-12-03T14:28:54.508+0000][7][gc,age      ] GC(43) - age   7:     143920 bytes,    4793632 total
[2025-12-03T14:28:54.508+0000][7][gc,age      ] GC(43) - age   8:     101520 bytes,    4895152 total
[2025-12-03T14:28:54.508+0000][7][gc,age      ] GC(43) - age   9:     104560 bytes,    4999712 total
[2025-12-03T14:28:54.508+0000][7][gc,age      ] GC(43) - age  10:     210080 bytes,    5209792 total
[2025-12-03T14:28:54.508+0000][7][gc,age      ] GC(43) - age  11:      19632 bytes,    5229424 total
[2025-12-03T14:28:54.508+0000][7][gc,age      ] GC(43) - age  12:     540248 bytes,    5769672 total
[2025-12-03T14:28:54.508+0000][7][gc,age      ] GC(43) - age  13:      45064 bytes,    5814736 total
[2025-12-03T14:28:54.508+0000][7][gc,age      ] GC(43) - age  14:   10986264 bytes,   16801000 total
[2025-12-03T14:28:54.508+0000][7][gc,age      ] GC(43) - age  15:    1706728 bytes,   18507728 total
[2025-12-03T14:28:54.508+0000][7][gc,phases   ] GC(43)   Pre Evacuate Collection Set: 0.5ms
[2025-12-03T14:28:54.508+0000][7][gc,phases   ] GC(43)   Merge Heap Roots: 0.1ms
[2025-12-03T14:28:54.508+0000][7][gc,phases   ] GC(43)   Evacuate Collection Set: 11.2ms
[2025-12-03T14:28:54.508+0000][7][gc,phases   ] GC(43)   Post Evacuate Collection Set: 1.5ms
[2025-12-03T14:28:54.508+0000][7][gc,phases   ] GC(43)   Other: 1.5ms
[2025-12-03T14:28:54.508+0000][7][gc,heap     ] GC(43) Eden regions: 67->0(67)
[2025-12-03T14:28:54.508+0000][7][gc,heap     ] GC(43) Survivor regions: 5->5(9)
[2025-12-03T14:28:54.508+0000][7][gc,heap     ] GC(43) Old regions: 27->27
[2025-12-03T14:28:54.508+0000][7][gc,heap     ] GC(43) Archive regions: 2->2
[2025-12-03T14:28:54.508+0000][7][gc,heap     ] GC(43) Humongous regions: 2->2
[2025-12-03T14:28:54.508+0000][7][gc,metaspace] GC(43) Metaspace: 113524K(115200K)->113524K(115200K) NonClass: 98731K(99648K)->98731K(99648K) Class: 14792K(15552K)->14792K(15552K)
[2025-12-03T14:28:54.509+0000][7][gc          ] GC(43) Pause Young (Normal) (G1 Evacuation Pause) 405M->139M(512M) 15.243ms
[2025-12-03T14:28:54.509+0000][7][gc,cpu      ] GC(43) User=0.09s Sys=0.00s Real=0.02s
[2025-12-03T14:28:54.509+0000][7][safepoint   ] Safepoint "G1CollectForAllocation", Time since last: 6244702087 ns, Reaching safepoint: 56291 ns, At safepoint: 15473959 ns, Total: 15530250 ns
[2025-12-03T14:29:00.522+0000][7][safepoint   ] Safepoint "Cleanup", Time since last: 6014476002 ns, Reaching safepoint: 90042 ns, At safepoint: 3500 ns, Total: 93542 ns
[2025-12-03T14:29:02.527+0000][7][safepoint   ] Safepoint "Cleanup", Time since last: 2004011584 ns, Reaching safepoint: 67250 ns, At safepoint: 5584 ns, Total: 72834 ns
[2025-12-03T14:29:04.530+0000][7][safepoint   ] Safepoint "Cleanup", Time since last: 2003613334 ns, Reaching safepoint: 229250 ns, At safepoint: 10125 ns, Total: 239375 ns
[2025-12-03T14:29:06.534+0000][7][safepoint   ] Safepoint "Cleanup", Time since last: 2003597626 ns, Reaching safepoint: 169000 ns, At safepoint: 4958 ns, Total: 173958 ns
[2025-12-03T14:29:22.564+0000][7][safepoint   ] Safepoint "Cleanup", Time since last: 16029459883 ns, Reaching safepoint: 403916 ns, At safepoint: 37917 ns, Total: 441833 ns
[2025-12-03T14:29:31.580+0000][7][safepoint   ] Safepoint "Cleanup", Time since last: 9012618421 ns, Reaching safepoint: 479791 ns, At safepoint: 11959 ns, Total: 491750 ns
[2025-12-03T14:29:34.586+0000][7][safepoint   ] Safepoint "Cleanup", Time since last: 3006091835 ns, Reaching safepoint: 91958 ns, At safepoint: 4417 ns, Total: 96375 ns
[2025-12-03T14:29:36.589+0000][7][safepoint   ] Safepoint "Cleanup", Time since last: 2001754875 ns, Reaching safepoint: 947750 ns, At safepoint: 9709 ns, Total: 957459 ns
[2025-12-03T14:29:37.593+0000][7][safepoint   ] Safepoint "Cleanup", Time since last: 1003745125 ns, Reaching safepoint: 468209 ns, At safepoint: 21666 ns, Total: 489875 ns
[2025-12-03T14:29:46.607+0000][7][safepoint   ] Safepoint "Cleanup", Time since last: 9013688046 ns, Reaching safepoint: 336625 ns, At safepoint: 15500 ns, Total: 352125 ns
[2025-12-03T14:29:54.140+0000][7][gc,start    ] GC(44) Pause Young (Normal) (G1 Evacuation Pause)
[2025-12-03T14:29:54.141+0000][7][gc,task     ] GC(44) Using 8 workers of 8 for evacuation
[2025-12-03T14:29:54.141+0000][7][gc,age      ] GC(44) Desired survivor size 18874368 bytes, new threshold 15 (max threshold 15)
[2025-12-03T14:29:54.161+0000][7][gc,age      ] GC(44) Age table with threshold 15 (max threshold 15)
[2025-12-03T14:29:54.161+0000][7][gc,age      ] GC(44) - age   1:    3787352 bytes,    3787352 total
[2025-12-03T14:29:54.161+0000][7][gc,age      ] GC(44) - age   2:     681152 bytes,    4468504 total
[2025-12-03T14:29:54.162+0000][7][gc,age      ] GC(44) - age   3:      85792 bytes,    4554296 total
[2025-12-03T14:29:54.162+0000][7][gc,age      ] GC(44) - age   4:      42856 bytes,    4597152 total
[2025-12-03T14:29:54.162+0000][7][gc,age      ] GC(44) - age   5:      70680 bytes,    4667832 total
[2025-12-03T14:29:54.162+0000][7][gc,age      ] GC(44) - age   6:      20584 bytes,    4688416 total
[2025-12-03T14:29:54.162+0000][7][gc,age      ] GC(44) - age   7:     123232 bytes,    4811648 total
[2025-12-03T14:29:54.162+0000][7][gc,age      ] GC(44) - age   8:      12704 bytes,    4824352 total
[2025-12-03T14:29:54.162+0000][7][gc,age      ] GC(44) - age   9:     101456 bytes,    4925808 total
[2025-12-03T14:29:54.162+0000][7][gc,age      ] GC(44) - age  10:     104560 bytes,    5030368 total
[2025-12-03T14:29:54.162+0000][7][gc,age      ] GC(44) - age  11:     210080 bytes,    5240448 total
[2025-12-03T14:29:54.162+0000][7][gc,age      ] GC(44) - age  12:      19632 bytes,    5260080 total
[2025-12-03T14:29:54.162+0000][7][gc,age      ] GC(44) - age  13:     540248 bytes,    5800328 total
[2025-12-03T14:29:54.162+0000][7][gc,age      ] GC(44) - age  14:      45032 bytes,    5845360 total
[2025-12-03T14:29:54.162+0000][7][gc,age      ] GC(44) - age  15:   10986264 bytes,   16831624 total
[2025-12-03T14:29:54.162+0000][7][gc,phases   ] GC(44)   Pre Evacuate Collection Set: 0.4ms
[2025-12-03T14:29:54.162+0000][7][gc,phases   ] GC(44)   Merge Heap Roots: 0.1ms
[2025-12-03T14:29:54.162+0000][7][gc,phases   ] GC(44)   Evacuate Collection Set: 17.2ms
[2025-12-03T14:29:54.162+0000][7][gc,phases   ] GC(44)   Post Evacuate Collection Set: 2.6ms
[2025-12-03T14:29:54.162+0000][7][gc,phases   ] GC(44)   Other: 1.7ms
[2025-12-03T14:29:54.162+0000][7][gc,heap     ] GC(44) Eden regions: 67->0(66)
[2025-12-03T14:29:54.162+0000][7][gc,heap     ] GC(44) Survivor regions: 5->5(9)
[2025-12-03T14:29:54.162+0000][7][gc,heap     ] GC(44) Old regions: 27->28
[2025-12-03T14:29:54.163+0000][7][gc,heap     ] GC(44) Archive regions: 2->2
[2025-12-03T14:29:54.163+0000][7][gc,heap     ] GC(44) Humongous regions: 2->2
[2025-12-03T14:29:54.163+0000][7][gc,metaspace] GC(44) Metaspace: 113619K(115328K)->113619K(115328K) NonClass: 98826K(99776K)->98826K(99776K) Class: 14792K(15552K)->14792K(15552K)
[2025-12-03T14:29:54.163+0000][7][gc          ] GC(44) Pause Young (Normal) (G1 Evacuation Pause) 407M->139M(512M) 22.204ms
[2025-12-03T14:29:54.163+0000][7][gc,cpu      ] GC(44) User=0.13s Sys=0.01s Real=0.02s
[2025-12-03T14:29:54.163+0000][7][safepoint   ] Safepoint "G1CollectForAllocation", Time since last: 7533053671 ns, Reaching safepoint: 71416 ns, At safepoint: 22759209 ns, Total: 22830625 ns
[2025-12-03T14:29:57.169+0000][7][safepoint   ] Safepoint "Cleanup", Time since last: 3005065417 ns, Reaching safepoint: 80625 ns, At safepoint: 3416 ns, Total: 84041 ns
[2025-12-03T14:30:03.180+0000][7][safepoint   ] Safepoint "Cleanup", Time since last: 6010502503 ns, Reaching safepoint: 84959 ns, At safepoint: 5625 ns, Total: 90584 ns
[2025-12-03T14:30:07.191+0000][7][safepoint   ] Safepoint "Cleanup", Time since last: 4011412418 ns, Reaching safepoint: 86750 ns, At safepoint: 5625 ns, Total: 92375 ns
[2025-12-03T14:30:10.194+0000][7][safepoint   ] Safepoint "Cleanup", Time since last: 3002796752 ns, Reaching safepoint: 245208 ns, At safepoint: 10125 ns, Total: 255333 ns
[2025-12-03T14:30:13.197+0000][7][safepoint   ] Safepoint "Cleanup", Time since last: 3002768668 ns, Reaching safepoint: 72708 ns, At safepoint: 2875 ns, Total: 75583 ns
[2025-12-03T14:30:17.201+0000][7][safepoint   ] Safepoint "Cleanup", Time since last: 4003798961 ns, Reaching safepoint: 103666 ns, At safepoint: 5875 ns, Total: 109541 ns
[2025-12-03T14:30:36.226+0000][7][safepoint   ] Safepoint "Cleanup", Time since last: 19023909842 ns, Reaching safepoint: 238083 ns, At safepoint: 12042 ns, Total: 250125 ns
[2025-12-03T14:30:48.242+0000][7][safepoint   ] Safepoint "Cleanup", Time since last: 12015688714 ns, Reaching safepoint: 233083 ns, At safepoint: 7667 ns, Total: 240750 ns
[2025-12-03T14:30:52.426+0000][7][gc,start    ] GC(45) Pause Young (Normal) (G1 Evacuation Pause)
[2025-12-03T14:30:52.426+0000][7][gc,task     ] GC(45) Using 8 workers of 8 for evacuation
[2025-12-03T14:30:52.426+0000][7][gc,age      ] GC(45) Desired survivor size 18874368 bytes, new threshold 15 (max threshold 15)
[2025-12-03T14:30:52.438+0000][7][gc,age      ] GC(45) Age table with threshold 15 (max threshold 15)
[2025-12-03T14:30:52.438+0000][7][gc,age      ] GC(45) - age   1:    2359912 bytes,    2359912 total
[2025-12-03T14:30:52.438+0000][7][gc,age      ] GC(45) - age   2:    1070584 bytes,    3430496 total
[2025-12-03T14:30:52.438+0000][7][gc,age      ] GC(45) - age   3:     128656 bytes,    3559152 total
[2025-12-03T14:30:52.438+0000][7][gc,age      ] GC(45) - age   4:      84760 bytes,    3643912 total
[2025-12-03T14:30:52.438+0000][7][gc,age      ] GC(45) - age   5:      42568 bytes,    3686480 total
[2025-12-03T14:30:52.438+0000][7][gc,age      ] GC(45) - age   6:      70680 bytes,    3757160 total
[2025-12-03T14:30:52.439+0000][7][gc,age      ] GC(45) - age   7:      20312 bytes,    3777472 total
[2025-12-03T14:30:52.439+0000][7][gc,age      ] GC(45) - age   8:     123232 bytes,    3900704 total
[2025-12-03T14:30:52.439+0000][7][gc,age      ] GC(45) - age   9:      12704 bytes,    3913408 total
[2025-12-03T14:30:52.439+0000][7][gc,age      ] GC(45) - age  10:     101416 bytes,    4014824 total
[2025-12-03T14:30:52.439+0000][7][gc,age      ] GC(45) - age  11:     103216 bytes,    4118040 total
[2025-12-03T14:30:52.439+0000][7][gc,age      ] GC(45) - age  12:     209440 bytes,    4327480 total
[2025-12-03T14:30:52.439+0000][7][gc,age      ] GC(45) - age  13:      19632 bytes,    4347112 total
[2025-12-03T14:30:52.439+0000][7][gc,age      ] GC(45) - age  14:     540248 bytes,    4887360 total
[2025-12-03T14:30:52.439+0000][7][gc,age      ] GC(45) - age  15:      45032 bytes,    4932392 total
[2025-12-03T14:30:52.439+0000][7][gc,phases   ] GC(45)   Pre Evacuate Collection Set: 0.4ms
[2025-12-03T14:30:52.439+0000][7][gc,phases   ] GC(45)   Merge Heap Roots: 0.1ms
[2025-12-03T14:30:52.439+0000][7][gc,phases   ] GC(45)   Evacuate Collection Set: 9.4ms
[2025-12-03T14:30:52.439+0000][7][gc,phases   ] GC(45)   Post Evacuate Collection Set: 1.8ms
[2025-12-03T14:30:52.439+0000][7][gc,phases   ] GC(45)   Other: 1.5ms
[2025-12-03T14:30:52.439+0000][7][gc,heap     ] GC(45) Eden regions: 66->0(68)
[2025-12-03T14:30:52.439+0000][7][gc,heap     ] GC(45) Survivor regions: 5->2(9)
[2025-12-03T14:30:52.439+0000][7][gc,heap     ] GC(45) Old regions: 28->31
[2025-12-03T14:30:52.439+0000][7][gc,heap     ] GC(45) Archive regions: 2->2
[2025-12-03T14:30:52.439+0000][7][gc,heap     ] GC(45) Humongous regions: 2->2
[2025-12-03T14:30:52.440+0000][7][gc,metaspace] GC(45) Metaspace: 113665K(115328K)->113665K(115328K) NonClass: 98873K(99776K)->98873K(99776K) Class: 14792K(15552K)->14792K(15552K)
[2025-12-03T14:30:52.440+0000][7][gc          ] GC(45) Pause Young (Normal) (G1 Evacuation Pause) 403M->139M(512M) 13.773ms
[2025-12-03T14:30:52.440+0000][7][gc,cpu      ] GC(45) User=0.07s Sys=0.00s Real=0.01s
[2025-12-03T14:30:52.440+0000][7][safepoint   ] Safepoint "G1CollectForAllocation", Time since last: 4183532919 ns, Reaching safepoint: 87750 ns, At safepoint: 14069791 ns, Total: 14157541 ns
[2025-12-03T14:30:54.444+0000][7][safepoint   ] Safepoint "Cleanup", Time since last: 2004172251 ns, Reaching safepoint: 95959 ns, At safepoint: 4916 ns, Total: 100875 ns
[2025-12-03T14:30:55.446+0000][7][safepoint   ] Safepoint "Cleanup", Time since last: 1001845542 ns, Reaching safepoint: 438167 ns, At safepoint: 23000 ns, Total: 461167 ns
[2025-12-03T14:30:56.449+0000][7][safepoint   ] Safepoint "Cleanup", Time since last: 1001677875 ns, Reaching safepoint: 97542 ns, At safepoint: 4208 ns, Total: 101750 ns
[2025-12-03T14:31:00.452+0000][7][safepoint   ] Safepoint "Cleanup", Time since last: 4002732752 ns, Reaching safepoint: 374125 ns, At safepoint: 3125 ns, Total: 377250 ns
[2025-12-03T14:31:01.453+0000][7][safepoint   ] Safepoint "Cleanup", Time since last: 1001016459 ns, Reaching safepoint: 94750 ns, At safepoint: 4625 ns, Total: 99375 ns
[2025-12-03T14:31:02.454+0000][7][safepoint   ] Safepoint "Cleanup", Time since last: 1000648626 ns, Reaching safepoint: 118958 ns, At safepoint: 5667 ns, Total: 124625 ns
[2025-12-03T14:31:06.459+0000][7][safepoint   ] Safepoint "Cleanup", Time since last: 4004732335 ns, Reaching safepoint: 163750 ns, At safepoint: 12625 ns, Total: 176375 ns
[2025-12-03T14:31:12.465+0000][7][safepoint   ] Safepoint "Cleanup", Time since last: 6005778544 ns, Reaching safepoint: 152542 ns, At safepoint: 3958 ns, Total: 156500 ns
[2025-12-03T14:31:13.468+0000][7][safepoint   ] Safepoint "Cleanup", Time since last: 1003197792 ns, Reaching safepoint: 390125 ns, At safepoint: 14834 ns, Total: 404959 ns
[2025-12-03T14:31:14.470+0000][7][safepoint   ] Safepoint "Cleanup", Time since last: 1001262375 ns, Reaching safepoint: 53667 ns, At safepoint: 3000 ns, Total: 56667 ns
[2025-12-03T14:31:16.474+0000][7][safepoint   ] Safepoint "Cleanup", Time since last: 2004046626 ns, Reaching safepoint: 80958 ns, At safepoint: 6459 ns, Total: 87417 ns
[2025-12-03T14:31:22.481+0000][7][safepoint   ] Safepoint "Cleanup", Time since last: 6007480752 ns, Reaching safepoint: 96792 ns, At safepoint: 2833 ns, Total: 99625 ns
[2025-12-03T14:31:30.500+0000][7][safepoint   ] Safepoint "Cleanup", Time since last: 8017939046 ns, Reaching safepoint: 124125 ns, At safepoint: 4541 ns, Total: 128666 ns
[2025-12-03T14:31:32.503+0000][7][safepoint   ] Safepoint "Cleanup", Time since last: 2002134376 ns, Reaching safepoint: 161417 ns, At safepoint: 5208 ns, Total: 166625 ns
[2025-12-03T14:31:42.518+0000][7][safepoint   ] Safepoint "Cleanup", Time since last: 10015386380 ns, Reaching safepoint: 61750 ns, At safepoint: 2792 ns, Total: 64542 ns
[2025-12-03T14:31:48.529+0000][7][safepoint   ] Safepoint "Cleanup", Time since last: 6010333044 ns, Reaching safepoint: 79542 ns, At safepoint: 3708 ns, Total: 83250 ns
[2025-12-03T14:31:49.327+0000][7][gc,start    ] GC(46) Pause Young (Normal) (G1 Evacuation Pause)
[2025-12-03T14:31:49.328+0000][7][gc,task     ] GC(46) Using 8 workers of 8 for evacuation
[2025-12-03T14:31:49.328+0000][7][gc,age      ] GC(46) Desired survivor size 18874368 bytes, new threshold 15 (max threshold 15)
[2025-12-03T14:31:49.339+0000][7][gc,age      ] GC(46) Age table with threshold 15 (max threshold 15)
[2025-12-03T14:31:49.339+0000][7][gc,age      ] GC(46) - age   1:    3678392 bytes,    3678392 total
[2025-12-03T14:31:49.339+0000][7][gc,age      ] GC(46) - age   2:     688960 bytes,    4367352 total
[2025-12-03T14:31:49.339+0000][7][gc,age      ] GC(46) - age   3:     555376 bytes,    4922728 total
[2025-12-03T14:31:49.339+0000][7][gc,age      ] GC(46) - age   4:     124984 bytes,    5047712 total
[2025-12-03T14:31:49.339+0000][7][gc,age      ] GC(46) - age   5:      84264 bytes,    5131976 total
[2025-12-03T14:31:49.339+0000][7][gc,age      ] GC(46) - age   6:      42472 bytes,    5174448 total
[2025-12-03T14:31:49.339+0000][7][gc,age      ] GC(46) - age   7:      70240 bytes,    5244688 total
[2025-12-03T14:31:49.340+0000][7][gc,age      ] GC(46) - age   8:      20312 bytes,    5265000 total
[2025-12-03T14:31:49.340+0000][7][gc,age      ] GC(46) - age   9:     123232 bytes,    5388232 total
[2025-12-03T14:31:49.340+0000][7][gc,age      ] GC(46) - age  10:      12704 bytes,    5400936 total
[2025-12-03T14:31:49.340+0000][7][gc,age      ] GC(46) - age  11:     101416 bytes,    5502352 total
[2025-12-03T14:31:49.340+0000][7][gc,age      ] GC(46) - age  12:     103216 bytes,    5605568 total
[2025-12-03T14:31:49.340+0000][7][gc,age      ] GC(46) - age  13:     209440 bytes,    5815008 total
[2025-12-03T14:31:49.340+0000][7][gc,age      ] GC(46) - age  14:      19632 bytes,    5834640 total
[2025-12-03T14:31:49.340+0000][7][gc,age      ] GC(46) - age  15:     540248 bytes,    6374888 total
[2025-12-03T14:31:49.340+0000][7][gc,phases   ] GC(46)   Pre Evacuate Collection Set: 0.6ms
[2025-12-03T14:31:49.340+0000][7][gc,phases   ] GC(46)   Merge Heap Roots: 0.2ms
[2025-12-03T14:31:49.340+0000][7][gc,phases   ] GC(46)   Evacuate Collection Set: 8.3ms
[2025-12-03T14:31:49.340+0000][7][gc,phases   ] GC(46)   Post Evacuate Collection Set: 1.8ms
[2025-12-03T14:31:49.340+0000][7][gc,phases   ] GC(46)   Other: 2.1ms
[2025-12-03T14:31:49.340+0000][7][gc,heap     ] GC(46) Eden regions: 68->0(68)
[2025-12-03T14:31:49.340+0000][7][gc,heap     ] GC(46) Survivor regions: 2->2(9)
[2025-12-03T14:31:49.341+0000][7][gc,heap     ] GC(46) Old regions: 31->31
[2025-12-03T14:31:49.341+0000][7][gc,heap     ] GC(46) Archive regions: 2->2
[2025-12-03T14:31:49.341+0000][7][gc,heap     ] GC(46) Humongous regions: 2->2
[2025-12-03T14:31:49.341+0000][7][gc,metaspace] GC(46) Metaspace: 113782K(115456K)->113782K(115456K) NonClass: 98990K(99904K)->98990K(99904K) Class: 14792K(15552K)->14792K(15552K)
[2025-12-03T14:31:49.341+0000][7][gc          ] GC(46) Pause Young (Normal) (G1 Evacuation Pause) 411M->139M(512M) 13.489ms
[2025-12-03T14:31:49.341+0000][7][gc,cpu      ] GC(46) User=0.07s Sys=0.00s Real=0.01s
[2025-12-03T14:31:49.341+0000][7][safepoint   ] Safepoint "G1CollectForAllocation", Time since last: 798407209 ns, Reaching safepoint: 115375 ns, At safepoint: 13825375 ns, Total: 13940750 ns
[2025-12-03T14:31:50.343+0000][7][safepoint   ] Safepoint "Cleanup", Time since last: 1001520917 ns, Reaching safepoint: 77417 ns, At safepoint: 4125 ns, Total: 81542 ns
[2025-12-03T14:31:52.417+0000][7][safepoint   ] Safepoint "Cleanup", Time since last: 2074082667 ns, Reaching safepoint: 41542 ns, At safepoint: 1417 ns, Total: 42959 ns
[2025-12-03T14:31:53.418+0000][7][safepoint   ] Safepoint "Cleanup", Time since last: 1001353792 ns, Reaching safepoint: 362166 ns, At safepoint: 26667 ns, Total: 388833 ns
[2025-12-03T14:32:00.430+0000][7][safepoint   ] Safepoint "Cleanup", Time since last: 7010294545 ns, Reaching safepoint: 182708 ns, At safepoint: 5750 ns, Total: 188458 ns
[2025-12-03T14:32:03.434+0000][7][safepoint   ] Safepoint "Cleanup", Time since last: 3003949710 ns, Reaching safepoint: 189292 ns, At safepoint: 11291 ns, Total: 200583 ns
[2025-12-03T14:32:06.438+0000][7][safepoint   ] Safepoint "Cleanup", Time since last: 3003672168 ns, Reaching safepoint: 107125 ns, At safepoint: 5584 ns, Total: 112709 ns
[2025-12-03T14:32:09.440+0000][7][safepoint   ] Safepoint "Cleanup", Time since last: 3002860251 ns, Reaching safepoint: 41625 ns, At safepoint: 5958 ns, Total: 47583 ns
[2025-12-03T14:32:12.446+0000][7][safepoint   ] Safepoint "Cleanup", Time since last: 3005485919 ns, Reaching safepoint: 78083 ns, At safepoint: 5042 ns, Total: 83125 ns
[2025-12-03T14:32:16.450+0000][7][safepoint   ] Safepoint "Cleanup", Time since last: 4004213460 ns, Reaching safepoint: 75958 ns, At safepoint: 8209 ns, Total: 84167 ns
[2025-12-03T14:32:18.453+0000][7][safepoint   ] Safepoint "Cleanup", Time since last: 2001965875 ns, Reaching safepoint: 324959 ns, At safepoint: 25375 ns, Total: 350334 ns
[2025-12-03T14:32:22.456+0000][7][safepoint   ] Safepoint "Cleanup", Time since last: 4002714460 ns, Reaching safepoint: 980208 ns, At safepoint: 8959 ns, Total: 989167 ns
[2025-12-03T14:32:30.465+0000][7][safepoint   ] Safepoint "Cleanup", Time since last: 8007898212 ns, Reaching safepoint: 109875 ns, At safepoint: 3625 ns, Total: 113500 ns
[2025-12-03T14:32:31.468+0000][7][safepoint   ] Safepoint "Cleanup", Time since last: 1002780708 ns, Reaching safepoint: 50792 ns, At safepoint: 4000 ns, Total: 54792 ns
[2025-12-03T14:32:42.510+0000][7][gc,start    ] GC(47) Pause Young (Normal) (G1 Evacuation Pause)
[2025-12-03T14:32:42.511+0000][7][gc,task     ] GC(47) Using 8 workers of 8 for evacuation
[2025-12-03T14:32:42.511+0000][7][gc,age      ] GC(47) Desired survivor size 18874368 bytes, new threshold 15 (max threshold 15)
[2025-12-03T14:32:42.518+0000][7][gc,age      ] GC(47) Age table with threshold 15 (max threshold 15)
[2025-12-03T14:32:42.518+0000][7][gc,age      ] GC(47) - age   1:    2803960 bytes,    2803960 total
[2025-12-03T14:32:42.518+0000][7][gc,age      ] GC(47) - age   2:     649544 bytes,    3453504 total
[2025-12-03T14:32:42.518+0000][7][gc,age      ] GC(47) - age   3:      72976 bytes,    3526480 total
[2025-12-03T14:32:42.518+0000][7][gc,age      ] GC(47) - age   4:      55968 bytes,    3582448 total
[2025-12-03T14:32:42.519+0000][7][gc,age      ] GC(47) - age   5:     124568 bytes,    3707016 total
[2025-12-03T14:32:42.519+0000][7][gc,age      ] GC(47) - age   6:      83848 bytes,    3790864 total
[2025-12-03T14:32:42.519+0000][7][gc,age      ] GC(47) - age   7:      41984 bytes,    3832848 total
[2025-12-03T14:32:42.519+0000][7][gc,age      ] GC(47) - age   8:      66800 bytes,    3899648 total
[2025-12-03T14:32:42.519+0000][7][gc,age      ] GC(47) - age   9:      20056 bytes,    3919704 total
[2025-12-03T14:32:42.519+0000][7][gc,age      ] GC(47) - age  10:     113584 bytes,    4033288 total
[2025-12-03T14:32:42.519+0000][7][gc,age      ] GC(47) - age  11:      12160 bytes,    4045448 total
[2025-12-03T14:32:42.519+0000][7][gc,age      ] GC(47) - age  12:     100920 bytes,    4146368 total
[2025-12-03T14:32:42.519+0000][7][gc,age      ] GC(47) - age  13:     102448 bytes,    4248816 total
[2025-12-03T14:32:42.519+0000][7][gc,age      ] GC(47) - age  14:     208512 bytes,    4457328 total
[2025-12-03T14:32:42.519+0000][7][gc,age      ] GC(47) - age  15:      18992 bytes,    4476320 total
[2025-12-03T14:32:42.519+0000][7][gc,phases   ] GC(47)   Pre Evacuate Collection Set: 0.4ms
[2025-12-03T14:32:42.519+0000][7][gc,phases   ] GC(47)   Merge Heap Roots: 0.1ms
[2025-12-03T14:32:42.519+0000][7][gc,phases   ] GC(47)   Evacuate Collection Set: 5.3ms
[2025-12-03T14:32:42.519+0000][7][gc,phases   ] GC(47)   Post Evacuate Collection Set: 1.6ms
[2025-12-03T14:32:42.519+0000][7][gc,phases   ] GC(47)   Other: 1.9ms
[2025-12-03T14:32:42.519+0000][7][gc,heap     ] GC(47) Eden regions: 68->0(68)
[2025-12-03T14:32:42.519+0000][7][gc,heap     ] GC(47) Survivor regions: 2->2(9)
[2025-12-03T14:32:42.519+0000][7][gc,heap     ] GC(47) Old regions: 31->31
[2025-12-03T14:32:42.519+0000][7][gc,heap     ] GC(47) Archive regions: 2->2
[2025-12-03T14:32:42.519+0000][7][gc,heap     ] GC(47) Humongous regions: 2->2
[2025-12-03T14:32:42.519+0000][7][gc,metaspace] GC(47) Metaspace: 113857K(115584K)->113857K(115584K) NonClass: 99065K(100032K)->99065K(100032K) Class: 14792K(15552K)->14792K(15552K)
[2025-12-03T14:32:42.519+0000][7][gc          ] GC(47) Pause Young (Normal) (G1 Evacuation Pause) 411M->137M(512M) 9.697ms
[2025-12-03T14:32:42.520+0000][7][gc,cpu      ] GC(47) User=0.04s Sys=0.00s Real=0.01s
[2025-12-03T14:32:42.520+0000][7][safepoint   ] Safepoint "G1CollectForAllocation", Time since last: 11041426797 ns, Reaching safepoint: 204500 ns, At safepoint: 9971708 ns, Total: 10176208 ns
[2025-12-03T14:32:45.527+0000][7][safepoint   ] Safepoint "Cleanup", Time since last: 3007076502 ns, Reaching safepoint: 524583 ns, At safepoint: 17292 ns, Total: 541875 ns
[2025-12-03T14:32:55.545+0000][7][safepoint   ] Safepoint "Cleanup", Time since last: 10016326129 ns, Reaching safepoint: 533791 ns, At safepoint: 29084 ns, Total: 562875 ns
[2025-12-03T14:33:02.559+0000][7][safepoint   ] Safepoint "Cleanup", Time since last: 7013507336 ns, Reaching safepoint: 192750 ns, At safepoint: 5000 ns, Total: 197750 ns
[2025-12-03T14:33:03.561+0000][7][safepoint   ] Safepoint "Cleanup", Time since last: 1001339251 ns, Reaching safepoint: 226458 ns, At safepoint: 8375 ns, Total: 234833 ns
[2025-12-03T14:33:06.566+0000][7][safepoint   ] Safepoint "Cleanup", Time since last: 3004111251 ns, Reaching safepoint: 1062417 ns, At safepoint: 6875 ns, Total: 1069292 ns
[2025-12-03T14:33:12.573+0000][7][safepoint   ] Safepoint "Cleanup", Time since last: 6006617420 ns, Reaching safepoint: 358250 ns, At safepoint: 19916 ns, Total: 378166 ns
[2025-12-03T14:33:18.582+0000][7][safepoint   ] Safepoint "Cleanup", Time since last: 6008443462 ns, Reaching safepoint: 373958 ns, At safepoint: 15792 ns, Total: 389750 ns
[2025-12-03T14:33:19.584+0000][7][safepoint   ] Safepoint "Cleanup", Time since last: 1002176417 ns, Reaching safepoint: 251250 ns, At safepoint: 10666 ns, Total: 261916 ns
[2025-12-03T14:33:24.598+0000][7][safepoint   ] Safepoint "Cleanup", Time since last: 5012636294 ns, Reaching safepoint: 1458667 ns, At safepoint: 11875 ns, Total: 1470542 ns
[2025-12-03T14:33:25.603+0000][7][safepoint   ] Safepoint "Cleanup", Time since last: 1003833125 ns, Reaching safepoint: 344333 ns, At safepoint: 20750 ns, Total: 365083 ns
[2025-12-03T14:33:30.610+0000][7][safepoint   ] Safepoint "Cleanup", Time since last: 5006791211 ns, Reaching safepoint: 198958 ns, At safepoint: 10084 ns, Total: 209042 ns
[2025-12-03T14:33:48.797+0000][7][gc,start    ] GC(48) Pause Young (Normal) (G1 Evacuation Pause)
[2025-12-03T14:33:48.798+0000][7][gc,task     ] GC(48) Using 8 workers of 8 for evacuation
[2025-12-03T14:33:48.799+0000][7][gc,age      ] GC(48) Desired survivor size 18874368 bytes, new threshold 15 (max threshold 15)
[2025-12-03T14:33:48.810+0000][7][gc,age      ] GC(48) Age table with threshold 15 (max threshold 15)
[2025-12-03T14:33:48.810+0000][7][gc,age      ] GC(48) - age   1:    3033736 bytes,    3033736 total
[2025-12-03T14:33:48.810+0000][7][gc,age      ] GC(48) - age   2:    1211208 bytes,    4244944 total
[2025-12-03T14:33:48.810+0000][7][gc,age      ] GC(48) - age   3:     142616 bytes,    4387560 total
[2025-12-03T14:33:48.810+0000][7][gc,age      ] GC(48) - age   4:      71920 bytes,    4459480 total
[2025-12-03T14:33:48.811+0000][7][gc,age      ] GC(48) - age   5:      55648 bytes,    4515128 total
[2025-12-03T14:33:48.811+0000][7][gc,age      ] GC(48) - age   6:     124136 bytes,    4639264 total
[2025-12-03T14:33:48.811+0000][7][gc,age      ] GC(48) - age   7:      83784 bytes,    4723048 total
[2025-12-03T14:33:48.811+0000][7][gc,age      ] GC(48) - age   8:      41984 bytes,    4765032 total
[2025-12-03T14:33:48.811+0000][7][gc,age      ] GC(48) - age   9:      66800 bytes,    4831832 total
[2025-12-03T14:33:48.811+0000][7][gc,age      ] GC(48) - age  10:      20056 bytes,    4851888 total
[2025-12-03T14:33:48.811+0000][7][gc,age      ] GC(48) - age  11:     113584 bytes,    4965472 total
[2025-12-03T14:33:48.811+0000][7][gc,age      ] GC(48) - age  12:      12160 bytes,    4977632 total
[2025-12-03T14:33:48.811+0000][7][gc,age      ] GC(48) - age  13:     100920 bytes,    5078552 total
[2025-12-03T14:33:48.811+0000][7][gc,age      ] GC(48) - age  14:     102448 bytes,    5181000 total
[2025-12-03T14:33:48.811+0000][7][gc,age      ] GC(48) - age  15:     208512 bytes,    5389512 total
[2025-12-03T14:33:48.811+0000][7][gc,phases   ] GC(48)   Pre Evacuate Collection Set: 0.5ms
[2025-12-03T14:33:48.812+0000][7][gc,phases   ] GC(48)   Merge Heap Roots: 0.2ms
[2025-12-03T14:33:48.812+0000][7][gc,phases   ] GC(48)   Evacuate Collection Set: 8.5ms
[2025-12-03T14:33:48.812+0000][7][gc,phases   ] GC(48)   Post Evacuate Collection Set: 2.1ms
[2025-12-03T14:33:48.812+0000][7][gc,phases   ] GC(48)   Other: 3.0ms
[2025-12-03T14:33:48.812+0000][7][gc,heap     ] GC(48) Eden regions: 68->0(68)
[2025-12-03T14:33:48.812+0000][7][gc,heap     ] GC(48) Survivor regions: 2->2(9)
[2025-12-03T14:33:48.812+0000][7][gc,heap     ] GC(48) Old regions: 31->31
[2025-12-03T14:33:48.812+0000][7][gc,heap     ] GC(48) Archive regions: 2->2
[2025-12-03T14:33:48.812+0000][7][gc,heap     ] GC(48) Humongous regions: 2->2
[2025-12-03T14:33:48.812+0000][7][gc,metaspace] GC(48) Metaspace: 113885K(115584K)->113885K(115584K) NonClass: 99092K(100032K)->99092K(100032K) Class: 14792K(15552K)->14792K(15552K)
[2025-12-03T14:33:48.812+0000][7][gc          ] GC(48) Pause Young (Normal) (G1 Evacuation Pause) 409M->138M(512M) 15.122ms
[2025-12-03T14:33:48.813+0000][7][gc,cpu      ] GC(48) User=0.05s Sys=0.01s Real=0.01s
[2025-12-03T14:33:48.813+0000][7][safepoint   ] Safepoint "G1CollectForAllocation", Time since last: 18187043717 ns, Reaching safepoint: 393791 ns, At safepoint: 15363584 ns, Total: 15757375 ns
[2025-12-03T14:33:49.813+0000][7][safepoint   ] Safepoint "Cleanup", Time since last: 1000629375 ns, Reaching safepoint: 166000 ns, At safepoint: 8833 ns, Total: 174833 ns
[2025-12-03T14:34:00.832+0000][7][safepoint   ] Safepoint "Cleanup", Time since last: 11016381630 ns, Reaching safepoint: 1287792 ns, At safepoint: 15250 ns, Total: 1303042 ns
[2025-12-03T14:34:01.834+0000][7][safepoint   ] Safepoint "Cleanup", Time since last: 1001669042 ns, Reaching safepoint: 120750 ns, At safepoint: 5750 ns, Total: 126500 ns
[2025-12-03T14:34:06.844+0000][7][safepoint   ] Safepoint "Cleanup", Time since last: 5009573586 ns, Reaching safepoint: 159208 ns, At safepoint: 5583 ns, Total: 164791 ns
[2025-12-03T14:34:07.846+0000][7][safepoint   ] Safepoint "Cleanup", Time since last: 1001857792 ns, Reaching safepoint: 270000 ns, At safepoint: 17750 ns, Total: 287750 ns
[2025-12-03T14:34:09.849+0000][7][safepoint   ] Safepoint "Cleanup", Time since last: 2002191335 ns, Reaching safepoint: 388000 ns, At safepoint: 25791 ns, Total: 413791 ns
[2025-12-03T14:34:12.851+0000][7][safepoint   ] Safepoint "Cleanup", Time since last: 3002381293 ns, Reaching safepoint: 277000 ns, At safepoint: 15667 ns, Total: 292667 ns
[2025-12-03T14:34:16.863+0000][7][safepoint   ] Safepoint "Cleanup", Time since last: 4011651460 ns, Reaching safepoint: 82584 ns, At safepoint: 3333 ns, Total: 85917 ns
[2025-12-03T14:34:22.876+0000][7][safepoint   ] Safepoint "Cleanup", Time since last: 6012276378 ns, Reaching safepoint: 289042 ns, At safepoint: 11958 ns, Total: 301000 ns
[2025-12-03T14:34:24.878+0000][7][safepoint   ] Safepoint "Cleanup", Time since last: 2002426834 ns, Reaching safepoint: 198542 ns, At safepoint: 11375 ns, Total: 209917 ns
[2025-12-03T14:34:25.882+0000][7][safepoint   ] Safepoint "Cleanup", Time since last: 1001573874 ns, Reaching safepoint: 717000 ns, At safepoint: 22500 ns, Total: 739500 ns
[2025-12-03T14:34:30.893+0000][7][safepoint   ] Safepoint "Cleanup", Time since last: 5010975128 ns, Reaching safepoint: 204166 ns, At safepoint: 11125 ns, Total: 215291 ns
[2025-12-03T14:34:31.895+0000][7][safepoint   ] Safepoint "Cleanup", Time since last: 1002235126 ns, Reaching safepoint: 90208 ns, At safepoint: 4375 ns, Total: 94583 ns
[2025-12-03T14:34:32.896+0000][7][safepoint   ] Safepoint "Cleanup", Time since last: 1001125459 ns, Reaching safepoint: 73708 ns, At safepoint: 2959 ns, Total: 76667 ns
[2025-12-03T14:34:36.900+0000][7][safepoint   ] Safepoint "Cleanup", Time since last: 4003331710 ns, Reaching safepoint: 594167 ns, At safepoint: 25791 ns, Total: 619958 ns
[2025-12-03T14:34:42.465+0000][7][gc,start    ] GC(49) Pause Young (Normal) (G1 Evacuation Pause)
[2025-12-03T14:34:42.466+0000][7][gc,task     ] GC(49) Using 8 workers of 8 for evacuation
[2025-12-03T14:34:42.466+0000][7][gc,age      ] GC(49) Desired survivor size 18874368 bytes, new threshold 15 (max threshold 15)
[2025-12-03T14:34:42.478+0000][7][gc,age      ] GC(49) Age table with threshold 15 (max threshold 15)
[2025-12-03T14:34:42.478+0000][7][gc,age      ] GC(49) - age   1:    3647432 bytes,    3647432 total
[2025-12-03T14:34:42.478+0000][7][gc,age      ] GC(49) - age   2:     526696 bytes,    4174128 total
[2025-12-03T14:34:42.478+0000][7][gc,age      ] GC(49) - age   3:     225176 bytes,    4399304 total
[2025-12-03T14:34:42.478+0000][7][gc,age      ] GC(49) - age   4:      97280 bytes,    4496584 total
[2025-12-03T14:34:42.478+0000][7][gc,age      ] GC(49) - age   5:      71296 bytes,    4567880 total
[2025-12-03T14:34:42.479+0000][7][gc,age      ] GC(49) - age   6:      55520 bytes,    4623400 total
[2025-12-03T14:34:42.479+0000][7][gc,age      ] GC(49) - age   7:     124136 bytes,    4747536 total
[2025-12-03T14:34:42.479+0000][7][gc,age      ] GC(49) - age   8:      83784 bytes,    4831320 total
[2025-12-03T14:34:42.479+0000][7][gc,age      ] GC(49) - age   9:      41984 bytes,    4873304 total
[2025-12-03T14:34:42.479+0000][7][gc,age      ] GC(49) - age  10:      66504 bytes,    4939808 total
[2025-12-03T14:34:42.479+0000][7][gc,age      ] GC(49) - age  11:      20056 bytes,    4959864 total
[2025-12-03T14:34:42.479+0000][7][gc,age      ] GC(49) - age  12:     113560 bytes,    5073424 total
[2025-12-03T14:34:42.479+0000][7][gc,age      ] GC(49) - age  13:      12160 bytes,    5085584 total
[2025-12-03T14:34:42.479+0000][7][gc,age      ] GC(49) - age  14:     100920 bytes,    5186504 total
[2025-12-03T14:34:42.479+0000][7][gc,age      ] GC(49) - age  15:     102448 bytes,    5288952 total
[2025-12-03T14:34:42.479+0000][7][gc,phases   ] GC(49)   Pre Evacuate Collection Set: 0.6ms
[2025-12-03T14:34:42.479+0000][7][gc,phases   ] GC(49)   Merge Heap Roots: 0.2ms
[2025-12-03T14:34:42.479+0000][7][gc,phases   ] GC(49)   Evacuate Collection Set: 8.7ms
[2025-12-03T14:34:42.480+0000][7][gc,phases   ] GC(49)   Post Evacuate Collection Set: 2.1ms
[2025-12-03T14:34:42.480+0000][7][gc,phases   ] GC(49)   Other: 2.6ms
[2025-12-03T14:34:42.480+0000][7][gc,heap     ] GC(49) Eden regions: 68->0(68)
[2025-12-03T14:34:42.480+0000][7][gc,heap     ] GC(49) Survivor regions: 2->2(9)
[2025-12-03T14:34:42.480+0000][7][gc,heap     ] GC(49) Old regions: 31->31
[2025-12-03T14:34:42.480+0000][7][gc,heap     ] GC(49) Archive regions: 2->2
[2025-12-03T14:34:42.480+0000][7][gc,heap     ] GC(49) Humongous regions: 2->2
[2025-12-03T14:34:42.480+0000][7][gc,metaspace] GC(49) Metaspace: 113894K(115648K)->113894K(115648K) NonClass: 99101K(100096K)->99101K(100096K) Class: 14792K(15552K)->14792K(15552K)
[2025-12-03T14:34:42.480+0000][7][gc          ] GC(49) Pause Young (Normal) (G1 Evacuation Pause) 410M->138M(512M) 14.751ms
[2025-12-03T14:34:42.480+0000][7][gc,cpu      ] GC(49) User=0.04s Sys=0.00s Real=0.02s
[2025-12-03T14:34:42.480+0000][7][safepoint   ] Safepoint "G1CollectForAllocation", Time since last: 5564580878 ns, Reaching safepoint: 151583 ns, At safepoint: 14975625 ns, Total: 15127208 ns
[2025-12-03T14:34:43.483+0000][7][safepoint   ] Safepoint "Cleanup", Time since last: 1002530584 ns, Reaching safepoint: 325583 ns, At safepoint: 12625 ns, Total: 338208 ns
[2025-12-03T14:34:46.487+0000][7][safepoint   ] Safepoint "Cleanup", Time since last: 3004344085 ns, Reaching safepoint: 122625 ns, At safepoint: 7500 ns, Total: 130125 ns
[2025-12-03T14:34:48.489+0000][7][safepoint   ] Safepoint "Cleanup", Time since last: 2001700626 ns, Reaching safepoint: 70083 ns, At safepoint: 3167 ns, Total: 73250 ns
[2025-12-03T14:34:51.493+0000][7][safepoint   ] Safepoint "Cleanup", Time since last: 3003242168 ns, Reaching safepoint: 245500 ns, At safepoint: 10000 ns, Total: 255500 ns
[2025-12-03T14:34:53.495+0000][7][safepoint   ] Safepoint "Cleanup", Time since last: 2001785710 ns, Reaching safepoint: 234375 ns, At safepoint: 10125 ns, Total: 244500 ns
[2025-12-03T14:35:00.505+0000][7][safepoint   ] Safepoint "Cleanup", Time since last: 7008662711 ns, Reaching safepoint: 496250 ns, At safepoint: 45208 ns, Total: 541458 ns
[2025-12-03T14:35:03.508+0000][7][safepoint   ] Safepoint "Cleanup", Time since last: 3003245626 ns, Reaching safepoint: 96875 ns, At safepoint: 7500 ns, Total: 104375 ns
[2025-12-03T14:35:12.523+0000][7][safepoint   ] Safepoint "Cleanup", Time since last: 9014144088 ns, Reaching safepoint: 838625 ns, At safepoint: 45708 ns, Total: 884333 ns
[2025-12-03T14:35:25.550+0000][7][safepoint   ] Safepoint "Cleanup", Time since last: 13025497381 ns, Reaching safepoint: 294333 ns, At safepoint: 20625 ns, Total: 314958 ns
[2025-12-03T14:35:33.483+0000][7][safepoint   ] Safepoint "Cleanup", Time since last: 7932511421 ns, Reaching safepoint: 610958 ns, At safepoint: 38417 ns, Total: 649375 ns
[2025-12-03T14:35:48.322+0000][7][gc,start    ] GC(50) Pause Young (Normal) (G1 Evacuation Pause)
[2025-12-03T14:35:48.323+0000][7][gc,task     ] GC(50) Using 8 workers of 8 for evacuation
[2025-12-03T14:35:48.323+0000][7][gc,age      ] GC(50) Desired survivor size 18874368 bytes, new threshold 15 (max threshold 15)
[2025-12-03T14:35:48.332+0000][7][gc,age      ] GC(50) Age table with threshold 15 (max threshold 15)
[2025-12-03T14:35:48.332+0000][7][gc,age      ] GC(50) - age   1:    2921128 bytes,    2921128 total
[2025-12-03T14:35:48.332+0000][7][gc,age      ] GC(50) - age   2:    1081128 bytes,    4002256 total
[2025-12-03T14:35:48.332+0000][7][gc,age      ] GC(50) - age   3:     159568 bytes,    4161824 total
[2025-12-03T14:35:48.332+0000][7][gc,age      ] GC(50) - age   4:     183608 bytes,    4345432 total
[2025-12-03T14:35:48.332+0000][7][gc,age      ] GC(50) - age   5:      97024 bytes,    4442456 total
[2025-12-03T14:35:48.332+0000][7][gc,age      ] GC(50) - age   6:      71232 bytes,    4513688 total
[2025-12-03T14:35:48.332+0000][7][gc,age      ] GC(50) - age   7:      55456 bytes,    4569144 total
[2025-12-03T14:35:48.332+0000][7][gc,age      ] GC(50) - age   8:     124072 bytes,    4693216 total
[2025-12-03T14:35:48.332+0000][7][gc,age      ] GC(50) - age   9:      83784 bytes,    4777000 total
[2025-12-03T14:35:48.332+0000][7][gc,age      ] GC(50) - age  10:      41984 bytes,    4818984 total
[2025-12-03T14:35:48.332+0000][7][gc,age      ] GC(50) - age  11:      66504 bytes,    4885488 total
[2025-12-03T14:35:48.332+0000][7][gc,age      ] GC(50) - age  12:      20056 bytes,    4905544 total
[2025-12-03T14:35:48.332+0000][7][gc,age      ] GC(50) - age  13:     113496 bytes,    5019040 total
[2025-12-03T14:35:48.332+0000][7][gc,age      ] GC(50) - age  14:      12160 bytes,    5031200 total
[2025-12-03T14:35:48.332+0000][7][gc,age      ] GC(50) - age  15:     100920 bytes,    5132120 total
[2025-12-03T14:35:48.332+0000][7][gc,phases   ] GC(50)   Pre Evacuate Collection Set: 0.4ms
[2025-12-03T14:35:48.332+0000][7][gc,phases   ] GC(50)   Merge Heap Roots: 0.2ms
[2025-12-03T14:35:48.332+0000][7][gc,phases   ] GC(50)   Evacuate Collection Set: 6.2ms
[2025-12-03T14:35:48.333+0000][7][gc,phases   ] GC(50)   Post Evacuate Collection Set: 1.8ms
[2025-12-03T14:35:48.333+0000][7][gc,phases   ] GC(50)   Other: 1.5ms
[2025-12-03T14:35:48.333+0000][7][gc,heap     ] GC(50) Eden regions: 68->0(68)
[2025-12-03T14:35:48.333+0000][7][gc,heap     ] GC(50) Survivor regions: 2->2(9)
[2025-12-03T14:35:48.333+0000][7][gc,heap     ] GC(50) Old regions: 31->31
[2025-12-03T14:35:48.333+0000][7][gc,heap     ] GC(50) Archive regions: 2->2
[2025-12-03T14:35:48.333+0000][7][gc,heap     ] GC(50) Humongous regions: 2->2
[2025-12-03T14:35:48.333+0000][7][gc,metaspace] GC(50) Metaspace: 113901K(115648K)->113901K(115648K) NonClass: 99108K(100096K)->99108K(100096K) Class: 14792K(15552K)->14792K(15552K)
[2025-12-03T14:35:48.333+0000][7][gc          ] GC(50) Pause Young (Normal) (G1 Evacuation Pause) 410M->138M(512M) 10.503ms
[2025-12-03T14:35:48.333+0000][7][gc,cpu      ] GC(50) User=0.05s Sys=0.00s Real=0.01s
[2025-12-03T14:35:48.333+0000][7][safepoint   ] Safepoint "G1CollectForAllocation", Time since last: 14839012757 ns, Reaching safepoint: 297708 ns, At safepoint: 10790542 ns, Total: 11088250 ns
[2025-12-03T14:35:53.341+0000][7][safepoint   ] Safepoint "Cleanup", Time since last: 5007925752 ns, Reaching safepoint: 307667 ns, At safepoint: 8000 ns, Total: 315667 ns
[2025-12-03T14:36:03.356+0000][7][safepoint   ] Safepoint "Cleanup", Time since last: 10013718920 ns, Reaching safepoint: 125209 ns, At safepoint: 3541 ns, Total: 128750 ns
[2025-12-03T14:36:06.359+0000][7][safepoint   ] Safepoint "Cleanup", Time since last: 3002875127 ns, Reaching safepoint: 143916 ns, At safepoint: 7917 ns, Total: 151833 ns
[2025-12-03T14:36:22.468+0000][7][safepoint   ] Safepoint "Cleanup", Time since last: 16108611591 ns, Reaching safepoint: 152333 ns, At safepoint: 6209 ns, Total: 158542 ns
[2025-12-03T14:36:23.469+0000][7][safepoint   ] Safepoint "Cleanup", Time since last: 1000562625 ns, Reaching safepoint: 274917 ns, At safepoint: 18333 ns, Total: 293250 ns
[2025-12-03T14:36:24.470+0000][7][safepoint   ] Safepoint "Cleanup", Time since last: 1001152709 ns, Reaching safepoint: 33708 ns, At safepoint: 2875 ns, Total: 36583 ns
[2025-12-03T14:36:25.472+0000][7][safepoint   ] Safepoint "Cleanup", Time since last: 1001460709 ns, Reaching safepoint: 92083 ns, At safepoint: 3459 ns, Total: 95542 ns
[2025-12-03T14:36:28.476+0000][7][safepoint   ] Safepoint "Cleanup", Time since last: 3003440501 ns, Reaching safepoint: 372500 ns, At safepoint: 18000 ns, Total: 390500 ns
[2025-12-03T14:36:30.479+0000][7][safepoint   ] Safepoint "Cleanup", Time since last: 2002433501 ns, Reaching safepoint: 162458 ns, At safepoint: 3667 ns, Total: 166125 ns
[2025-12-03T14:36:32.480+0000][7][safepoint   ] Safepoint "Cleanup", Time since last: 2000846376 ns, Reaching safepoint: 66250 ns, At safepoint: 5416 ns, Total: 71666 ns
[2025-12-03T14:36:36.491+0000][7][safepoint   ] Safepoint "Cleanup", Time since last: 4011073669 ns, Reaching safepoint: 89792 ns, At safepoint: 2875 ns, Total: 92667 ns
[2025-12-03T14:36:38.492+0000][7][safepoint   ] Safepoint "Cleanup", Time since last: 2000782251 ns, Reaching safepoint: 241791 ns, At safepoint: 10542 ns, Total: 252333 ns
[2025-12-03T14:36:41.432+0000][7][gc,start    ] GC(51) Pause Young (Normal) (G1 Evacuation Pause)
[2025-12-03T14:36:41.432+0000][7][gc,task     ] GC(51) Using 8 workers of 8 for evacuation
[2025-12-03T14:36:41.433+0000][7][gc,age      ] GC(51) Desired survivor size 18874368 bytes, new threshold 15 (max threshold 15)
[2025-12-03T14:36:41.441+0000][7][gc,age      ] GC(51) Age table with threshold 15 (max threshold 15)
[2025-12-03T14:36:41.441+0000][7][gc,age      ] GC(51) - age   1:    2072160 bytes,    2072160 total
[2025-12-03T14:36:41.441+0000][7][gc,age      ] GC(51) - age   2:     595616 bytes,    2667776 total
[2025-12-03T14:36:41.441+0000][7][gc,age      ] GC(51) - age   3:     447104 bytes,    3114880 total
[2025-12-03T14:36:41.441+0000][7][gc,age      ] GC(51) - age   4:      24736 bytes,    3139616 total
[2025-12-03T14:36:41.441+0000][7][gc,age      ] GC(51) - age   5:     183384 bytes,    3323000 total
[2025-12-03T14:36:41.441+0000][7][gc,age      ] GC(51) - age   6:      96224 bytes,    3419224 total
[2025-12-03T14:36:41.441+0000][7][gc,age      ] GC(51) - age   7:      71232 bytes,    3490456 total
[2025-12-03T14:36:41.441+0000][7][gc,age      ] GC(51) - age   8:      55392 bytes,    3545848 total
[2025-12-03T14:36:41.441+0000][7][gc,age      ] GC(51) - age   9:     124072 bytes,    3669920 total
[2025-12-03T14:36:41.441+0000][7][gc,age      ] GC(51) - age  10:      83720 bytes,    3753640 total
[2025-12-03T14:36:41.441+0000][7][gc,age      ] GC(51) - age  11:      41984 bytes,    3795624 total
[2025-12-03T14:36:41.441+0000][7][gc,age      ] GC(51) - age  12:      66504 bytes,    3862128 total
[2025-12-03T14:36:41.441+0000][7][gc,age      ] GC(51) - age  13:      20056 bytes,    3882184 total
[2025-12-03T14:36:41.441+0000][7][gc,age      ] GC(51) - age  14:     113496 bytes,    3995680 total
[2025-12-03T14:36:41.441+0000][7][gc,age      ] GC(51) - age  15:      12160 bytes,    4007840 total
[2025-12-03T14:36:41.442+0000][7][gc,phases   ] GC(51)   Pre Evacuate Collection Set: 0.4ms
[2025-12-03T14:36:41.442+0000][7][gc,phases   ] GC(51)   Merge Heap Roots: 0.2ms
[2025-12-03T14:36:41.442+0000][7][gc,phases   ] GC(51)   Evacuate Collection Set: 5.7ms
[2025-12-03T14:36:41.442+0000][7][gc,phases   ] GC(51)   Post Evacuate Collection Set: 1.7ms
[2025-12-03T14:36:41.442+0000][7][gc,phases   ] GC(51)   Other: 1.6ms
[2025-12-03T14:36:41.442+0000][7][gc,heap     ] GC(51) Eden regions: 68->0(68)
[2025-12-03T14:36:41.442+0000][7][gc,heap     ] GC(51) Survivor regions: 2->2(9)
[2025-12-03T14:36:41.442+0000][7][gc,heap     ] GC(51) Old regions: 31->31
[2025-12-03T14:36:41.442+0000][7][gc,heap     ] GC(51) Archive regions: 2->2
[2025-12-03T14:36:41.442+0000][7][gc,heap     ] GC(51) Humongous regions: 2->2
[2025-12-03T14:36:41.442+0000][7][gc,metaspace] GC(51) Metaspace: 113954K(115648K)->113954K(115648K) NonClass: 99161K(100096K)->99161K(100096K) Class: 14792K(15552K)->14792K(15552K)
[2025-12-03T14:36:41.442+0000][7][gc          ] GC(51) Pause Young (Normal) (G1 Evacuation Pause) 410M->137M(512M) 10.017ms
[2025-12-03T14:36:41.442+0000][7][gc,cpu      ] GC(51) User=0.05s Sys=0.00s Real=0.01s
[2025-12-03T14:36:41.442+0000][7][safepoint   ] Safepoint "G1CollectForAllocation", Time since last: 2939945126 ns, Reaching safepoint: 75334 ns, At safepoint: 10238083 ns, Total: 10313417 ns
[2025-12-03T14:36:53.456+0000][7][safepoint   ] Safepoint "Cleanup", Time since last: 12012876589 ns, Reaching safepoint: 864833 ns, At safepoint: 45250 ns, Total: 910083 ns
[2025-12-03T14:36:56.461+0000][7][safepoint   ] Safepoint "Cleanup", Time since last: 3003804376 ns, Reaching safepoint: 122042 ns, At safepoint: 5083 ns, Total: 127125 ns
[2025-12-03T14:37:09.480+0000][7][safepoint   ] Safepoint "Cleanup", Time since last: 13018082923 ns, Reaching safepoint: 741083 ns, At safepoint: 27667 ns, Total: 768750 ns
[2025-12-03T14:37:12.483+0000][7][safepoint   ] Safepoint "Cleanup", Time since last: 3002979335 ns, Reaching safepoint: 59167 ns, At safepoint: 2625 ns, Total: 61792 ns
[2025-12-03T14:37:13.485+0000][7][safepoint   ] Safepoint "Cleanup", Time since last: 1001840875 ns, Reaching safepoint: 158208 ns, At safepoint: 45417 ns, Total: 203625 ns
[2025-12-03T14:37:16.494+0000][7][safepoint   ] Safepoint "Cleanup", Time since last: 3009440876 ns, Reaching safepoint: 119292 ns, At safepoint: 9292 ns, Total: 128584 ns
[2025-12-03T14:37:19.504+0000][7][safepoint   ] Safepoint "Cleanup", Time since last: 3009472543 ns, Reaching safepoint: 197167 ns, At safepoint: 12875 ns, Total: 210042 ns
[2025-12-03T14:37:20.505+0000][7][safepoint   ] Safepoint "Cleanup", Time since last: 1000985458 ns, Reaching safepoint: 53625 ns, At safepoint: 2250 ns, Total: 55875 ns
[2025-12-03T14:37:22.508+0000][7][safepoint   ] Safepoint "Cleanup", Time since last: 2003202043 ns, Reaching safepoint: 54333 ns, At safepoint: 1750 ns, Total: 56083 ns
[2025-12-03T14:37:30.524+0000][7][safepoint   ] Safepoint "Cleanup", Time since last: 8014689503 ns, Reaching safepoint: 149917 ns, At safepoint: 9292 ns, Total: 159209 ns
[2025-12-03T14:37:32.531+0000][7][safepoint   ] Safepoint "Cleanup", Time since last: 2006845834 ns, Reaching safepoint: 110833 ns, At safepoint: 4459 ns, Total: 115292 ns
[2025-12-03T14:37:42.423+0000][7][gc,start    ] GC(52) Pause Young (Normal) (G1 Evacuation Pause)
[2025-12-03T14:37:42.424+0000][7][gc,task     ] GC(52) Using 8 workers of 8 for evacuation
[2025-12-03T14:37:42.424+0000][7][gc,age      ] GC(52) Desired survivor size 18874368 bytes, new threshold 15 (max threshold 15)
[2025-12-03T14:37:42.433+0000][7][gc,age      ] GC(52) Age table with threshold 15 (max threshold 15)
[2025-12-03T14:37:42.433+0000][7][gc,age      ] GC(52) - age   1:    4160992 bytes,    4160992 total
[2025-12-03T14:37:42.433+0000][7][gc,age      ] GC(52) - age   2:     794744 bytes,    4955736 total
[2025-12-03T14:37:42.433+0000][7][gc,age      ] GC(52) - age   3:     219504 bytes,    5175240 total
[2025-12-03T14:37:42.433+0000][7][gc,age      ] GC(52) - age   4:      21808 bytes,    5197048 total
[2025-12-03T14:37:42.433+0000][7][gc,age      ] GC(52) - age   5:      24576 bytes,    5221624 total
[2025-12-03T14:37:42.433+0000][7][gc,age      ] GC(52) - age   6:      52104 bytes,    5273728 total
[2025-12-03T14:37:42.433+0000][7][gc,age      ] GC(52) - age   7:      96224 bytes,    5369952 total
[2025-12-03T14:37:42.433+0000][7][gc,age      ] GC(52) - age   8:      30792 bytes,    5400744 total
[2025-12-03T14:37:42.433+0000][7][gc,age      ] GC(52) - age   9:      55392 bytes,    5456136 total
[2025-12-03T14:37:42.433+0000][7][gc,age      ] GC(52) - age  10:     124072 bytes,    5580208 total
[2025-12-03T14:37:42.433+0000][7][gc,age      ] GC(52) - age  11:      83720 bytes,    5663928 total
[2025-12-03T14:37:42.433+0000][7][gc,age      ] GC(52) - age  12:      39920 bytes,    5703848 total
[2025-12-03T14:37:42.433+0000][7][gc,age      ] GC(52) - age  13:      66504 bytes,    5770352 total
[2025-12-03T14:37:42.433+0000][7][gc,age      ] GC(52) - age  14:      20056 bytes,    5790408 total
[2025-12-03T14:37:42.433+0000][7][gc,age      ] GC(52) - age  15:     113496 bytes,    5903904 total
[2025-12-03T14:37:42.434+0000][7][gc,phases   ] GC(52)   Pre Evacuate Collection Set: 0.6ms
[2025-12-03T14:37:42.434+0000][7][gc,phases   ] GC(52)   Merge Heap Roots: 0.1ms
[2025-12-03T14:37:42.434+0000][7][gc,phases   ] GC(52)   Evacuate Collection Set: 6.7ms
[2025-12-03T14:37:42.434+0000][7][gc,phases   ] GC(52)   Post Evacuate Collection Set: 1.7ms
[2025-12-03T14:37:42.434+0000][7][gc,phases   ] GC(52)   Other: 1.2ms
[2025-12-03T14:37:42.434+0000][7][gc,heap     ] GC(52) Eden regions: 68->0(68)
[2025-12-03T14:37:42.434+0000][7][gc,heap     ] GC(52) Survivor regions: 2->2(9)
[2025-12-03T14:37:42.434+0000][7][gc,heap     ] GC(52) Old regions: 31->31
[2025-12-03T14:37:42.434+0000][7][gc,heap     ] GC(52) Archive regions: 2->2
[2025-12-03T14:37:42.434+0000][7][gc,heap     ] GC(52) Humongous regions: 2->2
[2025-12-03T14:37:42.434+0000][7][gc,metaspace] GC(52) Metaspace: 113984K(115712K)->113984K(115712K) NonClass: 99191K(100160K)->99191K(100160K) Class: 14792K(15552K)->14792K(15552K)
[2025-12-03T14:37:42.434+0000][7][gc          ] GC(52) Pause Young (Normal) (G1 Evacuation Pause) 409M->139M(512M) 10.461ms
[2025-12-03T14:37:42.434+0000][7][gc,cpu      ] GC(52) User=0.04s Sys=0.00s Real=0.01s
[2025-12-03T14:37:42.434+0000][7][safepoint   ] Safepoint "G1CollectForAllocation", Time since last: 9892387504 ns, Reaching safepoint: 222417 ns, At safepoint: 10651125 ns, Total: 10873542 ns
[2025-12-03T14:37:43.435+0000][7][safepoint   ] Safepoint "Cleanup", Time since last: 1001339292 ns, Reaching safepoint: 72750 ns, At safepoint: 2875 ns, Total: 75625 ns
[2025-12-03T14:37:46.438+0000][7][safepoint   ] Safepoint "Cleanup", Time since last: 3002721710 ns, Reaching safepoint: 94250 ns, At safepoint: 11666 ns, Total: 105916 ns
[2025-12-03T14:37:47.440+0000][7][safepoint   ] Safepoint "Cleanup", Time since last: 1001449293 ns, Reaching safepoint: 240250 ns, At safepoint: 13958 ns, Total: 254208 ns
[2025-12-03T14:37:48.442+0000][7][safepoint   ] Safepoint "Cleanup", Time since last: 1001735000 ns, Reaching safepoint: 123292 ns, At safepoint: 18167 ns, Total: 141459 ns
[2025-12-03T14:37:49.443+0000][7][safepoint   ] Safepoint "Cleanup", Time since last: 1001422125 ns, Reaching safepoint: 214084 ns, At safepoint: 12750 ns, Total: 226834 ns
[2025-12-03T14:37:52.449+0000][7][safepoint   ] Safepoint "Cleanup", Time since last: 3004761168 ns, Reaching safepoint: 1183833 ns, At safepoint: 7083 ns, Total: 1190916 ns
[2025-12-03T14:37:56.456+0000][7][safepoint   ] Safepoint "Cleanup", Time since last: 4005877376 ns, Reaching safepoint: 141667 ns, At safepoint: 8792 ns, Total: 150459 ns
[2025-12-03T14:38:00.461+0000][7][safepoint   ] Safepoint "Cleanup", Time since last: 4004825002 ns, Reaching safepoint: 171708 ns, At safepoint: 6375 ns, Total: 178083 ns
[2025-12-03T14:38:03.464+0000][7][safepoint   ] Safepoint "Cleanup", Time since last: 3002879376 ns, Reaching safepoint: 251125 ns, At safepoint: 9917 ns, Total: 261042 ns
[2025-12-03T14:38:06.468+0000][7][safepoint   ] Safepoint "Cleanup", Time since last: 3003544876 ns, Reaching safepoint: 86125 ns, At safepoint: 4000 ns, Total: 90125 ns
[2025-12-03T14:38:13.494+0000][7][safepoint   ] Safepoint "Cleanup", Time since last: 7013619337 ns, Reaching safepoint: 12787083 ns, At safepoint: 19417 ns, Total: 12806500 ns
[2025-12-03T14:38:23.509+0000][7][safepoint   ] Safepoint "Cleanup", Time since last: 10013389255 ns, Reaching safepoint: 1169000 ns, At safepoint: 33750 ns, Total: 1202750 ns
[2025-12-03T14:38:33.523+0000][7][safepoint   ] Safepoint "Cleanup", Time since last: 10012260504 ns, Reaching safepoint: 385916 ns, At safepoint: 13125 ns, Total: 399041 ns
[2025-12-03T14:38:34.272+0000][7][gc,start    ] GC(53) Pause Young (Normal) (G1 Evacuation Pause)
[2025-12-03T14:38:34.273+0000][7][gc,task     ] GC(53) Using 8 workers of 8 for evacuation
[2025-12-03T14:38:34.273+0000][7][gc,age      ] GC(53) Desired survivor size 18874368 bytes, new threshold 15 (max threshold 15)
[2025-12-03T14:38:34.282+0000][7][gc,age      ] GC(53) Age table with threshold 15 (max threshold 15)
[2025-12-03T14:38:34.282+0000][7][gc,age      ] GC(53) - age   1:    2774952 bytes,    2774952 total
[2025-12-03T14:38:34.283+0000][7][gc,age      ] GC(53) - age   2:     918632 bytes,    3693584 total
[2025-12-03T14:38:34.283+0000][7][gc,age      ] GC(53) - age   3:     660800 bytes,    4354384 total
[2025-12-03T14:38:34.283+0000][7][gc,age      ] GC(53) - age   4:      98480 bytes,    4452864 total
[2025-12-03T14:38:34.283+0000][7][gc,age      ] GC(53) - age   5:      20544 bytes,    4473408 total
[2025-12-03T14:38:34.283+0000][7][gc,age      ] GC(53) - age   6:      24152 bytes,    4497560 total
[2025-12-03T14:38:34.283+0000][7][gc,age      ] GC(53) - age   7:      52104 bytes,    4549664 total
[2025-12-03T14:38:34.283+0000][7][gc,age      ] GC(53) - age   8:      96224 bytes,    4645888 total
[2025-12-03T14:38:34.283+0000][7][gc,age      ] GC(53) - age   9:      30792 bytes,    4676680 total
[2025-12-03T14:38:34.283+0000][7][gc,age      ] GC(53) - age  10:      55392 bytes,    4732072 total
[2025-12-03T14:38:34.283+0000][7][gc,age      ] GC(53) - age  11:     124072 bytes,    4856144 total
[2025-12-03T14:38:34.283+0000][7][gc,age      ] GC(53) - age  12:      83720 bytes,    4939864 total
[2025-12-03T14:38:34.283+0000][7][gc,age      ] GC(53) - age  13:      23520 bytes,    4963384 total
[2025-12-03T14:38:34.283+0000][7][gc,age      ] GC(53) - age  14:      66504 bytes,    5029888 total
[2025-12-03T14:38:34.283+0000][7][gc,age      ] GC(53) - age  15:      20056 bytes,    5049944 total
[2025-12-03T14:38:34.283+0000][7][gc,phases   ] GC(53)   Pre Evacuate Collection Set: 0.6ms
[2025-12-03T14:38:34.283+0000][7][gc,phases   ] GC(53)   Merge Heap Roots: 0.2ms
[2025-12-03T14:38:34.284+0000][7][gc,phases   ] GC(53)   Evacuate Collection Set: 6.7ms
[2025-12-03T14:38:34.284+0000][7][gc,phases   ] GC(53)   Post Evacuate Collection Set: 2.0ms
[2025-12-03T14:38:34.284+0000][7][gc,phases   ] GC(53)   Other: 1.8ms
[2025-12-03T14:38:34.284+0000][7][gc,heap     ] GC(53) Eden regions: 68->0(68)
[2025-12-03T14:38:34.284+0000][7][gc,heap     ] GC(53) Survivor regions: 2->2(9)
[2025-12-03T14:38:34.284+0000][7][gc,heap     ] GC(53) Old regions: 31->31
[2025-12-03T14:38:34.284+0000][7][gc,heap     ] GC(53) Archive regions: 2->2
[2025-12-03T14:38:34.284+0000][7][gc,heap     ] GC(53) Humongous regions: 2->2
[2025-12-03T14:38:34.284+0000][7][gc,metaspace] GC(53) Metaspace: 114021K(115712K)->114021K(115712K) NonClass: 99228K(100160K)->99228K(100160K) Class: 14792K(15552K)->14792K(15552K)
[2025-12-03T14:38:34.284+0000][7][gc          ] GC(53) Pause Young (Normal) (G1 Evacuation Pause) 411M->138M(512M) 11.723ms
[2025-12-03T14:38:34.284+0000][7][gc,cpu      ] GC(53) User=0.06s Sys=0.00s Real=0.02s
[2025-12-03T14:38:34.284+0000][7][safepoint   ] Safepoint "G1CollectForAllocation", Time since last: 749321376 ns, Reaching safepoint: 125541 ns, At safepoint: 12005917 ns, Total: 12131458 ns
[2025-12-03T14:38:37.287+0000][7][safepoint   ] Safepoint "Cleanup", Time since last: 3003008960 ns, Reaching safepoint: 138208 ns, At safepoint: 7583 ns, Total: 145791 ns
[2025-12-03T14:38:49.302+0000][7][safepoint   ] Safepoint "Cleanup", Time since last: 12013881173 ns, Reaching safepoint: 377458 ns, At safepoint: 23125 ns, Total: 400583 ns
[2025-12-03T14:38:53.320+0000][7][safepoint   ] Safepoint "Cleanup", Time since last: 4017863627 ns, Reaching safepoint: 358875 ns, At safepoint: 16417 ns, Total: 375292 ns
[2025-12-03T14:38:56.325+0000][7][safepoint   ] Safepoint "Cleanup", Time since last: 3003399293 ns, Reaching safepoint: 201000 ns, At safepoint: 11583 ns, Total: 212583 ns
[2025-12-03T14:38:57.326+0000][7][safepoint   ] Safepoint "Cleanup", Time since last: 1000987000 ns, Reaching safepoint: 152459 ns, At safepoint: 9416 ns, Total: 161875 ns
[2025-12-03T14:39:14.350+0000][7][safepoint   ] Safepoint "Cleanup", Time since last: 17023535217 ns, Reaching safepoint: 357666 ns, At safepoint: 34125 ns, Total: 391791 ns
[2025-12-03T14:39:20.361+0000][7][safepoint   ] Safepoint "Cleanup", Time since last: 6010976003 ns, Reaching safepoint: 205125 ns, At safepoint: 8959 ns, Total: 214084 ns
[2025-12-03T14:39:23.364+0000][7][safepoint   ] Safepoint "Cleanup", Time since last: 3003502959 ns, Reaching safepoint: 94375 ns, At safepoint: 5042 ns, Total: 99417 ns
[2025-12-03T14:39:25.365+0000][7][safepoint   ] Safepoint "Cleanup", Time since last: 2000877751 ns, Reaching safepoint: 129833 ns, At safepoint: 4000 ns, Total: 133833 ns
[2025-12-03T14:39:31.373+0000][7][safepoint   ] Safepoint "Cleanup", Time since last: 6007134003 ns, Reaching safepoint: 80333 ns, At safepoint: 3208 ns, Total: 83541 ns
[2025-12-03T14:39:33.379+0000][7][safepoint   ] Safepoint "Cleanup", Time since last: 2005686626 ns, Reaching safepoint: 137875 ns, At safepoint: 4959 ns, Total: 142834 ns
[2025-12-03T14:39:34.382+0000][7][safepoint   ] Safepoint "Cleanup", Time since last: 1002617625 ns, Reaching safepoint: 254417 ns, At safepoint: 18166 ns, Total: 272583 ns
[2025-12-03T14:39:36.513+0000][7][gc,start    ] GC(54) Pause Young (Normal) (G1 Evacuation Pause)
[2025-12-03T14:39:36.513+0000][7][gc,task     ] GC(54) Using 8 workers of 8 for evacuation
[2025-12-03T14:39:36.513+0000][7][gc,age      ] GC(54) Desired survivor size 18874368 bytes, new threshold 15 (max threshold 15)
[2025-12-03T14:39:36.519+0000][7][gc,age      ] GC(54) Age table with threshold 15 (max threshold 15)
[2025-12-03T14:39:36.519+0000][7][gc,age      ] GC(54) - age   1:    2996536 bytes,    2996536 total
[2025-12-03T14:39:36.519+0000][7][gc,age      ] GC(54) - age   2:     376480 bytes,    3373016 total
[2025-12-03T14:39:36.519+0000][7][gc,age      ] GC(54) - age   3:     257080 bytes,    3630096 total
[2025-12-03T14:39:36.519+0000][7][gc,age      ] GC(54) - age   4:     158288 bytes,    3788384 total
[2025-12-03T14:39:36.519+0000][7][gc,age      ] GC(54) - age   5:      98032 bytes,    3886416 total
[2025-12-03T14:39:36.519+0000][7][gc,age      ] GC(54) - age   6:      20544 bytes,    3906960 total
[2025-12-03T14:39:36.519+0000][7][gc,age      ] GC(54) - age   7:      24056 bytes,    3931016 total
[2025-12-03T14:39:36.519+0000][7][gc,age      ] GC(54) - age   8:      52040 bytes,    3983056 total
[2025-12-03T14:39:36.519+0000][7][gc,age      ] GC(54) - age   9:      96032 bytes,    4079088 total
[2025-12-03T14:39:36.519+0000][7][gc,age      ] GC(54) - age  10:      30792 bytes,    4109880 total
[2025-12-03T14:39:36.519+0000][7][gc,age      ] GC(54) - age  11:      55392 bytes,    4165272 total
[2025-12-03T14:39:36.519+0000][7][gc,age      ] GC(54) - age  12:     124072 bytes,    4289344 total
[2025-12-03T14:39:36.519+0000][7][gc,age      ] GC(54) - age  13:      83720 bytes,    4373064 total
[2025-12-03T14:39:36.519+0000][7][gc,age      ] GC(54) - age  14:      23520 bytes,    4396584 total
[2025-12-03T14:39:36.519+0000][7][gc,age      ] GC(54) - age  15:      66288 bytes,    4462872 total
[2025-12-03T14:39:36.519+0000][7][gc,phases   ] GC(54)   Pre Evacuate Collection Set: 0.3ms
[2025-12-03T14:39:36.520+0000][7][gc,phases   ] GC(54)   Merge Heap Roots: 0.1ms
[2025-12-03T14:39:36.520+0000][7][gc,phases   ] GC(54)   Evacuate Collection Set: 4.2ms
[2025-12-03T14:39:36.520+0000][7][gc,phases   ] GC(54)   Post Evacuate Collection Set: 1.3ms
[2025-12-03T14:39:36.520+0000][7][gc,phases   ] GC(54)   Other: 1.0ms
[2025-12-03T14:39:36.520+0000][7][gc,heap     ] GC(54) Eden regions: 68->0(68)
[2025-12-03T14:39:36.520+0000][7][gc,heap     ] GC(54) Survivor regions: 2->2(9)
[2025-12-03T14:39:36.520+0000][7][gc,heap     ] GC(54) Old regions: 31->31
[2025-12-03T14:39:36.520+0000][7][gc,heap     ] GC(54) Archive regions: 2->2
[2025-12-03T14:39:36.520+0000][7][gc,heap     ] GC(54) Humongous regions: 2->2
[2025-12-03T14:39:36.520+0000][7][gc,metaspace] GC(54) Metaspace: 114056K(115712K)->114056K(115712K) NonClass: 99262K(100160K)->99262K(100160K) Class: 14793K(15552K)->14793K(15552K)
[2025-12-03T14:39:36.520+0000][7][gc          ] GC(54) Pause Young (Normal) (G1 Evacuation Pause) 410M->138M(512M) 7.353ms
[2025-12-03T14:39:36.520+0000][7][gc,cpu      ] GC(54) User=0.03s Sys=0.00s Real=0.01s
[2025-12-03T14:39:36.520+0000][7][safepoint   ] Safepoint "G1CollectForAllocation", Time since last: 2130977210 ns, Reaching safepoint: 42958 ns, At safepoint: 7493500 ns, Total: 7536458 ns
[2025-12-03T14:39:42.528+0000][7][safepoint   ] Safepoint "Cleanup", Time since last: 6007584211 ns, Reaching safepoint: 146750 ns, At safepoint: 6084 ns, Total: 152834 ns
[2025-12-03T14:39:44.530+0000][7][safepoint   ] Safepoint "Cleanup", Time since last: 2001877792 ns, Reaching safepoint: 114417 ns, At safepoint: 4208 ns, Total: 118625 ns
[2025-12-03T14:39:45.531+0000][7][safepoint   ] Safepoint "Cleanup", Time since last: 1001053792 ns, Reaching safepoint: 281167 ns, At safepoint: 14083 ns, Total: 295250 ns
[2025-12-03T14:39:57.562+0000][7][safepoint   ] Safepoint "Cleanup", Time since last: 12029290630 ns, Reaching safepoint: 103917 ns, At safepoint: 4375 ns, Total: 108292 ns
[2025-12-03T14:40:00.567+0000][7][safepoint   ] Safepoint "Cleanup", Time since last: 3004911668 ns, Reaching safepoint: 89667 ns, At safepoint: 2708 ns, Total: 92375 ns
[2025-12-03T14:40:02.569+0000][7][safepoint   ] Safepoint "Cleanup", Time since last: 2001722335 ns, Reaching safepoint: 68958 ns, At safepoint: 3208 ns, Total: 72166 ns
[2025-12-03T14:40:05.573+0000][7][safepoint   ] Safepoint "Cleanup", Time since last: 3004250043 ns, Reaching safepoint: 313084 ns, At safepoint: 43375 ns, Total: 356459 ns
[2025-12-03T14:40:06.578+0000][7][safepoint   ] Safepoint "Cleanup", Time since last: 1004938333 ns, Reaching safepoint: 173042 ns, At safepoint: 5000 ns, Total: 178042 ns
[2025-12-03T14:40:10.449+0000][7][safepoint   ] Safepoint "Cleanup", Time since last: 3870506794 ns, Reaching safepoint: 313541 ns, At safepoint: 10917 ns, Total: 324458 ns
[2025-12-03T14:40:12.451+0000][7][safepoint   ] Safepoint "Cleanup", Time since last: 2001465626 ns, Reaching safepoint: 146125 ns, At safepoint: 3625 ns, Total: 149750 ns
[2025-12-03T14:40:15.456+0000][7][safepoint   ] Safepoint "Cleanup", Time since last: 3004525918 ns, Reaching safepoint: 187042 ns, At safepoint: 33250 ns, Total: 220292 ns
[2025-12-03T14:40:24.482+0000][7][safepoint   ] Safepoint "Cleanup", Time since last: 9026037212 ns, Reaching safepoint: 118834 ns, At safepoint: 6458 ns, Total: 125292 ns
[2025-12-03T14:40:26.486+0000][7][safepoint   ] Safepoint "Cleanup", Time since last: 2002846834 ns, Reaching safepoint: 58583 ns, At safepoint: 5875 ns, Total: 64458 ns
[2025-12-03T14:40:31.499+0000][7][safepoint   ] Safepoint "Cleanup", Time since last: 5013824294 ns, Reaching safepoint: 64792 ns, At safepoint: 2833 ns, Total: 67625 ns
[2025-12-03T14:40:33.464+0000][7][gc,start    ] GC(55) Pause Young (Normal) (G1 Evacuation Pause)
[2025-12-03T14:40:33.464+0000][7][gc,task     ] GC(55) Using 8 workers of 8 for evacuation
[2025-12-03T14:40:33.464+0000][7][gc,age      ] GC(55) Desired survivor size 18874368 bytes, new threshold 15 (max threshold 15)
[2025-12-03T14:40:33.488+0000][7][gc,age      ] GC(55) Age table with threshold 15 (max threshold 15)
[2025-12-03T14:40:33.489+0000][7][gc,age      ] GC(55) - age   1:    3124952 bytes,    3124952 total
[2025-12-03T14:40:33.489+0000][7][gc,age      ] GC(55) - age   2:    1435848 bytes,    4560800 total
[2025-12-03T14:40:33.489+0000][7][gc,age      ] GC(55) - age   3:     190496 bytes,    4751296 total
[2025-12-03T14:40:33.489+0000][7][gc,age      ] GC(55) - age   4:     132376 bytes,    4883672 total
[2025-12-03T14:40:33.489+0000][7][gc,age      ] GC(55) - age   5:     157824 bytes,    5041496 total
[2025-12-03T14:40:33.490+0000][7][gc,age      ] GC(55) - age   6:      97936 bytes,    5139432 total
[2025-12-03T14:40:33.490+0000][7][gc,age      ] GC(55) - age   7:      20544 bytes,    5159976 total
[2025-12-03T14:40:33.490+0000][7][gc,age      ] GC(55) - age   8:      24056 bytes,    5184032 total
[2025-12-03T14:40:33.490+0000][7][gc,age      ] GC(55) - age   9:      52040 bytes,    5236072 total
[2025-12-03T14:40:33.490+0000][7][gc,age      ] GC(55) - age  10:      96032 bytes,    5332104 total
[2025-12-03T14:40:33.490+0000][7][gc,age      ] GC(55) - age  11:      28848 bytes,    5360952 total
[2025-12-03T14:40:33.490+0000][7][gc,age      ] GC(55) - age  12:      55392 bytes,    5416344 total
[2025-12-03T14:40:33.490+0000][7][gc,age      ] GC(55) - age  13:     124072 bytes,    5540416 total
[2025-12-03T14:40:33.490+0000][7][gc,age      ] GC(55) - age  14:      83720 bytes,    5624136 total
[2025-12-03T14:40:33.490+0000][7][gc,age      ] GC(55) - age  15:      23520 bytes,    5647656 total
[2025-12-03T14:40:33.490+0000][7][gc,phases   ] GC(55)   Pre Evacuate Collection Set: 0.4ms
[2025-12-03T14:40:33.490+0000][7][gc,phases   ] GC(55)   Merge Heap Roots: 0.1ms
[2025-12-03T14:40:33.490+0000][7][gc,phases   ] GC(55)   Evacuate Collection Set: 21.1ms
[2025-12-03T14:40:33.490+0000][7][gc,phases   ] GC(55)   Post Evacuate Collection Set: 2.7ms
[2025-12-03T14:40:33.490+0000][7][gc,phases   ] GC(55)   Other: 2.4ms
[2025-12-03T14:40:33.491+0000][7][gc,heap     ] GC(55) Eden regions: 68->0(68)
[2025-12-03T14:40:33.491+0000][7][gc,heap     ] GC(55) Survivor regions: 2->2(9)
[2025-12-03T14:40:33.491+0000][7][gc,heap     ] GC(55) Old regions: 31->31
[2025-12-03T14:40:33.491+0000][7][gc,heap     ] GC(55) Archive regions: 2->2
[2025-12-03T14:40:33.491+0000][7][gc,heap     ] GC(55) Humongous regions: 2->2
[2025-12-03T14:40:33.491+0000][7][gc,metaspace] GC(55) Metaspace: 114079K(115776K)->114079K(115776K) NonClass: 99285K(100224K)->99285K(100224K) Class: 14793K(15552K)->14793K(15552K)
[2025-12-03T14:40:33.492+0000][7][gc          ] GC(55) Pause Young (Normal) (G1 Evacuation Pause) 410M->139M(512M) 27.883ms
[2025-12-03T14:40:33.492+0000][7][gc,cpu      ] GC(55) User=0.15s Sys=0.00s Real=0.03s
[2025-12-03T14:40:33.492+0000][7][safepoint   ] Safepoint "G1CollectForAllocation", Time since last: 1963986751 ns, Reaching safepoint: 129167 ns, At safepoint: 28161500 ns, Total: 28290667 ns
[2025-12-03T14:40:34.493+0000][7][safepoint   ] Safepoint "Cleanup", Time since last: 1000825125 ns, Reaching safepoint: 85042 ns, At safepoint: 3750 ns, Total: 88792 ns
[2025-12-03T14:40:43.510+0000][7][safepoint   ] Safepoint "Cleanup", Time since last: 9016878754 ns, Reaching safepoint: 253167 ns, At safepoint: 17625 ns, Total: 270792 ns
[2025-12-03T14:40:47.516+0000][7][safepoint   ] Safepoint "Cleanup", Time since last: 4005497752 ns, Reaching safepoint: 236417 ns, At safepoint: 12125 ns, Total: 248542 ns
[2025-12-03T14:40:52.523+0000][7][safepoint   ] Safepoint "Cleanup", Time since last: 5005948794 ns, Reaching safepoint: 1204625 ns, At safepoint: 12666 ns, Total: 1217291 ns
[2025-12-03T14:41:00.532+0000][7][safepoint   ] Safepoint "Cleanup", Time since last: 8007951504 ns, Reaching safepoint: 101041 ns, At safepoint: 4167 ns, Total: 105208 ns
[2025-12-03T14:41:02.535+0000][7][safepoint   ] Safepoint "Cleanup", Time since last: 2002899834 ns, Reaching safepoint: 88333 ns, At safepoint: 3084 ns, Total: 91417 ns
[2025-12-03T14:41:06.540+0000][7][safepoint   ] Safepoint "Cleanup", Time since last: 4005125127 ns, Reaching safepoint: 66583 ns, At safepoint: 3375 ns, Total: 69958 ns
[2025-12-03T14:41:18.558+0000][7][safepoint   ] Safepoint "Cleanup", Time since last: 12017898256 ns, Reaching safepoint: 156375 ns, At safepoint: 9333 ns, Total: 165708 ns
[2025-12-03T14:41:25.572+0000][7][safepoint   ] Safepoint "Cleanup", Time since last: 7013838670 ns, Reaching safepoint: 291458 ns, At safepoint: 10334 ns, Total: 301792 ns
[2025-12-03T14:41:30.489+0000][7][gc,start    ] GC(56) Pause Young (Normal) (G1 Evacuation Pause)
[2025-12-03T14:41:30.489+0000][7][gc,task     ] GC(56) Using 8 workers of 8 for evacuation
[2025-12-03T14:41:30.489+0000][7][gc,age      ] GC(56) Desired survivor size 18874368 bytes, new threshold 15 (max threshold 15)
[2025-12-03T14:41:30.502+0000][7][gc,age      ] GC(56) Age table with threshold 15 (max threshold 15)
[2025-12-03T14:41:30.502+0000][7][gc,age      ] GC(56) - age   1:    2991944 bytes,    2991944 total
[2025-12-03T14:41:30.502+0000][7][gc,age      ] GC(56) - age   2:     327712 bytes,    3319656 total
[2025-12-03T14:41:30.503+0000][7][gc,age      ] GC(56) - age   3:     661072 bytes,    3980728 total
[2025-12-03T14:41:30.503+0000][7][gc,age      ] GC(56) - age   4:      47880 bytes,    4028608 total
[2025-12-03T14:41:30.503+0000][7][gc,age      ] GC(56) - age   5:     123472 bytes,    4152080 total
[2025-12-03T14:41:30.503+0000][7][gc,age      ] GC(56) - age   6:     151080 bytes,    4303160 total
[2025-12-03T14:41:30.503+0000][7][gc,age      ] GC(56) - age   7:      87336 bytes,    4390496 total
[2025-12-03T14:41:30.503+0000][7][gc,age      ] GC(56) - age   8:      14088 bytes,    4404584 total
[2025-12-03T14:41:30.504+0000][7][gc,age      ] GC(56) - age   9:      13424 bytes,    4418008 total
[2025-12-03T14:41:30.504+0000][7][gc,age      ] GC(56) - age  10:      45680 bytes,    4463688 total
[2025-12-03T14:41:30.504+0000][7][gc,age      ] GC(56) - age  11:      87552 bytes,    4551240 total
[2025-12-03T14:41:30.504+0000][7][gc,age      ] GC(56) - age  12:      20368 bytes,    4571608 total
[2025-12-03T14:41:30.504+0000][7][gc,age      ] GC(56) - age  13:      46912 bytes,    4618520 total
[2025-12-03T14:41:30.504+0000][7][gc,age      ] GC(56) - age  14:      13832 bytes,    4632352 total
[2025-12-03T14:41:30.504+0000][7][gc,age      ] GC(56) - age  15:      83720 bytes,    4716072 total
[2025-12-03T14:41:30.504+0000][7][gc,phases   ] GC(56)   Pre Evacuate Collection Set: 0.4ms
[2025-12-03T14:41:30.504+0000][7][gc,phases   ] GC(56)   Merge Heap Roots: 0.1ms
[2025-12-03T14:41:30.505+0000][7][gc,phases   ] GC(56)   Evacuate Collection Set: 6.9ms
[2025-12-03T14:41:30.505+0000][7][gc,phases   ] GC(56)   Post Evacuate Collection Set: 5.4ms
[2025-12-03T14:41:30.505+0000][7][gc,phases   ] GC(56)   Other: 2.8ms
[2025-12-03T14:41:30.505+0000][7][gc,heap     ] GC(56) Eden regions: 68->0(68)
[2025-12-03T14:41:30.505+0000][7][gc,heap     ] GC(56) Survivor regions: 2->2(9)
[2025-12-03T14:41:30.505+0000][7][gc,heap     ] GC(56) Old regions: 31->31
[2025-12-03T14:41:30.505+0000][7][gc,heap     ] GC(56) Archive regions: 2->2
[2025-12-03T14:41:30.505+0000][7][gc,heap     ] GC(56) Humongous regions: 2->2
[2025-12-03T14:41:30.505+0000][7][gc,metaspace] GC(56) Metaspace: 114112K(115776K)->114112K(115776K) NonClass: 99317K(100224K)->99317K(100224K) Class: 14794K(15552K)->14794K(15552K)
[2025-12-03T14:41:30.505+0000][7][gc          ] GC(56) Pause Young (Normal) (G1 Evacuation Pause) 411M->138M(512M) 16.721ms
[2025-12-03T14:41:30.506+0000][7][gc,cpu      ] GC(56) User=0.06s Sys=0.00s Real=0.02s
[2025-12-03T14:41:30.506+0000][7][safepoint   ] Safepoint "G1CollectForAllocation", Time since last: 4915406335 ns, Reaching safepoint: 76875 ns, At safepoint: 17030542 ns, Total: 17107417 ns
[2025-12-03T14:41:34.518+0000][7][safepoint   ] Safepoint "Cleanup", Time since last: 4008083877 ns, Reaching safepoint: 3784583 ns, At safepoint: 379542 ns, Total: 4164125 ns
[2025-12-03T14:41:36.521+0000][7][safepoint   ] Safepoint "Cleanup", Time since last: 2003006167 ns, Reaching safepoint: 50000 ns, At safepoint: 3625 ns, Total: 53625 ns
[2025-12-03T14:41:38.523+0000][7][safepoint   ] Safepoint "Cleanup", Time since last: 2001563335 ns, Reaching safepoint: 87958 ns, At safepoint: 3333 ns, Total: 91291 ns
[2025-12-03T14:41:43.530+0000][7][safepoint   ] Safepoint "Cleanup", Time since last: 5006779169 ns, Reaching safepoint: 804084 ns, At safepoint: 38625 ns, Total: 842709 ns
[2025-12-03T14:42:12.585+0000][7][safepoint   ] Safepoint "Cleanup", Time since last: 29054486304 ns, Reaching safepoint: 205834 ns, At safepoint: 14458 ns, Total: 220292 ns
[2025-12-03T14:42:22.597+0000][7][safepoint   ] Safepoint "Cleanup", Time since last: 10011730171 ns, Reaching safepoint: 106459 ns, At safepoint: 4583 ns, Total: 111042 ns
[2025-12-03T14:42:31.609+0000][7][safepoint   ] Safepoint "Cleanup", Time since last: 9010396587 ns, Reaching safepoint: 291209 ns, At safepoint: 87875 ns, Total: 379084 ns
[2025-12-03T14:42:32.539+0000][7][gc,start    ] GC(57) Pause Young (Normal) (G1 Evacuation Pause)
[2025-12-03T14:42:32.540+0000][7][gc,task     ] GC(57) Using 8 workers of 8 for evacuation
[2025-12-03T14:42:32.540+0000][7][gc,age      ] GC(57) Desired survivor size 18874368 bytes, new threshold 15 (max threshold 15)
[2025-12-03T14:42:32.555+0000][7][gc,age      ] GC(57) Age table with threshold 15 (max threshold 15)
[2025-12-03T14:42:32.555+0000][7][gc,age      ] GC(57) - age   1:    2591392 bytes,    2591392 total
[2025-12-03T14:42:32.555+0000][7][gc,age      ] GC(57) - age   2:    1163472 bytes,    3754864 total
[2025-12-03T14:42:32.555+0000][7][gc,age      ] GC(57) - age   3:     321480 bytes,    4076344 total
[2025-12-03T14:42:32.555+0000][7][gc,age      ] GC(57) - age   4:     479712 bytes,    4556056 total
[2025-12-03T14:42:32.555+0000][7][gc,age      ] GC(57) - age   5:      47720 bytes,    4603776 total
[2025-12-03T14:42:32.555+0000][7][gc,age      ] GC(57) - age   6:     123216 bytes,    4726992 total
[2025-12-03T14:42:32.555+0000][7][gc,age      ] GC(57) - age   7:     151080 bytes,    4878072 total
[2025-12-03T14:42:32.555+0000][7][gc,age      ] GC(57) - age   8:      87312 bytes,    4965384 total
[2025-12-03T14:42:32.555+0000][7][gc,age      ] GC(57) - age   9:      14088 bytes,    4979472 total
[2025-12-03T14:42:32.555+0000][7][gc,age      ] GC(57) - age  10:      13424 bytes,    4992896 total
[2025-12-03T14:42:32.555+0000][7][gc,age      ] GC(57) - age  11:      45680 bytes,    5038576 total
[2025-12-03T14:42:32.555+0000][7][gc,age      ] GC(57) - age  12:      87552 bytes,    5126128 total
[2025-12-03T14:42:32.555+0000][7][gc,age      ] GC(57) - age  13:      20368 bytes,    5146496 total
[2025-12-03T14:42:32.555+0000][7][gc,age      ] GC(57) - age  14:      46912 bytes,    5193408 total
[2025-12-03T14:42:32.555+0000][7][gc,age      ] GC(57) - age  15:      13632 bytes,    5207040 total
[2025-12-03T14:42:32.556+0000][7][gc,phases   ] GC(57)   Pre Evacuate Collection Set: 0.7ms
[2025-12-03T14:42:32.556+0000][7][gc,phases   ] GC(57)   Merge Heap Roots: 0.2ms
[2025-12-03T14:42:32.556+0000][7][gc,phases   ] GC(57)   Evacuate Collection Set: 11.9ms
[2025-12-03T14:42:32.556+0000][7][gc,phases   ] GC(57)   Post Evacuate Collection Set: 1.7ms
[2025-12-03T14:42:32.556+0000][7][gc,phases   ] GC(57)   Other: 2.0ms
[2025-12-03T14:42:32.556+0000][7][gc,heap     ] GC(57) Eden regions: 68->0(68)
[2025-12-03T14:42:32.556+0000][7][gc,heap     ] GC(57) Survivor regions: 2->2(9)
[2025-12-03T14:42:32.556+0000][7][gc,heap     ] GC(57) Old regions: 31->31
[2025-12-03T14:42:32.556+0000][7][gc,heap     ] GC(57) Archive regions: 2->2
[2025-12-03T14:42:32.556+0000][7][gc,heap     ] GC(57) Humongous regions: 2->2
[2025-12-03T14:42:32.556+0000][7][gc,metaspace] GC(57) Metaspace: 114194K(115840K)->114194K(115840K) NonClass: 99399K(100288K)->99399K(100288K) Class: 14794K(15552K)->14794K(15552K)
[2025-12-03T14:42:32.556+0000][7][gc          ] GC(57) Pause Young (Normal) (G1 Evacuation Pause) 410M->139M(512M) 16.632ms
[2025-12-03T14:42:32.556+0000][7][gc,cpu      ] GC(57) User=0.08s Sys=0.01s Real=0.02s
[2025-12-03T14:42:32.556+0000][7][safepoint   ] Safepoint "G1CollectForAllocation", Time since last: 929289958 ns, Reaching safepoint: 41709 ns, At safepoint: 17452708 ns, Total: 17494417 ns
[2025-12-03T14:42:37.572+0000][7][safepoint   ] Safepoint "Cleanup", Time since last: 5014256794 ns, Reaching safepoint: 1157000 ns, At safepoint: 9334 ns, Total: 1166334 ns
[2025-12-03T14:42:54.607+0000][7][safepoint   ] Safepoint "Cleanup", Time since last: 17034721299 ns, Reaching safepoint: 286875 ns, At safepoint: 8625 ns, Total: 295500 ns
[2025-12-03T14:42:57.610+0000][7][safepoint   ] Safepoint "Cleanup", Time since last: 3002998710 ns, Reaching safepoint: 148708 ns, At safepoint: 4250 ns, Total: 152958 ns
[2025-12-03T14:43:02.615+0000][7][safepoint   ] Safepoint "Cleanup", Time since last: 5004550919 ns, Reaching safepoint: 99792 ns, At safepoint: 6500 ns, Total: 106292 ns
[2025-12-03T14:43:06.620+0000][7][safepoint   ] Safepoint "Cleanup", Time since last: 4004858877 ns, Reaching safepoint: 114416 ns, At safepoint: 3792 ns, Total: 118208 ns
[2025-12-03T14:43:12.629+0000][7][safepoint   ] Safepoint "Cleanup", Time since last: 6008350253 ns, Reaching safepoint: 119542 ns, At safepoint: 6416 ns, Total: 125958 ns
[2025-12-03T14:43:18.774+0000][7][gc,start    ] GC(58) Pause Young (Normal) (G1 Evacuation Pause)
[2025-12-03T14:43:18.774+0000][7][gc,task     ] GC(58) Using 8 workers of 8 for evacuation
[2025-12-03T14:43:18.774+0000][7][gc,age      ] GC(58) Desired survivor size 18874368 bytes, new threshold 15 (max threshold 15)
[2025-12-03T14:43:18.790+0000][7][gc,age      ] GC(58) Age table with threshold 15 (max threshold 15)
[2025-12-03T14:43:18.790+0000][7][gc,age      ] GC(58) - age   1:    2205336 bytes,    2205336 total
[2025-12-03T14:43:18.790+0000][7][gc,age      ] GC(58) - age   2:     354488 bytes,    2559824 total
[2025-12-03T14:43:18.790+0000][7][gc,age      ] GC(58) - age   3:     878520 bytes,    3438344 total
[2025-12-03T14:43:18.790+0000][7][gc,age      ] GC(58) - age   4:     266488 bytes,    3704832 total
[2025-12-03T14:43:18.790+0000][7][gc,age      ] GC(58) - age   5:      79008 bytes,    3783840 total
[2025-12-03T14:43:18.790+0000][7][gc,age      ] GC(58) - age   6:      47528 bytes,    3831368 total
[2025-12-03T14:43:18.791+0000][7][gc,age      ] GC(58) - age   7:     123024 bytes,    3954392 total
[2025-12-03T14:43:18.791+0000][7][gc,age      ] GC(58) - age   8:     151080 bytes,    4105472 total
[2025-12-03T14:43:18.791+0000][7][gc,age      ] GC(58) - age   9:      87312 bytes,    4192784 total
[2025-12-03T14:43:18.791+0000][7][gc,age      ] GC(58) - age  10:      14088 bytes,    4206872 total
[2025-12-03T14:43:18.791+0000][7][gc,age      ] GC(58) - age  11:      13424 bytes,    4220296 total
[2025-12-03T14:43:18.791+0000][7][gc,age      ] GC(58) - age  12:      45680 bytes,    4265976 total
[2025-12-03T14:43:18.791+0000][7][gc,age      ] GC(58) - age  13:      87552 bytes,    4353528 total
[2025-12-03T14:43:18.791+0000][7][gc,age      ] GC(58) - age  14:      20368 bytes,    4373896 total
[2025-12-03T14:43:18.791+0000][7][gc,age      ] GC(58) - age  15:      46912 bytes,    4420808 total
[2025-12-03T14:43:18.791+0000][7][gc,phases   ] GC(58)   Pre Evacuate Collection Set: 0.7ms
[2025-12-03T14:43:18.791+0000][7][gc,phases   ] GC(58)   Merge Heap Roots: 0.2ms
[2025-12-03T14:43:18.791+0000][7][gc,phases   ] GC(58)   Evacuate Collection Set: 11.5ms
[2025-12-03T14:43:18.792+0000][7][gc,phases   ] GC(58)   Post Evacuate Collection Set: 3.0ms
[2025-12-03T14:43:18.792+0000][7][gc,phases   ] GC(58)   Other: 2.5ms
[2025-12-03T14:43:18.792+0000][7][gc,heap     ] GC(58) Eden regions: 68->0(68)
[2025-12-03T14:43:18.792+0000][7][gc,heap     ] GC(58) Survivor regions: 2->2(9)
[2025-12-03T14:43:18.792+0000][7][gc,heap     ] GC(58) Old regions: 31->31
[2025-12-03T14:43:18.792+0000][7][gc,heap     ] GC(58) Archive regions: 2->2
[2025-12-03T14:43:18.792+0000][7][gc,heap     ] GC(58) Humongous regions: 2->2
[2025-12-03T14:43:18.792+0000][7][gc,metaspace] GC(58) Metaspace: 114204K(115904K)->114204K(115904K) NonClass: 99409K(100352K)->99409K(100352K) Class: 14794K(15552K)->14794K(15552K)
[2025-12-03T14:43:18.792+0000][7][gc          ] GC(58) Pause Young (Normal) (G1 Evacuation Pause) 411M->138M(512M) 18.731ms
[2025-12-03T14:43:18.792+0000][7][gc,cpu      ] GC(58) User=0.07s Sys=0.00s Real=0.02s
[2025-12-03T14:43:18.793+0000][7][safepoint   ] Safepoint "G1CollectForAllocation", Time since last: 6144395003 ns, Reaching safepoint: 351334 ns, At safepoint: 19267541 ns, Total: 19618875 ns
[2025-12-03T14:43:24.804+0000][7][safepoint   ] Safepoint "Cleanup", Time since last: 6011411670 ns, Reaching safepoint: 150333 ns, At safepoint: 3833 ns, Total: 154166 ns
[2025-12-03T14:43:33.830+0000][7][safepoint   ] Safepoint "Cleanup", Time since last: 9024265213 ns, Reaching safepoint: 836208 ns, At safepoint: 21625 ns, Total: 857833 ns
[2025-12-03T14:43:36.833+0000][7][safepoint   ] Safepoint "Cleanup", Time since last: 3002978335 ns, Reaching safepoint: 98792 ns, At safepoint: 3500 ns, Total: 102292 ns
[2025-12-03T14:43:37.834+0000][7][safepoint   ] Safepoint "Cleanup", Time since last: 1000648250 ns, Reaching safepoint: 57167 ns, At safepoint: 5375 ns, Total: 62542 ns
[2025-12-03T14:43:42.841+0000][7][safepoint   ] Safepoint "Cleanup", Time since last: 5005019294 ns, Reaching safepoint: 1764916 ns, At safepoint: 383834 ns, Total: 2148750 ns
[2025-12-03T14:43:46.847+0000][7][safepoint   ] Safepoint "Cleanup", Time since last: 4005719002 ns, Reaching safepoint: 159125 ns, At safepoint: 16083 ns, Total: 175208 ns
[2025-12-03T14:44:00.868+0000][7][safepoint   ] Safepoint "Cleanup", Time since last: 14019082006 ns, Reaching safepoint: 250708 ns, At safepoint: 9250 ns, Total: 259958 ns
[2025-12-03T14:44:09.878+0000][7][safepoint   ] Safepoint "Cleanup", Time since last: 9009775713 ns, Reaching safepoint: 468333 ns, At safepoint: 18584 ns, Total: 486917 ns
[2025-12-03T14:44:19.711+0000][7][gc,start    ] GC(59) Pause Young (Normal) (G1 Evacuation Pause)
[2025-12-03T14:44:19.712+0000][7][gc,task     ] GC(59) Using 8 workers of 8 for evacuation
[2025-12-03T14:44:19.713+0000][7][gc,age      ] GC(59) Desired survivor size 18874368 bytes, new threshold 15 (max threshold 15)
[2025-12-03T14:44:19.731+0000][7][gc,age      ] GC(59) Age table with threshold 15 (max threshold 15)
[2025-12-03T14:44:19.731+0000][7][gc,age      ] GC(59) - age   1:    2594872 bytes,    2594872 total
[2025-12-03T14:44:19.731+0000][7][gc,age      ] GC(59) - age   2:     667728 bytes,    3262600 total
[2025-12-03T14:44:19.732+0000][7][gc,age      ] GC(59) - age   3:     217864 bytes,    3480464 total
[2025-12-03T14:44:19.732+0000][7][gc,age      ] GC(59) - age   4:     378232 bytes,    3858696 total
[2025-12-03T14:44:19.732+0000][7][gc,age      ] GC(59) - age   5:      48792 bytes,    3907488 total
[2025-12-03T14:44:19.732+0000][7][gc,age      ] GC(59) - age   6:      79008 bytes,    3986496 total
[2025-12-03T14:44:19.732+0000][7][gc,age      ] GC(59) - age   7:      47248 bytes,    4033744 total
[2025-12-03T14:44:19.732+0000][7][gc,age      ] GC(59) - age   8:     122960 bytes,    4156704 total
[2025-12-03T14:44:19.732+0000][7][gc,age      ] GC(59) - age   9:     150808 bytes,    4307512 total
[2025-12-03T14:44:19.732+0000][7][gc,age      ] GC(59) - age  10:      87312 bytes,    4394824 total
[2025-12-03T14:44:19.732+0000][7][gc,age      ] GC(59) - age  11:      14088 bytes,    4408912 total
[2025-12-03T14:44:19.733+0000][7][gc,age      ] GC(59) - age  12:      13424 bytes,    4422336 total
[2025-12-03T14:44:19.733+0000][7][gc,age      ] GC(59) - age  13:      45680 bytes,    4468016 total
[2025-12-03T14:44:19.733+0000][7][gc,age      ] GC(59) - age  14:      87552 bytes,    4555568 total
[2025-12-03T14:44:19.733+0000][7][gc,age      ] GC(59) - age  15:      20368 bytes,    4575936 total
[2025-12-03T14:44:19.733+0000][7][gc,phases   ] GC(59)   Pre Evacuate Collection Set: 1.0ms
[2025-12-03T14:44:19.733+0000][7][gc,phases   ] GC(59)   Merge Heap Roots: 0.2ms
[2025-12-03T14:44:19.733+0000][7][gc,phases   ] GC(59)   Evacuate Collection Set: 13.9ms
[2025-12-03T14:44:19.733+0000][7][gc,phases   ] GC(59)   Post Evacuate Collection Set: 3.5ms
[2025-12-03T14:44:19.733+0000][7][gc,phases   ] GC(59)   Other: 3.8ms
[2025-12-03T14:44:19.733+0000][7][gc,heap     ] GC(59) Eden regions: 68->0(68)
[2025-12-03T14:44:19.734+0000][7][gc,heap     ] GC(59) Survivor regions: 2->2(9)
[2025-12-03T14:44:19.734+0000][7][gc,heap     ] GC(59) Old regions: 31->31
[2025-12-03T14:44:19.734+0000][7][gc,heap     ] GC(59) Archive regions: 2->2
[2025-12-03T14:44:19.734+0000][7][gc,heap     ] GC(59) Humongous regions: 2->2
[2025-12-03T14:44:19.734+0000][7][gc,metaspace] GC(59) Metaspace: 114211K(115904K)->114211K(115904K) NonClass: 99416K(100352K)->99416K(100352K) Class: 14794K(15552K)->14794K(15552K)
[2025-12-03T14:44:19.734+0000][7][gc          ] GC(59) Pause Young (Normal) (G1 Evacuation Pause) 410M->138M(512M) 23.349ms
[2025-12-03T14:44:19.734+0000][7][gc,cpu      ] GC(59) User=0.10s Sys=0.02s Real=0.03s
[2025-12-03T14:44:19.734+0000][7][safepoint   ] Safepoint "G1CollectForAllocation", Time since last: 9832465963 ns, Reaching safepoint: 272583 ns, At safepoint: 23880042 ns, Total: 24152625 ns
[2025-12-03T14:44:33.749+0000][7][safepoint   ] Safepoint "Cleanup", Time since last: 14013257005 ns, Reaching safepoint: 642000 ns, At safepoint: 20125 ns, Total: 662125 ns
[2025-12-03T14:44:36.755+0000][7][safepoint   ] Safepoint "Cleanup", Time since last: 3006405543 ns, Reaching safepoint: 68959 ns, At safepoint: 4500 ns, Total: 73459 ns
[2025-12-03T14:44:48.768+0000][7][safepoint   ] Safepoint "Cleanup", Time since last: 12012473464 ns, Reaching safepoint: 245458 ns, At safepoint: 12584 ns, Total: 258042 ns
[2025-12-03T14:44:52.775+0000][7][safepoint   ] Safepoint "Cleanup", Time since last: 4006103918 ns, Reaching safepoint: 356125 ns, At safepoint: 15125 ns, Total: 371250 ns
[2025-12-03T14:44:54.779+0000][7][safepoint   ] Safepoint "Cleanup", Time since last: 2004315793 ns, Reaching safepoint: 254583 ns, At safepoint: 18333 ns, Total: 272916 ns
[2025-12-03T14:45:00.787+0000][7][safepoint   ] Safepoint "Cleanup", Time since last: 6006923461 ns, Reaching safepoint: 114250 ns, At safepoint: 4041 ns, Total: 118291 ns
[2025-12-03T14:45:06.807+0000][7][safepoint   ] Safepoint "Cleanup", Time since last: 6019095420 ns, Reaching safepoint: 527166 ns, At safepoint: 16209 ns, Total: 543375 ns
[2025-12-03T14:45:09.815+0000][7][safepoint   ] Safepoint "Cleanup", Time since last: 3007468335 ns, Reaching safepoint: 656833 ns, At safepoint: 11292 ns, Total: 668125 ns
[2025-12-03T14:45:12.550+0000][7][gc,start    ] GC(60) Pause Young (Normal) (G1 Evacuation Pause)
[2025-12-03T14:45:12.550+0000][7][gc,task     ] GC(60) Using 8 workers of 8 for evacuation
[2025-12-03T14:45:12.550+0000][7][gc,age      ] GC(60) Desired survivor size 18874368 bytes, new threshold 15 (max threshold 15)
[2025-12-03T14:45:12.557+0000][7][gc,age      ] GC(60) Age table with threshold 15 (max threshold 15)
[2025-12-03T14:45:12.557+0000][7][gc,age      ] GC(60) - age   1:    2865936 bytes,    2865936 total
[2025-12-03T14:45:12.557+0000][7][gc,age      ] GC(60) - age   2:     950768 bytes,    3816704 total
[2025-12-03T14:45:12.557+0000][7][gc,age      ] GC(60) - age   3:     534224 bytes,    4350928 total
[2025-12-03T14:45:12.557+0000][7][gc,age      ] GC(60) - age   4:      85400 bytes,    4436328 total
[2025-12-03T14:45:12.557+0000][7][gc,age      ] GC(60) - age   5:     224544 bytes,    4660872 total
[2025-12-03T14:45:12.557+0000][7][gc,age      ] GC(60) - age   6:      48536 bytes,    4709408 total
[2025-12-03T14:45:12.557+0000][7][gc,age      ] GC(60) - age   7:      78712 bytes,    4788120 total
[2025-12-03T14:45:12.557+0000][7][gc,age      ] GC(60) - age   8:      47248 bytes,    4835368 total
[2025-12-03T14:45:12.557+0000][7][gc,age      ] GC(60) - age   9:     122960 bytes,    4958328 total
[2025-12-03T14:45:12.558+0000][7][gc,age      ] GC(60) - age  10:     150808 bytes,    5109136 total
[2025-12-03T14:45:12.558+0000][7][gc,age      ] GC(60) - age  11:      87312 bytes,    5196448 total
[2025-12-03T14:45:12.558+0000][7][gc,age      ] GC(60) - age  12:      14088 bytes,    5210536 total
[2025-12-03T14:45:12.558+0000][7][gc,age      ] GC(60) - age  13:      13424 bytes,    5223960 total
[2025-12-03T14:45:12.558+0000][7][gc,age      ] GC(60) - age  14:      45680 bytes,    5269640 total
[2025-12-03T14:45:12.558+0000][7][gc,age      ] GC(60) - age  15:      87552 bytes,    5357192 total
[2025-12-03T14:45:12.558+0000][7][gc,phases   ] GC(60)   Pre Evacuate Collection Set: 0.3ms
[2025-12-03T14:45:12.558+0000][7][gc,phases   ] GC(60)   Merge Heap Roots: 0.1ms
[2025-12-03T14:45:12.558+0000][7][gc,phases   ] GC(60)   Evacuate Collection Set: 4.9ms
[2025-12-03T14:45:12.558+0000][7][gc,phases   ] GC(60)   Post Evacuate Collection Set: 1.5ms
[2025-12-03T14:45:12.558+0000][7][gc,phases   ] GC(60)   Other: 1.3ms
[2025-12-03T14:45:12.558+0000][7][gc,heap     ] GC(60) Eden regions: 68->0(68)
[2025-12-03T14:45:12.558+0000][7][gc,heap     ] GC(60) Survivor regions: 2->2(9)
[2025-12-03T14:45:12.558+0000][7][gc,heap     ] GC(60) Old regions: 31->31
[2025-12-03T14:45:12.559+0000][7][gc,heap     ] GC(60) Archive regions: 2->2
[2025-12-03T14:45:12.559+0000][7][gc,heap     ] GC(60) Humongous regions: 2->2
[2025-12-03T14:45:12.559+0000][7][gc,metaspace] GC(60) Metaspace: 114224K(115904K)->114224K(115904K) NonClass: 99428K(100352K)->99428K(100352K) Class: 14795K(15552K)->14795K(15552K)
[2025-12-03T14:45:12.559+0000][7][gc          ] GC(60) Pause Young (Normal) (G1 Evacuation Pause) 410M->139M(512M) 9.483ms
[2025-12-03T14:45:12.559+0000][7][gc,cpu      ] GC(60) User=0.03s Sys=0.00s Real=0.01s
[2025-12-03T14:45:12.559+0000][7][safepoint   ] Safepoint "G1CollectForAllocation", Time since last: 2734290084 ns, Reaching safepoint: 74750 ns, At safepoint: 9759417 ns, Total: 9834167 ns
[2025-12-03T14:45:13.560+0000][7][safepoint   ] Safepoint "Cleanup", Time since last: 1000663292 ns, Reaching safepoint: 215625 ns, At safepoint: 21375 ns, Total: 237000 ns
[2025-12-03T14:45:16.565+0000][7][safepoint   ] Safepoint "Cleanup", Time since last: 3004837043 ns, Reaching safepoint: 137333 ns, At safepoint: 15042 ns, Total: 152375 ns
[2025-12-03T14:45:19.572+0000][7][safepoint   ] Safepoint "Cleanup", Time since last: 3006308127 ns, Reaching safepoint: 476791 ns, At safepoint: 12500 ns, Total: 489291 ns
[2025-12-03T14:45:24.583+0000][7][safepoint   ] Safepoint "Cleanup", Time since last: 5010868169 ns, Reaching safepoint: 93167 ns, At safepoint: 4000 ns, Total: 97167 ns
[2025-12-03T14:45:25.585+0000][7][safepoint   ] Safepoint "Cleanup", Time since last: 1002012875 ns, Reaching safepoint: 273750 ns, At safepoint: 16875 ns, Total: 290625 ns
[2025-12-03T14:45:30.597+0000][7][safepoint   ] Safepoint "Cleanup", Time since last: 5011014294 ns, Reaching safepoint: 97458 ns, At safepoint: 7000 ns, Total: 104458 ns
[2025-12-03T14:45:34.603+0000][7][safepoint   ] Safepoint "Cleanup", Time since last: 4005863669 ns, Reaching safepoint: 80458 ns, At safepoint: 10625 ns, Total: 91083 ns
[2025-12-03T14:45:38.609+0000][7][safepoint   ] Safepoint "Cleanup", Time since last: 4006188335 ns, Reaching safepoint: 147709 ns, At safepoint: 5666 ns, Total: 153375 ns
[2025-12-03T14:45:45.620+0000][7][safepoint   ] Safepoint "Cleanup", Time since last: 7010774754 ns, Reaching safepoint: 108208 ns, At safepoint: 3708 ns, Total: 111916 ns
[2025-12-03T14:46:02.651+0000][7][safepoint   ] Safepoint "Cleanup", Time since last: 17029164008 ns, Reaching safepoint: 493083 ns, At safepoint: 28250 ns, Total: 521333 ns
[2025-12-03T14:46:06.660+0000][7][safepoint   ] Safepoint "Cleanup", Time since last: 4008571252 ns, Reaching safepoint: 142083 ns, At safepoint: 6875 ns, Total: 148958 ns
[2025-12-03T14:46:09.575+0000][7][gc,start    ] GC(61) Pause Young (Normal) (G1 Evacuation Pause)
[2025-12-03T14:46:09.575+0000][7][gc,task     ] GC(61) Using 8 workers of 8 for evacuation
[2025-12-03T14:46:09.576+0000][7][gc,age      ] GC(61) Desired survivor size 18874368 bytes, new threshold 15 (max threshold 15)
[2025-12-03T14:46:09.585+0000][7][gc,age      ] GC(61) Age table with threshold 15 (max threshold 15)
[2025-12-03T14:46:09.585+0000][7][gc,age      ] GC(61) - age   1:    3028944 bytes,    3028944 total
[2025-12-03T14:46:09.585+0000][7][gc,age      ] GC(61) - age   2:     593288 bytes,    3622232 total
[2025-12-03T14:46:09.585+0000][7][gc,age      ] GC(61) - age   3:     188288 bytes,    3810520 total
[2025-12-03T14:46:09.585+0000][7][gc,age      ] GC(61) - age   4:      87224 bytes,    3897744 total
[2025-12-03T14:46:09.585+0000][7][gc,age      ] GC(61) - age   5:      30248 bytes,    3927992 total
[2025-12-03T14:46:09.585+0000][7][gc,age      ] GC(61) - age   6:     224544 bytes,    4152536 total
[2025-12-03T14:46:09.585+0000][7][gc,age      ] GC(61) - age   7:      48472 bytes,    4201008 total
[2025-12-03T14:46:09.585+0000][7][gc,age      ] GC(61) - age   8:      78712 bytes,    4279720 total
[2025-12-03T14:46:09.585+0000][7][gc,age      ] GC(61) - age   9:      47248 bytes,    4326968 total
[2025-12-03T14:46:09.586+0000][7][gc,age      ] GC(61) - age  10:     122960 bytes,    4449928 total
[2025-12-03T14:46:09.586+0000][7][gc,age      ] GC(61) - age  11:     150808 bytes,    4600736 total
[2025-12-03T14:46:09.586+0000][7][gc,age      ] GC(61) - age  12:      87312 bytes,    4688048 total
[2025-12-03T14:46:09.586+0000][7][gc,age      ] GC(61) - age  13:      14088 bytes,    4702136 total
[2025-12-03T14:46:09.586+0000][7][gc,age      ] GC(61) - age  14:      13424 bytes,    4715560 total
[2025-12-03T14:46:09.586+0000][7][gc,age      ] GC(61) - age  15:      45680 bytes,    4761240 total
[2025-12-03T14:46:09.586+0000][7][gc,phases   ] GC(61)   Pre Evacuate Collection Set: 0.4ms
[2025-12-03T14:46:09.586+0000][7][gc,phases   ] GC(61)   Merge Heap Roots: 0.2ms
[2025-12-03T14:46:09.586+0000][7][gc,phases   ] GC(61)   Evacuate Collection Set: 6.5ms
[2025-12-03T14:46:09.586+0000][7][gc,phases   ] GC(61)   Post Evacuate Collection Set: 2.0ms
[2025-12-03T14:46:09.586+0000][7][gc,phases   ] GC(61)   Other: 2.4ms
[2025-12-03T14:46:09.586+0000][7][gc,heap     ] GC(61) Eden regions: 68->0(68)
[2025-12-03T14:46:09.586+0000][7][gc,heap     ] GC(61) Survivor regions: 2->2(9)
[2025-12-03T14:46:09.586+0000][7][gc,heap     ] GC(61) Old regions: 31->31
[2025-12-03T14:46:09.586+0000][7][gc,heap     ] GC(61) Archive regions: 2->2
[2025-12-03T14:46:09.586+0000][7][gc,heap     ] GC(61) Humongous regions: 2->2
[2025-12-03T14:46:09.587+0000][7][gc,metaspace] GC(61) Metaspace: 114241K(115904K)->114241K(115904K) NonClass: 99445K(100352K)->99445K(100352K) Class: 14795K(15552K)->14795K(15552K)
[2025-12-03T14:46:09.587+0000][7][gc          ] GC(61) Pause Young (Normal) (G1 Evacuation Pause) 411M->138M(512M) 11.982ms
[2025-12-03T14:46:09.587+0000][7][gc,cpu      ] GC(61) User=0.04s Sys=0.00s Real=0.01s
[2025-12-03T14:46:09.587+0000][7][safepoint   ] Safepoint "G1CollectForAllocation", Time since last: 2914474502 ns, Reaching safepoint: 122916 ns, At safepoint: 12327250 ns, Total: 12450166 ns
[2025-12-03T14:46:12.590+0000][7][safepoint   ] Safepoint "Cleanup", Time since last: 3002973002 ns, Reaching safepoint: 722167 ns, At safepoint: 6750 ns, Total: 728917 ns
[2025-12-03T14:46:13.592+0000][7][safepoint   ] Safepoint "Cleanup", Time since last: 1001220208 ns, Reaching safepoint: 267209 ns, At safepoint: 16833 ns, Total: 284042 ns
[2025-12-03T14:46:16.595+0000][7][safepoint   ] Safepoint "Cleanup", Time since last: 3003243668 ns, Reaching safepoint: 145542 ns, At safepoint: 5375 ns, Total: 150917 ns
[2025-12-03T14:46:21.601+0000][7][safepoint   ] Safepoint "Cleanup", Time since last: 5005274252 ns, Reaching safepoint: 53875 ns, At safepoint: 2667 ns, Total: 56542 ns
[2025-12-03T14:46:22.603+0000][7][safepoint   ] Safepoint "Cleanup", Time since last: 1002212875 ns, Reaching safepoint: 42000 ns, At safepoint: 1875 ns, Total: 43875 ns
[2025-12-03T14:46:24.606+0000][7][safepoint   ] Safepoint "Cleanup", Time since last: 2002877543 ns, Reaching safepoint: 64917 ns, At safepoint: 3000 ns, Total: 67917 ns
[2025-12-03T14:46:37.622+0000][7][safepoint   ] Safepoint "Cleanup", Time since last: 13014445464 ns, Reaching safepoint: 444583 ns, At safepoint: 34500 ns, Total: 479083 ns
[2025-12-03T14:46:39.625+0000][7][safepoint   ] Safepoint "Cleanup", Time since last: 2003326168 ns, Reaching safepoint: 92875 ns, At safepoint: 3541 ns, Total: 96416 ns
[2025-12-03T14:46:42.628+0000][7][safepoint   ] Safepoint "Cleanup", Time since last: 3002568919 ns, Reaching safepoint: 63333 ns, At safepoint: 2542 ns, Total: 65875 ns
[2025-12-03T14:46:51.957+0000][7][gc,start    ] GC(62) Pause Young (Normal) (G1 Evacuation Pause)
[2025-12-03T14:46:51.958+0000][7][gc,task     ] GC(62) Using 8 workers of 8 for evacuation
[2025-12-03T14:46:51.959+0000][7][gc,age      ] GC(62) Desired survivor size 18874368 bytes, new threshold 15 (max threshold 15)
[2025-12-03T14:46:51.969+0000][7][gc,age      ] GC(62) Age table with threshold 15 (max threshold 15)
[2025-12-03T14:46:51.969+0000][7][gc,age      ] GC(62) - age   1:    2500160 bytes,    2500160 total
[2025-12-03T14:46:51.970+0000][7][gc,age      ] GC(62) - age   2:    1379408 bytes,    3879568 total
[2025-12-03T14:46:51.970+0000][7][gc,age      ] GC(62) - age   3:     457880 bytes,    4337448 total
[2025-12-03T14:46:51.970+0000][7][gc,age      ] GC(62) - age   4:     186856 bytes,    4524304 total
[2025-12-03T14:46:51.970+0000][7][gc,age      ] GC(62) - age   5:      21536 bytes,    4545840 total
[2025-12-03T14:46:51.970+0000][7][gc,age      ] GC(62) - age   6:      30248 bytes,    4576088 total
[2025-12-03T14:46:51.970+0000][7][gc,age      ] GC(62) - age   7:     224160 bytes,    4800248 total
[2025-12-03T14:46:51.970+0000][7][gc,age      ] GC(62) - age   8:      24184 bytes,    4824432 total
[2025-12-03T14:46:51.970+0000][7][gc,age      ] GC(62) - age   9:      78712 bytes,    4903144 total
[2025-12-03T14:46:51.970+0000][7][gc,age      ] GC(62) - age  10:      47248 bytes,    4950392 total
[2025-12-03T14:46:51.970+0000][7][gc,age      ] GC(62) - age  11:     122960 bytes,    5073352 total
[2025-12-03T14:46:51.970+0000][7][gc,age      ] GC(62) - age  12:     150808 bytes,    5224160 total
[2025-12-03T14:46:51.970+0000][7][gc,age      ] GC(62) - age  13:      87312 bytes,    5311472 total
[2025-12-03T14:46:51.970+0000][7][gc,age      ] GC(62) - age  14:      14088 bytes,    5325560 total
[2025-12-03T14:46:51.971+0000][7][gc,age      ] GC(62) - age  15:      13424 bytes,    5338984 total
[2025-12-03T14:46:51.971+0000][7][gc,phases   ] GC(62)   Pre Evacuate Collection Set: 0.5ms
[2025-12-03T14:46:51.971+0000][7][gc,phases   ] GC(62)   Merge Heap Roots: 0.5ms
[2025-12-03T14:46:51.971+0000][7][gc,phases   ] GC(62)   Evacuate Collection Set: 7.1ms
[2025-12-03T14:46:51.971+0000][7][gc,phases   ] GC(62)   Post Evacuate Collection Set: 2.6ms
[2025-12-03T14:46:51.971+0000][7][gc,phases   ] GC(62)   Other: 2.9ms
[2025-12-03T14:46:51.971+0000][7][gc,heap     ] GC(62) Eden regions: 68->0(68)
[2025-12-03T14:46:51.971+0000][7][gc,heap     ] GC(62) Survivor regions: 2->2(9)
[2025-12-03T14:46:51.971+0000][7][gc,heap     ] GC(62) Old regions: 31->31
[2025-12-03T14:46:51.971+0000][7][gc,heap     ] GC(62) Archive regions: 2->2
[2025-12-03T14:46:51.971+0000][7][gc,heap     ] GC(62) Humongous regions: 2->2
[2025-12-03T14:46:51.971+0000][7][gc,metaspace] GC(62) Metaspace: 114246K(115904K)->114246K(115904K) NonClass: 99450K(100352K)->99450K(100352K) Class: 14795K(15552K)->14795K(15552K)
[2025-12-03T14:46:51.972+0000][7][gc          ] GC(62) Pause Young (Normal) (G1 Evacuation Pause) 410M->139M(512M) 14.383ms
[2025-12-03T14:46:51.972+0000][7][gc,cpu      ] GC(62) User=0.06s Sys=0.01s Real=0.02s
[2025-12-03T14:46:51.972+0000][7][safepoint   ] Safepoint "G1CollectForAllocation", Time since last: 9329315962 ns, Reaching safepoint: 129500 ns, At safepoint: 14713459 ns, Total: 14842959 ns
[2025-12-03T14:46:57.981+0000][7][safepoint   ] Safepoint "Cleanup", Time since last: 6007816127 ns, Reaching safepoint: 315875 ns, At safepoint: 31916 ns, Total: 347791 ns
[2025-12-03T14:47:02.989+0000][7][safepoint   ] Safepoint "Cleanup", Time since last: 5008425003 ns, Reaching safepoint: 136000 ns, At safepoint: 4833 ns, Total: 140833 ns
[2025-12-03T14:47:05.992+0000][7][safepoint   ] Safepoint "Cleanup", Time since last: 3002156126 ns, Reaching safepoint: 206292 ns, At safepoint: 5583 ns, Total: 211875 ns
[2025-12-03T14:47:06.994+0000][7][safepoint   ] Safepoint "Cleanup", Time since last: 1001948834 ns, Reaching safepoint: 315000 ns, At safepoint: 13834 ns, Total: 328834 ns
[2025-12-03T14:47:13.016+0000][7][safepoint   ] Safepoint "Cleanup", Time since last: 6021522919 ns, Reaching safepoint: 223792 ns, At safepoint: 8208 ns, Total: 232000 ns
[2025-12-03T14:47:29.044+0000][7][safepoint   ] Safepoint "Cleanup", Time since last: 16026815341 ns, Reaching safepoint: 573041 ns, At safepoint: 19917 ns, Total: 592958 ns
[2025-12-03T14:47:34.050+0000][7][safepoint   ] Safepoint "Cleanup", Time since last: 5005696169 ns, Reaching safepoint: 227292 ns, At safepoint: 16250 ns, Total: 243542 ns
[2025-12-03T14:47:39.624+0000][7][gc,start    ] GC(63) Pause Young (Normal) (G1 Evacuation Pause)
[2025-12-03T14:47:39.628+0000][7][gc,task     ] GC(63) Using 8 workers of 8 for evacuation
[2025-12-03T14:47:39.631+0000][7][gc,age      ] GC(63) Desired survivor size 18874368 bytes, new threshold 15 (max threshold 15)
[2025-12-03T14:47:39.656+0000][7][gc,age      ] GC(63) Age table with threshold 15 (max threshold 15)
[2025-12-03T14:47:39.656+0000][7][gc,age      ] GC(63) - age   1:    2128928 bytes,    2128928 total
[2025-12-03T14:47:39.656+0000][7][gc,age      ] GC(63) - age   2:     367976 bytes,    2496904 total
[2025-12-03T14:47:39.656+0000][7][gc,age      ] GC(63) - age   3:    1112552 bytes,    3609456 total
[2025-12-03T14:47:39.656+0000][7][gc,age      ] GC(63) - age   4:     194168 bytes,    3803624 total
[2025-12-03T14:47:39.656+0000][7][gc,age      ] GC(63) - age   5:     162888 bytes,    3966512 total
[2025-12-03T14:47:39.656+0000][7][gc,age      ] GC(63) - age   6:      21536 bytes,    3988048 total
[2025-12-03T14:47:39.656+0000][7][gc,age      ] GC(63) - age   7:      30248 bytes,    4018296 total
[2025-12-03T14:47:39.656+0000][7][gc,age      ] GC(63) - age   8:     224128 bytes,    4242424 total
[2025-12-03T14:47:39.656+0000][7][gc,age      ] GC(63) - age   9:      24184 bytes,    4266608 total
[2025-12-03T14:47:39.656+0000][7][gc,age      ] GC(63) - age  10:      78712 bytes,    4345320 total
[2025-12-03T14:47:39.656+0000][7][gc,age      ] GC(63) - age  11:      47248 bytes,    4392568 total
[2025-12-03T14:47:39.656+0000][7][gc,age      ] GC(63) - age  12:     122960 bytes,    4515528 total
[2025-12-03T14:47:39.656+0000][7][gc,age      ] GC(63) - age  13:     150808 bytes,    4666336 total
[2025-12-03T14:47:39.656+0000][7][gc,age      ] GC(63) - age  14:      87312 bytes,    4753648 total
[2025-12-03T14:47:39.656+0000][7][gc,age      ] GC(63) - age  15:      14088 bytes,    4767736 total
[2025-12-03T14:47:39.657+0000][7][gc,phases   ] GC(63)   Pre Evacuate Collection Set: 4.9ms
[2025-12-03T14:47:39.657+0000][7][gc,phases   ] GC(63)   Merge Heap Roots: 0.6ms
[2025-12-03T14:47:39.657+0000][7][gc,phases   ] GC(63)   Evacuate Collection Set: 18.1ms
[2025-12-03T14:47:39.657+0000][7][gc,phases   ] GC(63)   Post Evacuate Collection Set: 2.3ms
[2025-12-03T14:47:39.657+0000][7][gc,phases   ] GC(63)   Other: 9.3ms
[2025-12-03T14:47:39.657+0000][7][gc,heap     ] GC(63) Eden regions: 68->0(68)
[2025-12-03T14:47:39.657+0000][7][gc,heap     ] GC(63) Survivor regions: 2->2(9)
[2025-12-03T14:47:39.657+0000][7][gc,heap     ] GC(63) Old regions: 31->31
[2025-12-03T14:47:39.657+0000][7][gc,heap     ] GC(63) Archive regions: 2->2
[2025-12-03T14:47:39.657+0000][7][gc,heap     ] GC(63) Humongous regions: 2->2
[2025-12-03T14:47:39.657+0000][7][gc,metaspace] GC(63) Metaspace: 114275K(115968K)->114275K(115968K) NonClass: 99479K(100416K)->99479K(100416K) Class: 14795K(15552K)->14795K(15552K)
[2025-12-03T14:47:39.657+0000][7][gc          ] GC(63) Pause Young (Normal) (G1 Evacuation Pause) 411M->139M(512M) 34.409ms
[2025-12-03T14:47:39.657+0000][7][gc,cpu      ] GC(63) User=0.16s Sys=0.00s Real=0.03s
[2025-12-03T14:47:39.657+0000][7][safepoint   ] Safepoint "G1CollectForAllocation", Time since last: 5570041461 ns, Reaching safepoint: 811708 ns, At safepoint: 36153292 ns, Total: 36965000 ns
[2025-12-03T14:48:00.698+0000][7][safepoint   ] Safepoint "Cleanup", Time since last: 21040215842 ns, Reaching safepoint: 375875 ns, At safepoint: 23542 ns, Total: 399417 ns
[2025-12-03T14:48:04.706+0000][7][safepoint   ] Safepoint "Cleanup", Time since last: 4006971960 ns, Reaching safepoint: 281875 ns, At safepoint: 18125 ns, Total: 300000 ns
[2025-12-03T14:48:07.712+0000][7][safepoint   ] Safepoint "Cleanup", Time since last: 3006445710 ns, Reaching safepoint: 345792 ns, At safepoint: 9791 ns, Total: 355583 ns
[2025-12-03T14:48:10.724+0000][7][safepoint   ] Safepoint "Cleanup", Time since last: 3008791793 ns, Reaching safepoint: 2687667 ns, At safepoint: 15042 ns, Total: 2702709 ns
[2025-12-03T14:48:12.731+0000][7][safepoint   ] Safepoint "Cleanup", Time since last: 2007200209 ns, Reaching safepoint: 109250 ns, At safepoint: 4167 ns, Total: 113417 ns
[2025-12-03T14:48:21.747+0000][7][safepoint   ] Safepoint "Cleanup", Time since last: 9015110921 ns, Reaching safepoint: 128250 ns, At safepoint: 2916 ns, Total: 131166 ns
[2025-12-03T14:48:25.525+0000][7][gc,start    ] GC(64) Pause Young (Normal) (G1 Evacuation Pause)
[2025-12-03T14:48:25.526+0000][7][gc,task     ] GC(64) Using 8 workers of 8 for evacuation
[2025-12-03T14:48:25.526+0000][7][gc,age      ] GC(64) Desired survivor size 18874368 bytes, new threshold 15 (max threshold 15)
[2025-12-03T14:48:25.536+0000][7][gc,age      ] GC(64) Age table with threshold 15 (max threshold 15)
[2025-12-03T14:48:25.536+0000][7][gc,age      ] GC(64) - age   1:    4040008 bytes,    4040008 total
[2025-12-03T14:48:25.536+0000][7][gc,age      ] GC(64) - age   2:     373616 bytes,    4413624 total
[2025-12-03T14:48:25.536+0000][7][gc,age      ] GC(64) - age   3:     233464 bytes,    4647088 total
[2025-12-03T14:48:25.536+0000][7][gc,age      ] GC(64) - age   4:     614024 bytes,    5261112 total
[2025-12-03T14:48:25.536+0000][7][gc,age      ] GC(64) - age   5:      82416 bytes,    5343528 total
[2025-12-03T14:48:25.536+0000][7][gc,age      ] GC(64) - age   6:      88296 bytes,    5431824 total
[2025-12-03T14:48:25.536+0000][7][gc,age      ] GC(64) - age   7:      21536 bytes,    5453360 total
[2025-12-03T14:48:25.536+0000][7][gc,age      ] GC(64) - age   8:      30248 bytes,    5483608 total
[2025-12-03T14:48:25.536+0000][7][gc,age      ] GC(64) - age   9:     224128 bytes,    5707736 total
[2025-12-03T14:48:25.536+0000][7][gc,age      ] GC(64) - age  10:      23952 bytes,    5731688 total
[2025-12-03T14:48:25.536+0000][7][gc,age      ] GC(64) - age  11:      78712 bytes,    5810400 total
[2025-12-03T14:48:25.536+0000][7][gc,age      ] GC(64) - age  12:      47248 bytes,    5857648 total
[2025-12-03T14:48:25.536+0000][7][gc,age      ] GC(64) - age  13:     122960 bytes,    5980608 total
[2025-12-03T14:48:25.536+0000][7][gc,age      ] GC(64) - age  14:     150808 bytes,    6131416 total
[2025-12-03T14:48:25.537+0000][7][gc,age      ] GC(64) - age  15:      87312 bytes,    6218728 total
[2025-12-03T14:48:25.537+0000][7][gc,phases   ] GC(64)   Pre Evacuate Collection Set: 0.5ms
[2025-12-03T14:48:25.537+0000][7][gc,phases   ] GC(64)   Merge Heap Roots: 0.2ms
[2025-12-03T14:48:25.537+0000][7][gc,phases   ] GC(64)   Evacuate Collection Set: 7.6ms
[2025-12-03T14:48:25.537+0000][7][gc,phases   ] GC(64)   Post Evacuate Collection Set: 1.7ms
[2025-12-03T14:48:25.537+0000][7][gc,phases   ] GC(64)   Other: 1.4ms
[2025-12-03T14:48:25.537+0000][7][gc,heap     ] GC(64) Eden regions: 68->0(68)
[2025-12-03T14:48:25.537+0000][7][gc,heap     ] GC(64) Survivor regions: 2->2(9)
[2025-12-03T14:48:25.537+0000][7][gc,heap     ] GC(64) Old regions: 31->31
[2025-12-03T14:48:25.537+0000][7][gc,heap     ] GC(64) Archive regions: 2->2
[2025-12-03T14:48:25.537+0000][7][gc,heap     ] GC(64) Humongous regions: 2->2
[2025-12-03T14:48:25.537+0000][7][gc,metaspace] GC(64) Metaspace: 114309K(115968K)->114309K(115968K) NonClass: 99513K(100416K)->99513K(100416K) Class: 14795K(15552K)->14795K(15552K)
[2025-12-03T14:48:25.537+0000][7][gc          ] GC(64) Pause Young (Normal) (G1 Evacuation Pause) 411M->140M(512M) 11.665ms
[2025-12-03T14:48:25.537+0000][7][gc,cpu      ] GC(64) User=0.06s Sys=0.00s Real=0.01s
[2025-12-03T14:48:25.537+0000][7][safepoint   ] Safepoint "G1CollectForAllocation", Time since last: 3778423835 ns, Reaching safepoint: 320709 ns, At safepoint: 11938916 ns, Total: 12259625 ns
[2025-12-03T14:48:26.543+0000][7][safepoint   ] Safepoint "Cleanup", Time since last: 1004190125 ns, Reaching safepoint: 140375 ns, At safepoint: 4417 ns, Total: 144792 ns
[2025-12-03T14:48:33.549+0000][7][safepoint   ] Safepoint "Cleanup", Time since last: 7005583295 ns, Reaching safepoint: 133458 ns, At safepoint: 4792 ns, Total: 138250 ns
[2025-12-03T14:48:43.560+0000][7][safepoint   ] Safepoint "Cleanup", Time since last: 10010782338 ns, Reaching safepoint: 467500 ns, At safepoint: 43666 ns, Total: 511166 ns
[2025-12-03T14:48:46.565+0000][7][safepoint   ] Safepoint "Cleanup", Time since last: 3004581335 ns, Reaching safepoint: 82750 ns, At safepoint: 3542 ns, Total: 86292 ns
[2025-12-03T14:48:53.574+0000][7][safepoint   ] Safepoint "Cleanup", Time since last: 7008762503 ns, Reaching safepoint: 165500 ns, At safepoint: 6542 ns, Total: 172042 ns
[2025-12-03T14:48:56.579+0000][7][safepoint   ] Safepoint "Cleanup", Time since last: 3005085959 ns, Reaching safepoint: 77500 ns, At safepoint: 2875 ns, Total: 80375 ns
[2025-12-03T14:49:01.582+0000][7][safepoint   ] Safepoint "Cleanup", Time since last: 5002635085 ns, Reaching safepoint: 75292 ns, At safepoint: 6792 ns, Total: 82084 ns
[2025-12-03T14:49:02.583+0000][7][safepoint   ] Safepoint "Cleanup", Time since last: 1000999958 ns, Reaching safepoint: 90500 ns, At safepoint: 13917 ns, Total: 104417 ns
[2025-12-03T14:49:08.592+0000][7][safepoint   ] Safepoint "Cleanup", Time since last: 6008668836 ns, Reaching safepoint: 212125 ns, At safepoint: 15250 ns, Total: 227375 ns
[2025-12-03T14:49:12.601+0000][7][safepoint   ] Safepoint "Cleanup", Time since last: 4008350336 ns, Reaching safepoint: 120583 ns, At safepoint: 4250 ns, Total: 124833 ns
[2025-12-03T14:49:15.639+0000][7][gc,start    ] GC(65) Pause Young (Normal) (G1 Evacuation Pause)
[2025-12-03T14:49:15.639+0000][7][gc,task     ] GC(65) Using 8 workers of 8 for evacuation
[2025-12-03T14:49:15.640+0000][7][gc,age      ] GC(65) Desired survivor size 18874368 bytes, new threshold 15 (max threshold 15)
[2025-12-03T14:49:15.648+0000][7][gc,age      ] GC(65) Age table with threshold 15 (max threshold 15)
[2025-12-03T14:49:15.648+0000][7][gc,age      ] GC(65) - age   1:    2743648 bytes,    2743648 total
[2025-12-03T14:49:15.648+0000][7][gc,age      ] GC(65) - age   2:     863048 bytes,    3606696 total
[2025-12-03T14:49:15.648+0000][7][gc,age      ] GC(65) - age   3:     240064 bytes,    3846760 total
[2025-12-03T14:49:15.648+0000][7][gc,age      ] GC(65) - age   4:     101440 bytes,    3948200 total
[2025-12-03T14:49:15.648+0000][7][gc,age      ] GC(65) - age   5:     613768 bytes,    4561968 total
[2025-12-03T14:49:15.648+0000][7][gc,age      ] GC(65) - age   6:      19752 bytes,    4581720 total
[2025-12-03T14:49:15.648+0000][7][gc,age      ] GC(65) - age   7:      88024 bytes,    4669744 total
[2025-12-03T14:49:15.648+0000][7][gc,age      ] GC(65) - age   8:      21536 bytes,    4691280 total
[2025-12-03T14:49:15.648+0000][7][gc,age      ] GC(65) - age   9:      30248 bytes,    4721528 total
[2025-12-03T14:49:15.648+0000][7][gc,age      ] GC(65) - age  10:     224128 bytes,    4945656 total
[2025-12-03T14:49:15.648+0000][7][gc,age      ] GC(65) - age  11:      23952 bytes,    4969608 total
[2025-12-03T14:49:15.648+0000][7][gc,age      ] GC(65) - age  12:      78680 bytes,    5048288 total
[2025-12-03T14:49:15.648+0000][7][gc,age      ] GC(65) - age  13:      47248 bytes,    5095536 total
[2025-12-03T14:49:15.648+0000][7][gc,age      ] GC(65) - age  14:     122960 bytes,    5218496 total
[2025-12-03T14:49:15.648+0000][7][gc,age      ] GC(65) - age  15:     150808 bytes,    5369304 total
[2025-12-03T14:49:15.648+0000][7][gc,phases   ] GC(65)   Pre Evacuate Collection Set: 0.6ms
[2025-12-03T14:49:15.649+0000][7][gc,phases   ] GC(65)   Merge Heap Roots: 0.1ms
[2025-12-03T14:49:15.649+0000][7][gc,phases   ] GC(65)   Evacuate Collection Set: 6.0ms
[2025-12-03T14:49:15.649+0000][7][gc,phases   ] GC(65)   Post Evacuate Collection Set: 1.5ms
[2025-12-03T14:49:15.649+0000][7][gc,phases   ] GC(65)   Other: 1.3ms
[2025-12-03T14:49:15.649+0000][7][gc,heap     ] GC(65) Eden regions: 68->0(68)
[2025-12-03T14:49:15.649+0000][7][gc,heap     ] GC(65) Survivor regions: 2->2(9)
[2025-12-03T14:49:15.649+0000][7][gc,heap     ] GC(65) Old regions: 31->31
[2025-12-03T14:49:15.649+0000][7][gc,heap     ] GC(65) Archive regions: 2->2
[2025-12-03T14:49:15.649+0000][7][gc,heap     ] GC(65) Humongous regions: 2->2
[2025-12-03T14:49:15.649+0000][7][gc,metaspace] GC(65) Metaspace: 114334K(116032K)->114334K(116032K) NonClass: 99538K(100480K)->99538K(100480K) Class: 14795K(15552K)->14795K(15552K)
[2025-12-03T14:49:15.649+0000][7][gc          ] GC(65) Pause Young (Normal) (G1 Evacuation Pause) 412M->139M(512M) 9.911ms
[2025-12-03T14:49:15.649+0000][7][gc,cpu      ] GC(65) User=0.05s Sys=0.00s Real=0.01s
[2025-12-03T14:49:15.649+0000][7][safepoint   ] Safepoint "G1CollectForAllocation", Time since last: 3038332335 ns, Reaching safepoint: 65541 ns, At safepoint: 10104042 ns, Total: 10169583 ns
[2025-12-03T14:49:16.655+0000][7][safepoint   ] Safepoint "Cleanup", Time since last: 1005987876 ns, Reaching safepoint: 314583 ns, At safepoint: 8583 ns, Total: 323166 ns
[2025-12-03T14:49:21.663+0000][7][safepoint   ] Safepoint "Cleanup", Time since last: 5007335211 ns, Reaching safepoint: 73000 ns, At safepoint: 3000 ns, Total: 76000 ns
[2025-12-03T14:49:22.663+0000][7][safepoint   ] Safepoint "Cleanup", Time since last: 1000476459 ns, Reaching safepoint: 149416 ns, At safepoint: 6125 ns, Total: 155541 ns
[2025-12-03T14:49:26.673+0000][7][safepoint   ] Safepoint "Cleanup", Time since last: 4008155127 ns, Reaching safepoint: 308208 ns, At safepoint: 80292 ns, Total: 388500 ns
[2025-12-03T14:49:32.683+0000][7][safepoint   ] Safepoint "Cleanup", Time since last: 6010306545 ns, Reaching safepoint: 123416 ns, At safepoint: 3042 ns, Total: 126458 ns
[2025-12-03T14:49:46.703+0000][7][safepoint   ] Safepoint "Cleanup", Time since last: 14019036340 ns, Reaching safepoint: 570583 ns, At safepoint: 73334 ns, Total: 643917 ns
[2025-12-03T14:49:48.707+0000][7][safepoint   ] Safepoint "Cleanup", Time since last: 2003559375 ns, Reaching safepoint: 431500 ns, At safepoint: 6167 ns, Total: 437667 ns
[2025-12-03T14:49:52.717+0000][7][safepoint   ] Safepoint "Cleanup", Time since last: 4009921210 ns, Reaching safepoint: 113334 ns, At safepoint: 4125 ns, Total: 117459 ns
[2025-12-03T14:49:57.702+0000][7][gc,start    ] GC(66) Pause Young (Normal) (G1 Evacuation Pause)
[2025-12-03T14:49:57.702+0000][7][gc,task     ] GC(66) Using 8 workers of 8 for evacuation
[2025-12-03T14:49:57.703+0000][7][gc,age      ] GC(66) Desired survivor size 18874368 bytes, new threshold 15 (max threshold 15)
[2025-12-03T14:49:57.712+0000][7][gc,age      ] GC(66) Age table with threshold 15 (max threshold 15)
[2025-12-03T14:49:57.712+0000][7][gc,age      ] GC(66) - age   1:    2877744 bytes,    2877744 total
[2025-12-03T14:49:57.712+0000][7][gc,age      ] GC(66) - age   2:     353888 bytes,    3231632 total
[2025-12-03T14:49:57.712+0000][7][gc,age      ] GC(66) - age   3:     858960 bytes,    4090592 total
[2025-12-03T14:49:57.713+0000][7][gc,age      ] GC(66) - age   4:     108552 bytes,    4199144 total
[2025-12-03T14:49:57.713+0000][7][gc,age      ] GC(66) - age   5:     100920 bytes,    4300064 total
[2025-12-03T14:49:57.713+0000][7][gc,age      ] GC(66) - age   6:      49816 bytes,    4349880 total
[2025-12-03T14:49:57.713+0000][7][gc,age      ] GC(66) - age   7:      19560 bytes,    4369440 total
[2025-12-03T14:49:57.713+0000][7][gc,age      ] GC(66) - age   8:      87960 bytes,    4457400 total
[2025-12-03T14:49:57.713+0000][7][gc,age      ] GC(66) - age   9:      21472 bytes,    4478872 total
[2025-12-03T14:49:57.713+0000][7][gc,age      ] GC(66) - age  10:      30152 bytes,    4509024 total
[2025-12-03T14:49:57.713+0000][7][gc,age      ] GC(66) - age  11:     224000 bytes,    4733024 total
[2025-12-03T14:49:57.713+0000][7][gc,age      ] GC(66) - age  12:      23856 bytes,    4756880 total
[2025-12-03T14:49:57.713+0000][7][gc,age      ] GC(66) - age  13:      78424 bytes,    4835304 total
[2025-12-03T14:49:57.713+0000][7][gc,age      ] GC(66) - age  14:      47056 bytes,    4882360 total
[2025-12-03T14:49:57.713+0000][7][gc,age      ] GC(66) - age  15:     122864 bytes,    5005224 total
[2025-12-03T14:49:57.713+0000][7][gc,phases   ] GC(66)   Pre Evacuate Collection Set: 0.6ms
[2025-12-03T14:49:57.713+0000][7][gc,phases   ] GC(66)   Merge Heap Roots: 0.2ms
[2025-12-03T14:49:57.713+0000][7][gc,phases   ] GC(66)   Evacuate Collection Set: 7.3ms
[2025-12-03T14:49:57.713+0000][7][gc,phases   ] GC(66)   Post Evacuate Collection Set: 1.5ms
[2025-12-03T14:49:57.713+0000][7][gc,phases   ] GC(66)   Other: 1.4ms
[2025-12-03T14:49:57.713+0000][7][gc,heap     ] GC(66) Eden regions: 68->0(68)
[2025-12-03T14:49:57.713+0000][7][gc,heap     ] GC(66) Survivor regions: 2->2(9)
[2025-12-03T14:49:57.713+0000][7][gc,heap     ] GC(66) Old regions: 31->31
[2025-12-03T14:49:57.713+0000][7][gc,heap     ] GC(66) Archive regions: 2->2
[2025-12-03T14:49:57.713+0000][7][gc,heap     ] GC(66) Humongous regions: 2->2
[2025-12-03T14:49:57.713+0000][7][gc,metaspace] GC(66) Metaspace: 114352K(116032K)->114352K(116032K) NonClass: 99556K(100480K)->99556K(100480K) Class: 14795K(15552K)->14795K(15552K)
[2025-12-03T14:49:57.714+0000][7][gc          ] GC(66) Pause Young (Normal) (G1 Evacuation Pause) 411M->139M(512M) 11.412ms
[2025-12-03T14:49:57.714+0000][7][gc,cpu      ] GC(66) User=0.06s Sys=0.00s Real=0.01s
[2025-12-03T14:49:57.714+0000][7][safepoint   ] Safepoint "G1CollectForAllocation", Time since last: 4983764501 ns, Reaching safepoint: 148459 ns, At safepoint: 11652708 ns, Total: 11801167 ns
[2025-12-03T14:50:00.717+0000][7][safepoint   ] Safepoint "Cleanup", Time since last: 3003098377 ns, Reaching safepoint: 128083 ns, At safepoint: 9208 ns, Total: 137291 ns
[2025-12-03T14:50:03.658+0000][7][safepoint   ] Safepoint "Cleanup", Time since last: 2941224835 ns, Reaching safepoint: 139458 ns, At safepoint: 6584 ns, Total: 146042 ns
[2025-12-03T14:50:07.665+0000][7][safepoint   ] Safepoint "Cleanup", Time since last: 4006805585 ns, Reaching safepoint: 265333 ns, At safepoint: 10417 ns, Total: 275750 ns
[2025-12-03T14:50:09.670+0000][7][safepoint   ] Safepoint "Cleanup", Time since last: 2004175876 ns, Reaching safepoint: 721000 ns, At safepoint: 21333 ns, Total: 742333 ns
[2025-12-03T14:50:12.677+0000][7][safepoint   ] Safepoint "Cleanup", Time since last: 3006685293 ns, Reaching safepoint: 74000 ns, At safepoint: 9917 ns, Total: 83917 ns
[2025-12-03T14:50:13.678+0000][7][safepoint   ] Safepoint "Cleanup", Time since last: 1000820959 ns, Reaching safepoint: 130375 ns, At safepoint: 8125 ns, Total: 138500 ns
[2025-12-03T14:50:36.703+0000][7][safepoint   ] Safepoint "Cleanup", Time since last: 23024039427 ns, Reaching safepoint: 327125 ns, At safepoint: 12667 ns, Total: 339792 ns
[2025-12-03T14:50:36.707+0000][7][gc,start    ] GC(67) Pause Young (Normal) (G1 Evacuation Pause)
[2025-12-03T14:50:36.707+0000][7][gc,task     ] GC(67) Using 8 workers of 8 for evacuation
[2025-12-03T14:50:36.707+0000][7][gc,age      ] GC(67) Desired survivor size 18874368 bytes, new threshold 15 (max threshold 15)
[2025-12-03T14:50:36.728+0000][7][gc,age      ] GC(67) Age table with threshold 15 (max threshold 15)
[2025-12-03T14:50:36.729+0000][7][gc,age      ] GC(67) - age   1:    1849592 bytes,    1849592 total
[2025-12-03T14:50:36.729+0000][7][gc,age      ] GC(67) - age   2:     966616 bytes,    2816208 total
[2025-12-03T14:50:36.729+0000][7][gc,age      ] GC(67) - age   3:     218808 bytes,    3035016 total
[2025-12-03T14:50:36.729+0000][7][gc,age      ] GC(67) - age   4:     359008 bytes,    3394024 total
[2025-12-03T14:50:36.729+0000][7][gc,age      ] GC(67) - age   5:     108552 bytes,    3502576 total
[2025-12-03T14:50:36.729+0000][7][gc,age      ] GC(67) - age   6:      31416 bytes,    3533992 total
[2025-12-03T14:50:36.729+0000][7][gc,age      ] GC(67) - age   7:      49752 bytes,    3583744 total
[2025-12-03T14:50:36.729+0000][7][gc,age      ] GC(67) - age   8:      19496 bytes,    3603240 total
[2025-12-03T14:50:36.729+0000][7][gc,age      ] GC(67) - age   9:      87960 bytes,    3691200 total
[2025-12-03T14:50:36.729+0000][7][gc,age      ] GC(67) - age  10:      21472 bytes,    3712672 total
[2025-12-03T14:50:36.729+0000][7][gc,age      ] GC(67) - age  11:      30088 bytes,    3742760 total
[2025-12-03T14:50:36.729+0000][7][gc,age      ] GC(67) - age  12:     224000 bytes,    3966760 total
[2025-12-03T14:50:36.729+0000][7][gc,age      ] GC(67) - age  13:      21872 bytes,    3988632 total
[2025-12-03T14:50:36.729+0000][7][gc,age      ] GC(67) - age  14:      78424 bytes,    4067056 total
[2025-12-03T14:50:36.729+0000][7][gc,age      ] GC(67) - age  15:      47056 bytes,    4114112 total
[2025-12-03T14:50:36.729+0000][7][gc,phases   ] GC(67)   Pre Evacuate Collection Set: 0.5ms
[2025-12-03T14:50:36.729+0000][7][gc,phases   ] GC(67)   Merge Heap Roots: 0.1ms
[2025-12-03T14:50:36.729+0000][7][gc,phases   ] GC(67)   Evacuate Collection Set: 15.0ms
[2025-12-03T14:50:36.730+0000][7][gc,phases   ] GC(67)   Post Evacuate Collection Set: 5.8ms
[2025-12-03T14:50:36.730+0000][7][gc,phases   ] GC(67)   Other: 1.4ms
[2025-12-03T14:50:36.730+0000][7][gc,heap     ] GC(67) Eden regions: 68->0(68)
[2025-12-03T14:50:36.730+0000][7][gc,heap     ] GC(67) Survivor regions: 2->2(9)
[2025-12-03T14:50:36.730+0000][7][gc,heap     ] GC(67) Old regions: 31->31
[2025-12-03T14:50:36.730+0000][7][gc,heap     ] GC(67) Archive regions: 2->2
[2025-12-03T14:50:36.730+0000][7][gc,heap     ] GC(67) Humongous regions: 2->2
[2025-12-03T14:50:36.730+0000][7][gc,metaspace] GC(67) Metaspace: 114375K(116096K)->114375K(116096K) NonClass: 99579K(100544K)->99579K(100544K) Class: 14795K(15552K)->14795K(15552K)
[2025-12-03T14:50:36.730+0000][7][gc          ] GC(67) Pause Young (Normal) (G1 Evacuation Pause) 411M->138M(512M) 23.193ms
[2025-12-03T14:50:36.730+0000][7][gc,cpu      ] GC(67) User=0.12s Sys=0.00s Real=0.02s
[2025-12-03T14:50:36.730+0000][7][safepoint   ] Safepoint "G1CollectForAllocation", Time since last: 3052666 ns, Reaching safepoint: 69250 ns, At safepoint: 23378334 ns, Total: 23447584 ns
[2025-12-03T14:50:40.735+0000][7][safepoint   ] Safepoint "Cleanup", Time since last: 4004467543 ns, Reaching safepoint: 708917 ns, At safepoint: 32917 ns, Total: 741834 ns
[2025-12-03T14:50:46.741+0000][7][safepoint   ] Safepoint "Cleanup", Time since last: 6005860003 ns, Reaching safepoint: 198291 ns, At safepoint: 3292 ns, Total: 201583 ns
[2025-12-03T14:50:49.744+0000][7][safepoint   ] Safepoint "Cleanup", Time since last: 3002811960 ns, Reaching safepoint: 256791 ns, At safepoint: 24167 ns, Total: 280958 ns
[2025-12-03T14:50:51.746+0000][7][safepoint   ] Safepoint "Cleanup", Time since last: 2001717168 ns, Reaching safepoint: 323708 ns, At safepoint: 10333 ns, Total: 334041 ns
[2025-12-03T14:50:56.757+0000][7][safepoint   ] Safepoint "Cleanup", Time since last: 5009853502 ns, Reaching safepoint: 455542 ns, At safepoint: 15667 ns, Total: 471209 ns
[2025-12-03T14:50:58.760+0000][7][safepoint   ] Safepoint "Cleanup", Time since last: 2002557126 ns, Reaching safepoint: 216208 ns, At safepoint: 9000 ns, Total: 225208 ns
[2025-12-03T14:51:02.766+0000][7][safepoint   ] Safepoint "Cleanup", Time since last: 4006012752 ns, Reaching safepoint: 92417 ns, At safepoint: 4458 ns, Total: 96875 ns
[2025-12-03T14:51:03.767+0000][7][safepoint   ] Safepoint "Cleanup", Time since last: 1000468209 ns, Reaching safepoint: 102708 ns, At safepoint: 3542 ns, Total: 106250 ns
[2025-12-03T14:51:05.770+0000][7][safepoint   ] Safepoint "Cleanup", Time since last: 2003531042 ns, Reaching safepoint: 154542 ns, At safepoint: 8417 ns, Total: 162959 ns
[2025-12-03T14:51:10.780+0000][7][safepoint   ] Safepoint "Cleanup", Time since last: 5009049294 ns, Reaching safepoint: 155250 ns, At safepoint: 25875 ns, Total: 181125 ns
[2025-12-03T14:51:22.795+0000][7][safepoint   ] Safepoint "Cleanup", Time since last: 12015390130 ns, Reaching safepoint: 525459 ns, At safepoint: 8791 ns, Total: 534250 ns
[2025-12-03T14:51:24.727+0000][7][gc,start    ] GC(68) Pause Young (Normal) (G1 Evacuation Pause)
[2025-12-03T14:51:24.727+0000][7][gc,task     ] GC(68) Using 8 workers of 8 for evacuation
[2025-12-03T14:51:24.727+0000][7][gc,age      ] GC(68) Desired survivor size 18874368 bytes, new threshold 15 (max threshold 15)
[2025-12-03T14:51:24.746+0000][7][gc,age      ] GC(68) Age table with threshold 15 (max threshold 15)
[2025-12-03T14:51:24.746+0000][7][gc,age      ] GC(68) - age   1:    2745880 bytes,    2745880 total
[2025-12-03T14:51:24.746+0000][7][gc,age      ] GC(68) - age   2:     749504 bytes,    3495384 total
[2025-12-03T14:51:24.746+0000][7][gc,age      ] GC(68) - age   3:     701392 bytes,    4196776 total
[2025-12-03T14:51:24.746+0000][7][gc,age      ] GC(68) - age   4:     217744 bytes,    4414520 total
[2025-12-03T14:51:24.746+0000][7][gc,age      ] GC(68) - age   5:     227264 bytes,    4641784 total
[2025-12-03T14:51:24.746+0000][7][gc,age      ] GC(68) - age   6:      81640 bytes,    4723424 total
[2025-12-03T14:51:24.746+0000][7][gc,age      ] GC(68) - age   7:      25544 bytes,    4748968 total
[2025-12-03T14:51:24.746+0000][7][gc,age      ] GC(68) - age   8:      49624 bytes,    4798592 total
[2025-12-03T14:51:24.746+0000][7][gc,age      ] GC(68) - age   9:      19432 bytes,    4818024 total
[2025-12-03T14:51:24.746+0000][7][gc,age      ] GC(68) - age  10:      87896 bytes,    4905920 total
[2025-12-03T14:51:24.746+0000][7][gc,age      ] GC(68) - age  11:      21472 bytes,    4927392 total
[2025-12-03T14:51:24.746+0000][7][gc,age      ] GC(68) - age  12:      30088 bytes,    4957480 total
[2025-12-03T14:51:24.746+0000][7][gc,age      ] GC(68) - age  13:     224000 bytes,    5181480 total
[2025-12-03T14:51:24.746+0000][7][gc,age      ] GC(68) - age  14:      21872 bytes,    5203352 total
[2025-12-03T14:51:24.746+0000][7][gc,age      ] GC(68) - age  15:      78424 bytes,    5281776 total
[2025-12-03T14:51:24.747+0000][7][gc,phases   ] GC(68)   Pre Evacuate Collection Set: 0.6ms
[2025-12-03T14:51:24.747+0000][7][gc,phases   ] GC(68)   Merge Heap Roots: 0.2ms
[2025-12-03T14:51:24.747+0000][7][gc,phases   ] GC(68)   Evacuate Collection Set: 16.0ms
[2025-12-03T14:51:24.747+0000][7][gc,phases   ] GC(68)   Post Evacuate Collection Set: 1.8ms
[2025-12-03T14:51:24.747+0000][7][gc,phases   ] GC(68)   Other: 1.6ms
[2025-12-03T14:51:24.747+0000][7][gc,heap     ] GC(68) Eden regions: 68->0(68)
[2025-12-03T14:51:24.747+0000][7][gc,heap     ] GC(68) Survivor regions: 2->2(9)
[2025-12-03T14:51:24.747+0000][7][gc,heap     ] GC(68) Old regions: 31->31
[2025-12-03T14:51:24.747+0000][7][gc,heap     ] GC(68) Archive regions: 2->2
[2025-12-03T14:51:24.747+0000][7][gc,heap     ] GC(68) Humongous regions: 2->2
[2025-12-03T14:51:24.747+0000][7][gc,metaspace] GC(68) Metaspace: 114402K(116096K)->114402K(116096K) NonClass: 99606K(100544K)->99606K(100544K) Class: 14795K(15552K)->14795K(15552K)
[2025-12-03T14:51:24.747+0000][7][gc          ] GC(68) Pause Young (Normal) (G1 Evacuation Pause) 410M->139M(512M) 20.630ms
[2025-12-03T14:51:24.747+0000][7][gc,cpu      ] GC(68) User=0.13s Sys=0.00s Real=0.02s
[2025-12-03T14:51:24.747+0000][7][safepoint   ] Safepoint "G1CollectForAllocation", Time since last: 1930765668 ns, Reaching safepoint: 113833 ns, At safepoint: 20932042 ns, Total: 21045875 ns
[2025-12-03T14:51:28.754+0000][7][safepoint   ] Safepoint "Cleanup", Time since last: 4005564334 ns, Reaching safepoint: 107084 ns, At safepoint: 3291 ns, Total: 110375 ns
[2025-12-03T14:51:39.767+0000][7][safepoint   ] Safepoint "Cleanup", Time since last: 11012992589 ns, Reaching safepoint: 349375 ns, At safepoint: 3667 ns, Total: 353042 ns
[2025-12-03T14:52:01.802+0000][7][safepoint   ] Safepoint "Cleanup", Time since last: 22033960385 ns, Reaching safepoint: 414875 ns, At safepoint: 5541 ns, Total: 420416 ns
[2025-12-03T14:52:02.803+0000][7][safepoint   ] Safepoint "Cleanup", Time since last: 1000861293 ns, Reaching safepoint: 109875 ns, At safepoint: 5000 ns, Total: 114875 ns
[2025-12-03T14:52:05.810+0000][7][safepoint   ] Safepoint "Cleanup", Time since last: 3005859376 ns, Reaching safepoint: 225042 ns, At safepoint: 12875 ns, Total: 237917 ns
[2025-12-03T14:52:12.608+0000][7][gc,start    ] GC(69) Pause Young (Normal) (G1 Evacuation Pause)
[2025-12-03T14:52:12.608+0000][7][gc,task     ] GC(69) Using 8 workers of 8 for evacuation
[2025-12-03T14:52:12.609+0000][7][gc,age      ] GC(69) Desired survivor size 18874368 bytes, new threshold 15 (max threshold 15)
[2025-12-03T14:52:12.615+0000][7][gc,age      ] GC(69) Age table with threshold 15 (max threshold 15)
[2025-12-03T14:52:12.615+0000][7][gc,age      ] GC(69) - age   1:    2080400 bytes,    2080400 total
[2025-12-03T14:52:12.615+0000][7][gc,age      ] GC(69) - age   2:     586440 bytes,    2666840 total
[2025-12-03T14:52:12.615+0000][7][gc,age      ] GC(69) - age   3:     615560 bytes,    3282400 total
[2025-12-03T14:52:12.615+0000][7][gc,age      ] GC(69) - age   4:     700168 bytes,    3982568 total
[2025-12-03T14:52:12.615+0000][7][gc,age      ] GC(69) - age   5:      86384 bytes,    4068952 total
[2025-12-03T14:52:12.615+0000][7][gc,age      ] GC(69) - age   6:     162584 bytes,    4231536 total
[2025-12-03T14:52:12.615+0000][7][gc,age      ] GC(69) - age   7:      81640 bytes,    4313176 total
[2025-12-03T14:52:12.615+0000][7][gc,age      ] GC(69) - age   8:      25160 bytes,    4338336 total
[2025-12-03T14:52:12.615+0000][7][gc,age      ] GC(69) - age   9:      49392 bytes,    4387728 total
[2025-12-03T14:52:12.615+0000][7][gc,age      ] GC(69) - age  10:      19432 bytes,    4407160 total
[2025-12-03T14:52:12.615+0000][7][gc,age      ] GC(69) - age  11:      87896 bytes,    4495056 total
[2025-12-03T14:52:12.615+0000][7][gc,age      ] GC(69) - age  12:      21472 bytes,    4516528 total
[2025-12-03T14:52:12.615+0000][7][gc,age      ] GC(69) - age  13:      30088 bytes,    4546616 total
[2025-12-03T14:52:12.615+0000][7][gc,age      ] GC(69) - age  14:     224000 bytes,    4770616 total
[2025-12-03T14:52:12.615+0000][7][gc,age      ] GC(69) - age  15:      21872 bytes,    4792488 total
[2025-12-03T14:52:12.615+0000][7][gc,phases   ] GC(69)   Pre Evacuate Collection Set: 0.3ms
[2025-12-03T14:52:12.615+0000][7][gc,phases   ] GC(69)   Merge Heap Roots: 0.1ms
[2025-12-03T14:52:12.615+0000][7][gc,phases   ] GC(69)   Evacuate Collection Set: 4.3ms
[2025-12-03T14:52:12.615+0000][7][gc,phases   ] GC(69)   Post Evacuate Collection Set: 1.2ms
[2025-12-03T14:52:12.615+0000][7][gc,phases   ] GC(69)   Other: 1.2ms
[2025-12-03T14:52:12.615+0000][7][gc,heap     ] GC(69) Eden regions: 68->0(68)
[2025-12-03T14:52:12.616+0000][7][gc,heap     ] GC(69) Survivor regions: 2->2(9)
[2025-12-03T14:52:12.616+0000][7][gc,heap     ] GC(69) Old regions: 31->31
[2025-12-03T14:52:12.616+0000][7][gc,heap     ] GC(69) Archive regions: 2->2
[2025-12-03T14:52:12.616+0000][7][gc,heap     ] GC(69) Humongous regions: 2->2
[2025-12-03T14:52:12.616+0000][7][gc,metaspace] GC(69) Metaspace: 114470K(116160K)->114470K(116160K) NonClass: 99674K(100608K)->99674K(100608K) Class: 14795K(15552K)->14795K(15552K)
[2025-12-03T14:52:12.616+0000][7][gc          ] GC(69) Pause Young (Normal) (G1 Evacuation Pause) 411M->139M(512M) 7.727ms
[2025-12-03T14:52:12.616+0000][7][gc,cpu      ] GC(69) User=0.04s Sys=0.00s Real=0.01s
[2025-12-03T14:52:12.616+0000][7][safepoint   ] Safepoint "G1CollectForAllocation", Time since last: 6798498628 ns, Reaching safepoint: 69458 ns, At safepoint: 7908167 ns, Total: 7977625 ns
[2025-12-03T14:52:22.627+0000][7][safepoint   ] Safepoint "Cleanup", Time since last: 10010504671 ns, Reaching safepoint: 358125 ns, At safepoint: 20875 ns, Total: 379000 ns
[2025-12-03T14:52:32.640+0000][7][safepoint   ] Safepoint "Cleanup", Time since last: 10013517796 ns, Reaching safepoint: 141834 ns, At safepoint: 3208 ns, Total: 145042 ns
[2025-12-03T14:52:36.649+0000][7][safepoint   ] Safepoint "Cleanup", Time since last: 4008232544 ns, Reaching safepoint: 223125 ns, At safepoint: 17166 ns, Total: 240291 ns
[2025-12-03T14:52:42.658+0000][7][safepoint   ] Safepoint "Cleanup", Time since last: 6007256545 ns, Reaching safepoint: 1414667 ns, At safepoint: 7166 ns, Total: 1421833 ns
[2025-12-03T14:52:52.678+0000][7][safepoint   ] Safepoint "Cleanup", Time since last: 10019888505 ns, Reaching safepoint: 127167 ns, At safepoint: 2541 ns, Total: 129708 ns
[2025-12-03T14:52:57.799+0000][7][gc,start    ] GC(70) Pause Young (Normal) (G1 Evacuation Pause)
[2025-12-03T14:52:57.799+0000][7][gc,task     ] GC(70) Using 8 workers of 8 for evacuation
[2025-12-03T14:52:57.800+0000][7][gc,age      ] GC(70) Desired survivor size 18874368 bytes, new threshold 15 (max threshold 15)
[2025-12-03T14:52:57.809+0000][7][gc,age      ] GC(70) Age table with threshold 15 (max threshold 15)
[2025-12-03T14:52:57.809+0000][7][gc,age      ] GC(70) - age   1:    2048624 bytes,    2048624 total
[2025-12-03T14:52:57.810+0000][7][gc,age      ] GC(70) - age   2:     299408 bytes,    2348032 total
[2025-12-03T14:52:57.810+0000][7][gc,age      ] GC(70) - age   3:     319768 bytes,    2667800 total
[2025-12-03T14:52:57.810+0000][7][gc,age      ] GC(70) - age   4:     117032 bytes,    2784832 total
[2025-12-03T14:52:57.810+0000][7][gc,age      ] GC(70) - age   5:     699880 bytes,    3484712 total
[2025-12-03T14:52:57.810+0000][7][gc,age      ] GC(70) - age   6:      75376 bytes,    3560088 total
[2025-12-03T14:52:57.810+0000][7][gc,age      ] GC(70) - age   7:      18704 bytes,    3578792 total
[2025-12-03T14:52:57.810+0000][7][gc,age      ] GC(70) - age   8:      81640 bytes,    3660432 total
[2025-12-03T14:52:57.810+0000][7][gc,age      ] GC(70) - age   9:      25128 bytes,    3685560 total
[2025-12-03T14:52:57.810+0000][7][gc,age      ] GC(70) - age  10:      49392 bytes,    3734952 total
[2025-12-03T14:52:57.811+0000][7][gc,age      ] GC(70) - age  11:      19432 bytes,    3754384 total
[2025-12-03T14:52:57.811+0000][7][gc,age      ] GC(70) - age  12:      87848 bytes,    3842232 total
[2025-12-03T14:52:57.811+0000][7][gc,age      ] GC(70) - age  13:      21472 bytes,    3863704 total
[2025-12-03T14:52:57.811+0000][7][gc,age      ] GC(70) - age  14:      30088 bytes,    3893792 total
[2025-12-03T14:52:57.811+0000][7][gc,age      ] GC(70) - age  15:     224000 bytes,    4117792 total
[2025-12-03T14:52:57.811+0000][7][gc,phases   ] GC(70)   Pre Evacuate Collection Set: 0.4ms
[2025-12-03T14:52:57.811+0000][7][gc,phases   ] GC(70)   Merge Heap Roots: 0.2ms
[2025-12-03T14:52:57.811+0000][7][gc,phases   ] GC(70)   Evacuate Collection Set: 7.1ms
[2025-12-03T14:52:57.811+0000][7][gc,phases   ] GC(70)   Post Evacuate Collection Set: 1.8ms
[2025-12-03T14:52:57.811+0000][7][gc,phases   ] GC(70)   Other: 2.3ms
[2025-12-03T14:52:57.811+0000][7][gc,heap     ] GC(70) Eden regions: 68->0(68)
[2025-12-03T14:52:57.811+0000][7][gc,heap     ] GC(70) Survivor regions: 2->2(9)
[2025-12-03T14:52:57.811+0000][7][gc,heap     ] GC(70) Old regions: 31->31
[2025-12-03T14:52:57.811+0000][7][gc,heap     ] GC(70) Archive regions: 2->2
[2025-12-03T14:52:57.811+0000][7][gc,heap     ] GC(70) Humongous regions: 2->2
[2025-12-03T14:52:57.812+0000][7][gc,metaspace] GC(70) Metaspace: 114657K(116352K)->114657K(116352K) NonClass: 99861K(100800K)->99861K(100800K) Class: 14795K(15552K)->14795K(15552K)
[2025-12-03T14:52:57.812+0000][7][gc          ] GC(70) Pause Young (Normal) (G1 Evacuation Pause) 411M->138M(512M) 12.380ms
[2025-12-03T14:52:57.812+0000][7][gc,cpu      ] GC(70) User=0.06s Sys=0.00s Real=0.02s
[2025-12-03T14:52:57.812+0000][7][safepoint   ] Safepoint "G1CollectForAllocation", Time since last: 5119476211 ns, Reaching safepoint: 190041 ns, At safepoint: 12632959 ns, Total: 12823000 ns
[2025-12-03T14:53:00.820+0000][7][safepoint   ] Safepoint "Cleanup", Time since last: 3007693585 ns, Reaching safepoint: 62875 ns, At safepoint: 2583 ns, Total: 65458 ns
[2025-12-03T14:53:10.833+0000][7][safepoint   ] Safepoint "Cleanup", Time since last: 10013112838 ns, Reaching safepoint: 480750 ns, At safepoint: 20250 ns, Total: 501000 ns
[2025-12-03T14:53:12.836+0000][7][safepoint   ] Safepoint "Cleanup", Time since last: 2003144043 ns, Reaching safepoint: 64958 ns, At safepoint: 2750 ns, Total: 67708 ns
[2025-12-03T14:53:15.839+0000][7][safepoint   ] Safepoint "Cleanup", Time since last: 3002849251 ns, Reaching safepoint: 163042 ns, At safepoint: 7042 ns, Total: 170084 ns
[2025-12-03T14:53:21.852+0000][7][safepoint   ] Safepoint "Cleanup", Time since last: 6012944169 ns, Reaching safepoint: 82500 ns, At safepoint: 9500 ns, Total: 92000 ns
[2025-12-03T14:53:22.854+0000][7][safepoint   ] Safepoint "Cleanup", Time since last: 1001932209 ns, Reaching safepoint: 139417 ns, At safepoint: 7166 ns, Total: 146583 ns
[2025-12-03T14:53:32.870+0000][7][safepoint   ] Safepoint "Cleanup", Time since last: 10014784671 ns, Reaching safepoint: 273500 ns, At safepoint: 6917 ns, Total: 280417 ns
[2025-12-03T14:53:39.922+0000][7][gc,start    ] GC(71) Pause Young (Normal) (G1 Evacuation Pause)
[2025-12-03T14:53:39.923+0000][7][gc,task     ] GC(71) Using 8 workers of 8 for evacuation
[2025-12-03T14:53:39.923+0000][7][gc,age      ] GC(71) Desired survivor size 18874368 bytes, new threshold 15 (max threshold 15)
[2025-12-03T14:53:39.931+0000][7][gc,age      ] GC(71) Age table with threshold 15 (max threshold 15)
[2025-12-03T14:53:39.931+0000][7][gc,age      ] GC(71) - age   1:    2810808 bytes,    2810808 total
[2025-12-03T14:53:39.931+0000][7][gc,age      ] GC(71) - age   2:     827624 bytes,    3638432 total
[2025-12-03T14:53:39.931+0000][7][gc,age      ] GC(71) - age   3:     296000 bytes,    3934432 total
[2025-12-03T14:53:39.931+0000][7][gc,age      ] GC(71) - age   4:     317976 bytes,    4252408 total
[2025-12-03T14:53:39.931+0000][7][gc,age      ] GC(71) - age   5:     116456 bytes,    4368864 total
[2025-12-03T14:53:39.931+0000][7][gc,age      ] GC(71) - age   6:     699360 bytes,    5068224 total
[2025-12-03T14:53:39.931+0000][7][gc,age      ] GC(71) - age   7:      75080 bytes,    5143304 total
[2025-12-03T14:53:39.931+0000][7][gc,age      ] GC(71) - age   8:      18408 bytes,    5161712 total
[2025-12-03T14:53:39.931+0000][7][gc,age      ] GC(71) - age   9:      81576 bytes,    5243288 total
[2025-12-03T14:53:39.932+0000][7][gc,age      ] GC(71) - age  10:      25128 bytes,    5268416 total
[2025-12-03T14:53:39.932+0000][7][gc,age      ] GC(71) - age  11:      49328 bytes,    5317744 total
[2025-12-03T14:53:39.932+0000][7][gc,age      ] GC(71) - age  12:      19432 bytes,    5337176 total
[2025-12-03T14:53:39.932+0000][7][gc,age      ] GC(71) - age  13:      87848 bytes,    5425024 total
[2025-12-03T14:53:39.932+0000][7][gc,age      ] GC(71) - age  14:      21472 bytes,    5446496 total
[2025-12-03T14:53:39.932+0000][7][gc,age      ] GC(71) - age  15:      30088 bytes,    5476584 total
[2025-12-03T14:53:39.932+0000][7][gc,phases   ] GC(71)   Pre Evacuate Collection Set: 0.5ms
[2025-12-03T14:53:39.932+0000][7][gc,phases   ] GC(71)   Merge Heap Roots: 0.1ms
[2025-12-03T14:53:39.932+0000][7][gc,phases   ] GC(71)   Evacuate Collection Set: 5.8ms
[2025-12-03T14:53:39.932+0000][7][gc,phases   ] GC(71)   Post Evacuate Collection Set: 1.6ms
[2025-12-03T14:53:39.932+0000][7][gc,phases   ] GC(71)   Other: 1.7ms
[2025-12-03T14:53:39.932+0000][7][gc,heap     ] GC(71) Eden regions: 68->0(68)
[2025-12-03T14:53:39.932+0000][7][gc,heap     ] GC(71) Survivor regions: 2->2(9)
[2025-12-03T14:53:39.932+0000][7][gc,heap     ] GC(71) Old regions: 31->31
[2025-12-03T14:53:39.932+0000][7][gc,heap     ] GC(71) Archive regions: 2->2
[2025-12-03T14:53:39.932+0000][7][gc,heap     ] GC(71) Humongous regions: 2->2
[2025-12-03T14:53:39.932+0000][7][gc,metaspace] GC(71) Metaspace: 114667K(116352K)->114667K(116352K) NonClass: 99871K(100800K)->99871K(100800K) Class: 14796K(15552K)->14796K(15552K)
[2025-12-03T14:53:39.932+0000][7][gc          ] GC(71) Pause Young (Normal) (G1 Evacuation Pause) 410M->140M(512M) 10.174ms
[2025-12-03T14:53:39.932+0000][7][gc,cpu      ] GC(71) User=0.05s Sys=0.00s Real=0.01s
[2025-12-03T14:53:39.933+0000][7][safepoint   ] Safepoint "G1CollectForAllocation", Time since last: 7051602253 ns, Reaching safepoint: 90708 ns, At safepoint: 10429584 ns, Total: 10520292 ns
[2025-12-03T14:53:48.944+0000][7][safepoint   ] Safepoint "Cleanup", Time since last: 9008553296 ns, Reaching safepoint: 2561875 ns, At safepoint: 15333 ns, Total: 2577208 ns
[2025-12-03T14:53:52.949+0000][7][safepoint   ] Safepoint "Cleanup", Time since last: 4005539793 ns, Reaching safepoint: 159959 ns, At safepoint: 11583 ns, Total: 171542 ns
[2025-12-03T14:53:56.955+0000][7][safepoint   ] Safepoint "Cleanup", Time since last: 4003817376 ns, Reaching safepoint: 304292 ns, At safepoint: 25583 ns, Total: 329875 ns
[2025-12-03T14:54:02.961+0000][7][safepoint   ] Safepoint "Cleanup", Time since last: 6006677503 ns, Reaching safepoint: 134292 ns, At safepoint: 14250 ns, Total: 148542 ns
[2025-12-03T14:54:15.975+0000][7][safepoint   ] Safepoint "Cleanup", Time since last: 13012611589 ns, Reaching safepoint: 575208 ns, At safepoint: 12542 ns, Total: 587750 ns
[2025-12-03T14:54:16.976+0000][7][safepoint   ] Safepoint "Cleanup", Time since last: 1001378959 ns, Reaching safepoint: 282000 ns, At safepoint: 14792 ns, Total: 296792 ns
[2025-12-03T14:54:19.984+0000][7][safepoint   ] Safepoint "Cleanup", Time since last: 3007034501 ns, Reaching safepoint: 433667 ns, At safepoint: 23291 ns, Total: 456958 ns
[2025-12-03T14:54:22.398+0000][7][gc,start    ] GC(72) Pause Young (Normal) (G1 Evacuation Pause)
[2025-12-03T14:54:22.399+0000][7][gc,task     ] GC(72) Using 8 workers of 8 for evacuation
[2025-12-03T14:54:22.399+0000][7][gc,age      ] GC(72) Desired survivor size 18874368 bytes, new threshold 15 (max threshold 15)
[2025-12-03T14:54:22.414+0000][7][gc,age      ] GC(72) Age table with threshold 15 (max threshold 15)
[2025-12-03T14:54:22.414+0000][7][gc,age      ] GC(72) - age   1:    2296112 bytes,    2296112 total
[2025-12-03T14:54:22.414+0000][7][gc,age      ] GC(72) - age   2:     347928 bytes,    2644040 total
[2025-12-03T14:54:22.414+0000][7][gc,age      ] GC(72) - age   3:     693744 bytes,    3337784 total
[2025-12-03T14:54:22.414+0000][7][gc,age      ] GC(72) - age   4:     295032 bytes,    3632816 total
[2025-12-03T14:54:22.414+0000][7][gc,age      ] GC(72) - age   5:     186792 bytes,    3819608 total
[2025-12-03T14:54:22.414+0000][7][gc,age      ] GC(72) - age   6:     116256 bytes,    3935864 total
[2025-12-03T14:54:22.414+0000][7][gc,age      ] GC(72) - age   7:      64968 bytes,    4000832 total
[2025-12-03T14:54:22.414+0000][7][gc,age      ] GC(72) - age   8:      15056 bytes,    4015888 total
[2025-12-03T14:54:22.414+0000][7][gc,age      ] GC(72) - age   9:      18408 bytes,    4034296 total
[2025-12-03T14:54:22.414+0000][7][gc,age      ] GC(72) - age  10:      81576 bytes,    4115872 total
[2025-12-03T14:54:22.415+0000][7][gc,age      ] GC(72) - age  11:      25128 bytes,    4141000 total
[2025-12-03T14:54:22.415+0000][7][gc,age      ] GC(72) - age  12:      49264 bytes,    4190264 total
[2025-12-03T14:54:22.415+0000][7][gc,age      ] GC(72) - age  13:      19432 bytes,    4209696 total
[2025-12-03T14:54:22.415+0000][7][gc,age      ] GC(72) - age  14:      87848 bytes,    4297544 total
[2025-12-03T14:54:22.415+0000][7][gc,age      ] GC(72) - age  15:      21472 bytes,    4319016 total
[2025-12-03T14:54:22.415+0000][7][gc,phases   ] GC(72)   Pre Evacuate Collection Set: 0.6ms
[2025-12-03T14:54:22.415+0000][7][gc,phases   ] GC(72)   Merge Heap Roots: 0.2ms
[2025-12-03T14:54:22.415+0000][7][gc,phases   ] GC(72)   Evacuate Collection Set: 11.5ms
[2025-12-03T14:54:22.415+0000][7][gc,phases   ] GC(72)   Post Evacuate Collection Set: 2.2ms
[2025-12-03T14:54:22.415+0000][7][gc,phases   ] GC(72)   Other: 2.0ms
[2025-12-03T14:54:22.415+0000][7][gc,heap     ] GC(72) Eden regions: 68->0(68)
[2025-12-03T14:54:22.415+0000][7][gc,heap     ] GC(72) Survivor regions: 2->2(9)
[2025-12-03T14:54:22.415+0000][7][gc,heap     ] GC(72) Old regions: 31->31
[2025-12-03T14:54:22.415+0000][7][gc,heap     ] GC(72) Archive regions: 2->2
[2025-12-03T14:54:22.415+0000][7][gc,heap     ] GC(72) Humongous regions: 2->2
[2025-12-03T14:54:22.415+0000][7][gc,metaspace] GC(72) Metaspace: 114671K(116352K)->114671K(116352K) NonClass: 99875K(100800K)->99875K(100800K) Class: 14796K(15552K)->14796K(15552K)
[2025-12-03T14:54:22.415+0000][7][gc          ] GC(72) Pause Young (Normal) (G1 Evacuation Pause) 412M->139M(512M) 16.975ms
[2025-12-03T14:54:22.415+0000][7][gc,cpu      ] GC(72) User=0.05s Sys=0.00s Real=0.02s
[2025-12-03T14:54:22.416+0000][7][safepoint   ] Safepoint "G1CollectForAllocation", Time since last: 2414376377 ns, Reaching safepoint: 90083 ns, At safepoint: 17302292 ns, Total: 17392375 ns
[2025-12-03T14:54:28.429+0000][7][safepoint   ] Safepoint "Cleanup", Time since last: 6011672585 ns, Reaching safepoint: 580291 ns, At safepoint: 20292 ns, Total: 600583 ns
[2025-12-03T14:54:34.437+0000][7][safepoint   ] Safepoint "Cleanup", Time since last: 6008499003 ns, Reaching safepoint: 90583 ns, At safepoint: 9250 ns, Total: 99833 ns
[2025-12-03T14:54:37.445+0000][7][safepoint   ] Safepoint "Cleanup", Time since last: 3006881918 ns, Reaching safepoint: 544292 ns, At safepoint: 14083 ns, Total: 558375 ns
[2025-12-03T14:54:49.500+0000][7][safepoint   ] Safepoint "Cleanup", Time since last: 12054514881 ns, Reaching safepoint: 644542 ns, At safepoint: 26125 ns, Total: 670667 ns
[2025-12-03T14:54:53.505+0000][7][safepoint   ] Safepoint "Cleanup", Time since last: 4005167043 ns, Reaching safepoint: 160542 ns, At safepoint: 9583 ns, Total: 170125 ns
[2025-12-03T14:54:55.508+0000][7][safepoint   ] Safepoint "Cleanup", Time since last: 2001844668 ns, Reaching safepoint: 465667 ns, At safepoint: 20458 ns, Total: 486125 ns
[2025-12-03T14:55:01.518+0000][7][safepoint   ] Safepoint "Cleanup", Time since last: 6009933461 ns, Reaching safepoint: 388542 ns, At safepoint: 17208 ns, Total: 405750 ns
[2025-12-03T14:55:02.519+0000][7][safepoint   ] Safepoint "Cleanup", Time since last: 1001015584 ns, Reaching safepoint: 76750 ns, At safepoint: 2542 ns, Total: 79292 ns
[2025-12-03T14:55:03.877+0000][7][gc,start    ] GC(73) Pause Young (Normal) (G1 Evacuation Pause)
[2025-12-03T14:55:03.877+0000][7][gc,task     ] GC(73) Using 8 workers of 8 for evacuation
[2025-12-03T14:55:03.878+0000][7][gc,age      ] GC(73) Desired survivor size 18874368 bytes, new threshold 15 (max threshold 15)
[2025-12-03T14:55:03.885+0000][7][gc,age      ] GC(73) Age table with threshold 15 (max threshold 15)
[2025-12-03T14:55:03.885+0000][7][gc,age      ] GC(73) - age   1:    1820408 bytes,    1820408 total
[2025-12-03T14:55:03.885+0000][7][gc,age      ] GC(73) - age   2:    1288536 bytes,    3108944 total
[2025-12-03T14:55:03.885+0000][7][gc,age      ] GC(73) - age   3:      81760 bytes,    3190704 total
[2025-12-03T14:55:03.885+0000][7][gc,age      ] GC(73) - age   4:     692480 bytes,    3883184 total
[2025-12-03T14:55:03.885+0000][7][gc,age      ] GC(73) - age   5:     294680 bytes,    4177864 total
[2025-12-03T14:55:03.885+0000][7][gc,age      ] GC(73) - age   6:     186696 bytes,    4364560 total
[2025-12-03T14:55:03.885+0000][7][gc,age      ] GC(73) - age   7:      38944 bytes,    4403504 total
[2025-12-03T14:55:03.885+0000][7][gc,age      ] GC(73) - age   8:      64968 bytes,    4468472 total
[2025-12-03T14:55:03.885+0000][7][gc,age      ] GC(73) - age   9:      15056 bytes,    4483528 total
[2025-12-03T14:55:03.885+0000][7][gc,age      ] GC(73) - age  10:      18408 bytes,    4501936 total
[2025-12-03T14:55:03.886+0000][7][gc,age      ] GC(73) - age  11:      81576 bytes,    4583512 total
[2025-12-03T14:55:03.886+0000][7][gc,age      ] GC(73) - age  12:      25128 bytes,    4608640 total
[2025-12-03T14:55:03.886+0000][7][gc,age      ] GC(73) - age  13:      49264 bytes,    4657904 total
[2025-12-03T14:55:03.886+0000][7][gc,age      ] GC(73) - age  14:      19432 bytes,    4677336 total
[2025-12-03T14:55:03.886+0000][7][gc,age      ] GC(73) - age  15:      87848 bytes,    4765184 total
[2025-12-03T14:55:03.886+0000][7][gc,phases   ] GC(73)   Pre Evacuate Collection Set: 0.5ms
[2025-12-03T14:55:03.886+0000][7][gc,phases   ] GC(73)   Merge Heap Roots: 0.1ms
[2025-12-03T14:55:03.886+0000][7][gc,phases   ] GC(73)   Evacuate Collection Set: 5.2ms
[2025-12-03T14:55:03.886+0000][7][gc,phases   ] GC(73)   Post Evacuate Collection Set: 1.7ms
[2025-12-03T14:55:03.886+0000][7][gc,phases   ] GC(73)   Other: 1.6ms
[2025-12-03T14:55:03.886+0000][7][gc,heap     ] GC(73) Eden regions: 68->0(69)
[2025-12-03T14:55:03.886+0000][7][gc,heap     ] GC(73) Survivor regions: 2->2(9)
[2025-12-03T14:55:03.886+0000][7][gc,heap     ] GC(73) Old regions: 31->31
[2025-12-03T14:55:03.886+0000][7][gc,heap     ] GC(73) Archive regions: 2->2
[2025-12-03T14:55:03.886+0000][7][gc,heap     ] GC(73) Humongous regions: 2->2
[2025-12-03T14:55:03.886+0000][7][gc,metaspace] GC(73) Metaspace: 114692K(116352K)->114692K(116352K) NonClass: 99896K(100800K)->99896K(100800K) Class: 14796K(15552K)->14796K(15552K)
[2025-12-03T14:55:03.886+0000][7][gc          ] GC(73) Pause Young (Normal) (G1 Evacuation Pause) 411M->139M(512M) 9.582ms
[2025-12-03T14:55:03.886+0000][7][gc,cpu      ] GC(73) User=0.05s Sys=0.00s Real=0.01s
[2025-12-03T14:55:03.886+0000][7][safepoint   ] Safepoint "G1CollectForAllocation", Time since last: 1357440792 ns, Reaching safepoint: 248958 ns, At safepoint: 9841792 ns, Total: 10090750 ns
[2025-12-03T14:55:05.892+0000][7][safepoint   ] Safepoint "Cleanup", Time since last: 2004932709 ns, Reaching safepoint: 212709 ns, At safepoint: 11333 ns, Total: 224042 ns
[2025-12-03T14:55:06.894+0000][7][safepoint   ] Safepoint "Cleanup", Time since last: 1001822584 ns, Reaching safepoint: 365333 ns, At safepoint: 10708 ns, Total: 376041 ns
[2025-12-03T14:55:19.959+0000][7][safepoint   ] Safepoint "Cleanup", Time since last: 13064999507 ns, Reaching safepoint: 395291 ns, At safepoint: 14375 ns, Total: 409666 ns
[2025-12-03T14:55:55.060+0000][7][gc,start    ] GC(74) Pause Young (Normal) (G1 Evacuation Pause)
[2025-12-03T14:55:55.061+0000][7][gc,task     ] GC(74) Using 8 workers of 8 for evacuation
[2025-12-03T14:55:55.061+0000][7][gc,age      ] GC(74) Desired survivor size 18874368 bytes, new threshold 15 (max threshold 15)
[2025-12-03T14:55:55.075+0000][7][gc,age      ] GC(74) Age table with threshold 15 (max threshold 15)
[2025-12-03T14:55:55.075+0000][7][gc,age      ] GC(74) - age   1:    1833696 bytes,    1833696 total
[2025-12-03T14:55:55.075+0000][7][gc,age      ] GC(74) - age   2:     239248 bytes,    2072944 total
[2025-12-03T14:55:55.075+0000][7][gc,age      ] GC(74) - age   3:    1004648 bytes,    3077592 total
[2025-12-03T14:55:55.075+0000][7][gc,age      ] GC(74) - age   4:      80960 bytes,    3158552 total
[2025-12-03T14:55:55.075+0000][7][gc,age      ] GC(74) - age   5:     193952 bytes,    3352504 total
[2025-12-03T14:55:55.075+0000][7][gc,age      ] GC(74) - age   6:     163592 bytes,    3516096 total
[2025-12-03T14:55:55.075+0000][7][gc,age      ] GC(74) - age   7:     150168 bytes,    3666264 total
[2025-12-03T14:55:55.075+0000][7][gc,age      ] GC(74) - age   8:      38944 bytes,    3705208 total
[2025-12-03T14:55:55.075+0000][7][gc,age      ] GC(74) - age   9:      64968 bytes,    3770176 total
[2025-12-03T14:55:55.075+0000][7][gc,age      ] GC(74) - age  10:      15056 bytes,    3785232 total
[2025-12-03T14:55:55.075+0000][7][gc,age      ] GC(74) - age  11:      18408 bytes,    3803640 total
[2025-12-03T14:55:55.075+0000][7][gc,age      ] GC(74) - age  12:      81576 bytes,    3885216 total
[2025-12-03T14:55:55.075+0000][7][gc,age      ] GC(74) - age  13:      25128 bytes,    3910344 total
[2025-12-03T14:55:55.075+0000][7][gc,age      ] GC(74) - age  14:      49264 bytes,    3959608 total
[2025-12-03T14:55:55.075+0000][7][gc,age      ] GC(74) - age  15:      19368 bytes,    3978976 total
[2025-12-03T14:55:55.075+0000][7][gc,phases   ] GC(74)   Pre Evacuate Collection Set: 0.6ms
[2025-12-03T14:55:55.075+0000][7][gc,phases   ] GC(74)   Merge Heap Roots: 0.2ms
[2025-12-03T14:55:55.076+0000][7][gc,phases   ] GC(74)   Evacuate Collection Set: 9.1ms
[2025-12-03T14:55:55.076+0000][7][gc,phases   ] GC(74)   Post Evacuate Collection Set: 3.5ms
[2025-12-03T14:55:55.076+0000][7][gc,phases   ] GC(74)   Other: 1.9ms
[2025-12-03T14:55:55.076+0000][7][gc,heap     ] GC(74) Eden regions: 69->0(69)
[2025-12-03T14:55:55.076+0000][7][gc,heap     ] GC(74) Survivor regions: 2->2(9)
[2025-12-03T14:55:55.076+0000][7][gc,heap     ] GC(74) Old regions: 31->31
[2025-12-03T14:55:55.076+0000][7][gc,heap     ] GC(74) Archive regions: 2->2
[2025-12-03T14:55:55.076+0000][7][gc,heap     ] GC(74) Humongous regions: 2->2
[2025-12-03T14:55:55.076+0000][7][gc,metaspace] GC(74) Metaspace: 114704K(116416K)->114704K(116416K) NonClass: 99908K(100864K)->99908K(100864K) Class: 14796K(15552K)->14796K(15552K)
[2025-12-03T14:55:55.076+0000][7][gc          ] GC(74) Pause Young (Normal) (G1 Evacuation Pause) 415M->139M(512M) 15.877ms
[2025-12-03T14:55:55.076+0000][7][gc,cpu      ] GC(74) User=0.07s Sys=0.00s Real=0.02s
[2025-12-03T14:55:55.076+0000][7][safepoint   ] Safepoint "G1CollectForAllocation", Time since last: 35099658849 ns, Reaching safepoint: 218584 ns, At safepoint: 16185666 ns, Total: 16404250 ns
[2025-12-03T14:56:06.094+0000][7][safepoint   ] Safepoint "Cleanup", Time since last: 11015635171 ns, Reaching safepoint: 384959 ns, At safepoint: 13708 ns, Total: 398667 ns
[2025-12-03T14:56:44.521+0000][7][safepoint   ] Safepoint "Cleanup", Time since last: 38426522018 ns, Reaching safepoint: 251708 ns, At safepoint: 8500 ns, Total: 260208 ns
[2025-12-03T14:56:52.661+0000][7][gc,start    ] GC(75) Pause Young (Normal) (G1 Evacuation Pause)
[2025-12-03T14:56:52.662+0000][7][gc,task     ] GC(75) Using 8 workers of 8 for evacuation
[2025-12-03T14:56:52.662+0000][7][gc,age      ] GC(75) Desired survivor size 18874368 bytes, new threshold 15 (max threshold 15)
[2025-12-03T14:56:52.667+0000][7][gc,age      ] GC(75) Age table with threshold 15 (max threshold 15)
[2025-12-03T14:56:52.668+0000][7][gc,age      ] GC(75) - age   1:    3761712 bytes,    3761712 total
[2025-12-03T14:56:52.668+0000][7][gc,age      ] GC(75) - age   2:    1053880 bytes,    4815592 total
[2025-12-03T14:56:52.668+0000][7][gc,age      ] GC(75) - age   3:     102512 bytes,    4918104 total
[2025-12-03T14:56:52.668+0000][7][gc,age      ] GC(75) - age   4:     872152 bytes,    5790256 total
[2025-12-03T14:56:52.668+0000][7][gc,age      ] GC(75) - age   5:      80288 bytes,    5870544 total
[2025-12-03T14:56:52.668+0000][7][gc,age      ] GC(75) - age   6:     193368 bytes,    6063912 total
[2025-12-03T14:56:52.668+0000][7][gc,age      ] GC(75) - age   7:     163112 bytes,    6227024 total
[2025-12-03T14:56:52.668+0000][7][gc,age      ] GC(75) - age   8:      19016 bytes,    6246040 total
[2025-12-03T14:56:52.668+0000][7][gc,age      ] GC(75) - age   9:      38880 bytes,    6284920 total
[2025-12-03T14:56:52.668+0000][7][gc,age      ] GC(75) - age  10:      64968 bytes,    6349888 total
[2025-12-03T14:56:52.668+0000][7][gc,age      ] GC(75) - age  11:      14992 bytes,    6364880 total
[2025-12-03T14:56:52.668+0000][7][gc,age      ] GC(75) - age  12:      18408 bytes,    6383288 total
[2025-12-03T14:56:52.668+0000][7][gc,age      ] GC(75) - age  13:      81576 bytes,    6464864 total
[2025-12-03T14:56:52.668+0000][7][gc,age      ] GC(75) - age  14:      25128 bytes,    6489992 total
[2025-12-03T14:56:52.668+0000][7][gc,age      ] GC(75) - age  15:      49264 bytes,    6539256 total
[2025-12-03T14:56:52.668+0000][7][gc,phases   ] GC(75)   Pre Evacuate Collection Set: 0.2ms
[2025-12-03T14:56:52.668+0000][7][gc,phases   ] GC(75)   Merge Heap Roots: 0.1ms
[2025-12-03T14:56:52.668+0000][7][gc,phases   ] GC(75)   Evacuate Collection Set: 4.1ms
[2025-12-03T14:56:52.668+0000][7][gc,phases   ] GC(75)   Post Evacuate Collection Set: 1.2ms
[2025-12-03T14:56:52.668+0000][7][gc,phases   ] GC(75)   Other: 1.2ms
[2025-12-03T14:56:52.668+0000][7][gc,heap     ] GC(75) Eden regions: 69->0(68)
[2025-12-03T14:56:52.668+0000][7][gc,heap     ] GC(75) Survivor regions: 2->2(9)
[2025-12-03T14:56:52.668+0000][7][gc,heap     ] GC(75) Old regions: 31->31
[2025-12-03T14:56:52.668+0000][7][gc,heap     ] GC(75) Archive regions: 2->2
[2025-12-03T14:56:52.668+0000][7][gc,heap     ] GC(75) Humongous regions: 2->2
[2025-12-03T14:56:52.668+0000][7][gc,metaspace] GC(75) Metaspace: 114717K(116416K)->114717K(116416K) NonClass: 99920K(100864K)->99920K(100864K) Class: 14796K(15552K)->14796K(15552K)
[2025-12-03T14:56:52.669+0000][7][gc          ] GC(75) Pause Young (Normal) (G1 Evacuation Pause) 415M->141M(512M) 7.033ms
[2025-12-03T14:56:52.669+0000][7][gc,cpu      ] GC(75) User=0.04s Sys=0.00s Real=0.01s
[2025-12-03T14:56:52.669+0000][7][safepoint   ] Safepoint "G1CollectForAllocation", Time since last: 8139927421 ns, Reaching safepoint: 53000 ns, At safepoint: 7226250 ns, Total: 7279250 ns
[2025-12-03T14:57:02.700+0000][7][safepoint   ] Safepoint "Cleanup", Time since last: 10029914296 ns, Reaching safepoint: 101458 ns, At safepoint: 8792 ns, Total: 110250 ns
[2025-12-03T14:57:25.736+0000][7][safepoint   ] Safepoint "Cleanup", Time since last: 23036386511 ns, Reaching safepoint: 213875 ns, At safepoint: 3666 ns, Total: 217541 ns
[2025-12-03T14:57:26.739+0000][7][safepoint   ] Safepoint "Cleanup", Time since last: 1001158667 ns, Reaching safepoint: 388125 ns, At safepoint: 7166 ns, Total: 395291 ns
[2025-12-03T14:57:31.747+0000][7][safepoint   ] Safepoint "Cleanup", Time since last: 5008238294 ns, Reaching safepoint: 133125 ns, At safepoint: 6125 ns, Total: 139250 ns
[2025-12-03T14:57:44.766+0000][7][safepoint   ] Safepoint "Cleanup", Time since last: 13017929173 ns, Reaching safepoint: 277500 ns, At safepoint: 29458 ns, Total: 306958 ns
[2025-12-03T14:57:46.761+0000][7][gc,start    ] GC(76) Pause Young (Normal) (G1 Evacuation Pause)
[2025-12-03T14:57:46.761+0000][7][gc,task     ] GC(76) Using 8 workers of 8 for evacuation
[2025-12-03T14:57:46.762+0000][7][gc,age      ] GC(76) Desired survivor size 18874368 bytes, new threshold 15 (max threshold 15)
[2025-12-03T14:57:46.772+0000][7][gc,age      ] GC(76) Age table with threshold 15 (max threshold 15)
[2025-12-03T14:57:46.772+0000][7][gc,age      ] GC(76) - age   1:    4185304 bytes,    4185304 total
[2025-12-03T14:57:46.772+0000][7][gc,age      ] GC(76) - age   2:     413864 bytes,    4599168 total
[2025-12-03T14:57:46.772+0000][7][gc,age      ] GC(76) - age   3:     259080 bytes,    4858248 total
[2025-12-03T14:57:46.772+0000][7][gc,age      ] GC(76) - age   4:     101840 bytes,    4960088 total
[2025-12-03T14:57:46.772+0000][7][gc,age      ] GC(76) - age   5:     871720 bytes,    5831808 total
[2025-12-03T14:57:46.772+0000][7][gc,age      ] GC(76) - age   6:      79576 bytes,    5911384 total
[2025-12-03T14:57:46.772+0000][7][gc,age      ] GC(76) - age   7:      35400 bytes,    5946784 total
[2025-12-03T14:57:46.772+0000][7][gc,age      ] GC(76) - age   8:      89696 bytes,    6036480 total
[2025-12-03T14:57:46.773+0000][7][gc,age      ] GC(76) - age   9:      19016 bytes,    6055496 total
[2025-12-03T14:57:46.773+0000][7][gc,age      ] GC(76) - age  10:      14592 bytes,    6070088 total
[2025-12-03T14:57:46.773+0000][7][gc,age      ] GC(76) - age  11:      64968 bytes,    6135056 total
[2025-12-03T14:57:46.773+0000][7][gc,age      ] GC(76) - age  12:      14992 bytes,    6150048 total
[2025-12-03T14:57:46.773+0000][7][gc,age      ] GC(76) - age  13:      18408 bytes,    6168456 total
[2025-12-03T14:57:46.773+0000][7][gc,age      ] GC(76) - age  14:      81576 bytes,    6250032 total
[2025-12-03T14:57:46.773+0000][7][gc,age      ] GC(76) - age  15:      25128 bytes,    6275160 total
[2025-12-03T14:57:46.773+0000][7][gc,phases   ] GC(76)   Pre Evacuate Collection Set: 0.4ms
[2025-12-03T14:57:46.773+0000][7][gc,phases   ] GC(76)   Merge Heap Roots: 0.2ms
[2025-12-03T14:57:46.773+0000][7][gc,phases   ] GC(76)   Evacuate Collection Set: 7.9ms
[2025-12-03T14:57:46.773+0000][7][gc,phases   ] GC(76)   Post Evacuate Collection Set: 2.0ms
[2025-12-03T14:57:46.773+0000][7][gc,phases   ] GC(76)   Other: 1.3ms
[2025-12-03T14:57:46.773+0000][7][gc,heap     ] GC(76) Eden regions: 68->0(68)
[2025-12-03T14:57:46.773+0000][7][gc,heap     ] GC(76) Survivor regions: 2->2(9)
[2025-12-03T14:57:46.773+0000][7][gc,heap     ] GC(76) Old regions: 31->31
[2025-12-03T14:57:46.773+0000][7][gc,heap     ] GC(76) Archive regions: 2->2
[2025-12-03T14:57:46.773+0000][7][gc,heap     ] GC(76) Humongous regions: 2->2
[2025-12-03T14:57:46.773+0000][7][gc,metaspace] GC(76) Metaspace: 114720K(116416K)->114720K(116416K) NonClass: 99923K(100864K)->99923K(100864K) Class: 14796K(15552K)->14796K(15552K)
[2025-12-03T14:57:46.773+0000][7][gc          ] GC(76) Pause Young (Normal) (G1 Evacuation Pause) 413M->141M(512M) 11.994ms
[2025-12-03T14:57:46.773+0000][7][gc,cpu      ] GC(76) User=0.06s Sys=0.00s Real=0.01s
[2025-12-03T14:57:46.773+0000][7][safepoint   ] Safepoint "G1CollectForAllocation", Time since last: 1995371293 ns, Reaching safepoint: 161333 ns, At safepoint: 12301334 ns, Total: 12462667 ns
[2025-12-03T14:57:52.780+0000][7][safepoint   ] Safepoint "Cleanup", Time since last: 6006261878 ns, Reaching safepoint: 91166 ns, At safepoint: 5542 ns, Total: 96708 ns
[2025-12-03T14:58:04.792+0000][7][safepoint   ] Safepoint "Cleanup", Time since last: 12010667755 ns, Reaching safepoint: 405333 ns, At safepoint: 8709 ns, Total: 414042 ns
[2025-12-03T14:58:22.821+0000][7][safepoint   ] Safepoint "Cleanup", Time since last: 18029350217 ns, Reaching safepoint: 126916 ns, At safepoint: 7334 ns, Total: 134250 ns
[2025-12-03T14:58:32.838+0000][7][safepoint   ] Safepoint "Cleanup", Time since last: 10015518628 ns, Reaching safepoint: 609959 ns, At safepoint: 11875 ns, Total: 621834 ns
[2025-12-03T14:58:37.217+0000][7][gc,start    ] GC(77) Pause Young (Normal) (G1 Evacuation Pause)
[2025-12-03T14:58:37.217+0000][7][gc,task     ] GC(77) Using 8 workers of 8 for evacuation
[2025-12-03T14:58:37.218+0000][7][gc,age      ] GC(77) Desired survivor size 18874368 bytes, new threshold 15 (max threshold 15)
[2025-12-03T14:58:37.235+0000][7][gc,age      ] GC(77) Age table with threshold 15 (max threshold 15)
[2025-12-03T14:58:37.235+0000][7][gc,age      ] GC(77) - age   1:    2633848 bytes,    2633848 total
[2025-12-03T14:58:37.235+0000][7][gc,age      ] GC(77) - age   2:    1105664 bytes,    3739512 total
[2025-12-03T14:58:37.235+0000][7][gc,age      ] GC(77) - age   3:     148336 bytes,    3887848 total
[2025-12-03T14:58:37.235+0000][7][gc,age      ] GC(77) - age   4:     126920 bytes,    4014768 total
[2025-12-03T14:58:37.235+0000][7][gc,age      ] GC(77) - age   5:     101488 bytes,    4116256 total
[2025-12-03T14:58:37.235+0000][7][gc,age      ] GC(77) - age   6:     871688 bytes,    4987944 total
[2025-12-03T14:58:37.235+0000][7][gc,age      ] GC(77) - age   7:      79576 bytes,    5067520 total
[2025-12-03T14:58:37.235+0000][7][gc,age      ] GC(77) - age   8:      19200 bytes,    5086720 total
[2025-12-03T14:58:37.235+0000][7][gc,age      ] GC(77) - age   9:      89696 bytes,    5176416 total
[2025-12-03T14:58:37.235+0000][7][gc,age      ] GC(77) - age  10:      18984 bytes,    5195400 total
[2025-12-03T14:58:37.235+0000][7][gc,age      ] GC(77) - age  11:      14592 bytes,    5209992 total
[2025-12-03T14:58:37.235+0000][7][gc,age      ] GC(77) - age  12:      64968 bytes,    5274960 total
[2025-12-03T14:58:37.236+0000][7][gc,age      ] GC(77) - age  13:      14992 bytes,    5289952 total
[2025-12-03T14:58:37.236+0000][7][gc,age      ] GC(77) - age  14:      18208 bytes,    5308160 total
[2025-12-03T14:58:37.236+0000][7][gc,age      ] GC(77) - age  15:      81576 bytes,    5389736 total
[2025-12-03T14:58:37.236+0000][7][gc,phases   ] GC(77)   Pre Evacuate Collection Set: 0.5ms
[2025-12-03T14:58:37.236+0000][7][gc,phases   ] GC(77)   Merge Heap Roots: 0.2ms
[2025-12-03T14:58:37.236+0000][7][gc,phases   ] GC(77)   Evacuate Collection Set: 13.8ms
[2025-12-03T14:58:37.236+0000][7][gc,phases   ] GC(77)   Post Evacuate Collection Set: 2.6ms
[2025-12-03T14:58:37.236+0000][7][gc,phases   ] GC(77)   Other: 1.7ms
[2025-12-03T14:58:37.236+0000][7][gc,heap     ] GC(77) Eden regions: 68->0(68)
[2025-12-03T14:58:37.236+0000][7][gc,heap     ] GC(77) Survivor regions: 2->2(9)
[2025-12-03T14:58:37.236+0000][7][gc,heap     ] GC(77) Old regions: 31->31
[2025-12-03T14:58:37.236+0000][7][gc,heap     ] GC(77) Archive regions: 2->2
[2025-12-03T14:58:37.236+0000][7][gc,heap     ] GC(77) Humongous regions: 2->2
[2025-12-03T14:58:37.236+0000][7][gc,metaspace] GC(77) Metaspace: 114730K(116416K)->114730K(116416K) NonClass: 99934K(100864K)->99934K(100864K) Class: 14796K(15552K)->14796K(15552K)
[2025-12-03T14:58:37.236+0000][7][gc          ] GC(77) Pause Young (Normal) (G1 Evacuation Pause) 413M->140M(512M) 19.390ms
[2025-12-03T14:58:37.237+0000][7][gc,cpu      ] GC(77) User=0.11s Sys=0.00s Real=0.02s
[2025-12-03T14:58:37.237+0000][7][safepoint   ] Safepoint "G1CollectForAllocation", Time since last: 4378720627 ns, Reaching safepoint: 224417 ns, At safepoint: 19789541 ns, Total: 20013958 ns
[2025-12-03T14:58:59.268+0000][7][safepoint   ] Safepoint "Cleanup", Time since last: 22029724219 ns, Reaching safepoint: 352291 ns, At safepoint: 4584 ns, Total: 356875 ns
[2025-12-03T14:59:02.737+0000][7][safepoint   ] Safepoint "Cleanup", Time since last: 3469157626 ns, Reaching safepoint: 108584 ns, At safepoint: 3375 ns, Total: 111959 ns
[2025-12-03T14:59:11.757+0000][7][safepoint   ] Safepoint "Cleanup", Time since last: 9019714879 ns, Reaching safepoint: 181792 ns, At safepoint: 10458 ns, Total: 192250 ns
[2025-12-03T14:59:22.657+0000][7][gc,start    ] GC(78) Pause Young (Normal) (G1 Evacuation Pause)
[2025-12-03T14:59:22.658+0000][7][gc,task     ] GC(78) Using 8 workers of 8 for evacuation
[2025-12-03T14:59:22.658+0000][7][gc,age      ] GC(78) Desired survivor size 18874368 bytes, new threshold 15 (max threshold 15)
[2025-12-03T14:59:22.670+0000][7][gc,age      ] GC(78) Age table with threshold 15 (max threshold 15)
[2025-12-03T14:59:22.670+0000][7][gc,age      ] GC(78) - age   1:    3676344 bytes,    3676344 total
[2025-12-03T14:59:22.670+0000][7][gc,age      ] GC(78) - age   2:     387880 bytes,    4064224 total
[2025-12-03T14:59:22.670+0000][7][gc,age      ] GC(78) - age   3:    1052896 bytes,    5117120 total
[2025-12-03T14:59:22.670+0000][7][gc,age      ] GC(78) - age   4:      15896 bytes,    5133016 total
[2025-12-03T14:59:22.670+0000][7][gc,age      ] GC(78) - age   5:     126760 bytes,    5259776 total
[2025-12-03T14:59:22.670+0000][7][gc,age      ] GC(78) - age   6:      90816 bytes,    5350592 total
[2025-12-03T14:59:22.670+0000][7][gc,age      ] GC(78) - age   7:     157728 bytes,    5508320 total
[2025-12-03T14:59:22.670+0000][7][gc,age      ] GC(78) - age   8:      79400 bytes,    5587720 total
[2025-12-03T14:59:22.670+0000][7][gc,age      ] GC(78) - age   9:      19200 bytes,    5606920 total
[2025-12-03T14:59:22.670+0000][7][gc,age      ] GC(78) - age  10:      89632 bytes,    5696552 total
[2025-12-03T14:59:22.670+0000][7][gc,age      ] GC(78) - age  11:      18984 bytes,    5715536 total
[2025-12-03T14:59:22.670+0000][7][gc,age      ] GC(78) - age  12:      14592 bytes,    5730128 total
[2025-12-03T14:59:22.670+0000][7][gc,age      ] GC(78) - age  13:      64968 bytes,    5795096 total
[2025-12-03T14:59:22.671+0000][7][gc,age      ] GC(78) - age  14:      14960 bytes,    5810056 total
[2025-12-03T14:59:22.671+0000][7][gc,age      ] GC(78) - age  15:      18208 bytes,    5828264 total
[2025-12-03T14:59:22.671+0000][7][gc,phases   ] GC(78)   Pre Evacuate Collection Set: 0.5ms
[2025-12-03T14:59:22.671+0000][7][gc,phases   ] GC(78)   Merge Heap Roots: 0.3ms
[2025-12-03T14:59:22.671+0000][7][gc,phases   ] GC(78)   Evacuate Collection Set: 8.8ms
[2025-12-03T14:59:22.671+0000][7][gc,phases   ] GC(78)   Post Evacuate Collection Set: 1.6ms
[2025-12-03T14:59:22.671+0000][7][gc,phases   ] GC(78)   Other: 2.3ms
[2025-12-03T14:59:22.671+0000][7][gc,heap     ] GC(78) Eden regions: 68->0(68)
[2025-12-03T14:59:22.671+0000][7][gc,heap     ] GC(78) Survivor regions: 2->2(9)
[2025-12-03T14:59:22.671+0000][7][gc,heap     ] GC(78) Old regions: 31->31
[2025-12-03T14:59:22.671+0000][7][gc,heap     ] GC(78) Archive regions: 2->2
[2025-12-03T14:59:22.671+0000][7][gc,heap     ] GC(78) Humongous regions: 2->2
[2025-12-03T14:59:22.671+0000][7][gc,metaspace] GC(78) Metaspace: 114732K(116416K)->114732K(116416K) NonClass: 99935K(100864K)->99935K(100864K) Class: 14796K(15552K)->14796K(15552K)
[2025-12-03T14:59:22.671+0000][7][gc          ] GC(78) Pause Young (Normal) (G1 Evacuation Pause) 412M->141M(512M) 13.971ms
[2025-12-03T14:59:22.671+0000][7][gc,cpu      ] GC(78) User=0.05s Sys=0.00s Real=0.02s
[2025-12-03T14:59:22.672+0000][7][safepoint   ] Safepoint "G1CollectForAllocation", Time since last: 10899618547 ns, Reaching safepoint: 293708 ns, At safepoint: 14372542 ns, Total: 14666250 ns
[2025-12-03T14:59:40.705+0000][7][safepoint   ] Safepoint "Cleanup", Time since last: 18033409133 ns, Reaching safepoint: 172458 ns, At safepoint: 13208 ns, Total: 185666 ns
[2025-12-03T15:00:01.499+0000][7][gc,start    ] GC(79) Pause Young (Normal) (G1 Evacuation Pause)
[2025-12-03T15:00:01.500+0000][7][gc,task     ] GC(79) Using 8 workers of 8 for evacuation
[2025-12-03T15:00:01.500+0000][7][gc,age      ] GC(79) Desired survivor size 18874368 bytes, new threshold 15 (max threshold 15)
[2025-12-03T15:00:01.509+0000][7][gc,age      ] GC(79) Age table with threshold 15 (max threshold 15)
[2025-12-03T15:00:01.509+0000][7][gc,age      ] GC(79) - age   1:    1768632 bytes,    1768632 total
[2025-12-03T15:00:01.509+0000][7][gc,age      ] GC(79) - age   2:    1095200 bytes,    2863832 total
[2025-12-03T15:00:01.509+0000][7][gc,age      ] GC(79) - age   3:     253024 bytes,    3116856 total
[2025-12-03T15:00:01.509+0000][7][gc,age      ] GC(79) - age   4:     553536 bytes,    3670392 total
[2025-12-03T15:00:01.509+0000][7][gc,age      ] GC(79) - age   5:      15280 bytes,    3685672 total
[2025-12-03T15:00:01.509+0000][7][gc,age      ] GC(79) - age   6:     126272 bytes,    3811944 total
[2025-12-03T15:00:01.509+0000][7][gc,age      ] GC(79) - age   7:      14736 bytes,    3826680 total
[2025-12-03T15:00:01.510+0000][7][gc,age      ] GC(79) - age   8:      89280 bytes,    3915960 total
[2025-12-03T15:00:01.510+0000][7][gc,age      ] GC(79) - age   9:      79400 bytes,    3995360 total
[2025-12-03T15:00:01.510+0000][7][gc,age      ] GC(79) - age  10:      19200 bytes,    4014560 total
[2025-12-03T15:00:01.510+0000][7][gc,age      ] GC(79) - age  11:      89632 bytes,    4104192 total
[2025-12-03T15:00:01.510+0000][7][gc,age      ] GC(79) - age  12:      18984 bytes,    4123176 total
[2025-12-03T15:00:01.510+0000][7][gc,age      ] GC(79) - age  13:      14592 bytes,    4137768 total
[2025-12-03T15:00:01.510+0000][7][gc,age      ] GC(79) - age  14:      64968 bytes,    4202736 total
[2025-12-03T15:00:01.510+0000][7][gc,age      ] GC(79) - age  15:      14960 bytes,    4217696 total
[2025-12-03T15:00:01.510+0000][7][gc,phases   ] GC(79)   Pre Evacuate Collection Set: 0.3ms
[2025-12-03T15:00:01.510+0000][7][gc,phases   ] GC(79)   Merge Heap Roots: 0.1ms
[2025-12-03T15:00:01.510+0000][7][gc,phases   ] GC(79)   Evacuate Collection Set: 6.4ms
[2025-12-03T15:00:01.510+0000][7][gc,phases   ] GC(79)   Post Evacuate Collection Set: 1.6ms
[2025-12-03T15:00:01.510+0000][7][gc,phases   ] GC(79)   Other: 2.6ms
[2025-12-03T15:00:01.510+0000][7][gc,heap     ] GC(79) Eden regions: 68->0(68)
[2025-12-03T15:00:01.511+0000][7][gc,heap     ] GC(79) Survivor regions: 2->2(9)
[2025-12-03T15:00:01.511+0000][7][gc,heap     ] GC(79) Old regions: 31->31
[2025-12-03T15:00:01.511+0000][7][gc,heap     ] GC(79) Archive regions: 2->2
[2025-12-03T15:00:01.511+0000][7][gc,heap     ] GC(79) Humongous regions: 2->2
[2025-12-03T15:00:01.511+0000][7][gc,metaspace] GC(79) Metaspace: 114732K(116416K)->114732K(116416K) NonClass: 99936K(100864K)->99936K(100864K) Class: 14796K(15552K)->14796K(15552K)
[2025-12-03T15:00:01.511+0000][7][gc          ] GC(79) Pause Young (Normal) (G1 Evacuation Pause) 413M->139M(512M) 11.612ms
[2025-12-03T15:00:01.511+0000][7][gc,cpu      ] GC(79) User=0.04s Sys=0.00s Real=0.01s
[2025-12-03T15:00:01.511+0000][7][safepoint   ] Safepoint "G1CollectForAllocation", Time since last: 20791974968 ns, Reaching safepoint: 230500 ns, At safepoint: 12069708 ns, Total: 12300208 ns
[2025-12-03T15:00:02.512+0000][7][safepoint   ] Safepoint "Cleanup", Time since last: 1000699084 ns, Reaching safepoint: 245083 ns, At safepoint: 6667 ns, Total: 251750 ns
[2025-12-03T15:00:13.528+0000][7][safepoint   ] Safepoint "Cleanup", Time since last: 11015799880 ns, Reaching safepoint: 244125 ns, At safepoint: 8542 ns, Total: 252667 ns
[2025-12-03T15:00:22.542+0000][7][safepoint   ] Safepoint "Cleanup", Time since last: 9013314671 ns, Reaching safepoint: 90708 ns, At safepoint: 2917 ns, Total: 93625 ns
[2025-12-03T15:00:23.544+0000][7][safepoint   ] Safepoint "Cleanup", Time since last: 1002530209 ns, Reaching safepoint: 155458 ns, At safepoint: 11250 ns, Total: 166708 ns
[2025-12-03T15:00:25.548+0000][7][safepoint   ] Safepoint "Cleanup", Time since last: 2003543959 ns, Reaching safepoint: 161167 ns, At safepoint: 22125 ns, Total: 183292 ns
[2025-12-03T15:00:30.555+0000][7][safepoint   ] Safepoint "Cleanup", Time since last: 5005998002 ns, Reaching safepoint: 53041 ns, At safepoint: 2375 ns, Total: 55416 ns
[2025-12-03T15:00:42.697+0000][7][gc,start    ] GC(80) Pause Young (Normal) (G1 Evacuation Pause)
[2025-12-03T15:00:42.697+0000][7][gc,task     ] GC(80) Using 8 workers of 8 for evacuation
[2025-12-03T15:00:42.697+0000][7][gc,age      ] GC(80) Desired survivor size 18874368 bytes, new threshold 15 (max threshold 15)
[2025-12-03T15:00:42.717+0000][7][gc,age      ] GC(80) Age table with threshold 15 (max threshold 15)
[2025-12-03T15:00:42.717+0000][7][gc,age      ] GC(80) - age   1:    2451112 bytes,    2451112 total
[2025-12-03T15:00:42.717+0000][7][gc,age      ] GC(80) - age   2:     878472 bytes,    3329584 total
[2025-12-03T15:00:42.717+0000][7][gc,age      ] GC(80) - age   3:     959808 bytes,    4289392 total
[2025-12-03T15:00:42.717+0000][7][gc,age      ] GC(80) - age   4:     120200 bytes,    4409592 total
[2025-12-03T15:00:42.717+0000][7][gc,age      ] GC(80) - age   5:     553280 bytes,    4962872 total
[2025-12-03T15:00:42.717+0000][7][gc,age      ] GC(80) - age   6:      15184 bytes,    4978056 total
[2025-12-03T15:00:42.718+0000][7][gc,age      ] GC(80) - age   7:     119360 bytes,    5097416 total
[2025-12-03T15:00:42.718+0000][7][gc,age      ] GC(80) - age   8:      14440 bytes,    5111856 total
[2025-12-03T15:00:42.718+0000][7][gc,age      ] GC(80) - age   9:      89240 bytes,    5201096 total
[2025-12-03T15:00:42.718+0000][7][gc,age      ] GC(80) - age  10:      79304 bytes,    5280400 total
[2025-12-03T15:00:42.718+0000][7][gc,age      ] GC(80) - age  11:      19200 bytes,    5299600 total
[2025-12-03T15:00:42.718+0000][7][gc,age      ] GC(80) - age  12:      89632 bytes,    5389232 total
[2025-12-03T15:00:42.718+0000][7][gc,age      ] GC(80) - age  13:      18984 bytes,    5408216 total
[2025-12-03T15:00:42.718+0000][7][gc,age      ] GC(80) - age  14:      12608 bytes,    5420824 total
[2025-12-03T15:00:42.718+0000][7][gc,age      ] GC(80) - age  15:      64968 bytes,    5485792 total
[2025-12-03T15:00:42.718+0000][7][gc,phases   ] GC(80)   Pre Evacuate Collection Set: 0.2ms
[2025-12-03T15:00:42.718+0000][7][gc,phases   ] GC(80)   Merge Heap Roots: 0.1ms
[2025-12-03T15:00:42.718+0000][7][gc,phases   ] GC(80)   Evacuate Collection Set: 17.1ms
[2025-12-03T15:00:42.718+0000][7][gc,phases   ] GC(80)   Post Evacuate Collection Set: 2.1ms
[2025-12-03T15:00:42.718+0000][7][gc,phases   ] GC(80)   Other: 1.7ms
[2025-12-03T15:00:42.718+0000][7][gc,heap     ] GC(80) Eden regions: 68->0(68)
[2025-12-03T15:00:42.718+0000][7][gc,heap     ] GC(80) Survivor regions: 2->2(9)
[2025-12-03T15:00:42.718+0000][7][gc,heap     ] GC(80) Old regions: 31->31
[2025-12-03T15:00:42.719+0000][7][gc,heap     ] GC(80) Archive regions: 2->2
[2025-12-03T15:00:42.719+0000][7][gc,heap     ] GC(80) Humongous regions: 2->2
[2025-12-03T15:00:42.719+0000][7][gc,metaspace] GC(80) Metaspace: 114737K(116416K)->114737K(116416K) NonClass: 99940K(100864K)->99940K(100864K) Class: 14796K(15552K)->14796K(15552K)
[2025-12-03T15:00:42.719+0000][7][gc          ] GC(80) Pause Young (Normal) (G1 Evacuation Pause) 411M->140M(512M) 21.735ms
[2025-12-03T15:00:42.719+0000][7][gc,cpu      ] GC(80) User=0.13s Sys=0.00s Real=0.02s
[2025-12-03T15:00:42.719+0000][7][safepoint   ] Safepoint "G1CollectForAllocation", Time since last: 12142214881 ns, Reaching safepoint: 53333 ns, At safepoint: 21961917 ns, Total: 22015250 ns
[2025-12-03T15:00:45.724+0000][7][safepoint   ] Safepoint "Cleanup", Time since last: 3005275585 ns, Reaching safepoint: 67708 ns, At safepoint: 6292 ns, Total: 74000 ns
[2025-12-03T15:00:52.740+0000][7][safepoint   ] Safepoint "Cleanup", Time since last: 7015346128 ns, Reaching safepoint: 50584 ns, At safepoint: 2375 ns, Total: 52959 ns
[2025-12-03T15:01:12.773+0000][7][safepoint   ] Safepoint "Cleanup", Time since last: 20031872800 ns, Reaching safepoint: 166458 ns, At safepoint: 6708 ns, Total: 173166 ns
[2025-12-03T15:01:32.719+0000][7][gc,start    ] GC(81) Pause Young (Normal) (G1 Evacuation Pause)
[2025-12-03T15:01:32.719+0000][7][gc,task     ] GC(81) Using 8 workers of 8 for evacuation
[2025-12-03T15:01:32.719+0000][7][gc,age      ] GC(81) Desired survivor size 18874368 bytes, new threshold 15 (max threshold 15)
[2025-12-03T15:01:32.726+0000][7][gc,age      ] GC(81) Age table with threshold 15 (max threshold 15)
[2025-12-03T15:01:32.727+0000][7][gc,age      ] GC(81) - age   1:    3713968 bytes,    3713968 total
[2025-12-03T15:01:32.727+0000][7][gc,age      ] GC(81) - age   2:     318024 bytes,    4031992 total
[2025-12-03T15:01:32.727+0000][7][gc,age      ] GC(81) - age   3:     745392 bytes,    4777384 total
[2025-12-03T15:01:32.727+0000][7][gc,age      ] GC(81) - age   4:     958752 bytes,    5736136 total
[2025-12-03T15:01:32.727+0000][7][gc,age      ] GC(81) - age   5:     120200 bytes,    5856336 total
[2025-12-03T15:01:32.727+0000][7][gc,age      ] GC(81) - age   6:     422192 bytes,    6278528 total
[2025-12-03T15:01:32.727+0000][7][gc,age      ] GC(81) - age   7:      15120 bytes,    6293648 total
[2025-12-03T15:01:32.727+0000][7][gc,age      ] GC(81) - age   8:      85008 bytes,    6378656 total
[2025-12-03T15:01:32.727+0000][7][gc,age      ] GC(81) - age   9:      14440 bytes,    6393096 total
[2025-12-03T15:01:32.727+0000][7][gc,age      ] GC(81) - age  10:      89240 bytes,    6482336 total
[2025-12-03T15:01:32.727+0000][7][gc,age      ] GC(81) - age  11:      79304 bytes,    6561640 total
[2025-12-03T15:01:32.727+0000][7][gc,age      ] GC(81) - age  12:      19200 bytes,    6580840 total
[2025-12-03T15:01:32.727+0000][7][gc,age      ] GC(81) - age  13:      89632 bytes,    6670472 total
[2025-12-03T15:01:32.727+0000][7][gc,age      ] GC(81) - age  14:      18984 bytes,    6689456 total
[2025-12-03T15:01:32.727+0000][7][gc,age      ] GC(81) - age  15:      12608 bytes,    6702064 total
[2025-12-03T15:01:32.727+0000][7][gc,phases   ] GC(81)   Pre Evacuate Collection Set: 0.2ms
[2025-12-03T15:01:32.727+0000][7][gc,phases   ] GC(81)   Merge Heap Roots: 0.1ms
[2025-12-03T15:01:32.727+0000][7][gc,phases   ] GC(81)   Evacuate Collection Set: 5.5ms
[2025-12-03T15:01:32.728+0000][7][gc,phases   ] GC(81)   Post Evacuate Collection Set: 1.4ms
[2025-12-03T15:01:32.728+0000][7][gc,phases   ] GC(81)   Other: 1.6ms
[2025-12-03T15:01:32.728+0000][7][gc,heap     ] GC(81) Eden regions: 68->0(68)
[2025-12-03T15:01:32.728+0000][7][gc,heap     ] GC(81) Survivor regions: 2->2(9)
[2025-12-03T15:01:32.728+0000][7][gc,heap     ] GC(81) Old regions: 31->31
[2025-12-03T15:01:32.728+0000][7][gc,heap     ] GC(81) Archive regions: 2->2
[2025-12-03T15:01:32.728+0000][7][gc,heap     ] GC(81) Humongous regions: 2->2
[2025-12-03T15:01:32.728+0000][7][gc,metaspace] GC(81) Metaspace: 114738K(116416K)->114738K(116416K) NonClass: 99940K(100864K)->99940K(100864K) Class: 14797K(15552K)->14797K(15552K)
[2025-12-03T15:01:32.728+0000][7][gc          ] GC(81) Pause Young (Normal) (G1 Evacuation Pause) 412M->142M(512M) 9.267ms
[2025-12-03T15:01:32.728+0000][7][gc,cpu      ] GC(81) User=0.04s Sys=0.00s Real=0.01s
[2025-12-03T15:01:32.728+0000][7][safepoint   ] Safepoint "G1CollectForAllocation", Time since last: 19944641426 ns, Reaching safepoint: 112834 ns, At safepoint: 9485375 ns, Total: 9598209 ns
[2025-12-03T15:02:16.365+0000][7][gc,start    ] GC(82) Pause Young (Normal) (G1 Evacuation Pause)
[2025-12-03T15:02:16.365+0000][7][gc,task     ] GC(82) Using 8 workers of 8 for evacuation
[2025-12-03T15:02:16.366+0000][7][gc,age      ] GC(82) Desired survivor size 18874368 bytes, new threshold 15 (max threshold 15)
[2025-12-03T15:02:16.373+0000][7][gc,age      ] GC(82) Age table with threshold 15 (max threshold 15)
[2025-12-03T15:02:16.373+0000][7][gc,age      ] GC(82) - age   1:    1591920 bytes,    1591920 total
[2025-12-03T15:02:16.373+0000][7][gc,age      ] GC(82) - age   2:     553960 bytes,    2145880 total
[2025-12-03T15:02:16.373+0000][7][gc,age      ] GC(82) - age   3:      51432 bytes,    2197312 total
[2025-12-03T15:02:16.373+0000][7][gc,age      ] GC(82) - age   4:     246184 bytes,    2443496 total
[2025-12-03T15:02:16.373+0000][7][gc,age      ] GC(82) - age   5:     827472 bytes,    3270968 total
[2025-12-03T15:02:16.373+0000][7][gc,age      ] GC(82) - age   6:     120072 bytes,    3391040 total
[2025-12-03T15:02:16.373+0000][7][gc,age      ] GC(82) - age   7:     422000 bytes,    3813040 total
[2025-12-03T15:02:16.373+0000][7][gc,age      ] GC(82) - age   8:      14608 bytes,    3827648 total
[2025-12-03T15:02:16.373+0000][7][gc,age      ] GC(82) - age   9:      85008 bytes,    3912656 total
[2025-12-03T15:02:16.373+0000][7][gc,age      ] GC(82) - age  10:      14440 bytes,    3927096 total
[2025-12-03T15:02:16.374+0000][7][gc,age      ] GC(82) - age  11:      89240 bytes,    4016336 total
[2025-12-03T15:02:16.374+0000][7][gc,age      ] GC(82) - age  12:      79304 bytes,    4095640 total
[2025-12-03T15:02:16.374+0000][7][gc,age      ] GC(82) - age  13:      19200 bytes,    4114840 total
[2025-12-03T15:02:16.374+0000][7][gc,age      ] GC(82) - age  14:      89632 bytes,    4204472 total
[2025-12-03T15:02:16.374+0000][7][gc,age      ] GC(82) - age  15:      18984 bytes,    4223456 total
[2025-12-03T15:02:16.374+0000][7][gc,phases   ] GC(82)   Pre Evacuate Collection Set: 0.3ms
[2025-12-03T15:02:16.374+0000][7][gc,phases   ] GC(82)   Merge Heap Roots: 0.1ms
[2025-12-03T15:02:16.374+0000][7][gc,phases   ] GC(82)   Evacuate Collection Set: 5.3ms
[2025-12-03T15:02:16.374+0000][7][gc,phases   ] GC(82)   Post Evacuate Collection Set: 1.5ms
[2025-12-03T15:02:16.374+0000][7][gc,phases   ] GC(82)   Other: 1.6ms
[2025-12-03T15:02:16.374+0000][7][gc,heap     ] GC(82) Eden regions: 68->0(68)
[2025-12-03T15:02:16.374+0000][7][gc,heap     ] GC(82) Survivor regions: 2->2(9)
[2025-12-03T15:02:16.374+0000][7][gc,heap     ] GC(82) Old regions: 31->31
[2025-12-03T15:02:16.374+0000][7][gc,heap     ] GC(82) Archive regions: 2->2
[2025-12-03T15:02:16.374+0000][7][gc,heap     ] GC(82) Humongous regions: 2->2
[2025-12-03T15:02:16.374+0000][7][gc,metaspace] GC(82) Metaspace: 114738K(116416K)->114738K(116416K) NonClass: 99940K(100864K)->99940K(100864K) Class: 14797K(15552K)->14797K(15552K)
[2025-12-03T15:02:16.374+0000][7][gc          ] GC(82) Pause Young (Normal) (G1 Evacuation Pause) 413M->140M(512M) 9.215ms
[2025-12-03T15:02:16.374+0000][7][gc,cpu      ] GC(82) User=0.04s Sys=0.00s Real=0.01s
[2025-12-03T15:02:16.374+0000][7][safepoint   ] Safepoint "G1CollectForAllocation", Time since last: 43635765145 ns, Reaching safepoint: 159875 ns, At safepoint: 9449292 ns, Total: 9609167 ns
[2025-12-03T15:02:23.385+0000][7][safepoint   ] Safepoint "Cleanup", Time since last: 7010532378 ns, Reaching safepoint: 157750 ns, At safepoint: 4958 ns, Total: 162708 ns
[2025-12-03T15:02:43.427+0000][7][safepoint   ] Safepoint "Cleanup", Time since last: 20040054509 ns, Reaching safepoint: 860834 ns, At safepoint: 34666 ns, Total: 895500 ns
[2025-12-03T15:02:57.446+0000][7][safepoint   ] Safepoint "Cleanup", Time since last: 14016834132 ns, Reaching safepoint: 819625 ns, At safepoint: 34833 ns, Total: 854458 ns
[2025-12-03T15:03:01.585+0000][7][gc,start    ] GC(83) Pause Young (Normal) (G1 Evacuation Pause)
[2025-12-03T15:03:01.585+0000][7][gc,task     ] GC(83) Using 8 workers of 8 for evacuation
[2025-12-03T15:03:01.586+0000][7][gc,age      ] GC(83) Desired survivor size 18874368 bytes, new threshold 15 (max threshold 15)
[2025-12-03T15:03:01.606+0000][7][gc,age      ] GC(83) Age table with threshold 15 (max threshold 15)
[2025-12-03T15:03:01.606+0000][7][gc,age      ] GC(83) - age   1:    3173960 bytes,    3173960 total
[2025-12-03T15:03:01.606+0000][7][gc,age      ] GC(83) - age   2:     934496 bytes,    4108456 total
[2025-12-03T15:03:01.606+0000][7][gc,age      ] GC(83) - age   3:     420024 bytes,    4528480 total
[2025-12-03T15:03:01.606+0000][7][gc,age      ] GC(83) - age   4:      49560 bytes,    4578040 total
[2025-12-03T15:03:01.607+0000][7][gc,age      ] GC(83) - age   5:     245664 bytes,    4823704 total
[2025-12-03T15:03:01.607+0000][7][gc,age      ] GC(83) - age   6:     827408 bytes,    5651112 total
[2025-12-03T15:03:01.609+0000][7][gc,age      ] GC(83) - age   7:     120072 bytes,    5771184 total
[2025-12-03T15:03:01.610+0000][7][gc,age      ] GC(83) - age   8:     249936 bytes,    6021120 total
[2025-12-03T15:03:01.610+0000][7][gc,age      ] GC(83) - age   9:      14608 bytes,    6035728 total
[2025-12-03T15:03:01.610+0000][7][gc,age      ] GC(83) - age  10:      85008 bytes,    6120736 total
[2025-12-03T15:03:01.610+0000][7][gc,age      ] GC(83) - age  11:      14440 bytes,    6135176 total
[2025-12-03T15:03:01.610+0000][7][gc,age      ] GC(83) - age  12:      89240 bytes,    6224416 total
[2025-12-03T15:03:01.611+0000][7][gc,age      ] GC(83) - age  13:      79304 bytes,    6303720 total
[2025-12-03T15:03:01.611+0000][7][gc,age      ] GC(83) - age  14:      19200 bytes,    6322920 total
[2025-12-03T15:03:01.611+0000][7][gc,age      ] GC(83) - age  15:      89632 bytes,    6412552 total
[2025-12-03T15:03:01.611+0000][7][gc,phases   ] GC(83)   Pre Evacuate Collection Set: 0.4ms
[2025-12-03T15:03:01.611+0000][7][gc,phases   ] GC(83)   Merge Heap Roots: 0.1ms
[2025-12-03T15:03:01.611+0000][7][gc,phases   ] GC(83)   Evacuate Collection Set: 14.5ms
[2025-12-03T15:03:01.611+0000][7][gc,phases   ] GC(83)   Post Evacuate Collection Set: 4.4ms
[2025-12-03T15:03:01.611+0000][7][gc,phases   ] GC(83)   Other: 6.6ms
[2025-12-03T15:03:01.611+0000][7][gc,heap     ] GC(83) Eden regions: 68->0(68)
[2025-12-03T15:03:01.611+0000][7][gc,heap     ] GC(83) Survivor regions: 2->2(9)
[2025-12-03T15:03:01.611+0000][7][gc,heap     ] GC(83) Old regions: 31->31
[2025-12-03T15:03:01.611+0000][7][gc,heap     ] GC(83) Archive regions: 2->2
[2025-12-03T15:03:01.611+0000][7][gc,heap     ] GC(83) Humongous regions: 2->2
[2025-12-03T15:03:01.611+0000][7][gc,metaspace] GC(83) Metaspace: 114744K(116416K)->114744K(116416K) NonClass: 99946K(100864K)->99946K(100864K) Class: 14797K(15552K)->14797K(15552K)
[2025-12-03T15:03:01.611+0000][7][gc          ] GC(83) Pause Young (Normal) (G1 Evacuation Pause) 412M->141M(512M) 26.431ms
[2025-12-03T15:03:01.611+0000][7][gc,cpu      ] GC(83) User=0.10s Sys=0.01s Real=0.03s
[2025-12-03T15:03:01.611+0000][7][safepoint   ] Safepoint "G1CollectForAllocation", Time since last: 4137957960 ns, Reaching safepoint: 1057959 ns, At safepoint: 26629375 ns, Total: 27687334 ns
[2025-12-03T15:03:03.617+0000][7][safepoint   ] Safepoint "Cleanup", Time since last: 2004996667 ns, Reaching safepoint: 796500 ns, At safepoint: 6542 ns, Total: 803042 ns
[2025-12-03T15:03:04.622+0000][7][safepoint   ] Safepoint "Cleanup", Time since last: 1005165751 ns, Reaching safepoint: 96041 ns, At safepoint: 3959 ns, Total: 100000 ns
[2025-12-03T15:03:23.651+0000][7][safepoint   ] Safepoint "Cleanup", Time since last: 19028138925 ns, Reaching safepoint: 139375 ns, At safepoint: 3750 ns, Total: 143125 ns
[2025-12-03T15:03:30.660+0000][7][safepoint   ] Safepoint "Cleanup", Time since last: 7008457670 ns, Reaching safepoint: 174125 ns, At safepoint: 11333 ns, Total: 185458 ns
[2025-12-03T15:03:43.675+0000][7][safepoint   ] Safepoint "Cleanup", Time since last: 13015129465 ns, Reaching safepoint: 238417 ns, At safepoint: 42583 ns, Total: 281000 ns
[2025-12-03T15:03:49.685+0000][7][safepoint   ] Safepoint "Cleanup", Time since last: 6009763503 ns, Reaching safepoint: 174041 ns, At safepoint: 10792 ns, Total: 184833 ns
[2025-12-03T15:03:49.723+0000][7][gc,start    ] GC(84) Pause Young (Normal) (G1 Evacuation Pause)
[2025-12-03T15:03:49.724+0000][7][gc,task     ] GC(84) Using 8 workers of 8 for evacuation
[2025-12-03T15:03:49.724+0000][7][gc,age      ] GC(84) Desired survivor size 18874368 bytes, new threshold 15 (max threshold 15)
[2025-12-03T15:03:49.738+0000][7][gc,age      ] GC(84) Age table with threshold 15 (max threshold 15)
[2025-12-03T15:03:49.739+0000][7][gc,age      ] GC(84) - age   1:    2134848 bytes,    2134848 total
[2025-12-03T15:03:49.739+0000][7][gc,age      ] GC(84) - age   2:     346664 bytes,    2481512 total
[2025-12-03T15:03:49.739+0000][7][gc,age      ] GC(84) - age   3:     654256 bytes,    3135768 total
[2025-12-03T15:03:49.739+0000][7][gc,age      ] GC(84) - age   4:     287992 bytes,    3423760 total
[2025-12-03T15:03:49.739+0000][7][gc,age      ] GC(84) - age   5:      48456 bytes,    3472216 total
[2025-12-03T15:03:49.739+0000][7][gc,age      ] GC(84) - age   6:     245512 bytes,    3717728 total
[2025-12-03T15:03:49.739+0000][7][gc,age      ] GC(84) - age   7:     827216 bytes,    4544944 total
[2025-12-03T15:03:49.739+0000][7][gc,age      ] GC(84) - age   8:     101712 bytes,    4646656 total
[2025-12-03T15:03:49.739+0000][7][gc,age      ] GC(84) - age   9:     160440 bytes,    4807096 total
[2025-12-03T15:03:49.739+0000][7][gc,age      ] GC(84) - age  10:      14544 bytes,    4821640 total
[2025-12-03T15:03:49.739+0000][7][gc,age      ] GC(84) - age  11:      84944 bytes,    4906584 total
[2025-12-03T15:03:49.739+0000][7][gc,age      ] GC(84) - age  12:      14440 bytes,    4921024 total
[2025-12-03T15:03:49.739+0000][7][gc,age      ] GC(84) - age  13:      89240 bytes,    5010264 total
[2025-12-03T15:03:49.739+0000][7][gc,age      ] GC(84) - age  14:      79304 bytes,    5089568 total
[2025-12-03T15:03:49.740+0000][7][gc,age      ] GC(84) - age  15:      19200 bytes,    5108768 total
[2025-12-03T15:03:49.740+0000][7][gc,phases   ] GC(84)   Pre Evacuate Collection Set: 0.8ms
[2025-12-03T15:03:49.740+0000][7][gc,phases   ] GC(84)   Merge Heap Roots: 0.3ms
[2025-12-03T15:03:49.740+0000][7][gc,phases   ] GC(84)   Evacuate Collection Set: 10.6ms
[2025-12-03T15:03:49.740+0000][7][gc,phases   ] GC(84)   Post Evacuate Collection Set: 2.6ms
[2025-12-03T15:03:49.740+0000][7][gc,phases   ] GC(84)   Other: 2.1ms
[2025-12-03T15:03:49.740+0000][7][gc,heap     ] GC(84) Eden regions: 68->0(68)
[2025-12-03T15:03:49.740+0000][7][gc,heap     ] GC(84) Survivor regions: 2->2(9)
[2025-12-03T15:03:49.740+0000][7][gc,heap     ] GC(84) Old regions: 31->31
[2025-12-03T15:03:49.740+0000][7][gc,heap     ] GC(84) Archive regions: 2->2
[2025-12-03T15:03:49.740+0000][7][gc,heap     ] GC(84) Humongous regions: 2->2
[2025-12-03T15:03:49.740+0000][7][gc,metaspace] GC(84) Metaspace: 114769K(116416K)->114769K(116416K) NonClass: 99972K(100864K)->99972K(100864K) Class: 14797K(15552K)->14797K(15552K)
[2025-12-03T15:03:49.740+0000][7][gc          ] GC(84) Pause Young (Normal) (G1 Evacuation Pause) 413M->140M(512M) 16.968ms
[2025-12-03T15:03:49.740+0000][7][gc,cpu      ] GC(84) User=0.08s Sys=0.01s Real=0.02s
[2025-12-03T15:03:49.740+0000][7][safepoint   ] Safepoint "G1CollectForAllocation", Time since last: 37635000 ns, Reaching safepoint: 159875 ns, At safepoint: 17236500 ns, Total: 17396375 ns
[2025-12-03T15:04:03.761+0000][7][safepoint   ] Safepoint "Cleanup", Time since last: 14019923881 ns, Reaching safepoint: 167833 ns, At safepoint: 10209 ns, Total: 178042 ns
[2025-12-03T15:04:11.771+0000][7][safepoint   ] Safepoint "Cleanup", Time since last: 8008785879 ns, Reaching safepoint: 281666 ns, At safepoint: 5084 ns, Total: 286750 ns
[2025-12-03T15:04:12.771+0000][7][safepoint   ] Safepoint "Cleanup", Time since last: 1000605333 ns, Reaching safepoint: 203875 ns, At safepoint: 8792 ns, Total: 212667 ns
[2025-12-03T15:04:22.782+0000][7][safepoint   ] Safepoint "Cleanup", Time since last: 10009943463 ns, Reaching safepoint: 414417 ns, At safepoint: 3292 ns, Total: 417709 ns
[2025-12-03T15:04:29.793+0000][7][safepoint   ] Safepoint "Cleanup", Time since last: 7010857752 ns, Reaching safepoint: 131750 ns, At safepoint: 7459 ns, Total: 139209 ns
[2025-12-03T15:04:33.798+0000][7][safepoint   ] Safepoint "Cleanup", Time since last: 4004748251 ns, Reaching safepoint: 159375 ns, At safepoint: 5334 ns, Total: 164709 ns
[2025-12-03T15:04:34.389+0000][7][gc,start    ] GC(85) Pause Young (Normal) (G1 Evacuation Pause)
[2025-12-03T15:04:34.390+0000][7][gc,task     ] GC(85) Using 8 workers of 8 for evacuation
[2025-12-03T15:04:34.390+0000][7][gc,age      ] GC(85) Desired survivor size 18874368 bytes, new threshold 15 (max threshold 15)
[2025-12-03T15:04:34.401+0000][7][gc,age      ] GC(85) Age table with threshold 15 (max threshold 15)
[2025-12-03T15:04:34.401+0000][7][gc,age      ] GC(85) - age   1:    3147152 bytes,    3147152 total
[2025-12-03T15:04:34.401+0000][7][gc,age      ] GC(85) - age   2:     469864 bytes,    3617016 total
[2025-12-03T15:04:34.401+0000][7][gc,age      ] GC(85) - age   3:     211808 bytes,    3828824 total
[2025-12-03T15:04:34.401+0000][7][gc,age      ] GC(85) - age   4:      23664 bytes,    3852488 total
[2025-12-03T15:04:34.401+0000][7][gc,age      ] GC(85) - age   5:     156312 bytes,    4008800 total
[2025-12-03T15:04:34.401+0000][7][gc,age      ] GC(85) - age   6:      48360 bytes,    4057160 total
[2025-12-03T15:04:34.401+0000][7][gc,age      ] GC(85) - age   7:     245512 bytes,    4302672 total
[2025-12-03T15:04:34.402+0000][7][gc,age      ] GC(85) - age   8:      23936 bytes,    4326608 total
[2025-12-03T15:04:34.402+0000][7][gc,age      ] GC(85) - age   9:     101712 bytes,    4428320 total
[2025-12-03T15:04:34.402+0000][7][gc,age      ] GC(85) - age  10:     160440 bytes,    4588760 total
[2025-12-03T15:04:34.402+0000][7][gc,age      ] GC(85) - age  11:      14480 bytes,    4603240 total
[2025-12-03T15:04:34.402+0000][7][gc,age      ] GC(85) - age  12:      84944 bytes,    4688184 total
[2025-12-03T15:04:34.402+0000][7][gc,age      ] GC(85) - age  13:      14440 bytes,    4702624 total
[2025-12-03T15:04:34.402+0000][7][gc,age      ] GC(85) - age  14:      89240 bytes,    4791864 total
[2025-12-03T15:04:34.402+0000][7][gc,age      ] GC(85) - age  15:      79304 bytes,    4871168 total
[2025-12-03T15:04:34.402+0000][7][gc,phases   ] GC(85)   Pre Evacuate Collection Set: 0.3ms
[2025-12-03T15:04:34.403+0000][7][gc,phases   ] GC(85)   Merge Heap Roots: 0.2ms
[2025-12-03T15:04:34.403+0000][7][gc,phases   ] GC(85)   Evacuate Collection Set: 7.9ms
[2025-12-03T15:04:34.403+0000][7][gc,phases   ] GC(85)   Post Evacuate Collection Set: 2.1ms
[2025-12-03T15:04:34.403+0000][7][gc,phases   ] GC(85)   Other: 2.5ms
[2025-12-03T15:04:34.403+0000][7][gc,heap     ] GC(85) Eden regions: 68->0(68)
[2025-12-03T15:04:34.403+0000][7][gc,heap     ] GC(85) Survivor regions: 2->2(9)
[2025-12-03T15:04:34.403+0000][7][gc,heap     ] GC(85) Old regions: 31->31
[2025-12-03T15:04:34.403+0000][7][gc,heap     ] GC(85) Archive regions: 2->2
[2025-12-03T15:04:34.403+0000][7][gc,heap     ] GC(85) Humongous regions: 2->2
[2025-12-03T15:04:34.403+0000][7][gc,metaspace] GC(85) Metaspace: 114771K(116416K)->114771K(116416K) NonClass: 99974K(100864K)->99974K(100864K) Class: 14797K(15552K)->14797K(15552K)
[2025-12-03T15:04:34.403+0000][7][gc          ] GC(85) Pause Young (Normal) (G1 Evacuation Pause) 412M->140M(512M) 13.653ms
[2025-12-03T15:04:34.403+0000][7][gc,cpu      ] GC(85) User=0.04s Sys=0.01s Real=0.02s
[2025-12-03T15:04:34.403+0000][7][safepoint   ] Safepoint "G1CollectForAllocation", Time since last: 591210208 ns, Reaching safepoint: 116334 ns, At safepoint: 13918958 ns, Total: 14035292 ns
[2025-12-03T15:04:41.415+0000][7][safepoint   ] Safepoint "Cleanup", Time since last: 7011228295 ns, Reaching safepoint: 283958 ns, At safepoint: 72792 ns, Total: 356750 ns
[2025-12-03T15:04:42.418+0000][7][safepoint   ] Safepoint "Cleanup", Time since last: 1003309167 ns, Reaching safepoint: 159334 ns, At safepoint: 12916 ns, Total: 172250 ns
[2025-12-03T15:04:43.420+0000][7][safepoint   ] Safepoint "Cleanup", Time since last: 1001311709 ns, Reaching safepoint: 138500 ns, At safepoint: 6958 ns, Total: 145458 ns
[2025-12-03T15:04:44.431+0000][7][safepoint   ] Safepoint "Cleanup", Time since last: 1010808168 ns, Reaching safepoint: 194625 ns, At safepoint: 4333 ns, Total: 198958 ns
[2025-12-03T15:04:47.435+0000][7][safepoint   ] Safepoint "Cleanup", Time since last: 3003865210 ns, Reaching safepoint: 279375 ns, At safepoint: 17666 ns, Total: 297041 ns
[2025-12-03T15:04:53.441+0000][7][safepoint   ] Safepoint "Cleanup", Time since last: 6005826545 ns, Reaching safepoint: 508458 ns, At safepoint: 16375 ns, Total: 524833 ns
[2025-12-03T15:04:58.447+0000][7][safepoint   ] Safepoint "Cleanup", Time since last: 5004457252 ns, Reaching safepoint: 164541 ns, At safepoint: 14917 ns, Total: 179458 ns
[2025-12-03T15:05:14.468+0000][7][safepoint   ] Safepoint "Cleanup", Time since last: 16021015883 ns, Reaching safepoint: 275583 ns, At safepoint: 4333 ns, Total: 279916 ns
[2025-12-03T15:05:17.211+0000][7][gc,start    ] GC(86) Pause Young (Normal) (G1 Evacuation Pause)
[2025-12-03T15:05:17.211+0000][7][gc,task     ] GC(86) Using 8 workers of 8 for evacuation
[2025-12-03T15:05:17.211+0000][7][gc,age      ] GC(86) Desired survivor size 18874368 bytes, new threshold 15 (max threshold 15)
[2025-12-03T15:05:17.226+0000][7][gc,age      ] GC(86) Age table with threshold 15 (max threshold 15)
[2025-12-03T15:05:17.226+0000][7][gc,age      ] GC(86) - age   1:    3811928 bytes,    3811928 total
[2025-12-03T15:05:17.226+0000][7][gc,age      ] GC(86) - age   2:    1691040 bytes,    5502968 total
[2025-12-03T15:05:17.226+0000][7][gc,age      ] GC(86) - age   3:     336176 bytes,    5839144 total
[2025-12-03T15:05:17.226+0000][7][gc,age      ] GC(86) - age   4:     211024 bytes,    6050168 total
[2025-12-03T15:05:17.226+0000][7][gc,age      ] GC(86) - age   5:      23280 bytes,    6073448 total
[2025-12-03T15:05:17.226+0000][7][gc,age      ] GC(86) - age   6:     156248 bytes,    6229696 total
[2025-12-03T15:05:17.226+0000][7][gc,age      ] GC(86) - age   7:      48296 bytes,    6277992 total
[2025-12-03T15:05:17.226+0000][7][gc,age      ] GC(86) - age   8:     159992 bytes,    6437984 total
[2025-12-03T15:05:17.226+0000][7][gc,age      ] GC(86) - age   9:      12008 bytes,    6449992 total
[2025-12-03T15:05:17.226+0000][7][gc,age      ] GC(86) - age  10:     101712 bytes,    6551704 total
[2025-12-03T15:05:17.226+0000][7][gc,age      ] GC(86) - age  11:     160440 bytes,    6712144 total
[2025-12-03T15:05:17.226+0000][7][gc,age      ] GC(86) - age  12:      14416 bytes,    6726560 total
[2025-12-03T15:05:17.226+0000][7][gc,age      ] GC(86) - age  13:      84584 bytes,    6811144 total
[2025-12-03T15:05:17.226+0000][7][gc,age      ] GC(86) - age  14:      14312 bytes,    6825456 total
[2025-12-03T15:05:17.226+0000][7][gc,age      ] GC(86) - age  15:      89240 bytes,    6914696 total
[2025-12-03T15:05:17.227+0000][7][gc,phases   ] GC(86)   Pre Evacuate Collection Set: 0.4ms
[2025-12-03T15:05:17.227+0000][7][gc,phases   ] GC(86)   Merge Heap Roots: 0.2ms
[2025-12-03T15:05:17.227+0000][7][gc,phases   ] GC(86)   Evacuate Collection Set: 8.9ms
[2025-12-03T15:05:17.227+0000][7][gc,phases   ] GC(86)   Post Evacuate Collection Set: 4.7ms
[2025-12-03T15:05:17.227+0000][7][gc,phases   ] GC(86)   Other: 1.5ms
[2025-12-03T15:05:17.227+0000][7][gc,heap     ] GC(86) Eden regions: 68->0(68)
[2025-12-03T15:05:17.227+0000][7][gc,heap     ] GC(86) Survivor regions: 2->2(9)
[2025-12-03T15:05:17.227+0000][7][gc,heap     ] GC(86) Old regions: 31->31
[2025-12-03T15:05:17.227+0000][7][gc,heap     ] GC(86) Archive regions: 2->2
[2025-12-03T15:05:17.227+0000][7][gc,heap     ] GC(86) Humongous regions: 2->2
[2025-12-03T15:05:17.227+0000][7][gc,metaspace] GC(86) Metaspace: 114772K(116416K)->114772K(116416K) NonClass: 99974K(100864K)->99974K(100864K) Class: 14797K(15552K)->14797K(15552K)
[2025-12-03T15:05:17.227+0000][7][gc          ] GC(86) Pause Young (Normal) (G1 Evacuation Pause) 412M->142M(512M) 16.136ms
[2025-12-03T15:05:17.227+0000][7][gc,cpu      ] GC(86) User=0.08s Sys=0.00s Real=0.02s
[2025-12-03T15:05:17.227+0000][7][safepoint   ] Safepoint "G1CollectForAllocation", Time since last: 2742458835 ns, Reaching safepoint: 123542 ns, At safepoint: 16432500 ns, Total: 16556042 ns
[2025-12-03T15:05:20.231+0000][7][safepoint   ] Safepoint "Cleanup", Time since last: 3003190293 ns, Reaching safepoint: 99833 ns, At safepoint: 11583 ns, Total: 111416 ns
[2025-12-03T15:06:02.818+0000][7][gc,start    ] GC(87) Pause Young (Normal) (G1 Evacuation Pause)
[2025-12-03T15:06:02.819+0000][7][gc,task     ] GC(87) Using 8 workers of 8 for evacuation
[2025-12-03T15:06:02.819+0000][7][gc,age      ] GC(87) Desired survivor size 18874368 bytes, new threshold 15 (max threshold 15)
[2025-12-03T15:06:02.839+0000][7][gc,age      ] GC(87) Age table with threshold 15 (max threshold 15)
[2025-12-03T15:06:02.840+0000][7][gc,age      ] GC(87) - age   1:    2251512 bytes,    2251512 total
[2025-12-03T15:06:02.840+0000][7][gc,age      ] GC(87) - age   2:     522344 bytes,    2773856 total
[2025-12-03T15:06:02.840+0000][7][gc,age      ] GC(87) - age   3:    1556648 bytes,    4330504 total
[2025-12-03T15:06:02.840+0000][7][gc,age      ] GC(87) - age   4:     203912 bytes,    4534416 total
[2025-12-03T15:06:02.840+0000][7][gc,age      ] GC(87) - age   5:     210472 bytes,    4744888 total
[2025-12-03T15:06:02.840+0000][7][gc,age      ] GC(87) - age   6:      23088 bytes,    4767976 total
[2025-12-03T15:06:02.840+0000][7][gc,age      ] GC(87) - age   7:     156152 bytes,    4924128 total
[2025-12-03T15:06:02.841+0000][7][gc,age      ] GC(87) - age   8:      48296 bytes,    4972424 total
[2025-12-03T15:06:02.841+0000][7][gc,age      ] GC(87) - age   9:      82400 bytes,    5054824 total
[2025-12-03T15:06:02.841+0000][7][gc,age      ] GC(87) - age  10:      11976 bytes,    5066800 total
[2025-12-03T15:06:02.841+0000][7][gc,age      ] GC(87) - age  11:     101712 bytes,    5168512 total
[2025-12-03T15:06:02.841+0000][7][gc,age      ] GC(87) - age  12:     160440 bytes,    5328952 total
[2025-12-03T15:06:02.841+0000][7][gc,age      ] GC(87) - age  13:      14416 bytes,    5343368 total
[2025-12-03T15:06:02.841+0000][7][gc,age      ] GC(87) - age  14:      84584 bytes,    5427952 total
[2025-12-03T15:06:02.841+0000][7][gc,age      ] GC(87) - age  15:      14312 bytes,    5442264 total
[2025-12-03T15:06:02.841+0000][7][gc,phases   ] GC(87)   Pre Evacuate Collection Set: 0.3ms
[2025-12-03T15:06:02.841+0000][7][gc,phases   ] GC(87)   Merge Heap Roots: 0.1ms
[2025-12-03T15:06:02.841+0000][7][gc,phases   ] GC(87)   Evacuate Collection Set: 17.0ms
[2025-12-03T15:06:02.841+0000][7][gc,phases   ] GC(87)   Post Evacuate Collection Set: 2.7ms
[2025-12-03T15:06:02.841+0000][7][gc,phases   ] GC(87)   Other: 2.7ms
[2025-12-03T15:06:02.841+0000][7][gc,heap     ] GC(87) Eden regions: 68->0(68)
[2025-12-03T15:06:02.841+0000][7][gc,heap     ] GC(87) Survivor regions: 2->2(9)
[2025-12-03T15:06:02.841+0000][7][gc,heap     ] GC(87) Old regions: 31->31
[2025-12-03T15:06:02.842+0000][7][gc,heap     ] GC(87) Archive regions: 2->2
[2025-12-03T15:06:02.842+0000][7][gc,heap     ] GC(87) Humongous regions: 2->2
[2025-12-03T15:06:02.842+0000][7][gc,metaspace] GC(87) Metaspace: 114772K(116416K)->114772K(116416K) NonClass: 99974K(100864K)->99974K(100864K) Class: 14797K(15552K)->14797K(15552K)
[2025-12-03T15:06:02.842+0000][7][gc          ] GC(87) Pause Young (Normal) (G1 Evacuation Pause) 414M->141M(512M) 23.375ms
[2025-12-03T15:06:02.842+0000][7][gc,cpu      ] GC(87) User=0.11s Sys=0.01s Real=0.02s
[2025-12-03T15:06:02.842+0000][7][safepoint   ] Safepoint "G1CollectForAllocation", Time since last: 42585888145 ns, Reaching safepoint: 303208 ns, At safepoint: 23712334 ns, Total: 24015542 ns
[2025-12-03T15:06:16.863+0000][7][safepoint   ] Safepoint "Cleanup", Time since last: 14021035673 ns, Reaching safepoint: 116125 ns, At safepoint: 3167 ns, Total: 119292 ns
[2025-12-03T15:06:17.864+0000][7][safepoint   ] Safepoint "Cleanup", Time since last: 1000916959 ns, Reaching safepoint: 82791 ns, At safepoint: 3292 ns, Total: 86083 ns
[2025-12-03T15:06:22.873+0000][7][safepoint   ] Safepoint "Cleanup", Time since last: 5008521711 ns, Reaching safepoint: 100000 ns, At safepoint: 5125 ns, Total: 105125 ns
[2025-12-03T15:06:49.467+0000][7][gc,start    ] GC(88) Pause Young (Normal) (G1 Evacuation Pause)
[2025-12-03T15:06:49.468+0000][7][gc,task     ] GC(88) Using 8 workers of 8 for evacuation
[2025-12-03T15:06:49.468+0000][7][gc,age      ] GC(88) Desired survivor size 18874368 bytes, new threshold 15 (max threshold 15)
[2025-12-03T15:06:49.481+0000][7][gc,age      ] GC(88) Age table with threshold 15 (max threshold 15)
[2025-12-03T15:06:49.481+0000][7][gc,age      ] GC(88) - age   1:    3108456 bytes,    3108456 total
[2025-12-03T15:06:49.481+0000][7][gc,age      ] GC(88) - age   2:     365248 bytes,    3473704 total
[2025-12-03T15:06:49.482+0000][7][gc,age      ] GC(88) - age   3:     119880 bytes,    3593584 total
[2025-12-03T15:06:49.482+0000][7][gc,age      ] GC(88) - age   4:    1547608 bytes,    5141192 total
[2025-12-03T15:06:49.482+0000][7][gc,age      ] GC(88) - age   5:     199304 bytes,    5340496 total
[2025-12-03T15:06:49.482+0000][7][gc,age      ] GC(88) - age   6:     202104 bytes,    5542600 total
[2025-12-03T15:06:49.482+0000][7][gc,age      ] GC(88) - age   7:      18920 bytes,    5561520 total
[2025-12-03T15:06:49.482+0000][7][gc,age      ] GC(88) - age   8:     147816 bytes,    5709336 total
[2025-12-03T15:06:49.482+0000][7][gc,age      ] GC(88) - age   9:      36288 bytes,    5745624 total
[2025-12-03T15:06:49.482+0000][7][gc,age      ] GC(88) - age  10:      74064 bytes,    5819688 total
[2025-12-03T15:06:49.482+0000][7][gc,age      ] GC(88) - age  11:       7808 bytes,    5827496 total
[2025-12-03T15:06:49.482+0000][7][gc,age      ] GC(88) - age  12:      93376 bytes,    5920872 total
[2025-12-03T15:06:49.482+0000][7][gc,age      ] GC(88) - age  13:     152104 bytes,    6072976 total
[2025-12-03T15:06:49.482+0000][7][gc,age      ] GC(88) - age  14:      10248 bytes,    6083224 total
[2025-12-03T15:06:49.482+0000][7][gc,age      ] GC(88) - age  15:      76248 bytes,    6159472 total
[2025-12-03T15:06:49.482+0000][7][gc,phases   ] GC(88)   Pre Evacuate Collection Set: 0.7ms
[2025-12-03T15:06:49.482+0000][7][gc,phases   ] GC(88)   Merge Heap Roots: 0.2ms
[2025-12-03T15:06:49.482+0000][7][gc,phases   ] GC(88)   Evacuate Collection Set: 9.8ms
[2025-12-03T15:06:49.482+0000][7][gc,phases   ] GC(88)   Post Evacuate Collection Set: 2.6ms
[2025-12-03T15:06:49.483+0000][7][gc,phases   ] GC(88)   Other: 1.9ms
[2025-12-03T15:06:49.483+0000][7][gc,heap     ] GC(88) Eden regions: 68->0(68)
[2025-12-03T15:06:49.483+0000][7][gc,heap     ] GC(88) Survivor regions: 2->2(9)
[2025-12-03T15:06:49.483+0000][7][gc,heap     ] GC(88) Old regions: 31->31
[2025-12-03T15:06:49.483+0000][7][gc,heap     ] GC(88) Archive regions: 2->2
[2025-12-03T15:06:49.483+0000][7][gc,heap     ] GC(88) Humongous regions: 2->2
[2025-12-03T15:06:49.483+0000][7][gc,metaspace] GC(88) Metaspace: 114778K(116416K)->114778K(116416K) NonClass: 99981K(100864K)->99981K(100864K) Class: 14797K(15552K)->14797K(15552K)
[2025-12-03T15:06:49.483+0000][7][gc          ] GC(88) Pause Young (Normal) (G1 Evacuation Pause) 413M->142M(512M) 15.762ms
[2025-12-03T15:06:49.483+0000][7][gc,cpu      ] GC(88) User=0.08s Sys=0.00s Real=0.01s
[2025-12-03T15:06:49.483+0000][7][safepoint   ] Safepoint "G1CollectForAllocation", Time since last: 26593698261 ns, Reaching safepoint: 158125 ns, At safepoint: 15997667 ns, Total: 16155792 ns
[2025-12-03T15:06:58.493+0000][7][safepoint   ] Safepoint "Cleanup", Time since last: 9008321045 ns, Reaching safepoint: 60542 ns, At safepoint: 14250 ns, Total: 74792 ns
[2025-12-03T15:07:02.498+0000][7][safepoint   ] Safepoint "Cleanup", Time since last: 4005060043 ns, Reaching safepoint: 267042 ns, At safepoint: 13292 ns, Total: 280334 ns
[2025-12-03T15:07:03.499+0000][7][safepoint   ] Safepoint "Cleanup", Time since last: 1000787583 ns, Reaching safepoint: 177084 ns, At safepoint: 6791 ns, Total: 183875 ns
[2025-12-03T15:07:07.504+0000][7][safepoint   ] Safepoint "Cleanup", Time since last: 4004047544 ns, Reaching safepoint: 119208 ns, At safepoint: 5584 ns, Total: 124792 ns
[2025-12-03T15:07:14.510+0000][7][safepoint   ] Safepoint "Cleanup", Time since last: 7006543378 ns, Reaching safepoint: 125167 ns, At safepoint: 7083 ns, Total: 132250 ns
[2025-12-03T15:07:22.520+0000][7][safepoint   ] Safepoint "Cleanup", Time since last: 8009764295 ns, Reaching safepoint: 101542 ns, At safepoint: 3500 ns, Total: 105042 ns
[2025-12-03T15:07:33.537+0000][7][safepoint   ] Safepoint "Cleanup", Time since last: 11015344588 ns, Reaching safepoint: 603584 ns, At safepoint: 17916 ns, Total: 621500 ns
[2025-12-03T15:07:34.504+0000][7][gc,start    ] GC(89) Pause Young (Normal) (G1 Evacuation Pause)
[2025-12-03T15:07:34.504+0000][7][gc,task     ] GC(89) Using 8 workers of 8 for evacuation
[2025-12-03T15:07:34.505+0000][7][gc,age      ] GC(89) Desired survivor size 18874368 bytes, new threshold 15 (max threshold 15)
[2025-12-03T15:07:34.514+0000][7][gc,age      ] GC(89) Age table with threshold 15 (max threshold 15)
[2025-12-03T15:07:34.514+0000][7][gc,age      ] GC(89) - age   1:    3757456 bytes,    3757456 total
[2025-12-03T15:07:34.514+0000][7][gc,age      ] GC(89) - age   2:     575992 bytes,    4333448 total
[2025-12-03T15:07:34.514+0000][7][gc,age      ] GC(89) - age   3:      97840 bytes,    4431288 total
[2025-12-03T15:07:34.514+0000][7][gc,age      ] GC(89) - age   4:     118568 bytes,    4549856 total
[2025-12-03T15:07:34.514+0000][7][gc,age      ] GC(89) - age   5:    1049048 bytes,    5598904 total
[2025-12-03T15:07:34.514+0000][7][gc,age      ] GC(89) - age   6:     199048 bytes,    5797952 total
[2025-12-03T15:07:34.514+0000][7][gc,age      ] GC(89) - age   7:     202104 bytes,    6000056 total
[2025-12-03T15:07:34.515+0000][7][gc,age      ] GC(89) - age   8:      18536 bytes,    6018592 total
[2025-12-03T15:07:34.515+0000][7][gc,age      ] GC(89) - age   9:     108856 bytes,    6127448 total
[2025-12-03T15:07:34.515+0000][7][gc,age      ] GC(89) - age  10:      11936 bytes,    6139384 total
[2025-12-03T15:07:34.515+0000][7][gc,age      ] GC(89) - age  11:      74064 bytes,    6213448 total
[2025-12-03T15:07:34.515+0000][7][gc,age      ] GC(89) - age  12:       7808 bytes,    6221256 total
[2025-12-03T15:07:34.515+0000][7][gc,age      ] GC(89) - age  13:      93376 bytes,    6314632 total
[2025-12-03T15:07:34.515+0000][7][gc,age      ] GC(89) - age  14:     152104 bytes,    6466736 total
[2025-12-03T15:07:34.515+0000][7][gc,age      ] GC(89) - age  15:      10248 bytes,    6476984 total
[2025-12-03T15:07:34.515+0000][7][gc,phases   ] GC(89)   Pre Evacuate Collection Set: 0.4ms
[2025-12-03T15:07:34.515+0000][7][gc,phases   ] GC(89)   Merge Heap Roots: 0.2ms
[2025-12-03T15:07:34.515+0000][7][gc,phases   ] GC(89)   Evacuate Collection Set: 6.5ms
[2025-12-03T15:07:34.515+0000][7][gc,phases   ] GC(89)   Post Evacuate Collection Set: 2.1ms
[2025-12-03T15:07:34.515+0000][7][gc,phases   ] GC(89)   Other: 2.0ms
[2025-12-03T15:07:34.515+0000][7][gc,heap     ] GC(89) Eden regions: 68->0(68)
[2025-12-03T15:07:34.516+0000][7][gc,heap     ] GC(89) Survivor regions: 2->2(9)
[2025-12-03T15:07:34.516+0000][7][gc,heap     ] GC(89) Old regions: 31->31
[2025-12-03T15:07:34.516+0000][7][gc,heap     ] GC(89) Archive regions: 2->2
[2025-12-03T15:07:34.516+0000][7][gc,heap     ] GC(89) Humongous regions: 2->2
[2025-12-03T15:07:34.516+0000][7][gc,metaspace] GC(89) Metaspace: 114790K(116480K)->114790K(116480K) NonClass: 99992K(100928K)->99992K(100928K) Class: 14797K(15552K)->14797K(15552K)
[2025-12-03T15:07:34.516+0000][7][gc          ] GC(89) Pause Young (Normal) (G1 Evacuation Pause) 414M->142M(512M) 11.959ms
[2025-12-03T15:07:34.516+0000][7][gc,cpu      ] GC(89) User=0.04s Sys=0.00s Real=0.01s
[2025-12-03T15:07:34.516+0000][7][safepoint   ] Safepoint "G1CollectForAllocation", Time since last: 966372001 ns, Reaching safepoint: 127375 ns, At safepoint: 12359208 ns, Total: 12486583 ns
[2025-12-03T15:07:40.525+0000][7][safepoint   ] Safepoint "Cleanup", Time since last: 6009083336 ns, Reaching safepoint: 64125 ns, At safepoint: 4125 ns, Total: 68250 ns
[2025-12-03T15:07:42.032+0000][7][safepoint   ] Safepoint "Cleanup", Time since last: 1506937376 ns, Reaching safepoint: 96708 ns, At safepoint: 6292 ns, Total: 103000 ns
[2025-12-03T15:07:50.051+0000][7][safepoint   ] Safepoint "Cleanup", Time since last: 8018111671 ns, Reaching safepoint: 111791 ns, At safepoint: 5584 ns, Total: 117375 ns
[2025-12-03T15:08:22.769+0000][7][gc,start    ] GC(90) Pause Young (Normal) (G1 Evacuation Pause)
[2025-12-03T15:08:22.770+0000][7][gc,task     ] GC(90) Using 8 workers of 8 for evacuation
[2025-12-03T15:08:22.770+0000][7][gc,age      ] GC(90) Desired survivor size 18874368 bytes, new threshold 15 (max threshold 15)
[2025-12-03T15:08:22.780+0000][7][gc,age      ] GC(90) Age table with threshold 15 (max threshold 15)
[2025-12-03T15:08:22.780+0000][7][gc,age      ] GC(90) - age   1:    3125336 bytes,    3125336 total
[2025-12-03T15:08:22.780+0000][7][gc,age      ] GC(90) - age   2:     899664 bytes,    4025000 total
[2025-12-03T15:08:22.780+0000][7][gc,age      ] GC(90) - age   3:     442560 bytes,    4467560 total
[2025-12-03T15:08:22.780+0000][7][gc,age      ] GC(90) - age   4:      96920 bytes,    4564480 total
[2025-12-03T15:08:22.780+0000][7][gc,age      ] GC(90) - age   5:     118376 bytes,    4682856 total
[2025-12-03T15:08:22.780+0000][7][gc,age      ] GC(90) - age   6:    1048856 bytes,    5731712 total
[2025-12-03T15:08:22.780+0000][7][gc,age      ] GC(90) - age   7:     198984 bytes,    5930696 total
[2025-12-03T15:08:22.780+0000][7][gc,age      ] GC(90) - age   8:     202104 bytes,    6132800 total
[2025-12-03T15:08:22.780+0000][7][gc,age      ] GC(90) - age   9:      18536 bytes,    6151336 total
[2025-12-03T15:08:22.780+0000][7][gc,age      ] GC(90) - age  10:     108856 bytes,    6260192 total
[2025-12-03T15:08:22.781+0000][7][gc,age      ] GC(90) - age  11:      11936 bytes,    6272128 total
[2025-12-03T15:08:22.781+0000][7][gc,age      ] GC(90) - age  12:      74064 bytes,    6346192 total
[2025-12-03T15:08:22.781+0000][7][gc,age      ] GC(90) - age  13:       7808 bytes,    6354000 total
[2025-12-03T15:08:22.781+0000][7][gc,age      ] GC(90) - age  14:      93176 bytes,    6447176 total
[2025-12-03T15:08:22.781+0000][7][gc,age      ] GC(90) - age  15:     152104 bytes,    6599280 total
[2025-12-03T15:08:22.781+0000][7][gc,phases   ] GC(90)   Pre Evacuate Collection Set: 0.5ms
[2025-12-03T15:08:22.781+0000][7][gc,phases   ] GC(90)   Merge Heap Roots: 0.2ms
[2025-12-03T15:08:22.781+0000][7][gc,phases   ] GC(90)   Evacuate Collection Set: 7.0ms
[2025-12-03T15:08:22.781+0000][7][gc,phases   ] GC(90)   Post Evacuate Collection Set: 1.6ms
[2025-12-03T15:08:22.781+0000][7][gc,phases   ] GC(90)   Other: 2.1ms
[2025-12-03T15:08:22.781+0000][7][gc,heap     ] GC(90) Eden regions: 68->0(68)
[2025-12-03T15:08:22.781+0000][7][gc,heap     ] GC(90) Survivor regions: 2->2(9)
[2025-12-03T15:08:22.781+0000][7][gc,heap     ] GC(90) Old regions: 31->31
[2025-12-03T15:08:22.781+0000][7][gc,heap     ] GC(90) Archive regions: 2->2
[2025-12-03T15:08:22.781+0000][7][gc,heap     ] GC(90) Humongous regions: 2->2
[2025-12-03T15:08:22.781+0000][7][gc,metaspace] GC(90) Metaspace: 114790K(116480K)->114790K(116480K) NonClass: 99993K(100928K)->99993K(100928K) Class: 14797K(15552K)->14797K(15552K)
[2025-12-03T15:08:22.781+0000][7][gc          ] GC(90) Pause Young (Normal) (G1 Evacuation Pause) 414M->142M(512M) 11.978ms
[2025-12-03T15:08:22.782+0000][7][gc,cpu      ] GC(90) User=0.06s Sys=0.00s Real=0.01s
[2025-12-03T15:08:22.782+0000][7][safepoint   ] Safepoint "G1CollectForAllocation", Time since last: 32717682806 ns, Reaching safepoint: 309459 ns, At safepoint: 12246333 ns, Total: 12555792 ns
[2025-12-03T15:08:32.805+0000][7][safepoint   ] Safepoint "Cleanup", Time since last: 10020484921 ns, Reaching safepoint: 1244375 ns, At safepoint: 17208 ns, Total: 1261583 ns
[2025-12-03T15:08:58.839+0000][7][safepoint   ] Safepoint "Cleanup", Time since last: 26033777636 ns, Reaching safepoint: 531459 ns, At safepoint: 34250 ns, Total: 565709 ns
[2025-12-03T15:08:59.843+0000][7][safepoint   ] Safepoint "Cleanup", Time since last: 1002809542 ns, Reaching safepoint: 345042 ns, At safepoint: 11583 ns, Total: 356625 ns
[2025-12-03T15:09:04.501+0000][7][gc,start    ] GC(91) Pause Young (Normal) (G1 Evacuation Pause)
[2025-12-03T15:09:04.501+0000][7][gc,task     ] GC(91) Using 8 workers of 8 for evacuation
[2025-12-03T15:09:04.501+0000][7][gc,age      ] GC(91) Desired survivor size 18874368 bytes, new threshold 15 (max threshold 15)
[2025-12-03T15:09:04.513+0000][7][gc,age      ] GC(91) Age table with threshold 15 (max threshold 15)
[2025-12-03T15:09:04.513+0000][7][gc,age      ] GC(91) - age   1:    1711368 bytes,    1711368 total
[2025-12-03T15:09:04.514+0000][7][gc,age      ] GC(91) - age   2:     284096 bytes,    1995464 total
[2025-12-03T15:09:04.514+0000][7][gc,age      ] GC(91) - age   3:     630960 bytes,    2626424 total
[2025-12-03T15:09:04.515+0000][7][gc,age      ] GC(91) - age   4:     442176 bytes,    3068600 total
[2025-12-03T15:09:04.515+0000][7][gc,age      ] GC(91) - age   5:      96520 bytes,    3165120 total
[2025-12-03T15:09:04.515+0000][7][gc,age      ] GC(91) - age   6:     117680 bytes,    3282800 total
[2025-12-03T15:09:04.515+0000][7][gc,age      ] GC(91) - age   7:    1048856 bytes,    4331656 total
[2025-12-03T15:09:04.515+0000][7][gc,age      ] GC(91) - age   8:     198920 bytes,    4530576 total
[2025-12-03T15:09:04.515+0000][7][gc,age      ] GC(91) - age   9:       8088 bytes,    4538664 total
[2025-12-03T15:09:04.515+0000][7][gc,age      ] GC(91) - age  10:      18536 bytes,    4557200 total
[2025-12-03T15:09:04.515+0000][7][gc,age      ] GC(91) - age  11:     108856 bytes,    4666056 total
[2025-12-03T15:09:04.515+0000][7][gc,age      ] GC(91) - age  12:      11936 bytes,    4677992 total
[2025-12-03T15:09:04.515+0000][7][gc,age      ] GC(91) - age  13:      74064 bytes,    4752056 total
[2025-12-03T15:09:04.516+0000][7][gc,age      ] GC(91) - age  14:       7808 bytes,    4759864 total
[2025-12-03T15:09:04.516+0000][7][gc,age      ] GC(91) - age  15:      93176 bytes,    4853040 total
[2025-12-03T15:09:04.516+0000][7][gc,phases   ] GC(91)   Pre Evacuate Collection Set: 0.4ms
[2025-12-03T15:09:04.516+0000][7][gc,phases   ] GC(91)   Merge Heap Roots: 0.2ms
[2025-12-03T15:09:04.516+0000][7][gc,phases   ] GC(91)   Evacuate Collection Set: 8.6ms
[2025-12-03T15:09:04.516+0000][7][gc,phases   ] GC(91)   Post Evacuate Collection Set: 2.6ms
[2025-12-03T15:09:04.516+0000][7][gc,phases   ] GC(91)   Other: 3.3ms
[2025-12-03T15:09:04.516+0000][7][gc,heap     ] GC(91) Eden regions: 68->0(68)
[2025-12-03T15:09:04.516+0000][7][gc,heap     ] GC(91) Survivor regions: 2->2(9)
[2025-12-03T15:09:04.516+0000][7][gc,heap     ] GC(91) Old regions: 31->31
[2025-12-03T15:09:04.516+0000][7][gc,heap     ] GC(91) Archive regions: 2->2
[2025-12-03T15:09:04.516+0000][7][gc,heap     ] GC(91) Humongous regions: 2->2
[2025-12-03T15:09:04.517+0000][7][gc,metaspace] GC(91) Metaspace: 114792K(116544K)->114792K(116544K) NonClass: 99994K(100992K)->99994K(100992K) Class: 14797K(15552K)->14797K(15552K)
[2025-12-03T15:09:04.517+0000][7][gc          ] GC(91) Pause Young (Normal) (G1 Evacuation Pause) 414M->140M(512M) 15.835ms
[2025-12-03T15:09:04.517+0000][7][gc,cpu      ] GC(91) User=0.06s Sys=0.01s Real=0.01s
[2025-12-03T15:09:04.517+0000][7][safepoint   ] Safepoint "G1CollectForAllocation", Time since last: 4657776585 ns, Reaching safepoint: 200250 ns, At safepoint: 16314292 ns, Total: 16514542 ns
[2025-12-03T15:09:32.546+0000][7][safepoint   ] Safepoint "Cleanup", Time since last: 28027988430 ns, Reaching safepoint: 94916 ns, At safepoint: 3459 ns, Total: 98375 ns
[2025-12-03T15:09:33.548+0000][7][safepoint   ] Safepoint "Cleanup", Time since last: 1002324542 ns, Reaching safepoint: 222000 ns, At safepoint: 13625 ns, Total: 235625 ns
[2025-12-03T15:09:35.551+0000][7][safepoint   ] Safepoint "Cleanup", Time since last: 2002425042 ns, Reaching safepoint: 199875 ns, At safepoint: 8584 ns, Total: 208459 ns
[2025-12-03T15:09:49.564+0000][7][gc,start    ] GC(92) Pause Young (Normal) (G1 Evacuation Pause)
[2025-12-03T15:09:49.565+0000][7][gc,task     ] GC(92) Using 8 workers of 8 for evacuation
[2025-12-03T15:09:49.565+0000][7][gc,age      ] GC(92) Desired survivor size 18874368 bytes, new threshold 15 (max threshold 15)
[2025-12-03T15:09:49.573+0000][7][gc,age      ] GC(92) Age table with threshold 15 (max threshold 15)
[2025-12-03T15:09:49.573+0000][7][gc,age      ] GC(92) - age   1:    4075968 bytes,    4075968 total
[2025-12-03T15:09:49.573+0000][7][gc,age      ] GC(92) - age   2:     535640 bytes,    4611608 total
[2025-12-03T15:09:49.574+0000][7][gc,age      ] GC(92) - age   3:     150160 bytes,    4761768 total
[2025-12-03T15:09:49.574+0000][7][gc,age      ] GC(92) - age   4:     131592 bytes,    4893360 total
[2025-12-03T15:09:49.574+0000][7][gc,age      ] GC(92) - age   5:     442048 bytes,    5335408 total
[2025-12-03T15:09:49.574+0000][7][gc,age      ] GC(92) - age   6:      96328 bytes,    5431736 total
[2025-12-03T15:09:49.574+0000][7][gc,age      ] GC(92) - age   7:     117552 bytes,    5549288 total
[2025-12-03T15:09:49.574+0000][7][gc,age      ] GC(92) - age   8:     917640 bytes,    6466928 total
[2025-12-03T15:09:49.574+0000][7][gc,age      ] GC(92) - age   9:      97520 bytes,    6564448 total
[2025-12-03T15:09:49.574+0000][7][gc,age      ] GC(92) - age  10:       8088 bytes,    6572536 total
[2025-12-03T15:09:49.574+0000][7][gc,age      ] GC(92) - age  11:      18536 bytes,    6591072 total
[2025-12-03T15:09:49.574+0000][7][gc,age      ] GC(92) - age  12:     108856 bytes,    6699928 total
[2025-12-03T15:09:49.574+0000][7][gc,age      ] GC(92) - age  13:      11936 bytes,    6711864 total
[2025-12-03T15:09:49.574+0000][7][gc,age      ] GC(92) - age  14:      74064 bytes,    6785928 total
[2025-12-03T15:09:49.574+0000][7][gc,age      ] GC(92) - age  15:       7808 bytes,    6793736 total
[2025-12-03T15:09:49.574+0000][7][gc,phases   ] GC(92)   Pre Evacuate Collection Set: 0.3ms
[2025-12-03T15:09:49.574+0000][7][gc,phases   ] GC(92)   Merge Heap Roots: 0.1ms
[2025-12-03T15:09:49.574+0000][7][gc,phases   ] GC(92)   Evacuate Collection Set: 6.4ms
[2025-12-03T15:09:49.574+0000][7][gc,phases   ] GC(92)   Post Evacuate Collection Set: 1.6ms
[2025-12-03T15:09:49.575+0000][7][gc,phases   ] GC(92)   Other: 2.1ms
[2025-12-03T15:09:49.575+0000][7][gc,heap     ] GC(92) Eden regions: 68->0(67)
[2025-12-03T15:09:49.575+0000][7][gc,heap     ] GC(92) Survivor regions: 2->2(9)
[2025-12-03T15:09:49.575+0000][7][gc,heap     ] GC(92) Old regions: 31->32
[2025-12-03T15:09:49.575+0000][7][gc,heap     ] GC(92) Archive regions: 2->2
[2025-12-03T15:09:49.575+0000][7][gc,heap     ] GC(92) Humongous regions: 2->2
[2025-12-03T15:09:49.575+0000][7][gc,metaspace] GC(92) Metaspace: 114792K(116544K)->114792K(116544K) NonClass: 99994K(100992K)->99994K(100992K) Class: 14797K(15552K)->14797K(15552K)
[2025-12-03T15:09:49.575+0000][7][gc          ] GC(92) Pause Young (Normal) (G1 Evacuation Pause) 412M->142M(512M) 10.863ms
[2025-12-03T15:09:49.575+0000][7][gc,cpu      ] GC(92) User=0.05s Sys=0.00s Real=0.01s
[2025-12-03T15:09:49.575+0000][7][safepoint   ] Safepoint "G1CollectForAllocation", Time since last: 14012707673 ns, Reaching safepoint: 143458 ns, At safepoint: 11095667 ns, Total: 11239125 ns
[2025-12-03T15:09:53.581+0000][7][safepoint   ] Safepoint "Cleanup", Time since last: 4006045544 ns, Reaching safepoint: 284500 ns, At safepoint: 14125 ns, Total: 298625 ns
[2025-12-03T15:10:03.612+0000][7][safepoint   ] Safepoint "Cleanup", Time since last: 10028482629 ns, Reaching safepoint: 302375 ns, At safepoint: 10291 ns, Total: 312666 ns
[2025-12-03T15:10:32.845+0000][7][gc,start    ] GC(93) Pause Young (Normal) (G1 Evacuation Pause)
[2025-12-03T15:10:32.845+0000][7][gc,task     ] GC(93) Using 8 workers of 8 for evacuation
[2025-12-03T15:10:32.846+0000][7][gc,age      ] GC(93) Desired survivor size 18874368 bytes, new threshold 15 (max threshold 15)
[2025-12-03T15:10:32.856+0000][7][gc,age      ] GC(93) Age table with threshold 15 (max threshold 15)
[2025-12-03T15:10:32.856+0000][7][gc,age      ] GC(93) - age   1:    3623208 bytes,    3623208 total
[2025-12-03T15:10:32.856+0000][7][gc,age      ] GC(93) - age   2:     901568 bytes,    4524776 total
[2025-12-03T15:10:32.856+0000][7][gc,age      ] GC(93) - age   3:     270904 bytes,    4795680 total
[2025-12-03T15:10:32.856+0000][7][gc,age      ] GC(93) - age   4:     149528 bytes,    4945208 total
[2025-12-03T15:10:32.856+0000][7][gc,age      ] GC(93) - age   5:     130760 bytes,    5075968 total
[2025-12-03T15:10:32.856+0000][7][gc,age      ] GC(93) - age   6:     441920 bytes,    5517888 total
[2025-12-03T15:10:32.856+0000][7][gc,age      ] GC(93) - age   7:      96032 bytes,    5613920 total
[2025-12-03T15:10:32.856+0000][7][gc,age      ] GC(93) - age   8:     117552 bytes,    5731472 total
[2025-12-03T15:10:32.856+0000][7][gc,age      ] GC(93) - age   9:      14016 bytes,    5745488 total
[2025-12-03T15:10:32.857+0000][7][gc,age      ] GC(93) - age  10:      76760 bytes,    5822248 total
[2025-12-03T15:10:32.857+0000][7][gc,age      ] GC(93) - age  11:       8024 bytes,    5830272 total
[2025-12-03T15:10:32.857+0000][7][gc,age      ] GC(93) - age  12:      18536 bytes,    5848808 total
[2025-12-03T15:10:32.857+0000][7][gc,age      ] GC(93) - age  13:     108856 bytes,    5957664 total
[2025-12-03T15:10:32.857+0000][7][gc,age      ] GC(93) - age  14:       9952 bytes,    5967616 total
[2025-12-03T15:10:32.857+0000][7][gc,age      ] GC(93) - age  15:      74064 bytes,    6041680 total
[2025-12-03T15:10:32.857+0000][7][gc,phases   ] GC(93)   Pre Evacuate Collection Set: 0.4ms
[2025-12-03T15:10:32.857+0000][7][gc,phases   ] GC(93)   Merge Heap Roots: 0.1ms
[2025-12-03T15:10:32.857+0000][7][gc,phases   ] GC(93)   Evacuate Collection Set: 6.7ms
[2025-12-03T15:10:32.857+0000][7][gc,phases   ] GC(93)   Post Evacuate Collection Set: 3.1ms
[2025-12-03T15:10:32.857+0000][7][gc,phases   ] GC(93)   Other: 1.8ms
[2025-12-03T15:10:32.857+0000][7][gc,heap     ] GC(93) Eden regions: 67->0(67)
[2025-12-03T15:10:32.857+0000][7][gc,heap     ] GC(93) Survivor regions: 2->2(9)
[2025-12-03T15:10:32.857+0000][7][gc,heap     ] GC(93) Old regions: 32->32
[2025-12-03T15:10:32.857+0000][7][gc,heap     ] GC(93) Archive regions: 2->2
[2025-12-03T15:10:32.857+0000][7][gc,heap     ] GC(93) Humongous regions: 2->2
[2025-12-03T15:10:32.857+0000][7][gc,metaspace] GC(93) Metaspace: 114795K(116544K)->114795K(116544K) NonClass: 99997K(100992K)->99997K(100992K) Class: 14797K(15552K)->14797K(15552K)
[2025-12-03T15:10:32.857+0000][7][gc          ] GC(93) Pause Young (Normal) (G1 Evacuation Pause) 410M->142M(512M) 12.433ms
[2025-12-03T15:10:32.857+0000][7][gc,cpu      ] GC(93) User=0.06s Sys=0.00s Real=0.01s
[2025-12-03T15:10:32.857+0000][7][safepoint   ] Safepoint "G1CollectForAllocation", Time since last: 29232674930 ns, Reaching safepoint: 188125 ns, At safepoint: 12664792 ns, Total: 12852917 ns
[2025-12-03T15:10:40.867+0000][7][safepoint   ] Safepoint "Cleanup", Time since last: 8009134670 ns, Reaching safepoint: 233083 ns, At safepoint: 15417 ns, Total: 248500 ns
[2025-12-03T15:10:42.872+0000][7][safepoint   ] Safepoint "Cleanup", Time since last: 2004207751 ns, Reaching safepoint: 639583 ns, At safepoint: 36667 ns, Total: 676250 ns
[2025-12-03T15:10:46.880+0000][7][safepoint   ] Safepoint "Cleanup", Time since last: 4007651210 ns, Reaching safepoint: 225167 ns, At safepoint: 19000 ns, Total: 244167 ns
[2025-12-03T15:10:52.884+0000][7][safepoint   ] Safepoint "Cleanup", Time since last: 6004031795 ns, Reaching safepoint: 220833 ns, At safepoint: 7083 ns, Total: 227916 ns
[2025-12-03T15:11:05.917+0000][7][safepoint   ] Safepoint "Cleanup", Time since last: 13030984880 ns, Reaching safepoint: 1412209 ns, At safepoint: 5708 ns, Total: 1417917 ns
[2025-12-03T15:11:07.921+0000][7][safepoint   ] Safepoint "Cleanup", Time since last: 2003165043 ns, Reaching safepoint: 130833 ns, At safepoint: 5958 ns, Total: 136791 ns
[2025-12-03T15:11:10.925+0000][7][safepoint   ] Safepoint "Cleanup", Time since last: 3004037752 ns, Reaching safepoint: 309792 ns, At safepoint: 9416 ns, Total: 319208 ns
[2025-12-03T15:11:12.854+0000][7][gc,start    ] GC(94) Pause Young (Normal) (G1 Evacuation Pause)
[2025-12-03T15:11:12.855+0000][7][gc,task     ] GC(94) Using 8 workers of 8 for evacuation
[2025-12-03T15:11:12.855+0000][7][gc,age      ] GC(94) Desired survivor size 18874368 bytes, new threshold 15 (max threshold 15)
[2025-12-03T15:11:12.864+0000][7][gc,age      ] GC(94) Age table with threshold 15 (max threshold 15)
[2025-12-03T15:11:12.864+0000][7][gc,age      ] GC(94) - age   1:    1321688 bytes,    1321688 total
[2025-12-03T15:11:12.864+0000][7][gc,age      ] GC(94) - age   2:    1344800 bytes,    2666488 total
[2025-12-03T15:11:12.864+0000][7][gc,age      ] GC(94) - age   3:     634888 bytes,    3301376 total
[2025-12-03T15:11:12.864+0000][7][gc,age      ] GC(94) - age   4:     269800 bytes,    3571176 total
[2025-12-03T15:11:12.864+0000][7][gc,age      ] GC(94) - age   5:     148888 bytes,    3720064 total
[2025-12-03T15:11:12.864+0000][7][gc,age      ] GC(94) - age   6:     130472 bytes,    3850536 total
[2025-12-03T15:11:12.864+0000][7][gc,age      ] GC(94) - age   7:     441696 bytes,    4292232 total
[2025-12-03T15:11:12.864+0000][7][gc,age      ] GC(94) - age   8:      96032 bytes,    4388264 total
[2025-12-03T15:11:12.864+0000][7][gc,age      ] GC(94) - age   9:     104016 bytes,    4492280 total
[2025-12-03T15:11:12.864+0000][7][gc,age      ] GC(94) - age  10:      14016 bytes,    4506296 total
[2025-12-03T15:11:12.864+0000][7][gc,age      ] GC(94) - age  11:      76760 bytes,    4583056 total
[2025-12-03T15:11:12.865+0000][7][gc,age      ] GC(94) - age  12:       8024 bytes,    4591080 total
[2025-12-03T15:11:12.865+0000][7][gc,age      ] GC(94) - age  13:      18536 bytes,    4609616 total
[2025-12-03T15:11:12.865+0000][7][gc,age      ] GC(94) - age  14:     108856 bytes,    4718472 total
[2025-12-03T15:11:12.865+0000][7][gc,age      ] GC(94) - age  15:       9888 bytes,    4728360 total
[2025-12-03T15:11:12.865+0000][7][gc,phases   ] GC(94)   Pre Evacuate Collection Set: 0.4ms
[2025-12-03T15:11:12.865+0000][7][gc,phases   ] GC(94)   Merge Heap Roots: 0.2ms
[2025-12-03T15:11:12.865+0000][7][gc,phases   ] GC(94)   Evacuate Collection Set: 6.7ms
[2025-12-03T15:11:12.865+0000][7][gc,phases   ] GC(94)   Post Evacuate Collection Set: 1.7ms
[2025-12-03T15:11:12.865+0000][7][gc,phases   ] GC(94)   Other: 1.6ms
[2025-12-03T15:11:12.865+0000][7][gc,heap     ] GC(94) Eden regions: 67->0(67)
[2025-12-03T15:11:12.865+0000][7][gc,heap     ] GC(94) Survivor regions: 2->2(9)
[2025-12-03T15:11:12.865+0000][7][gc,heap     ] GC(94) Old regions: 32->32
[2025-12-03T15:11:12.865+0000][7][gc,heap     ] GC(94) Archive regions: 2->2
[2025-12-03T15:11:12.865+0000][7][gc,heap     ] GC(94) Humongous regions: 2->2
[2025-12-03T15:11:12.865+0000][7][gc,metaspace] GC(94) Metaspace: 114806K(116544K)->114806K(116544K) NonClass: 100008K(100992K)->100008K(100992K) Class: 14797K(15552K)->14797K(15552K)
[2025-12-03T15:11:12.865+0000][7][gc          ] GC(94) Pause Young (Normal) (G1 Evacuation Pause) 410M->140M(512M) 11.020ms
[2025-12-03T15:11:12.865+0000][7][gc,cpu      ] GC(94) User=0.05s Sys=0.01s Real=0.01s
[2025-12-03T15:11:12.865+0000][7][safepoint   ] Safepoint "G1CollectForAllocation", Time since last: 1929002709 ns, Reaching safepoint: 148792 ns, At safepoint: 11311375 ns, Total: 11460167 ns
[2025-12-03T15:11:49.905+0000][7][safepoint   ] Safepoint "Cleanup", Time since last: 37040091017 ns, Reaching safepoint: 179125 ns, At safepoint: 3917 ns, Total: 183042 ns
[2025-12-03T15:11:52.910+0000][7][safepoint   ] Safepoint "Cleanup", Time since last: 3004187793 ns, Reaching safepoint: 41000 ns, At safepoint: 1875 ns, Total: 42875 ns
[2025-12-03T15:12:01.592+0000][7][gc,start    ] GC(95) Pause Young (Normal) (G1 Evacuation Pause)
[2025-12-03T15:12:01.592+0000][7][gc,task     ] GC(95) Using 8 workers of 8 for evacuation
[2025-12-03T15:12:01.593+0000][7][gc,age      ] GC(95) Desired survivor size 18874368 bytes, new threshold 15 (max threshold 15)
[2025-12-03T15:12:01.603+0000][7][gc,age      ] GC(95) Age table with threshold 15 (max threshold 15)
[2025-12-03T15:12:01.603+0000][7][gc,age      ] GC(95) - age   1:    3309384 bytes,    3309384 total
[2025-12-03T15:12:01.603+0000][7][gc,age      ] GC(95) - age   2:     498552 bytes,    3807936 total
[2025-12-03T15:12:01.603+0000][7][gc,age      ] GC(95) - age   3:    1208944 bytes,    5016880 total
[2025-12-03T15:12:01.603+0000][7][gc,age      ] GC(95) - age   4:     134896 bytes,    5151776 total
[2025-12-03T15:12:01.603+0000][7][gc,age      ] GC(95) - age   5:     269304 bytes,    5421080 total
[2025-12-03T15:12:01.603+0000][7][gc,age      ] GC(95) - age   6:      17528 bytes,    5438608 total
[2025-12-03T15:12:01.603+0000][7][gc,age      ] GC(95) - age   7:     130472 bytes,    5569080 total
[2025-12-03T15:12:01.603+0000][7][gc,age      ] GC(95) - age   8:     441696 bytes,    6010776 total
[2025-12-03T15:12:01.603+0000][7][gc,age      ] GC(95) - age   9:      96032 bytes,    6106808 total
[2025-12-03T15:12:01.604+0000][7][gc,age      ] GC(95) - age  10:       7784 bytes,    6114592 total
[2025-12-03T15:12:01.604+0000][7][gc,age      ] GC(95) - age  11:      14016 bytes,    6128608 total
[2025-12-03T15:12:01.604+0000][7][gc,age      ] GC(95) - age  12:      76760 bytes,    6205368 total
[2025-12-03T15:12:01.604+0000][7][gc,age      ] GC(95) - age  13:       8024 bytes,    6213392 total
[2025-12-03T15:12:01.604+0000][7][gc,age      ] GC(95) - age  14:      18536 bytes,    6231928 total
[2025-12-03T15:12:01.604+0000][7][gc,age      ] GC(95) - age  15:     108856 bytes,    6340784 total
[2025-12-03T15:12:01.604+0000][7][gc,phases   ] GC(95)   Pre Evacuate Collection Set: 0.4ms
[2025-12-03T15:12:01.604+0000][7][gc,phases   ] GC(95)   Merge Heap Roots: 0.1ms
[2025-12-03T15:12:01.604+0000][7][gc,phases   ] GC(95)   Evacuate Collection Set: 8.4ms
[2025-12-03T15:12:01.604+0000][7][gc,phases   ] GC(95)   Post Evacuate Collection Set: 1.3ms
[2025-12-03T15:12:01.604+0000][7][gc,phases   ] GC(95)   Other: 1.7ms
[2025-12-03T15:12:01.604+0000][7][gc,heap     ] GC(95) Eden regions: 67->0(67)
[2025-12-03T15:12:01.604+0000][7][gc,heap     ] GC(95) Survivor regions: 2->2(9)
[2025-12-03T15:12:01.604+0000][7][gc,heap     ] GC(95) Old regions: 32->32
[2025-12-03T15:12:01.604+0000][7][gc,heap     ] GC(95) Archive regions: 2->2
[2025-12-03T15:12:01.604+0000][7][gc,heap     ] GC(95) Humongous regions: 2->2
[2025-12-03T15:12:01.604+0000][7][gc,metaspace] GC(95) Metaspace: 114808K(116544K)->114808K(116544K) NonClass: 100010K(100992K)->100010K(100992K) Class: 14797K(15552K)->14797K(15552K)
[2025-12-03T15:12:01.604+0000][7][gc          ] GC(95) Pause Young (Normal) (G1 Evacuation Pause) 408M->142M(512M) 12.419ms
[2025-12-03T15:12:01.604+0000][7][gc,cpu      ] GC(95) User=0.06s Sys=0.00s Real=0.02s
[2025-12-03T15:12:01.604+0000][7][safepoint   ] Safepoint "G1CollectForAllocation", Time since last: 8680506462 ns, Reaching safepoint: 68750 ns, At safepoint: 12700583 ns, Total: 12769333 ns
[2025-12-03T15:12:04.608+0000][7][safepoint   ] Safepoint "Cleanup", Time since last: 3003226043 ns, Reaching safepoint: 50167 ns, At safepoint: 1875 ns, Total: 52042 ns
[2025-12-03T15:12:13.623+0000][7][safepoint   ] Safepoint "Cleanup", Time since last: 9015306379 ns, Reaching safepoint: 66292 ns, At safepoint: 3792 ns, Total: 70084 ns
[2025-12-03T15:12:22.635+0000][7][safepoint   ] Safepoint "Cleanup", Time since last: 9011268629 ns, Reaching safepoint: 190708 ns, At safepoint: 4042 ns, Total: 194750 ns
[2025-12-03T15:12:23.636+0000][7][safepoint   ] Safepoint "Cleanup", Time since last: 1001286167 ns, Reaching safepoint: 90500 ns, At safepoint: 3875 ns, Total: 94375 ns
[2025-12-03T15:12:33.645+0000][7][safepoint   ] Safepoint "Cleanup", Time since last: 10007157879 ns, Reaching safepoint: 114292 ns, At safepoint: 9583 ns, Total: 123875 ns
[2025-12-03T15:12:37.650+0000][7][safepoint   ] Safepoint "Cleanup", Time since last: 4004980586 ns, Reaching safepoint: 92208 ns, At safepoint: 3917 ns, Total: 96125 ns
[2025-12-03T15:12:40.654+0000][7][safepoint   ] Safepoint "Cleanup", Time since last: 3003485543 ns, Reaching safepoint: 230583 ns, At safepoint: 6625 ns, Total: 237208 ns
[2025-12-03T15:12:40.679+0000][7][gc,start    ] GC(96) Pause Young (Normal) (G1 Evacuation Pause)
[2025-12-03T15:12:40.679+0000][7][gc,task     ] GC(96) Using 8 workers of 8 for evacuation
[2025-12-03T15:12:40.679+0000][7][gc,age      ] GC(96) Desired survivor size 18874368 bytes, new threshold 15 (max threshold 15)
[2025-12-03T15:12:40.690+0000][7][gc,age      ] GC(96) Age table with threshold 15 (max threshold 15)
[2025-12-03T15:12:40.690+0000][7][gc,age      ] GC(96) - age   1:    2956040 bytes,    2956040 total
[2025-12-03T15:12:40.690+0000][7][gc,age      ] GC(96) - age   2:    1144448 bytes,    4100488 total
[2025-12-03T15:12:40.690+0000][7][gc,age      ] GC(96) - age   3:     216120 bytes,    4316608 total
[2025-12-03T15:12:40.690+0000][7][gc,age      ] GC(96) - age   4:    1208024 bytes,    5524632 total
[2025-12-03T15:12:40.690+0000][7][gc,age      ] GC(96) - age   5:     134472 bytes,    5659104 total
[2025-12-03T15:12:40.690+0000][7][gc,age      ] GC(96) - age   6:     269080 bytes,    5928184 total
[2025-12-03T15:12:40.691+0000][7][gc,age      ] GC(96) - age   7:      17328 bytes,    5945512 total
[2025-12-03T15:12:40.691+0000][7][gc,age      ] GC(96) - age   8:     129960 bytes,    6075472 total
[2025-12-03T15:12:40.691+0000][7][gc,age      ] GC(96) - age   9:     441696 bytes,    6517168 total
[2025-12-03T15:12:40.691+0000][7][gc,age      ] GC(96) - age  10:       8192 bytes,    6525360 total
[2025-12-03T15:12:40.691+0000][7][gc,age      ] GC(96) - age  11:       7784 bytes,    6533144 total
[2025-12-03T15:12:40.691+0000][7][gc,age      ] GC(96) - age  12:      13720 bytes,    6546864 total
[2025-12-03T15:12:40.691+0000][7][gc,age      ] GC(96) - age  13:      76760 bytes,    6623624 total
[2025-12-03T15:12:40.691+0000][7][gc,age      ] GC(96) - age  14:       8024 bytes,    6631648 total
[2025-12-03T15:12:40.691+0000][7][gc,age      ] GC(96) - age  15:      18536 bytes,    6650184 total
[2025-12-03T15:12:40.691+0000][7][gc,phases   ] GC(96)   Pre Evacuate Collection Set: 0.3ms
[2025-12-03T15:12:40.691+0000][7][gc,phases   ] GC(96)   Merge Heap Roots: 0.2ms
[2025-12-03T15:12:40.691+0000][7][gc,phases   ] GC(96)   Evacuate Collection Set: 7.0ms
[2025-12-03T15:12:40.691+0000][7][gc,phases   ] GC(96)   Post Evacuate Collection Set: 3.5ms
[2025-12-03T15:12:40.691+0000][7][gc,phases   ] GC(96)   Other: 1.8ms
[2025-12-03T15:12:40.691+0000][7][gc,heap     ] GC(96) Eden regions: 67->0(67)
[2025-12-03T15:12:40.692+0000][7][gc,heap     ] GC(96) Survivor regions: 2->2(9)
[2025-12-03T15:12:40.692+0000][7][gc,heap     ] GC(96) Old regions: 32->32
[2025-12-03T15:12:40.692+0000][7][gc,heap     ] GC(96) Archive regions: 2->2
[2025-12-03T15:12:40.692+0000][7][gc,heap     ] GC(96) Humongous regions: 2->2
[2025-12-03T15:12:40.692+0000][7][gc,metaspace] GC(96) Metaspace: 114819K(116544K)->114819K(116544K) NonClass: 100021K(100992K)->100021K(100992K) Class: 14797K(15552K)->14797K(15552K)
[2025-12-03T15:12:40.692+0000][7][gc          ] GC(96) Pause Young (Normal) (G1 Evacuation Pause) 410M->143M(512M) 13.352ms
[2025-12-03T15:12:40.692+0000][7][gc,cpu      ] GC(96) User=0.07s Sys=0.00s Real=0.01s
[2025-12-03T15:12:40.692+0000][7][safepoint   ] Safepoint "G1CollectForAllocation", Time since last: 24499750 ns, Reaching safepoint: 50792 ns, At safepoint: 13627041 ns, Total: 13677833 ns
[2025-12-03T15:13:25.637+0000][7][gc,start    ] GC(97) Pause Young (Normal) (G1 Evacuation Pause)
[2025-12-03T15:13:25.638+0000][7][gc,task     ] GC(97) Using 8 workers of 8 for evacuation
[2025-12-03T15:13:25.638+0000][7][gc,age      ] GC(97) Desired survivor size 18874368 bytes, new threshold 15 (max threshold 15)
[2025-12-03T15:13:25.647+0000][7][gc,age      ] GC(97) Age table with threshold 15 (max threshold 15)
[2025-12-03T15:13:25.647+0000][7][gc,age      ] GC(97) - age   1:    2234080 bytes,    2234080 total
[2025-12-03T15:13:25.647+0000][7][gc,age      ] GC(97) - age   2:     318072 bytes,    2552152 total
[2025-12-03T15:13:25.647+0000][7][gc,age      ] GC(97) - age   3:     878888 bytes,    3431040 total
[2025-12-03T15:13:25.647+0000][7][gc,age      ] GC(97) - age   4:     215176 bytes,    3646216 total
[2025-12-03T15:13:25.647+0000][7][gc,age      ] GC(97) - age   5:    1207624 bytes,    4853840 total
[2025-12-03T15:13:25.647+0000][7][gc,age      ] GC(97) - age   6:     134472 bytes,    4988312 total
[2025-12-03T15:13:25.647+0000][7][gc,age      ] GC(97) - age   7:     269016 bytes,    5257328 total
[2025-12-03T15:13:25.647+0000][7][gc,age      ] GC(97) - age   8:      17328 bytes,    5274656 total
[2025-12-03T15:13:25.647+0000][7][gc,age      ] GC(97) - age   9:     129928 bytes,    5404584 total
[2025-12-03T15:13:25.647+0000][7][gc,age      ] GC(97) - age  10:     432960 bytes,    5837544 total
[2025-12-03T15:13:25.647+0000][7][gc,age      ] GC(97) - age  11:       8192 bytes,    5845736 total
[2025-12-03T15:13:25.647+0000][7][gc,age      ] GC(97) - age  12:       7784 bytes,    5853520 total
[2025-12-03T15:13:25.647+0000][7][gc,age      ] GC(97) - age  13:      13720 bytes,    5867240 total
[2025-12-03T15:13:25.647+0000][7][gc,age      ] GC(97) - age  14:      76760 bytes,    5944000 total
[2025-12-03T15:13:25.647+0000][7][gc,age      ] GC(97) - age  15:       8024 bytes,    5952024 total
[2025-12-03T15:13:25.648+0000][7][gc,phases   ] GC(97)   Pre Evacuate Collection Set: 0.3ms
[2025-12-03T15:13:25.648+0000][7][gc,phases   ] GC(97)   Merge Heap Roots: 0.1ms
[2025-12-03T15:13:25.648+0000][7][gc,phases   ] GC(97)   Evacuate Collection Set: 6.6ms
[2025-12-03T15:13:25.648+0000][7][gc,phases   ] GC(97)   Post Evacuate Collection Set: 1.7ms
[2025-12-03T15:13:25.648+0000][7][gc,phases   ] GC(97)   Other: 1.8ms
[2025-12-03T15:13:25.648+0000][7][gc,heap     ] GC(97) Eden regions: 67->0(67)
[2025-12-03T15:13:25.648+0000][7][gc,heap     ] GC(97) Survivor regions: 2->2(9)
[2025-12-03T15:13:25.648+0000][7][gc,heap     ] GC(97) Old regions: 32->32
[2025-12-03T15:13:25.648+0000][7][gc,heap     ] GC(97) Archive regions: 2->2
[2025-12-03T15:13:25.648+0000][7][gc,heap     ] GC(97) Humongous regions: 2->2
[2025-12-03T15:13:25.648+0000][7][gc,metaspace] GC(97) Metaspace: 114840K(116544K)->114840K(116544K) NonClass: 100042K(100992K)->100042K(100992K) Class: 14797K(15552K)->14797K(15552K)
[2025-12-03T15:13:25.648+0000][7][gc          ] GC(97) Pause Young (Normal) (G1 Evacuation Pause) 411M->142M(512M) 10.919ms
[2025-12-03T15:13:25.648+0000][7][gc,cpu      ] GC(97) User=0.06s Sys=0.00s Real=0.01s
[2025-12-03T15:13:25.648+0000][7][safepoint   ] Safepoint "G1CollectForAllocation", Time since last: 44944162313 ns, Reaching safepoint: 247458 ns, At safepoint: 11248500 ns, Total: 11495958 ns
[2025-12-03T15:13:33.658+0000][7][safepoint   ] Safepoint "Cleanup", Time since last: 8008029545 ns, Reaching safepoint: 132250 ns, At safepoint: 4625 ns, Total: 136875 ns
[2025-12-03T15:13:43.692+0000][7][safepoint   ] Safepoint "Cleanup", Time since last: 10033870588 ns, Reaching safepoint: 267250 ns, At safepoint: 9833 ns, Total: 277083 ns
[2025-12-03T15:13:44.694+0000][7][safepoint   ] Safepoint "Cleanup", Time since last: 1002199251 ns, Reaching safepoint: 506000 ns, At safepoint: 11833 ns, Total: 517833 ns
[2025-12-03T15:13:52.786+0000][7][safepoint   ] Safepoint "Cleanup", Time since last: 8091131212 ns, Reaching safepoint: 253584 ns, At safepoint: 5541 ns, Total: 259125 ns
[2025-12-03T15:13:53.789+0000][7][safepoint   ] Safepoint "Cleanup", Time since last: 1002588001 ns, Reaching safepoint: 356875 ns, At safepoint: 35417 ns, Total: 392292 ns
[2025-12-03T15:14:03.802+0000][7][safepoint   ] Safepoint "Cleanup", Time since last: 10012106671 ns, Reaching safepoint: 313750 ns, At safepoint: 12375 ns, Total: 326125 ns
[2025-12-03T15:14:05.804+0000][7][safepoint   ] Safepoint "Cleanup", Time since last: 2002114584 ns, Reaching safepoint: 84333 ns, At safepoint: 2834 ns, Total: 87167 ns
[2025-12-03T15:14:11.135+0000][7][gc,start    ] GC(98) Pause Young (Normal) (G1 Evacuation Pause)
[2025-12-03T15:14:11.136+0000][7][gc,task     ] GC(98) Using 8 workers of 8 for evacuation
[2025-12-03T15:14:11.136+0000][7][gc,age      ] GC(98) Desired survivor size 18874368 bytes, new threshold 15 (max threshold 15)
[2025-12-03T15:14:11.154+0000][7][gc,age      ] GC(98) Age table with threshold 15 (max threshold 15)
[2025-12-03T15:14:11.155+0000][7][gc,age      ] GC(98) - age   1:    2170256 bytes,    2170256 total
[2025-12-03T15:14:11.155+0000][7][gc,age      ] GC(98) - age   2:     419960 bytes,    2590216 total
[2025-12-03T15:14:11.155+0000][7][gc,age      ] GC(98) - age   3:     135536 bytes,    2725752 total
[2025-12-03T15:14:11.155+0000][7][gc,age      ] GC(98) - age   4:     379440 bytes,    3105192 total
[2025-12-03T15:14:11.155+0000][7][gc,age      ] GC(98) - age   5:     214704 bytes,    3319896 total
[2025-12-03T15:14:11.155+0000][7][gc,age      ] GC(98) - age   6:    1076336 bytes,    4396232 total
[2025-12-03T15:14:11.155+0000][7][gc,age      ] GC(98) - age   7:     134376 bytes,    4530608 total
[2025-12-03T15:14:11.156+0000][7][gc,age      ] GC(98) - age   8:     269016 bytes,    4799624 total
[2025-12-03T15:14:11.156+0000][7][gc,age      ] GC(98) - age   9:      17328 bytes,    4816952 total
[2025-12-03T15:14:11.156+0000][7][gc,age      ] GC(98) - age  10:      86280 bytes,    4903232 total
[2025-12-03T15:14:11.156+0000][7][gc,age      ] GC(98) - age  11:     432960 bytes,    5336192 total
[2025-12-03T15:14:11.156+0000][7][gc,age      ] GC(98) - age  12:       8192 bytes,    5344384 total
[2025-12-03T15:14:11.156+0000][7][gc,age      ] GC(98) - age  13:       7784 bytes,    5352168 total
[2025-12-03T15:14:11.156+0000][7][gc,age      ] GC(98) - age  14:      13720 bytes,    5365888 total
[2025-12-03T15:14:11.156+0000][7][gc,age      ] GC(98) - age  15:      76760 bytes,    5442648 total
[2025-12-03T15:14:11.156+0000][7][gc,phases   ] GC(98)   Pre Evacuate Collection Set: 0.7ms
[2025-12-03T15:14:11.156+0000][7][gc,phases   ] GC(98)   Merge Heap Roots: 0.4ms
[2025-12-03T15:14:11.156+0000][7][gc,phases   ] GC(98)   Evacuate Collection Set: 13.9ms
[2025-12-03T15:14:11.157+0000][7][gc,phases   ] GC(98)   Post Evacuate Collection Set: 2.8ms
[2025-12-03T15:14:11.157+0000][7][gc,phases   ] GC(98)   Other: 3.7ms
[2025-12-03T15:14:11.157+0000][7][gc,heap     ] GC(98) Eden regions: 67->0(67)
[2025-12-03T15:14:11.157+0000][7][gc,heap     ] GC(98) Survivor regions: 2->2(9)
[2025-12-03T15:14:11.157+0000][7][gc,heap     ] GC(98) Old regions: 32->32
[2025-12-03T15:14:11.157+0000][7][gc,heap     ] GC(98) Archive regions: 2->2
[2025-12-03T15:14:11.157+0000][7][gc,heap     ] GC(98) Humongous regions: 2->2
[2025-12-03T15:14:11.157+0000][7][gc,metaspace] GC(98) Metaspace: 114949K(116672K)->114949K(116672K) NonClass: 100151K(101120K)->100151K(101120K) Class: 14797K(15552K)->14797K(15552K)
[2025-12-03T15:14:11.157+0000][7][gc          ] GC(98) Pause Young (Normal) (G1 Evacuation Pause) 410M->141M(512M) 22.240ms
[2025-12-03T15:14:11.157+0000][7][gc,cpu      ] GC(98) User=0.10s Sys=0.00s Real=0.02s
[2025-12-03T15:14:11.157+0000][7][safepoint   ] Safepoint "G1CollectForAllocation", Time since last: 5330129711 ns, Reaching safepoint: 178666 ns, At safepoint: 22695459 ns, Total: 22874125 ns
[2025-12-03T15:14:13.161+0000][7][safepoint   ] Safepoint "Cleanup", Time since last: 2003292834 ns, Reaching safepoint: 292292 ns, At safepoint: 35000 ns, Total: 327292 ns
[2025-12-03T15:14:15.165+0000][7][safepoint   ] Safepoint "Cleanup", Time since last: 2003487459 ns, Reaching safepoint: 161625 ns, At safepoint: 6042 ns, Total: 167667 ns
[2025-12-03T15:15:12.881+0000][7][gc,start    ] GC(99) Pause Young (Normal) (G1 Evacuation Pause)
[2025-12-03T15:15:12.881+0000][7][gc,task     ] GC(99) Using 8 workers of 8 for evacuation
[2025-12-03T15:15:12.882+0000][7][gc,age      ] GC(99) Desired survivor size 18874368 bytes, new threshold 15 (max threshold 15)
[2025-12-03T15:15:12.890+0000][7][gc,age      ] GC(99) Age table with threshold 15 (max threshold 15)
[2025-12-03T15:15:12.890+0000][7][gc,age      ] GC(99) - age   1:    2423864 bytes,    2423864 total
[2025-12-03T15:15:12.890+0000][7][gc,age      ] GC(99) - age   2:     875208 bytes,    3299072 total
[2025-12-03T15:15:12.890+0000][7][gc,age      ] GC(99) - age   3:     153552 bytes,    3452624 total
[2025-12-03T15:15:12.890+0000][7][gc,age      ] GC(99) - age   4:     133992 bytes,    3586616 total
[2025-12-03T15:15:12.890+0000][7][gc,age      ] GC(99) - age   5:     247832 bytes,    3834448 total
[2025-12-03T15:15:12.890+0000][7][gc,age      ] GC(99) - age   6:     214704 bytes,    4049152 total
[2025-12-03T15:15:12.890+0000][7][gc,age      ] GC(99) - age   7:    1076336 bytes,    5125488 total
[2025-12-03T15:15:12.890+0000][7][gc,age      ] GC(99) - age   8:     134376 bytes,    5259864 total
[2025-12-03T15:15:12.890+0000][7][gc,age      ] GC(99) - age   9:      79464 bytes,    5339328 total
[2025-12-03T15:15:12.890+0000][7][gc,age      ] GC(99) - age  10:      17328 bytes,    5356656 total
[2025-12-03T15:15:12.890+0000][7][gc,age      ] GC(99) - age  11:      86280 bytes,    5442936 total
[2025-12-03T15:15:12.891+0000][7][gc,age      ] GC(99) - age  12:     432960 bytes,    5875896 total
[2025-12-03T15:15:12.891+0000][7][gc,age      ] GC(99) - age  13:       8192 bytes,    5884088 total
[2025-12-03T15:15:12.891+0000][7][gc,age      ] GC(99) - age  14:       7784 bytes,    5891872 total
[2025-12-03T15:15:12.891+0000][7][gc,age      ] GC(99) - age  15:      13720 bytes,    5905592 total
[2025-12-03T15:15:12.891+0000][7][gc,phases   ] GC(99)   Pre Evacuate Collection Set: 0.4ms
[2025-12-03T15:15:12.891+0000][7][gc,phases   ] GC(99)   Merge Heap Roots: 0.1ms
[2025-12-03T15:15:12.891+0000][7][gc,phases   ] GC(99)   Evacuate Collection Set: 6.2ms
[2025-12-03T15:15:12.891+0000][7][gc,phases   ] GC(99)   Post Evacuate Collection Set: 1.7ms
[2025-12-03T15:15:12.891+0000][7][gc,phases   ] GC(99)   Other: 1.5ms
[2025-12-03T15:15:12.891+0000][7][gc,heap     ] GC(99) Eden regions: 67->0(67)
[2025-12-03T15:15:12.891+0000][7][gc,heap     ] GC(99) Survivor regions: 2->2(9)
[2025-12-03T15:15:12.891+0000][7][gc,heap     ] GC(99) Old regions: 32->32
[2025-12-03T15:15:12.891+0000][7][gc,heap     ] GC(99) Archive regions: 2->2
[2025-12-03T15:15:12.891+0000][7][gc,heap     ] GC(99) Humongous regions: 2->2
[2025-12-03T15:15:12.891+0000][7][gc,metaspace] GC(99) Metaspace: 114970K(116672K)->114970K(116672K) NonClass: 100172K(101120K)->100172K(101120K) Class: 14797K(15552K)->14797K(15552K)
[2025-12-03T15:15:12.891+0000][7][gc          ] GC(99) Pause Young (Normal) (G1 Evacuation Pause) 409M->142M(512M) 10.257ms
[2025-12-03T15:15:12.891+0000][7][gc,cpu      ] GC(99) User=0.06s Sys=0.00s Real=0.01s
[2025-12-03T15:15:12.891+0000][7][safepoint   ] Safepoint "G1CollectForAllocation", Time since last: 57713803193 ns, Reaching safepoint: 395541 ns, At safepoint: 10443084 ns, Total: 10838625 ns
[2025-12-03T15:15:13.892+0000][7][safepoint   ] Safepoint "Cleanup", Time since last: 1000381375 ns, Reaching safepoint: 170209 ns, At safepoint: 7500 ns, Total: 177709 ns
[2025-12-03T15:15:55.951+0000][7][safepoint   ] Safepoint "Cleanup", Time since last: 42057850810 ns, Reaching safepoint: 130417 ns, At safepoint: 3583 ns, Total: 134000 ns
[2025-12-03T15:16:07.970+0000][7][safepoint   ] Safepoint "Cleanup", Time since last: 12018416672 ns, Reaching safepoint: 147292 ns, At safepoint: 3250 ns, Total: 150542 ns
[2025-12-03T15:16:12.895+0000][7][gc,start    ] GC(100) Pause Young (Normal) (G1 Evacuation Pause)
[2025-12-03T15:16:12.895+0000][7][gc,task     ] GC(100) Using 8 workers of 8 for evacuation
[2025-12-03T15:16:12.895+0000][7][gc,age      ] GC(100) Desired survivor size 18874368 bytes, new threshold 15 (max threshold 15)
[2025-12-03T15:16:12.903+0000][7][gc,age      ] GC(100) Age table with threshold 15 (max threshold 15)
[2025-12-03T15:16:12.903+0000][7][gc,age      ] GC(100) - age   1:    3785072 bytes,    3785072 total
[2025-12-03T15:16:12.903+0000][7][gc,age      ] GC(100) - age   2:     500464 bytes,    4285536 total
[2025-12-03T15:16:12.903+0000][7][gc,age      ] GC(100) - age   3:     700168 bytes,    4985704 total
[2025-12-03T15:16:12.903+0000][7][gc,age      ] GC(100) - age   4:      21104 bytes,    5006808 total
[2025-12-03T15:16:12.903+0000][7][gc,age      ] GC(100) - age   5:     128240 bytes,    5135048 total
[2025-12-03T15:16:12.903+0000][7][gc,age      ] GC(100) - age   6:     195080 bytes,    5330128 total
[2025-12-03T15:16:12.903+0000][7][gc,age      ] GC(100) - age   7:     179840 bytes,    5509968 total
[2025-12-03T15:16:12.903+0000][7][gc,age      ] GC(100) - age   8:    1076336 bytes,    6586304 total
[2025-12-03T15:16:12.903+0000][7][gc,age      ] GC(100) - age   9:     134376 bytes,    6720680 total
[2025-12-03T15:16:12.903+0000][7][gc,age      ] GC(100) - age  10:      50744 bytes,    6771424 total
[2025-12-03T15:16:12.903+0000][7][gc,age      ] GC(100) - age  11:      17328 bytes,    6788752 total
[2025-12-03T15:16:12.903+0000][7][gc,age      ] GC(100) - age  12:      86280 bytes,    6875032 total
[2025-12-03T15:16:12.903+0000][7][gc,age      ] GC(100) - age  13:     432960 bytes,    7307992 total
[2025-12-03T15:16:12.903+0000][7][gc,age      ] GC(100) - age  14:       8192 bytes,    7316184 total
[2025-12-03T15:16:12.903+0000][7][gc,age      ] GC(100) - age  15:       7784 bytes,    7323968 total
[2025-12-03T15:16:12.903+0000][7][gc,phases   ] GC(100)   Pre Evacuate Collection Set: 0.3ms
[2025-12-03T15:16:12.903+0000][7][gc,phases   ] GC(100)   Merge Heap Roots: 0.1ms
[2025-12-03T15:16:12.903+0000][7][gc,phases   ] GC(100)   Evacuate Collection Set: 5.7ms
[2025-12-03T15:16:12.903+0000][7][gc,phases   ] GC(100)   Post Evacuate Collection Set: 1.6ms
[2025-12-03T15:16:12.904+0000][7][gc,phases   ] GC(100)   Other: 1.2ms
[2025-12-03T15:16:12.904+0000][7][gc,heap     ] GC(100) Eden regions: 67->0(67)
[2025-12-03T15:16:12.904+0000][7][gc,heap     ] GC(100) Survivor regions: 2->2(9)
[2025-12-03T15:16:12.904+0000][7][gc,heap     ] GC(100) Old regions: 32->32
[2025-12-03T15:16:12.904+0000][7][gc,heap     ] GC(100) Archive regions: 2->2
[2025-12-03T15:16:12.904+0000][7][gc,heap     ] GC(100) Humongous regions: 2->2
[2025-12-03T15:16:12.904+0000][7][gc,metaspace] GC(100) Metaspace: 114980K(116672K)->114980K(116672K) NonClass: 100182K(101120K)->100182K(101120K) Class: 14797K(15552K)->14797K(15552K)
[2025-12-03T15:16:12.904+0000][7][gc          ] GC(100) Pause Young (Normal) (G1 Evacuation Pause) 409M->143M(512M) 9.179ms
[2025-12-03T15:16:12.904+0000][7][gc,cpu      ] GC(100) User=0.06s Sys=0.00s Real=0.01s
[2025-12-03T15:16:12.904+0000][7][safepoint   ] Safepoint "G1CollectForAllocation", Time since last: 4924482377 ns, Reaching safepoint: 39334 ns, At safepoint: 9340750 ns, Total: 9380084 ns
[2025-12-03T15:16:49.973+0000][7][safepoint   ] Safepoint "Cleanup", Time since last: 37068128558 ns, Reaching safepoint: 212000 ns, At safepoint: 5542 ns, Total: 217542 ns
[2025-12-03T15:16:50.975+0000][7][safepoint   ] Safepoint "Cleanup", Time since last: 1001549417 ns, Reaching safepoint: 70167 ns, At safepoint: 3250 ns, Total: 73417 ns
[2025-12-03T15:16:52.921+0000][7][gc,start    ] GC(101) Pause Young (Normal) (G1 Evacuation Pause)
[2025-12-03T15:16:52.921+0000][7][gc,task     ] GC(101) Using 8 workers of 8 for evacuation
[2025-12-03T15:16:52.922+0000][7][gc,age      ] GC(101) Desired survivor size 18874368 bytes, new threshold 15 (max threshold 15)
[2025-12-03T15:16:52.937+0000][7][gc,age      ] GC(101) Age table with threshold 15 (max threshold 15)
[2025-12-03T15:16:52.937+0000][7][gc,age      ] GC(101) - age   1:    2248528 bytes,    2248528 total
[2025-12-03T15:16:52.937+0000][7][gc,age      ] GC(101) - age   2:     689200 bytes,    2937728 total
[2025-12-03T15:16:52.937+0000][7][gc,age      ] GC(101) - age   3:     234112 bytes,    3171840 total
[2025-12-03T15:16:52.937+0000][7][gc,age      ] GC(101) - age   4:      69120 bytes,    3240960 total
[2025-12-03T15:16:52.937+0000][7][gc,age      ] GC(101) - age   5:      20944 bytes,    3261904 total
[2025-12-03T15:16:52.937+0000][7][gc,age      ] GC(101) - age   6:     127496 bytes,    3389400 total
[2025-12-03T15:16:52.937+0000][7][gc,age      ] GC(101) - age   7:     194888 bytes,    3584288 total
[2025-12-03T15:16:52.937+0000][7][gc,age      ] GC(101) - age   8:     179712 bytes,    3764000 total
[2025-12-03T15:16:52.937+0000][7][gc,age      ] GC(101) - age   9:    1052048 bytes,    4816048 total
[2025-12-03T15:16:52.938+0000][7][gc,age      ] GC(101) - age  10:      27288 bytes,    4843336 total
[2025-12-03T15:16:52.938+0000][7][gc,age      ] GC(101) - age  11:      50744 bytes,    4894080 total
[2025-12-03T15:16:52.938+0000][7][gc,age      ] GC(101) - age  12:      17328 bytes,    4911408 total
[2025-12-03T15:16:52.938+0000][7][gc,age      ] GC(101) - age  13:      86280 bytes,    4997688 total
[2025-12-03T15:16:52.938+0000][7][gc,age      ] GC(101) - age  14:     432960 bytes,    5430648 total
[2025-12-03T15:16:52.938+0000][7][gc,age      ] GC(101) - age  15:       8192 bytes,    5438840 total
[2025-12-03T15:16:52.938+0000][7][gc,phases   ] GC(101)   Pre Evacuate Collection Set: 0.2ms
[2025-12-03T15:16:52.938+0000][7][gc,phases   ] GC(101)   Merge Heap Roots: 0.1ms
[2025-12-03T15:16:52.938+0000][7][gc,phases   ] GC(101)   Evacuate Collection Set: 11.0ms
[2025-12-03T15:16:52.938+0000][7][gc,phases   ] GC(101)   Post Evacuate Collection Set: 3.8ms
[2025-12-03T15:16:52.939+0000][7][gc,phases   ] GC(101)   Other: 1.8ms
[2025-12-03T15:16:52.939+0000][7][gc,heap     ] GC(101) Eden regions: 67->0(67)
[2025-12-03T15:16:52.939+0000][7][gc,heap     ] GC(101) Survivor regions: 2->2(9)
[2025-12-03T15:16:52.939+0000][7][gc,heap     ] GC(101) Old regions: 32->32
[2025-12-03T15:16:52.939+0000][7][gc,heap     ] GC(101) Archive regions: 2->2
[2025-12-03T15:16:52.939+0000][7][gc,heap     ] GC(101) Humongous regions: 2->2
[2025-12-03T15:16:52.939+0000][7][gc,metaspace] GC(101) Metaspace: 114981K(116672K)->114981K(116672K) NonClass: 100183K(101120K)->100183K(101120K) Class: 14797K(15552K)->14797K(15552K)
[2025-12-03T15:16:52.939+0000][7][gc          ] GC(101) Pause Young (Normal) (G1 Evacuation Pause) 411M->142M(512M) 17.845ms
[2025-12-03T15:16:52.939+0000][7][gc,cpu      ] GC(101) User=0.10s Sys=0.00s Real=0.02s
[2025-12-03T15:16:52.939+0000][7][safepoint   ] Safepoint "G1CollectForAllocation", Time since last: 1946237626 ns, Reaching safepoint: 78541 ns, At safepoint: 18101625 ns, Total: 18180166 ns
[2025-12-03T15:17:13.980+0000][7][safepoint   ] Safepoint "Cleanup", Time since last: 21039665385 ns, Reaching safepoint: 103916 ns, At safepoint: 3709 ns, Total: 107625 ns
[2025-12-03T15:17:50.081+0000][7][gc,start    ] GC(102) Pause Young (Normal) (G1 Evacuation Pause)
[2025-12-03T15:17:50.082+0000][7][gc,task     ] GC(102) Using 8 workers of 8 for evacuation
[2025-12-03T15:17:50.082+0000][7][gc,age      ] GC(102) Desired survivor size 18874368 bytes, new threshold 15 (max threshold 15)
[2025-12-03T15:17:50.094+0000][7][gc,age      ] GC(102) Age table with threshold 15 (max threshold 15)
[2025-12-03T15:17:50.094+0000][7][gc,age      ] GC(102) - age   1:    3364736 bytes,    3364736 total
[2025-12-03T15:17:50.094+0000][7][gc,age      ] GC(102) - age   2:    1474040 bytes,    4838776 total
[2025-12-03T15:17:50.094+0000][7][gc,age      ] GC(102) - age   3:     420496 bytes,    5259272 total
[2025-12-03T15:17:50.094+0000][7][gc,age      ] GC(102) - age   4:     233664 bytes,    5492936 total
[2025-12-03T15:17:50.094+0000][7][gc,age      ] GC(102) - age   5:      68760 bytes,    5561696 total
[2025-12-03T15:17:50.094+0000][7][gc,age      ] GC(102) - age   6:      20816 bytes,    5582512 total
[2025-12-03T15:17:50.095+0000][7][gc,age      ] GC(102) - age   7:     127112 bytes,    5709624 total
[2025-12-03T15:17:50.095+0000][7][gc,age      ] GC(102) - age   8:     194760 bytes,    5904384 total
[2025-12-03T15:17:50.095+0000][7][gc,age      ] GC(102) - age   9:     179584 bytes,    6083968 total
[2025-12-03T15:17:50.095+0000][7][gc,age      ] GC(102) - age  10:      11640 bytes,    6095608 total
[2025-12-03T15:17:50.095+0000][7][gc,age      ] GC(102) - age  11:      19488 bytes,    6115096 total
[2025-12-03T15:17:50.095+0000][7][gc,age      ] GC(102) - age  12:      50744 bytes,    6165840 total
[2025-12-03T15:17:50.095+0000][7][gc,age      ] GC(102) - age  13:      17328 bytes,    6183168 total
[2025-12-03T15:17:50.095+0000][7][gc,age      ] GC(102) - age  14:      86280 bytes,    6269448 total
[2025-12-03T15:17:50.095+0000][7][gc,age      ] GC(102) - age  15:     432960 bytes,    6702408 total
[2025-12-03T15:17:50.095+0000][7][gc,phases   ] GC(102)   Pre Evacuate Collection Set: 0.4ms
[2025-12-03T15:17:50.095+0000][7][gc,phases   ] GC(102)   Merge Heap Roots: 0.2ms
[2025-12-03T15:17:50.095+0000][7][gc,phases   ] GC(102)   Evacuate Collection Set: 9.2ms
[2025-12-03T15:17:50.095+0000][7][gc,phases   ] GC(102)   Post Evacuate Collection Set: 1.9ms
[2025-12-03T15:17:50.095+0000][7][gc,phases   ] GC(102)   Other: 2.8ms
[2025-12-03T15:17:50.096+0000][7][gc,heap     ] GC(102) Eden regions: 67->0(67)
[2025-12-03T15:17:50.096+0000][7][gc,heap     ] GC(102) Survivor regions: 2->2(9)
[2025-12-03T15:17:50.096+0000][7][gc,heap     ] GC(102) Old regions: 32->32
[2025-12-03T15:17:50.096+0000][7][gc,heap     ] GC(102) Archive regions: 2->2
[2025-12-03T15:17:50.096+0000][7][gc,heap     ] GC(102) Humongous regions: 2->2
[2025-12-03T15:17:50.096+0000][7][gc,metaspace] GC(102) Metaspace: 114981K(116672K)->114981K(116672K) NonClass: 100183K(101120K)->100183K(101120K) Class: 14797K(15552K)->14797K(15552K)
[2025-12-03T15:17:50.096+0000][7][gc          ] GC(102) Pause Young (Normal) (G1 Evacuation Pause) 410M->143M(512M) 15.002ms
[2025-12-03T15:17:50.096+0000][7][gc,cpu      ] GC(102) User=0.07s Sys=0.00s Real=0.02s
[2025-12-03T15:17:50.096+0000][7][safepoint   ] Safepoint "G1CollectForAllocation", Time since last: 36099912475 ns, Reaching safepoint: 286625 ns, At safepoint: 15298375 ns, Total: 15585000 ns
[2025-12-03T15:18:24.151+0000][7][safepoint   ] Safepoint "Cleanup", Time since last: 34053892849 ns, Reaching safepoint: 158166 ns, At safepoint: 6667 ns, Total: 164833 ns
[2025-12-03T15:18:44.180+0000][7][safepoint   ] Safepoint "Cleanup", Time since last: 20026494634 ns, Reaching safepoint: 1733542 ns, At safepoint: 5125 ns, Total: 1738667 ns
[2025-12-03T15:18:44.294+0000][7][gc,start    ] GC(103) Pause Young (Normal) (G1 Evacuation Pause)
[2025-12-03T15:18:44.294+0000][7][gc,task     ] GC(103) Using 8 workers of 8 for evacuation
[2025-12-03T15:18:44.295+0000][7][gc,age      ] GC(103) Desired survivor size 18874368 bytes, new threshold 15 (max threshold 15)
[2025-12-03T15:18:44.308+0000][7][gc,age      ] GC(103) Age table with threshold 15 (max threshold 15)
[2025-12-03T15:18:44.308+0000][7][gc,age      ] GC(103) - age   1:    3200584 bytes,    3200584 total
[2025-12-03T15:18:44.308+0000][7][gc,age      ] GC(103) - age   2:    1656984 bytes,    4857568 total
[2025-12-03T15:18:44.308+0000][7][gc,age      ] GC(103) - age   3:     692600 bytes,    5550168 total
[2025-12-03T15:18:44.308+0000][7][gc,age      ] GC(103) - age   4:     157296 bytes,    5707464 total
[2025-12-03T15:18:44.308+0000][7][gc,age      ] GC(103) - age   5:     233408 bytes,    5940872 total
[2025-12-03T15:18:44.308+0000][7][gc,age      ] GC(103) - age   6:      68360 bytes,    6009232 total
[2025-12-03T15:18:44.308+0000][7][gc,age      ] GC(103) - age   7:      20688 bytes,    6029920 total
[2025-12-03T15:18:44.308+0000][7][gc,age      ] GC(103) - age   8:     126984 bytes,    6156904 total
[2025-12-03T15:18:44.309+0000][7][gc,age      ] GC(103) - age   9:      86496 bytes,    6243400 total
[2025-12-03T15:18:44.309+0000][7][gc,age      ] GC(103) - age  10:     164496 bytes,    6407896 total
[2025-12-03T15:18:44.309+0000][7][gc,age      ] GC(103) - age  11:      11640 bytes,    6419536 total
[2025-12-03T15:18:44.309+0000][7][gc,age      ] GC(103) - age  12:      19488 bytes,    6439024 total
[2025-12-03T15:18:44.309+0000][7][gc,age      ] GC(103) - age  13:      50744 bytes,    6489768 total
[2025-12-03T15:18:44.309+0000][7][gc,age      ] GC(103) - age  14:      17328 bytes,    6507096 total
[2025-12-03T15:18:44.309+0000][7][gc,age      ] GC(103) - age  15:      86280 bytes,    6593376 total
[2025-12-03T15:18:44.309+0000][7][gc,phases   ] GC(103)   Pre Evacuate Collection Set: 0.6ms
[2025-12-03T15:18:44.309+0000][7][gc,phases   ] GC(103)   Merge Heap Roots: 0.3ms
[2025-12-03T15:18:44.309+0000][7][gc,phases   ] GC(103)   Evacuate Collection Set: 10.0ms
[2025-12-03T15:18:44.309+0000][7][gc,phases   ] GC(103)   Post Evacuate Collection Set: 2.1ms
[2025-12-03T15:18:44.309+0000][7][gc,phases   ] GC(103)   Other: 2.0ms
[2025-12-03T15:18:44.309+0000][7][gc,heap     ] GC(103) Eden regions: 67->0(67)
[2025-12-03T15:18:44.309+0000][7][gc,heap     ] GC(103) Survivor regions: 2->2(9)
[2025-12-03T15:18:44.309+0000][7][gc,heap     ] GC(103) Old regions: 32->32
[2025-12-03T15:18:44.309+0000][7][gc,heap     ] GC(103) Archive regions: 2->2
[2025-12-03T15:18:44.309+0000][7][gc,heap     ] GC(103) Humongous regions: 2->2
[2025-12-03T15:18:44.310+0000][7][gc,metaspace] GC(103) Metaspace: 114997K(116672K)->114997K(116672K) NonClass: 100199K(101120K)->100199K(101120K) Class: 14797K(15552K)->14797K(15552K)
[2025-12-03T15:18:44.310+0000][7][gc          ] GC(103) Pause Young (Normal) (G1 Evacuation Pause) 411M->143M(512M) 15.524ms
[2025-12-03T15:18:44.310+0000][7][gc,cpu      ] GC(103) User=0.06s Sys=0.00s Real=0.02s
[2025-12-03T15:18:44.310+0000][7][safepoint   ] Safepoint "G1CollectForAllocation", Time since last: 113972583 ns, Reaching safepoint: 83167 ns, At safepoint: 15759375 ns, Total: 15842542 ns
[2025-12-03T15:18:50.318+0000][7][safepoint   ] Safepoint "Cleanup", Time since last: 6008445920 ns, Reaching safepoint: 214625 ns, At safepoint: 17916 ns, Total: 232541 ns
[2025-12-03T15:19:08.361+0000][7][safepoint   ] Safepoint "Cleanup", Time since last: 18028181341 ns, Reaching safepoint: 13276750 ns, At safepoint: 34917 ns, Total: 13311667 ns
[2025-12-03T15:19:43.875+0000][7][gc,start    ] GC(104) Pause Young (Normal) (G1 Evacuation Pause)
[2025-12-03T15:19:43.875+0000][7][gc,task     ] GC(104) Using 8 workers of 8 for evacuation
[2025-12-03T15:19:43.875+0000][7][gc,age      ] GC(104) Desired survivor size 18874368 bytes, new threshold 15 (max threshold 15)
[2025-12-03T15:19:43.884+0000][7][gc,age      ] GC(104) Age table with threshold 15 (max threshold 15)
[2025-12-03T15:19:43.884+0000][7][gc,age      ] GC(104) - age   1:    3193888 bytes,    3193888 total
[2025-12-03T15:19:43.884+0000][7][gc,age      ] GC(104) - age   2:     789680 bytes,    3983568 total
[2025-12-03T15:19:43.884+0000][7][gc,age      ] GC(104) - age   3:    1392320 bytes,    5375888 total
[2025-12-03T15:19:43.884+0000][7][gc,age      ] GC(104) - age   4:     691608 bytes,    6067496 total
[2025-12-03T15:19:43.884+0000][7][gc,age      ] GC(104) - age   5:     156880 bytes,    6224376 total
[2025-12-03T15:19:43.884+0000][7][gc,age      ] GC(104) - age   6:     233344 bytes,    6457720 total
[2025-12-03T15:19:43.884+0000][7][gc,age      ] GC(104) - age   7:      68104 bytes,    6525824 total
[2025-12-03T15:19:43.884+0000][7][gc,age      ] GC(104) - age   8:      20624 bytes,    6546448 total
[2025-12-03T15:19:43.884+0000][7][gc,age      ] GC(104) - age   9:     126984 bytes,    6673432 total
[2025-12-03T15:19:43.884+0000][7][gc,age      ] GC(104) - age  10:      86496 bytes,    6759928 total
[2025-12-03T15:19:43.884+0000][7][gc,age      ] GC(104) - age  11:     164496 bytes,    6924424 total
[2025-12-03T15:19:43.884+0000][7][gc,age      ] GC(104) - age  12:      11640 bytes,    6936064 total
[2025-12-03T15:19:43.884+0000][7][gc,age      ] GC(104) - age  13:      19488 bytes,    6955552 total
[2025-12-03T15:19:43.884+0000][7][gc,age      ] GC(104) - age  14:      50744 bytes,    7006296 total
[2025-12-03T15:19:43.885+0000][7][gc,age      ] GC(104) - age  15:      17328 bytes,    7023624 total
[2025-12-03T15:19:43.885+0000][7][gc,phases   ] GC(104)   Pre Evacuate Collection Set: 0.3ms
[2025-12-03T15:19:43.885+0000][7][gc,phases   ] GC(104)   Merge Heap Roots: 0.1ms
[2025-12-03T15:19:43.885+0000][7][gc,phases   ] GC(104)   Evacuate Collection Set: 6.1ms
[2025-12-03T15:19:43.885+0000][7][gc,phases   ] GC(104)   Post Evacuate Collection Set: 1.8ms
[2025-12-03T15:19:43.885+0000][7][gc,phases   ] GC(104)   Other: 1.7ms
[2025-12-03T15:19:43.885+0000][7][gc,heap     ] GC(104) Eden regions: 67->0(67)
[2025-12-03T15:19:43.885+0000][7][gc,heap     ] GC(104) Survivor regions: 2->2(9)
[2025-12-03T15:19:43.885+0000][7][gc,heap     ] GC(104) Old regions: 32->32
[2025-12-03T15:19:43.885+0000][7][gc,heap     ] GC(104) Archive regions: 2->2
[2025-12-03T15:19:43.885+0000][7][gc,heap     ] GC(104) Humongous regions: 2->2
[2025-12-03T15:19:43.885+0000][7][gc,metaspace] GC(104) Metaspace: 114999K(116672K)->114999K(116672K) NonClass: 100201K(101120K)->100201K(101120K) Class: 14797K(15552K)->14797K(15552K)
[2025-12-03T15:19:43.885+0000][7][gc          ] GC(104) Pause Young (Normal) (G1 Evacuation Pause) 411M->144M(512M) 10.422ms
[2025-12-03T15:19:43.885+0000][7][gc,cpu      ] GC(104) User=0.05s Sys=0.01s Real=0.01s
[2025-12-03T15:19:43.885+0000][7][safepoint   ] Safepoint "G1CollectForAllocation", Time since last: 35512301141 ns, Reaching safepoint: 151708 ns, At safepoint: 10645167 ns, Total: 10796875 ns
[2025-12-03T15:20:02.912+0000][7][safepoint   ] Safepoint "Cleanup", Time since last: 19024964217 ns, Reaching safepoint: 1179708 ns, At safepoint: 11500 ns, Total: 1191208 ns
[2025-12-03T15:20:07.923+0000][7][safepoint   ] Safepoint "Cleanup", Time since last: 5010898627 ns, Reaching safepoint: 150875 ns, At safepoint: 4625 ns, Total: 155500 ns
[2025-12-03T15:20:29.960+0000][7][safepoint   ] Safepoint "Cleanup", Time since last: 22035516052 ns, Reaching safepoint: 474916 ns, At safepoint: 27709 ns, Total: 502625 ns
[2025-12-03T15:20:31.964+0000][7][safepoint   ] Safepoint "Cleanup", Time since last: 2003096167 ns, Reaching safepoint: 96084 ns, At safepoint: 5375 ns, Total: 101459 ns
[2025-12-03T15:20:43.835+0000][7][gc,start    ] GC(105) Pause Young (Normal) (G1 Evacuation Pause)
[2025-12-03T15:20:43.835+0000][7][gc,task     ] GC(105) Using 8 workers of 8 for evacuation
[2025-12-03T15:20:43.836+0000][7][gc,age      ] GC(105) Desired survivor size 18874368 bytes, new threshold 15 (max threshold 15)
[2025-12-03T15:20:43.845+0000][7][gc,age      ] GC(105) Age table with threshold 15 (max threshold 15)
[2025-12-03T15:20:43.845+0000][7][gc,age      ] GC(105) - age   1:    1961736 bytes,    1961736 total
[2025-12-03T15:20:43.845+0000][7][gc,age      ] GC(105) - age   2:     448840 bytes,    2410576 total
[2025-12-03T15:20:43.845+0000][7][gc,age      ] GC(105) - age   3:     784128 bytes,    3194704 total
[2025-12-03T15:20:43.845+0000][7][gc,age      ] GC(105) - age   4:    1391488 bytes,    4586192 total
[2025-12-03T15:20:43.845+0000][7][gc,age      ] GC(105) - age   5:     691168 bytes,    5277360 total
[2025-12-03T15:20:43.845+0000][7][gc,age      ] GC(105) - age   6:     156752 bytes,    5434112 total
[2025-12-03T15:20:43.845+0000][7][gc,age      ] GC(105) - age   7:     233344 bytes,    5667456 total
[2025-12-03T15:20:43.845+0000][7][gc,age      ] GC(105) - age   8:      68104 bytes,    5735560 total
[2025-12-03T15:20:43.845+0000][7][gc,age      ] GC(105) - age   9:      10736 bytes,    5746296 total
[2025-12-03T15:20:43.845+0000][7][gc,age      ] GC(105) - age  10:      27432 bytes,    5773728 total
[2025-12-03T15:20:43.845+0000][7][gc,age      ] GC(105) - age  11:      86496 bytes,    5860224 total
[2025-12-03T15:20:43.845+0000][7][gc,age      ] GC(105) - age  12:     164496 bytes,    6024720 total
[2025-12-03T15:20:43.845+0000][7][gc,age      ] GC(105) - age  13:       9696 bytes,    6034416 total
[2025-12-03T15:20:43.845+0000][7][gc,age      ] GC(105) - age  14:      19488 bytes,    6053904 total
[2025-12-03T15:20:43.846+0000][7][gc,age      ] GC(105) - age  15:      50744 bytes,    6104648 total
[2025-12-03T15:20:43.846+0000][7][gc,phases   ] GC(105)   Pre Evacuate Collection Set: 0.4ms
[2025-12-03T15:20:43.846+0000][7][gc,phases   ] GC(105)   Merge Heap Roots: 0.1ms
[2025-12-03T15:20:43.846+0000][7][gc,phases   ] GC(105)   Evacuate Collection Set: 7.1ms
[2025-12-03T15:20:43.846+0000][7][gc,phases   ] GC(105)   Post Evacuate Collection Set: 1.6ms
[2025-12-03T15:20:43.846+0000][7][gc,phases   ] GC(105)   Other: 1.5ms
[2025-12-03T15:20:43.846+0000][7][gc,heap     ] GC(105) Eden regions: 67->0(67)
[2025-12-03T15:20:43.846+0000][7][gc,heap     ] GC(105) Survivor regions: 2->2(9)
[2025-12-03T15:20:43.846+0000][7][gc,heap     ] GC(105) Old regions: 32->32
[2025-12-03T15:20:43.846+0000][7][gc,heap     ] GC(105) Archive regions: 2->2
[2025-12-03T15:20:43.846+0000][7][gc,heap     ] GC(105) Humongous regions: 2->2
[2025-12-03T15:20:43.846+0000][7][gc,metaspace] GC(105) Metaspace: 115000K(116672K)->115000K(116672K) NonClass: 100202K(101120K)->100202K(101120K) Class: 14797K(15552K)->14797K(15552K)
[2025-12-03T15:20:43.846+0000][7][gc          ] GC(105) Pause Young (Normal) (G1 Evacuation Pause) 412M->143M(512M) 11.047ms
[2025-12-03T15:20:43.846+0000][7][gc,cpu      ] GC(105) User=0.06s Sys=0.00s Real=0.01s
[2025-12-03T15:20:43.846+0000][7][safepoint   ] Safepoint "G1CollectForAllocation", Time since last: 11871171380 ns, Reaching safepoint: 137709 ns, At safepoint: 11267250 ns, Total: 11404959 ns
[2025-12-03T15:21:37.879+0000][7][gc,start    ] GC(106) Pause Young (Normal) (G1 Evacuation Pause)
[2025-12-03T15:21:37.880+0000][7][gc,task     ] GC(106) Using 8 workers of 8 for evacuation
[2025-12-03T15:21:37.880+0000][7][gc,age      ] GC(106) Desired survivor size 18874368 bytes, new threshold 15 (max threshold 15)
[2025-12-03T15:21:37.891+0000][7][gc,age      ] GC(106) Age table with threshold 15 (max threshold 15)
[2025-12-03T15:21:37.891+0000][7][gc,age      ] GC(106) - age   1:    2694656 bytes,    2694656 total
[2025-12-03T15:21:37.891+0000][7][gc,age      ] GC(106) - age   2:     720824 bytes,    3415480 total
[2025-12-03T15:21:37.891+0000][7][gc,age      ] GC(106) - age   3:     182504 bytes,    3597984 total
[2025-12-03T15:21:37.891+0000][7][gc,age      ] GC(106) - age   4:     153696 bytes,    3751680 total
[2025-12-03T15:21:37.891+0000][7][gc,age      ] GC(106) - age   5:    1391168 bytes,    5142848 total
[2025-12-03T15:21:37.891+0000][7][gc,age      ] GC(106) - age   6:     690896 bytes,    5833744 total
[2025-12-03T15:21:37.891+0000][7][gc,age      ] GC(106) - age   7:     156752 bytes,    5990496 total
[2025-12-03T15:21:37.891+0000][7][gc,age      ] GC(106) - age   8:     233344 bytes,    6223840 total
[2025-12-03T15:21:37.891+0000][7][gc,age      ] GC(106) - age   9:      19000 bytes,    6242840 total
[2025-12-03T15:21:37.891+0000][7][gc,age      ] GC(106) - age  10:      10736 bytes,    6253576 total
[2025-12-03T15:21:37.891+0000][7][gc,age      ] GC(106) - age  11:      27432 bytes,    6281008 total
[2025-12-03T15:21:37.891+0000][7][gc,age      ] GC(106) - age  12:      86496 bytes,    6367504 total
[2025-12-03T15:21:37.892+0000][7][gc,age      ] GC(106) - age  13:     164496 bytes,    6532000 total
[2025-12-03T15:21:37.892+0000][7][gc,age      ] GC(106) - age  14:       9696 bytes,    6541696 total
[2025-12-03T15:21:37.892+0000][7][gc,age      ] GC(106) - age  15:      19488 bytes,    6561184 total
[2025-12-03T15:21:37.892+0000][7][gc,phases   ] GC(106)   Pre Evacuate Collection Set: 0.3ms
[2025-12-03T15:21:37.892+0000][7][gc,phases   ] GC(106)   Merge Heap Roots: 0.1ms
[2025-12-03T15:21:37.892+0000][7][gc,phases   ] GC(106)   Evacuate Collection Set: 8.1ms
[2025-12-03T15:21:37.892+0000][7][gc,phases   ] GC(106)   Post Evacuate Collection Set: 2.1ms
[2025-12-03T15:21:37.892+0000][7][gc,phases   ] GC(106)   Other: 2.2ms
[2025-12-03T15:21:37.892+0000][7][gc,heap     ] GC(106) Eden regions: 67->0(67)
[2025-12-03T15:21:37.892+0000][7][gc,heap     ] GC(106) Survivor regions: 2->2(9)
[2025-12-03T15:21:37.892+0000][7][gc,heap     ] GC(106) Old regions: 32->32
[2025-12-03T15:21:37.892+0000][7][gc,heap     ] GC(106) Archive regions: 2->2
[2025-12-03T15:21:37.892+0000][7][gc,heap     ] GC(106) Humongous regions: 2->2
[2025-12-03T15:21:37.892+0000][7][gc,metaspace] GC(106) Metaspace: 115004K(116672K)->115004K(116672K) NonClass: 100206K(101120K)->100206K(101120K) Class: 14797K(15552K)->14797K(15552K)
[2025-12-03T15:21:37.892+0000][7][gc          ] GC(106) Pause Young (Normal) (G1 Evacuation Pause) 411M->143M(512M) 13.104ms
[2025-12-03T15:21:37.892+0000][7][gc,cpu      ] GC(106) User=0.07s Sys=0.00s Real=0.02s
[2025-12-03T15:21:37.892+0000][7][safepoint   ] Safepoint "G1CollectForAllocation", Time since last: 54030473775 ns, Reaching safepoint: 529416 ns, At safepoint: 13378334 ns, Total: 13907750 ns
[2025-12-03T15:21:43.900+0000][7][safepoint   ] Safepoint "Cleanup", Time since last: 6007733294 ns, Reaching safepoint: 115500 ns, At safepoint: 7292 ns, Total: 122792 ns
[2025-12-03T15:22:07.927+0000][7][safepoint   ] Safepoint "Cleanup", Time since last: 24026711386 ns, Reaching safepoint: 137916 ns, At safepoint: 9000 ns, Total: 146916 ns
[2025-12-03T15:22:32.286+0000][7][gc,start    ] GC(107) Pause Young (Normal) (G1 Evacuation Pause)
[2025-12-03T15:22:32.287+0000][7][gc,task     ] GC(107) Using 8 workers of 8 for evacuation
[2025-12-03T15:22:32.287+0000][7][gc,age      ] GC(107) Desired survivor size 18874368 bytes, new threshold 15 (max threshold 15)
[2025-12-03T15:22:32.309+0000][7][gc,age      ] GC(107) Age table with threshold 15 (max threshold 15)
[2025-12-03T15:22:32.309+0000][7][gc,age      ] GC(107) - age   1:    3603424 bytes,    3603424 total
[2025-12-03T15:22:32.309+0000][7][gc,age      ] GC(107) - age   2:     700496 bytes,    4303920 total
[2025-12-03T15:22:32.309+0000][7][gc,age      ] GC(107) - age   3:     436248 bytes,    4740168 total
[2025-12-03T15:22:32.309+0000][7][gc,age      ] GC(107) - age   4:     180952 bytes,    4921120 total
[2025-12-03T15:22:32.309+0000][7][gc,age      ] GC(107) - age   5:     153312 bytes,    5074432 total
[2025-12-03T15:22:32.309+0000][7][gc,age      ] GC(107) - age   6:    1390784 bytes,    6465216 total
[2025-12-03T15:22:32.309+0000][7][gc,age      ] GC(107) - age   7:     690472 bytes,    7155688 total
[2025-12-03T15:22:32.309+0000][7][gc,age      ] GC(107) - age   8:     156528 bytes,    7312216 total
[2025-12-03T15:22:32.309+0000][7][gc,age      ] GC(107) - age   9:     233344 bytes,    7545560 total
[2025-12-03T15:22:32.309+0000][7][gc,age      ] GC(107) - age  10:      19000 bytes,    7564560 total
[2025-12-03T15:22:32.309+0000][7][gc,age      ] GC(107) - age  11:      10736 bytes,    7575296 total
[2025-12-03T15:22:32.309+0000][7][gc,age      ] GC(107) - age  12:      27432 bytes,    7602728 total
[2025-12-03T15:22:32.310+0000][7][gc,age      ] GC(107) - age  13:      86496 bytes,    7689224 total
[2025-12-03T15:22:32.310+0000][7][gc,age      ] GC(107) - age  14:     164496 bytes,    7853720 total
[2025-12-03T15:22:32.310+0000][7][gc,age      ] GC(107) - age  15:       9696 bytes,    7863416 total
[2025-12-03T15:22:32.310+0000][7][gc,phases   ] GC(107)   Pre Evacuate Collection Set: 0.4ms
[2025-12-03T15:22:32.310+0000][7][gc,phases   ] GC(107)   Merge Heap Roots: 0.2ms
[2025-12-03T15:22:32.310+0000][7][gc,phases   ] GC(107)   Evacuate Collection Set: 17.4ms
[2025-12-03T15:22:32.310+0000][7][gc,phases   ] GC(107)   Post Evacuate Collection Set: 3.6ms
[2025-12-03T15:22:32.310+0000][7][gc,phases   ] GC(107)   Other: 2.4ms
[2025-12-03T15:22:32.310+0000][7][gc,heap     ] GC(107) Eden regions: 67->0(67)
[2025-12-03T15:22:32.310+0000][7][gc,heap     ] GC(107) Survivor regions: 2->2(9)
[2025-12-03T15:22:32.310+0000][7][gc,heap     ] GC(107) Old regions: 32->32
[2025-12-03T15:22:32.310+0000][7][gc,heap     ] GC(107) Archive regions: 2->2
[2025-12-03T15:22:32.310+0000][7][gc,heap     ] GC(107) Humongous regions: 2->2
[2025-12-03T15:22:32.310+0000][7][gc,metaspace] GC(107) Metaspace: 115007K(116672K)->115007K(116672K) NonClass: 100209K(101120K)->100209K(101120K) Class: 14797K(15552K)->14797K(15552K)
[2025-12-03T15:22:32.310+0000][7][gc          ] GC(107) Pause Young (Normal) (G1 Evacuation Pause) 411M->144M(512M) 24.340ms
[2025-12-03T15:22:32.310+0000][7][gc,cpu      ] GC(107) User=0.12s Sys=0.00s Real=0.02s
[2025-12-03T15:22:32.310+0000][7][safepoint   ] Safepoint "G1CollectForAllocation", Time since last: 24356451303 ns, Reaching safepoint: 361250 ns, At safepoint: 24843542 ns, Total: 25204792 ns
[2025-12-03T15:23:23.378+0000][7][safepoint   ] Safepoint "Cleanup", Time since last: 51065919107 ns, Reaching safepoint: 386333 ns, At safepoint: 8167 ns, Total: 394500 ns
[2025-12-03T15:23:26.384+0000][7][safepoint   ] Safepoint "Cleanup", Time since last: 3005258501 ns, Reaching safepoint: 258875 ns, At safepoint: 10625 ns, Total: 269500 ns
[2025-12-03T15:23:26.487+0000][7][gc,start    ] GC(108) Pause Young (Normal) (G1 Evacuation Pause)
[2025-12-03T15:23:26.487+0000][7][gc,task     ] GC(108) Using 8 workers of 8 for evacuation
[2025-12-03T15:23:26.490+0000][7][gc,age      ] GC(108) Desired survivor size 18874368 bytes, new threshold 15 (max threshold 15)
[2025-12-03T15:23:26.554+0000][7][gc,age      ] GC(108) Age table with threshold 15 (max threshold 15)
[2025-12-03T15:23:26.554+0000][7][gc,age      ] GC(108) - age   1:    2678408 bytes,    2678408 total
[2025-12-03T15:23:26.554+0000][7][gc,age      ] GC(108) - age   2:      17424 bytes,    2695832 total
[2025-12-03T15:23:26.554+0000][7][gc,age      ] GC(108) - age   3:     197480 bytes,    2893312 total
[2025-12-03T15:23:26.554+0000][7][gc,age      ] GC(108) - age   4:     172992 bytes,    3066304 total
[2025-12-03T15:23:26.554+0000][7][gc,age      ] GC(108) - age   5:     180456 bytes,    3246760 total
[2025-12-03T15:23:26.554+0000][7][gc,age      ] GC(108) - age   6:     153312 bytes,    3400072 total
[2025-12-03T15:23:26.554+0000][7][gc,age      ] GC(108) - age   7:    1390400 bytes,    4790472 total
[2025-12-03T15:23:26.554+0000][7][gc,age      ] GC(108) - age   8:     690176 bytes,    5480648 total
[2025-12-03T15:23:26.555+0000][7][gc,age      ] GC(108) - age   9:     130608 bytes,    5611256 total
[2025-12-03T15:23:26.555+0000][7][gc,age      ] GC(108) - age  10:      20032 bytes,    5631288 total
[2025-12-03T15:23:26.555+0000][7][gc,age      ] GC(108) - age  11:      19000 bytes,    5650288 total
[2025-12-03T15:23:26.555+0000][7][gc,age      ] GC(108) - age  12:      10736 bytes,    5661024 total
[2025-12-03T15:23:26.555+0000][7][gc,age      ] GC(108) - age  13:      27432 bytes,    5688456 total
[2025-12-03T15:23:26.555+0000][7][gc,age      ] GC(108) - age  14:      86496 bytes,    5774952 total
[2025-12-03T15:23:26.555+0000][7][gc,age      ] GC(108) - age  15:     164496 bytes,    5939448 total
[2025-12-03T15:23:26.555+0000][7][gc,phases   ] GC(108)   Pre Evacuate Collection Set: 4.6ms
[2025-12-03T15:23:26.555+0000][7][gc,phases   ] GC(108)   Merge Heap Roots: 1.6ms
[2025-12-03T15:23:26.555+0000][7][gc,phases   ] GC(108)   Evacuate Collection Set: 48.7ms
[2025-12-03T15:23:26.555+0000][7][gc,phases   ] GC(108)   Post Evacuate Collection Set: 8.1ms
[2025-12-03T15:23:26.555+0000][7][gc,phases   ] GC(108)   Other: 5.7ms
[2025-12-03T15:23:26.555+0000][7][gc,heap     ] GC(108) Eden regions: 67->0(67)
[2025-12-03T15:23:26.556+0000][7][gc,heap     ] GC(108) Survivor regions: 2->2(9)
[2025-12-03T15:23:26.556+0000][7][gc,heap     ] GC(108) Old regions: 32->32
[2025-12-03T15:23:26.556+0000][7][gc,heap     ] GC(108) Archive regions: 2->2
[2025-12-03T15:23:26.556+0000][7][gc,heap     ] GC(108) Humongous regions: 2->2
[2025-12-03T15:23:26.556+0000][7][gc,metaspace] GC(108) Metaspace: 115008K(116672K)->115008K(116672K) NonClass: 100210K(101120K)->100210K(101120K) Class: 14797K(15552K)->14797K(15552K)
[2025-12-03T15:23:26.556+0000][7][gc          ] GC(108) Pause Young (Normal) (G1 Evacuation Pause) 412M->143M(512M) 69.160ms
[2025-12-03T15:23:26.556+0000][7][gc,cpu      ] GC(108) User=0.35s Sys=0.01s Real=0.07s
[2025-12-03T15:23:26.556+0000][7][safepoint   ] Safepoint "G1CollectForAllocation", Time since last: 101930458 ns, Reaching safepoint: 202625 ns, At safepoint: 70050667 ns, Total: 70253292 ns
[2025-12-03T15:23:53.702+0000][7][safepoint   ] Safepoint "Cleanup", Time since last: 27145119388 ns, Reaching safepoint: 265000 ns, At safepoint: 4750 ns, Total: 269750 ns
[2025-12-03T15:24:26.925+0000][7][gc,start    ] GC(109) Pause Young (Normal) (G1 Evacuation Pause)
[2025-12-03T15:24:26.926+0000][7][gc,task     ] GC(109) Using 8 workers of 8 for evacuation
[2025-12-03T15:24:26.927+0000][7][gc,age      ] GC(109) Desired survivor size 18874368 bytes, new threshold 15 (max threshold 15)
[2025-12-03T15:24:26.943+0000][7][gc,age      ] GC(109) Age table with threshold 15 (max threshold 15)
[2025-12-03T15:24:26.943+0000][7][gc,age      ] GC(109) - age   1:    2435616 bytes,    2435616 total
[2025-12-03T15:24:26.943+0000][7][gc,age      ] GC(109) - age   2:     989712 bytes,    3425328 total
[2025-12-03T15:24:26.943+0000][7][gc,age      ] GC(109) - age   3:      13744 bytes,    3439072 total
[2025-12-03T15:24:26.943+0000][7][gc,age      ] GC(109) - age   4:     196904 bytes,    3635976 total
[2025-12-03T15:24:26.943+0000][7][gc,age      ] GC(109) - age   5:     172536 bytes,    3808512 total
[2025-12-03T15:24:26.944+0000][7][gc,age      ] GC(109) - age   6:     180328 bytes,    3988840 total
[2025-12-03T15:24:26.944+0000][7][gc,age      ] GC(109) - age   7:     153184 bytes,    4142024 total
[2025-12-03T15:24:26.944+0000][7][gc,age      ] GC(109) - age   8:    1390400 bytes,    5532424 total
[2025-12-03T15:24:26.944+0000][7][gc,age      ] GC(109) - age   9:     690176 bytes,    6222600 total
[2025-12-03T15:24:26.944+0000][7][gc,age      ] GC(109) - age  10:     130512 bytes,    6353112 total
[2025-12-03T15:24:26.944+0000][7][gc,age      ] GC(109) - age  11:      19968 bytes,    6373080 total
[2025-12-03T15:24:26.944+0000][7][gc,age      ] GC(109) - age  12:      18936 bytes,    6392016 total
[2025-12-03T15:24:26.944+0000][7][gc,age      ] GC(109) - age  13:      10672 bytes,    6402688 total
[2025-12-03T15:24:26.944+0000][7][gc,age      ] GC(109) - age  14:      27400 bytes,    6430088 total
[2025-12-03T15:24:26.944+0000][7][gc,age      ] GC(109) - age  15:      86400 bytes,    6516488 total
[2025-12-03T15:24:26.944+0000][7][gc,phases   ] GC(109)   Pre Evacuate Collection Set: 0.9ms
[2025-12-03T15:24:26.945+0000][7][gc,phases   ] GC(109)   Merge Heap Roots: 0.3ms
[2025-12-03T15:24:26.945+0000][7][gc,phases   ] GC(109)   Evacuate Collection Set: 11.9ms
[2025-12-03T15:24:26.945+0000][7][gc,phases   ] GC(109)   Post Evacuate Collection Set: 3.1ms
[2025-12-03T15:24:26.945+0000][7][gc,phases   ] GC(109)   Other: 3.9ms
[2025-12-03T15:24:26.945+0000][7][gc,heap     ] GC(109) Eden regions: 67->0(67)
[2025-12-03T15:24:26.945+0000][7][gc,heap     ] GC(109) Survivor regions: 2->2(9)
[2025-12-03T15:24:26.945+0000][7][gc,heap     ] GC(109) Old regions: 32->32
[2025-12-03T15:24:26.945+0000][7][gc,heap     ] GC(109) Archive regions: 2->2
[2025-12-03T15:24:26.945+0000][7][gc,heap     ] GC(109) Humongous regions: 2->2
[2025-12-03T15:24:26.945+0000][7][gc,metaspace] GC(109) Metaspace: 115008K(116672K)->115008K(116672K) NonClass: 100210K(101120K)->100210K(101120K) Class: 14797K(15552K)->14797K(15552K)
[2025-12-03T15:24:26.945+0000][7][gc          ] GC(109) Pause Young (Normal) (G1 Evacuation Pause) 410M->143M(512M) 20.767ms
[2025-12-03T15:24:26.945+0000][7][gc,cpu      ] GC(109) User=0.10s Sys=0.00s Real=0.02s
[2025-12-03T15:24:26.946+0000][7][safepoint   ] Safepoint "G1CollectForAllocation", Time since last: 33221033847 ns, Reaching safepoint: 268875 ns, At safepoint: 21086042 ns, Total: 21354917 ns
[2025-12-03T15:24:43.982+0000][7][safepoint   ] Safepoint "Cleanup", Time since last: 17035705967 ns, Reaching safepoint: 527458 ns, At safepoint: 12958 ns, Total: 540416 ns
[2025-12-03T15:24:53.993+0000][7][safepoint   ] Safepoint "Cleanup", Time since last: 10010861505 ns, Reaching safepoint: 793083 ns, At safepoint: 19500 ns, Total: 812583 ns
[2025-12-03T15:24:57.001+0000][7][safepoint   ] Safepoint "Cleanup", Time since last: 3006313626 ns, Reaching safepoint: 239166 ns, At safepoint: 12709 ns, Total: 251875 ns
[2025-12-03T15:25:14.022+0000][7][safepoint   ] Safepoint "Cleanup", Time since last: 17020292758 ns, Reaching safepoint: 204167 ns, At safepoint: 3916 ns, Total: 208083 ns
[2025-12-03T15:25:20.088+0000][7][gc,start    ] GC(110) Pause Young (Normal) (G1 Evacuation Pause)
[2025-12-03T15:25:20.088+0000][7][gc,task     ] GC(110) Using 8 workers of 8 for evacuation
[2025-12-03T15:25:20.089+0000][7][gc,age      ] GC(110) Desired survivor size 18874368 bytes, new threshold 15 (max threshold 15)
[2025-12-03T15:25:20.107+0000][7][gc,age      ] GC(110) Age table with threshold 15 (max threshold 15)
[2025-12-03T15:25:20.107+0000][7][gc,age      ] GC(110) - age   1:    4241424 bytes,    4241424 total
[2025-12-03T15:25:20.107+0000][7][gc,age      ] GC(110) - age   2:     377616 bytes,    4619040 total
[2025-12-03T15:25:20.107+0000][7][gc,age      ] GC(110) - age   3:     987504 bytes,    5606544 total
[2025-12-03T15:25:20.107+0000][7][gc,age      ] GC(110) - age   4:      11968 bytes,    5618512 total
[2025-12-03T15:25:20.108+0000][7][gc,age      ] GC(110) - age   5:      65288 bytes,    5683800 total
[2025-12-03T15:25:20.108+0000][7][gc,age      ] GC(110) - age   6:     172184 bytes,    5855984 total
[2025-12-03T15:25:20.108+0000][7][gc,age      ] GC(110) - age   7:     179776 bytes,    6035760 total
[2025-12-03T15:25:20.108+0000][7][gc,age      ] GC(110) - age   8:     153184 bytes,    6188944 total
[2025-12-03T15:25:20.108+0000][7][gc,age      ] GC(110) - age   9:     246368 bytes,    6435312 total
[2025-12-03T15:25:20.108+0000][7][gc,age      ] GC(110) - age  10:     569288 bytes,    7004600 total
[2025-12-03T15:25:20.108+0000][7][gc,age      ] GC(110) - age  11:     130512 bytes,    7135112 total
[2025-12-03T15:25:20.108+0000][7][gc,age      ] GC(110) - age  12:      19968 bytes,    7155080 total
[2025-12-03T15:25:20.108+0000][7][gc,age      ] GC(110) - age  13:      18936 bytes,    7174016 total
[2025-12-03T15:25:20.108+0000][7][gc,age      ] GC(110) - age  14:      10672 bytes,    7184688 total
[2025-12-03T15:25:20.108+0000][7][gc,age      ] GC(110) - age  15:      27400 bytes,    7212088 total
[2025-12-03T15:25:20.108+0000][7][gc,phases   ] GC(110)   Pre Evacuate Collection Set: 0.3ms
[2025-12-03T15:25:20.108+0000][7][gc,phases   ] GC(110)   Merge Heap Roots: 0.2ms
[2025-12-03T15:25:20.108+0000][7][gc,phases   ] GC(110)   Evacuate Collection Set: 16.2ms
[2025-12-03T15:25:20.108+0000][7][gc,phases   ] GC(110)   Post Evacuate Collection Set: 1.9ms
[2025-12-03T15:25:20.108+0000][7][gc,phases   ] GC(110)   Other: 2.1ms
[2025-12-03T15:25:20.108+0000][7][gc,heap     ] GC(110) Eden regions: 67->0(67)
[2025-12-03T15:25:20.108+0000][7][gc,heap     ] GC(110) Survivor regions: 2->2(9)
[2025-12-03T15:25:20.109+0000][7][gc,heap     ] GC(110) Old regions: 32->32
[2025-12-03T15:25:20.109+0000][7][gc,heap     ] GC(110) Archive regions: 2->2
[2025-12-03T15:25:20.109+0000][7][gc,heap     ] GC(110) Humongous regions: 2->2
[2025-12-03T15:25:20.109+0000][7][gc,metaspace] GC(110) Metaspace: 115019K(116672K)->115019K(116672K) NonClass: 100221K(101120K)->100221K(101120K) Class: 14797K(15552K)->14797K(15552K)
[2025-12-03T15:25:20.109+0000][7][gc          ] GC(110) Pause Young (Normal) (G1 Evacuation Pause) 411M->144M(512M) 21.084ms
[2025-12-03T15:25:20.109+0000][7][gc,cpu      ] GC(110) User=0.11s Sys=0.00s Real=0.03s
[2025-12-03T15:25:20.109+0000][7][safepoint   ] Safepoint "G1CollectForAllocation", Time since last: 6065663128 ns, Reaching safepoint: 244292 ns, At safepoint: 21461667 ns, Total: 21705959 ns
[2025-12-03T15:25:27.170+0000][7][safepoint   ] Safepoint "Cleanup", Time since last: 7060246044 ns, Reaching safepoint: 459792 ns, At safepoint: 13750 ns, Total: 473542 ns
[2025-12-03T15:25:32.180+0000][7][safepoint   ] Safepoint "Cleanup", Time since last: 5006568586 ns, Reaching safepoint: 3228083 ns, At safepoint: 14750 ns, Total: 3242833 ns
[2025-12-03T15:25:45.205+0000][7][safepoint   ] Safepoint "Cleanup", Time since last: 13024625131 ns, Reaching safepoint: 302333 ns, At safepoint: 30542 ns, Total: 332875 ns
[2025-12-03T15:26:14.073+0000][7][gc,start    ] GC(111) Pause Young (Normal) (G1 Evacuation Pause)
[2025-12-03T15:26:14.073+0000][7][gc,task     ] GC(111) Using 8 workers of 8 for evacuation
[2025-12-03T15:26:14.073+0000][7][gc,age      ] GC(111) Desired survivor size 18874368 bytes, new threshold 15 (max threshold 15)
[2025-12-03T15:26:14.087+0000][7][gc,age      ] GC(111) Age table with threshold 15 (max threshold 15)
[2025-12-03T15:26:14.087+0000][7][gc,age      ] GC(111) - age   1:    3850552 bytes,    3850552 total
[2025-12-03T15:26:14.087+0000][7][gc,age      ] GC(111) - age   2:    1871024 bytes,    5721576 total
[2025-12-03T15:26:14.087+0000][7][gc,age      ] GC(111) - age   3:     111488 bytes,    5833064 total
[2025-12-03T15:26:14.087+0000][7][gc,age      ] GC(111) - age   4:     357208 bytes,    6190272 total
[2025-12-03T15:26:14.087+0000][7][gc,age      ] GC(111) - age   5:      11672 bytes,    6201944 total
[2025-12-03T15:26:14.087+0000][7][gc,age      ] GC(111) - age   6:      65096 bytes,    6267040 total
[2025-12-03T15:26:14.087+0000][7][gc,age      ] GC(111) - age   7:     172184 bytes,    6439224 total
[2025-12-03T15:26:14.087+0000][7][gc,age      ] GC(111) - age   8:     179776 bytes,    6619000 total
[2025-12-03T15:26:14.087+0000][7][gc,age      ] GC(111) - age   9:      14416 bytes,    6633416 total
[2025-12-03T15:26:14.087+0000][7][gc,age      ] GC(111) - age  10:     210888 bytes,    6844304 total
[2025-12-03T15:26:14.087+0000][7][gc,age      ] GC(111) - age  11:     569288 bytes,    7413592 total
[2025-12-03T15:26:14.087+0000][7][gc,age      ] GC(111) - age  12:     130512 bytes,    7544104 total
[2025-12-03T15:26:14.087+0000][7][gc,age      ] GC(111) - age  13:      19968 bytes,    7564072 total
[2025-12-03T15:26:14.087+0000][7][gc,age      ] GC(111) - age  14:      18936 bytes,    7583008 total
[2025-12-03T15:26:14.087+0000][7][gc,age      ] GC(111) - age  15:      10672 bytes,    7593680 total
[2025-12-03T15:26:14.088+0000][7][gc,phases   ] GC(111)   Pre Evacuate Collection Set: 0.3ms
[2025-12-03T15:26:14.088+0000][7][gc,phases   ] GC(111)   Merge Heap Roots: 0.2ms
[2025-12-03T15:26:14.088+0000][7][gc,phases   ] GC(111)   Evacuate Collection Set: 9.2ms
[2025-12-03T15:26:14.088+0000][7][gc,phases   ] GC(111)   Post Evacuate Collection Set: 3.5ms
[2025-12-03T15:26:14.088+0000][7][gc,phases   ] GC(111)   Other: 1.8ms
[2025-12-03T15:26:14.088+0000][7][gc,heap     ] GC(111) Eden regions: 67->0(67)
[2025-12-03T15:26:14.088+0000][7][gc,heap     ] GC(111) Survivor regions: 2->2(9)
[2025-12-03T15:26:14.088+0000][7][gc,heap     ] GC(111) Old regions: 32->32
[2025-12-03T15:26:14.088+0000][7][gc,heap     ] GC(111) Archive regions: 2->2
[2025-12-03T15:26:14.088+0000][7][gc,heap     ] GC(111) Humongous regions: 2->2
[2025-12-03T15:26:14.088+0000][7][gc,metaspace] GC(111) Metaspace: 115033K(116736K)->115033K(116736K) NonClass: 100235K(101184K)->100235K(101184K) Class: 14797K(15552K)->14797K(15552K)
[2025-12-03T15:26:14.088+0000][7][gc          ] GC(111) Pause Young (Normal) (G1 Evacuation Pause) 412M->145M(512M) 15.528ms
[2025-12-03T15:26:14.088+0000][7][gc,cpu      ] GC(111) User=0.07s Sys=0.00s Real=0.01s
[2025-12-03T15:26:14.088+0000][7][safepoint   ] Safepoint "G1CollectForAllocation", Time since last: 28865718013 ns, Reaching safepoint: 355250 ns, At safepoint: 15770042 ns, Total: 16125292 ns
[2025-12-03T15:26:40.137+0000][7][safepoint   ] Safepoint "Cleanup", Time since last: 22081433301 ns, Reaching safepoint: 543500 ns, At safepoint: 8084 ns, Total: 551584 ns
[2025-12-03T15:27:06.172+0000][7][safepoint   ] Safepoint "Cleanup", Time since last: 26034208261 ns, Reaching safepoint: 910792 ns, At safepoint: 129667 ns, Total: 1040459 ns
[2025-12-03T15:27:07.176+0000][7][safepoint   ] Safepoint "Cleanup", Time since last: 1003393917 ns, Reaching safepoint: 157458 ns, At safepoint: 11500 ns, Total: 168958 ns
[2025-12-03T15:27:08.177+0000][7][safepoint   ] Safepoint "Cleanup", Time since last: 1000912084 ns, Reaching safepoint: 83375 ns, At safepoint: 2958 ns, Total: 86333 ns
[2025-12-03T15:27:15.024+0000][7][gc,start    ] GC(112) Pause Young (Normal) (G1 Evacuation Pause)
[2025-12-03T15:27:15.024+0000][7][gc,task     ] GC(112) Using 8 workers of 8 for evacuation
[2025-12-03T15:27:15.025+0000][7][gc,age      ] GC(112) Desired survivor size 18874368 bytes, new threshold 15 (max threshold 15)
[2025-12-03T15:27:15.038+0000][7][gc,age      ] GC(112) Age table with threshold 15 (max threshold 15)
[2025-12-03T15:27:15.038+0000][7][gc,age      ] GC(112) - age   1:    1345424 bytes,    1345424 total
[2025-12-03T15:27:15.038+0000][7][gc,age      ] GC(112) - age   2:     975528 bytes,    2320952 total
[2025-12-03T15:27:15.038+0000][7][gc,age      ] GC(112) - age   3:    1735024 bytes,    4055976 total
[2025-12-03T15:27:15.038+0000][7][gc,age      ] GC(112) - age   4:     110944 bytes,    4166920 total
[2025-12-03T15:27:15.038+0000][7][gc,age      ] GC(112) - age   5:     356616 bytes,    4523536 total
[2025-12-03T15:27:15.039+0000][7][gc,age      ] GC(112) - age   6:      11096 bytes,    4534632 total
[2025-12-03T15:27:15.039+0000][7][gc,age      ] GC(112) - age   7:      65032 bytes,    4599664 total
[2025-12-03T15:27:15.039+0000][7][gc,age      ] GC(112) - age   8:     147896 bytes,    4747560 total
[2025-12-03T15:27:15.039+0000][7][gc,age      ] GC(112) - age   9:     179776 bytes,    4927336 total
[2025-12-03T15:27:15.039+0000][7][gc,age      ] GC(112) - age  10:      14416 bytes,    4941752 total
[2025-12-03T15:27:15.039+0000][7][gc,age      ] GC(112) - age  11:     210888 bytes,    5152640 total
[2025-12-03T15:27:15.039+0000][7][gc,age      ] GC(112) - age  12:     569288 bytes,    5721928 total
[2025-12-03T15:27:15.039+0000][7][gc,age      ] GC(112) - age  13:     130512 bytes,    5852440 total
[2025-12-03T15:27:15.039+0000][7][gc,age      ] GC(112) - age  14:      19968 bytes,    5872408 total
[2025-12-03T15:27:15.039+0000][7][gc,age      ] GC(112) - age  15:      18936 bytes,    5891344 total
[2025-12-03T15:27:15.039+0000][7][gc,phases   ] GC(112)   Pre Evacuate Collection Set: 0.5ms
[2025-12-03T15:27:15.039+0000][7][gc,phases   ] GC(112)   Merge Heap Roots: 0.2ms
[2025-12-03T15:27:15.039+0000][7][gc,phases   ] GC(112)   Evacuate Collection Set: 10.5ms
[2025-12-03T15:27:15.039+0000][7][gc,phases   ] GC(112)   Post Evacuate Collection Set: 2.4ms
[2025-12-03T15:27:15.039+0000][7][gc,phases   ] GC(112)   Other: 2.0ms
[2025-12-03T15:27:15.039+0000][7][gc,heap     ] GC(112) Eden regions: 67->0(67)
[2025-12-03T15:27:15.040+0000][7][gc,heap     ] GC(112) Survivor regions: 2->2(9)
[2025-12-03T15:27:15.040+0000][7][gc,heap     ] GC(112) Old regions: 32->32
[2025-12-03T15:27:15.040+0000][7][gc,heap     ] GC(112) Archive regions: 2->2
[2025-12-03T15:27:15.040+0000][7][gc,heap     ] GC(112) Humongous regions: 2->2
[2025-12-03T15:27:15.040+0000][7][gc,metaspace] GC(112) Metaspace: 115033K(116736K)->115033K(116736K) NonClass: 100235K(101184K)->100235K(101184K) Class: 14797K(15552K)->14797K(15552K)
[2025-12-03T15:27:15.040+0000][7][gc          ] GC(112) Pause Young (Normal) (G1 Evacuation Pause) 413M->143M(512M) 16.058ms
[2025-12-03T15:27:15.040+0000][7][gc,cpu      ] GC(112) User=0.08s Sys=0.00s Real=0.02s
[2025-12-03T15:27:15.040+0000][7][safepoint   ] Safepoint "G1CollectForAllocation", Time since last: 6846183420 ns, Reaching safepoint: 360167 ns, At safepoint: 16466417 ns, Total: 16826584 ns
[2025-12-03T15:27:28.066+0000][7][safepoint   ] Safepoint "Cleanup", Time since last: 13025714381 ns, Reaching safepoint: 189416 ns, At safepoint: 13959 ns, Total: 203375 ns
[2025-12-03T15:27:30.072+0000][7][safepoint   ] Safepoint "Cleanup", Time since last: 2006144167 ns, Reaching safepoint: 226167 ns, At safepoint: 8792 ns, Total: 234959 ns
[2025-12-03T15:27:45.104+0000][7][safepoint   ] Safepoint "Cleanup", Time since last: 15030055381 ns, Reaching safepoint: 252375 ns, At safepoint: 6459 ns, Total: 258834 ns
[2025-12-03T15:28:07.060+0000][7][gc,start    ] GC(113) Pause Young (Normal) (G1 Evacuation Pause)
[2025-12-03T15:28:07.061+0000][7][gc,task     ] GC(113) Using 8 workers of 8 for evacuation
[2025-12-03T15:28:07.061+0000][7][gc,age      ] GC(113) Desired survivor size 18874368 bytes, new threshold 15 (max threshold 15)
[2025-12-03T15:28:07.068+0000][7][gc,age      ] GC(113) Age table with threshold 15 (max threshold 15)
[2025-12-03T15:28:07.068+0000][7][gc,age      ] GC(113) - age   1:    2518240 bytes,    2518240 total
[2025-12-03T15:28:07.068+0000][7][gc,age      ] GC(113) - age   2:     275440 bytes,    2793680 total
[2025-12-03T15:28:07.068+0000][7][gc,age      ] GC(113) - age   3:     341464 bytes,    3135144 total
[2025-12-03T15:28:07.069+0000][7][gc,age      ] GC(113) - age   4:    1471856 bytes,    4607000 total
[2025-12-03T15:28:07.069+0000][7][gc,age      ] GC(113) - age   5:     110816 bytes,    4717816 total
[2025-12-03T15:28:07.069+0000][7][gc,age      ] GC(113) - age   6:     355912 bytes,    5073728 total
[2025-12-03T15:28:07.069+0000][7][gc,age      ] GC(113) - age   7:      11032 bytes,    5084760 total
[2025-12-03T15:28:07.069+0000][7][gc,age      ] GC(113) - age   8:      64968 bytes,    5149728 total
[2025-12-03T15:28:07.069+0000][7][gc,age      ] GC(113) - age   9:     147832 bytes,    5297560 total
[2025-12-03T15:28:07.069+0000][7][gc,age      ] GC(113) - age  10:     179776 bytes,    5477336 total
[2025-12-03T15:28:07.069+0000][7][gc,age      ] GC(113) - age  11:      14416 bytes,    5491752 total
[2025-12-03T15:28:07.069+0000][7][gc,age      ] GC(113) - age  12:     210888 bytes,    5702640 total
[2025-12-03T15:28:07.069+0000][7][gc,age      ] GC(113) - age  13:     569208 bytes,    6271848 total
[2025-12-03T15:28:07.069+0000][7][gc,age      ] GC(113) - age  14:     130512 bytes,    6402360 total
[2025-12-03T15:28:07.069+0000][7][gc,age      ] GC(113) - age  15:      19968 bytes,    6422328 total
[2025-12-03T15:28:07.069+0000][7][gc,phases   ] GC(113)   Pre Evacuate Collection Set: 0.3ms
[2025-12-03T15:28:07.069+0000][7][gc,phases   ] GC(113)   Merge Heap Roots: 0.1ms
[2025-12-03T15:28:07.069+0000][7][gc,phases   ] GC(113)   Evacuate Collection Set: 4.9ms
[2025-12-03T15:28:07.069+0000][7][gc,phases   ] GC(113)   Post Evacuate Collection Set: 1.6ms
[2025-12-03T15:28:07.069+0000][7][gc,phases   ] GC(113)   Other: 1.9ms
[2025-12-03T15:28:07.069+0000][7][gc,heap     ] GC(113) Eden regions: 67->0(67)
[2025-12-03T15:28:07.069+0000][7][gc,heap     ] GC(113) Survivor regions: 2->2(9)
[2025-12-03T15:28:07.069+0000][7][gc,heap     ] GC(113) Old regions: 32->32
[2025-12-03T15:28:07.069+0000][7][gc,heap     ] GC(113) Archive regions: 2->2
[2025-12-03T15:28:07.069+0000][7][gc,heap     ] GC(113) Humongous regions: 2->2
[2025-12-03T15:28:07.069+0000][7][gc,metaspace] GC(113) Metaspace: 115033K(116736K)->115033K(116736K) NonClass: 100235K(101184K)->100235K(101184K) Class: 14797K(15552K)->14797K(15552K)
[2025-12-03T15:28:07.070+0000][7][gc          ] GC(113) Pause Young (Normal) (G1 Evacuation Pause) 411M->143M(512M) 9.193ms
[2025-12-03T15:28:07.070+0000][7][gc,cpu      ] GC(113) User=0.04s Sys=0.00s Real=0.01s
[2025-12-03T15:28:07.070+0000][7][safepoint   ] Safepoint "G1CollectForAllocation", Time since last: 21954893843 ns, Reaching safepoint: 62083 ns, At safepoint: 9358000 ns, Total: 9420083 ns
[2025-12-03T15:28:21.092+0000][7][safepoint   ] Safepoint "Cleanup", Time since last: 14022018340 ns, Reaching safepoint: 74500 ns, At safepoint: 15667 ns, Total: 90167 ns
[2025-12-03T15:28:31.110+0000][7][safepoint   ] Safepoint "Cleanup", Time since last: 10016565754 ns, Reaching safepoint: 371917 ns, At safepoint: 18417 ns, Total: 390334 ns
[2025-12-03T15:28:35.124+0000][7][safepoint   ] Safepoint "Cleanup", Time since last: 4013524751 ns, Reaching safepoint: 444750 ns, At safepoint: 18209 ns, Total: 462959 ns
[2025-12-03T15:29:03.311+0000][7][gc,start    ] GC(114) Pause Young (Normal) (G1 Evacuation Pause)
[2025-12-03T15:29:03.311+0000][7][gc,task     ] GC(114) Using 8 workers of 8 for evacuation
[2025-12-03T15:29:03.311+0000][7][gc,age      ] GC(114) Desired survivor size 18874368 bytes, new threshold 15 (max threshold 15)
[2025-12-03T15:29:03.323+0000][7][gc,age      ] GC(114) Age table with threshold 15 (max threshold 15)
[2025-12-03T15:29:03.323+0000][7][gc,age      ] GC(114) - age   1:    3538080 bytes,    3538080 total
[2025-12-03T15:29:03.324+0000][7][gc,age      ] GC(114) - age   2:     858992 bytes,    4397072 total
[2025-12-03T15:29:03.324+0000][7][gc,age      ] GC(114) - age   3:      11352 bytes,    4408424 total
[2025-12-03T15:29:03.324+0000][7][gc,age      ] GC(114) - age   4:     209352 bytes,    4617776 total
[2025-12-03T15:29:03.324+0000][7][gc,age      ] GC(114) - age   5:    1471600 bytes,    6089376 total
[2025-12-03T15:29:03.324+0000][7][gc,age      ] GC(114) - age   6:     110656 bytes,    6200032 total
[2025-12-03T15:29:03.324+0000][7][gc,age      ] GC(114) - age   7:     355656 bytes,    6555688 total
[2025-12-03T15:29:03.324+0000][7][gc,age      ] GC(114) - age   8:      11032 bytes,    6566720 total
[2025-12-03T15:29:03.324+0000][7][gc,age      ] GC(114) - age   9:      64904 bytes,    6631624 total
[2025-12-03T15:29:03.324+0000][7][gc,age      ] GC(114) - age  10:      35104 bytes,    6666728 total
[2025-12-03T15:29:03.324+0000][7][gc,age      ] GC(114) - age  11:     179712 bytes,    6846440 total
[2025-12-03T15:29:03.324+0000][7][gc,age      ] GC(114) - age  12:      14416 bytes,    6860856 total
[2025-12-03T15:29:03.324+0000][7][gc,age      ] GC(114) - age  13:     210824 bytes,    7071680 total
[2025-12-03T15:29:03.324+0000][7][gc,age      ] GC(114) - age  14:     569208 bytes,    7640888 total
[2025-12-03T15:29:03.324+0000][7][gc,age      ] GC(114) - age  15:     130512 bytes,    7771400 total
[2025-12-03T15:29:03.324+0000][7][gc,phases   ] GC(114)   Pre Evacuate Collection Set: 0.5ms
[2025-12-03T15:29:03.325+0000][7][gc,phases   ] GC(114)   Merge Heap Roots: 0.2ms
[2025-12-03T15:29:03.325+0000][7][gc,phases   ] GC(114)   Evacuate Collection Set: 8.8ms
[2025-12-03T15:29:03.325+0000][7][gc,phases   ] GC(114)   Post Evacuate Collection Set: 2.2ms
[2025-12-03T15:29:03.325+0000][7][gc,phases   ] GC(114)   Other: 2.1ms
[2025-12-03T15:29:03.325+0000][7][gc,heap     ] GC(114) Eden regions: 67->0(67)
[2025-12-03T15:29:03.325+0000][7][gc,heap     ] GC(114) Survivor regions: 2->2(9)
[2025-12-03T15:29:03.325+0000][7][gc,heap     ] GC(114) Old regions: 32->32
[2025-12-03T15:29:03.325+0000][7][gc,heap     ] GC(114) Archive regions: 2->2
[2025-12-03T15:29:03.325+0000][7][gc,heap     ] GC(114) Humongous regions: 2->2
[2025-12-03T15:29:03.325+0000][7][gc,metaspace] GC(114) Metaspace: 115034K(116736K)->115034K(116736K) NonClass: 100236K(101184K)->100236K(101184K) Class: 14797K(15552K)->14797K(15552K)
[2025-12-03T15:29:03.325+0000][7][gc          ] GC(114) Pause Young (Normal) (G1 Evacuation Pause) 411M->145M(512M) 14.344ms
[2025-12-03T15:29:03.325+0000][7][gc,cpu      ] GC(114) User=0.06s Sys=0.00s Real=0.02s
[2025-12-03T15:29:03.325+0000][7][safepoint   ] Safepoint "G1CollectForAllocation", Time since last: 28186137346 ns, Reaching safepoint: 176500 ns, At safepoint: 14677000 ns, Total: 14853500 ns
[2025-12-03T15:29:17.345+0000][7][safepoint   ] Safepoint "Cleanup", Time since last: 14019223132 ns, Reaching safepoint: 323792 ns, At safepoint: 18250 ns, Total: 342042 ns
[2025-12-03T15:29:57.202+0000][7][gc,start    ] GC(115) Pause Young (Normal) (G1 Evacuation Pause)
[2025-12-03T15:29:57.203+0000][7][gc,task     ] GC(115) Using 8 workers of 8 for evacuation
[2025-12-03T15:29:57.203+0000][7][gc,age      ] GC(115) Desired survivor size 18874368 bytes, new threshold 15 (max threshold 15)
[2025-12-03T15:29:57.211+0000][7][gc,age      ] GC(115) Age table with threshold 15 (max threshold 15)
[2025-12-03T15:29:57.211+0000][7][gc,age      ] GC(115) - age   1:    1378040 bytes,    1378040 total
[2025-12-03T15:29:57.211+0000][7][gc,age      ] GC(115) - age   2:     407568 bytes,    1785608 total
[2025-12-03T15:29:57.212+0000][7][gc,age      ] GC(115) - age   3:     592640 bytes,    2378248 total
[2025-12-03T15:29:57.212+0000][7][gc,age      ] GC(115) - age   4:      10728 bytes,    2388976 total
[2025-12-03T15:29:57.212+0000][7][gc,age      ] GC(115) - age   5:     208888 bytes,    2597864 total
[2025-12-03T15:29:57.212+0000][7][gc,age      ] GC(115) - age   6:    1471344 bytes,    4069208 total
[2025-12-03T15:29:57.212+0000][7][gc,age      ] GC(115) - age   7:     110360 bytes,    4179568 total
[2025-12-03T15:29:57.212+0000][7][gc,age      ] GC(115) - age   8:     355656 bytes,    4535224 total
[2025-12-03T15:29:57.212+0000][7][gc,age      ] GC(115) - age   9:      11032 bytes,    4546256 total
[2025-12-03T15:29:57.212+0000][7][gc,age      ] GC(115) - age  10:       9600 bytes,    4555856 total
[2025-12-03T15:29:57.212+0000][7][gc,age      ] GC(115) - age  11:      23968 bytes,    4579824 total
[2025-12-03T15:29:57.212+0000][7][gc,age      ] GC(115) - age  12:     179712 bytes,    4759536 total
[2025-12-03T15:29:57.212+0000][7][gc,age      ] GC(115) - age  13:      14416 bytes,    4773952 total
[2025-12-03T15:29:57.212+0000][7][gc,age      ] GC(115) - age  14:     210824 bytes,    4984776 total
[2025-12-03T15:29:57.212+0000][7][gc,age      ] GC(115) - age  15:     569208 bytes,    5553984 total
[2025-12-03T15:29:57.212+0000][7][gc,phases   ] GC(115)   Pre Evacuate Collection Set: 0.4ms
[2025-12-03T15:29:57.212+0000][7][gc,phases   ] GC(115)   Merge Heap Roots: 0.2ms
[2025-12-03T15:29:57.212+0000][7][gc,phases   ] GC(115)   Evacuate Collection Set: 5.7ms
[2025-12-03T15:29:57.212+0000][7][gc,phases   ] GC(115)   Post Evacuate Collection Set: 2.0ms
[2025-12-03T15:29:57.212+0000][7][gc,phases   ] GC(115)   Other: 1.8ms
[2025-12-03T15:29:57.212+0000][7][gc,heap     ] GC(115) Eden regions: 67->0(67)
[2025-12-03T15:29:57.212+0000][7][gc,heap     ] GC(115) Survivor regions: 2->2(9)
[2025-12-03T15:29:57.212+0000][7][gc,heap     ] GC(115) Old regions: 32->32
[2025-12-03T15:29:57.213+0000][7][gc,heap     ] GC(115) Archive regions: 2->2
[2025-12-03T15:29:57.213+0000][7][gc,heap     ] GC(115) Humongous regions: 2->2
[2025-12-03T15:29:57.213+0000][7][gc,metaspace] GC(115) Metaspace: 115035K(116736K)->115035K(116736K) NonClass: 100237K(101184K)->100237K(101184K) Class: 14797K(15552K)->14797K(15552K)
[2025-12-03T15:29:57.213+0000][7][gc          ] GC(115) Pause Young (Normal) (G1 Evacuation Pause) 413M->143M(512M) 10.448ms
[2025-12-03T15:29:57.213+0000][7][gc,cpu      ] GC(115) User=0.05s Sys=0.00s Real=0.01s
[2025-12-03T15:29:57.213+0000][7][safepoint   ] Safepoint "G1CollectForAllocation", Time since last: 39856465018 ns, Reaching safepoint: 258250 ns, At safepoint: 10697084 ns, Total: 10955334 ns
[2025-12-03T15:30:07.226+0000][7][safepoint   ] Safepoint "Cleanup", Time since last: 10011802545 ns, Reaching safepoint: 317084 ns, At safepoint: 12708 ns, Total: 329792 ns
[2025-12-03T15:30:57.115+0000][7][gc,start    ] GC(116) Pause Young (Normal) (G1 Evacuation Pause)
[2025-12-03T15:30:57.116+0000][7][gc,task     ] GC(116) Using 8 workers of 8 for evacuation
[2025-12-03T15:30:57.116+0000][7][gc,age      ] GC(116) Desired survivor size 18874368 bytes, new threshold 15 (max threshold 15)
[2025-12-03T15:30:57.124+0000][7][gc,age      ] GC(116) Age table with threshold 15 (max threshold 15)
[2025-12-03T15:30:57.124+0000][7][gc,age      ] GC(116) - age   1:    2751944 bytes,    2751944 total
[2025-12-03T15:30:57.124+0000][7][gc,age      ] GC(116) - age   2:     222168 bytes,    2974112 total
[2025-12-03T15:30:57.124+0000][7][gc,age      ] GC(116) - age   3:     272152 bytes,    3246264 total
[2025-12-03T15:30:57.124+0000][7][gc,age      ] GC(116) - age   4:      93216 bytes,    3339480 total
[2025-12-03T15:30:57.124+0000][7][gc,age      ] GC(116) - age   5:      10664 bytes,    3350144 total
[2025-12-03T15:30:57.124+0000][7][gc,age      ] GC(116) - age   6:     208824 bytes,    3558968 total
[2025-12-03T15:30:57.124+0000][7][gc,age      ] GC(116) - age   7:    1471344 bytes,    5030312 total
[2025-12-03T15:30:57.124+0000][7][gc,age      ] GC(116) - age   8:     110096 bytes,    5140408 total
[2025-12-03T15:30:57.124+0000][7][gc,age      ] GC(116) - age   9:     355656 bytes,    5496064 total
[2025-12-03T15:30:57.124+0000][7][gc,age      ] GC(116) - age  10:      10968 bytes,    5507032 total
[2025-12-03T15:30:57.124+0000][7][gc,age      ] GC(116) - age  11:       9600 bytes,    5516632 total
[2025-12-03T15:30:57.124+0000][7][gc,age      ] GC(116) - age  12:      21984 bytes,    5538616 total
[2025-12-03T15:30:57.124+0000][7][gc,age      ] GC(116) - age  13:     179712 bytes,    5718328 total
[2025-12-03T15:30:57.124+0000][7][gc,age      ] GC(116) - age  14:      14416 bytes,    5732744 total
[2025-12-03T15:30:57.124+0000][7][gc,age      ] GC(116) - age  15:     210824 bytes,    5943568 total
[2025-12-03T15:30:57.124+0000][7][gc,phases   ] GC(116)   Pre Evacuate Collection Set: 0.4ms
[2025-12-03T15:30:57.125+0000][7][gc,phases   ] GC(116)   Merge Heap Roots: 0.1ms
[2025-12-03T15:30:57.125+0000][7][gc,phases   ] GC(116)   Evacuate Collection Set: 5.8ms
[2025-12-03T15:30:57.125+0000][7][gc,phases   ] GC(116)   Post Evacuate Collection Set: 1.7ms
[2025-12-03T15:30:57.125+0000][7][gc,phases   ] GC(116)   Other: 1.4ms
[2025-12-03T15:30:57.125+0000][7][gc,heap     ] GC(116) Eden regions: 67->0(67)
[2025-12-03T15:30:57.125+0000][7][gc,heap     ] GC(116) Survivor regions: 2->2(9)
[2025-12-03T15:30:57.125+0000][7][gc,heap     ] GC(116) Old regions: 32->32
[2025-12-03T15:30:57.125+0000][7][gc,heap     ] GC(116) Archive regions: 2->2
[2025-12-03T15:30:57.125+0000][7][gc,heap     ] GC(116) Humongous regions: 2->2
[2025-12-03T15:30:57.125+0000][7][gc,metaspace] GC(116) Metaspace: 115037K(116736K)->115037K(116736K) NonClass: 100239K(101184K)->100239K(101184K) Class: 14797K(15552K)->14797K(15552K)
[2025-12-03T15:30:57.125+0000][7][gc          ] GC(116) Pause Young (Normal) (G1 Evacuation Pause) 411M->144M(512M) 9.619ms
[2025-12-03T15:30:57.125+0000][7][gc,cpu      ] GC(116) User=0.05s Sys=0.00s Real=0.01s
[2025-12-03T15:30:57.125+0000][7][safepoint   ] Safepoint "G1CollectForAllocation", Time since last: 49889186690 ns, Reaching safepoint: 296584 ns, At safepoint: 9899041 ns, Total: 10195625 ns
[2025-12-03T15:31:07.162+0000][7][safepoint   ] Safepoint "Cleanup", Time since last: 10034650963 ns, Reaching safepoint: 558667 ns, At safepoint: 18291 ns, Total: 576958 ns
[2025-12-03T15:31:09.165+0000][7][safepoint   ] Safepoint "Cleanup", Time since last: 2002495168 ns, Reaching safepoint: 136417 ns, At safepoint: 12166 ns, Total: 148583 ns
[2025-12-03T15:31:47.231+0000][7][safepoint   ] Safepoint "Cleanup", Time since last: 38063809810 ns, Reaching safepoint: 396208 ns, At safepoint: 21417 ns, Total: 417625 ns
[2025-12-03T15:31:57.121+0000][7][gc,start    ] GC(117) Pause Young (Normal) (G1 Evacuation Pause)
[2025-12-03T15:31:57.122+0000][7][gc,task     ] GC(117) Using 8 workers of 8 for evacuation
[2025-12-03T15:31:57.122+0000][7][gc,age      ] GC(117) Desired survivor size 18874368 bytes, new threshold 15 (max threshold 15)
[2025-12-03T15:31:57.129+0000][7][gc,age      ] GC(117) Age table with threshold 15 (max threshold 15)
[2025-12-03T15:31:57.129+0000][7][gc,age      ] GC(117) - age   1:    3309552 bytes,    3309552 total
[2025-12-03T15:31:57.129+0000][7][gc,age      ] GC(117) - age   2:     810880 bytes,    4120432 total
[2025-12-03T15:31:57.129+0000][7][gc,age      ] GC(117) - age   3:     219232 bytes,    4339664 total
[2025-12-03T15:31:57.129+0000][7][gc,age      ] GC(117) - age   4:     139992 bytes,    4479656 total
[2025-12-03T15:31:57.129+0000][7][gc,age      ] GC(117) - age   5:      92992 bytes,    4572648 total
[2025-12-03T15:31:57.129+0000][7][gc,age      ] GC(117) - age   6:      10408 bytes,    4583056 total
[2025-12-03T15:31:57.129+0000][7][gc,age      ] GC(117) - age   7:     208272 bytes,    4791328 total
[2025-12-03T15:31:57.129+0000][7][gc,age      ] GC(117) - age   8:    1471248 bytes,    6262576 total
[2025-12-03T15:31:57.129+0000][7][gc,age      ] GC(117) - age   9:     110096 bytes,    6372672 total
[2025-12-03T15:31:57.129+0000][7][gc,age      ] GC(117) - age  10:      86296 bytes,    6458968 total
[2025-12-03T15:31:57.129+0000][7][gc,age      ] GC(117) - age  11:      10968 bytes,    6469936 total
[2025-12-03T15:31:57.129+0000][7][gc,age      ] GC(117) - age  12:       9600 bytes,    6479536 total
[2025-12-03T15:31:57.129+0000][7][gc,age      ] GC(117) - age  13:      21984 bytes,    6501520 total
[2025-12-03T15:31:57.130+0000][7][gc,age      ] GC(117) - age  14:     179712 bytes,    6681232 total
[2025-12-03T15:31:57.130+0000][7][gc,age      ] GC(117) - age  15:      14416 bytes,    6695648 total
[2025-12-03T15:31:57.130+0000][7][gc,phases   ] GC(117)   Pre Evacuate Collection Set: 0.3ms
[2025-12-03T15:31:57.130+0000][7][gc,phases   ] GC(117)   Merge Heap Roots: 0.1ms
[2025-12-03T15:31:57.130+0000][7][gc,phases   ] GC(117)   Evacuate Collection Set: 5.1ms
[2025-12-03T15:31:57.130+0000][7][gc,phases   ] GC(117)   Post Evacuate Collection Set: 1.6ms
[2025-12-03T15:31:57.130+0000][7][gc,phases   ] GC(117)   Other: 1.5ms
[2025-12-03T15:31:57.130+0000][7][gc,heap     ] GC(117) Eden regions: 67->0(67)
[2025-12-03T15:31:57.130+0000][7][gc,heap     ] GC(117) Survivor regions: 2->2(9)
[2025-12-03T15:31:57.130+0000][7][gc,heap     ] GC(117) Old regions: 32->32
[2025-12-03T15:31:57.130+0000][7][gc,heap     ] GC(117) Archive regions: 2->2
[2025-12-03T15:31:57.130+0000][7][gc,heap     ] GC(117) Humongous regions: 2->2
[2025-12-03T15:31:57.130+0000][7][gc,metaspace] GC(117) Metaspace: 115046K(116736K)->115046K(116736K) NonClass: 100249K(101184K)->100249K(101184K) Class: 14797K(15552K)->14797K(15552K)
[2025-12-03T15:31:57.130+0000][7][gc          ] GC(117) Pause Young (Normal) (G1 Evacuation Pause) 412M->145M(512M) 8.842ms
[2025-12-03T15:31:57.130+0000][7][gc,cpu      ] GC(117) User=0.05s Sys=0.00s Real=0.01s
[2025-12-03T15:31:57.130+0000][7][safepoint   ] Safepoint "G1CollectForAllocation", Time since last: 9890310671 ns, Reaching safepoint: 164792 ns, At safepoint: 9099417 ns, Total: 9264209 ns
[2025-12-03T15:32:27.192+0000][7][safepoint   ] Safepoint "Cleanup", Time since last: 30060878347 ns, Reaching safepoint: 333417 ns, At safepoint: 17583 ns, Total: 351000 ns
[2025-12-03T15:32:46.568+0000][7][gc,start    ] GC(118) Pause Young (Normal) (G1 Evacuation Pause)
[2025-12-03T15:32:46.569+0000][7][gc,task     ] GC(118) Using 8 workers of 8 for evacuation
[2025-12-03T15:32:46.570+0000][7][gc,age      ] GC(118) Desired survivor size 18874368 bytes, new threshold 15 (max threshold 15)
[2025-12-03T15:32:46.581+0000][7][gc,age      ] GC(118) Age table with threshold 15 (max threshold 15)
[2025-12-03T15:32:46.581+0000][7][gc,age      ] GC(118) - age   1:    2693032 bytes,    2693032 total
[2025-12-03T15:32:46.581+0000][7][gc,age      ] GC(118) - age   2:     685608 bytes,    3378640 total
[2025-12-03T15:32:46.581+0000][7][gc,age      ] GC(118) - age   3:      46336 bytes,    3424976 total
[2025-12-03T15:32:46.581+0000][7][gc,age      ] GC(118) - age   4:     218560 bytes,    3643536 total
[2025-12-03T15:32:46.581+0000][7][gc,age      ] GC(118) - age   5:     139768 bytes,    3783304 total
[2025-12-03T15:32:46.582+0000][7][gc,age      ] GC(118) - age   6:      92576 bytes,    3875880 total
[2025-12-03T15:32:46.582+0000][7][gc,age      ] GC(118) - age   7:      10248 bytes,    3886128 total
[2025-12-03T15:32:46.582+0000][7][gc,age      ] GC(118) - age   8:     208208 bytes,    4094336 total
[2025-12-03T15:32:46.582+0000][7][gc,age      ] GC(118) - age   9:    1471184 bytes,    5565520 total
[2025-12-03T15:32:46.582+0000][7][gc,age      ] GC(118) - age  10:     110096 bytes,    5675616 total
[2025-12-03T15:32:46.582+0000][7][gc,age      ] GC(118) - age  11:      86296 bytes,    5761912 total
[2025-12-03T15:32:46.582+0000][7][gc,age      ] GC(118) - age  12:      10968 bytes,    5772880 total
[2025-12-03T15:32:46.582+0000][7][gc,age      ] GC(118) - age  13:       9600 bytes,    5782480 total
[2025-12-03T15:32:46.582+0000][7][gc,age      ] GC(118) - age  14:      21984 bytes,    5804464 total
[2025-12-03T15:32:46.582+0000][7][gc,age      ] GC(118) - age  15:     179712 bytes,    5984176 total
[2025-12-03T15:32:46.582+0000][7][gc,phases   ] GC(118)   Pre Evacuate Collection Set: 0.4ms
[2025-12-03T15:32:46.582+0000][7][gc,phases   ] GC(118)   Merge Heap Roots: 0.1ms
[2025-12-03T15:32:46.582+0000][7][gc,phases   ] GC(118)   Evacuate Collection Set: 8.4ms
[2025-12-03T15:32:46.582+0000][7][gc,phases   ] GC(118)   Post Evacuate Collection Set: 2.3ms
[2025-12-03T15:32:46.583+0000][7][gc,phases   ] GC(118)   Other: 2.9ms
[2025-12-03T15:32:46.583+0000][7][gc,heap     ] GC(118) Eden regions: 67->0(67)
[2025-12-03T15:32:46.583+0000][7][gc,heap     ] GC(118) Survivor regions: 2->2(9)
[2025-12-03T15:32:46.583+0000][7][gc,heap     ] GC(118) Old regions: 32->32
[2025-12-03T15:32:46.583+0000][7][gc,heap     ] GC(118) Archive regions: 2->2
[2025-12-03T15:32:46.583+0000][7][gc,heap     ] GC(118) Humongous regions: 2->2
[2025-12-03T15:32:46.583+0000][7][gc,metaspace] GC(118) Metaspace: 115047K(116736K)->115047K(116736K) NonClass: 100249K(101184K)->100249K(101184K) Class: 14797K(15552K)->14797K(15552K)
[2025-12-03T15:32:46.583+0000][7][gc          ] GC(118) Pause Young (Normal) (G1 Evacuation Pause) 413M->144M(512M) 14.680ms
[2025-12-03T15:32:46.583+0000][7][gc,cpu      ] GC(118) User=0.06s Sys=0.00s Real=0.01s
[2025-12-03T15:32:46.583+0000][7][safepoint   ] Safepoint "G1CollectForAllocation", Time since last: 19375334634 ns, Reaching safepoint: 338625 ns, At safepoint: 15012958 ns, Total: 15351583 ns
[2025-12-03T15:33:45.259+0000][7][gc,start    ] GC(119) Pause Young (Normal) (G1 Evacuation Pause)
[2025-12-03T15:33:45.260+0000][7][gc,task     ] GC(119) Using 8 workers of 8 for evacuation
[2025-12-03T15:33:45.260+0000][7][gc,age      ] GC(119) Desired survivor size 18874368 bytes, new threshold 15 (max threshold 15)
[2025-12-03T15:33:45.267+0000][7][gc,age      ] GC(119) Age table with threshold 15 (max threshold 15)
[2025-12-03T15:33:45.267+0000][7][gc,age      ] GC(119) - age   1:    3141688 bytes,    3141688 total
[2025-12-03T15:33:45.267+0000][7][gc,age      ] GC(119) - age   2:     805872 bytes,    3947560 total
[2025-12-03T15:33:45.267+0000][7][gc,age      ] GC(119) - age   3:     419816 bytes,    4367376 total
[2025-12-03T15:33:45.267+0000][7][gc,age      ] GC(119) - age   4:      45664 bytes,    4413040 total
[2025-12-03T15:33:45.267+0000][7][gc,age      ] GC(119) - age   5:      86920 bytes,    4499960 total
[2025-12-03T15:33:45.267+0000][7][gc,age      ] GC(119) - age   6:     139768 bytes,    4639728 total
[2025-12-03T15:33:45.267+0000][7][gc,age      ] GC(119) - age   7:      92192 bytes,    4731920 total
[2025-12-03T15:33:45.267+0000][7][gc,age      ] GC(119) - age   8:      10184 bytes,    4742104 total
[2025-12-03T15:33:45.268+0000][7][gc,age      ] GC(119) - age   9:     208208 bytes,    4950312 total
[2025-12-03T15:33:45.268+0000][7][gc,age      ] GC(119) - age  10:     325456 bytes,    5275768 total
[2025-12-03T15:33:45.268+0000][7][gc,age      ] GC(119) - age  11:     110032 bytes,    5385800 total
[2025-12-03T15:33:45.268+0000][7][gc,age      ] GC(119) - age  12:      86296 bytes,    5472096 total
[2025-12-03T15:33:45.268+0000][7][gc,age      ] GC(119) - age  13:      10968 bytes,    5483064 total
[2025-12-03T15:33:45.268+0000][7][gc,age      ] GC(119) - age  14:       9600 bytes,    5492664 total
[2025-12-03T15:33:45.268+0000][7][gc,age      ] GC(119) - age  15:      21984 bytes,    5514648 total
[2025-12-03T15:33:45.268+0000][7][gc,phases   ] GC(119)   Pre Evacuate Collection Set: 0.4ms
[2025-12-03T15:33:45.268+0000][7][gc,phases   ] GC(119)   Merge Heap Roots: 0.1ms
[2025-12-03T15:33:45.268+0000][7][gc,phases   ] GC(119)   Evacuate Collection Set: 4.8ms
[2025-12-03T15:33:45.268+0000][7][gc,phases   ] GC(119)   Post Evacuate Collection Set: 1.8ms
[2025-12-03T15:33:45.268+0000][7][gc,phases   ] GC(119)   Other: 1.5ms
[2025-12-03T15:33:45.268+0000][7][gc,heap     ] GC(119) Eden regions: 67->0(67)
[2025-12-03T15:33:45.268+0000][7][gc,heap     ] GC(119) Survivor regions: 2->2(9)
[2025-12-03T15:33:45.268+0000][7][gc,heap     ] GC(119) Old regions: 32->32
[2025-12-03T15:33:45.268+0000][7][gc,heap     ] GC(119) Archive regions: 2->2
[2025-12-03T15:33:45.268+0000][7][gc,heap     ] GC(119) Humongous regions: 2->2
[2025-12-03T15:33:45.268+0000][7][gc,metaspace] GC(119) Metaspace: 115050K(116736K)->115050K(116736K) NonClass: 100252K(101184K)->100252K(101184K) Class: 14797K(15552K)->14797K(15552K)
[2025-12-03T15:33:45.268+0000][7][gc          ] GC(119) Pause Young (Normal) (G1 Evacuation Pause) 412M->144M(512M) 8.854ms
[2025-12-03T15:33:45.268+0000][7][gc,cpu      ] GC(119) User=0.04s Sys=0.00s Real=0.00s
[2025-12-03T15:33:45.268+0000][7][safepoint   ] Safepoint "G1CollectForAllocation", Time since last: 58673389860 ns, Reaching safepoint: 335917 ns, At safepoint: 9093916 ns, Total: 9429833 ns
[2025-12-03T15:34:27.336+0000][7][safepoint   ] Safepoint "Cleanup", Time since last: 42066138687 ns, Reaching safepoint: 181833 ns, At safepoint: 4708 ns, Total: 186541 ns
[2025-12-03T15:34:33.344+0000][7][safepoint   ] Safepoint "Cleanup", Time since last: 6007827628 ns, Reaching safepoint: 92500 ns, At safepoint: 4458 ns, Total: 96958 ns
[2025-12-03T15:34:37.349+0000][7][safepoint   ] Safepoint "Cleanup", Time since last: 4004765002 ns, Reaching safepoint: 158000 ns, At safepoint: 7375 ns, Total: 165375 ns
[2025-12-03T15:34:40.135+0000][7][gc,start    ] GC(120) Pause Young (Normal) (G1 Evacuation Pause)
[2025-12-03T15:34:40.136+0000][7][gc,task     ] GC(120) Using 8 workers of 8 for evacuation
[2025-12-03T15:34:40.136+0000][7][gc,age      ] GC(120) Desired survivor size 18874368 bytes, new threshold 15 (max threshold 15)
[2025-12-03T15:34:40.148+0000][7][gc,age      ] GC(120) Age table with threshold 15 (max threshold 15)
[2025-12-03T15:34:40.149+0000][7][gc,age      ] GC(120) - age   1:    2949456 bytes,    2949456 total
[2025-12-03T15:34:40.149+0000][7][gc,age      ] GC(120) - age   2:    1312576 bytes,    4262032 total
[2025-12-03T15:34:40.149+0000][7][gc,age      ] GC(120) - age   3:     802552 bytes,    5064584 total
[2025-12-03T15:34:40.149+0000][7][gc,age      ] GC(120) - age   4:     417576 bytes,    5482160 total
[2025-12-03T15:34:40.149+0000][7][gc,age      ] GC(120) - age   5:      45056 bytes,    5527216 total
[2025-12-03T15:34:40.149+0000][7][gc,age      ] GC(120) - age   6:      86600 bytes,    5613816 total
[2025-12-03T15:34:40.149+0000][7][gc,age      ] GC(120) - age   7:     139704 bytes,    5753520 total
[2025-12-03T15:34:40.149+0000][7][gc,age      ] GC(120) - age   8:      91632 bytes,    5845152 total
[2025-12-03T15:34:40.149+0000][7][gc,age      ] GC(120) - age   9:      10120 bytes,    5855272 total
[2025-12-03T15:34:40.149+0000][7][gc,age      ] GC(120) - age  10:     208144 bytes,    6063416 total
[2025-12-03T15:34:40.149+0000][7][gc,age      ] GC(120) - age  11:      47312 bytes,    6110728 total
[2025-12-03T15:34:40.149+0000][7][gc,age      ] GC(120) - age  12:     110032 bytes,    6220760 total
[2025-12-03T15:34:40.149+0000][7][gc,age      ] GC(120) - age  13:      86296 bytes,    6307056 total
[2025-12-03T15:34:40.149+0000][7][gc,age      ] GC(120) - age  14:      10968 bytes,    6318024 total
[2025-12-03T15:34:40.150+0000][7][gc,age      ] GC(120) - age  15:       9600 bytes,    6327624 total
[2025-12-03T15:34:40.150+0000][7][gc,phases   ] GC(120)   Pre Evacuate Collection Set: 0.5ms
[2025-12-03T15:34:40.150+0000][7][gc,phases   ] GC(120)   Merge Heap Roots: 0.2ms
[2025-12-03T15:34:40.150+0000][7][gc,phases   ] GC(120)   Evacuate Collection Set: 9.2ms
[2025-12-03T15:34:40.150+0000][7][gc,phases   ] GC(120)   Post Evacuate Collection Set: 2.5ms
[2025-12-03T15:34:40.150+0000][7][gc,phases   ] GC(120)   Other: 2.0ms
[2025-12-03T15:34:40.150+0000][7][gc,heap     ] GC(120) Eden regions: 67->0(67)
[2025-12-03T15:34:40.150+0000][7][gc,heap     ] GC(120) Survivor regions: 2->2(9)
[2025-12-03T15:34:40.150+0000][7][gc,heap     ] GC(120) Old regions: 32->32
[2025-12-03T15:34:40.150+0000][7][gc,heap     ] GC(120) Archive regions: 2->2
[2025-12-03T15:34:40.150+0000][7][gc,heap     ] GC(120) Humongous regions: 2->2
[2025-12-03T15:34:40.150+0000][7][gc,metaspace] GC(120) Metaspace: 115062K(116736K)->115062K(116736K) NonClass: 100264K(101184K)->100264K(101184K) Class: 14797K(15552K)->14797K(15552K)
[2025-12-03T15:34:40.150+0000][7][gc          ] GC(120) Pause Young (Normal) (G1 Evacuation Pause) 412M->144M(512M) 14.966ms
[2025-12-03T15:34:40.150+0000][7][gc,cpu      ] GC(120) User=0.07s Sys=0.00s Real=0.01s
[2025-12-03T15:34:40.151+0000][7][safepoint   ] Safepoint "G1CollectForAllocation", Time since last: 2786061209 ns, Reaching safepoint: 153125 ns, At safepoint: 15253250 ns, Total: 15406375 ns
[2025-12-03T15:34:47.165+0000][7][safepoint   ] Safepoint "Cleanup", Time since last: 7014285379 ns, Reaching safepoint: 116042 ns, At safepoint: 3583 ns, Total: 119625 ns
[2025-12-03T15:34:57.191+0000][7][safepoint   ] Safepoint "Cleanup", Time since last: 10025571713 ns, Reaching safepoint: 181000 ns, At safepoint: 6458 ns, Total: 187458 ns
[2025-12-03T15:35:07.204+0000][7][safepoint   ] Safepoint "Cleanup", Time since last: 10012393462 ns, Reaching safepoint: 91959 ns, At safepoint: 4833 ns, Total: 96792 ns
[2025-12-03T15:35:10.214+0000][7][safepoint   ] Safepoint "Cleanup", Time since last: 3009833918 ns, Reaching safepoint: 297167 ns, At safepoint: 10500 ns, Total: 307667 ns
[2025-12-03T15:35:22.242+0000][7][safepoint   ] Safepoint "Cleanup", Time since last: 12027733589 ns, Reaching safepoint: 567083 ns, At safepoint: 24042 ns, Total: 591125 ns
[2025-12-03T15:35:27.256+0000][7][safepoint   ] Safepoint "Cleanup", Time since last: 5013546794 ns, Reaching safepoint: 797292 ns, At safepoint: 6500 ns, Total: 803792 ns
[2025-12-03T15:35:28.368+0000][7][safepoint   ] Safepoint "Cleanup", Time since last: 1109849625 ns, Reaching safepoint: 1418084 ns, At safepoint: 11875 ns, Total: 1429959 ns
[2025-12-03T15:35:28.381+0000][7][gc,start    ] GC(121) Pause Young (Normal) (G1 Evacuation Pause)
[2025-12-03T15:35:28.381+0000][7][gc,task     ] GC(121) Using 8 workers of 8 for evacuation
[2025-12-03T15:35:28.381+0000][7][gc,age      ] GC(121) Desired survivor size 18874368 bytes, new threshold 15 (max threshold 15)
[2025-12-03T15:35:28.404+0000][7][gc,age      ] GC(121) Age table with threshold 15 (max threshold 15)
[2025-12-03T15:35:28.404+0000][7][gc,age      ] GC(121) - age   1:    3808560 bytes,    3808560 total
[2025-12-03T15:35:28.405+0000][7][gc,age      ] GC(121) - age   2:    1008936 bytes,    4817496 total
[2025-12-03T15:35:28.405+0000][7][gc,age      ] GC(121) - age   3:    1310896 bytes,    6128392 total
[2025-12-03T15:35:28.405+0000][7][gc,age      ] GC(121) - age   4:      41408 bytes,    6169800 total
[2025-12-03T15:35:28.405+0000][7][gc,age      ] GC(121) - age   5:     417192 bytes,    6586992 total
[2025-12-03T15:35:28.405+0000][7][gc,age      ] GC(121) - age   6:      44864 bytes,    6631856 total
[2025-12-03T15:35:28.405+0000][7][gc,age      ] GC(121) - age   7:      86600 bytes,    6718456 total
[2025-12-03T15:35:28.405+0000][7][gc,age      ] GC(121) - age   8:     139672 bytes,    6858128 total
[2025-12-03T15:35:28.405+0000][7][gc,age      ] GC(121) - age   9:      91568 bytes,    6949696 total
[2025-12-03T15:35:28.405+0000][7][gc,age      ] GC(121) - age  10:      10056 bytes,    6959752 total
[2025-12-03T15:35:28.405+0000][7][gc,age      ] GC(121) - age  11:      11912 bytes,    6971664 total
[2025-12-03T15:35:28.405+0000][7][gc,age      ] GC(121) - age  12:      47312 bytes,    7018976 total
[2025-12-03T15:35:28.405+0000][7][gc,age      ] GC(121) - age  13:     110032 bytes,    7129008 total
[2025-12-03T15:35:28.405+0000][7][gc,age      ] GC(121) - age  14:      86296 bytes,    7215304 total
[2025-12-03T15:35:28.405+0000][7][gc,age      ] GC(121) - age  15:      10968 bytes,    7226272 total
[2025-12-03T15:35:28.406+0000][7][gc,phases   ] GC(121)   Pre Evacuate Collection Set: 0.2ms
[2025-12-03T15:35:28.406+0000][7][gc,phases   ] GC(121)   Merge Heap Roots: 0.2ms
[2025-12-03T15:35:28.406+0000][7][gc,phases   ] GC(121)   Evacuate Collection Set: 21.1ms
[2025-12-03T15:35:28.406+0000][7][gc,phases   ] GC(121)   Post Evacuate Collection Set: 1.7ms
[2025-12-03T15:35:28.406+0000][7][gc,phases   ] GC(121)   Other: 1.9ms
[2025-12-03T15:35:28.407+0000][7][gc,heap     ] GC(121) Eden regions: 67->0(67)
[2025-12-03T15:35:28.407+0000][7][gc,heap     ] GC(121) Survivor regions: 2->2(9)
[2025-12-03T15:35:28.407+0000][7][gc,heap     ] GC(121) Old regions: 32->32
[2025-12-03T15:35:28.407+0000][7][gc,heap     ] GC(121) Archive regions: 2->2
[2025-12-03T15:35:28.407+0000][7][gc,heap     ] GC(121) Humongous regions: 2->2
[2025-12-03T15:35:28.407+0000][7][gc,metaspace] GC(121) Metaspace: 115567K(117312K)->115567K(117312K) NonClass: 100764K(101760K)->100764K(101760K) Class: 14802K(15552K)->14802K(15552K)
[2025-12-03T15:35:28.407+0000][7][gc          ] GC(121) Pause Young (Normal) (G1 Evacuation Pause) 412M->145M(512M) 26.934ms
[2025-12-03T15:35:28.409+0000][7][gc,cpu      ] GC(121) User=0.11s Sys=0.01s Real=0.03s
[2025-12-03T15:35:28.409+0000][7][safepoint   ] Safepoint "G1CollectForAllocation", Time since last: 12120916 ns, Reaching safepoint: 562084 ns, At safepoint: 28553916 ns, Total: 29116000 ns
[2025-12-03T15:35:29.411+0000][7][safepoint   ] Safepoint "Cleanup", Time since last: 1001565084 ns, Reaching safepoint: 184917 ns, At safepoint: 7000 ns, Total: 191917 ns
[2025-12-03T15:35:33.419+0000][7][safepoint   ] Safepoint "Cleanup", Time since last: 4006645085 ns, Reaching safepoint: 60875 ns, At safepoint: 2041 ns, Total: 62916 ns
[2025-12-03T15:35:37.427+0000][7][safepoint   ] Safepoint "Cleanup", Time since last: 4007257794 ns, Reaching safepoint: 286083 ns, At safepoint: 9542 ns, Total: 295625 ns
[2025-12-03T15:35:41.433+0000][7][safepoint   ] Safepoint "Cleanup", Time since last: 4004918335 ns, Reaching safepoint: 1104083 ns, At safepoint: 34542 ns, Total: 1138625 ns
[2025-12-03T15:35:51.467+0000][7][safepoint   ] Safepoint "Cleanup", Time since last: 10033940547 ns, Reaching safepoint: 225791 ns, At safepoint: 11167 ns, Total: 236958 ns
[2025-12-03T15:36:07.488+0000][7][safepoint   ] Safepoint "Cleanup", Time since last: 16021555174 ns, Reaching safepoint: 277750 ns, At safepoint: 9500 ns, Total: 287250 ns
[2025-12-03T15:36:18.629+0000][7][gc,start    ] GC(122) Pause Young (Normal) (G1 Evacuation Pause)
[2025-12-03T15:36:18.629+0000][7][gc,task     ] GC(122) Using 8 workers of 8 for evacuation
[2025-12-03T15:36:18.629+0000][7][gc,age      ] GC(122) Desired survivor size 18874368 bytes, new threshold 15 (max threshold 15)
[2025-12-03T15:36:18.639+0000][7][gc,age      ] GC(122) Age table with threshold 15 (max threshold 15)
[2025-12-03T15:36:18.639+0000][7][gc,age      ] GC(122) - age   1:    1923544 bytes,    1923544 total
[2025-12-03T15:36:18.639+0000][7][gc,age      ] GC(122) - age   2:    1073488 bytes,    2997032 total
[2025-12-03T15:36:18.639+0000][7][gc,age      ] GC(122) - age   3:     591248 bytes,    3588280 total
[2025-12-03T15:36:18.639+0000][7][gc,age      ] GC(122) - age   4:    1310192 bytes,    4898472 total
[2025-12-03T15:36:18.639+0000][7][gc,age      ] GC(122) - age   5:      40864 bytes,    4939336 total
[2025-12-03T15:36:18.639+0000][7][gc,age      ] GC(122) - age   6:     417096 bytes,    5356432 total
[2025-12-03T15:36:18.640+0000][7][gc,age      ] GC(122) - age   7:      44864 bytes,    5401296 total
[2025-12-03T15:36:18.640+0000][7][gc,age      ] GC(122) - age   8:      86600 bytes,    5487896 total
[2025-12-03T15:36:18.640+0000][7][gc,age      ] GC(122) - age   9:     139672 bytes,    5627568 total
[2025-12-03T15:36:18.640+0000][7][gc,age      ] GC(122) - age  10:      91504 bytes,    5719072 total
[2025-12-03T15:36:18.640+0000][7][gc,age      ] GC(122) - age  11:       9992 bytes,    5729064 total
[2025-12-03T15:36:18.640+0000][7][gc,age      ] GC(122) - age  12:      11912 bytes,    5740976 total
[2025-12-03T15:36:18.640+0000][7][gc,age      ] GC(122) - age  13:      47312 bytes,    5788288 total
[2025-12-03T15:36:18.640+0000][7][gc,age      ] GC(122) - age  14:     110032 bytes,    5898320 total
[2025-12-03T15:36:18.640+0000][7][gc,age      ] GC(122) - age  15:      86296 bytes,    5984616 total
[2025-12-03T15:36:18.641+0000][7][gc,phases   ] GC(122)   Pre Evacuate Collection Set: 0.3ms
[2025-12-03T15:36:18.641+0000][7][gc,phases   ] GC(122)   Merge Heap Roots: 0.1ms
[2025-12-03T15:36:18.641+0000][7][gc,phases   ] GC(122)   Evacuate Collection Set: 6.8ms
[2025-12-03T15:36:18.641+0000][7][gc,phases   ] GC(122)   Post Evacuate Collection Set: 2.6ms
[2025-12-03T15:36:18.641+0000][7][gc,phases   ] GC(122)   Other: 2.3ms
[2025-12-03T15:36:18.641+0000][7][gc,heap     ] GC(122) Eden regions: 67->0(67)
[2025-12-03T15:36:18.641+0000][7][gc,heap     ] GC(122) Survivor regions: 2->2(9)
[2025-12-03T15:36:18.641+0000][7][gc,heap     ] GC(122) Old regions: 32->32
[2025-12-03T15:36:18.641+0000][7][gc,heap     ] GC(122) Archive regions: 2->2
[2025-12-03T15:36:18.641+0000][7][gc,heap     ] GC(122) Humongous regions: 2->2
[2025-12-03T15:36:18.641+0000][7][gc,metaspace] GC(122) Metaspace: 115570K(117312K)->115570K(117312K) NonClass: 100768K(101760K)->100768K(101760K) Class: 14802K(15552K)->14802K(15552K)
[2025-12-03T15:36:18.641+0000][7][gc          ] GC(122) Pause Young (Normal) (G1 Evacuation Pause) 413M->144M(512M) 12.746ms
[2025-12-03T15:36:18.641+0000][7][gc,cpu      ] GC(122) User=0.05s Sys=0.00s Real=0.01s
[2025-12-03T15:36:18.642+0000][7][safepoint   ] Safepoint "G1CollectForAllocation", Time since last: 11140055214 ns, Reaching safepoint: 76000 ns, At safepoint: 13049416 ns, Total: 13125416 ns
[2025-12-03T15:36:43.797+0000][7][safepoint   ] Safepoint "Cleanup", Time since last: 25152329136 ns, Reaching safepoint: 576084 ns, At safepoint: 8500 ns, Total: 584584 ns
[2025-12-03T15:36:47.801+0000][7][safepoint   ] Safepoint "Cleanup", Time since last: 4004047876 ns, Reaching safepoint: 131584 ns, At safepoint: 7541 ns, Total: 139125 ns
[2025-12-03T15:36:57.811+0000][7][safepoint   ] Safepoint "Cleanup", Time since last: 10010050255 ns, Reaching safepoint: 621500 ns, At safepoint: 44667 ns, Total: 666167 ns
[2025-12-03T15:37:06.355+0000][7][gc,start    ] GC(123) Pause Young (Normal) (G1 Evacuation Pause)
[2025-12-03T15:37:06.356+0000][7][gc,task     ] GC(123) Using 8 workers of 8 for evacuation
[2025-12-03T15:37:06.356+0000][7][gc,age      ] GC(123) Desired survivor size 18874368 bytes, new threshold 15 (max threshold 15)
[2025-12-03T15:37:06.367+0000][7][gc,age      ] GC(123) Age table with threshold 15 (max threshold 15)
[2025-12-03T15:37:06.367+0000][7][gc,age      ] GC(123) - age   1:    1161192 bytes,    1161192 total
[2025-12-03T15:37:06.367+0000][7][gc,age      ] GC(123) - age   2:     282296 bytes,    1443488 total
[2025-12-03T15:37:06.367+0000][7][gc,age      ] GC(123) - age   3:     937584 bytes,    2381072 total
[2025-12-03T15:37:06.367+0000][7][gc,age      ] GC(123) - age   4:     327424 bytes,    2708496 total
[2025-12-03T15:37:06.367+0000][7][gc,age      ] GC(123) - age   5:    1309840 bytes,    4018336 total
[2025-12-03T15:37:06.367+0000][7][gc,age      ] GC(123) - age   6:      40736 bytes,    4059072 total
[2025-12-03T15:37:06.367+0000][7][gc,age      ] GC(123) - age   7:     417096 bytes,    4476168 total
[2025-12-03T15:37:06.368+0000][7][gc,age      ] GC(123) - age   8:      20512 bytes,    4496680 total
[2025-12-03T15:37:06.368+0000][7][gc,age      ] GC(123) - age   9:      86344 bytes,    4583024 total
[2025-12-03T15:37:06.368+0000][7][gc,age      ] GC(123) - age  10:     139672 bytes,    4722696 total
[2025-12-03T15:37:06.368+0000][7][gc,age      ] GC(123) - age  11:      91504 bytes,    4814200 total
[2025-12-03T15:37:06.368+0000][7][gc,age      ] GC(123) - age  12:       9992 bytes,    4824192 total
[2025-12-03T15:37:06.368+0000][7][gc,age      ] GC(123) - age  13:      11912 bytes,    4836104 total
[2025-12-03T15:37:06.368+0000][7][gc,age      ] GC(123) - age  14:      47312 bytes,    4883416 total
[2025-12-03T15:37:06.368+0000][7][gc,age      ] GC(123) - age  15:     110032 bytes,    4993448 total
[2025-12-03T15:37:06.368+0000][7][gc,phases   ] GC(123)   Pre Evacuate Collection Set: 0.5ms
[2025-12-03T15:37:06.368+0000][7][gc,phases   ] GC(123)   Merge Heap Roots: 0.1ms
[2025-12-03T15:37:06.368+0000][7][gc,phases   ] GC(123)   Evacuate Collection Set: 8.4ms
[2025-12-03T15:37:06.368+0000][7][gc,phases   ] GC(123)   Post Evacuate Collection Set: 2.2ms
[2025-12-03T15:37:06.368+0000][7][gc,phases   ] GC(123)   Other: 1.8ms
[2025-12-03T15:37:06.368+0000][7][gc,heap     ] GC(123) Eden regions: 67->0(67)
[2025-12-03T15:37:06.368+0000][7][gc,heap     ] GC(123) Survivor regions: 2->2(9)
[2025-12-03T15:37:06.368+0000][7][gc,heap     ] GC(123) Old regions: 32->32
[2025-12-03T15:37:06.368+0000][7][gc,heap     ] GC(123) Archive regions: 2->2
[2025-12-03T15:37:06.368+0000][7][gc,heap     ] GC(123) Humongous regions: 2->2
[2025-12-03T15:37:06.368+0000][7][gc,metaspace] GC(123) Metaspace: 115585K(117312K)->115585K(117312K) NonClass: 100783K(101760K)->100783K(101760K) Class: 14802K(15552K)->14802K(15552K)
[2025-12-03T15:37:06.368+0000][7][gc          ] GC(123) Pause Young (Normal) (G1 Evacuation Pause) 412M->144M(512M) 13.414ms
[2025-12-03T15:37:06.368+0000][7][gc,cpu      ] GC(123) User=0.08s Sys=0.00s Real=0.02s
[2025-12-03T15:37:06.368+0000][7][safepoint   ] Safepoint "G1CollectForAllocation", Time since last: 8542714670 ns, Reaching safepoint: 273042 ns, At safepoint: 13660166 ns, Total: 13933208 ns
[2025-12-03T15:37:39.418+0000][7][safepoint   ] Safepoint "Cleanup", Time since last: 33048281515 ns, Reaching safepoint: 181750 ns, At safepoint: 3000 ns, Total: 184750 ns
[2025-12-03T15:37:42.431+0000][7][safepoint   ] Safepoint "Cleanup", Time since last: 3012316627 ns, Reaching safepoint: 46750 ns, At safepoint: 1916 ns, Total: 48666 ns
[2025-12-03T15:37:54.399+0000][7][gc,start    ] GC(124) Pause Young (Normal) (G1 Evacuation Pause)
[2025-12-03T15:37:54.399+0000][7][gc,task     ] GC(124) Using 8 workers of 8 for evacuation
[2025-12-03T15:37:54.400+0000][7][gc,age      ] GC(124) Desired survivor size 18874368 bytes, new threshold 15 (max threshold 15)
[2025-12-03T15:37:54.415+0000][7][gc,age      ] GC(124) Age table with threshold 15 (max threshold 15)
[2025-12-03T15:37:54.416+0000][7][gc,age      ] GC(124) - age   1:    2749288 bytes,    2749288 total
[2025-12-03T15:37:54.416+0000][7][gc,age      ] GC(124) - age   2:     404920 bytes,    3154208 total
[2025-12-03T15:37:54.416+0000][7][gc,age      ] GC(124) - age   3:      16120 bytes,    3170328 total
[2025-12-03T15:37:54.416+0000][7][gc,age      ] GC(124) - age   4:     307152 bytes,    3477480 total
[2025-12-03T15:37:54.416+0000][7][gc,age      ] GC(124) - age   5:     326536 bytes,    3804016 total
[2025-12-03T15:37:54.416+0000][7][gc,age      ] GC(124) - age   6:    1309840 bytes,    5113856 total
[2025-12-03T15:37:54.416+0000][7][gc,age      ] GC(124) - age   7:      40736 bytes,    5154592 total
[2025-12-03T15:37:54.416+0000][7][gc,age      ] GC(124) - age   8:     416824 bytes,    5571416 total
[2025-12-03T15:37:54.416+0000][7][gc,age      ] GC(124) - age   9:      20512 bytes,    5591928 total
[2025-12-03T15:37:54.416+0000][7][gc,age      ] GC(124) - age  10:      86344 bytes,    5678272 total
[2025-12-03T15:37:54.417+0000][7][gc,age      ] GC(124) - age  11:     139672 bytes,    5817944 total
[2025-12-03T15:37:54.417+0000][7][gc,age      ] GC(124) - age  12:      91504 bytes,    5909448 total
[2025-12-03T15:37:54.417+0000][7][gc,age      ] GC(124) - age  13:       9992 bytes,    5919440 total
[2025-12-03T15:37:54.417+0000][7][gc,age      ] GC(124) - age  14:      11912 bytes,    5931352 total
[2025-12-03T15:37:54.417+0000][7][gc,age      ] GC(124) - age  15:      47312 bytes,    5978664 total
[2025-12-03T15:37:54.418+0000][7][gc,phases   ] GC(124)   Pre Evacuate Collection Set: 0.7ms
[2025-12-03T15:37:54.418+0000][7][gc,phases   ] GC(124)   Merge Heap Roots: 0.2ms
[2025-12-03T15:37:54.418+0000][7][gc,phases   ] GC(124)   Evacuate Collection Set: 12.1ms
[2025-12-03T15:37:54.418+0000][7][gc,phases   ] GC(124)   Post Evacuate Collection Set: 2.9ms
[2025-12-03T15:37:54.418+0000][7][gc,phases   ] GC(124)   Other: 3.3ms
[2025-12-03T15:37:54.418+0000][7][gc,heap     ] GC(124) Eden regions: 67->0(67)
[2025-12-03T15:37:54.419+0000][7][gc,heap     ] GC(124) Survivor regions: 2->2(9)
[2025-12-03T15:37:54.419+0000][7][gc,heap     ] GC(124) Old regions: 32->32
[2025-12-03T15:37:54.419+0000][7][gc,heap     ] GC(124) Archive regions: 2->2
[2025-12-03T15:37:54.419+0000][7][gc,heap     ] GC(124) Humongous regions: 2->2
[2025-12-03T15:37:54.419+0000][7][gc,metaspace] GC(124) Metaspace: 115590K(117312K)->115590K(117312K) NonClass: 100788K(101760K)->100788K(101760K) Class: 14802K(15552K)->14802K(15552K)
[2025-12-03T15:37:54.419+0000][7][gc          ] GC(124) Pause Young (Normal) (G1 Evacuation Pause) 412M->144M(512M) 20.648ms
[2025-12-03T15:37:54.419+0000][7][gc,cpu      ] GC(124) User=0.09s Sys=0.00s Real=0.02s
[2025-12-03T15:37:54.419+0000][7][safepoint   ] Safepoint "G1CollectForAllocation", Time since last: 11966612964 ns, Reaching safepoint: 966584 ns, At safepoint: 21021708 ns, Total: 21988292 ns
[2025-12-03T15:38:06.439+0000][7][safepoint   ] Safepoint "Cleanup", Time since last: 12018617963 ns, Reaching safepoint: 181625 ns, At safepoint: 10584 ns, Total: 192209 ns
[2025-12-03T15:38:12.449+0000][7][safepoint   ] Safepoint "Cleanup", Time since last: 6009364753 ns, Reaching safepoint: 64666 ns, At safepoint: 2792 ns, Total: 67458 ns
[2025-12-03T15:38:15.453+0000][7][safepoint   ] Safepoint "Cleanup", Time since last: 3004123251 ns, Reaching safepoint: 132792 ns, At safepoint: 4208 ns, Total: 137000 ns
[2025-12-03T15:38:31.475+0000][7][safepoint   ] Safepoint "Cleanup", Time since last: 16027391257 ns, Reaching safepoint: 687583 ns, At safepoint: 14459 ns, Total: 702042 ns
[2025-12-03T15:38:33.342+0000][7][gc,start    ] GC(125) Pause Young (Normal) (G1 Evacuation Pause)
[2025-12-03T15:38:33.343+0000][7][gc,task     ] GC(125) Using 8 workers of 8 for evacuation
[2025-12-03T15:38:33.344+0000][7][gc,age      ] GC(125) Desired survivor size 18874368 bytes, new threshold 15 (max threshold 15)
[2025-12-03T15:38:33.361+0000][7][gc,age      ] GC(125) Age table with threshold 15 (max threshold 15)
[2025-12-03T15:38:33.361+0000][7][gc,age      ] GC(125) - age   1:    1205984 bytes,    1205984 total
[2025-12-03T15:38:33.361+0000][7][gc,age      ] GC(125) - age   2:     808952 bytes,    2014936 total
[2025-12-03T15:38:33.361+0000][7][gc,age      ] GC(125) - age   3:     270792 bytes,    2285728 total
[2025-12-03T15:38:33.361+0000][7][gc,age      ] GC(125) - age   4:      14872 bytes,    2300600 total
[2025-12-03T15:38:33.361+0000][7][gc,age      ] GC(125) - age   5:     307000 bytes,    2607600 total
[2025-12-03T15:38:33.362+0000][7][gc,age      ] GC(125) - age   6:     325560 bytes,    2933160 total
[2025-12-03T15:38:33.362+0000][7][gc,age      ] GC(125) - age   7:    1309424 bytes,    4242584 total
[2025-12-03T15:38:33.362+0000][7][gc,age      ] GC(125) - age   8:      40736 bytes,    4283320 total
[2025-12-03T15:38:33.362+0000][7][gc,age      ] GC(125) - age   9:     416824 bytes,    4700144 total
[2025-12-03T15:38:33.362+0000][7][gc,age      ] GC(125) - age  10:      20216 bytes,    4720360 total
[2025-12-03T15:38:33.362+0000][7][gc,age      ] GC(125) - age  11:      86344 bytes,    4806704 total
[2025-12-03T15:38:33.362+0000][7][gc,age      ] GC(125) - age  12:     139672 bytes,    4946376 total
[2025-12-03T15:38:33.362+0000][7][gc,age      ] GC(125) - age  13:      91504 bytes,    5037880 total
[2025-12-03T15:38:33.362+0000][7][gc,age      ] GC(125) - age  14:       9992 bytes,    5047872 total
[2025-12-03T15:38:33.362+0000][7][gc,age      ] GC(125) - age  15:      11912 bytes,    5059784 total
[2025-12-03T15:38:33.362+0000][7][gc,phases   ] GC(125)   Pre Evacuate Collection Set: 0.9ms
[2025-12-03T15:38:33.362+0000][7][gc,phases   ] GC(125)   Merge Heap Roots: 0.2ms
[2025-12-03T15:38:33.362+0000][7][gc,phases   ] GC(125)   Evacuate Collection Set: 11.5ms
[2025-12-03T15:38:33.363+0000][7][gc,phases   ] GC(125)   Post Evacuate Collection Set: 4.4ms
[2025-12-03T15:38:33.363+0000][7][gc,phases   ] GC(125)   Other: 3.1ms
[2025-12-03T15:38:33.363+0000][7][gc,heap     ] GC(125) Eden regions: 67->0(68)
[2025-12-03T15:38:33.363+0000][7][gc,heap     ] GC(125) Survivor regions: 2->2(9)
[2025-12-03T15:38:33.363+0000][7][gc,heap     ] GC(125) Old regions: 32->32
[2025-12-03T15:38:33.363+0000][7][gc,heap     ] GC(125) Archive regions: 2->2
[2025-12-03T15:38:33.363+0000][7][gc,heap     ] GC(125) Humongous regions: 2->2
[2025-12-03T15:38:33.363+0000][7][gc,metaspace] GC(125) Metaspace: 115626K(117376K)->115626K(117376K) NonClass: 100823K(101824K)->100823K(101824K) Class: 14802K(15552K)->14802K(15552K)
[2025-12-03T15:38:33.363+0000][7][gc          ] GC(125) Pause Young (Normal) (G1 Evacuation Pause) 412M->144M(512M) 20.833ms
[2025-12-03T15:38:33.363+0000][7][gc,cpu      ] GC(125) User=0.09s Sys=0.00s Real=0.02s
[2025-12-03T15:38:33.363+0000][7][safepoint   ] Safepoint "G1CollectForAllocation", Time since last: 1867430584 ns, Reaching safepoint: 150042 ns, At safepoint: 21342583 ns, Total: 21492625 ns
[2025-12-03T15:38:47.408+0000][7][safepoint   ] Safepoint "Cleanup", Time since last: 14043749673 ns, Reaching safepoint: 353667 ns, At safepoint: 8625 ns, Total: 362292 ns
[2025-12-03T15:38:51.418+0000][7][safepoint   ] Safepoint "Cleanup", Time since last: 4009531502 ns, Reaching safepoint: 1011625 ns, At safepoint: 10542 ns, Total: 1022167 ns
[2025-12-03T15:39:21.550+0000][7][gc,start    ] GC(126) Pause Young (Normal) (G1 Evacuation Pause)
[2025-12-03T15:39:21.551+0000][7][gc,task     ] GC(126) Using 8 workers of 8 for evacuation
[2025-12-03T15:39:21.552+0000][7][gc,age      ] GC(126) Desired survivor size 18874368 bytes, new threshold 15 (max threshold 15)
[2025-12-03T15:39:21.562+0000][7][gc,age      ] GC(126) Age table with threshold 15 (max threshold 15)
[2025-12-03T15:39:21.562+0000][7][gc,age      ] GC(126) - age   1:    3088624 bytes,    3088624 total
[2025-12-03T15:39:21.562+0000][7][gc,age      ] GC(126) - age   2:     283792 bytes,    3372416 total
[2025-12-03T15:39:21.562+0000][7][gc,age      ] GC(126) - age   3:     542576 bytes,    3914992 total
[2025-12-03T15:39:21.562+0000][7][gc,age      ] GC(126) - age   4:     139096 bytes,    4054088 total
[2025-12-03T15:39:21.562+0000][7][gc,age      ] GC(126) - age   5:      14536 bytes,    4068624 total
[2025-12-03T15:39:21.562+0000][7][gc,age      ] GC(126) - age   6:     306872 bytes,    4375496 total
[2025-12-03T15:39:21.562+0000][7][gc,age      ] GC(126) - age   7:     325496 bytes,    4700992 total
[2025-12-03T15:39:21.562+0000][7][gc,age      ] GC(126) - age   8:    1309424 bytes,    6010416 total
[2025-12-03T15:39:21.563+0000][7][gc,age      ] GC(126) - age   9:      40736 bytes,    6051152 total
[2025-12-03T15:39:21.563+0000][7][gc,age      ] GC(126) - age  10:     416824 bytes,    6467976 total
[2025-12-03T15:39:21.563+0000][7][gc,age      ] GC(126) - age  11:      20216 bytes,    6488192 total
[2025-12-03T15:39:21.563+0000][7][gc,age      ] GC(126) - age  12:      11520 bytes,    6499712 total
[2025-12-03T15:39:21.563+0000][7][gc,age      ] GC(126) - age  13:      12304 bytes,    6512016 total
[2025-12-03T15:39:21.563+0000][7][gc,age      ] GC(126) - age  14:      91504 bytes,    6603520 total
[2025-12-03T15:39:21.563+0000][7][gc,age      ] GC(126) - age  15:       9992 bytes,    6613512 total
[2025-12-03T15:39:21.563+0000][7][gc,phases   ] GC(126)   Pre Evacuate Collection Set: 0.4ms
[2025-12-03T15:39:21.563+0000][7][gc,phases   ] GC(126)   Merge Heap Roots: 0.1ms
[2025-12-03T15:39:21.563+0000][7][gc,phases   ] GC(126)   Evacuate Collection Set: 7.9ms
[2025-12-03T15:39:21.563+0000][7][gc,phases   ] GC(126)   Post Evacuate Collection Set: 1.9ms
[2025-12-03T15:39:21.563+0000][7][gc,phases   ] GC(126)   Other: 2.2ms
[2025-12-03T15:39:21.563+0000][7][gc,heap     ] GC(126) Eden regions: 68->0(67)
[2025-12-03T15:39:21.563+0000][7][gc,heap     ] GC(126) Survivor regions: 2->2(9)
[2025-12-03T15:39:21.563+0000][7][gc,heap     ] GC(126) Old regions: 32->32
[2025-12-03T15:39:21.563+0000][7][gc,heap     ] GC(126) Archive regions: 2->2
[2025-12-03T15:39:21.563+0000][7][gc,heap     ] GC(126) Humongous regions: 2->2
[2025-12-03T15:39:21.563+0000][7][gc,metaspace] GC(126) Metaspace: 115626K(117376K)->115626K(117376K) NonClass: 100823K(101824K)->100823K(101824K) Class: 14802K(15552K)->14802K(15552K)
[2025-12-03T15:39:21.564+0000][7][gc          ] GC(126) Pause Young (Normal) (G1 Evacuation Pause) 416M->145M(512M) 13.035ms
[2025-12-03T15:39:21.564+0000][7][gc,cpu      ] GC(126) User=0.06s Sys=0.00s Real=0.01s
[2025-12-03T15:39:21.564+0000][7][safepoint   ] Safepoint "G1CollectForAllocation", Time since last: 30124029055 ns, Reaching safepoint: 370750 ns, At safepoint: 13381416 ns, Total: 13752166 ns
[2025-12-03T15:39:37.583+0000][7][safepoint   ] Safepoint "Cleanup", Time since last: 16017900007 ns, Reaching safepoint: 483458 ns, At safepoint: 10459 ns, Total: 493917 ns
[2025-12-03T15:39:47.598+0000][7][safepoint   ] Safepoint "Cleanup", Time since last: 10014185254 ns, Reaching safepoint: 227250 ns, At safepoint: 12500 ns, Total: 239750 ns
[2025-12-03T15:39:59.627+0000][7][safepoint   ] Safepoint "Cleanup", Time since last: 12028892423 ns, Reaching safepoint: 621791 ns, At safepoint: 14834 ns, Total: 636625 ns
[2025-12-03T15:40:16.326+0000][7][gc,start    ] GC(127) Pause Young (Normal) (G1 Evacuation Pause)
[2025-12-03T15:40:16.327+0000][7][gc,task     ] GC(127) Using 8 workers of 8 for evacuation
[2025-12-03T15:40:16.327+0000][7][gc,age      ] GC(127) Desired survivor size 18874368 bytes, new threshold 15 (max threshold 15)
[2025-12-03T15:40:16.360+0000][7][gc,age      ] GC(127) Age table with threshold 15 (max threshold 15)
[2025-12-03T15:40:16.360+0000][7][gc,age      ] GC(127) - age   1:    3178776 bytes,    3178776 total
[2025-12-03T15:40:16.360+0000][7][gc,age      ] GC(127) - age   2:     701688 bytes,    3880464 total
[2025-12-03T15:40:16.360+0000][7][gc,age      ] GC(127) - age   3:     149776 bytes,    4030240 total
[2025-12-03T15:40:16.360+0000][7][gc,age      ] GC(127) - age   4:      42944 bytes,    4073184 total
[2025-12-03T15:40:16.360+0000][7][gc,age      ] GC(127) - age   5:       7944 bytes,    4081128 total
[2025-12-03T15:40:16.361+0000][7][gc,age      ] GC(127) - age   6:      14472 bytes,    4095600 total
[2025-12-03T15:40:16.361+0000][7][gc,age      ] GC(127) - age   7:     306872 bytes,    4402472 total
[2025-12-03T15:40:16.361+0000][7][gc,age      ] GC(127) - age   8:     325432 bytes,    4727904 total
[2025-12-03T15:40:16.361+0000][7][gc,age      ] GC(127) - age   9:    1309424 bytes,    6037328 total
[2025-12-03T15:40:16.361+0000][7][gc,age      ] GC(127) - age  10:      40736 bytes,    6078064 total
[2025-12-03T15:40:16.361+0000][7][gc,age      ] GC(127) - age  11:     416824 bytes,    6494888 total
[2025-12-03T15:40:16.361+0000][7][gc,age      ] GC(127) - age  12:      18424 bytes,    6513312 total
[2025-12-03T15:40:16.361+0000][7][gc,age      ] GC(127) - age  13:      11520 bytes,    6524832 total
[2025-12-03T15:40:16.361+0000][7][gc,age      ] GC(127) - age  14:      12304 bytes,    6537136 total
[2025-12-03T15:40:16.361+0000][7][gc,age      ] GC(127) - age  15:      91504 bytes,    6628640 total
[2025-12-03T15:40:16.361+0000][7][gc,phases   ] GC(127)   Pre Evacuate Collection Set: 1.5ms
[2025-12-03T15:40:16.361+0000][7][gc,phases   ] GC(127)   Merge Heap Roots: 0.3ms
[2025-12-03T15:40:16.361+0000][7][gc,phases   ] GC(127)   Evacuate Collection Set: 27.5ms
[2025-12-03T15:40:16.361+0000][7][gc,phases   ] GC(127)   Post Evacuate Collection Set: 3.2ms
[2025-12-03T15:40:16.361+0000][7][gc,phases   ] GC(127)   Other: 3.1ms
[2025-12-03T15:40:16.361+0000][7][gc,heap     ] GC(127) Eden regions: 67->0(67)
[2025-12-03T15:40:16.361+0000][7][gc,heap     ] GC(127) Survivor regions: 2->2(9)
[2025-12-03T15:40:16.361+0000][7][gc,heap     ] GC(127) Old regions: 32->32
[2025-12-03T15:40:16.361+0000][7][gc,heap     ] GC(127) Archive regions: 2->2
[2025-12-03T15:40:16.361+0000][7][gc,heap     ] GC(127) Humongous regions: 2->2
[2025-12-03T15:40:16.361+0000][7][gc,metaspace] GC(127) Metaspace: 115627K(117376K)->115627K(117376K) NonClass: 100824K(101824K)->100824K(101824K) Class: 14802K(15552K)->14802K(15552K)
[2025-12-03T15:40:16.362+0000][7][gc          ] GC(127) Pause Young (Normal) (G1 Evacuation Pause) 413M->145M(512M) 35.865ms
[2025-12-03T15:40:16.362+0000][7][gc,cpu      ] GC(127) User=0.14s Sys=0.00s Real=0.04s
[2025-12-03T15:40:16.362+0000][7][safepoint   ] Safepoint "G1CollectForAllocation", Time since last: 16696817424 ns, Reaching safepoint: 708667 ns, At safepoint: 36155666 ns, Total: 36864333 ns
[2025-12-03T15:40:19.366+0000][7][safepoint   ] Safepoint "Cleanup", Time since last: 3004466877 ns, Reaching safepoint: 106083 ns, At safepoint: 29709 ns, Total: 135792 ns
[2025-12-03T15:40:52.401+0000][7][safepoint   ] Safepoint "Cleanup", Time since last: 33033561681 ns, Reaching safepoint: 362875 ns, At safepoint: 5250 ns, Total: 368125 ns
[2025-12-03T15:40:55.406+0000][7][safepoint   ] Safepoint "Cleanup", Time since last: 3004266335 ns, Reaching safepoint: 609291 ns, At safepoint: 30292 ns, Total: 639583 ns
[2025-12-03T15:40:57.206+0000][7][gc,start    ] GC(128) Pause Young (Normal) (G1 Evacuation Pause)
[2025-12-03T15:40:57.206+0000][7][gc,task     ] GC(128) Using 8 workers of 8 for evacuation
[2025-12-03T15:40:57.207+0000][7][gc,age      ] GC(128) Desired survivor size 18874368 bytes, new threshold 15 (max threshold 15)
[2025-12-03T15:40:57.218+0000][7][gc,age      ] GC(128) Age table with threshold 15 (max threshold 15)
[2025-12-03T15:40:57.218+0000][7][gc,age      ] GC(128) - age   1:    2003368 bytes,    2003368 total
[2025-12-03T15:40:57.218+0000][7][gc,age      ] GC(128) - age   2:     915312 bytes,    2918680 total
[2025-12-03T15:40:57.218+0000][7][gc,age      ] GC(128) - age   3:     567544 bytes,    3486224 total
[2025-12-03T15:40:57.218+0000][7][gc,age      ] GC(128) - age   4:     148888 bytes,    3635112 total
[2025-12-03T15:40:57.218+0000][7][gc,age      ] GC(128) - age   5:      42720 bytes,    3677832 total
[2025-12-03T15:40:57.218+0000][7][gc,age      ] GC(128) - age   6:       7880 bytes,    3685712 total
[2025-12-03T15:40:57.218+0000][7][gc,age      ] GC(128) - age   7:      14440 bytes,    3700152 total
[2025-12-03T15:40:57.218+0000][7][gc,age      ] GC(128) - age   8:     306808 bytes,    4006960 total
[2025-12-03T15:40:57.218+0000][7][gc,age      ] GC(128) - age   9:     325432 bytes,    4332392 total
[2025-12-03T15:40:57.218+0000][7][gc,age      ] GC(128) - age  10:    1309424 bytes,    5641816 total
[2025-12-03T15:40:57.218+0000][7][gc,age      ] GC(128) - age  11:      40736 bytes,    5682552 total
[2025-12-03T15:40:57.218+0000][7][gc,age      ] GC(128) - age  12:     113720 bytes,    5796272 total
[2025-12-03T15:40:57.218+0000][7][gc,age      ] GC(128) - age  13:      18232 bytes,    5814504 total
[2025-12-03T15:40:57.219+0000][7][gc,age      ] GC(128) - age  14:      11520 bytes,    5826024 total
[2025-12-03T15:40:57.219+0000][7][gc,age      ] GC(128) - age  15:      12304 bytes,    5838328 total
[2025-12-03T15:40:57.219+0000][7][gc,phases   ] GC(128)   Pre Evacuate Collection Set: 0.4ms
[2025-12-03T15:40:57.219+0000][7][gc,phases   ] GC(128)   Merge Heap Roots: 0.2ms
[2025-12-03T15:40:57.219+0000][7][gc,phases   ] GC(128)   Evacuate Collection Set: 8.5ms
[2025-12-03T15:40:57.219+0000][7][gc,phases   ] GC(128)   Post Evacuate Collection Set: 2.3ms
[2025-12-03T15:40:57.219+0000][7][gc,phases   ] GC(128)   Other: 1.5ms
[2025-12-03T15:40:57.219+0000][7][gc,heap     ] GC(128) Eden regions: 67->0(67)
[2025-12-03T15:40:57.219+0000][7][gc,heap     ] GC(128) Survivor regions: 2->2(9)
[2025-12-03T15:40:57.219+0000][7][gc,heap     ] GC(128) Old regions: 32->32
[2025-12-03T15:40:57.219+0000][7][gc,heap     ] GC(128) Archive regions: 2->2
[2025-12-03T15:40:57.219+0000][7][gc,heap     ] GC(128) Humongous regions: 2->2
[2025-12-03T15:40:57.219+0000][7][gc,metaspace] GC(128) Metaspace: 115627K(117376K)->115627K(117376K) NonClass: 100824K(101824K)->100824K(101824K) Class: 14802K(15552K)->14802K(15552K)
[2025-12-03T15:40:57.219+0000][7][gc          ] GC(128) Pause Young (Normal) (G1 Evacuation Pause) 413M->144M(512M) 12.962ms
[2025-12-03T15:40:57.219+0000][7][gc,cpu      ] GC(128) User=0.07s Sys=0.01s Real=0.01s
[2025-12-03T15:40:57.219+0000][7][safepoint   ] Safepoint "G1CollectForAllocation", Time since last: 1799339126 ns, Reaching safepoint: 69667 ns, At safepoint: 13302250 ns, Total: 13371917 ns
[2025-12-03T15:41:07.233+0000][7][safepoint   ] Safepoint "Cleanup", Time since last: 10013529046 ns, Reaching safepoint: 202791 ns, At safepoint: 8709 ns, Total: 211500 ns
[2025-12-03T15:41:10.243+0000][7][safepoint   ] Safepoint "Cleanup", Time since last: 3009441751 ns, Reaching safepoint: 416750 ns, At safepoint: 16875 ns, Total: 433625 ns
[2025-12-03T15:41:40.101+0000][7][gc,start    ] GC(129) Pause Young (Normal) (G1 Evacuation Pause)
[2025-12-03T15:41:40.103+0000][7][gc,task     ] GC(129) Using 8 workers of 8 for evacuation
[2025-12-03T15:41:40.103+0000][7][gc,age      ] GC(129) Desired survivor size 18874368 bytes, new threshold 15 (max threshold 15)
[2025-12-03T15:41:40.121+0000][7][gc,age      ] GC(129) Age table with threshold 15 (max threshold 15)
[2025-12-03T15:41:40.121+0000][7][gc,age      ] GC(129) - age   1:    4629056 bytes,    4629056 total
[2025-12-03T15:41:40.121+0000][7][gc,age      ] GC(129) - age   2:     810544 bytes,    5439600 total
[2025-12-03T15:41:40.121+0000][7][gc,age      ] GC(129) - age   3:     538008 bytes,    5977608 total
[2025-12-03T15:41:40.122+0000][7][gc,age      ] GC(129) - age   4:     435560 bytes,    6413168 total
[2025-12-03T15:41:40.122+0000][7][gc,age      ] GC(129) - age   5:     148696 bytes,    6561864 total
[2025-12-03T15:41:40.122+0000][7][gc,age      ] GC(129) - age   6:      42384 bytes,    6604248 total
[2025-12-03T15:41:40.122+0000][7][gc,age      ] GC(129) - age   7:       7880 bytes,    6612128 total
[2025-12-03T15:41:40.122+0000][7][gc,age      ] GC(129) - age   8:      14440 bytes,    6626568 total
[2025-12-03T15:41:40.122+0000][7][gc,age      ] GC(129) - age   9:     306808 bytes,    6933376 total
[2025-12-03T15:41:40.122+0000][7][gc,age      ] GC(129) - age  10:     325432 bytes,    7258808 total
[2025-12-03T15:41:40.122+0000][7][gc,age      ] GC(129) - age  11:    1309424 bytes,    8568232 total
[2025-12-03T15:41:40.122+0000][7][gc,age      ] GC(129) - age  12:      40736 bytes,    8608968 total
[2025-12-03T15:41:40.122+0000][7][gc,age      ] GC(129) - age  13:     113720 bytes,    8722688 total
[2025-12-03T15:41:40.122+0000][7][gc,age      ] GC(129) - age  14:      18232 bytes,    8740920 total
[2025-12-03T15:41:40.122+0000][7][gc,age      ] GC(129) - age  15:      11520 bytes,    8752440 total
[2025-12-03T15:41:40.123+0000][7][gc,phases   ] GC(129)   Pre Evacuate Collection Set: 1.0ms
[2025-12-03T15:41:40.123+0000][7][gc,phases   ] GC(129)   Merge Heap Roots: 0.3ms
[2025-12-03T15:41:40.123+0000][7][gc,phases   ] GC(129)   Evacuate Collection Set: 14.2ms
[2025-12-03T15:41:40.123+0000][7][gc,phases   ] GC(129)   Post Evacuate Collection Set: 2.3ms
[2025-12-03T15:41:40.123+0000][7][gc,phases   ] GC(129)   Other: 3.7ms
[2025-12-03T15:41:40.123+0000][7][gc,heap     ] GC(129) Eden regions: 67->0(66)
[2025-12-03T15:41:40.123+0000][7][gc,heap     ] GC(129) Survivor regions: 2->3(9)
[2025-12-03T15:41:40.123+0000][7][gc,heap     ] GC(129) Old regions: 32->32
[2025-12-03T15:41:40.123+0000][7][gc,heap     ] GC(129) Archive regions: 2->2
[2025-12-03T15:41:40.123+0000][7][gc,heap     ] GC(129) Humongous regions: 2->2
[2025-12-03T15:41:40.123+0000][7][gc,metaspace] GC(129) Metaspace: 115635K(117376K)->115635K(117376K) NonClass: 100833K(101824K)->100833K(101824K) Class: 14802K(15552K)->14802K(15552K)
[2025-12-03T15:41:40.123+0000][7][gc          ] GC(129) Pause Young (Normal) (G1 Evacuation Pause) 412M->147M(512M) 22.134ms
[2025-12-03T15:41:40.123+0000][7][gc,cpu      ] GC(129) User=0.09s Sys=0.00s Real=0.02s
[2025-12-03T15:41:40.124+0000][7][safepoint   ] Safepoint "G1CollectForAllocation", Time since last: 29859023972 ns, Reaching safepoint: 3733333 ns, At safepoint: 22607125 ns, Total: 26340458 ns
[2025-12-03T15:41:48.137+0000][7][safepoint   ] Safepoint "Cleanup", Time since last: 8013471296 ns, Reaching safepoint: 344500 ns, At safepoint: 17417 ns, Total: 361917 ns
[2025-12-03T15:42:02.150+0000][7][safepoint   ] Safepoint "Cleanup", Time since last: 14017249423 ns, Reaching safepoint: 466541 ns, At safepoint: 14334 ns, Total: 480875 ns
[2025-12-03T15:42:08.157+0000][7][safepoint   ] Safepoint "Cleanup", Time since last: 6006931878 ns, Reaching safepoint: 120791 ns, At safepoint: 3792 ns, Total: 124583 ns
[2025-12-03T15:42:16.167+0000][7][safepoint   ] Safepoint "Cleanup", Time since last: 8009197420 ns, Reaching safepoint: 328709 ns, At safepoint: 17333 ns, Total: 346042 ns
[2025-12-03T15:42:27.141+0000][7][gc,start    ] GC(130) Pause Young (Normal) (G1 Evacuation Pause)
[2025-12-03T15:42:27.141+0000][7][gc,task     ] GC(130) Using 8 workers of 8 for evacuation
[2025-12-03T15:42:27.141+0000][7][gc,age      ] GC(130) Desired survivor size 18874368 bytes, new threshold 15 (max threshold 15)
[2025-12-03T15:42:27.153+0000][7][gc,age      ] GC(130) Age table with threshold 15 (max threshold 15)
[2025-12-03T15:42:27.153+0000][7][gc,age      ] GC(130) - age   1:    2055496 bytes,    2055496 total
[2025-12-03T15:42:27.153+0000][7][gc,age      ] GC(130) - age   2:    2344872 bytes,    4400368 total
[2025-12-03T15:42:27.153+0000][7][gc,age      ] GC(130) - age   3:     516136 bytes,    4916504 total
[2025-12-03T15:42:27.153+0000][7][gc,age      ] GC(130) - age   4:      37840 bytes,    4954344 total
[2025-12-03T15:42:27.153+0000][7][gc,age      ] GC(130) - age   5:     434808 bytes,    5389152 total
[2025-12-03T15:42:27.153+0000][7][gc,age      ] GC(130) - age   6:     148472 bytes,    5537624 total
[2025-12-03T15:42:27.153+0000][7][gc,age      ] GC(130) - age   7:      42384 bytes,    5580008 total
[2025-12-03T15:42:27.153+0000][7][gc,age      ] GC(130) - age   8:       7880 bytes,    5587888 total
[2025-12-03T15:42:27.153+0000][7][gc,age      ] GC(130) - age   9:      14440 bytes,    5602328 total
[2025-12-03T15:42:27.153+0000][7][gc,age      ] GC(130) - age  10:     306808 bytes,    5909136 total
[2025-12-03T15:42:27.153+0000][7][gc,age      ] GC(130) - age  11:     325432 bytes,    6234568 total
[2025-12-03T15:42:27.153+0000][7][gc,age      ] GC(130) - age  12:    1309424 bytes,    7543992 total
[2025-12-03T15:42:27.154+0000][7][gc,age      ] GC(130) - age  13:      40736 bytes,    7584728 total
[2025-12-03T15:42:27.154+0000][7][gc,age      ] GC(130) - age  14:     113720 bytes,    7698448 total
[2025-12-03T15:42:27.154+0000][7][gc,age      ] GC(130) - age  15:      18232 bytes,    7716680 total
[2025-12-03T15:42:27.154+0000][7][gc,phases   ] GC(130)   Pre Evacuate Collection Set: 0.4ms
[2025-12-03T15:42:27.154+0000][7][gc,phases   ] GC(130)   Merge Heap Roots: 0.2ms
[2025-12-03T15:42:27.154+0000][7][gc,phases   ] GC(130)   Evacuate Collection Set: 8.9ms
[2025-12-03T15:42:27.154+0000][7][gc,phases   ] GC(130)   Post Evacuate Collection Set: 1.7ms
[2025-12-03T15:42:27.154+0000][7][gc,phases   ] GC(130)   Other: 2.0ms
[2025-12-03T15:42:27.154+0000][7][gc,heap     ] GC(130) Eden regions: 66->0(67)
[2025-12-03T15:42:27.154+0000][7][gc,heap     ] GC(130) Survivor regions: 3->2(9)
[2025-12-03T15:42:27.154+0000][7][gc,heap     ] GC(130) Old regions: 32->32
[2025-12-03T15:42:27.154+0000][7][gc,heap     ] GC(130) Archive regions: 2->2
[2025-12-03T15:42:27.154+0000][7][gc,heap     ] GC(130) Humongous regions: 2->2
[2025-12-03T15:42:27.154+0000][7][gc,metaspace] GC(130) Metaspace: 115636K(117376K)->115636K(117376K) NonClass: 100834K(101824K)->100834K(101824K) Class: 14802K(15552K)->14802K(15552K)
[2025-12-03T15:42:27.154+0000][7][gc          ] GC(130) Pause Young (Normal) (G1 Evacuation Pause) 411M->146M(512M) 13.708ms
[2025-12-03T15:42:27.154+0000][7][gc,cpu      ] GC(130) User=0.07s Sys=0.00s Real=0.02s
[2025-12-03T15:42:27.155+0000][7][safepoint   ] Safepoint "G1CollectForAllocation", Time since last: 10973657714 ns, Reaching safepoint: 159333 ns, At safepoint: 13995792 ns, Total: 14155125 ns
[2025-12-03T15:42:38.189+0000][7][safepoint   ] Safepoint "Cleanup", Time since last: 11034158087 ns, Reaching safepoint: 353750 ns, At safepoint: 35667 ns, Total: 389417 ns
[2025-12-03T15:42:56.216+0000][7][safepoint   ] Safepoint "Cleanup", Time since last: 18026655967 ns, Reaching safepoint: 215083 ns, At safepoint: 13875 ns, Total: 228958 ns
[2025-12-03T15:43:04.237+0000][7][safepoint   ] Safepoint "Cleanup", Time since last: 8019942045 ns, Reaching safepoint: 496375 ns, At safepoint: 22166 ns, Total: 518541 ns
[2025-12-03T15:43:07.638+0000][7][gc,start    ] GC(131) Pause Young (Normal) (G1 Evacuation Pause)
[2025-12-03T15:43:07.639+0000][7][gc,task     ] GC(131) Using 8 workers of 8 for evacuation
[2025-12-03T15:43:07.639+0000][7][gc,age      ] GC(131) Desired survivor size 18874368 bytes, new threshold 15 (max threshold 15)
[2025-12-03T15:43:07.650+0000][7][gc,age      ] GC(131) Age table with threshold 15 (max threshold 15)
[2025-12-03T15:43:07.650+0000][7][gc,age      ] GC(131) - age   1:    3727416 bytes,    3727416 total
[2025-12-03T15:43:07.650+0000][7][gc,age      ] GC(131) - age   2:     644768 bytes,    4372184 total
[2025-12-03T15:43:07.650+0000][7][gc,age      ] GC(131) - age   3:    2209744 bytes,    6581928 total
[2025-12-03T15:43:07.650+0000][7][gc,age      ] GC(131) - age   4:     514064 bytes,    7095992 total
[2025-12-03T15:43:07.650+0000][7][gc,age      ] GC(131) - age   5:      37192 bytes,    7133184 total
[2025-12-03T15:43:07.650+0000][7][gc,age      ] GC(131) - age   6:     303720 bytes,    7436904 total
[2025-12-03T15:43:07.650+0000][7][gc,age      ] GC(131) - age   7:     148472 bytes,    7585376 total
[2025-12-03T15:43:07.650+0000][7][gc,age      ] GC(131) - age   8:      42384 bytes,    7627760 total
[2025-12-03T15:43:07.650+0000][7][gc,age      ] GC(131) - age   9:       7816 bytes,    7635576 total
[2025-12-03T15:43:07.650+0000][7][gc,age      ] GC(131) - age  10:      14264 bytes,    7649840 total
[2025-12-03T15:43:07.650+0000][7][gc,age      ] GC(131) - age  11:     306808 bytes,    7956648 total
[2025-12-03T15:43:07.650+0000][7][gc,age      ] GC(131) - age  12:     325432 bytes,    8282080 total
[2025-12-03T15:43:07.651+0000][7][gc,age      ] GC(131) - age  13:    1309424 bytes,    9591504 total
[2025-12-03T15:43:07.651+0000][7][gc,age      ] GC(131) - age  14:      40736 bytes,    9632240 total
[2025-12-03T15:43:07.651+0000][7][gc,age      ] GC(131) - age  15:     113720 bytes,    9745960 total
[2025-12-03T15:43:07.651+0000][7][gc,phases   ] GC(131)   Pre Evacuate Collection Set: 0.4ms
[2025-12-03T15:43:07.651+0000][7][gc,phases   ] GC(131)   Merge Heap Roots: 0.1ms
[2025-12-03T15:43:07.651+0000][7][gc,phases   ] GC(131)   Evacuate Collection Set: 8.3ms
[2025-12-03T15:43:07.651+0000][7][gc,phases   ] GC(131)   Post Evacuate Collection Set: 1.8ms
[2025-12-03T15:43:07.651+0000][7][gc,phases   ] GC(131)   Other: 2.2ms
[2025-12-03T15:43:07.651+0000][7][gc,heap     ] GC(131) Eden regions: 67->0(66)
[2025-12-03T15:43:07.651+0000][7][gc,heap     ] GC(131) Survivor regions: 2->3(9)
[2025-12-03T15:43:07.651+0000][7][gc,heap     ] GC(131) Old regions: 32->32
[2025-12-03T15:43:07.651+0000][7][gc,heap     ] GC(131) Archive regions: 2->2
[2025-12-03T15:43:07.652+0000][7][gc,heap     ] GC(131) Humongous regions: 2->2
[2025-12-03T15:43:07.652+0000][7][gc,metaspace] GC(131) Metaspace: 115636K(117376K)->115636K(117376K) NonClass: 100834K(101824K)->100834K(101824K) Class: 14802K(15552K)->14802K(15552K)
[2025-12-03T15:43:07.652+0000][7][gc          ] GC(131) Pause Young (Normal) (G1 Evacuation Pause) 414M->148M(512M) 13.511ms
[2025-12-03T15:43:07.652+0000][7][gc,cpu      ] GC(131) User=0.07s Sys=0.01s Real=0.01s
[2025-12-03T15:43:07.652+0000][7][safepoint   ] Safepoint "G1CollectForAllocation", Time since last: 3400666794 ns, Reaching safepoint: 153333 ns, At safepoint: 13818875 ns, Total: 13972208 ns
[2025-12-03T15:43:08.653+0000][7][safepoint   ] Safepoint "Cleanup", Time since last: 1000684625 ns, Reaching safepoint: 84375 ns, At safepoint: 2917 ns, Total: 87292 ns
[2025-12-03T15:43:37.714+0000][7][safepoint   ] Safepoint "Cleanup", Time since last: 29059463389 ns, Reaching safepoint: 512541 ns, At safepoint: 47542 ns, Total: 560083 ns
[2025-12-03T15:43:49.730+0000][7][safepoint   ] Safepoint "Cleanup", Time since last: 12015569922 ns, Reaching safepoint: 550375 ns, At safepoint: 21125 ns, Total: 571500 ns
[2025-12-03T15:43:54.798+0000][7][gc,start    ] GC(132) Pause Young (Normal) (G1 Evacuation Pause)
[2025-12-03T15:43:54.799+0000][7][gc,task     ] GC(132) Using 8 workers of 8 for evacuation
[2025-12-03T15:43:54.799+0000][7][gc,age      ] GC(132) Desired survivor size 18874368 bytes, new threshold 15 (max threshold 15)
[2025-12-03T15:43:54.811+0000][7][gc,age      ] GC(132) Age table with threshold 15 (max threshold 15)
[2025-12-03T15:43:54.811+0000][7][gc,age      ] GC(132) - age   1:    3555696 bytes,    3555696 total
[2025-12-03T15:43:54.811+0000][7][gc,age      ] GC(132) - age   2:     474664 bytes,    4030360 total
[2025-12-03T15:43:54.811+0000][7][gc,age      ] GC(132) - age   3:     509424 bytes,    4539784 total
[2025-12-03T15:43:54.812+0000][7][gc,age      ] GC(132) - age   4:    2077088 bytes,    6616872 total
[2025-12-03T15:43:54.812+0000][7][gc,age      ] GC(132) - age   5:     513456 bytes,    7130328 total
[2025-12-03T15:43:54.812+0000][7][gc,age      ] GC(132) - age   6:      36936 bytes,    7167264 total
[2025-12-03T15:43:54.812+0000][7][gc,age      ] GC(132) - age   7:     303536 bytes,    7470800 total
[2025-12-03T15:43:54.812+0000][7][gc,age      ] GC(132) - age   8:     148088 bytes,    7618888 total
[2025-12-03T15:43:54.812+0000][7][gc,age      ] GC(132) - age   9:      42384 bytes,    7661272 total
[2025-12-03T15:43:54.812+0000][7][gc,age      ] GC(132) - age  10:       7816 bytes,    7669088 total
[2025-12-03T15:43:54.812+0000][7][gc,age      ] GC(132) - age  11:      14264 bytes,    7683352 total
[2025-12-03T15:43:54.812+0000][7][gc,age      ] GC(132) - age  12:     306808 bytes,    7990160 total
[2025-12-03T15:43:54.812+0000][7][gc,age      ] GC(132) - age  13:     166504 bytes,    8156664 total
[2025-12-03T15:43:54.812+0000][7][gc,age      ] GC(132) - age  14:      20528 bytes,    8177192 total
[2025-12-03T15:43:54.812+0000][7][gc,age      ] GC(132) - age  15:      40736 bytes,    8217928 total
[2025-12-03T15:43:54.812+0000][7][gc,phases   ] GC(132)   Pre Evacuate Collection Set: 0.3ms
[2025-12-03T15:43:54.812+0000][7][gc,phases   ] GC(132)   Merge Heap Roots: 0.2ms
[2025-12-03T15:43:54.812+0000][7][gc,phases   ] GC(132)   Evacuate Collection Set: 9.8ms
[2025-12-03T15:43:54.812+0000][7][gc,phases   ] GC(132)   Post Evacuate Collection Set: 2.0ms
[2025-12-03T15:43:54.812+0000][7][gc,phases   ] GC(132)   Other: 1.5ms
[2025-12-03T15:43:54.812+0000][7][gc,heap     ] GC(132) Eden regions: 66->0(66)
[2025-12-03T15:43:54.813+0000][7][gc,heap     ] GC(132) Survivor regions: 3->3(9)
[2025-12-03T15:43:54.813+0000][7][gc,heap     ] GC(132) Old regions: 32->32
[2025-12-03T15:43:54.813+0000][7][gc,heap     ] GC(132) Archive regions: 2->2
[2025-12-03T15:43:54.813+0000][7][gc,heap     ] GC(132) Humongous regions: 2->2
[2025-12-03T15:43:54.813+0000][7][gc,metaspace] GC(132) Metaspace: 115636K(117376K)->115636K(117376K) NonClass: 100834K(101824K)->100834K(101824K) Class: 14802K(15552K)->14802K(15552K)
[2025-12-03T15:43:54.813+0000][7][gc          ] GC(132) Pause Young (Normal) (G1 Evacuation Pause) 412M->147M(512M) 14.443ms
[2025-12-03T15:43:54.813+0000][7][gc,cpu      ] GC(132) User=0.05s Sys=0.01s Real=0.01s
[2025-12-03T15:43:54.813+0000][7][safepoint   ] Safepoint "G1CollectForAllocation", Time since last: 5068457128 ns, Reaching safepoint: 91375 ns, At safepoint: 14663625 ns, Total: 14755000 ns
[2025-12-03T15:44:09.830+0000][7][safepoint   ] Safepoint "Cleanup", Time since last: 15016389923 ns, Reaching safepoint: 184291 ns, At safepoint: 3875 ns, Total: 188166 ns
[2025-12-03T15:44:40.046+0000][7][gc,start    ] GC(133) Pause Young (Normal) (G1 Evacuation Pause)
[2025-12-03T15:44:40.046+0000][7][gc,task     ] GC(133) Using 8 workers of 8 for evacuation
[2025-12-03T15:44:40.046+0000][7][gc,age      ] GC(133) Desired survivor size 18874368 bytes, new threshold 15 (max threshold 15)
[2025-12-03T15:44:40.057+0000][7][gc,age      ] GC(133) Age table with threshold 15 (max threshold 15)
[2025-12-03T15:44:40.057+0000][7][gc,age      ] GC(133) - age   1:    2952888 bytes,    2952888 total
[2025-12-03T15:44:40.057+0000][7][gc,age      ] GC(133) - age   2:    2065144 bytes,    5018032 total
[2025-12-03T15:44:40.057+0000][7][gc,age      ] GC(133) - age   3:      77432 bytes,    5095464 total
[2025-12-03T15:44:40.057+0000][7][gc,age      ] GC(133) - age   4:      10072 bytes,    5105536 total
[2025-12-03T15:44:40.057+0000][7][gc,age      ] GC(133) - age   5:    2076960 bytes,    7182496 total
[2025-12-03T15:44:40.057+0000][7][gc,age      ] GC(133) - age   6:     381984 bytes,    7564480 total
[2025-12-03T15:44:40.057+0000][7][gc,age      ] GC(133) - age   7:      36936 bytes,    7601416 total
[2025-12-03T15:44:40.057+0000][7][gc,age      ] GC(133) - age   8:     303536 bytes,    7904952 total
[2025-12-03T15:44:40.057+0000][7][gc,age      ] GC(133) - age   9:     148088 bytes,    8053040 total
[2025-12-03T15:44:40.058+0000][7][gc,age      ] GC(133) - age  10:      42384 bytes,    8095424 total
[2025-12-03T15:44:40.058+0000][7][gc,age      ] GC(133) - age  11:       7816 bytes,    8103240 total
[2025-12-03T15:44:40.058+0000][7][gc,age      ] GC(133) - age  12:      14264 bytes,    8117504 total
[2025-12-03T15:44:40.058+0000][7][gc,age      ] GC(133) - age  13:     306704 bytes,    8424208 total
[2025-12-03T15:44:40.058+0000][7][gc,age      ] GC(133) - age  14:     166504 bytes,    8590712 total
[2025-12-03T15:44:40.058+0000][7][gc,age      ] GC(133) - age  15:      20528 bytes,    8611240 total
[2025-12-03T15:44:40.058+0000][7][gc,phases   ] GC(133)   Pre Evacuate Collection Set: 0.3ms
[2025-12-03T15:44:40.058+0000][7][gc,phases   ] GC(133)   Merge Heap Roots: 0.2ms
[2025-12-03T15:44:40.058+0000][7][gc,phases   ] GC(133)   Evacuate Collection Set: 7.7ms
[2025-12-03T15:44:40.059+0000][7][gc,phases   ] GC(133)   Post Evacuate Collection Set: 2.0ms
[2025-12-03T15:44:40.059+0000][7][gc,phases   ] GC(133)   Other: 2.3ms
[2025-12-03T15:44:40.059+0000][7][gc,heap     ] GC(133) Eden regions: 66->0(66)
[2025-12-03T15:44:40.059+0000][7][gc,heap     ] GC(133) Survivor regions: 3->3(9)
[2025-12-03T15:44:40.059+0000][7][gc,heap     ] GC(133) Old regions: 32->32
[2025-12-03T15:44:40.059+0000][7][gc,heap     ] GC(133) Archive regions: 2->2
[2025-12-03T15:44:40.060+0000][7][gc,heap     ] GC(133) Humongous regions: 2->2
[2025-12-03T15:44:40.060+0000][7][gc,metaspace] GC(133) Metaspace: 115643K(117376K)->115643K(117376K) NonClass: 100839K(101824K)->100839K(101824K) Class: 14803K(15552K)->14803K(15552K)
[2025-12-03T15:44:40.060+0000][7][gc          ] GC(133) Pause Young (Normal) (G1 Evacuation Pause) 411M->148M(512M) 14.232ms
[2025-12-03T15:44:40.060+0000][7][gc,cpu      ] GC(133) User=0.05s Sys=0.00s Real=0.01s
[2025-12-03T15:44:40.060+0000][7][safepoint   ] Safepoint "G1CollectForAllocation", Time since last: 30215172389 ns, Reaching safepoint: 199750 ns, At safepoint: 14705750 ns, Total: 14905500 ns
[2025-12-03T15:44:58.090+0000][7][safepoint   ] Safepoint "Cleanup", Time since last: 18029872925 ns, Reaching safepoint: 265833 ns, At safepoint: 6917 ns, Total: 272750 ns
[2025-12-03T15:45:10.118+0000][7][safepoint   ] Safepoint "Cleanup", Time since last: 12024579380 ns, Reaching safepoint: 1359417 ns, At safepoint: 20375 ns, Total: 1379792 ns
[2025-12-03T15:45:18.589+0000][7][gc,start    ] GC(134) Pause Young (Normal) (G1 Evacuation Pause)
[2025-12-03T15:45:18.589+0000][7][gc,task     ] GC(134) Using 8 workers of 8 for evacuation
[2025-12-03T15:45:18.590+0000][7][gc,age      ] GC(134) Desired survivor size 18874368 bytes, new threshold 15 (max threshold 15)
[2025-12-03T15:45:18.606+0000][7][gc,age      ] GC(134) Age table with threshold 15 (max threshold 15)
[2025-12-03T15:45:18.607+0000][7][gc,age      ] GC(134) - age   1:    2231800 bytes,    2231800 total
[2025-12-03T15:45:18.607+0000][7][gc,age      ] GC(134) - age   2:     778880 bytes,    3010680 total
[2025-12-03T15:45:18.607+0000][7][gc,age      ] GC(134) - age   3:    1784400 bytes,    4795080 total
[2025-12-03T15:45:18.607+0000][7][gc,age      ] GC(134) - age   4:      76648 bytes,    4871728 total
[2025-12-03T15:45:18.607+0000][7][gc,age      ] GC(134) - age   5:       9176 bytes,    4880904 total
[2025-12-03T15:45:18.607+0000][7][gc,age      ] GC(134) - age   6:    2076960 bytes,    6957864 total
[2025-12-03T15:45:18.607+0000][7][gc,age      ] GC(134) - age   7:     381856 bytes,    7339720 total
[2025-12-03T15:45:18.607+0000][7][gc,age      ] GC(134) - age   8:      36936 bytes,    7376656 total
[2025-12-03T15:45:18.607+0000][7][gc,age      ] GC(134) - age   9:     303472 bytes,    7680128 total
[2025-12-03T15:45:18.607+0000][7][gc,age      ] GC(134) - age  10:     148088 bytes,    7828216 total
[2025-12-03T15:45:18.607+0000][7][gc,age      ] GC(134) - age  11:      42384 bytes,    7870600 total
[2025-12-03T15:45:18.607+0000][7][gc,age      ] GC(134) - age  12:       7816 bytes,    7878416 total
[2025-12-03T15:45:18.607+0000][7][gc,age      ] GC(134) - age  13:      14264 bytes,    7892680 total
[2025-12-03T15:45:18.607+0000][7][gc,age      ] GC(134) - age  14:     119808 bytes,    8012488 total
[2025-12-03T15:45:18.607+0000][7][gc,age      ] GC(134) - age  15:      11944 bytes,    8024432 total
[2025-12-03T15:45:18.608+0000][7][gc,phases   ] GC(134)   Pre Evacuate Collection Set: 0.3ms
[2025-12-03T15:45:18.608+0000][7][gc,phases   ] GC(134)   Merge Heap Roots: 0.1ms
[2025-12-03T15:45:18.608+0000][7][gc,phases   ] GC(134)   Evacuate Collection Set: 7.9ms
[2025-12-03T15:45:18.608+0000][7][gc,phases   ] GC(134)   Post Evacuate Collection Set: 8.5ms
[2025-12-03T15:45:18.608+0000][7][gc,phases   ] GC(134)   Other: 1.9ms
[2025-12-03T15:45:18.608+0000][7][gc,heap     ] GC(134) Eden regions: 66->0(66)
[2025-12-03T15:45:18.608+0000][7][gc,heap     ] GC(134) Survivor regions: 3->3(9)
[2025-12-03T15:45:18.608+0000][7][gc,heap     ] GC(134) Old regions: 32->32
[2025-12-03T15:45:18.608+0000][7][gc,heap     ] GC(134) Archive regions: 2->2
[2025-12-03T15:45:18.608+0000][7][gc,heap     ] GC(134) Humongous regions: 2->2
[2025-12-03T15:45:18.608+0000][7][gc,metaspace] GC(134) Metaspace: 115650K(117376K)->115650K(117376K) NonClass: 100847K(101824K)->100847K(101824K) Class: 14803K(15552K)->14803K(15552K)
[2025-12-03T15:45:18.609+0000][7][gc          ] GC(134) Pause Young (Normal) (G1 Evacuation Pause) 412M->147M(512M) 19.578ms
[2025-12-03T15:45:18.609+0000][7][gc,cpu      ] GC(134) User=0.07s Sys=0.00s Real=0.02s
[2025-12-03T15:45:18.609+0000][7][safepoint   ] Safepoint "G1CollectForAllocation", Time since last: 8470563462 ns, Reaching safepoint: 100375 ns, At safepoint: 19863542 ns, Total: 19963917 ns
[2025-12-03T15:45:57.674+0000][7][safepoint   ] Safepoint "Cleanup", Time since last: 39064450893 ns, Reaching safepoint: 286500 ns, At safepoint: 6167 ns, Total: 292667 ns
[2025-12-03T15:46:06.610+0000][7][gc,start    ] GC(135) Pause Young (Normal) (G1 Evacuation Pause)
[2025-12-03T15:46:06.611+0000][7][gc,task     ] GC(135) Using 8 workers of 8 for evacuation
[2025-12-03T15:46:06.611+0000][7][gc,age      ] GC(135) Desired survivor size 18874368 bytes, new threshold 15 (max threshold 15)
[2025-12-03T15:46:06.619+0000][7][gc,age      ] GC(135) Age table with threshold 15 (max threshold 15)
[2025-12-03T15:46:06.619+0000][7][gc,age      ] GC(135) - age   1:    3855568 bytes,    3855568 total
[2025-12-03T15:46:06.619+0000][7][gc,age      ] GC(135) - age   2:     807120 bytes,    4662688 total
[2025-12-03T15:46:06.619+0000][7][gc,age      ] GC(135) - age   3:     641416 bytes,    5304104 total
[2025-12-03T15:46:06.619+0000][7][gc,age      ] GC(135) - age   4:    1652640 bytes,    6956744 total
[2025-12-03T15:46:06.619+0000][7][gc,age      ] GC(135) - age   5:      75896 bytes,    7032640 total
[2025-12-03T15:46:06.619+0000][7][gc,age      ] GC(135) - age   6:       9048 bytes,    7041688 total
[2025-12-03T15:46:06.619+0000][7][gc,age      ] GC(135) - age   7:    2076960 bytes,    9118648 total
[2025-12-03T15:46:06.619+0000][7][gc,age      ] GC(135) - age   8:     381856 bytes,    9500504 total
[2025-12-03T15:46:06.619+0000][7][gc,age      ] GC(135) - age   9:      36936 bytes,    9537440 total
[2025-12-03T15:46:06.619+0000][7][gc,age      ] GC(135) - age  10:     303472 bytes,    9840912 total
[2025-12-03T15:46:06.619+0000][7][gc,age      ] GC(135) - age  11:     148088 bytes,    9989000 total
[2025-12-03T15:46:06.619+0000][7][gc,age      ] GC(135) - age  12:      42384 bytes,   10031384 total
[2025-12-03T15:46:06.619+0000][7][gc,age      ] GC(135) - age  13:       7816 bytes,   10039200 total
[2025-12-03T15:46:06.619+0000][7][gc,age      ] GC(135) - age  14:      14264 bytes,   10053464 total
[2025-12-03T15:46:06.619+0000][7][gc,age      ] GC(135) - age  15:     119808 bytes,   10173272 total
[2025-12-03T15:46:06.619+0000][7][gc,phases   ] GC(135)   Pre Evacuate Collection Set: 0.2ms
[2025-12-03T15:46:06.619+0000][7][gc,phases   ] GC(135)   Merge Heap Roots: 0.1ms
[2025-12-03T15:46:06.619+0000][7][gc,phases   ] GC(135)   Evacuate Collection Set: 6.1ms
[2025-12-03T15:46:06.619+0000][7][gc,phases   ] GC(135)   Post Evacuate Collection Set: 1.4ms
[2025-12-03T15:46:06.619+0000][7][gc,phases   ] GC(135)   Other: 1.2ms
[2025-12-03T15:46:06.619+0000][7][gc,heap     ] GC(135) Eden regions: 66->0(66)
[2025-12-03T15:46:06.619+0000][7][gc,heap     ] GC(135) Survivor regions: 3->3(9)
[2025-12-03T15:46:06.619+0000][7][gc,heap     ] GC(135) Old regions: 32->32
[2025-12-03T15:46:06.619+0000][7][gc,heap     ] GC(135) Archive regions: 2->2
[2025-12-03T15:46:06.620+0000][7][gc,heap     ] GC(135) Humongous regions: 2->2
[2025-12-03T15:46:06.620+0000][7][gc,metaspace] GC(135) Metaspace: 115650K(117376K)->115650K(117376K) NonClass: 100847K(101824K)->100847K(101824K) Class: 14803K(15552K)->14803K(15552K)
[2025-12-03T15:46:06.620+0000][7][gc          ] GC(135) Pause Young (Normal) (G1 Evacuation Pause) 411M->149M(512M) 9.341ms
[2025-12-03T15:46:06.620+0000][7][gc,cpu      ] GC(135) User=0.05s Sys=0.01s Real=0.01s
[2025-12-03T15:46:06.620+0000][7][safepoint   ] Safepoint "G1CollectForAllocation", Time since last: 8934242629 ns, Reaching safepoint: 70250 ns, At safepoint: 9485125 ns, Total: 9555375 ns
[2025-12-03T15:46:19.641+0000][7][safepoint   ] Safepoint "Cleanup", Time since last: 13021101048 ns, Reaching safepoint: 198458 ns, At safepoint: 8333 ns, Total: 206791 ns
[2025-12-03T15:46:21.645+0000][7][safepoint   ] Safepoint "Cleanup", Time since last: 2003685043 ns, Reaching safepoint: 74708 ns, At safepoint: 6917 ns, Total: 81625 ns
[2025-12-03T15:46:47.673+0000][7][safepoint   ] Safepoint "Cleanup", Time since last: 26027327762 ns, Reaching safepoint: 806666 ns, At safepoint: 15500 ns, Total: 822166 ns
[2025-12-03T15:46:48.619+0000][7][gc,start    ] GC(136) Pause Young (Normal) (G1 Evacuation Pause)
[2025-12-03T15:46:48.619+0000][7][gc,task     ] GC(136) Using 8 workers of 8 for evacuation
[2025-12-03T15:46:48.619+0000][7][gc,age      ] GC(136) Desired survivor size 18874368 bytes, new threshold 15 (max threshold 15)
[2025-12-03T15:46:48.628+0000][7][gc,age      ] GC(136) Age table with threshold 15 (max threshold 15)
[2025-12-03T15:46:48.629+0000][7][gc,age      ] GC(136) - age   1:    2752336 bytes,    2752336 total
[2025-12-03T15:46:48.629+0000][7][gc,age      ] GC(136) - age   2:     459040 bytes,    3211376 total
[2025-12-03T15:46:48.629+0000][7][gc,age      ] GC(136) - age   3:     540440 bytes,    3751816 total
[2025-12-03T15:46:48.629+0000][7][gc,age      ] GC(136) - age   4:      11256 bytes,    3763072 total
[2025-12-03T15:46:48.629+0000][7][gc,age      ] GC(136) - age   5:    1652640 bytes,    5415712 total
[2025-12-03T15:46:48.629+0000][7][gc,age      ] GC(136) - age   6:      75768 bytes,    5491480 total
[2025-12-03T15:46:48.629+0000][7][gc,age      ] GC(136) - age   7:       8920 bytes,    5500400 total
[2025-12-03T15:46:48.629+0000][7][gc,age      ] GC(136) - age   8:    2076960 bytes,    7577360 total
[2025-12-03T15:46:48.629+0000][7][gc,age      ] GC(136) - age   9:     381856 bytes,    7959216 total
[2025-12-03T15:46:48.629+0000][7][gc,age      ] GC(136) - age  10:      12648 bytes,    7971864 total
[2025-12-03T15:46:48.629+0000][7][gc,age      ] GC(136) - age  11:     303472 bytes,    8275336 total
[2025-12-03T15:46:48.629+0000][7][gc,age      ] GC(136) - age  12:     148088 bytes,    8423424 total
[2025-12-03T15:46:48.629+0000][7][gc,age      ] GC(136) - age  13:      42384 bytes,    8465808 total
[2025-12-03T15:46:48.629+0000][7][gc,age      ] GC(136) - age  14:       7816 bytes,    8473624 total
[2025-12-03T15:46:48.629+0000][7][gc,age      ] GC(136) - age  15:      14264 bytes,    8487888 total
[2025-12-03T15:46:48.629+0000][7][gc,phases   ] GC(136)   Pre Evacuate Collection Set: 0.3ms
[2025-12-03T15:46:48.630+0000][7][gc,phases   ] GC(136)   Merge Heap Roots: 0.1ms
[2025-12-03T15:46:48.630+0000][7][gc,phases   ] GC(136)   Evacuate Collection Set: 7.0ms
[2025-12-03T15:46:48.630+0000][7][gc,phases   ] GC(136)   Post Evacuate Collection Set: 2.0ms
[2025-12-03T15:46:48.630+0000][7][gc,phases   ] GC(136)   Other: 1.4ms
[2025-12-03T15:46:48.630+0000][7][gc,heap     ] GC(136) Eden regions: 66->0(66)
[2025-12-03T15:46:48.630+0000][7][gc,heap     ] GC(136) Survivor regions: 3->3(9)
[2025-12-03T15:46:48.630+0000][7][gc,heap     ] GC(136) Old regions: 32->32
[2025-12-03T15:46:48.630+0000][7][gc,heap     ] GC(136) Archive regions: 2->2
[2025-12-03T15:46:48.630+0000][7][gc,heap     ] GC(136) Humongous regions: 2->2
[2025-12-03T15:46:48.630+0000][7][gc,metaspace] GC(136) Metaspace: 115660K(117376K)->115660K(117376K) NonClass: 100857K(101824K)->100857K(101824K) Class: 14803K(15552K)->14803K(15552K)
[2025-12-03T15:46:48.630+0000][7][gc          ] GC(136) Pause Young (Normal) (G1 Evacuation Pause) 413M->148M(512M) 11.327ms
[2025-12-03T15:46:48.630+0000][7][gc,cpu      ] GC(136) User=0.05s Sys=0.00s Real=0.02s
[2025-12-03T15:46:48.630+0000][7][safepoint   ] Safepoint "G1CollectForAllocation", Time since last: 945303751 ns, Reaching safepoint: 37208 ns, At safepoint: 11491333 ns, Total: 11528541 ns
[2025-12-03T15:46:55.639+0000][7][safepoint   ] Safepoint "Cleanup", Time since last: 7008645962 ns, Reaching safepoint: 170625 ns, At safepoint: 17708 ns, Total: 188333 ns
[2025-12-03T15:46:57.643+0000][7][safepoint   ] Safepoint "Cleanup", Time since last: 2003649668 ns, Reaching safepoint: 139042 ns, At safepoint: 6791 ns, Total: 145833 ns
[2025-12-03T15:47:19.663+0000][7][safepoint   ] Safepoint "Cleanup", Time since last: 22018764469 ns, Reaching safepoint: 445958 ns, At safepoint: 18917 ns, Total: 464875 ns
[2025-12-03T15:47:31.004+0000][7][gc,start    ] GC(137) Pause Young (Normal) (G1 Evacuation Pause)
[2025-12-03T15:47:31.005+0000][7][gc,task     ] GC(137) Using 8 workers of 8 for evacuation
[2025-12-03T15:47:31.005+0000][7][gc,age      ] GC(137) Desired survivor size 18874368 bytes, new threshold 15 (max threshold 15)
[2025-12-03T15:47:31.019+0000][7][gc,age      ] GC(137) Age table with threshold 15 (max threshold 15)
[2025-12-03T15:47:31.019+0000][7][gc,age      ] GC(137) - age   1:    3203976 bytes,    3203976 total
[2025-12-03T15:47:31.019+0000][7][gc,age      ] GC(137) - age   2:    1099040 bytes,    4303016 total
[2025-12-03T15:47:31.019+0000][7][gc,age      ] GC(137) - age   3:     173488 bytes,    4476504 total
[2025-12-03T15:47:31.019+0000][7][gc,age      ] GC(137) - age   4:     408280 bytes,    4884784 total
[2025-12-03T15:47:31.019+0000][7][gc,age      ] GC(137) - age   5:      11192 bytes,    4895976 total
[2025-12-03T15:47:31.019+0000][7][gc,age      ] GC(137) - age   6:    1652416 bytes,    6548392 total
[2025-12-03T15:47:31.019+0000][7][gc,age      ] GC(137) - age   7:      75496 bytes,    6623888 total
[2025-12-03T15:47:31.019+0000][7][gc,age      ] GC(137) - age   8:       8920 bytes,    6632808 total
[2025-12-03T15:47:31.019+0000][7][gc,age      ] GC(137) - age   9:    2076960 bytes,    8709768 total
[2025-12-03T15:47:31.019+0000][7][gc,age      ] GC(137) - age  10:     381856 bytes,    9091624 total
[2025-12-03T15:47:31.019+0000][7][gc,age      ] GC(137) - age  11:      12648 bytes,    9104272 total
[2025-12-03T15:47:31.019+0000][7][gc,age      ] GC(137) - age  12:     303472 bytes,    9407744 total
[2025-12-03T15:47:31.019+0000][7][gc,age      ] GC(137) - age  13:     148088 bytes,    9555832 total
[2025-12-03T15:47:31.019+0000][7][gc,age      ] GC(137) - age  14:      42384 bytes,    9598216 total
[2025-12-03T15:47:31.019+0000][7][gc,age      ] GC(137) - age  15:       7816 bytes,    9606032 total
[2025-12-03T15:47:31.019+0000][7][gc,phases   ] GC(137)   Pre Evacuate Collection Set: 0.4ms
[2025-12-03T15:47:31.020+0000][7][gc,phases   ] GC(137)   Merge Heap Roots: 0.1ms
[2025-12-03T15:47:31.020+0000][7][gc,phases   ] GC(137)   Evacuate Collection Set: 9.9ms
[2025-12-03T15:47:31.020+0000][7][gc,phases   ] GC(137)   Post Evacuate Collection Set: 2.9ms
[2025-12-03T15:47:31.020+0000][7][gc,phases   ] GC(137)   Other: 2.4ms
[2025-12-03T15:47:31.020+0000][7][gc,heap     ] GC(137) Eden regions: 66->0(66)
[2025-12-03T15:47:31.020+0000][7][gc,heap     ] GC(137) Survivor regions: 3->3(9)
[2025-12-03T15:47:31.020+0000][7][gc,heap     ] GC(137) Old regions: 32->32
[2025-12-03T15:47:31.020+0000][7][gc,heap     ] GC(137) Archive regions: 2->2
[2025-12-03T15:47:31.020+0000][7][gc,heap     ] GC(137) Humongous regions: 2->2
[2025-12-03T15:47:31.020+0000][7][gc,metaspace] GC(137) Metaspace: 115661K(117376K)->115661K(117376K) NonClass: 100858K(101824K)->100858K(101824K) Class: 14803K(15552K)->14803K(15552K)
[2025-12-03T15:47:31.020+0000][7][gc          ] GC(137) Pause Young (Normal) (G1 Evacuation Pause) 412M->148M(512M) 16.257ms
[2025-12-03T15:47:31.020+0000][7][gc,cpu      ] GC(137) User=0.07s Sys=0.00s Real=0.01s
[2025-12-03T15:47:31.020+0000][7][safepoint   ] Safepoint "G1CollectForAllocation", Time since last: 11339853172 ns, Reaching safepoint: 172666 ns, At safepoint: 16497375 ns, Total: 16670041 ns
[2025-12-03T15:48:08.081+0000][7][safepoint   ] Safepoint "Cleanup", Time since last: 37059266225 ns, Reaching safepoint: 260000 ns, At safepoint: 16959 ns, Total: 276959 ns
[2025-12-03T15:48:17.258+0000][7][gc,start    ] GC(138) Pause Young (Normal) (G1 Evacuation Pause)
[2025-12-03T15:48:17.258+0000][7][gc,task     ] GC(138) Using 8 workers of 8 for evacuation
[2025-12-03T15:48:17.258+0000][7][gc,age      ] GC(138) Desired survivor size 18874368 bytes, new threshold 15 (max threshold 15)
[2025-12-03T15:48:17.268+0000][7][gc,age      ] GC(138) Age table with threshold 15 (max threshold 15)
[2025-12-03T15:48:17.268+0000][7][gc,age      ] GC(138) - age   1:    2057760 bytes,    2057760 total
[2025-12-03T15:48:17.268+0000][7][gc,age      ] GC(138) - age   2:     472216 bytes,    2529976 total
[2025-12-03T15:48:17.268+0000][7][gc,age      ] GC(138) - age   3:     684968 bytes,    3214944 total
[2025-12-03T15:48:17.268+0000][7][gc,age      ] GC(138) - age   4:     171976 bytes,    3386920 total
[2025-12-03T15:48:17.268+0000][7][gc,age      ] GC(138) - age   5:     408120 bytes,    3795040 total
[2025-12-03T15:48:17.268+0000][7][gc,age      ] GC(138) - age   6:      11000 bytes,    3806040 total
[2025-12-03T15:48:17.268+0000][7][gc,age      ] GC(138) - age   7:    1652264 bytes,    5458304 total
[2025-12-03T15:48:17.268+0000][7][gc,age      ] GC(138) - age   8:      75432 bytes,    5533736 total
[2025-12-03T15:48:17.269+0000][7][gc,age      ] GC(138) - age   9:       8792 bytes,    5542528 total
[2025-12-03T15:48:17.269+0000][7][gc,age      ] GC(138) - age  10:    2076960 bytes,    7619488 total
[2025-12-03T15:48:17.269+0000][7][gc,age      ] GC(138) - age  11:     381856 bytes,    8001344 total
[2025-12-03T15:48:17.269+0000][7][gc,age      ] GC(138) - age  12:      12584 bytes,    8013928 total
[2025-12-03T15:48:17.269+0000][7][gc,age      ] GC(138) - age  13:     303472 bytes,    8317400 total
[2025-12-03T15:48:17.269+0000][7][gc,age      ] GC(138) - age  14:     147888 bytes,    8465288 total
[2025-12-03T15:48:17.269+0000][7][gc,age      ] GC(138) - age  15:      42384 bytes,    8507672 total
[2025-12-03T15:48:17.269+0000][7][gc,phases   ] GC(138)   Pre Evacuate Collection Set: 0.4ms
[2025-12-03T15:48:17.269+0000][7][gc,phases   ] GC(138)   Merge Heap Roots: 0.1ms
[2025-12-03T15:48:17.269+0000][7][gc,phases   ] GC(138)   Evacuate Collection Set: 7.0ms
[2025-12-03T15:48:17.269+0000][7][gc,phases   ] GC(138)   Post Evacuate Collection Set: 2.0ms
[2025-12-03T15:48:17.269+0000][7][gc,phases   ] GC(138)   Other: 1.9ms
[2025-12-03T15:48:17.269+0000][7][gc,heap     ] GC(138) Eden regions: 66->0(66)
[2025-12-03T15:48:17.269+0000][7][gc,heap     ] GC(138) Survivor regions: 3->3(9)
[2025-12-03T15:48:17.269+0000][7][gc,heap     ] GC(138) Old regions: 32->32
[2025-12-03T15:48:17.269+0000][7][gc,heap     ] GC(138) Archive regions: 2->2
[2025-12-03T15:48:17.269+0000][7][gc,heap     ] GC(138) Humongous regions: 2->2
[2025-12-03T15:48:17.269+0000][7][gc,metaspace] GC(138) Metaspace: 115661K(117376K)->115661K(117376K) NonClass: 100858K(101824K)->100858K(101824K) Class: 14803K(15552K)->14803K(15552K)
[2025-12-03T15:48:17.270+0000][7][gc          ] GC(138) Pause Young (Normal) (G1 Evacuation Pause) 412M->148M(512M) 11.987ms
[2025-12-03T15:48:17.270+0000][7][gc,cpu      ] GC(138) User=0.06s Sys=0.00s Real=0.01s
[2025-12-03T15:48:17.270+0000][7][safepoint   ] Safepoint "G1CollectForAllocation", Time since last: 9176362754 ns, Reaching safepoint: 143458 ns, At safepoint: 12264125 ns, Total: 12407583 ns
[2025-12-03T15:48:18.275+0000][7][safepoint   ] Safepoint "Cleanup", Time since last: 1004804668 ns, Reaching safepoint: 141666 ns, At safepoint: 6042 ns, Total: 147708 ns
[2025-12-03T15:48:57.337+0000][7][safepoint   ] Safepoint "Cleanup", Time since last: 39061045643 ns, Reaching safepoint: 169500 ns, At safepoint: 4375 ns, Total: 173875 ns
[2025-12-03T15:49:01.563+0000][7][gc,start    ] GC(139) Pause Young (Normal) (G1 Evacuation Pause)
[2025-12-03T15:49:01.563+0000][7][gc,task     ] GC(139) Using 8 workers of 8 for evacuation
[2025-12-03T15:49:01.564+0000][7][gc,age      ] GC(139) Desired survivor size 18874368 bytes, new threshold 15 (max threshold 15)
[2025-12-03T15:49:01.590+0000][7][gc,age      ] GC(139) Age table with threshold 15 (max threshold 15)
[2025-12-03T15:49:01.590+0000][7][gc,age      ] GC(139) - age   1:    3002128 bytes,    3002128 total
[2025-12-03T15:49:01.590+0000][7][gc,age      ] GC(139) - age   2:     277616 bytes,    3279744 total
[2025-12-03T15:49:01.590+0000][7][gc,age      ] GC(139) - age   3:     206256 bytes,    3486000 total
[2025-12-03T15:49:01.590+0000][7][gc,age      ] GC(139) - age   4:     185848 bytes,    3671848 total
[2025-12-03T15:49:01.590+0000][7][gc,age      ] GC(139) - age   5:      40792 bytes,    3712640 total
[2025-12-03T15:49:01.591+0000][7][gc,age      ] GC(139) - age   6:     408056 bytes,    4120696 total
[2025-12-03T15:49:01.591+0000][7][gc,age      ] GC(139) - age   7:      11000 bytes,    4131696 total
[2025-12-03T15:49:01.591+0000][7][gc,age      ] GC(139) - age   8:    1651880 bytes,    5783576 total
[2025-12-03T15:49:01.591+0000][7][gc,age      ] GC(139) - age   9:      75432 bytes,    5859008 total
[2025-12-03T15:49:01.591+0000][7][gc,age      ] GC(139) - age  10:       8792 bytes,    5867800 total
[2025-12-03T15:49:01.591+0000][7][gc,age      ] GC(139) - age  11:    2076960 bytes,    7944760 total
[2025-12-03T15:49:01.591+0000][7][gc,age      ] GC(139) - age  12:     381856 bytes,    8326616 total
[2025-12-03T15:49:01.591+0000][7][gc,age      ] GC(139) - age  13:      12584 bytes,    8339200 total
[2025-12-03T15:49:01.591+0000][7][gc,age      ] GC(139) - age  14:     303472 bytes,    8642672 total
[2025-12-03T15:49:01.591+0000][7][gc,age      ] GC(139) - age  15:     147888 bytes,    8790560 total
[2025-12-03T15:49:01.592+0000][7][gc,phases   ] GC(139)   Pre Evacuate Collection Set: 0.6ms
[2025-12-03T15:49:01.592+0000][7][gc,phases   ] GC(139)   Merge Heap Roots: 0.2ms
[2025-12-03T15:49:01.592+0000][7][gc,phases   ] GC(139)   Evacuate Collection Set: 19.8ms
[2025-12-03T15:49:01.592+0000][7][gc,phases   ] GC(139)   Post Evacuate Collection Set: 5.4ms
[2025-12-03T15:49:01.592+0000][7][gc,phases   ] GC(139)   Other: 3.1ms
[2025-12-03T15:49:01.592+0000][7][gc,heap     ] GC(139) Eden regions: 66->0(66)
[2025-12-03T15:49:01.592+0000][7][gc,heap     ] GC(139) Survivor regions: 3->3(9)
[2025-12-03T15:49:01.592+0000][7][gc,heap     ] GC(139) Old regions: 32->32
[2025-12-03T15:49:01.592+0000][7][gc,heap     ] GC(139) Archive regions: 2->2
[2025-12-03T15:49:01.592+0000][7][gc,heap     ] GC(139) Humongous regions: 2->2
[2025-12-03T15:49:01.592+0000][7][gc,metaspace] GC(139) Metaspace: 115661K(117376K)->115661K(117376K) NonClass: 100858K(101824K)->100858K(101824K) Class: 14803K(15552K)->14803K(15552K)
[2025-12-03T15:49:01.593+0000][7][gc          ] GC(139) Pause Young (Normal) (G1 Evacuation Pause) 412M->148M(512M) 29.931ms
[2025-12-03T15:49:01.593+0000][7][gc,cpu      ] GC(139) User=0.16s Sys=0.00s Real=0.03s
[2025-12-03T15:49:01.593+0000][7][safepoint   ] Safepoint "G1CollectForAllocation", Time since last: 4224135584 ns, Reaching safepoint: 228875 ns, At safepoint: 30434959 ns, Total: 30663834 ns
[2025-12-03T15:49:07.606+0000][7][safepoint   ] Safepoint "Cleanup", Time since last: 6012997711 ns, Reaching safepoint: 158542 ns, At safepoint: 6791 ns, Total: 165333 ns
[2025-12-03T15:49:29.784+0000][7][safepoint   ] Safepoint "Cleanup", Time since last: 22177683969 ns, Reaching safepoint: 410208 ns, At safepoint: 18625 ns, Total: 428833 ns
[2025-12-03T15:49:48.807+0000][7][gc,start    ] GC(140) Pause Young (Normal) (G1 Evacuation Pause)
[2025-12-03T15:49:48.808+0000][7][gc,task     ] GC(140) Using 8 workers of 8 for evacuation
[2025-12-03T15:49:48.808+0000][7][gc,age      ] GC(140) Desired survivor size 18874368 bytes, new threshold 15 (max threshold 15)
[2025-12-03T15:49:48.825+0000][7][gc,age      ] GC(140) Age table with threshold 15 (max threshold 15)
[2025-12-03T15:49:48.825+0000][7][gc,age      ] GC(140) - age   1:    2970736 bytes,    2970736 total
[2025-12-03T15:49:48.825+0000][7][gc,age      ] GC(140) - age   2:     654752 bytes,    3625488 total
[2025-12-03T15:49:48.825+0000][7][gc,age      ] GC(140) - age   3:     140768 bytes,    3766256 total
[2025-12-03T15:49:48.825+0000][7][gc,age      ] GC(140) - age   4:      74224 bytes,    3840480 total
[2025-12-03T15:49:48.825+0000][7][gc,age      ] GC(140) - age   5:     185368 bytes,    4025848 total
[2025-12-03T15:49:48.825+0000][7][gc,age      ] GC(140) - age   6:      40728 bytes,    4066576 total
[2025-12-03T15:49:48.825+0000][7][gc,age      ] GC(140) - age   7:     407928 bytes,    4474504 total
[2025-12-03T15:49:48.825+0000][7][gc,age      ] GC(140) - age   8:      10872 bytes,    4485376 total
[2025-12-03T15:49:48.826+0000][7][gc,age      ] GC(140) - age   9:    1651816 bytes,    6137192 total
[2025-12-03T15:49:48.826+0000][7][gc,age      ] GC(140) - age  10:      75432 bytes,    6212624 total
[2025-12-03T15:49:48.826+0000][7][gc,age      ] GC(140) - age  11:       8792 bytes,    6221416 total
[2025-12-03T15:49:48.826+0000][7][gc,age      ] GC(140) - age  12:    2076960 bytes,    8298376 total
[2025-12-03T15:49:48.826+0000][7][gc,age      ] GC(140) - age  13:     381856 bytes,    8680232 total
[2025-12-03T15:49:48.826+0000][7][gc,age      ] GC(140) - age  14:      12584 bytes,    8692816 total
[2025-12-03T15:49:48.826+0000][7][gc,age      ] GC(140) - age  15:      75168 bytes,    8767984 total
[2025-12-03T15:49:48.826+0000][7][gc,phases   ] GC(140)   Pre Evacuate Collection Set: 0.4ms
[2025-12-03T15:49:48.826+0000][7][gc,phases   ] GC(140)   Merge Heap Roots: 0.1ms
[2025-12-03T15:49:48.826+0000][7][gc,phases   ] GC(140)   Evacuate Collection Set: 13.0ms
[2025-12-03T15:49:48.826+0000][7][gc,phases   ] GC(140)   Post Evacuate Collection Set: 3.2ms
[2025-12-03T15:49:48.826+0000][7][gc,phases   ] GC(140)   Other: 2.1ms
[2025-12-03T15:49:48.826+0000][7][gc,heap     ] GC(140) Eden regions: 66->0(66)
[2025-12-03T15:49:48.826+0000][7][gc,heap     ] GC(140) Survivor regions: 3->3(9)
[2025-12-03T15:49:48.827+0000][7][gc,heap     ] GC(140) Old regions: 32->32
[2025-12-03T15:49:48.827+0000][7][gc,heap     ] GC(140) Archive regions: 2->2
[2025-12-03T15:49:48.827+0000][7][gc,heap     ] GC(140) Humongous regions: 2->2
[2025-12-03T15:49:48.827+0000][7][gc,metaspace] GC(140) Metaspace: 115661K(117376K)->115661K(117376K) NonClass: 100858K(101824K)->100858K(101824K) Class: 14803K(15552K)->14803K(15552K)
[2025-12-03T15:49:48.827+0000][7][gc          ] GC(140) Pause Young (Normal) (G1 Evacuation Pause) 412M->148M(512M) 19.591ms
[2025-12-03T15:49:48.827+0000][7][gc,cpu      ] GC(140) User=0.04s Sys=0.00s Real=0.02s
[2025-12-03T15:49:48.827+0000][7][safepoint   ] Safepoint "G1CollectForAllocation", Time since last: 19021880343 ns, Reaching safepoint: 340666 ns, At safepoint: 19856417 ns, Total: 20197083 ns
[2025-12-03T15:50:02.754+0000][7][safepoint   ] Safepoint "Cleanup", Time since last: 13925723256 ns, Reaching safepoint: 189125 ns, At safepoint: 5750 ns, Total: 194875 ns
[2025-12-03T15:50:06.759+0000][7][safepoint   ] Safepoint "Cleanup", Time since last: 4004980794 ns, Reaching safepoint: 66125 ns, At safepoint: 3000 ns, Total: 69125 ns
[2025-12-03T15:50:07.760+0000][7][safepoint   ] Safepoint "Cleanup", Time since last: 1001220084 ns, Reaching safepoint: 278250 ns, At safepoint: 16458 ns, Total: 294708 ns
[2025-12-03T15:50:27.747+0000][7][gc,start    ] GC(141) Pause Young (Normal) (G1 Evacuation Pause)
[2025-12-03T15:50:27.747+0000][7][gc,task     ] GC(141) Using 8 workers of 8 for evacuation
[2025-12-03T15:50:27.747+0000][7][gc,age      ] GC(141) Desired survivor size 18874368 bytes, new threshold 15 (max threshold 15)
[2025-12-03T15:50:27.767+0000][7][gc,age      ] GC(141) Age table with threshold 15 (max threshold 15)
[2025-12-03T15:50:27.767+0000][7][gc,age      ] GC(141) - age   1:    1005736 bytes,    1005736 total
[2025-12-03T15:50:27.767+0000][7][gc,age      ] GC(141) - age   2:     699128 bytes,    1704864 total
[2025-12-03T15:50:27.767+0000][7][gc,age      ] GC(141) - age   3:     651488 bytes,    2356352 total
[2025-12-03T15:50:27.767+0000][7][gc,age      ] GC(141) - age   4:       8952 bytes,    2365304 total
[2025-12-03T15:50:27.767+0000][7][gc,age      ] GC(141) - age   5:      74032 bytes,    2439336 total
[2025-12-03T15:50:27.767+0000][7][gc,age      ] GC(141) - age   6:     185104 bytes,    2624440 total
[2025-12-03T15:50:27.767+0000][7][gc,age      ] GC(141) - age   7:      40728 bytes,    2665168 total
[2025-12-03T15:50:27.767+0000][7][gc,age      ] GC(141) - age   8:     407632 bytes,    3072800 total
[2025-12-03T15:50:27.767+0000][7][gc,age      ] GC(141) - age   9:      10872 bytes,    3083672 total
[2025-12-03T15:50:27.768+0000][7][gc,age      ] GC(141) - age  10:    1651816 bytes,    4735488 total
[2025-12-03T15:50:27.768+0000][7][gc,age      ] GC(141) - age  11:      75432 bytes,    4810920 total
[2025-12-03T15:50:27.768+0000][7][gc,age      ] GC(141) - age  12:       8320 bytes,    4819240 total
[2025-12-03T15:50:27.768+0000][7][gc,age      ] GC(141) - age  13:    2076960 bytes,    6896200 total
[2025-12-03T15:50:27.768+0000][7][gc,age      ] GC(141) - age  14:     381664 bytes,    7277864 total
[2025-12-03T15:50:27.768+0000][7][gc,age      ] GC(141) - age  15:      10792 bytes,    7288656 total
[2025-12-03T15:50:27.768+0000][7][gc,phases   ] GC(141)   Pre Evacuate Collection Set: 0.4ms
[2025-12-03T15:50:27.768+0000][7][gc,phases   ] GC(141)   Merge Heap Roots: 0.1ms
[2025-12-03T15:50:27.768+0000][7][gc,phases   ] GC(141)   Evacuate Collection Set: 14.8ms
[2025-12-03T15:50:27.768+0000][7][gc,phases   ] GC(141)   Post Evacuate Collection Set: 4.1ms
[2025-12-03T15:50:27.768+0000][7][gc,phases   ] GC(141)   Other: 2.1ms
[2025-12-03T15:50:27.768+0000][7][gc,heap     ] GC(141) Eden regions: 66->0(67)
[2025-12-03T15:50:27.768+0000][7][gc,heap     ] GC(141) Survivor regions: 3->2(9)
[2025-12-03T15:50:27.768+0000][7][gc,heap     ] GC(141) Old regions: 32->32
[2025-12-03T15:50:27.768+0000][7][gc,heap     ] GC(141) Archive regions: 2->2
[2025-12-03T15:50:27.769+0000][7][gc,heap     ] GC(141) Humongous regions: 2->2
[2025-12-03T15:50:27.769+0000][7][gc,metaspace] GC(141) Metaspace: 115662K(117376K)->115662K(117376K) NonClass: 100858K(101824K)->100858K(101824K) Class: 14803K(15552K)->14803K(15552K)
[2025-12-03T15:50:27.769+0000][7][gc          ] GC(141) Pause Young (Normal) (G1 Evacuation Pause) 412M->147M(512M) 22.086ms
[2025-12-03T15:50:27.769+0000][7][gc,cpu      ] GC(141) User=0.14s Sys=0.00s Real=0.02s
[2025-12-03T15:50:27.769+0000][7][safepoint   ] Safepoint "G1CollectForAllocation", Time since last: 19985721301 ns, Reaching safepoint: 324583 ns, At safepoint: 22314709 ns, Total: 22639292 ns
[2025-12-03T15:51:17.341+0000][7][gc,start    ] GC(142) Pause Young (Normal) (G1 Evacuation Pause)
[2025-12-03T15:51:17.341+0000][7][gc,task     ] GC(142) Using 8 workers of 8 for evacuation
[2025-12-03T15:51:17.342+0000][7][gc,age      ] GC(142) Desired survivor size 18874368 bytes, new threshold 15 (max threshold 15)
[2025-12-03T15:51:17.355+0000][7][gc,age      ] GC(142) Age table with threshold 15 (max threshold 15)
[2025-12-03T15:51:17.355+0000][7][gc,age      ] GC(142) - age   1:    2492312 bytes,    2492312 total
[2025-12-03T15:51:17.355+0000][7][gc,age      ] GC(142) - age   2:     405192 bytes,    2897504 total
[2025-12-03T15:51:17.355+0000][7][gc,age      ] GC(142) - age   3:     432120 bytes,    3329624 total
[2025-12-03T15:51:17.355+0000][7][gc,age      ] GC(142) - age   4:     649648 bytes,    3979272 total
[2025-12-03T15:51:17.355+0000][7][gc,age      ] GC(142) - age   5:       8456 bytes,    3987728 total
[2025-12-03T15:51:17.355+0000][7][gc,age      ] GC(142) - age   6:      73904 bytes,    4061632 total
[2025-12-03T15:51:17.355+0000][7][gc,age      ] GC(142) - age   7:     185104 bytes,    4246736 total
[2025-12-03T15:51:17.355+0000][7][gc,age      ] GC(142) - age   8:      40664 bytes,    4287400 total
[2025-12-03T15:51:17.355+0000][7][gc,age      ] GC(142) - age   9:     407568 bytes,    4694968 total
[2025-12-03T15:51:17.355+0000][7][gc,age      ] GC(142) - age  10:      10872 bytes,    4705840 total
[2025-12-03T15:51:17.355+0000][7][gc,age      ] GC(142) - age  11:    1651816 bytes,    6357656 total
[2025-12-03T15:51:17.355+0000][7][gc,age      ] GC(142) - age  12:      75432 bytes,    6433088 total
[2025-12-03T15:51:17.355+0000][7][gc,age      ] GC(142) - age  13:       8320 bytes,    6441408 total
[2025-12-03T15:51:17.355+0000][7][gc,age      ] GC(142) - age  14:    2076960 bytes,    8518368 total
[2025-12-03T15:51:17.355+0000][7][gc,age      ] GC(142) - age  15:     381664 bytes,    8900032 total
[2025-12-03T15:51:17.356+0000][7][gc,phases   ] GC(142)   Pre Evacuate Collection Set: 0.2ms
[2025-12-03T15:51:17.356+0000][7][gc,phases   ] GC(142)   Merge Heap Roots: 0.1ms
[2025-12-03T15:51:17.356+0000][7][gc,phases   ] GC(142)   Evacuate Collection Set: 9.4ms
[2025-12-03T15:51:17.356+0000][7][gc,phases   ] GC(142)   Post Evacuate Collection Set: 3.2ms
[2025-12-03T15:51:17.356+0000][7][gc,phases   ] GC(142)   Other: 1.5ms
[2025-12-03T15:51:17.356+0000][7][gc,heap     ] GC(142) Eden regions: 67->0(66)
[2025-12-03T15:51:17.356+0000][7][gc,heap     ] GC(142) Survivor regions: 2->3(9)
[2025-12-03T15:51:17.356+0000][7][gc,heap     ] GC(142) Old regions: 32->32
[2025-12-03T15:51:17.357+0000][7][gc,heap     ] GC(142) Archive regions: 2->2
[2025-12-03T15:51:17.357+0000][7][gc,heap     ] GC(142) Humongous regions: 2->2
[2025-12-03T15:51:17.357+0000][7][gc,metaspace] GC(142) Metaspace: 115664K(117376K)->115664K(117376K) NonClass: 100860K(101824K)->100860K(101824K) Class: 14803K(15552K)->14803K(15552K)
[2025-12-03T15:51:17.357+0000][7][gc          ] GC(142) Pause Young (Normal) (G1 Evacuation Pause) 415M->148M(512M) 15.642ms
[2025-12-03T15:51:17.357+0000][7][gc,cpu      ] GC(142) User=0.08s Sys=0.00s Real=0.01s
[2025-12-03T15:51:17.357+0000][7][safepoint   ] Safepoint "G1CollectForAllocation", Time since last: 49571180522 ns, Reaching safepoint: 180250 ns, At safepoint: 15809375 ns, Total: 15989625 ns
[2025-12-03T15:51:27.365+0000][7][safepoint   ] Safepoint "Cleanup", Time since last: 10008571880 ns, Reaching safepoint: 85375 ns, At safepoint: 2542 ns, Total: 87917 ns
[2025-12-03T15:51:37.380+0000][7][safepoint   ] Safepoint "Cleanup", Time since last: 10012177629 ns, Reaching safepoint: 109541 ns, At safepoint: 4875 ns, Total: 114416 ns
[2025-12-03T15:51:43.392+0000][7][safepoint   ] Safepoint "Cleanup", Time since last: 6011857170 ns, Reaching safepoint: 187583 ns, At safepoint: 6375 ns, Total: 193958 ns
[2025-12-03T15:51:58.409+0000][7][safepoint   ] Safepoint "Cleanup", Time since last: 15016654799 ns, Reaching safepoint: 156208 ns, At safepoint: 11667 ns, Total: 167875 ns
[2025-12-03T15:51:58.608+0000][7][gc,start    ] GC(143) Pause Young (Normal) (G1 Evacuation Pause)
[2025-12-03T15:51:58.608+0000][7][gc,task     ] GC(143) Using 8 workers of 8 for evacuation
[2025-12-03T15:51:58.609+0000][7][gc,age      ] GC(143) Desired survivor size 18874368 bytes, new threshold 15 (max threshold 15)
[2025-12-03T15:51:58.617+0000][7][gc,age      ] GC(143) Age table with threshold 15 (max threshold 15)
[2025-12-03T15:51:58.617+0000][7][gc,age      ] GC(143) - age   1:    2374080 bytes,    2374080 total
[2025-12-03T15:51:58.617+0000][7][gc,age      ] GC(143) - age   2:     343160 bytes,    2717240 total
[2025-12-03T15:51:58.618+0000][7][gc,age      ] GC(143) - age   3:     169792 bytes,    2887032 total
[2025-12-03T15:51:58.618+0000][7][gc,age      ] GC(143) - age   4:     431560 bytes,    3318592 total
[2025-12-03T15:51:58.618+0000][7][gc,age      ] GC(143) - age   5:      19672 bytes,    3338264 total
[2025-12-03T15:51:58.618+0000][7][gc,age      ] GC(143) - age   6:       8264 bytes,    3346528 total
[2025-12-03T15:51:58.618+0000][7][gc,age      ] GC(143) - age   7:      73872 bytes,    3420400 total
[2025-12-03T15:51:58.618+0000][7][gc,age      ] GC(143) - age   8:     184784 bytes,    3605184 total
[2025-12-03T15:51:58.618+0000][7][gc,age      ] GC(143) - age   9:      40664 bytes,    3645848 total
[2025-12-03T15:51:58.618+0000][7][gc,age      ] GC(143) - age  10:     397688 bytes,    4043536 total
[2025-12-03T15:51:58.618+0000][7][gc,age      ] GC(143) - age  11:      10872 bytes,    4054408 total
[2025-12-03T15:51:58.618+0000][7][gc,age      ] GC(143) - age  12:    1651816 bytes,    5706224 total
[2025-12-03T15:51:58.618+0000][7][gc,age      ] GC(143) - age  13:      75432 bytes,    5781656 total
[2025-12-03T15:51:58.618+0000][7][gc,age      ] GC(143) - age  14:       8320 bytes,    5789976 total
[2025-12-03T15:51:58.618+0000][7][gc,age      ] GC(143) - age  15:    2076960 bytes,    7866936 total
[2025-12-03T15:51:58.618+0000][7][gc,phases   ] GC(143)   Pre Evacuate Collection Set: 0.3ms
[2025-12-03T15:51:58.618+0000][7][gc,phases   ] GC(143)   Merge Heap Roots: 0.2ms
[2025-12-03T15:51:58.618+0000][7][gc,phases   ] GC(143)   Evacuate Collection Set: 6.3ms
[2025-12-03T15:51:58.618+0000][7][gc,phases   ] GC(143)   Post Evacuate Collection Set: 1.8ms
[2025-12-03T15:51:58.618+0000][7][gc,phases   ] GC(143)   Other: 2.0ms
[2025-12-03T15:51:58.618+0000][7][gc,heap     ] GC(143) Eden regions: 66->0(66)
[2025-12-03T15:51:58.619+0000][7][gc,heap     ] GC(143) Survivor regions: 3->3(9)
[2025-12-03T15:51:58.619+0000][7][gc,heap     ] GC(143) Old regions: 32->32
[2025-12-03T15:51:58.619+0000][7][gc,heap     ] GC(143) Archive regions: 2->2
[2025-12-03T15:51:58.619+0000][7][gc,heap     ] GC(143) Humongous regions: 2->2
[2025-12-03T15:51:58.619+0000][7][gc,metaspace] GC(143) Metaspace: 115682K(117440K)->115682K(117440K) NonClass: 100878K(101888K)->100878K(101888K) Class: 14803K(15552K)->14803K(15552K)
[2025-12-03T15:51:58.619+0000][7][gc          ] GC(143) Pause Young (Normal) (G1 Evacuation Pause) 412M->147M(512M) 10.961ms
[2025-12-03T15:51:58.619+0000][7][gc,cpu      ] GC(143) User=0.05s Sys=0.00s Real=0.01s
[2025-12-03T15:51:58.619+0000][7][safepoint   ] Safepoint "G1CollectForAllocation", Time since last: 199074042 ns, Reaching safepoint: 77333 ns, At safepoint: 11157625 ns, Total: 11234958 ns
[2025-12-03T15:52:43.833+0000][7][gc,start    ] GC(144) Pause Young (Normal) (G1 Evacuation Pause)
[2025-12-03T15:52:43.835+0000][7][gc,task     ] GC(144) Using 8 workers of 8 for evacuation
[2025-12-03T15:52:43.835+0000][7][gc,age      ] GC(144) Desired survivor size 18874368 bytes, new threshold 15 (max threshold 15)
[2025-12-03T15:52:43.856+0000][7][gc,age      ] GC(144) Age table with threshold 15 (max threshold 15)
[2025-12-03T15:52:43.856+0000][7][gc,age      ] GC(144) - age   1:    3245432 bytes,    3245432 total
[2025-12-03T15:52:43.856+0000][7][gc,age      ] GC(144) - age   2:    1158384 bytes,    4403816 total
[2025-12-03T15:52:43.856+0000][7][gc,age      ] GC(144) - age   3:     205424 bytes,    4609240 total
[2025-12-03T15:52:43.856+0000][7][gc,age      ] GC(144) - age   4:      37488 bytes,    4646728 total
[2025-12-03T15:52:43.856+0000][7][gc,age      ] GC(144) - age   5:     300216 bytes,    4946944 total
[2025-12-03T15:52:43.856+0000][7][gc,age      ] GC(144) - age   6:      19256 bytes,    4966200 total
[2025-12-03T15:52:43.856+0000][7][gc,age      ] GC(144) - age   7:       8168 bytes,    4974368 total
[2025-12-03T15:52:43.857+0000][7][gc,age      ] GC(144) - age   8:      73872 bytes,    5048240 total
[2025-12-03T15:52:43.857+0000][7][gc,age      ] GC(144) - age   9:     184784 bytes,    5233024 total
[2025-12-03T15:52:43.857+0000][7][gc,age      ] GC(144) - age  10:      40664 bytes,    5273688 total
[2025-12-03T15:52:43.857+0000][7][gc,age      ] GC(144) - age  11:     397688 bytes,    5671376 total
[2025-12-03T15:52:43.857+0000][7][gc,age      ] GC(144) - age  12:      10672 bytes,    5682048 total
[2025-12-03T15:52:43.857+0000][7][gc,age      ] GC(144) - age  13:    1651816 bytes,    7333864 total
[2025-12-03T15:52:43.857+0000][7][gc,age      ] GC(144) - age  14:      75408 bytes,    7409272 total
[2025-12-03T15:52:43.857+0000][7][gc,age      ] GC(144) - age  15:       8320 bytes,    7417592 total
[2025-12-03T15:52:43.857+0000][7][gc,phases   ] GC(144)   Pre Evacuate Collection Set: 0.4ms
[2025-12-03T15:52:43.857+0000][7][gc,phases   ] GC(144)   Merge Heap Roots: 0.2ms
[2025-12-03T15:52:43.857+0000][7][gc,phases   ] GC(144)   Evacuate Collection Set: 17.4ms
[2025-12-03T15:52:43.857+0000][7][gc,phases   ] GC(144)   Post Evacuate Collection Set: 2.9ms
[2025-12-03T15:52:43.857+0000][7][gc,phases   ] GC(144)   Other: 3.1ms
[2025-12-03T15:52:43.857+0000][7][gc,heap     ] GC(144) Eden regions: 66->0(66)
[2025-12-03T15:52:43.857+0000][7][gc,heap     ] GC(144) Survivor regions: 3->2(9)
[2025-12-03T15:52:43.857+0000][7][gc,heap     ] GC(144) Old regions: 32->33
[2025-12-03T15:52:43.857+0000][7][gc,heap     ] GC(144) Archive regions: 2->2
[2025-12-03T15:52:43.857+0000][7][gc,heap     ] GC(144) Humongous regions: 2->2
[2025-12-03T15:52:43.858+0000][7][gc,metaspace] GC(144) Metaspace: 115682K(117440K)->115682K(117440K) NonClass: 100878K(101888K)->100878K(101888K) Class: 14803K(15552K)->14803K(15552K)
[2025-12-03T15:52:43.858+0000][7][gc          ] GC(144) Pause Young (Normal) (G1 Evacuation Pause) 411M->149M(512M) 24.503ms
[2025-12-03T15:52:43.858+0000][7][gc,cpu      ] GC(144) User=0.14s Sys=0.00s Real=0.02s
[2025-12-03T15:52:43.858+0000][7][safepoint   ] Safepoint "G1CollectForAllocation", Time since last: 45211997562 ns, Reaching safepoint: 326000 ns, At safepoint: 24904292 ns, Total: 25230292 ns
[2025-12-03T15:53:00.886+0000][7][safepoint   ] Safepoint "Cleanup", Time since last: 17027047091 ns, Reaching safepoint: 113458 ns, At safepoint: 20459 ns, Total: 133917 ns
[2025-12-03T15:53:17.905+0000][7][safepoint   ] Safepoint "Cleanup", Time since last: 17018957591 ns, Reaching safepoint: 432667 ns, At safepoint: 12625 ns, Total: 445292 ns
[2025-12-03T15:53:27.820+0000][7][gc,start    ] GC(145) Pause Young (Normal) (G1 Evacuation Pause)
[2025-12-03T15:53:27.820+0000][7][gc,task     ] GC(145) Using 8 workers of 8 for evacuation
[2025-12-03T15:53:27.821+0000][7][gc,age      ] GC(145) Desired survivor size 18874368 bytes, new threshold 15 (max threshold 15)
[2025-12-03T15:53:27.853+0000][7][gc,age      ] GC(145) Age table with threshold 15 (max threshold 15)
[2025-12-03T15:53:27.853+0000][7][gc,age      ] GC(145) - age   1:    2902304 bytes,    2902304 total
[2025-12-03T15:53:27.853+0000][7][gc,age      ] GC(145) - age   2:     144184 bytes,    3046488 total
[2025-12-03T15:53:27.853+0000][7][gc,age      ] GC(145) - age   3:     893776 bytes,    3940264 total
[2025-12-03T15:53:27.853+0000][7][gc,age      ] GC(145) - age   4:     205368 bytes,    4145632 total
[2025-12-03T15:53:27.854+0000][7][gc,age      ] GC(145) - age   5:      37184 bytes,    4182816 total
[2025-12-03T15:53:27.854+0000][7][gc,age      ] GC(145) - age   6:     300120 bytes,    4482936 total
[2025-12-03T15:53:27.854+0000][7][gc,age      ] GC(145) - age   7:      19192 bytes,    4502128 total
[2025-12-03T15:53:27.854+0000][7][gc,age      ] GC(145) - age   8:       8104 bytes,    4510232 total
[2025-12-03T15:53:27.854+0000][7][gc,age      ] GC(145) - age   9:      73872 bytes,    4584104 total
[2025-12-03T15:53:27.854+0000][7][gc,age      ] GC(145) - age  10:     184720 bytes,    4768824 total
[2025-12-03T15:53:27.854+0000][7][gc,age      ] GC(145) - age  11:      40664 bytes,    4809488 total
[2025-12-03T15:53:27.854+0000][7][gc,age      ] GC(145) - age  12:     397688 bytes,    5207176 total
[2025-12-03T15:53:27.854+0000][7][gc,age      ] GC(145) - age  13:      10672 bytes,    5217848 total
[2025-12-03T15:53:27.854+0000][7][gc,age      ] GC(145) - age  14:    1651816 bytes,    6869664 total
[2025-12-03T15:53:27.854+0000][7][gc,age      ] GC(145) - age  15:      75408 bytes,    6945072 total
[2025-12-03T15:53:27.855+0000][7][gc,phases   ] GC(145)   Pre Evacuate Collection Set: 0.5ms
[2025-12-03T15:53:27.855+0000][7][gc,phases   ] GC(145)   Merge Heap Roots: 0.2ms
[2025-12-03T15:53:27.855+0000][7][gc,phases   ] GC(145)   Evacuate Collection Set: 29.4ms
[2025-12-03T15:53:27.855+0000][7][gc,phases   ] GC(145)   Post Evacuate Collection Set: 2.3ms
[2025-12-03T15:53:27.855+0000][7][gc,phases   ] GC(145)   Other: 2.9ms
[2025-12-03T15:53:27.855+0000][7][gc,heap     ] GC(145) Eden regions: 66->0(66)
[2025-12-03T15:53:27.855+0000][7][gc,heap     ] GC(145) Survivor regions: 2->2(9)
[2025-12-03T15:53:27.855+0000][7][gc,heap     ] GC(145) Old regions: 33->33
[2025-12-03T15:53:27.855+0000][7][gc,heap     ] GC(145) Archive regions: 2->2
[2025-12-03T15:53:27.856+0000][7][gc,heap     ] GC(145) Humongous regions: 2->2
[2025-12-03T15:53:27.856+0000][7][gc,metaspace] GC(145) Metaspace: 115685K(117440K)->115685K(117440K) NonClass: 100881K(101888K)->100881K(101888K) Class: 14803K(15552K)->14803K(15552K)
[2025-12-03T15:53:27.856+0000][7][gc          ] GC(145) Pause Young (Normal) (G1 Evacuation Pause) 413M->148M(512M) 36.199ms
[2025-12-03T15:53:27.856+0000][7][gc,cpu      ] GC(145) User=0.22s Sys=0.00s Real=0.04s
[2025-12-03T15:53:27.856+0000][7][safepoint   ] Safepoint "G1CollectForAllocation", Time since last: 9913774754 ns, Reaching safepoint: 425709 ns, At safepoint: 36642166 ns, Total: 37067875 ns
[2025-12-03T15:53:51.898+0000][7][safepoint   ] Safepoint "Cleanup", Time since last: 24038175969 ns, Reaching safepoint: 3058584 ns, At safepoint: 44333 ns, Total: 3102917 ns
[2025-12-03T15:54:05.919+0000][7][safepoint   ] Safepoint "Cleanup", Time since last: 14018793464 ns, Reaching safepoint: 448125 ns, At safepoint: 21917 ns, Total: 470042 ns
[2025-12-03T15:54:09.925+0000][7][safepoint   ] Safepoint "Cleanup", Time since last: 4006138585 ns, Reaching safepoint: 170584 ns, At safepoint: 8916 ns, Total: 179500 ns
[2025-12-03T15:54:12.907+0000][7][gc,start    ] GC(146) Pause Young (Normal) (G1 Evacuation Pause)
[2025-12-03T15:54:12.907+0000][7][gc,task     ] GC(146) Using 8 workers of 8 for evacuation
[2025-12-03T15:54:12.907+0000][7][gc,age      ] GC(146) Desired survivor size 18874368 bytes, new threshold 15 (max threshold 15)
[2025-12-03T15:54:12.917+0000][7][gc,age      ] GC(146) Age table with threshold 15 (max threshold 15)
[2025-12-03T15:54:12.917+0000][7][gc,age      ] GC(146) - age   1:    1771616 bytes,    1771616 total
[2025-12-03T15:54:12.917+0000][7][gc,age      ] GC(146) - age   2:     408384 bytes,    2180000 total
[2025-12-03T15:54:12.917+0000][7][gc,age      ] GC(146) - age   3:     140080 bytes,    2320080 total
[2025-12-03T15:54:12.917+0000][7][gc,age      ] GC(146) - age   4:     394704 bytes,    2714784 total
[2025-12-03T15:54:12.917+0000][7][gc,age      ] GC(146) - age   5:      73808 bytes,    2788592 total
[2025-12-03T15:54:12.918+0000][7][gc,age      ] GC(146) - age   6:      36696 bytes,    2825288 total
[2025-12-03T15:54:12.918+0000][7][gc,age      ] GC(146) - age   7:     300120 bytes,    3125408 total
[2025-12-03T15:54:12.918+0000][7][gc,age      ] GC(146) - age   8:      18808 bytes,    3144216 total
[2025-12-03T15:54:12.918+0000][7][gc,age      ] GC(146) - age   9:       8104 bytes,    3152320 total
[2025-12-03T15:54:12.918+0000][7][gc,age      ] GC(146) - age  10:      73872 bytes,    3226192 total
[2025-12-03T15:54:12.918+0000][7][gc,age      ] GC(146) - age  11:     184720 bytes,    3410912 total
[2025-12-03T15:54:12.918+0000][7][gc,age      ] GC(146) - age  12:      40664 bytes,    3451576 total
[2025-12-03T15:54:12.918+0000][7][gc,age      ] GC(146) - age  13:     397688 bytes,    3849264 total
[2025-12-03T15:54:12.918+0000][7][gc,age      ] GC(146) - age  14:      10672 bytes,    3859936 total
[2025-12-03T15:54:12.918+0000][7][gc,age      ] GC(146) - age  15:    1651816 bytes,    5511752 total
[2025-12-03T15:54:12.918+0000][7][gc,phases   ] GC(146)   Pre Evacuate Collection Set: 0.4ms
[2025-12-03T15:54:12.918+0000][7][gc,phases   ] GC(146)   Merge Heap Roots: 0.1ms
[2025-12-03T15:54:12.918+0000][7][gc,phases   ] GC(146)   Evacuate Collection Set: 6.9ms
[2025-12-03T15:54:12.918+0000][7][gc,phases   ] GC(146)   Post Evacuate Collection Set: 2.3ms
[2025-12-03T15:54:12.918+0000][7][gc,phases   ] GC(146)   Other: 1.7ms
[2025-12-03T15:54:12.918+0000][7][gc,heap     ] GC(146) Eden regions: 66->0(66)
[2025-12-03T15:54:12.918+0000][7][gc,heap     ] GC(146) Survivor regions: 2->2(9)
[2025-12-03T15:54:12.918+0000][7][gc,heap     ] GC(146) Old regions: 33->33
[2025-12-03T15:54:12.918+0000][7][gc,heap     ] GC(146) Archive regions: 2->2
[2025-12-03T15:54:12.919+0000][7][gc,heap     ] GC(146) Humongous regions: 2->2
[2025-12-03T15:54:12.919+0000][7][gc,metaspace] GC(146) Metaspace: 115697K(117440K)->115697K(117440K) NonClass: 100893K(101888K)->100893K(101888K) Class: 14803K(15552K)->14803K(15552K)
[2025-12-03T15:54:12.919+0000][7][gc          ] GC(146) Pause Young (Normal) (G1 Evacuation Pause) 412M->147M(512M) 11.841ms
[2025-12-03T15:54:12.919+0000][7][gc,cpu      ] GC(146) User=0.06s Sys=0.00s Real=0.01s
[2025-12-03T15:54:12.919+0000][7][safepoint   ] Safepoint "G1CollectForAllocation", Time since last: 2981789210 ns, Reaching safepoint: 136417 ns, At safepoint: 12069958 ns, Total: 12206375 ns
[2025-12-03T15:54:37.963+0000][7][safepoint   ] Safepoint "Cleanup", Time since last: 25044029637 ns, Reaching safepoint: 450708 ns, At safepoint: 22750 ns, Total: 473458 ns
[2025-12-03T15:54:47.979+0000][7][safepoint   ] Safepoint "Cleanup", Time since last: 10015459005 ns, Reaching safepoint: 299125 ns, At safepoint: 11000 ns, Total: 310125 ns
[2025-12-03T15:54:57.428+0000][7][gc,start    ] GC(147) Pause Young (Normal) (G1 Evacuation Pause)
[2025-12-03T15:54:57.428+0000][7][gc,task     ] GC(147) Using 8 workers of 8 for evacuation
[2025-12-03T15:54:57.429+0000][7][gc,age      ] GC(147) Desired survivor size 18874368 bytes, new threshold 15 (max threshold 15)
[2025-12-03T15:54:57.447+0000][7][gc,age      ] GC(147) Age table with threshold 15 (max threshold 15)
[2025-12-03T15:54:57.448+0000][7][gc,age      ] GC(147) - age   1:    4218992 bytes,    4218992 total
[2025-12-03T15:54:57.448+0000][7][gc,age      ] GC(147) - age   2:     807552 bytes,    5026544 total
[2025-12-03T15:54:57.448+0000][7][gc,age      ] GC(147) - age   3:     273184 bytes,    5299728 total
[2025-12-03T15:54:57.448+0000][7][gc,age      ] GC(147) - age   4:       8352 bytes,    5308080 total
[2025-12-03T15:54:57.448+0000][7][gc,age      ] GC(147) - age   5:     394064 bytes,    5702144 total
[2025-12-03T15:54:57.448+0000][7][gc,age      ] GC(147) - age   6:      73712 bytes,    5775856 total
[2025-12-03T15:54:57.448+0000][7][gc,age      ] GC(147) - age   7:      36632 bytes,    5812488 total
[2025-12-03T15:54:57.449+0000][7][gc,age      ] GC(147) - age   8:     300120 bytes,    6112608 total
[2025-12-03T15:54:57.449+0000][7][gc,age      ] GC(147) - age   9:      18808 bytes,    6131416 total
[2025-12-03T15:54:57.449+0000][7][gc,age      ] GC(147) - age  10:       8104 bytes,    6139520 total
[2025-12-03T15:54:57.449+0000][7][gc,age      ] GC(147) - age  11:      73872 bytes,    6213392 total
[2025-12-03T15:54:57.449+0000][7][gc,age      ] GC(147) - age  12:     184720 bytes,    6398112 total
[2025-12-03T15:54:57.449+0000][7][gc,age      ] GC(147) - age  13:      40664 bytes,    6438776 total
[2025-12-03T15:54:57.449+0000][7][gc,age      ] GC(147) - age  14:     397688 bytes,    6836464 total
[2025-12-03T15:54:57.449+0000][7][gc,age      ] GC(147) - age  15:      10672 bytes,    6847136 total
[2025-12-03T15:54:57.449+0000][7][gc,phases   ] GC(147)   Pre Evacuate Collection Set: 0.4ms
[2025-12-03T15:54:57.450+0000][7][gc,phases   ] GC(147)   Merge Heap Roots: 0.1ms
[2025-12-03T15:54:57.450+0000][7][gc,phases   ] GC(147)   Evacuate Collection Set: 8.3ms
[2025-12-03T15:54:57.450+0000][7][gc,phases   ] GC(147)   Post Evacuate Collection Set: 9.9ms
[2025-12-03T15:54:57.450+0000][7][gc,phases   ] GC(147)   Other: 2.9ms
[2025-12-03T15:54:57.451+0000][7][gc,heap     ] GC(147) Eden regions: 66->0(66)
[2025-12-03T15:54:57.451+0000][7][gc,heap     ] GC(147) Survivor regions: 2->2(9)
[2025-12-03T15:54:57.451+0000][7][gc,heap     ] GC(147) Old regions: 33->33
[2025-12-03T15:54:57.452+0000][7][gc,heap     ] GC(147) Archive regions: 2->2
[2025-12-03T15:54:57.452+0000][7][gc,heap     ] GC(147) Humongous regions: 2->2
[2025-12-03T15:54:57.452+0000][7][gc,metaspace] GC(147) Metaspace: 115697K(117440K)->115697K(117440K) NonClass: 100893K(101888K)->100893K(101888K) Class: 14803K(15552K)->14803K(15552K)
[2025-12-03T15:54:57.452+0000][7][gc          ] GC(147) Pause Young (Normal) (G1 Evacuation Pause) 411M->148M(512M) 24.156ms
[2025-12-03T15:54:57.453+0000][7][gc,cpu      ] GC(147) User=0.08s Sys=0.00s Real=0.02s
[2025-12-03T15:54:57.453+0000][7][safepoint   ] Safepoint "G1CollectForAllocation", Time since last: 9448407713 ns, Reaching safepoint: 295875 ns, At safepoint: 24836583 ns, Total: 25132458 ns
[2025-12-03T15:55:01.459+0000][7][safepoint   ] Safepoint "Cleanup", Time since last: 4005177960 ns, Reaching safepoint: 205250 ns, At safepoint: 26916 ns, Total: 232166 ns
[2025-12-03T15:55:07.468+0000][7][safepoint   ] Safepoint "Cleanup", Time since last: 6009176461 ns, Reaching safepoint: 209625 ns, At safepoint: 13750 ns, Total: 223375 ns
[2025-12-03T15:55:31.510+0000][7][safepoint   ] Safepoint "Cleanup", Time since last: 24040390803 ns, Reaching safepoint: 791875 ns, At safepoint: 4083 ns, Total: 795958 ns
[2025-12-03T15:55:39.907+0000][7][gc,start    ] GC(148) Pause Young (Normal) (G1 Evacuation Pause)
[2025-12-03T15:55:39.907+0000][7][gc,task     ] GC(148) Using 8 workers of 8 for evacuation
[2025-12-03T15:55:39.907+0000][7][gc,age      ] GC(148) Desired survivor size 18874368 bytes, new threshold 15 (max threshold 15)
[2025-12-03T15:55:39.916+0000][7][gc,age      ] GC(148) Age table with threshold 15 (max threshold 15)
[2025-12-03T15:55:39.916+0000][7][gc,age      ] GC(148) - age   1:    1642160 bytes,    1642160 total
[2025-12-03T15:55:39.916+0000][7][gc,age      ] GC(148) - age   2:    2109352 bytes,    3751512 total
[2025-12-03T15:55:39.916+0000][7][gc,age      ] GC(148) - age   3:     517416 bytes,    4268928 total
[2025-12-03T15:55:39.916+0000][7][gc,age      ] GC(148) - age   4:     141008 bytes,    4409936 total
[2025-12-03T15:55:39.916+0000][7][gc,age      ] GC(148) - age   5:       8032 bytes,    4417968 total
[2025-12-03T15:55:39.916+0000][7][gc,age      ] GC(148) - age   6:     393416 bytes,    4811384 total
[2025-12-03T15:55:39.917+0000][7][gc,age      ] GC(148) - age   7:      73376 bytes,    4884760 total
[2025-12-03T15:55:39.917+0000][7][gc,age      ] GC(148) - age   8:      36376 bytes,    4921136 total
[2025-12-03T15:55:39.917+0000][7][gc,age      ] GC(148) - age   9:     300120 bytes,    5221256 total
[2025-12-03T15:55:39.917+0000][7][gc,age      ] GC(148) - age  10:      18808 bytes,    5240064 total
[2025-12-03T15:55:39.917+0000][7][gc,age      ] GC(148) - age  11:       8104 bytes,    5248168 total
[2025-12-03T15:55:39.917+0000][7][gc,age      ] GC(148) - age  12:      73872 bytes,    5322040 total
[2025-12-03T15:55:39.917+0000][7][gc,age      ] GC(148) - age  13:     184720 bytes,    5506760 total
[2025-12-03T15:55:39.917+0000][7][gc,age      ] GC(148) - age  14:      40664 bytes,    5547424 total
[2025-12-03T15:55:39.917+0000][7][gc,age      ] GC(148) - age  15:     397688 bytes,    5945112 total
[2025-12-03T15:55:39.917+0000][7][gc,phases   ] GC(148)   Pre Evacuate Collection Set: 0.3ms
[2025-12-03T15:55:39.917+0000][7][gc,phases   ] GC(148)   Merge Heap Roots: 0.1ms
[2025-12-03T15:55:39.917+0000][7][gc,phases   ] GC(148)   Evacuate Collection Set: 6.2ms
[2025-12-03T15:55:39.917+0000][7][gc,phases   ] GC(148)   Post Evacuate Collection Set: 2.1ms
[2025-12-03T15:55:39.917+0000][7][gc,phases   ] GC(148)   Other: 1.8ms
[2025-12-03T15:55:39.917+0000][7][gc,heap     ] GC(148) Eden regions: 66->0(66)
[2025-12-03T15:55:39.917+0000][7][gc,heap     ] GC(148) Survivor regions: 2->2(9)
[2025-12-03T15:55:39.917+0000][7][gc,heap     ] GC(148) Old regions: 33->33
[2025-12-03T15:55:39.917+0000][7][gc,heap     ] GC(148) Archive regions: 2->2
[2025-12-03T15:55:39.917+0000][7][gc,heap     ] GC(148) Humongous regions: 2->2
[2025-12-03T15:55:39.918+0000][7][gc,metaspace] GC(148) Metaspace: 115698K(117440K)->115698K(117440K) NonClass: 100894K(101888K)->100894K(101888K) Class: 14803K(15552K)->14803K(15552K)
[2025-12-03T15:55:39.918+0000][7][gc          ] GC(148) Pause Young (Normal) (G1 Evacuation Pause) 412M->147M(512M) 10.987ms
[2025-12-03T15:55:39.918+0000][7][gc,cpu      ] GC(148) User=0.05s Sys=0.01s Real=0.01s
[2025-12-03T15:55:39.918+0000][7][safepoint   ] Safepoint "G1CollectForAllocation", Time since last: 8395821463 ns, Reaching safepoint: 212083 ns, At safepoint: 11207125 ns, Total: 11419208 ns
[2025-12-03T15:56:09.976+0000][7][safepoint   ] Safepoint "Cleanup", Time since last: 30057313847 ns, Reaching safepoint: 201167 ns, At safepoint: 3875 ns, Total: 205042 ns
[2025-12-03T15:56:19.641+0000][7][gc,start    ] GC(149) Pause Young (Normal) (G1 Evacuation Pause)
[2025-12-03T15:56:19.643+0000][7][gc,task     ] GC(149) Using 8 workers of 8 for evacuation
[2025-12-03T15:56:19.643+0000][7][gc,age      ] GC(149) Desired survivor size 18874368 bytes, new threshold 15 (max threshold 15)
[2025-12-03T15:56:19.662+0000][7][gc,age      ] GC(149) Age table with threshold 15 (max threshold 15)
[2025-12-03T15:56:19.662+0000][7][gc,age      ] GC(149) - age   1:    3176424 bytes,    3176424 total
[2025-12-03T15:56:19.662+0000][7][gc,age      ] GC(149) - age   2:     492912 bytes,    3669336 total
[2025-12-03T15:56:19.663+0000][7][gc,age      ] GC(149) - age   3:    1973240 bytes,    5642576 total
[2025-12-03T15:56:19.663+0000][7][gc,age      ] GC(149) - age   4:      18184 bytes,    5660760 total
[2025-12-03T15:56:19.663+0000][7][gc,age      ] GC(149) - age   5:     140688 bytes,    5801448 total
[2025-12-03T15:56:19.663+0000][7][gc,age      ] GC(149) - age   6:       7968 bytes,    5809416 total
[2025-12-03T15:56:19.663+0000][7][gc,age      ] GC(149) - age   7:     393352 bytes,    6202768 total
[2025-12-03T15:56:19.663+0000][7][gc,age      ] GC(149) - age   8:      73376 bytes,    6276144 total
[2025-12-03T15:56:19.663+0000][7][gc,age      ] GC(149) - age   9:      36376 bytes,    6312520 total
[2025-12-03T15:56:19.663+0000][7][gc,age      ] GC(149) - age  10:     300056 bytes,    6612576 total
[2025-12-03T15:56:19.663+0000][7][gc,age      ] GC(149) - age  11:      18808 bytes,    6631384 total
[2025-12-03T15:56:19.663+0000][7][gc,age      ] GC(149) - age  12:       7904 bytes,    6639288 total
[2025-12-03T15:56:19.663+0000][7][gc,age      ] GC(149) - age  13:      73808 bytes,    6713096 total
[2025-12-03T15:56:19.663+0000][7][gc,age      ] GC(149) - age  14:     184720 bytes,    6897816 total
[2025-12-03T15:56:19.663+0000][7][gc,age      ] GC(149) - age  15:      40664 bytes,    6938480 total
[2025-12-03T15:56:19.663+0000][7][gc,phases   ] GC(149)   Pre Evacuate Collection Set: 0.7ms
[2025-12-03T15:56:19.664+0000][7][gc,phases   ] GC(149)   Merge Heap Roots: 0.2ms
[2025-12-03T15:56:19.664+0000][7][gc,phases   ] GC(149)   Evacuate Collection Set: 14.7ms
[2025-12-03T15:56:19.664+0000][7][gc,phases   ] GC(149)   Post Evacuate Collection Set: 3.0ms
[2025-12-03T15:56:19.664+0000][7][gc,phases   ] GC(149)   Other: 3.6ms
[2025-12-03T15:56:19.664+0000][7][gc,heap     ] GC(149) Eden regions: 66->0(66)
[2025-12-03T15:56:19.664+0000][7][gc,heap     ] GC(149) Survivor regions: 2->2(9)
[2025-12-03T15:56:19.664+0000][7][gc,heap     ] GC(149) Old regions: 33->33
[2025-12-03T15:56:19.664+0000][7][gc,heap     ] GC(149) Archive regions: 2->2
[2025-12-03T15:56:19.664+0000][7][gc,heap     ] GC(149) Humongous regions: 2->2
[2025-12-03T15:56:19.664+0000][7][gc,metaspace] GC(149) Metaspace: 115700K(117440K)->115700K(117440K) NonClass: 100896K(101888K)->100896K(101888K) Class: 14803K(15552K)->14803K(15552K)
[2025-12-03T15:56:19.664+0000][7][gc          ] GC(149) Pause Young (Normal) (G1 Evacuation Pause) 411M->149M(512M) 22.936ms
[2025-12-03T15:56:19.664+0000][7][gc,cpu      ] GC(149) User=0.09s Sys=0.01s Real=0.02s
[2025-12-03T15:56:19.664+0000][7][safepoint   ] Safepoint "G1CollectForAllocation", Time since last: 9665107171 ns, Reaching safepoint: 187333 ns, At safepoint: 23328667 ns, Total: 23516000 ns
[2025-12-03T15:56:28.674+0000][7][safepoint   ] Safepoint "Cleanup", Time since last: 9009643046 ns, Reaching safepoint: 235750 ns, At safepoint: 21042 ns, Total: 256792 ns
[2025-12-03T15:56:37.687+0000][7][safepoint   ] Safepoint "Cleanup", Time since last: 9011990461 ns, Reaching safepoint: 151417 ns, At safepoint: 7667 ns, Total: 159084 ns
[2025-12-03T15:56:47.697+0000][7][safepoint   ] Safepoint "Cleanup", Time since last: 10009699963 ns, Reaching safepoint: 193833 ns, At safepoint: 6375 ns, Total: 200208 ns
[2025-12-03T15:56:53.706+0000][7][safepoint   ] Safepoint "Cleanup", Time since last: 6008947336 ns, Reaching safepoint: 676709 ns, At safepoint: 22875 ns, Total: 699584 ns
[2025-12-03T15:56:55.710+0000][7][safepoint   ] Safepoint "Cleanup", Time since last: 2003977125 ns, Reaching safepoint: 125500 ns, At safepoint: 6875 ns, Total: 132375 ns
[2025-12-03T15:56:56.711+0000][7][safepoint   ] Safepoint "Cleanup", Time since last: 1000995543 ns, Reaching safepoint: 56958 ns, At safepoint: 2875 ns, Total: 59833 ns
[2025-12-03T15:56:57.716+0000][7][safepoint   ] Safepoint "Cleanup", Time since last: 1004354834 ns, Reaching safepoint: 536791 ns, At safepoint: 15459 ns, Total: 552250 ns
[2025-12-03T15:57:04.893+0000][7][gc,start    ] GC(150) Pause Young (Normal) (G1 Evacuation Pause)
[2025-12-03T15:57:04.894+0000][7][gc,task     ] GC(150) Using 8 workers of 8 for evacuation
[2025-12-03T15:57:04.895+0000][7][gc,age      ] GC(150) Desired survivor size 18874368 bytes, new threshold 15 (max threshold 15)
[2025-12-03T15:57:04.912+0000][7][gc,age      ] GC(150) Age table with threshold 15 (max threshold 15)
[2025-12-03T15:57:04.912+0000][7][gc,age      ] GC(150) - age   1:    2170232 bytes,    2170232 total
[2025-12-03T15:57:04.912+0000][7][gc,age      ] GC(150) - age   2:     998936 bytes,    3169168 total
[2025-12-03T15:57:04.912+0000][7][gc,age      ] GC(150) - age   3:     208904 bytes,    3378072 total
[2025-12-03T15:57:04.912+0000][7][gc,age      ] GC(150) - age   4:    1841512 bytes,    5219584 total
[2025-12-03T15:57:04.912+0000][7][gc,age      ] GC(150) - age   5:      17928 bytes,    5237512 total
[2025-12-03T15:57:04.912+0000][7][gc,age      ] GC(150) - age   6:     140688 bytes,    5378200 total
[2025-12-03T15:57:04.912+0000][7][gc,age      ] GC(150) - age   7:       7704 bytes,    5385904 total
[2025-12-03T15:57:04.912+0000][7][gc,age      ] GC(150) - age   8:     393352 bytes,    5779256 total
[2025-12-03T15:57:04.912+0000][7][gc,age      ] GC(150) - age   9:      73376 bytes,    5852632 total
[2025-12-03T15:57:04.912+0000][7][gc,age      ] GC(150) - age  10:      11928 bytes,    5864560 total
[2025-12-03T15:57:04.912+0000][7][gc,age      ] GC(150) - age  11:     300056 bytes,    6164616 total
[2025-12-03T15:57:04.913+0000][7][gc,age      ] GC(150) - age  12:      18808 bytes,    6183424 total
[2025-12-03T15:57:04.913+0000][7][gc,age      ] GC(150) - age  13:       7904 bytes,    6191328 total
[2025-12-03T15:57:04.913+0000][7][gc,age      ] GC(150) - age  14:      73808 bytes,    6265136 total
[2025-12-03T15:57:04.913+0000][7][gc,age      ] GC(150) - age  15:     184720 bytes,    6449856 total
[2025-12-03T15:57:04.913+0000][7][gc,phases   ] GC(150)   Pre Evacuate Collection Set: 0.7ms
[2025-12-03T15:57:04.914+0000][7][gc,phases   ] GC(150)   Merge Heap Roots: 0.2ms
[2025-12-03T15:57:04.914+0000][7][gc,phases   ] GC(150)   Evacuate Collection Set: 12.8ms
[2025-12-03T15:57:04.914+0000][7][gc,phases   ] GC(150)   Post Evacuate Collection Set: 2.9ms
[2025-12-03T15:57:04.914+0000][7][gc,phases   ] GC(150)   Other: 4.3ms
[2025-12-03T15:57:04.914+0000][7][gc,heap     ] GC(150) Eden regions: 66->0(66)
[2025-12-03T15:57:04.914+0000][7][gc,heap     ] GC(150) Survivor regions: 2->2(9)
[2025-12-03T15:57:04.914+0000][7][gc,heap     ] GC(150) Old regions: 33->33
[2025-12-03T15:57:04.914+0000][7][gc,heap     ] GC(150) Archive regions: 2->2
[2025-12-03T15:57:04.914+0000][7][gc,heap     ] GC(150) Humongous regions: 2->2
[2025-12-03T15:57:04.914+0000][7][gc,metaspace] GC(150) Metaspace: 115701K(117440K)->115701K(117440K) NonClass: 100897K(101888K)->100897K(101888K) Class: 14804K(15552K)->14804K(15552K)
[2025-12-03T15:57:04.915+0000][7][gc          ] GC(150) Pause Young (Normal) (G1 Evacuation Pause) 413M->149M(512M) 21.747ms
[2025-12-03T15:57:04.915+0000][7][gc,cpu      ] GC(150) User=0.09s Sys=0.00s Real=0.02s
[2025-12-03T15:57:04.915+0000][7][safepoint   ] Safepoint "G1CollectForAllocation", Time since last: 7181151461 ns, Reaching safepoint: 258792 ns, At safepoint: 22279583 ns, Total: 22538375 ns
[2025-12-03T15:57:27.944+0000][7][safepoint   ] Safepoint "Cleanup", Time since last: 23028120845 ns, Reaching safepoint: 722833 ns, At safepoint: 32375 ns, Total: 755208 ns
[2025-12-03T15:57:47.372+0000][7][gc,start    ] GC(151) Pause Young (Normal) (G1 Evacuation Pause)
[2025-12-03T15:57:47.373+0000][7][gc,task     ] GC(151) Using 8 workers of 8 for evacuation
[2025-12-03T15:57:47.374+0000][7][gc,age      ] GC(151) Desired survivor size 18874368 bytes, new threshold 15 (max threshold 15)
[2025-12-03T15:57:47.402+0000][7][gc,age      ] GC(151) Age table with threshold 15 (max threshold 15)
[2025-12-03T15:57:47.402+0000][7][gc,age      ] GC(151) - age   1:    1237824 bytes,    1237824 total
[2025-12-03T15:57:47.402+0000][7][gc,age      ] GC(151) - age   2:     518360 bytes,    1756184 total
[2025-12-03T15:57:47.402+0000][7][gc,age      ] GC(151) - age   3:     862592 bytes,    2618776 total
[2025-12-03T15:57:47.402+0000][7][gc,age      ] GC(151) - age   4:     207216 bytes,    2825992 total
[2025-12-03T15:57:47.402+0000][7][gc,age      ] GC(151) - age   5:    1841288 bytes,    4667280 total
[2025-12-03T15:57:47.402+0000][7][gc,age      ] GC(151) - age   6:      17896 bytes,    4685176 total
[2025-12-03T15:57:47.402+0000][7][gc,age      ] GC(151) - age   7:       9600 bytes,    4694776 total
[2025-12-03T15:57:47.403+0000][7][gc,age      ] GC(151) - age   8:       7704 bytes,    4702480 total
[2025-12-03T15:57:47.403+0000][7][gc,age      ] GC(151) - age   9:     393288 bytes,    5095768 total
[2025-12-03T15:57:47.403+0000][7][gc,age      ] GC(151) - age  10:      73376 bytes,    5169144 total
[2025-12-03T15:57:47.403+0000][7][gc,age      ] GC(151) - age  11:      11928 bytes,    5181072 total
[2025-12-03T15:57:47.403+0000][7][gc,age      ] GC(151) - age  12:     300056 bytes,    5481128 total
[2025-12-03T15:57:47.403+0000][7][gc,age      ] GC(151) - age  13:      18808 bytes,    5499936 total
[2025-12-03T15:57:47.403+0000][7][gc,age      ] GC(151) - age  14:       7840 bytes,    5507776 total
[2025-12-03T15:57:47.403+0000][7][gc,age      ] GC(151) - age  15:      73808 bytes,    5581584 total
[2025-12-03T15:57:47.403+0000][7][gc,phases   ] GC(151)   Pre Evacuate Collection Set: 0.6ms
[2025-12-03T15:57:47.404+0000][7][gc,phases   ] GC(151)   Merge Heap Roots: 0.2ms
[2025-12-03T15:57:47.404+0000][7][gc,phases   ] GC(151)   Evacuate Collection Set: 23.4ms
[2025-12-03T15:57:47.404+0000][7][gc,phases   ] GC(151)   Post Evacuate Collection Set: 4.1ms
[2025-12-03T15:57:47.404+0000][7][gc,phases   ] GC(151)   Other: 3.5ms
[2025-12-03T15:57:47.404+0000][7][gc,heap     ] GC(151) Eden regions: 66->0(67)
[2025-12-03T15:57:47.404+0000][7][gc,heap     ] GC(151) Survivor regions: 2->2(9)
[2025-12-03T15:57:47.404+0000][7][gc,heap     ] GC(151) Old regions: 33->33
[2025-12-03T15:57:47.404+0000][7][gc,heap     ] GC(151) Archive regions: 2->2
[2025-12-03T15:57:47.404+0000][7][gc,heap     ] GC(151) Humongous regions: 2->2
[2025-12-03T15:57:47.404+0000][7][gc,metaspace] GC(151) Metaspace: 115703K(117440K)->115703K(117440K) NonClass: 100899K(101888K)->100899K(101888K) Class: 14804K(15552K)->14804K(15552K)
[2025-12-03T15:57:47.404+0000][7][gc          ] GC(151) Pause Young (Normal) (G1 Evacuation Pause) 413M->147M(512M) 32.262ms
[2025-12-03T15:57:47.404+0000][7][gc,cpu      ] GC(151) User=0.17s Sys=0.00s Real=0.03s
[2025-12-03T15:57:47.404+0000][7][safepoint   ] Safepoint "G1CollectForAllocation", Time since last: 19427522508 ns, Reaching safepoint: 467875 ns, At safepoint: 32619333 ns, Total: 33087208 ns
[2025-12-03T15:57:49.408+0000][7][safepoint   ] Safepoint "Cleanup", Time since last: 2003981626 ns, Reaching safepoint: 69167 ns, At safepoint: 2833 ns, Total: 72000 ns
[2025-12-03T15:57:52.414+0000][7][safepoint   ] Safepoint "Cleanup", Time since last: 3004948960 ns, Reaching safepoint: 282250 ns, At safepoint: 7459 ns, Total: 289709 ns
[2025-12-03T15:58:31.454+0000][7][gc,start    ] GC(152) Pause Young (Normal) (G1 Evacuation Pause)
[2025-12-03T15:58:31.456+0000][7][gc,task     ] GC(152) Using 8 workers of 8 for evacuation
[2025-12-03T15:58:31.457+0000][7][gc,age      ] GC(152) Desired survivor size 18874368 bytes, new threshold 15 (max threshold 15)
[2025-12-03T15:58:31.482+0000][7][gc,age      ] GC(152) Age table with threshold 15 (max threshold 15)
[2025-12-03T15:58:31.482+0000][7][gc,age      ] GC(152) - age   1:    3068816 bytes,    3068816 total
[2025-12-03T15:58:31.483+0000][7][gc,age      ] GC(152) - age   2:     292008 bytes,    3360824 total
[2025-12-03T15:58:31.483+0000][7][gc,age      ] GC(152) - age   3:     255200 bytes,    3616024 total
[2025-12-03T15:58:31.483+0000][7][gc,age      ] GC(152) - age   4:     363000 bytes,    3979024 total
[2025-12-03T15:58:31.483+0000][7][gc,age      ] GC(152) - age   5:      75600 bytes,    4054624 total
[2025-12-03T15:58:31.483+0000][7][gc,age      ] GC(152) - age   6:    1841064 bytes,    5895688 total
[2025-12-03T15:58:31.483+0000][7][gc,age      ] GC(152) - age   7:      17832 bytes,    5913520 total
[2025-12-03T15:58:31.483+0000][7][gc,age      ] GC(152) - age   8:       9600 bytes,    5923120 total
[2025-12-03T15:58:31.483+0000][7][gc,age      ] GC(152) - age   9:       7704 bytes,    5930824 total
[2025-12-03T15:58:31.483+0000][7][gc,age      ] GC(152) - age  10:     393160 bytes,    6323984 total
[2025-12-03T15:58:31.483+0000][7][gc,age      ] GC(152) - age  11:      73376 bytes,    6397360 total
[2025-12-03T15:58:31.483+0000][7][gc,age      ] GC(152) - age  12:      11928 bytes,    6409288 total
[2025-12-03T15:58:31.483+0000][7][gc,age      ] GC(152) - age  13:     300056 bytes,    6709344 total
[2025-12-03T15:58:31.484+0000][7][gc,age      ] GC(152) - age  14:      18808 bytes,    6728152 total
[2025-12-03T15:58:31.484+0000][7][gc,age      ] GC(152) - age  15:       7840 bytes,    6735992 total
[2025-12-03T15:58:31.484+0000][7][gc,phases   ] GC(152)   Pre Evacuate Collection Set: 0.8ms
[2025-12-03T15:58:31.484+0000][7][gc,phases   ] GC(152)   Merge Heap Roots: 0.4ms
[2025-12-03T15:58:31.484+0000][7][gc,phases   ] GC(152)   Evacuate Collection Set: 16.3ms
[2025-12-03T15:58:31.484+0000][7][gc,phases   ] GC(152)   Post Evacuate Collection Set: 3.3ms
[2025-12-03T15:58:31.484+0000][7][gc,phases   ] GC(152)   Other: 9.0ms
[2025-12-03T15:58:31.484+0000][7][gc,heap     ] GC(152) Eden regions: 67->0(66)
[2025-12-03T15:58:31.484+0000][7][gc,heap     ] GC(152) Survivor regions: 2->2(9)
[2025-12-03T15:58:31.484+0000][7][gc,heap     ] GC(152) Old regions: 33->33
[2025-12-03T15:58:31.484+0000][7][gc,heap     ] GC(152) Archive regions: 2->2
[2025-12-03T15:58:31.484+0000][7][gc,heap     ] GC(152) Humongous regions: 2->2
[2025-12-03T15:58:31.485+0000][7][gc,metaspace] GC(152) Metaspace: 115703K(117440K)->115703K(117440K) NonClass: 100899K(101888K)->100899K(101888K) Class: 14804K(15552K)->14804K(15552K)
[2025-12-03T15:58:31.485+0000][7][gc          ] GC(152) Pause Young (Normal) (G1 Evacuation Pause) 415M->149M(512M) 30.389ms
[2025-12-03T15:58:31.485+0000][7][gc,cpu      ] GC(152) User=0.12s Sys=0.01s Real=0.03s
[2025-12-03T15:58:31.485+0000][7][safepoint   ] Safepoint "G1CollectForAllocation", Time since last: 39037730600 ns, Reaching safepoint: 797625 ns, At safepoint: 31009417 ns, Total: 31807042 ns
[2025-12-03T15:58:37.493+0000][7][safepoint   ] Safepoint "Cleanup", Time since last: 6008233961 ns, Reaching safepoint: 212958 ns, At safepoint: 8417 ns, Total: 221375 ns
[2025-12-03T15:58:47.503+0000][7][safepoint   ] Safepoint "Cleanup", Time since last: 10009660297 ns, Reaching safepoint: 289750 ns, At safepoint: 9458 ns, Total: 299208 ns
[2025-12-03T15:58:57.519+0000][7][safepoint   ] Safepoint "Cleanup", Time since last: 10015965671 ns, Reaching safepoint: 158709 ns, At safepoint: 16958 ns, Total: 175667 ns
[2025-12-03T15:59:17.384+0000][7][gc,start    ] GC(153) Pause Young (Normal) (G1 Evacuation Pause)
[2025-12-03T15:59:17.384+0000][7][gc,task     ] GC(153) Using 8 workers of 8 for evacuation
[2025-12-03T15:59:17.384+0000][7][gc,age      ] GC(153) Desired survivor size 18874368 bytes, new threshold 15 (max threshold 15)
[2025-12-03T15:59:17.401+0000][7][gc,age      ] GC(153) Age table with threshold 15 (max threshold 15)
[2025-12-03T15:59:17.401+0000][7][gc,age      ] GC(153) - age   1:    1850728 bytes,    1850728 total
[2025-12-03T15:59:17.401+0000][7][gc,age      ] GC(153) - age   2:     818440 bytes,    2669168 total
[2025-12-03T15:59:17.401+0000][7][gc,age      ] GC(153) - age   3:     140920 bytes,    2810088 total
[2025-12-03T15:59:17.401+0000][7][gc,age      ] GC(153) - age   4:     253864 bytes,    3063952 total
[2025-12-03T15:59:17.401+0000][7][gc,age      ] GC(153) - age   5:     231184 bytes,    3295136 total
[2025-12-03T15:59:17.401+0000][7][gc,age      ] GC(153) - age   6:      75440 bytes,    3370576 total
[2025-12-03T15:59:17.401+0000][7][gc,age      ] GC(153) - age   7:    1840936 bytes,    5211512 total
[2025-12-03T15:59:17.401+0000][7][gc,age      ] GC(153) - age   8:      17320 bytes,    5228832 total
[2025-12-03T15:59:17.402+0000][7][gc,age      ] GC(153) - age   9:       9600 bytes,    5238432 total
[2025-12-03T15:59:17.402+0000][7][gc,age      ] GC(153) - age  10:       7704 bytes,    5246136 total
[2025-12-03T15:59:17.402+0000][7][gc,age      ] GC(153) - age  11:     393160 bytes,    5639296 total
[2025-12-03T15:59:17.402+0000][7][gc,age      ] GC(153) - age  12:      73376 bytes,    5712672 total
[2025-12-03T15:59:17.402+0000][7][gc,age      ] GC(153) - age  13:      11632 bytes,    5724304 total
[2025-12-03T15:59:17.402+0000][7][gc,age      ] GC(153) - age  14:     300056 bytes,    6024360 total
[2025-12-03T15:59:17.402+0000][7][gc,age      ] GC(153) - age  15:      18808 bytes,    6043168 total
[2025-12-03T15:59:17.402+0000][7][gc,phases   ] GC(153)   Pre Evacuate Collection Set: 0.3ms
[2025-12-03T15:59:17.402+0000][7][gc,phases   ] GC(153)   Merge Heap Roots: 0.1ms
[2025-12-03T15:59:17.402+0000][7][gc,phases   ] GC(153)   Evacuate Collection Set: 7.2ms
[2025-12-03T15:59:17.402+0000][7][gc,phases   ] GC(153)   Post Evacuate Collection Set: 8.9ms
[2025-12-03T15:59:17.402+0000][7][gc,phases   ] GC(153)   Other: 1.6ms
[2025-12-03T15:59:17.402+0000][7][gc,heap     ] GC(153) Eden regions: 66->0(67)
[2025-12-03T15:59:17.402+0000][7][gc,heap     ] GC(153) Survivor regions: 2->2(9)
[2025-12-03T15:59:17.402+0000][7][gc,heap     ] GC(153) Old regions: 33->33
[2025-12-03T15:59:17.402+0000][7][gc,heap     ] GC(153) Archive regions: 2->2
[2025-12-03T15:59:17.403+0000][7][gc,heap     ] GC(153) Humongous regions: 2->2
[2025-12-03T15:59:17.403+0000][7][gc,metaspace] GC(153) Metaspace: 115703K(117440K)->115703K(117440K) NonClass: 100899K(101888K)->100899K(101888K) Class: 14804K(15552K)->14804K(15552K)
[2025-12-03T15:59:17.403+0000][7][gc          ] GC(153) Pause Young (Normal) (G1 Evacuation Pause) 413M->148M(512M) 18.678ms
[2025-12-03T15:59:17.403+0000][7][gc,cpu      ] GC(153) User=0.11s Sys=0.00s Real=0.01s
[2025-12-03T15:59:17.403+0000][7][safepoint   ] Safepoint "G1CollectForAllocation", Time since last: 19863329550 ns, Reaching safepoint: 330375 ns, At safepoint: 18857625 ns, Total: 19188000 ns
[2025-12-03T16:00:04.031+0000][7][gc,start    ] GC(154) Pause Young (Normal) (G1 Evacuation Pause)
[2025-12-03T16:00:04.031+0000][7][gc,task     ] GC(154) Using 8 workers of 8 for evacuation
[2025-12-03T16:00:04.032+0000][7][gc,age      ] GC(154) Desired survivor size 18874368 bytes, new threshold 15 (max threshold 15)
[2025-12-03T16:00:04.064+0000][7][gc,age      ] GC(154) Age table with threshold 15 (max threshold 15)
[2025-12-03T16:00:04.064+0000][7][gc,age      ] GC(154) - age   1:    2159616 bytes,    2159616 total
[2025-12-03T16:00:04.064+0000][7][gc,age      ] GC(154) - age   2:     648320 bytes,    2807936 total
[2025-12-03T16:00:04.064+0000][7][gc,age      ] GC(154) - age   3:     684024 bytes,    3491960 total
[2025-12-03T16:00:04.064+0000][7][gc,age      ] GC(154) - age   4:       8368 bytes,    3500328 total
[2025-12-03T16:00:04.064+0000][7][gc,age      ] GC(154) - age   5:     253184 bytes,    3753512 total
[2025-12-03T16:00:04.064+0000][7][gc,age      ] GC(154) - age   6:     230784 bytes,    3984296 total
[2025-12-03T16:00:04.064+0000][7][gc,age      ] GC(154) - age   7:      75312 bytes,    4059608 total
[2025-12-03T16:00:04.064+0000][7][gc,age      ] GC(154) - age   8:    1840936 bytes,    5900544 total
[2025-12-03T16:00:04.064+0000][7][gc,age      ] GC(154) - age   9:      17256 bytes,    5917800 total
[2025-12-03T16:00:04.064+0000][7][gc,age      ] GC(154) - age  10:       9600 bytes,    5927400 total
[2025-12-03T16:00:04.064+0000][7][gc,age      ] GC(154) - age  11:       7704 bytes,    5935104 total
[2025-12-03T16:00:04.064+0000][7][gc,age      ] GC(154) - age  12:     393160 bytes,    6328264 total
[2025-12-03T16:00:04.064+0000][7][gc,age      ] GC(154) - age  13:      73376 bytes,    6401640 total
[2025-12-03T16:00:04.065+0000][7][gc,age      ] GC(154) - age  14:      11344 bytes,    6412984 total
[2025-12-03T16:00:04.065+0000][7][gc,age      ] GC(154) - age  15:     300056 bytes,    6713040 total
[2025-12-03T16:00:04.065+0000][7][gc,phases   ] GC(154)   Pre Evacuate Collection Set: 0.6ms
[2025-12-03T16:00:04.065+0000][7][gc,phases   ] GC(154)   Merge Heap Roots: 0.2ms
[2025-12-03T16:00:04.065+0000][7][gc,phases   ] GC(154)   Evacuate Collection Set: 26.1ms
[2025-12-03T16:00:04.065+0000][7][gc,phases   ] GC(154)   Post Evacuate Collection Set: 5.1ms
[2025-12-03T16:00:04.065+0000][7][gc,phases   ] GC(154)   Other: 1.8ms
[2025-12-03T16:00:04.065+0000][7][gc,heap     ] GC(154) Eden regions: 67->0(66)
[2025-12-03T16:00:04.065+0000][7][gc,heap     ] GC(154) Survivor regions: 2->2(9)
[2025-12-03T16:00:04.065+0000][7][gc,heap     ] GC(154) Old regions: 33->33
[2025-12-03T16:00:04.065+0000][7][gc,heap     ] GC(154) Archive regions: 2->2
[2025-12-03T16:00:04.065+0000][7][gc,heap     ] GC(154) Humongous regions: 2->2
[2025-12-03T16:00:04.065+0000][7][gc,metaspace] GC(154) Metaspace: 115703K(117440K)->115703K(117440K) NonClass: 100899K(101888K)->100899K(101888K) Class: 14804K(15552K)->14804K(15552K)
[2025-12-03T16:00:04.065+0000][7][gc          ] GC(154) Pause Young (Normal) (G1 Evacuation Pause) 416M->149M(512M) 34.373ms
[2025-12-03T16:00:04.065+0000][7][gc,cpu      ] GC(154) User=0.19s Sys=0.00s Real=0.03s
[2025-12-03T16:00:04.065+0000][7][safepoint   ] Safepoint "G1CollectForAllocation", Time since last: 46625715646 ns, Reaching safepoint: 442792 ns, At safepoint: 34632500 ns, Total: 35075292 ns
[2025-12-03T16:00:19.122+0000][7][safepoint   ] Safepoint "Cleanup", Time since last: 15056529590 ns, Reaching safepoint: 165417 ns, At safepoint: 3208 ns, Total: 168625 ns
[2025-12-03T16:00:37.325+0000][7][gc,start    ] GC(155) Pause Young (Normal) (G1 Evacuation Pause)
[2025-12-03T16:00:37.325+0000][7][gc,task     ] GC(155) Using 8 workers of 8 for evacuation
[2025-12-03T16:00:37.325+0000][7][gc,age      ] GC(155) Desired survivor size 18874368 bytes, new threshold 15 (max threshold 15)
[2025-12-03T16:00:37.335+0000][7][gc,age      ] GC(155) Age table with threshold 15 (max threshold 15)
[2025-12-03T16:00:37.335+0000][7][gc,age      ] GC(155) - age   1:    1116176 bytes,    1116176 total
[2025-12-03T16:00:37.335+0000][7][gc,age      ] GC(155) - age   2:     303848 bytes,    1420024 total
[2025-12-03T16:00:37.335+0000][7][gc,age      ] GC(155) - age   3:     348568 bytes,    1768592 total
[2025-12-03T16:00:37.335+0000][7][gc,age      ] GC(155) - age   4:     682904 bytes,    2451496 total
[2025-12-03T16:00:37.335+0000][7][gc,age      ] GC(155) - age   5:       8240 bytes,    2459736 total
[2025-12-03T16:00:37.335+0000][7][gc,age      ] GC(155) - age   6:     253120 bytes,    2712856 total
[2025-12-03T16:00:37.335+0000][7][gc,age      ] GC(155) - age   7:     230688 bytes,    2943544 total
[2025-12-03T16:00:37.336+0000][7][gc,age      ] GC(155) - age   8:      75312 bytes,    3018856 total
[2025-12-03T16:00:37.336+0000][7][gc,age      ] GC(155) - age   9:    1840936 bytes,    4859792 total
[2025-12-03T16:00:37.336+0000][7][gc,age      ] GC(155) - age  10:      17256 bytes,    4877048 total
[2025-12-03T16:00:37.336+0000][7][gc,age      ] GC(155) - age  11:       9600 bytes,    4886648 total
[2025-12-03T16:00:37.336+0000][7][gc,age      ] GC(155) - age  12:       7704 bytes,    4894352 total
[2025-12-03T16:00:37.336+0000][7][gc,age      ] GC(155) - age  13:     393160 bytes,    5287512 total
[2025-12-03T16:00:37.336+0000][7][gc,age      ] GC(155) - age  14:      73376 bytes,    5360888 total
[2025-12-03T16:00:37.336+0000][7][gc,age      ] GC(155) - age  15:       9616 bytes,    5370504 total
[2025-12-03T16:00:37.336+0000][7][gc,phases   ] GC(155)   Pre Evacuate Collection Set: 0.3ms
[2025-12-03T16:00:37.336+0000][7][gc,phases   ] GC(155)   Merge Heap Roots: 0.2ms
[2025-12-03T16:00:37.336+0000][7][gc,phases   ] GC(155)   Evacuate Collection Set: 7.6ms
[2025-12-03T16:00:37.336+0000][7][gc,phases   ] GC(155)   Post Evacuate Collection Set: 1.8ms
[2025-12-03T16:00:37.336+0000][7][gc,phases   ] GC(155)   Other: 1.4ms
[2025-12-03T16:00:37.336+0000][7][gc,heap     ] GC(155) Eden regions: 66->0(67)
[2025-12-03T16:00:37.336+0000][7][gc,heap     ] GC(155) Survivor regions: 2->2(9)
[2025-12-03T16:00:37.336+0000][7][gc,heap     ] GC(155) Old regions: 33->33
[2025-12-03T16:00:37.336+0000][7][gc,heap     ] GC(155) Archive regions: 2->2
[2025-12-03T16:00:37.336+0000][7][gc,heap     ] GC(155) Humongous regions: 2->2
[2025-12-03T16:00:37.336+0000][7][gc,metaspace] GC(155) Metaspace: 115703K(117440K)->115703K(117440K) NonClass: 100899K(101888K)->100899K(101888K) Class: 14804K(15552K)->14804K(15552K)
[2025-12-03T16:00:37.336+0000][7][gc          ] GC(155) Pause Young (Normal) (G1 Evacuation Pause) 413M->148M(512M) 11.743ms
[2025-12-03T16:00:37.336+0000][7][gc,cpu      ] GC(155) User=0.07s Sys=0.00s Real=0.01s
[2025-12-03T16:00:37.337+0000][7][safepoint   ] Safepoint "G1CollectForAllocation", Time since last: 18206088717 ns, Reaching safepoint: 189166 ns, At safepoint: 11923375 ns, Total: 12112541 ns
[2025-12-03T16:00:48.356+0000][7][safepoint   ] Safepoint "Cleanup", Time since last: 11018989589 ns, Reaching safepoint: 384708 ns, At safepoint: 36167 ns, Total: 420875 ns
[2025-12-03T16:01:19.495+0000][7][gc,start    ] GC(156) Pause Young (Normal) (G1 Evacuation Pause)
[2025-12-03T16:01:19.496+0000][7][gc,task     ] GC(156) Using 8 workers of 8 for evacuation
[2025-12-03T16:01:19.496+0000][7][gc,age      ] GC(156) Desired survivor size 18874368 bytes, new threshold 15 (max threshold 15)
[2025-12-03T16:01:19.515+0000][7][gc,age      ] GC(156) Age table with threshold 15 (max threshold 15)
[2025-12-03T16:01:19.516+0000][7][gc,age      ] GC(156) - age   1:    2960008 bytes,    2960008 total
[2025-12-03T16:01:19.516+0000][7][gc,age      ] GC(156) - age   2:     363168 bytes,    3323176 total
[2025-12-03T16:01:19.516+0000][7][gc,age      ] GC(156) - age   3:     168000 bytes,    3491176 total
[2025-12-03T16:01:19.516+0000][7][gc,age      ] GC(156) - age   4:     216136 bytes,    3707312 total
[2025-12-03T16:01:19.516+0000][7][gc,age      ] GC(156) - age   5:      53040 bytes,    3760352 total
[2025-12-03T16:01:19.516+0000][7][gc,age      ] GC(156) - age   6:       7904 bytes,    3768256 total
[2025-12-03T16:01:19.516+0000][7][gc,age      ] GC(156) - age   7:     252992 bytes,    4021248 total
[2025-12-03T16:01:19.516+0000][7][gc,age      ] GC(156) - age   8:     230688 bytes,    4251936 total
[2025-12-03T16:01:19.516+0000][7][gc,age      ] GC(156) - age   9:      75312 bytes,    4327248 total
[2025-12-03T16:01:19.516+0000][7][gc,age      ] GC(156) - age  10:    1840936 bytes,    6168184 total
[2025-12-03T16:01:19.516+0000][7][gc,age      ] GC(156) - age  11:      17256 bytes,    6185440 total
[2025-12-03T16:01:19.516+0000][7][gc,age      ] GC(156) - age  12:       9600 bytes,    6195040 total
[2025-12-03T16:01:19.516+0000][7][gc,age      ] GC(156) - age  13:       7704 bytes,    6202744 total
[2025-12-03T16:01:19.516+0000][7][gc,age      ] GC(156) - age  14:     393160 bytes,    6595904 total
[2025-12-03T16:01:19.516+0000][7][gc,age      ] GC(156) - age  15:      73376 bytes,    6669280 total
[2025-12-03T16:01:19.516+0000][7][gc,phases   ] GC(156)   Pre Evacuate Collection Set: 0.4ms
[2025-12-03T16:01:19.516+0000][7][gc,phases   ] GC(156)   Merge Heap Roots: 0.1ms
[2025-12-03T16:01:19.516+0000][7][gc,phases   ] GC(156)   Evacuate Collection Set: 16.5ms
[2025-12-03T16:01:19.516+0000][7][gc,phases   ] GC(156)   Post Evacuate Collection Set: 2.5ms
[2025-12-03T16:01:19.517+0000][7][gc,phases   ] GC(156)   Other: 1.8ms
[2025-12-03T16:01:19.517+0000][7][gc,heap     ] GC(156) Eden regions: 67->0(67)
[2025-12-03T16:01:19.517+0000][7][gc,heap     ] GC(156) Survivor regions: 2->2(9)
[2025-12-03T16:01:19.517+0000][7][gc,heap     ] GC(156) Old regions: 33->33
[2025-12-03T16:01:19.517+0000][7][gc,heap     ] GC(156) Archive regions: 2->2
[2025-12-03T16:01:19.517+0000][7][gc,heap     ] GC(156) Humongous regions: 2->2
[2025-12-03T16:01:19.517+0000][7][gc,metaspace] GC(156) Metaspace: 115703K(117440K)->115703K(117440K) NonClass: 100899K(101888K)->100899K(101888K) Class: 14804K(15552K)->14804K(15552K)
[2025-12-03T16:01:19.517+0000][7][gc          ] GC(156) Pause Young (Normal) (G1 Evacuation Pause) 416M->149M(512M) 21.755ms
[2025-12-03T16:01:19.517+0000][7][gc,cpu      ] GC(156) User=0.11s Sys=0.00s Real=0.03s
[2025-12-03T16:01:19.517+0000][7][safepoint   ] Safepoint "G1CollectForAllocation", Time since last: 31133483972 ns, Reaching safepoint: 243292 ns, At safepoint: 22097500 ns, Total: 22340792 ns
[2025-12-03T16:01:37.538+0000][7][safepoint   ] Safepoint "Cleanup", Time since last: 18019900799 ns, Reaching safepoint: 197084 ns, At safepoint: 11250 ns, Total: 208334 ns
[2025-12-03T16:02:04.745+0000][7][gc,start    ] GC(157) Pause Young (Normal) (G1 Evacuation Pause)
[2025-12-03T16:02:04.746+0000][7][gc,task     ] GC(157) Using 8 workers of 8 for evacuation
[2025-12-03T16:02:04.746+0000][7][gc,age      ] GC(157) Desired survivor size 18874368 bytes, new threshold 15 (max threshold 15)
[2025-12-03T16:02:04.756+0000][7][gc,age      ] GC(157) Age table with threshold 15 (max threshold 15)
[2025-12-03T16:02:04.756+0000][7][gc,age      ] GC(157) - age   1:    1693784 bytes,    1693784 total
[2025-12-03T16:02:04.757+0000][7][gc,age      ] GC(157) - age   2:     910248 bytes,    2604032 total
[2025-12-03T16:02:04.757+0000][7][gc,age      ] GC(157) - age   3:      18000 bytes,    2622032 total
[2025-12-03T16:02:04.757+0000][7][gc,age      ] GC(157) - age   4:     166744 bytes,    2788776 total
[2025-12-03T16:02:04.757+0000][7][gc,age      ] GC(157) - age   5:     216008 bytes,    3004784 total
[2025-12-03T16:02:04.757+0000][7][gc,age      ] GC(157) - age   6:      53040 bytes,    3057824 total
[2025-12-03T16:02:04.757+0000][7][gc,age      ] GC(157) - age   7:       7712 bytes,    3065536 total
[2025-12-03T16:02:04.757+0000][7][gc,age      ] GC(157) - age   8:     252992 bytes,    3318528 total
[2025-12-03T16:02:04.757+0000][7][gc,age      ] GC(157) - age   9:     230688 bytes,    3549216 total
[2025-12-03T16:02:04.757+0000][7][gc,age      ] GC(157) - age  10:      75312 bytes,    3624528 total
[2025-12-03T16:02:04.757+0000][7][gc,age      ] GC(157) - age  11:    1840936 bytes,    5465464 total
[2025-12-03T16:02:04.757+0000][7][gc,age      ] GC(157) - age  12:      17256 bytes,    5482720 total
[2025-12-03T16:02:04.757+0000][7][gc,age      ] GC(157) - age  13:       9600 bytes,    5492320 total
[2025-12-03T16:02:04.757+0000][7][gc,age      ] GC(157) - age  14:       7704 bytes,    5500024 total
[2025-12-03T16:02:04.757+0000][7][gc,age      ] GC(157) - age  15:     393160 bytes,    5893184 total
[2025-12-03T16:02:04.757+0000][7][gc,phases   ] GC(157)   Pre Evacuate Collection Set: 0.3ms
[2025-12-03T16:02:04.757+0000][7][gc,phases   ] GC(157)   Merge Heap Roots: 0.2ms
[2025-12-03T16:02:04.757+0000][7][gc,phases   ] GC(157)   Evacuate Collection Set: 7.9ms
[2025-12-03T16:02:04.757+0000][7][gc,phases   ] GC(157)   Post Evacuate Collection Set: 1.6ms
[2025-12-03T16:02:04.757+0000][7][gc,phases   ] GC(157)   Other: 2.3ms
[2025-12-03T16:02:04.757+0000][7][gc,heap     ] GC(157) Eden regions: 67->0(67)
[2025-12-03T16:02:04.757+0000][7][gc,heap     ] GC(157) Survivor regions: 2->2(9)
[2025-12-03T16:02:04.757+0000][7][gc,heap     ] GC(157) Old regions: 33->33
[2025-12-03T16:02:04.757+0000][7][gc,heap     ] GC(157) Archive regions: 2->2
[2025-12-03T16:02:04.757+0000][7][gc,heap     ] GC(157) Humongous regions: 2->2
[2025-12-03T16:02:04.758+0000][7][gc,metaspace] GC(157) Metaspace: 115704K(117440K)->115704K(117440K) NonClass: 100900K(101888K)->100900K(101888K) Class: 14804K(15552K)->14804K(15552K)
[2025-12-03T16:02:04.758+0000][7][gc          ] GC(157) Pause Young (Normal) (G1 Evacuation Pause) 417M->148M(512M) 12.633ms
[2025-12-03T16:02:04.758+0000][7][gc,cpu      ] GC(157) User=0.06s Sys=0.00s Real=0.01s
[2025-12-03T16:02:04.758+0000][7][safepoint   ] Safepoint "G1CollectForAllocation", Time since last: 27205665512 ns, Reaching safepoint: 322416 ns, At safepoint: 12894375 ns, Total: 13216791 ns
[2025-12-03T16:02:17.783+0000][7][safepoint   ] Safepoint "Cleanup", Time since last: 13024707048 ns, Reaching safepoint: 369125 ns, At safepoint: 14500 ns, Total: 383625 ns
[2025-12-03T16:02:27.800+0000][7][safepoint   ] Safepoint "Cleanup", Time since last: 10017096422 ns, Reaching safepoint: 545458 ns, At safepoint: 23208 ns, Total: 568666 ns
[2025-12-03T16:02:42.837+0000][7][safepoint   ] Safepoint "Cleanup", Time since last: 15034985590 ns, Reaching safepoint: 233792 ns, At safepoint: 11083 ns, Total: 244875 ns
[2025-12-03T16:02:52.111+0000][7][gc,start    ] GC(158) Pause Young (Normal) (G1 Evacuation Pause)
[2025-12-03T16:02:52.111+0000][7][gc,task     ] GC(158) Using 8 workers of 8 for evacuation
[2025-12-03T16:02:52.112+0000][7][gc,age      ] GC(158) Desired survivor size 18874368 bytes, new threshold 15 (max threshold 15)
[2025-12-03T16:02:52.122+0000][7][gc,age      ] GC(158) Age table with threshold 15 (max threshold 15)
[2025-12-03T16:02:52.122+0000][7][gc,age      ] GC(158) - age   1:    2387032 bytes,    2387032 total
[2025-12-03T16:02:52.122+0000][7][gc,age      ] GC(158) - age   2:     585032 bytes,    2972064 total
[2025-12-03T16:02:52.122+0000][7][gc,age      ] GC(158) - age   3:     641752 bytes,    3613816 total
[2025-12-03T16:02:52.122+0000][7][gc,age      ] GC(158) - age   4:      17048 bytes,    3630864 total
[2025-12-03T16:02:52.122+0000][7][gc,age      ] GC(158) - age   5:      35592 bytes,    3666456 total
[2025-12-03T16:02:52.122+0000][7][gc,age      ] GC(158) - age   6:     215944 bytes,    3882400 total
[2025-12-03T16:02:52.122+0000][7][gc,age      ] GC(158) - age   7:      53040 bytes,    3935440 total
[2025-12-03T16:02:52.122+0000][7][gc,age      ] GC(158) - age   8:       7712 bytes,    3943152 total
[2025-12-03T16:02:52.122+0000][7][gc,age      ] GC(158) - age   9:     252992 bytes,    4196144 total
[2025-12-03T16:02:52.122+0000][7][gc,age      ] GC(158) - age  10:     230688 bytes,    4426832 total
[2025-12-03T16:02:52.122+0000][7][gc,age      ] GC(158) - age  11:      75248 bytes,    4502080 total
[2025-12-03T16:02:52.123+0000][7][gc,age      ] GC(158) - age  12:    1840912 bytes,    6342992 total
[2025-12-03T16:02:52.123+0000][7][gc,age      ] GC(158) - age  13:      17056 bytes,    6360048 total
[2025-12-03T16:02:52.123+0000][7][gc,age      ] GC(158) - age  14:       9600 bytes,    6369648 total
[2025-12-03T16:02:52.123+0000][7][gc,age      ] GC(158) - age  15:       7704 bytes,    6377352 total
[2025-12-03T16:02:52.123+0000][7][gc,phases   ] GC(158)   Pre Evacuate Collection Set: 0.4ms
[2025-12-03T16:02:52.123+0000][7][gc,phases   ] GC(158)   Merge Heap Roots: 0.2ms
[2025-12-03T16:02:52.123+0000][7][gc,phases   ] GC(158)   Evacuate Collection Set: 8.0ms
[2025-12-03T16:02:52.123+0000][7][gc,phases   ] GC(158)   Post Evacuate Collection Set: 1.6ms
[2025-12-03T16:02:52.123+0000][7][gc,phases   ] GC(158)   Other: 1.5ms
[2025-12-03T16:02:52.123+0000][7][gc,heap     ] GC(158) Eden regions: 67->0(67)
[2025-12-03T16:02:52.123+0000][7][gc,heap     ] GC(158) Survivor regions: 2->2(9)
[2025-12-03T16:02:52.123+0000][7][gc,heap     ] GC(158) Old regions: 33->33
[2025-12-03T16:02:52.123+0000][7][gc,heap     ] GC(158) Archive regions: 2->2
[2025-12-03T16:02:52.123+0000][7][gc,heap     ] GC(158) Humongous regions: 2->2
[2025-12-03T16:02:52.123+0000][7][gc,metaspace] GC(158) Metaspace: 115705K(117440K)->115705K(117440K) NonClass: 100901K(101888K)->100901K(101888K) Class: 14804K(15552K)->14804K(15552K)
[2025-12-03T16:02:52.123+0000][7][gc          ] GC(158) Pause Young (Normal) (G1 Evacuation Pause) 416M->149M(512M) 12.142ms
[2025-12-03T16:02:52.123+0000][7][gc,cpu      ] GC(158) User=0.07s Sys=0.00s Real=0.01s
[2025-12-03T16:02:52.123+0000][7][safepoint   ] Safepoint "G1CollectForAllocation", Time since last: 9274265796 ns, Reaching safepoint: 99959 ns, At safepoint: 12388250 ns, Total: 12488209 ns
[2025-12-03T16:03:37.178+0000][7][gc,start    ] GC(159) Pause Young (Normal) (G1 Evacuation Pause)
[2025-12-03T16:03:37.179+0000][7][gc,task     ] GC(159) Using 8 workers of 8 for evacuation
[2025-12-03T16:03:37.179+0000][7][gc,age      ] GC(159) Desired survivor size 18874368 bytes, new threshold 15 (max threshold 15)
[2025-12-03T16:03:37.196+0000][7][gc,age      ] GC(159) Age table with threshold 15 (max threshold 15)
[2025-12-03T16:03:37.197+0000][7][gc,age      ] GC(159) - age   1:    3004344 bytes,    3004344 total
[2025-12-03T16:03:37.197+0000][7][gc,age      ] GC(159) - age   2:     225144 bytes,    3229488 total
[2025-12-03T16:03:37.197+0000][7][gc,age      ] GC(159) - age   3:     433616 bytes,    3663104 total
[2025-12-03T16:03:37.197+0000][7][gc,age      ] GC(159) - age   4:     142384 bytes,    3805488 total
[2025-12-03T16:03:37.197+0000][7][gc,age      ] GC(159) - age   5:      16664 bytes,    3822152 total
[2025-12-03T16:03:37.197+0000][7][gc,age      ] GC(159) - age   6:      35528 bytes,    3857680 total
[2025-12-03T16:03:37.197+0000][7][gc,age      ] GC(159) - age   7:     215608 bytes,    4073288 total
[2025-12-03T16:03:37.197+0000][7][gc,age      ] GC(159) - age   8:      53040 bytes,    4126328 total
[2025-12-03T16:03:37.198+0000][7][gc,age      ] GC(159) - age   9:       7712 bytes,    4134040 total
[2025-12-03T16:03:37.198+0000][7][gc,age      ] GC(159) - age  10:     252992 bytes,    4387032 total
[2025-12-03T16:03:37.198+0000][7][gc,age      ] GC(159) - age  11:     230688 bytes,    4617720 total
[2025-12-03T16:03:37.198+0000][7][gc,age      ] GC(159) - age  12:      75248 bytes,    4692968 total
[2025-12-03T16:03:37.198+0000][7][gc,age      ] GC(159) - age  13:    1840912 bytes,    6533880 total
[2025-12-03T16:03:37.198+0000][7][gc,age      ] GC(159) - age  14:      17056 bytes,    6550936 total
[2025-12-03T16:03:37.198+0000][7][gc,age      ] GC(159) - age  15:       9600 bytes,    6560536 total
[2025-12-03T16:03:37.198+0000][7][gc,phases   ] GC(159)   Pre Evacuate Collection Set: 0.4ms
[2025-12-03T16:03:37.198+0000][7][gc,phases   ] GC(159)   Merge Heap Roots: 0.2ms
[2025-12-03T16:03:37.199+0000][7][gc,phases   ] GC(159)   Evacuate Collection Set: 12.5ms
[2025-12-03T16:03:37.199+0000][7][gc,phases   ] GC(159)   Post Evacuate Collection Set: 4.0ms
[2025-12-03T16:03:37.199+0000][7][gc,phases   ] GC(159)   Other: 3.3ms
[2025-12-03T16:03:37.199+0000][7][gc,heap     ] GC(159) Eden regions: 67->0(66)
[2025-12-03T16:03:37.199+0000][7][gc,heap     ] GC(159) Survivor regions: 2->2(9)
[2025-12-03T16:03:37.199+0000][7][gc,heap     ] GC(159) Old regions: 33->33
[2025-12-03T16:03:37.199+0000][7][gc,heap     ] GC(159) Archive regions: 2->2
[2025-12-03T16:03:37.199+0000][7][gc,heap     ] GC(159) Humongous regions: 2->2
[2025-12-03T16:03:37.199+0000][7][gc,metaspace] GC(159) Metaspace: 115707K(117440K)->115707K(117440K) NonClass: 100903K(101888K)->100903K(101888K) Class: 14804K(15552K)->14804K(15552K)
[2025-12-03T16:03:37.200+0000][7][gc          ] GC(159) Pause Young (Normal) (G1 Evacuation Pause) 417M->149M(512M) 21.446ms
[2025-12-03T16:03:37.200+0000][7][gc,cpu      ] GC(159) User=0.08s Sys=0.00s Real=0.02s
[2025-12-03T16:03:37.200+0000][7][safepoint   ] Safepoint "G1CollectForAllocation", Time since last: 45052570229 ns, Reaching safepoint: 377791 ns, At safepoint: 21897500 ns, Total: 22275291 ns
[2025-12-03T16:03:58.249+0000][7][safepoint   ] Safepoint "Cleanup", Time since last: 21048394177 ns, Reaching safepoint: 717917 ns, At safepoint: 33041 ns, Total: 750958 ns
[2025-12-03T16:04:13.277+0000][7][safepoint   ] Safepoint "Cleanup", Time since last: 15028006632 ns, Reaching safepoint: 348500 ns, At safepoint: 13958 ns, Total: 362458 ns
[2025-12-03T16:04:16.493+0000][7][gc,start    ] GC(160) Pause Young (Normal) (G1 Evacuation Pause)
[2025-12-03T16:04:16.493+0000][7][gc,task     ] GC(160) Using 8 workers of 8 for evacuation
[2025-12-03T16:04:16.493+0000][7][gc,age      ] GC(160) Desired survivor size 18874368 bytes, new threshold 15 (max threshold 15)
[2025-12-03T16:04:16.517+0000][7][gc,age      ] GC(160) Age table with threshold 15 (max threshold 15)
[2025-12-03T16:04:16.517+0000][7][gc,age      ] GC(160) - age   1:    2998616 bytes,    2998616 total
[2025-12-03T16:04:16.517+0000][7][gc,age      ] GC(160) - age   2:    1564848 bytes,    4563464 total
[2025-12-03T16:04:16.517+0000][7][gc,age      ] GC(160) - age   3:      90664 bytes,    4654128 total
[2025-12-03T16:04:16.517+0000][7][gc,age      ] GC(160) - age   4:     432024 bytes,    5086152 total
[2025-12-03T16:04:16.517+0000][7][gc,age      ] GC(160) - age   5:      10696 bytes,    5096848 total
[2025-12-03T16:04:16.518+0000][7][gc,age      ] GC(160) - age   6:      16536 bytes,    5113384 total
[2025-12-03T16:04:16.518+0000][7][gc,age      ] GC(160) - age   7:      35464 bytes,    5148848 total
[2025-12-03T16:04:16.518+0000][7][gc,age      ] GC(160) - age   8:     215160 bytes,    5364008 total
[2025-12-03T16:04:16.518+0000][7][gc,age      ] GC(160) - age   9:      53040 bytes,    5417048 total
[2025-12-03T16:04:16.518+0000][7][gc,age      ] GC(160) - age  10:       7712 bytes,    5424760 total
[2025-12-03T16:04:16.518+0000][7][gc,age      ] GC(160) - age  11:     252992 bytes,    5677752 total
[2025-12-03T16:04:16.518+0000][7][gc,age      ] GC(160) - age  12:     230488 bytes,    5908240 total
[2025-12-03T16:04:16.518+0000][7][gc,age      ] GC(160) - age  13:      75248 bytes,    5983488 total
[2025-12-03T16:04:16.518+0000][7][gc,age      ] GC(160) - age  14:    1840912 bytes,    7824400 total
[2025-12-03T16:04:16.518+0000][7][gc,age      ] GC(160) - age  15:      17056 bytes,    7841456 total
[2025-12-03T16:04:16.518+0000][7][gc,phases   ] GC(160)   Pre Evacuate Collection Set: 0.3ms
[2025-12-03T16:04:16.518+0000][7][gc,phases   ] GC(160)   Merge Heap Roots: 0.1ms
[2025-12-03T16:04:16.519+0000][7][gc,phases   ] GC(160)   Evacuate Collection Set: 11.3ms
[2025-12-03T16:04:16.519+0000][7][gc,phases   ] GC(160)   Post Evacuate Collection Set: 11.5ms
[2025-12-03T16:04:16.519+0000][7][gc,phases   ] GC(160)   Other: 2.3ms
[2025-12-03T16:04:16.519+0000][7][gc,heap     ] GC(160) Eden regions: 66->0(66)
[2025-12-03T16:04:16.519+0000][7][gc,heap     ] GC(160) Survivor regions: 2->2(9)
[2025-12-03T16:04:16.519+0000][7][gc,heap     ] GC(160) Old regions: 33->33
[2025-12-03T16:04:16.519+0000][7][gc,heap     ] GC(160) Archive regions: 2->2
[2025-12-03T16:04:16.519+0000][7][gc,heap     ] GC(160) Humongous regions: 2->2
[2025-12-03T16:04:16.519+0000][7][gc,metaspace] GC(160) Metaspace: 115716K(117440K)->115716K(117440K) NonClass: 100911K(101888K)->100911K(101888K) Class: 14804K(15552K)->14804K(15552K)
[2025-12-03T16:04:16.519+0000][7][gc          ] GC(160) Pause Young (Normal) (G1 Evacuation Pause) 413M->150M(512M) 26.092ms
[2025-12-03T16:04:16.519+0000][7][gc,cpu      ] GC(160) User=0.14s Sys=0.00s Real=0.02s
[2025-12-03T16:04:16.519+0000][7][safepoint   ] Safepoint "G1CollectForAllocation", Time since last: 3215481460 ns, Reaching safepoint: 60583 ns, At safepoint: 26374542 ns, Total: 26435125 ns
[2025-12-03T16:04:19.522+0000][7][safepoint   ] Safepoint "Cleanup", Time since last: 3003109376 ns, Reaching safepoint: 83042 ns, At safepoint: 5708 ns, Total: 88750 ns
[2025-12-03T16:05:01.717+0000][7][gc,start    ] GC(161) Pause Young (Normal) (G1 Evacuation Pause)
[2025-12-03T16:05:01.717+0000][7][gc,task     ] GC(161) Using 8 workers of 8 for evacuation
[2025-12-03T16:05:01.718+0000][7][gc,age      ] GC(161) Desired survivor size 18874368 bytes, new threshold 15 (max threshold 15)
[2025-12-03T16:05:01.739+0000][7][gc,age      ] GC(161) Age table with threshold 15 (max threshold 15)
[2025-12-03T16:05:01.739+0000][7][gc,age      ] GC(161) - age   1:    2447528 bytes,    2447528 total
[2025-12-03T16:05:01.739+0000][7][gc,age      ] GC(161) - age   2:     276144 bytes,    2723672 total
[2025-12-03T16:05:01.739+0000][7][gc,age      ] GC(161) - age   3:    1136280 bytes,    3859952 total
[2025-12-03T16:05:01.739+0000][7][gc,age      ] GC(161) - age   4:      89440 bytes,    3949392 total
[2025-12-03T16:05:01.739+0000][7][gc,age      ] GC(161) - age   5:     300808 bytes,    4250200 total
[2025-12-03T16:05:01.740+0000][7][gc,age      ] GC(161) - age   6:      10632 bytes,    4260832 total
[2025-12-03T16:05:01.740+0000][7][gc,age      ] GC(161) - age   7:      16112 bytes,    4276944 total
[2025-12-03T16:05:01.740+0000][7][gc,age      ] GC(161) - age   8:      35400 bytes,    4312344 total
[2025-12-03T16:05:01.740+0000][7][gc,age      ] GC(161) - age   9:     215096 bytes,    4527440 total
[2025-12-03T16:05:01.740+0000][7][gc,age      ] GC(161) - age  10:      53040 bytes,    4580480 total
[2025-12-03T16:05:01.740+0000][7][gc,age      ] GC(161) - age  11:       7712 bytes,    4588192 total
[2025-12-03T16:05:01.740+0000][7][gc,age      ] GC(161) - age  12:     252992 bytes,    4841184 total
[2025-12-03T16:05:01.740+0000][7][gc,age      ] GC(161) - age  13:     230488 bytes,    5071672 total
[2025-12-03T16:05:01.740+0000][7][gc,age      ] GC(161) - age  14:      75248 bytes,    5146920 total
[2025-12-03T16:05:01.740+0000][7][gc,age      ] GC(161) - age  15:    1840912 bytes,    6987832 total
[2025-12-03T16:05:01.741+0000][7][gc,phases   ] GC(161)   Pre Evacuate Collection Set: 0.4ms
[2025-12-03T16:05:01.741+0000][7][gc,phases   ] GC(161)   Merge Heap Roots: 0.1ms
[2025-12-03T16:05:01.741+0000][7][gc,phases   ] GC(161)   Evacuate Collection Set: 10.5ms
[2025-12-03T16:05:01.742+0000][7][gc,phases   ] GC(161)   Post Evacuate Collection Set: 9.7ms
[2025-12-03T16:05:01.742+0000][7][gc,phases   ] GC(161)   Other: 3.4ms
[2025-12-03T16:05:01.742+0000][7][gc,heap     ] GC(161) Eden regions: 66->0(66)
[2025-12-03T16:05:01.742+0000][7][gc,heap     ] GC(161) Survivor regions: 2->2(9)
[2025-12-03T16:05:01.742+0000][7][gc,heap     ] GC(161) Old regions: 33->33
[2025-12-03T16:05:01.742+0000][7][gc,heap     ] GC(161) Archive regions: 2->2
[2025-12-03T16:05:01.742+0000][7][gc,heap     ] GC(161) Humongous regions: 2->2
[2025-12-03T16:05:01.742+0000][7][gc,metaspace] GC(161) Metaspace: 115717K(117440K)->115717K(117440K) NonClass: 100912K(101888K)->100912K(101888K) Class: 14804K(15552K)->14804K(15552K)
[2025-12-03T16:05:01.742+0000][7][gc          ] GC(161) Pause Young (Normal) (G1 Evacuation Pause) 414M->150M(512M) 25.310ms
[2025-12-03T16:05:01.742+0000][7][gc,cpu      ] GC(161) User=0.11s Sys=0.00s Real=0.02s
[2025-12-03T16:05:01.742+0000][7][safepoint   ] Safepoint "G1CollectForAllocation", Time since last: 42190477478 ns, Reaching safepoint: 388666 ns, At safepoint: 25716625 ns, Total: 26105291 ns
[2025-12-03T16:05:12.765+0000][7][safepoint   ] Safepoint "Cleanup", Time since last: 11022508381 ns, Reaching safepoint: 389458 ns, At safepoint: 12292 ns, Total: 401750 ns
[2025-12-03T16:05:17.772+0000][7][safepoint   ] Safepoint "Cleanup", Time since last: 5006358127 ns, Reaching safepoint: 214000 ns, At safepoint: 12458 ns, Total: 226458 ns
[2025-12-03T16:05:43.957+0000][7][gc,start    ] GC(162) Pause Young (Normal) (G1 Evacuation Pause)
[2025-12-03T16:05:43.957+0000][7][gc,task     ] GC(162) Using 8 workers of 8 for evacuation
[2025-12-03T16:05:43.958+0000][7][gc,age      ] GC(162) Desired survivor size 18874368 bytes, new threshold 15 (max threshold 15)
[2025-12-03T16:05:43.976+0000][7][gc,age      ] GC(162) Age table with threshold 15 (max threshold 15)
[2025-12-03T16:05:43.976+0000][7][gc,age      ] GC(162) - age   1:    3313768 bytes,    3313768 total
[2025-12-03T16:05:43.976+0000][7][gc,age      ] GC(162) - age   2:     195160 bytes,    3508928 total
[2025-12-03T16:05:43.976+0000][7][gc,age      ] GC(162) - age   3:     141240 bytes,    3650168 total
[2025-12-03T16:05:43.976+0000][7][gc,age      ] GC(162) - age   4:     637104 bytes,    4287272 total
[2025-12-03T16:05:43.976+0000][7][gc,age      ] GC(162) - age   5:      89248 bytes,    4376520 total
[2025-12-03T16:05:43.976+0000][7][gc,age      ] GC(162) - age   6:     300552 bytes,    4677072 total
[2025-12-03T16:05:43.976+0000][7][gc,age      ] GC(162) - age   7:      10632 bytes,    4687704 total
[2025-12-03T16:05:43.976+0000][7][gc,age      ] GC(162) - age   8:      16112 bytes,    4703816 total
[2025-12-03T16:05:43.976+0000][7][gc,age      ] GC(162) - age   9:      35400 bytes,    4739216 total
[2025-12-03T16:05:43.976+0000][7][gc,age      ] GC(162) - age  10:     215096 bytes,    4954312 total
[2025-12-03T16:05:43.976+0000][7][gc,age      ] GC(162) - age  11:      53040 bytes,    5007352 total
[2025-12-03T16:05:43.976+0000][7][gc,age      ] GC(162) - age  12:       7712 bytes,    5015064 total
[2025-12-03T16:05:43.976+0000][7][gc,age      ] GC(162) - age  13:     252992 bytes,    5268056 total
[2025-12-03T16:05:43.977+0000][7][gc,age      ] GC(162) - age  14:     230488 bytes,    5498544 total
[2025-12-03T16:05:43.977+0000][7][gc,age      ] GC(162) - age  15:      75248 bytes,    5573792 total
[2025-12-03T16:05:43.977+0000][7][gc,phases   ] GC(162)   Pre Evacuate Collection Set: 0.8ms
[2025-12-03T16:05:43.977+0000][7][gc,phases   ] GC(162)   Merge Heap Roots: 0.2ms
[2025-12-03T16:05:43.977+0000][7][gc,phases   ] GC(162)   Evacuate Collection Set: 14.4ms
[2025-12-03T16:05:43.977+0000][7][gc,phases   ] GC(162)   Post Evacuate Collection Set: 2.6ms
[2025-12-03T16:05:43.977+0000][7][gc,phases   ] GC(162)   Other: 2.1ms
[2025-12-03T16:05:43.977+0000][7][gc,heap     ] GC(162) Eden regions: 66->0(65)
[2025-12-03T16:05:43.977+0000][7][gc,heap     ] GC(162) Survivor regions: 2->2(9)
[2025-12-03T16:05:43.977+0000][7][gc,heap     ] GC(162) Old regions: 33->34
[2025-12-03T16:05:43.977+0000][7][gc,heap     ] GC(162) Archive regions: 2->2
[2025-12-03T16:05:43.977+0000][7][gc,heap     ] GC(162) Humongous regions: 2->2
[2025-12-03T16:05:43.977+0000][7][gc,metaspace] GC(162) Metaspace: 115717K(117440K)->115717K(117440K) NonClass: 100912K(101888K)->100912K(101888K) Class: 14804K(15552K)->14804K(15552K)
[2025-12-03T16:05:43.977+0000][7][gc          ] GC(162) Pause Young (Normal) (G1 Evacuation Pause) 414M->150M(512M) 20.468ms
[2025-12-03T16:05:43.977+0000][7][gc,cpu      ] GC(162) User=0.11s Sys=0.00s Real=0.02s
[2025-12-03T16:05:43.977+0000][7][safepoint   ] Safepoint "G1CollectForAllocation", Time since last: 26183884470 ns, Reaching safepoint: 667459 ns, At safepoint: 20769958 ns, Total: 21437417 ns
[2025-12-03T16:06:10.020+0000][7][safepoint   ] Safepoint "Cleanup", Time since last: 26039786345 ns, Reaching safepoint: 806875 ns, At safepoint: 139959 ns, Total: 946834 ns
[2025-12-03T16:06:27.463+0000][7][gc,start    ] GC(163) Pause Young (Normal) (G1 Evacuation Pause)
[2025-12-03T16:06:27.463+0000][7][gc,task     ] GC(163) Using 8 workers of 8 for evacuation
[2025-12-03T16:06:27.463+0000][7][gc,age      ] GC(163) Desired survivor size 18874368 bytes, new threshold 15 (max threshold 15)
[2025-12-03T16:06:27.508+0000][7][gc,age      ] GC(163) Age table with threshold 15 (max threshold 15)
[2025-12-03T16:06:27.508+0000][7][gc,age      ] GC(163) - age   1:    2188328 bytes,    2188328 total
[2025-12-03T16:06:27.508+0000][7][gc,age      ] GC(163) - age   2:     773336 bytes,    2961664 total
[2025-12-03T16:06:27.508+0000][7][gc,age      ] GC(163) - age   3:      59680 bytes,    3021344 total
[2025-12-03T16:06:27.508+0000][7][gc,age      ] GC(163) - age   4:     140200 bytes,    3161544 total
[2025-12-03T16:06:27.508+0000][7][gc,age      ] GC(163) - age   5:     505600 bytes,    3667144 total
[2025-12-03T16:06:27.508+0000][7][gc,age      ] GC(163) - age   6:      88712 bytes,    3755856 total
[2025-12-03T16:06:27.509+0000][7][gc,age      ] GC(163) - age   7:     300360 bytes,    4056216 total
[2025-12-03T16:06:27.509+0000][7][gc,age      ] GC(163) - age   8:      10304 bytes,    4066520 total
[2025-12-03T16:06:27.509+0000][7][gc,age      ] GC(163) - age   9:      16048 bytes,    4082568 total
[2025-12-03T16:06:27.509+0000][7][gc,age      ] GC(163) - age  10:      11048 bytes,    4093616 total
[2025-12-03T16:06:27.509+0000][7][gc,age      ] GC(163) - age  11:     215096 bytes,    4308712 total
[2025-12-03T16:06:27.509+0000][7][gc,age      ] GC(163) - age  12:      53040 bytes,    4361752 total
[2025-12-03T16:06:27.509+0000][7][gc,age      ] GC(163) - age  13:       7712 bytes,    4369464 total
[2025-12-03T16:06:27.509+0000][7][gc,age      ] GC(163) - age  14:     252992 bytes,    4622456 total
[2025-12-03T16:06:27.509+0000][7][gc,age      ] GC(163) - age  15:     230488 bytes,    4852944 total
[2025-12-03T16:06:27.509+0000][7][gc,phases   ] GC(163)   Pre Evacuate Collection Set: 0.3ms
[2025-12-03T16:06:27.509+0000][7][gc,phases   ] GC(163)   Merge Heap Roots: 0.1ms
[2025-12-03T16:06:27.509+0000][7][gc,phases   ] GC(163)   Evacuate Collection Set: 41.6ms
[2025-12-03T16:06:27.509+0000][7][gc,phases   ] GC(163)   Post Evacuate Collection Set: 2.6ms
[2025-12-03T16:06:27.509+0000][7][gc,phases   ] GC(163)   Other: 1.7ms
[2025-12-03T16:06:27.509+0000][7][gc,heap     ] GC(163) Eden regions: 65->0(65)
[2025-12-03T16:06:27.509+0000][7][gc,heap     ] GC(163) Survivor regions: 2->2(9)
[2025-12-03T16:06:27.510+0000][7][gc,heap     ] GC(163) Old regions: 34->34
[2025-12-03T16:06:27.510+0000][7][gc,heap     ] GC(163) Archive regions: 2->2
[2025-12-03T16:06:27.510+0000][7][gc,heap     ] GC(163) Humongous regions: 2->2
[2025-12-03T16:06:27.510+0000][7][gc,metaspace] GC(163) Metaspace: 115720K(117440K)->115720K(117440K) NonClass: 100915K(101888K)->100915K(101888K) Class: 14804K(15552K)->14804K(15552K)
[2025-12-03T16:06:27.510+0000][7][gc          ] GC(163) Pause Young (Normal) (G1 Evacuation Pause) 410M->150M(512M) 46.919ms
[2025-12-03T16:06:27.510+0000][7][gc,cpu      ] GC(163) User=0.27s Sys=0.02s Real=0.05s
[2025-12-03T16:06:27.510+0000][7][safepoint   ] Safepoint "G1CollectForAllocation", Time since last: 17443059800 ns, Reaching safepoint: 190541 ns, At safepoint: 47090750 ns, Total: 47281291 ns
[2025-12-03T16:07:07.476+0000][7][gc,start    ] GC(164) Pause Young (Normal) (G1 Evacuation Pause)
[2025-12-03T16:07:07.477+0000][7][gc,task     ] GC(164) Using 8 workers of 8 for evacuation
[2025-12-03T16:07:07.477+0000][7][gc,age      ] GC(164) Desired survivor size 18874368 bytes, new threshold 15 (max threshold 15)
[2025-12-03T16:07:07.496+0000][7][gc,age      ] GC(164) Age table with threshold 15 (max threshold 15)
[2025-12-03T16:07:07.496+0000][7][gc,age      ] GC(164) - age   1:    5771880 bytes,    5771880 total
[2025-12-03T16:07:07.496+0000][7][gc,age      ] GC(164) - age   2:     407576 bytes,    6179456 total
[2025-12-03T16:07:07.496+0000][7][gc,age      ] GC(164) - age   3:     638528 bytes,    6817984 total
[2025-12-03T16:07:07.496+0000][7][gc,age      ] GC(164) - age   4:      59040 bytes,    6877024 total
[2025-12-03T16:07:07.497+0000][7][gc,age      ] GC(164) - age   5:       8888 bytes,    6885912 total
[2025-12-03T16:07:07.497+0000][7][gc,age      ] GC(164) - age   6:     505600 bytes,    7391512 total
[2025-12-03T16:07:07.497+0000][7][gc,age      ] GC(164) - age   7:      88712 bytes,    7480224 total
[2025-12-03T16:07:07.497+0000][7][gc,age      ] GC(164) - age   8:     300360 bytes,    7780584 total
[2025-12-03T16:07:07.497+0000][7][gc,age      ] GC(164) - age   9:      10304 bytes,    7790888 total
[2025-12-03T16:07:07.497+0000][7][gc,age      ] GC(164) - age  10:      16048 bytes,    7806936 total
[2025-12-03T16:07:07.497+0000][7][gc,age      ] GC(164) - age  11:      11048 bytes,    7817984 total
[2025-12-03T16:07:07.497+0000][7][gc,age      ] GC(164) - age  12:     215096 bytes,    8033080 total
[2025-12-03T16:07:07.497+0000][7][gc,age      ] GC(164) - age  13:      53040 bytes,    8086120 total
[2025-12-03T16:07:07.497+0000][7][gc,age      ] GC(164) - age  14:       7712 bytes,    8093832 total
[2025-12-03T16:07:07.497+0000][7][gc,age      ] GC(164) - age  15:     252992 bytes,    8346824 total
[2025-12-03T16:07:07.497+0000][7][gc,phases   ] GC(164)   Pre Evacuate Collection Set: 0.9ms
[2025-12-03T16:07:07.497+0000][7][gc,phases   ] GC(164)   Merge Heap Roots: 0.2ms
[2025-12-03T16:07:07.497+0000][7][gc,phases   ] GC(164)   Evacuate Collection Set: 15.1ms
[2025-12-03T16:07:07.497+0000][7][gc,phases   ] GC(164)   Post Evacuate Collection Set: 2.9ms
[2025-12-03T16:07:07.498+0000][7][gc,phases   ] GC(164)   Other: 2.6ms
[2025-12-03T16:07:07.498+0000][7][gc,heap     ] GC(164) Eden regions: 65->0(64)
[2025-12-03T16:07:07.498+0000][7][gc,heap     ] GC(164) Survivor regions: 2->3(9)
[2025-12-03T16:07:07.498+0000][7][gc,heap     ] GC(164) Old regions: 34->34
[2025-12-03T16:07:07.498+0000][7][gc,heap     ] GC(164) Archive regions: 2->2
[2025-12-03T16:07:07.498+0000][7][gc,heap     ] GC(164) Humongous regions: 2->2
[2025-12-03T16:07:07.498+0000][7][gc,metaspace] GC(164) Metaspace: 115720K(117440K)->115720K(117440K) NonClass: 100915K(101888K)->100915K(101888K) Class: 14804K(15552K)->14804K(15552K)
[2025-12-03T16:07:07.498+0000][7][gc          ] GC(164) Pause Young (Normal) (G1 Evacuation Pause) 409M->154M(512M) 22.616ms
[2025-12-03T16:07:07.498+0000][7][gc,cpu      ] GC(164) User=0.07s Sys=0.00s Real=0.03s
[2025-12-03T16:07:07.498+0000][7][safepoint   ] Safepoint "G1CollectForAllocation", Time since last: 39963564477 ns, Reaching safepoint: 451458 ns, At safepoint: 22907958 ns, Total: 23359416 ns
[2025-12-03T16:07:44.544+0000][7][safepoint   ] Safepoint "Cleanup", Time since last: 37044555475 ns, Reaching safepoint: 604084 ns, At safepoint: 14958 ns, Total: 619042 ns
[2025-12-03T16:07:46.554+0000][7][safepoint   ] Safepoint "Cleanup", Time since last: 2009401376 ns, Reaching safepoint: 273958 ns, At safepoint: 11417 ns, Total: 285375 ns
[2025-12-03T16:07:49.556+0000][7][safepoint   ] Safepoint "Cleanup", Time since last: 3001988335 ns, Reaching safepoint: 78708 ns, At safepoint: 3625 ns, Total: 82333 ns
[2025-12-03T16:07:52.236+0000][7][gc,start    ] GC(165) Pause Young (Normal) (G1 Evacuation Pause)
[2025-12-03T16:07:52.236+0000][7][gc,task     ] GC(165) Using 8 workers of 8 for evacuation
[2025-12-03T16:07:52.236+0000][7][gc,age      ] GC(165) Desired survivor size 18874368 bytes, new threshold 15 (max threshold 15)
[2025-12-03T16:07:52.245+0000][7][gc,age      ] GC(165) Age table with threshold 15 (max threshold 15)
[2025-12-03T16:07:52.245+0000][7][gc,age      ] GC(165) - age   1:    2641608 bytes,    2641608 total
[2025-12-03T16:07:52.245+0000][7][gc,age      ] GC(165) - age   2:    2274888 bytes,    4916496 total
[2025-12-03T16:07:52.245+0000][7][gc,age      ] GC(165) - age   3:     141352 bytes,    5057848 total
[2025-12-03T16:07:52.245+0000][7][gc,age      ] GC(165) - age   4:       8272 bytes,    5066120 total
[2025-12-03T16:07:52.245+0000][7][gc,age      ] GC(165) - age   5:      58680 bytes,    5124800 total
[2025-12-03T16:07:52.245+0000][7][gc,age      ] GC(165) - age   6:       8600 bytes,    5133400 total
[2025-12-03T16:07:52.245+0000][7][gc,age      ] GC(165) - age   7:     505344 bytes,    5638744 total
[2025-12-03T16:07:52.245+0000][7][gc,age      ] GC(165) - age   8:      88440 bytes,    5727184 total
[2025-12-03T16:07:52.245+0000][7][gc,age      ] GC(165) - age   9:     300360 bytes,    6027544 total
[2025-12-03T16:07:52.245+0000][7][gc,age      ] GC(165) - age  10:      10304 bytes,    6037848 total
[2025-12-03T16:07:52.245+0000][7][gc,age      ] GC(165) - age  11:      16048 bytes,    6053896 total
[2025-12-03T16:07:52.245+0000][7][gc,age      ] GC(165) - age  12:      11048 bytes,    6064944 total
[2025-12-03T16:07:52.245+0000][7][gc,age      ] GC(165) - age  13:     215096 bytes,    6280040 total
[2025-12-03T16:07:52.246+0000][7][gc,age      ] GC(165) - age  14:      53040 bytes,    6333080 total
[2025-12-03T16:07:52.246+0000][7][gc,age      ] GC(165) - age  15:       7712 bytes,    6340792 total
[2025-12-03T16:07:52.246+0000][7][gc,phases   ] GC(165)   Pre Evacuate Collection Set: 0.3ms
[2025-12-03T16:07:52.246+0000][7][gc,phases   ] GC(165)   Merge Heap Roots: 0.1ms
[2025-12-03T16:07:52.246+0000][7][gc,phases   ] GC(165)   Evacuate Collection Set: 6.5ms
[2025-12-03T16:07:52.246+0000][7][gc,phases   ] GC(165)   Post Evacuate Collection Set: 1.7ms
[2025-12-03T16:07:52.246+0000][7][gc,phases   ] GC(165)   Other: 1.4ms
[2025-12-03T16:07:52.246+0000][7][gc,heap     ] GC(165) Eden regions: 64->0(65)
[2025-12-03T16:07:52.246+0000][7][gc,heap     ] GC(165) Survivor regions: 3->2(9)
[2025-12-03T16:07:52.246+0000][7][gc,heap     ] GC(165) Old regions: 34->34
[2025-12-03T16:07:52.246+0000][7][gc,heap     ] GC(165) Archive regions: 2->2
[2025-12-03T16:07:52.246+0000][7][gc,heap     ] GC(165) Humongous regions: 2->2
[2025-12-03T16:07:52.246+0000][7][gc,metaspace] GC(165) Metaspace: 115720K(117440K)->115720K(117440K) NonClass: 100915K(101888K)->100915K(101888K) Class: 14804K(15552K)->14804K(15552K)
[2025-12-03T16:07:52.246+0000][7][gc          ] GC(165) Pause Young (Normal) (G1 Evacuation Pause) 410M->152M(512M) 10.576ms
[2025-12-03T16:07:52.246+0000][7][gc,cpu      ] GC(165) User=0.06s Sys=0.00s Real=0.01s
[2025-12-03T16:07:52.246+0000][7][safepoint   ] Safepoint "G1CollectForAllocation", Time since last: 2679365585 ns, Reaching safepoint: 95541 ns, At safepoint: 10782084 ns, Total: 10877625 ns
[2025-12-03T16:08:21.315+0000][7][safepoint   ] Safepoint "Cleanup", Time since last: 29066966763 ns, Reaching safepoint: 554333 ns, At safepoint: 117208 ns, Total: 671541 ns
[2025-12-03T16:08:37.386+0000][7][gc,start    ] GC(166) Pause Young (Normal) (G1 Evacuation Pause)
[2025-12-03T16:08:37.387+0000][7][gc,task     ] GC(166) Using 8 workers of 8 for evacuation
[2025-12-03T16:08:37.387+0000][7][gc,age      ] GC(166) Desired survivor size 18874368 bytes, new threshold 15 (max threshold 15)
[2025-12-03T16:08:37.396+0000][7][gc,age      ] GC(166) Age table with threshold 15 (max threshold 15)
[2025-12-03T16:08:37.396+0000][7][gc,age      ] GC(166) - age   1:    2015760 bytes,    2015760 total
[2025-12-03T16:08:37.396+0000][7][gc,age      ] GC(166) - age   2:    1049808 bytes,    3065568 total
[2025-12-03T16:08:37.396+0000][7][gc,age      ] GC(166) - age   3:    2137960 bytes,    5203528 total
[2025-12-03T16:08:37.396+0000][7][gc,age      ] GC(166) - age   4:     140200 bytes,    5343728 total
[2025-12-03T16:08:37.396+0000][7][gc,age      ] GC(166) - age   5:       8016 bytes,    5351744 total
[2025-12-03T16:08:37.396+0000][7][gc,age      ] GC(166) - age   6:      58584 bytes,    5410328 total
[2025-12-03T16:08:37.396+0000][7][gc,age      ] GC(166) - age   7:       8600 bytes,    5418928 total
[2025-12-03T16:08:37.396+0000][7][gc,age      ] GC(166) - age   8:     505040 bytes,    5923968 total
[2025-12-03T16:08:37.396+0000][7][gc,age      ] GC(166) - age   9:      88440 bytes,    6012408 total
[2025-12-03T16:08:37.396+0000][7][gc,age      ] GC(166) - age  10:     300296 bytes,    6312704 total
[2025-12-03T16:08:37.396+0000][7][gc,age      ] GC(166) - age  11:      10304 bytes,    6323008 total
[2025-12-03T16:08:37.397+0000][7][gc,age      ] GC(166) - age  12:      16048 bytes,    6339056 total
[2025-12-03T16:08:37.397+0000][7][gc,age      ] GC(166) - age  13:      11048 bytes,    6350104 total
[2025-12-03T16:08:37.397+0000][7][gc,age      ] GC(166) - age  14:     215096 bytes,    6565200 total
[2025-12-03T16:08:37.397+0000][7][gc,age      ] GC(166) - age  15:      53040 bytes,    6618240 total
[2025-12-03T16:08:37.397+0000][7][gc,phases   ] GC(166)   Pre Evacuate Collection Set: 0.2ms
[2025-12-03T16:08:37.397+0000][7][gc,phases   ] GC(166)   Merge Heap Roots: 0.1ms
[2025-12-03T16:08:37.397+0000][7][gc,phases   ] GC(166)   Evacuate Collection Set: 6.9ms
[2025-12-03T16:08:37.397+0000][7][gc,phases   ] GC(166)   Post Evacuate Collection Set: 1.5ms
[2025-12-03T16:08:37.397+0000][7][gc,phases   ] GC(166)   Other: 2.0ms
[2025-12-03T16:08:37.397+0000][7][gc,heap     ] GC(166) Eden regions: 65->0(65)
[2025-12-03T16:08:37.397+0000][7][gc,heap     ] GC(166) Survivor regions: 2->2(9)
[2025-12-03T16:08:37.397+0000][7][gc,heap     ] GC(166) Old regions: 34->34
[2025-12-03T16:08:37.397+0000][7][gc,heap     ] GC(166) Archive regions: 2->2
[2025-12-03T16:08:37.397+0000][7][gc,heap     ] GC(166) Humongous regions: 2->2
[2025-12-03T16:08:37.397+0000][7][gc,metaspace] GC(166) Metaspace: 115720K(117440K)->115720K(117440K) NonClass: 100915K(101888K)->100915K(101888K) Class: 14804K(15552K)->14804K(15552K)
[2025-12-03T16:08:37.397+0000][7][gc          ] GC(166) Pause Young (Normal) (G1 Evacuation Pause) 412M->152M(512M) 11.081ms
[2025-12-03T16:08:37.397+0000][7][gc,cpu      ] GC(166) User=0.03s Sys=0.00s Real=0.01s
[2025-12-03T16:08:37.397+0000][7][safepoint   ] Safepoint "G1CollectForAllocation", Time since last: 16070155633 ns, Reaching safepoint: 94666 ns, At safepoint: 11236417 ns, Total: 11331083 ns
[2025-12-03T16:08:38.491+0000][7][safepoint   ] Safepoint "Cleanup", Time since last: 1093456084 ns, Reaching safepoint: 267583 ns, At safepoint: 11667 ns, Total: 279250 ns
[2025-12-03T16:08:40.499+0000][7][safepoint   ] Safepoint "Cleanup", Time since last: 2008129376 ns, Reaching safepoint: 116125 ns, At safepoint: 7500 ns, Total: 123625 ns
[2025-12-03T16:08:43.507+0000][7][safepoint   ] Safepoint "Cleanup", Time since last: 3007572501 ns, Reaching safepoint: 91042 ns, At safepoint: 3500 ns, Total: 94542 ns
[2025-12-03T16:09:16.436+0000][7][gc,start    ] GC(167) Pause Young (Normal) (G1 Evacuation Pause)
[2025-12-03T16:09:16.436+0000][7][gc,task     ] GC(167) Using 8 workers of 8 for evacuation
[2025-12-03T16:09:16.436+0000][7][gc,age      ] GC(167) Desired survivor size 18874368 bytes, new threshold 15 (max threshold 15)
[2025-12-03T16:09:16.451+0000][7][gc,age      ] GC(167) Age table with threshold 15 (max threshold 15)
[2025-12-03T16:09:16.451+0000][7][gc,age      ] GC(167) - age   1:    4065160 bytes,    4065160 total
[2025-12-03T16:09:16.451+0000][7][gc,age      ] GC(167) - age   2:     367408 bytes,    4432568 total
[2025-12-03T16:09:16.452+0000][7][gc,age      ] GC(167) - age   3:     772384 bytes,    5204952 total
[2025-12-03T16:09:16.452+0000][7][gc,age      ] GC(167) - age   4:    2137512 bytes,    7342464 total
[2025-12-03T16:09:16.452+0000][7][gc,age      ] GC(167) - age   5:       8952 bytes,    7351416 total
[2025-12-03T16:09:16.452+0000][7][gc,age      ] GC(167) - age   6:       8016 bytes,    7359432 total
[2025-12-03T16:09:16.452+0000][7][gc,age      ] GC(167) - age   7:      58000 bytes,    7417432 total
[2025-12-03T16:09:16.452+0000][7][gc,age      ] GC(167) - age   8:       8216 bytes,    7425648 total
[2025-12-03T16:09:16.452+0000][7][gc,age      ] GC(167) - age   9:     505016 bytes,    7930664 total
[2025-12-03T16:09:16.452+0000][7][gc,age      ] GC(167) - age  10:      88440 bytes,    8019104 total
[2025-12-03T16:09:16.452+0000][7][gc,age      ] GC(167) - age  11:     300296 bytes,    8319400 total
[2025-12-03T16:09:16.452+0000][7][gc,age      ] GC(167) - age  12:      10304 bytes,    8329704 total
[2025-12-03T16:09:16.452+0000][7][gc,age      ] GC(167) - age  13:      16048 bytes,    8345752 total
[2025-12-03T16:09:16.452+0000][7][gc,age      ] GC(167) - age  14:      11048 bytes,    8356800 total
[2025-12-03T16:09:16.452+0000][7][gc,age      ] GC(167) - age  15:     215096 bytes,    8571896 total
[2025-12-03T16:09:16.452+0000][7][gc,phases   ] GC(167)   Pre Evacuate Collection Set: 0.3ms
[2025-12-03T16:09:16.452+0000][7][gc,phases   ] GC(167)   Merge Heap Roots: 0.2ms
[2025-12-03T16:09:16.452+0000][7][gc,phases   ] GC(167)   Evacuate Collection Set: 11.9ms
[2025-12-03T16:09:16.452+0000][7][gc,phases   ] GC(167)   Post Evacuate Collection Set: 2.5ms
[2025-12-03T16:09:16.452+0000][7][gc,phases   ] GC(167)   Other: 1.6ms
[2025-12-03T16:09:16.453+0000][7][gc,heap     ] GC(167) Eden regions: 65->0(64)
[2025-12-03T16:09:16.453+0000][7][gc,heap     ] GC(167) Survivor regions: 2->3(9)
[2025-12-03T16:09:16.453+0000][7][gc,heap     ] GC(167) Old regions: 34->34
[2025-12-03T16:09:16.453+0000][7][gc,heap     ] GC(167) Archive regions: 2->2
[2025-12-03T16:09:16.453+0000][7][gc,heap     ] GC(167) Humongous regions: 2->2
[2025-12-03T16:09:16.453+0000][7][gc,metaspace] GC(167) Metaspace: 115721K(117440K)->115721K(117440K) NonClass: 100916K(101888K)->100916K(101888K) Class: 14804K(15552K)->14804K(15552K)
[2025-12-03T16:09:16.453+0000][7][gc          ] GC(167) Pause Young (Normal) (G1 Evacuation Pause) 412M->154M(512M) 16.980ms
[2025-12-03T16:09:16.453+0000][7][gc,cpu      ] GC(167) User=0.08s Sys=0.00s Real=0.02s
[2025-12-03T16:09:16.453+0000][7][safepoint   ] Safepoint "G1CollectForAllocation", Time since last: 32927946307 ns, Reaching safepoint: 171917 ns, At safepoint: 17170791 ns, Total: 17342708 ns
[2025-12-03T16:09:55.518+0000][7][gc,start    ] GC(168) Pause Young (Normal) (G1 Evacuation Pause)
[2025-12-03T16:09:55.519+0000][7][gc,task     ] GC(168) Using 8 workers of 8 for evacuation
[2025-12-03T16:09:55.519+0000][7][gc,age      ] GC(168) Desired survivor size 18874368 bytes, new threshold 15 (max threshold 15)
[2025-12-03T16:09:55.527+0000][7][gc,age      ] GC(168) Age table with threshold 15 (max threshold 15)
[2025-12-03T16:09:55.527+0000][7][gc,age      ] GC(168) - age   1:    2284112 bytes,    2284112 total
[2025-12-03T16:09:55.527+0000][7][gc,age      ] GC(168) - age   2:     442336 bytes,    2726448 total
[2025-12-03T16:09:55.527+0000][7][gc,age      ] GC(168) - age   3:     103024 bytes,    2829472 total
[2025-12-03T16:09:55.527+0000][7][gc,age      ] GC(168) - age   4:     640656 bytes,    3470128 total
[2025-12-03T16:09:55.527+0000][7][gc,age      ] GC(168) - age   5:    2136824 bytes,    5606952 total
[2025-12-03T16:09:55.527+0000][7][gc,age      ] GC(168) - age   6:       8952 bytes,    5615904 total
[2025-12-03T16:09:55.527+0000][7][gc,age      ] GC(168) - age   7:       8016 bytes,    5623920 total
[2025-12-03T16:09:55.527+0000][7][gc,age      ] GC(168) - age   8:      58000 bytes,    5681920 total
[2025-12-03T16:09:55.527+0000][7][gc,age      ] GC(168) - age   9:       8216 bytes,    5690136 total
[2025-12-03T16:09:55.527+0000][7][gc,age      ] GC(168) - age  10:     505016 bytes,    6195152 total
[2025-12-03T16:09:55.527+0000][7][gc,age      ] GC(168) - age  11:      88440 bytes,    6283592 total
[2025-12-03T16:09:55.527+0000][7][gc,age      ] GC(168) - age  12:     300296 bytes,    6583888 total
[2025-12-03T16:09:55.527+0000][7][gc,age      ] GC(168) - age  13:      10304 bytes,    6594192 total
[2025-12-03T16:09:55.527+0000][7][gc,age      ] GC(168) - age  14:      16048 bytes,    6610240 total
[2025-12-03T16:09:55.527+0000][7][gc,age      ] GC(168) - age  15:      11048 bytes,    6621288 total
[2025-12-03T16:09:55.527+0000][7][gc,phases   ] GC(168)   Pre Evacuate Collection Set: 0.2ms
[2025-12-03T16:09:55.527+0000][7][gc,phases   ] GC(168)   Merge Heap Roots: 0.1ms
[2025-12-03T16:09:55.527+0000][7][gc,phases   ] GC(168)   Evacuate Collection Set: 5.6ms
[2025-12-03T16:09:55.528+0000][7][gc,phases   ] GC(168)   Post Evacuate Collection Set: 1.4ms
[2025-12-03T16:09:55.528+0000][7][gc,phases   ] GC(168)   Other: 2.2ms
[2025-12-03T16:09:55.528+0000][7][gc,heap     ] GC(168) Eden regions: 64->0(65)
[2025-12-03T16:09:55.528+0000][7][gc,heap     ] GC(168) Survivor regions: 3->2(9)
[2025-12-03T16:09:55.528+0000][7][gc,heap     ] GC(168) Old regions: 34->34
[2025-12-03T16:09:55.528+0000][7][gc,heap     ] GC(168) Archive regions: 2->2
[2025-12-03T16:09:55.528+0000][7][gc,heap     ] GC(168) Humongous regions: 2->2
[2025-12-03T16:09:55.528+0000][7][gc,metaspace] GC(168) Metaspace: 115721K(117440K)->115721K(117440K) NonClass: 100916K(101888K)->100916K(101888K) Class: 14804K(15552K)->14804K(15552K)
[2025-12-03T16:09:55.528+0000][7][gc          ] GC(168) Pause Young (Normal) (G1 Evacuation Pause) 410M->152M(512M) 10.131ms
[2025-12-03T16:09:55.528+0000][7][gc,cpu      ] GC(168) User=0.04s Sys=0.00s Real=0.01s
[2025-12-03T16:09:55.528+0000][7][safepoint   ] Safepoint "G1CollectForAllocation", Time since last: 39063968477 ns, Reaching safepoint: 197125 ns, At safepoint: 10335958 ns, Total: 10533083 ns
[2025-12-03T16:10:02.542+0000][7][safepoint   ] Safepoint "Cleanup", Time since last: 7013274336 ns, Reaching safepoint: 128625 ns, At safepoint: 3334 ns, Total: 131959 ns
[2025-12-03T16:10:37.564+0000][7][gc,start    ] GC(169) Pause Young (Normal) (G1 Evacuation Pause)
[2025-12-03T16:10:37.565+0000][7][gc,task     ] GC(169) Using 8 workers of 8 for evacuation
[2025-12-03T16:10:37.565+0000][7][gc,age      ] GC(169) Desired survivor size 18874368 bytes, new threshold 15 (max threshold 15)
[2025-12-03T16:10:37.574+0000][7][gc,age      ] GC(169) Age table with threshold 15 (max threshold 15)
[2025-12-03T16:10:37.574+0000][7][gc,age      ] GC(169) - age   1:    3584976 bytes,    3584976 total
[2025-12-03T16:10:37.574+0000][7][gc,age      ] GC(169) - age   2:     539176 bytes,    4124152 total
[2025-12-03T16:10:37.574+0000][7][gc,age      ] GC(169) - age   3:     175152 bytes,    4299304 total
[2025-12-03T16:10:37.574+0000][7][gc,age      ] GC(169) - age   4:     101456 bytes,    4400760 total
[2025-12-03T16:10:37.574+0000][7][gc,age      ] GC(169) - age   5:     141288 bytes,    4542048 total
[2025-12-03T16:10:37.574+0000][7][gc,age      ] GC(169) - age   6:    2136568 bytes,    6678616 total
[2025-12-03T16:10:37.574+0000][7][gc,age      ] GC(169) - age   7:       8952 bytes,    6687568 total
[2025-12-03T16:10:37.574+0000][7][gc,age      ] GC(169) - age   8:       8016 bytes,    6695584 total
[2025-12-03T16:10:37.574+0000][7][gc,age      ] GC(169) - age   9:      58000 bytes,    6753584 total
[2025-12-03T16:10:37.574+0000][7][gc,age      ] GC(169) - age  10:       8216 bytes,    6761800 total
[2025-12-03T16:10:37.574+0000][7][gc,age      ] GC(169) - age  11:     505016 bytes,    7266816 total
[2025-12-03T16:10:37.574+0000][7][gc,age      ] GC(169) - age  12:      88440 bytes,    7355256 total
[2025-12-03T16:10:37.574+0000][7][gc,age      ] GC(169) - age  13:     300296 bytes,    7655552 total
[2025-12-03T16:10:37.574+0000][7][gc,age      ] GC(169) - age  14:      10304 bytes,    7665856 total
[2025-12-03T16:10:37.575+0000][7][gc,age      ] GC(169) - age  15:      14320 bytes,    7680176 total
[2025-12-03T16:10:37.575+0000][7][gc,phases   ] GC(169)   Pre Evacuate Collection Set: 0.3ms
[2025-12-03T16:10:37.575+0000][7][gc,phases   ] GC(169)   Merge Heap Roots: 0.1ms
[2025-12-03T16:10:37.575+0000][7][gc,phases   ] GC(169)   Evacuate Collection Set: 7.2ms
[2025-12-03T16:10:37.575+0000][7][gc,phases   ] GC(169)   Post Evacuate Collection Set: 1.5ms
[2025-12-03T16:10:37.575+0000][7][gc,phases   ] GC(169)   Other: 1.1ms
[2025-12-03T16:10:37.575+0000][7][gc,heap     ] GC(169) Eden regions: 65->0(65)
[2025-12-03T16:10:37.575+0000][7][gc,heap     ] GC(169) Survivor regions: 2->2(9)
[2025-12-03T16:10:37.575+0000][7][gc,heap     ] GC(169) Old regions: 34->34
[2025-12-03T16:10:37.575+0000][7][gc,heap     ] GC(169) Archive regions: 2->2
[2025-12-03T16:10:37.575+0000][7][gc,heap     ] GC(169) Humongous regions: 2->2
[2025-12-03T16:10:37.575+0000][7][gc,metaspace] GC(169) Metaspace: 115722K(117440K)->115722K(117440K) NonClass: 100917K(101888K)->100917K(101888K) Class: 14804K(15552K)->14804K(15552K)
[2025-12-03T16:10:37.575+0000][7][gc          ] GC(169) Pause Young (Normal) (G1 Evacuation Pause) 412M->153M(512M) 10.387ms
[2025-12-03T16:10:37.575+0000][7][gc,cpu      ] GC(169) User=0.04s Sys=0.00s Real=0.01s
[2025-12-03T16:10:37.575+0000][7][safepoint   ] Safepoint "G1CollectForAllocation", Time since last: 35020773058 ns, Reaching safepoint: 189291 ns, At safepoint: 10556584 ns, Total: 10745875 ns
[2025-12-03T16:11:09.647+0000][7][safepoint   ] Safepoint "Cleanup", Time since last: 32070869264 ns, Reaching safepoint: 396417 ns, At safepoint: 15167 ns, Total: 411584 ns
[2025-12-03T16:11:10.650+0000][7][safepoint   ] Safepoint "Cleanup", Time since last: 1002510583 ns, Reaching safepoint: 113000 ns, At safepoint: 4875 ns, Total: 117875 ns
[2025-12-03T16:11:17.506+0000][7][gc,start    ] GC(170) Pause Young (Normal) (G1 Evacuation Pause)
[2025-12-03T16:11:17.506+0000][7][gc,task     ] GC(170) Using 8 workers of 8 for evacuation
[2025-12-03T16:11:17.506+0000][7][gc,age      ] GC(170) Desired survivor size 18874368 bytes, new threshold 15 (max threshold 15)
[2025-12-03T16:11:17.513+0000][7][gc,age      ] GC(170) Age table with threshold 15 (max threshold 15)
[2025-12-03T16:11:17.513+0000][7][gc,age      ] GC(170) - age   1:    2167848 bytes,    2167848 total
[2025-12-03T16:11:17.513+0000][7][gc,age      ] GC(170) - age   2:    1188200 bytes,    3356048 total
[2025-12-03T16:11:17.513+0000][7][gc,age      ] GC(170) - age   3:     274800 bytes,    3630848 total
[2025-12-03T16:11:17.513+0000][7][gc,age      ] GC(170) - age   4:     174432 bytes,    3805280 total
[2025-12-03T16:11:17.513+0000][7][gc,age      ] GC(170) - age   5:     101104 bytes,    3906384 total
[2025-12-03T16:11:17.514+0000][7][gc,age      ] GC(170) - age   6:     140880 bytes,    4047264 total
[2025-12-03T16:11:17.514+0000][7][gc,age      ] GC(170) - age   7:    2136320 bytes,    6183584 total
[2025-12-03T16:11:17.514+0000][7][gc,age      ] GC(170) - age   8:       8952 bytes,    6192536 total
[2025-12-03T16:11:17.514+0000][7][gc,age      ] GC(170) - age   9:       8016 bytes,    6200552 total
[2025-12-03T16:11:17.514+0000][7][gc,age      ] GC(170) - age  10:      58000 bytes,    6258552 total
[2025-12-03T16:11:17.514+0000][7][gc,age      ] GC(170) - age  11:       8216 bytes,    6266768 total
[2025-12-03T16:11:17.514+0000][7][gc,age      ] GC(170) - age  12:     505016 bytes,    6771784 total
[2025-12-03T16:11:17.514+0000][7][gc,age      ] GC(170) - age  13:      88440 bytes,    6860224 total
[2025-12-03T16:11:17.514+0000][7][gc,age      ] GC(170) - age  14:     300296 bytes,    7160520 total
[2025-12-03T16:11:17.514+0000][7][gc,age      ] GC(170) - age  15:      10304 bytes,    7170824 total
[2025-12-03T16:11:17.514+0000][7][gc,phases   ] GC(170)   Pre Evacuate Collection Set: 0.2ms
[2025-12-03T16:11:17.514+0000][7][gc,phases   ] GC(170)   Merge Heap Roots: 0.1ms
[2025-12-03T16:11:17.514+0000][7][gc,phases   ] GC(170)   Evacuate Collection Set: 5.1ms
[2025-12-03T16:11:17.514+0000][7][gc,phases   ] GC(170)   Post Evacuate Collection Set: 1.4ms
[2025-12-03T16:11:17.514+0000][7][gc,phases   ] GC(170)   Other: 1.1ms
[2025-12-03T16:11:17.514+0000][7][gc,heap     ] GC(170) Eden regions: 65->0(65)
[2025-12-03T16:11:17.514+0000][7][gc,heap     ] GC(170) Survivor regions: 2->2(9)
[2025-12-03T16:11:17.514+0000][7][gc,heap     ] GC(170) Old regions: 34->34
[2025-12-03T16:11:17.514+0000][7][gc,heap     ] GC(170) Archive regions: 2->2
[2025-12-03T16:11:17.514+0000][7][gc,heap     ] GC(170) Humongous regions: 2->2
[2025-12-03T16:11:17.514+0000][7][gc,metaspace] GC(170) Metaspace: 115732K(117440K)->115732K(117440K) NonClass: 100927K(101888K)->100927K(101888K) Class: 14804K(15552K)->14804K(15552K)
[2025-12-03T16:11:17.514+0000][7][gc          ] GC(170) Pause Young (Normal) (G1 Evacuation Pause) 413M->153M(512M) 8.166ms
[2025-12-03T16:11:17.514+0000][7][gc,cpu      ] GC(170) User=0.05s Sys=0.00s Real=0.00s
[2025-12-03T16:11:17.514+0000][7][safepoint   ] Safepoint "G1CollectForAllocation", Time since last: 6855643670 ns, Reaching safepoint: 53584 ns, At safepoint: 8325083 ns, Total: 8378667 ns
[2025-12-03T16:11:41.543+0000][7][safepoint   ] Safepoint "Cleanup", Time since last: 24027722344 ns, Reaching safepoint: 221584 ns, At safepoint: 27041 ns, Total: 248625 ns
[2025-12-03T16:12:01.572+0000][7][safepoint   ] Safepoint "Cleanup", Time since last: 20026832092 ns, Reaching safepoint: 1715875 ns, At safepoint: 101792 ns, Total: 1817667 ns
[2025-12-03T16:12:02.018+0000][7][gc,start    ] GC(171) Pause Young (Normal) (G1 Evacuation Pause)
[2025-12-03T16:12:02.018+0000][7][gc,task     ] GC(171) Using 8 workers of 8 for evacuation
[2025-12-03T16:12:02.019+0000][7][gc,age      ] GC(171) Desired survivor size 18874368 bytes, new threshold 15 (max threshold 15)
[2025-12-03T16:12:02.038+0000][7][gc,age      ] GC(171) Age table with threshold 15 (max threshold 15)
[2025-12-03T16:12:02.038+0000][7][gc,age      ] GC(171) - age   1:    2643856 bytes,    2643856 total
[2025-12-03T16:12:02.038+0000][7][gc,age      ] GC(171) - age   2:     521104 bytes,    3164960 total
[2025-12-03T16:12:02.038+0000][7][gc,age      ] GC(171) - age   3:     774656 bytes,    3939616 total
[2025-12-03T16:12:02.039+0000][7][gc,age      ] GC(171) - age   4:     273856 bytes,    4213472 total
[2025-12-03T16:12:02.039+0000][7][gc,age      ] GC(171) - age   5:     174112 bytes,    4387584 total
[2025-12-03T16:12:02.039+0000][7][gc,age      ] GC(171) - age   6:     100784 bytes,    4488368 total
[2025-12-03T16:12:02.039+0000][7][gc,age      ] GC(171) - age   7:     140880 bytes,    4629248 total
[2025-12-03T16:12:02.039+0000][7][gc,age      ] GC(171) - age   8:    2136008 bytes,    6765256 total
[2025-12-03T16:12:02.039+0000][7][gc,age      ] GC(171) - age   9:       8952 bytes,    6774208 total
[2025-12-03T16:12:02.039+0000][7][gc,age      ] GC(171) - age  10:       8016 bytes,    6782224 total
[2025-12-03T16:12:02.039+0000][7][gc,age      ] GC(171) - age  11:      58000 bytes,    6840224 total
[2025-12-03T16:12:02.039+0000][7][gc,age      ] GC(171) - age  12:       8216 bytes,    6848440 total
[2025-12-03T16:12:02.039+0000][7][gc,age      ] GC(171) - age  13:     505016 bytes,    7353456 total
[2025-12-03T16:12:02.039+0000][7][gc,age      ] GC(171) - age  14:      88440 bytes,    7441896 total
[2025-12-03T16:12:02.039+0000][7][gc,age      ] GC(171) - age  15:     300296 bytes,    7742192 total
[2025-12-03T16:12:02.040+0000][7][gc,phases   ] GC(171)   Pre Evacuate Collection Set: 0.6ms
[2025-12-03T16:12:02.040+0000][7][gc,phases   ] GC(171)   Merge Heap Roots: 0.2ms
[2025-12-03T16:12:02.040+0000][7][gc,phases   ] GC(171)   Evacuate Collection Set: 14.6ms
[2025-12-03T16:12:02.040+0000][7][gc,phases   ] GC(171)   Post Evacuate Collection Set: 3.7ms
[2025-12-03T16:12:02.040+0000][7][gc,phases   ] GC(171)   Other: 2.9ms
[2025-12-03T16:12:02.040+0000][7][gc,heap     ] GC(171) Eden regions: 65->0(65)
[2025-12-03T16:12:02.040+0000][7][gc,heap     ] GC(171) Survivor regions: 2->2(9)
[2025-12-03T16:12:02.040+0000][7][gc,heap     ] GC(171) Old regions: 34->34
[2025-12-03T16:12:02.040+0000][7][gc,heap     ] GC(171) Archive regions: 2->2
[2025-12-03T16:12:02.040+0000][7][gc,heap     ] GC(171) Humongous regions: 2->2
[2025-12-03T16:12:02.041+0000][7][gc,metaspace] GC(171) Metaspace: 115732K(117440K)->115732K(117440K) NonClass: 100927K(101888K)->100927K(101888K) Class: 14804K(15552K)->14804K(15552K)
[2025-12-03T16:12:02.041+0000][7][gc          ] GC(171) Pause Young (Normal) (G1 Evacuation Pause) 413M->153M(512M) 22.879ms
[2025-12-03T16:12:02.041+0000][7][gc,cpu      ] GC(171) User=0.10s Sys=0.00s Real=0.02s
[2025-12-03T16:12:02.041+0000][7][safepoint   ] Safepoint "G1CollectForAllocation", Time since last: 445347708 ns, Reaching safepoint: 186250 ns, At safepoint: 23413167 ns, Total: 23599417 ns
[2025-12-03T16:12:49.527+0000][7][gc,start    ] GC(172) Pause Young (Normal) (G1 Evacuation Pause)
[2025-12-03T16:12:49.527+0000][7][gc,task     ] GC(172) Using 8 workers of 8 for evacuation
[2025-12-03T16:12:49.528+0000][7][gc,age      ] GC(172) Desired survivor size 18874368 bytes, new threshold 15 (max threshold 15)
[2025-12-03T16:12:49.555+0000][7][gc,age      ] GC(172) Age table with threshold 15 (max threshold 15)
[2025-12-03T16:12:49.555+0000][7][gc,age      ] GC(172) - age   1:    2484280 bytes,    2484280 total
[2025-12-03T16:12:49.555+0000][7][gc,age      ] GC(172) - age   2:     381848 bytes,    2866128 total
[2025-12-03T16:12:49.555+0000][7][gc,age      ] GC(172) - age   3:     252752 bytes,    3118880 total
[2025-12-03T16:12:49.555+0000][7][gc,age      ] GC(172) - age   4:      54144 bytes,    3173024 total
[2025-12-03T16:12:49.555+0000][7][gc,age      ] GC(172) - age   5:     273568 bytes,    3446592 total
[2025-12-03T16:12:49.555+0000][7][gc,age      ] GC(172) - age   6:     173400 bytes,    3619992 total
[2025-12-03T16:12:49.555+0000][7][gc,age      ] GC(172) - age   7:     100528 bytes,    3720520 total
[2025-12-03T16:12:49.556+0000][7][gc,age      ] GC(172) - age   8:       9792 bytes,    3730312 total
[2025-12-03T16:12:49.556+0000][7][gc,age      ] GC(172) - age   9:    2136008 bytes,    5866320 total
[2025-12-03T16:12:49.556+0000][7][gc,age      ] GC(172) - age  10:       8952 bytes,    5875272 total
[2025-12-03T16:12:49.556+0000][7][gc,age      ] GC(172) - age  11:       8016 bytes,    5883288 total
[2025-12-03T16:12:49.556+0000][7][gc,age      ] GC(172) - age  12:      58000 bytes,    5941288 total
[2025-12-03T16:12:49.556+0000][7][gc,age      ] GC(172) - age  13:       8216 bytes,    5949504 total
[2025-12-03T16:12:49.556+0000][7][gc,age      ] GC(172) - age  14:     505016 bytes,    6454520 total
[2025-12-03T16:12:49.556+0000][7][gc,age      ] GC(172) - age  15:      88240 bytes,    6542760 total
[2025-12-03T16:12:49.556+0000][7][gc,phases   ] GC(172)   Pre Evacuate Collection Set: 0.6ms
[2025-12-03T16:12:49.556+0000][7][gc,phases   ] GC(172)   Merge Heap Roots: 0.2ms
[2025-12-03T16:12:49.556+0000][7][gc,phases   ] GC(172)   Evacuate Collection Set: 22.1ms
[2025-12-03T16:12:49.556+0000][7][gc,phases   ] GC(172)   Post Evacuate Collection Set: 4.3ms
[2025-12-03T16:12:49.556+0000][7][gc,phases   ] GC(172)   Other: 2.5ms
[2025-12-03T16:12:49.557+0000][7][gc,heap     ] GC(172) Eden regions: 65->0(65)
[2025-12-03T16:12:49.557+0000][7][gc,heap     ] GC(172) Survivor regions: 2->2(9)
[2025-12-03T16:12:49.557+0000][7][gc,heap     ] GC(172) Old regions: 34->34
[2025-12-03T16:12:49.557+0000][7][gc,heap     ] GC(172) Archive regions: 2->2
[2025-12-03T16:12:49.557+0000][7][gc,heap     ] GC(172) Humongous regions: 2->2
[2025-12-03T16:12:49.557+0000][7][gc,metaspace] GC(172) Metaspace: 115732K(117440K)->115732K(117440K) NonClass: 100927K(101888K)->100927K(101888K) Class: 14804K(15552K)->14804K(15552K)
[2025-12-03T16:12:49.557+0000][7][gc          ] GC(172) Pause Young (Normal) (G1 Evacuation Pause) 413M->152M(512M) 30.352ms
[2025-12-03T16:12:49.557+0000][7][gc,cpu      ] GC(172) User=0.11s Sys=0.00s Real=0.04s
[2025-12-03T16:12:49.557+0000][7][safepoint   ] Safepoint "G1CollectForAllocation", Time since last: 47483971605 ns, Reaching safepoint: 477875 ns, At safepoint: 30840417 ns, Total: 31318292 ns
[2025-12-03T16:13:19.614+0000][7][safepoint   ] Safepoint "Cleanup", Time since last: 30056598430 ns, Reaching safepoint: 259375 ns, At safepoint: 16000 ns, Total: 275375 ns
[2025-12-03T16:13:26.625+0000][7][safepoint   ] Safepoint "Cleanup", Time since last: 7010584795 ns, Reaching safepoint: 489166 ns, At safepoint: 12959 ns, Total: 502125 ns
[2025-12-03T16:13:29.176+0000][7][gc,start    ] GC(173) Pause Young (Normal) (G1 Evacuation Pause)
[2025-12-03T16:13:29.177+0000][7][gc,task     ] GC(173) Using 8 workers of 8 for evacuation
[2025-12-03T16:13:29.177+0000][7][gc,age      ] GC(173) Desired survivor size 18874368 bytes, new threshold 15 (max threshold 15)
[2025-12-03T16:13:29.187+0000][7][gc,age      ] GC(173) Age table with threshold 15 (max threshold 15)
[2025-12-03T16:13:29.187+0000][7][gc,age      ] GC(173) - age   1:    4080312 bytes,    4080312 total
[2025-12-03T16:13:29.187+0000][7][gc,age      ] GC(173) - age   2:     938552 bytes,    5018864 total
[2025-12-03T16:13:29.187+0000][7][gc,age      ] GC(173) - age   3:     114944 bytes,    5133808 total
[2025-12-03T16:13:29.188+0000][7][gc,age      ] GC(173) - age   4:     251032 bytes,    5384840 total
[2025-12-03T16:13:29.188+0000][7][gc,age      ] GC(173) - age   5:      53104 bytes,    5437944 total
[2025-12-03T16:13:29.188+0000][7][gc,age      ] GC(173) - age   6:     273504 bytes,    5711448 total
[2025-12-03T16:13:29.188+0000][7][gc,age      ] GC(173) - age   7:     173144 bytes,    5884592 total
[2025-12-03T16:13:29.188+0000][7][gc,age      ] GC(173) - age   8:      99848 bytes,    5984440 total
[2025-12-03T16:13:29.188+0000][7][gc,age      ] GC(173) - age   9:       9728 bytes,    5994168 total
[2025-12-03T16:13:29.188+0000][7][gc,age      ] GC(173) - age  10:    2136008 bytes,    8130176 total
[2025-12-03T16:13:29.188+0000][7][gc,age      ] GC(173) - age  11:       8952 bytes,    8139128 total
[2025-12-03T16:13:29.188+0000][7][gc,age      ] GC(173) - age  12:       8016 bytes,    8147144 total
[2025-12-03T16:13:29.188+0000][7][gc,age      ] GC(173) - age  13:      58000 bytes,    8205144 total
[2025-12-03T16:13:29.188+0000][7][gc,age      ] GC(173) - age  14:       8216 bytes,    8213360 total
[2025-12-03T16:13:29.188+0000][7][gc,age      ] GC(173) - age  15:     505016 bytes,    8718376 total
[2025-12-03T16:13:29.188+0000][7][gc,phases   ] GC(173)   Pre Evacuate Collection Set: 0.3ms
[2025-12-03T16:13:29.188+0000][7][gc,phases   ] GC(173)   Merge Heap Roots: 0.1ms
[2025-12-03T16:13:29.188+0000][7][gc,phases   ] GC(173)   Evacuate Collection Set: 8.1ms
[2025-12-03T16:13:29.188+0000][7][gc,phases   ] GC(173)   Post Evacuate Collection Set: 2.0ms
[2025-12-03T16:13:29.188+0000][7][gc,phases   ] GC(173)   Other: 1.0ms
[2025-12-03T16:13:29.188+0000][7][gc,heap     ] GC(173) Eden regions: 65->0(64)
[2025-12-03T16:13:29.188+0000][7][gc,heap     ] GC(173) Survivor regions: 2->3(9)
[2025-12-03T16:13:29.188+0000][7][gc,heap     ] GC(173) Old regions: 34->34
[2025-12-03T16:13:29.188+0000][7][gc,heap     ] GC(173) Archive regions: 2->2
[2025-12-03T16:13:29.188+0000][7][gc,heap     ] GC(173) Humongous regions: 2->2
[2025-12-03T16:13:29.188+0000][7][gc,metaspace] GC(173) Metaspace: 115732K(117440K)->115732K(117440K) NonClass: 100927K(101888K)->100927K(101888K) Class: 14804K(15552K)->14804K(15552K)
[2025-12-03T16:13:29.188+0000][7][gc          ] GC(173) Pause Young (Normal) (G1 Evacuation Pause) 412M->155M(512M) 11.851ms
[2025-12-03T16:13:29.188+0000][7][gc,cpu      ] GC(173) User=0.06s Sys=0.00s Real=0.02s
[2025-12-03T16:13:29.189+0000][7][safepoint   ] Safepoint "G1CollectForAllocation", Time since last: 2551501376 ns, Reaching safepoint: 53875 ns, At safepoint: 12074458 ns, Total: 12128333 ns
[2025-12-03T16:14:07.578+0000][7][gc,start    ] GC(174) Pause Young (Normal) (G1 Evacuation Pause)
[2025-12-03T16:14:07.578+0000][7][gc,task     ] GC(174) Using 8 workers of 8 for evacuation
[2025-12-03T16:14:07.579+0000][7][gc,age      ] GC(174) Desired survivor size 18874368 bytes, new threshold 15 (max threshold 15)
[2025-12-03T16:14:07.586+0000][7][gc,age      ] GC(174) Age table with threshold 15 (max threshold 15)
[2025-12-03T16:14:07.586+0000][7][gc,age      ] GC(174) - age   1:    2021240 bytes,    2021240 total
[2025-12-03T16:14:07.586+0000][7][gc,age      ] GC(174) - age   2:     409432 bytes,    2430672 total
[2025-12-03T16:14:07.586+0000][7][gc,age      ] GC(174) - age   3:     673872 bytes,    3104544 total
[2025-12-03T16:14:07.586+0000][7][gc,age      ] GC(174) - age   4:     113720 bytes,    3218264 total
[2025-12-03T16:14:07.586+0000][7][gc,age      ] GC(174) - age   5:     250904 bytes,    3469168 total
[2025-12-03T16:14:07.586+0000][7][gc,age      ] GC(174) - age   6:      52912 bytes,    3522080 total
[2025-12-03T16:14:07.586+0000][7][gc,age      ] GC(174) - age   7:     273240 bytes,    3795320 total
[2025-12-03T16:14:07.586+0000][7][gc,age      ] GC(174) - age   8:     173016 bytes,    3968336 total
[2025-12-03T16:14:07.586+0000][7][gc,age      ] GC(174) - age   9:      99448 bytes,    4067784 total
[2025-12-03T16:14:07.586+0000][7][gc,age      ] GC(174) - age  10:       9600 bytes,    4077384 total
[2025-12-03T16:14:07.586+0000][7][gc,age      ] GC(174) - age  11:    2136008 bytes,    6213392 total
[2025-12-03T16:14:07.586+0000][7][gc,age      ] GC(174) - age  12:       8952 bytes,    6222344 total
[2025-12-03T16:14:07.586+0000][7][gc,age      ] GC(174) - age  13:       8016 bytes,    6230360 total
[2025-12-03T16:14:07.586+0000][7][gc,age      ] GC(174) - age  14:      58000 bytes,    6288360 total
[2025-12-03T16:14:07.586+0000][7][gc,age      ] GC(174) - age  15:       8216 bytes,    6296576 total
[2025-12-03T16:14:07.587+0000][7][gc,phases   ] GC(174)   Pre Evacuate Collection Set: 0.2ms
[2025-12-03T16:14:07.587+0000][7][gc,phases   ] GC(174)   Merge Heap Roots: 0.1ms
[2025-12-03T16:14:07.587+0000][7][gc,phases   ] GC(174)   Evacuate Collection Set: 5.6ms
[2025-12-03T16:14:07.587+0000][7][gc,phases   ] GC(174)   Post Evacuate Collection Set: 1.4ms
[2025-12-03T16:14:07.587+0000][7][gc,phases   ] GC(174)   Other: 1.1ms
[2025-12-03T16:14:07.587+0000][7][gc,heap     ] GC(174) Eden regions: 64->0(65)
[2025-12-03T16:14:07.587+0000][7][gc,heap     ] GC(174) Survivor regions: 3->2(9)
[2025-12-03T16:14:07.587+0000][7][gc,heap     ] GC(174) Old regions: 34->34
[2025-12-03T16:14:07.587+0000][7][gc,heap     ] GC(174) Archive regions: 2->2
[2025-12-03T16:14:07.587+0000][7][gc,heap     ] GC(174) Humongous regions: 2->2
[2025-12-03T16:14:07.587+0000][7][gc,metaspace] GC(174) Metaspace: 115733K(117440K)->115733K(117440K) NonClass: 100928K(101888K)->100928K(101888K) Class: 14804K(15552K)->14804K(15552K)
[2025-12-03T16:14:07.587+0000][7][gc          ] GC(174) Pause Young (Normal) (G1 Evacuation Pause) 411M->153M(512M) 8.700ms
[2025-12-03T16:14:07.587+0000][7][gc,cpu      ] GC(174) User=0.03s Sys=0.00s Real=0.01s
[2025-12-03T16:14:07.587+0000][7][safepoint   ] Safepoint "G1CollectForAllocation", Time since last: 38386275601 ns, Reaching safepoint: 236541 ns, At safepoint: 8828667 ns, Total: 9065208 ns
[2025-12-03T16:14:10.590+0000][7][safepoint   ] Safepoint "Cleanup", Time since last: 3003009751 ns, Reaching safepoint: 102209 ns, At safepoint: 3750 ns, Total: 105959 ns
[2025-12-03T16:14:36.616+0000][7][safepoint   ] Safepoint "Cleanup", Time since last: 26029020512 ns, Reaching safepoint: 900042 ns, At safepoint: 28958 ns, Total: 929000 ns
[2025-12-03T16:14:50.755+0000][7][gc,start    ] GC(175) Pause Young (Normal) (G1 Evacuation Pause)
[2025-12-03T16:14:50.757+0000][7][gc,task     ] GC(175) Using 8 workers of 8 for evacuation
[2025-12-03T16:14:50.758+0000][7][gc,age      ] GC(175) Desired survivor size 18874368 bytes, new threshold 15 (max threshold 15)
[2025-12-03T16:14:50.795+0000][7][gc,age      ] GC(175) Age table with threshold 15 (max threshold 15)
[2025-12-03T16:14:50.795+0000][7][gc,age      ] GC(175) - age   1:    3011008 bytes,    3011008 total
[2025-12-03T16:14:50.795+0000][7][gc,age      ] GC(175) - age   2:     280496 bytes,    3291504 total
[2025-12-03T16:14:50.795+0000][7][gc,age      ] GC(175) - age   3:     142744 bytes,    3434248 total
[2025-12-03T16:14:50.795+0000][7][gc,age      ] GC(175) - age   4:      43424 bytes,    3477672 total
[2025-12-03T16:14:50.795+0000][7][gc,age      ] GC(175) - age   5:     113464 bytes,    3591136 total
[2025-12-03T16:14:50.796+0000][7][gc,age      ] GC(175) - age   6:     250904 bytes,    3842040 total
[2025-12-03T16:14:50.796+0000][7][gc,age      ] GC(175) - age   7:      52720 bytes,    3894760 total
[2025-12-03T16:14:50.796+0000][7][gc,age      ] GC(175) - age   8:     273240 bytes,    4168000 total
[2025-12-03T16:14:50.796+0000][7][gc,age      ] GC(175) - age   9:     172568 bytes,    4340568 total
[2025-12-03T16:14:50.796+0000][7][gc,age      ] GC(175) - age  10:      99448 bytes,    4440016 total
[2025-12-03T16:14:50.796+0000][7][gc,age      ] GC(175) - age  11:       9600 bytes,    4449616 total
[2025-12-03T16:14:50.796+0000][7][gc,age      ] GC(175) - age  12:    2136008 bytes,    6585624 total
[2025-12-03T16:14:50.796+0000][7][gc,age      ] GC(175) - age  13:       8952 bytes,    6594576 total
[2025-12-03T16:14:50.796+0000][7][gc,age      ] GC(175) - age  14:       8016 bytes,    6602592 total
[2025-12-03T16:14:50.796+0000][7][gc,age      ] GC(175) - age  15:      58000 bytes,    6660592 total
[2025-12-03T16:14:50.796+0000][7][gc,phases   ] GC(175)   Pre Evacuate Collection Set: 1.4ms
[2025-12-03T16:14:50.796+0000][7][gc,phases   ] GC(175)   Merge Heap Roots: 0.3ms
[2025-12-03T16:14:50.796+0000][7][gc,phases   ] GC(175)   Evacuate Collection Set: 26.7ms
[2025-12-03T16:14:50.796+0000][7][gc,phases   ] GC(175)   Post Evacuate Collection Set: 8.9ms
[2025-12-03T16:14:50.796+0000][7][gc,phases   ] GC(175)   Other: 3.8ms
[2025-12-03T16:14:50.797+0000][7][gc,heap     ] GC(175) Eden regions: 65->0(65)
[2025-12-03T16:14:50.797+0000][7][gc,heap     ] GC(175) Survivor regions: 2->2(9)
[2025-12-03T16:14:50.797+0000][7][gc,heap     ] GC(175) Old regions: 34->34
[2025-12-03T16:14:50.797+0000][7][gc,heap     ] GC(175) Archive regions: 2->2
[2025-12-03T16:14:50.797+0000][7][gc,heap     ] GC(175) Humongous regions: 2->2
[2025-12-03T16:14:50.797+0000][7][gc,metaspace] GC(175) Metaspace: 115738K(117440K)->115738K(117440K) NonClass: 100934K(101888K)->100934K(101888K) Class: 14804K(15552K)->14804K(15552K)
[2025-12-03T16:14:50.797+0000][7][gc          ] GC(175) Pause Young (Normal) (G1 Evacuation Pause) 413M->153M(512M) 41.589ms
[2025-12-03T16:14:50.797+0000][7][gc,cpu      ] GC(175) User=0.17s Sys=0.00s Real=0.05s
[2025-12-03T16:14:50.797+0000][7][safepoint   ] Safepoint "G1CollectForAllocation", Time since last: 14138402257 ns, Reaching safepoint: 878625 ns, At safepoint: 42206875 ns, Total: 43085500 ns
[2025-12-03T16:15:17.848+0000][7][safepoint   ] Safepoint "Cleanup", Time since last: 27044851720 ns, Reaching safepoint: 304709 ns, At safepoint: 13875 ns, Total: 318584 ns
[2025-12-03T16:15:25.861+0000][7][safepoint   ] Safepoint "Cleanup", Time since last: 8012419295 ns, Reaching safepoint: 403917 ns, At safepoint: 35291 ns, Total: 439208 ns
[2025-12-03T16:15:27.865+0000][7][safepoint   ] Safepoint "Cleanup", Time since last: 2003521960 ns, Reaching safepoint: 91208 ns, At safepoint: 6042 ns, Total: 97250 ns
[2025-12-03T16:15:32.046+0000][7][gc,start    ] GC(176) Pause Young (Normal) (G1 Evacuation Pause)
[2025-12-03T16:15:32.047+0000][7][gc,task     ] GC(176) Using 8 workers of 8 for evacuation
[2025-12-03T16:15:32.047+0000][7][gc,age      ] GC(176) Desired survivor size 18874368 bytes, new threshold 15 (max threshold 15)
[2025-12-03T16:15:32.091+0000][7][gc,age      ] GC(176) Age table with threshold 15 (max threshold 15)
[2025-12-03T16:15:32.091+0000][7][gc,age      ] GC(176) - age   1:    2815856 bytes,    2815856 total
[2025-12-03T16:15:32.091+0000][7][gc,age      ] GC(176) - age   2:     719072 bytes,    3534928 total
[2025-12-03T16:15:32.091+0000][7][gc,age      ] GC(176) - age   3:     145456 bytes,    3680384 total
[2025-12-03T16:15:32.091+0000][7][gc,age      ] GC(176) - age   4:     141432 bytes,    3821816 total
[2025-12-03T16:15:32.093+0000][7][gc,age      ] GC(176) - age   5:      43200 bytes,    3865016 total
[2025-12-03T16:15:32.093+0000][7][gc,age      ] GC(176) - age   6:     113360 bytes,    3978376 total
[2025-12-03T16:15:32.093+0000][7][gc,age      ] GC(176) - age   7:     250488 bytes,    4228864 total
[2025-12-03T16:15:32.094+0000][7][gc,age      ] GC(176) - age   8:      52720 bytes,    4281584 total
[2025-12-03T16:15:32.094+0000][7][gc,age      ] GC(176) - age   9:     273240 bytes,    4554824 total
[2025-12-03T16:15:32.094+0000][7][gc,age      ] GC(176) - age  10:     172504 bytes,    4727328 total
[2025-12-03T16:15:32.094+0000][7][gc,age      ] GC(176) - age  11:      99448 bytes,    4826776 total
[2025-12-03T16:15:32.094+0000][7][gc,age      ] GC(176) - age  12:       9600 bytes,    4836376 total
[2025-12-03T16:15:32.094+0000][7][gc,age      ] GC(176) - age  13:    2136008 bytes,    6972384 total
[2025-12-03T16:15:32.095+0000][7][gc,age      ] GC(176) - age  14:       8952 bytes,    6981336 total
[2025-12-03T16:15:32.095+0000][7][gc,age      ] GC(176) - age  15:       8016 bytes,    6989352 total
[2025-12-03T16:15:32.095+0000][7][gc,phases   ] GC(176)   Pre Evacuate Collection Set: 0.7ms
[2025-12-03T16:15:32.095+0000][7][gc,phases   ] GC(176)   Merge Heap Roots: 0.6ms
[2025-12-03T16:15:32.096+0000][7][gc,phases   ] GC(176)   Evacuate Collection Set: 38.1ms
[2025-12-03T16:15:32.096+0000][7][gc,phases   ] GC(176)   Post Evacuate Collection Set: 4.2ms
[2025-12-03T16:15:32.096+0000][7][gc,phases   ] GC(176)   Other: 6.1ms
[2025-12-03T16:15:32.096+0000][7][gc,heap     ] GC(176) Eden regions: 65->0(65)
[2025-12-03T16:15:32.096+0000][7][gc,heap     ] GC(176) Survivor regions: 2->2(9)
[2025-12-03T16:15:32.096+0000][7][gc,heap     ] GC(176) Old regions: 34->34
[2025-12-03T16:15:32.096+0000][7][gc,heap     ] GC(176) Archive regions: 2->2
[2025-12-03T16:15:32.096+0000][7][gc,heap     ] GC(176) Humongous regions: 2->2
[2025-12-03T16:15:32.097+0000][7][gc,metaspace] GC(176) Metaspace: 115766K(117504K)->115766K(117504K) NonClass: 100961K(101952K)->100961K(101952K) Class: 14804K(15552K)->14804K(15552K)
[2025-12-03T16:15:32.097+0000][7][gc          ] GC(176) Pause Young (Normal) (G1 Evacuation Pause) 413M->154M(512M) 50.745ms
[2025-12-03T16:15:32.097+0000][7][gc,cpu      ] GC(176) User=0.14s Sys=0.01s Real=0.05s
[2025-12-03T16:15:32.097+0000][7][safepoint   ] Safepoint "G1CollectForAllocation", Time since last: 4179793584 ns, Reaching safepoint: 101792 ns, At safepoint: 51284750 ns, Total: 51386542 ns
[2025-12-03T16:16:14.170+0000][7][safepoint   ] Safepoint "Cleanup", Time since last: 42072217144 ns, Reaching safepoint: 326917 ns, At safepoint: 5125 ns, Total: 332042 ns
[2025-12-03T16:16:14.392+0000][7][gc,start    ] GC(177) Pause Young (Normal) (G1 Evacuation Pause)
[2025-12-03T16:16:14.393+0000][7][gc,task     ] GC(177) Using 8 workers of 8 for evacuation
[2025-12-03T16:16:14.393+0000][7][gc,age      ] GC(177) Desired survivor size 18874368 bytes, new threshold 15 (max threshold 15)
[2025-12-03T16:16:14.401+0000][7][gc,age      ] GC(177) Age table with threshold 15 (max threshold 15)
[2025-12-03T16:16:14.401+0000][7][gc,age      ] GC(177) - age   1:    3065064 bytes,    3065064 total
[2025-12-03T16:16:14.401+0000][7][gc,age      ] GC(177) - age   2:     908760 bytes,    3973824 total
[2025-12-03T16:16:14.401+0000][7][gc,age      ] GC(177) - age   3:     687576 bytes,    4661400 total
[2025-12-03T16:16:14.401+0000][7][gc,age      ] GC(177) - age   4:       9592 bytes,    4670992 total
[2025-12-03T16:16:14.401+0000][7][gc,age      ] GC(177) - age   5:       8872 bytes,    4679864 total
[2025-12-03T16:16:14.402+0000][7][gc,age      ] GC(177) - age   6:      42744 bytes,    4722608 total
[2025-12-03T16:16:14.402+0000][7][gc,age      ] GC(177) - age   7:      60920 bytes,    4783528 total
[2025-12-03T16:16:14.402+0000][7][gc,age      ] GC(177) - age   8:     215408 bytes,    4998936 total
[2025-12-03T16:16:14.402+0000][7][gc,age      ] GC(177) - age   9:      52720 bytes,    5051656 total
[2025-12-03T16:16:14.402+0000][7][gc,age      ] GC(177) - age  10:     273240 bytes,    5324896 total
[2025-12-03T16:16:14.402+0000][7][gc,age      ] GC(177) - age  11:     172504 bytes,    5497400 total
[2025-12-03T16:16:14.402+0000][7][gc,age      ] GC(177) - age  12:      99448 bytes,    5596848 total
[2025-12-03T16:16:14.402+0000][7][gc,age      ] GC(177) - age  13:       9600 bytes,    5606448 total
[2025-12-03T16:16:14.402+0000][7][gc,age      ] GC(177) - age  14:    2136008 bytes,    7742456 total
[2025-12-03T16:16:14.402+0000][7][gc,age      ] GC(177) - age  15:       8952 bytes,    7751408 total
[2025-12-03T16:16:14.402+0000][7][gc,phases   ] GC(177)   Pre Evacuate Collection Set: 0.3ms
[2025-12-03T16:16:14.402+0000][7][gc,phases   ] GC(177)   Merge Heap Roots: 0.1ms
[2025-12-03T16:16:14.402+0000][7][gc,phases   ] GC(177)   Evacuate Collection Set: 5.8ms
[2025-12-03T16:16:14.402+0000][7][gc,phases   ] GC(177)   Post Evacuate Collection Set: 2.0ms
[2025-12-03T16:16:14.402+0000][7][gc,phases   ] GC(177)   Other: 1.7ms
[2025-12-03T16:16:14.403+0000][7][gc,heap     ] GC(177) Eden regions: 65->0(65)
[2025-12-03T16:16:14.403+0000][7][gc,heap     ] GC(177) Survivor regions: 2->2(9)
[2025-12-03T16:16:14.403+0000][7][gc,heap     ] GC(177) Old regions: 34->34
[2025-12-03T16:16:14.403+0000][7][gc,heap     ] GC(177) Archive regions: 2->2
[2025-12-03T16:16:14.403+0000][7][gc,heap     ] GC(177) Humongous regions: 2->2
[2025-12-03T16:16:14.403+0000][7][gc,metaspace] GC(177) Metaspace: 115766K(117504K)->115766K(117504K) NonClass: 100961K(101952K)->100961K(101952K) Class: 14804K(15552K)->14804K(15552K)
[2025-12-03T16:16:14.403+0000][7][gc          ] GC(177) Pause Young (Normal) (G1 Evacuation Pause) 414M->154M(512M) 10.478ms
[2025-12-03T16:16:14.403+0000][7][gc,cpu      ] GC(177) User=0.05s Sys=0.00s Real=0.01s
[2025-12-03T16:16:14.403+0000][7][safepoint   ] Safepoint "G1CollectForAllocation", Time since last: 222187709 ns, Reaching safepoint: 48583 ns, At safepoint: 10753208 ns, Total: 10801791 ns
[2025-12-03T16:16:29.421+0000][7][safepoint   ] Safepoint "Cleanup", Time since last: 15017240882 ns, Reaching safepoint: 505042 ns, At safepoint: 16583 ns, Total: 521625 ns
[2025-12-03T16:16:56.787+0000][7][gc,start    ] GC(178) Pause Young (Normal) (G1 Evacuation Pause)
[2025-12-03T16:16:56.788+0000][7][gc,task     ] GC(178) Using 8 workers of 8 for evacuation
[2025-12-03T16:16:56.788+0000][7][gc,age      ] GC(178) Desired survivor size 18874368 bytes, new threshold 15 (max threshold 15)
[2025-12-03T16:16:56.796+0000][7][gc,age      ] GC(178) Age table with threshold 15 (max threshold 15)
[2025-12-03T16:16:56.796+0000][7][gc,age      ] GC(178) - age   1:    1780024 bytes,    1780024 total
[2025-12-03T16:16:56.797+0000][7][gc,age      ] GC(178) - age   2:     315544 bytes,    2095568 total
[2025-12-03T16:16:56.797+0000][7][gc,age      ] GC(178) - age   3:     495712 bytes,    2591280 total
[2025-12-03T16:16:56.797+0000][7][gc,age      ] GC(178) - age   4:     555744 bytes,    3147024 total
[2025-12-03T16:16:56.797+0000][7][gc,age      ] GC(178) - age   5:       8888 bytes,    3155912 total
[2025-12-03T16:16:56.797+0000][7][gc,age      ] GC(178) - age   6:       8456 bytes,    3164368 total
[2025-12-03T16:16:56.797+0000][7][gc,age      ] GC(178) - age   7:      42416 bytes,    3206784 total
[2025-12-03T16:16:56.797+0000][7][gc,age      ] GC(178) - age   8:      60856 bytes,    3267640 total
[2025-12-03T16:16:56.797+0000][7][gc,age      ] GC(178) - age   9:     215352 bytes,    3482992 total
[2025-12-03T16:16:56.797+0000][7][gc,age      ] GC(178) - age  10:      28432 bytes,    3511424 total
[2025-12-03T16:16:56.797+0000][7][gc,age      ] GC(178) - age  11:     273240 bytes,    3784664 total
[2025-12-03T16:16:56.797+0000][7][gc,age      ] GC(178) - age  12:     172504 bytes,    3957168 total
[2025-12-03T16:16:56.797+0000][7][gc,age      ] GC(178) - age  13:      99384 bytes,    4056552 total
[2025-12-03T16:16:56.797+0000][7][gc,age      ] GC(178) - age  14:       9600 bytes,    4066152 total
[2025-12-03T16:16:56.797+0000][7][gc,age      ] GC(178) - age  15:    2136008 bytes,    6202160 total
[2025-12-03T16:16:56.797+0000][7][gc,phases   ] GC(178)   Pre Evacuate Collection Set: 0.3ms
[2025-12-03T16:16:56.798+0000][7][gc,phases   ] GC(178)   Merge Heap Roots: 0.1ms
[2025-12-03T16:16:56.798+0000][7][gc,phases   ] GC(178)   Evacuate Collection Set: 5.6ms
[2025-12-03T16:16:56.798+0000][7][gc,phases   ] GC(178)   Post Evacuate Collection Set: 2.1ms
[2025-12-03T16:16:56.798+0000][7][gc,phases   ] GC(178)   Other: 2.0ms
[2025-12-03T16:16:56.798+0000][7][gc,heap     ] GC(178) Eden regions: 65->0(65)
[2025-12-03T16:16:56.798+0000][7][gc,heap     ] GC(178) Survivor regions: 2->2(9)
[2025-12-03T16:16:56.798+0000][7][gc,heap     ] GC(178) Old regions: 34->34
[2025-12-03T16:16:56.798+0000][7][gc,heap     ] GC(178) Archive regions: 2->2
[2025-12-03T16:16:56.798+0000][7][gc,heap     ] GC(178) Humongous regions: 2->2
[2025-12-03T16:16:56.798+0000][7][gc,metaspace] GC(178) Metaspace: 115768K(117504K)->115768K(117504K) NonClass: 100964K(101952K)->100964K(101952K) Class: 14804K(15552K)->14804K(15552K)
[2025-12-03T16:16:56.798+0000][7][gc          ] GC(178) Pause Young (Normal) (G1 Evacuation Pause) 414M->153M(512M) 10.839ms
[2025-12-03T16:16:56.798+0000][7][gc,cpu      ] GC(178) User=0.05s Sys=0.00s Real=0.01s
[2025-12-03T16:16:56.798+0000][7][safepoint   ] Safepoint "G1CollectForAllocation", Time since last: 27365123262 ns, Reaching safepoint: 217875 ns, At safepoint: 11062542 ns, Total: 11280417 ns
[2025-12-03T16:17:37.724+0000][7][gc,start    ] GC(179) Pause Young (Normal) (G1 Evacuation Pause)
[2025-12-03T16:17:37.724+0000][7][gc,task     ] GC(179) Using 8 workers of 8 for evacuation
[2025-12-03T16:17:37.724+0000][7][gc,age      ] GC(179) Desired survivor size 18874368 bytes, new threshold 15 (max threshold 15)
[2025-12-03T16:17:37.746+0000][7][gc,age      ] GC(179) Age table with threshold 15 (max threshold 15)
[2025-12-03T16:17:37.746+0000][7][gc,age      ] GC(179) - age   1:    3512256 bytes,    3512256 total
[2025-12-03T16:17:37.746+0000][7][gc,age      ] GC(179) - age   2:     169520 bytes,    3681776 total
[2025-12-03T16:17:37.746+0000][7][gc,age      ] GC(179) - age   3:     180144 bytes,    3861920 total
[2025-12-03T16:17:37.746+0000][7][gc,age      ] GC(179) - age   4:     363952 bytes,    4225872 total
[2025-12-03T16:17:37.746+0000][7][gc,age      ] GC(179) - age   5:      56896 bytes,    4282768 total
[2025-12-03T16:17:37.746+0000][7][gc,age      ] GC(179) - age   6:       8312 bytes,    4291080 total
[2025-12-03T16:17:37.746+0000][7][gc,age      ] GC(179) - age   7:       8264 bytes,    4299344 total
[2025-12-03T16:17:37.746+0000][7][gc,age      ] GC(179) - age   8:      42384 bytes,    4341728 total
[2025-12-03T16:17:37.746+0000][7][gc,age      ] GC(179) - age   9:      60792 bytes,    4402520 total
[2025-12-03T16:17:37.746+0000][7][gc,age      ] GC(179) - age  10:     215288 bytes,    4617808 total
[2025-12-03T16:17:37.746+0000][7][gc,age      ] GC(179) - age  11:      28432 bytes,    4646240 total
[2025-12-03T16:17:37.747+0000][7][gc,age      ] GC(179) - age  12:     273240 bytes,    4919480 total
[2025-12-03T16:17:37.747+0000][7][gc,age      ] GC(179) - age  13:     172440 bytes,    5091920 total
[2025-12-03T16:17:37.747+0000][7][gc,age      ] GC(179) - age  14:      99384 bytes,    5191304 total
[2025-12-03T16:17:37.747+0000][7][gc,age      ] GC(179) - age  15:       9600 bytes,    5200904 total
[2025-12-03T16:17:37.747+0000][7][gc,phases   ] GC(179)   Pre Evacuate Collection Set: 0.3ms
[2025-12-03T16:17:37.747+0000][7][gc,phases   ] GC(179)   Merge Heap Roots: 0.1ms
[2025-12-03T16:17:37.747+0000][7][gc,phases   ] GC(179)   Evacuate Collection Set: 16.7ms
[2025-12-03T16:17:37.747+0000][7][gc,phases   ] GC(179)   Post Evacuate Collection Set: 4.5ms
[2025-12-03T16:17:37.747+0000][7][gc,phases   ] GC(179)   Other: 1.6ms
[2025-12-03T16:17:37.747+0000][7][gc,heap     ] GC(179) Eden regions: 65->0(64)
[2025-12-03T16:17:37.747+0000][7][gc,heap     ] GC(179) Survivor regions: 2->2(9)
[2025-12-03T16:17:37.747+0000][7][gc,heap     ] GC(179) Old regions: 34->35
[2025-12-03T16:17:37.747+0000][7][gc,heap     ] GC(179) Archive regions: 2->2
[2025-12-03T16:17:37.747+0000][7][gc,heap     ] GC(179) Humongous regions: 2->2
[2025-12-03T16:17:37.747+0000][7][gc,metaspace] GC(179) Metaspace: 115775K(117504K)->115775K(117504K) NonClass: 100971K(101952K)->100971K(101952K) Class: 14804K(15552K)->14804K(15552K)
[2025-12-03T16:17:37.747+0000][7][gc          ] GC(179) Pause Young (Normal) (G1 Evacuation Pause) 413M->154M(512M) 23.862ms
[2025-12-03T16:17:37.747+0000][7][gc,cpu      ] GC(179) User=0.15s Sys=0.00s Real=0.03s
[2025-12-03T16:17:37.748+0000][7][safepoint   ] Safepoint "G1CollectForAllocation", Time since last: 40923091060 ns, Reaching safepoint: 279416 ns, At safepoint: 24103834 ns, Total: 24383250 ns
[2025-12-03T16:18:07.951+0000][7][safepoint   ] Safepoint "Cleanup", Time since last: 30202636638 ns, Reaching safepoint: 289042 ns, At safepoint: 16333 ns, Total: 305375 ns
[2025-12-03T16:18:09.958+0000][7][safepoint   ] Safepoint "Cleanup", Time since last: 2007017168 ns, Reaching safepoint: 121708 ns, At safepoint: 4875 ns, Total: 126583 ns
[2025-12-03T16:18:17.419+0000][7][gc,start    ] GC(180) Pause Young (Concurrent Start) (G1 Evacuation Pause)
[2025-12-03T16:18:17.419+0000][7][gc,task     ] GC(180) Using 8 workers of 8 for evacuation
[2025-12-03T16:18:17.419+0000][7][gc,age      ] GC(180) Desired survivor size 18874368 bytes, new threshold 15 (max threshold 15)
[2025-12-03T16:18:17.439+0000][7][gc,age      ] GC(180) Age table with threshold 15 (max threshold 15)
[2025-12-03T16:18:17.439+0000][7][gc,age      ] GC(180) - age   1:    2118072 bytes,    2118072 total
[2025-12-03T16:18:17.439+0000][7][gc,age      ] GC(180) - age   2:    1393760 bytes,    3511832 total
[2025-12-03T16:18:17.439+0000][7][gc,age      ] GC(180) - age   3:      35848 bytes,    3547680 total
[2025-12-03T16:18:17.439+0000][7][gc,age      ] GC(180) - age   4:     178168 bytes,    3725848 total
[2025-12-03T16:18:17.439+0000][7][gc,age      ] GC(180) - age   5:     363000 bytes,    4088848 total
[2025-12-03T16:18:17.439+0000][7][gc,age      ] GC(180) - age   6:      56392 bytes,    4145240 total
[2025-12-03T16:18:17.439+0000][7][gc,age      ] GC(180) - age   7:       8312 bytes,    4153552 total
[2025-12-03T16:18:17.439+0000][7][gc,age      ] GC(180) - age   8:       8264 bytes,    4161816 total
[2025-12-03T16:18:17.439+0000][7][gc,age      ] GC(180) - age   9:      42384 bytes,    4204200 total
[2025-12-03T16:18:17.439+0000][7][gc,age      ] GC(180) - age  10:      60792 bytes,    4264992 total
[2025-12-03T16:18:17.439+0000][7][gc,age      ] GC(180) - age  11:     215288 bytes,    4480280 total
[2025-12-03T16:18:17.439+0000][7][gc,age      ] GC(180) - age  12:      28432 bytes,    4508712 total
[2025-12-03T16:18:17.439+0000][7][gc,age      ] GC(180) - age  13:     273240 bytes,    4781952 total
[2025-12-03T16:18:17.439+0000][7][gc,age      ] GC(180) - age  14:     172440 bytes,    4954392 total
[2025-12-03T16:18:17.439+0000][7][gc,age      ] GC(180) - age  15:      99384 bytes,    5053776 total
[2025-12-03T16:18:17.440+0000][7][gc,phases   ] GC(180)   Pre Evacuate Collection Set: 1.8ms
[2025-12-03T16:18:17.440+0000][7][gc,phases   ] GC(180)   Merge Heap Roots: 0.1ms
[2025-12-03T16:18:17.440+0000][7][gc,phases   ] GC(180)   Evacuate Collection Set: 15.9ms
[2025-12-03T16:18:17.440+0000][7][gc,phases   ] GC(180)   Post Evacuate Collection Set: 1.2ms
[2025-12-03T16:18:17.440+0000][7][gc,phases   ] GC(180)   Other: 1.9ms
[2025-12-03T16:18:17.440+0000][7][gc,heap     ] GC(180) Eden regions: 64->0(64)
[2025-12-03T16:18:17.440+0000][7][gc,heap     ] GC(180) Survivor regions: 2->2(9)
[2025-12-03T16:18:17.440+0000][7][gc,heap     ] GC(180) Old regions: 35->35
[2025-12-03T16:18:17.440+0000][7][gc,heap     ] GC(180) Archive regions: 2->2
[2025-12-03T16:18:17.440+0000][7][gc,heap     ] GC(180) Humongous regions: 2->2
[2025-12-03T16:18:17.440+0000][7][gc,metaspace] GC(180) Metaspace: 115799K(117504K)->115799K(117504K) NonClass: 100995K(101952K)->100995K(101952K) Class: 14804K(15552K)->14804K(15552K)
[2025-12-03T16:18:17.440+0000][7][gc          ] GC(180) Pause Young (Concurrent Start) (G1 Evacuation Pause) 410M->154M(512M) 21.383ms
[2025-12-03T16:18:17.440+0000][7][gc,cpu      ] GC(180) User=0.06s Sys=0.00s Real=0.02s
[2025-12-03T16:18:17.440+0000][7][safepoint   ] Safepoint "G1CollectForAllocation", Time since last: 7460077546 ns, Reaching safepoint: 119250 ns, At safepoint: 21650458 ns, Total: 21769708 ns
[2025-12-03T16:18:17.440+0000][7][gc          ] GC(181) Concurrent Mark Cycle
[2025-12-03T16:18:17.441+0000][7][gc,marking  ] GC(181) Concurrent Clear Claimed Marks
[2025-12-03T16:18:17.441+0000][7][gc,marking  ] GC(181) Concurrent Clear Claimed Marks 0.136ms
[2025-12-03T16:18:17.441+0000][7][gc,marking  ] GC(181) Concurrent Scan Root Regions
[2025-12-03T16:18:17.467+0000][7][gc,marking  ] GC(181) Concurrent Scan Root Regions 26.676ms
[2025-12-03T16:18:17.467+0000][7][gc,marking  ] GC(181) Concurrent Mark
[2025-12-03T16:18:17.467+0000][7][gc,marking  ] GC(181) Concurrent Mark From Roots
[2025-12-03T16:18:17.468+0000][7][gc,task     ] GC(181) Using 2 workers of 2 for marking
[2025-12-03T16:18:17.642+0000][7][gc,marking  ] GC(181) Concurrent Mark From Roots 174.509ms
[2025-12-03T16:18:17.642+0000][7][gc,marking  ] GC(181) Concurrent Preclean
[2025-12-03T16:18:17.643+0000][7][gc,marking  ] GC(181) Concurrent Preclean 1.020ms
[2025-12-03T16:18:17.643+0000][7][gc,start    ] GC(181) Pause Remark
[2025-12-03T16:18:17.788+0000][7][gc          ] GC(181) Pause Remark 168M->168M(512M) 145.140ms
[2025-12-03T16:18:17.789+0000][7][gc,cpu      ] GC(181) User=0.79s Sys=0.10s Real=0.15s
[2025-12-03T16:18:17.791+0000][7][safepoint   ] Safepoint "G1Concurrent", Time since last: 202989042 ns, Reaching safepoint: 53875 ns, At safepoint: 147812666 ns, Total: 147866541 ns
[2025-12-03T16:18:17.791+0000][7][gc,marking  ] GC(181) Concurrent Mark 323.854ms
[2025-12-03T16:18:17.794+0000][7][gc,marking  ] GC(181) Concurrent Rebuild Remembered Sets
[2025-12-03T16:18:17.838+0000][7][gc,marking  ] GC(181) Concurrent Rebuild Remembered Sets 44.740ms
[2025-12-03T16:18:17.839+0000][7][gc,start    ] GC(181) Pause Cleanup
[2025-12-03T16:18:17.839+0000][7][gc          ] GC(181) Pause Cleanup 168M->168M(512M) 0.145ms
[2025-12-03T16:18:17.839+0000][7][gc,cpu      ] GC(181) User=0.00s Sys=0.00s Real=0.00s
[2025-12-03T16:18:17.839+0000][7][safepoint   ] Safepoint "G1Concurrent", Time since last: 47380751 ns, Reaching safepoint: 238875 ns, At safepoint: 275791 ns, Total: 514666 ns
[2025-12-03T16:18:17.839+0000][7][gc,marking  ] GC(181) Concurrent Cleanup for Next Mark
[2025-12-03T16:18:17.841+0000][7][gc,marking  ] GC(181) Concurrent Cleanup for Next Mark 2.106ms
[2025-12-03T16:18:17.841+0000][7][gc          ] GC(181) Concurrent Mark Cycle 400.741ms
[2025-12-03T16:18:18.841+0000][7][safepoint   ] Safepoint "Cleanup", Time since last: 1001052834 ns, Reaching safepoint: 1048667 ns, At safepoint: 15041 ns, Total: 1063708 ns
[2025-12-03T16:18:19.739+0000][7][safepoint   ] Safepoint "ICBufferFull", Time since last: 897968376 ns, Reaching safepoint: 93416 ns, At safepoint: 2959 ns, Total: 96375 ns
[2025-12-03T16:18:20.740+0000][7][safepoint   ] Safepoint "Cleanup", Time since last: 1000705709 ns, Reaching safepoint: 168750 ns, At safepoint: 5500 ns, Total: 174250 ns
[2025-12-03T16:18:22.743+0000][7][safepoint   ] Safepoint "Cleanup", Time since last: 2002887459 ns, Reaching safepoint: 157500 ns, At safepoint: 4667 ns, Total: 162167 ns
[2025-12-03T16:18:27.616+0000][7][safepoint   ] Safepoint "ICBufferFull", Time since last: 4873227294 ns, Reaching safepoint: 156666 ns, At safepoint: 7750 ns, Total: 164416 ns
[2025-12-03T16:18:27.621+0000][7][safepoint   ] Safepoint "ICBufferFull", Time since last: 4830375 ns, Reaching safepoint: 127667 ns, At safepoint: 3167 ns, Total: 130834 ns
[2025-12-03T16:18:28.622+0000][7][safepoint   ] Safepoint "Cleanup", Time since last: 1000320333 ns, Reaching safepoint: 149917 ns, At safepoint: 5292 ns, Total: 155209 ns
[2025-12-03T16:18:29.579+0000][7][safepoint   ] Safepoint "ICBufferFull", Time since last: 957274875 ns, Reaching safepoint: 133167 ns, At safepoint: 4791 ns, Total: 137958 ns
[2025-12-03T16:18:29.590+0000][7][safepoint   ] Safepoint "ICBufferFull", Time since last: 10935000 ns, Reaching safepoint: 118292 ns, At safepoint: 3208 ns, Total: 121500 ns
[2025-12-03T16:18:29.598+0000][7][safepoint   ] Safepoint "ICBufferFull", Time since last: 7419125 ns, Reaching safepoint: 83042 ns, At safepoint: 2708 ns, Total: 85750 ns
[2025-12-03T16:18:30.599+0000][7][safepoint   ] Safepoint "Cleanup", Time since last: 1001049334 ns, Reaching safepoint: 345000 ns, At safepoint: 6917 ns, Total: 351917 ns
[2025-12-03T16:18:32.603+0000][7][safepoint   ] Safepoint "Cleanup", Time since last: 2001917126 ns, Reaching safepoint: 189208 ns, At safepoint: 8833 ns, Total: 198041 ns
[2025-12-03T16:18:38.609+0000][7][safepoint   ] Safepoint "Cleanup", Time since last: 6005315086 ns, Reaching safepoint: 330792 ns, At safepoint: 15458 ns, Total: 346250 ns
[2025-12-03T16:18:39.612+0000][7][safepoint   ] Safepoint "Cleanup", Time since last: 1003007084 ns, Reaching safepoint: 102042 ns, At safepoint: 5042 ns, Total: 107084 ns
[2025-12-03T16:18:41.616+0000][7][safepoint   ] Safepoint "Cleanup", Time since last: 2004287167 ns, Reaching safepoint: 270334 ns, At safepoint: 36958 ns, Total: 307292 ns
[2025-12-03T16:18:42.619+0000][7][safepoint   ] Safepoint "Cleanup", Time since last: 1001599209 ns, Reaching safepoint: 731166 ns, At safepoint: 33500 ns, Total: 764666 ns
[2025-12-03T16:18:50.631+0000][7][safepoint   ] Safepoint "Cleanup", Time since last: 8011649463 ns, Reaching safepoint: 521541 ns, At safepoint: 24625 ns, Total: 546166 ns
[2025-12-03T16:18:53.633+0000][7][safepoint   ] Safepoint "Cleanup", Time since last: 3002316585 ns, Reaching safepoint: 255917 ns, At safepoint: 12458 ns, Total: 268375 ns
[2025-12-03T16:18:58.645+0000][7][safepoint   ] Safepoint "Cleanup", Time since last: 5011051002 ns, Reaching safepoint: 445500 ns, At safepoint: 141625 ns, Total: 587125 ns
[2025-12-03T16:19:01.766+0000][7][gc,start    ] GC(182) Pause Young (Normal) (G1 Evacuation Pause)
[2025-12-03T16:19:01.767+0000][7][gc,task     ] GC(182) Using 8 workers of 8 for evacuation
[2025-12-03T16:19:01.767+0000][7][gc,age      ] GC(182) Desired survivor size 18874368 bytes, new threshold 15 (max threshold 15)
[2025-12-03T16:19:01.777+0000][7][gc,age      ] GC(182) Age table with threshold 15 (max threshold 15)
[2025-12-03T16:19:01.777+0000][7][gc,age      ] GC(182) - age   1:    2348832 bytes,    2348832 total
[2025-12-03T16:19:01.777+0000][7][gc,age      ] GC(182) - age   2:     838512 bytes,    3187344 total
[2025-12-03T16:19:01.777+0000][7][gc,age      ] GC(182) - age   3:    1257360 bytes,    4444704 total
[2025-12-03T16:19:01.778+0000][7][gc,age      ] GC(182) - age   4:      34960 bytes,    4479664 total
[2025-12-03T16:19:01.778+0000][7][gc,age      ] GC(182) - age   5:      46600 bytes,    4526264 total
[2025-12-03T16:19:01.778+0000][7][gc,age      ] GC(182) - age   6:     362808 bytes,    4889072 total
[2025-12-03T16:19:01.778+0000][7][gc,age      ] GC(182) - age   7:      56392 bytes,    4945464 total
[2025-12-03T16:19:01.778+0000][7][gc,age      ] GC(182) - age   8:       8312 bytes,    4953776 total
[2025-12-03T16:19:01.778+0000][7][gc,age      ] GC(182) - age   9:       7904 bytes,    4961680 total
[2025-12-03T16:19:01.778+0000][7][gc,age      ] GC(182) - age  10:      42384 bytes,    5004064 total
[2025-12-03T16:19:01.778+0000][7][gc,age      ] GC(182) - age  11:      60792 bytes,    5064856 total
[2025-12-03T16:19:01.778+0000][7][gc,age      ] GC(182) - age  12:     193696 bytes,    5258552 total
[2025-12-03T16:19:01.778+0000][7][gc,age      ] GC(182) - age  13:      28408 bytes,    5286960 total
[2025-12-03T16:19:01.778+0000][7][gc,age      ] GC(182) - age  14:     273240 bytes,    5560200 total
[2025-12-03T16:19:01.778+0000][7][gc,age      ] GC(182) - age  15:     172440 bytes,    5732640 total
[2025-12-03T16:19:01.778+0000][7][gc,phases   ] GC(182)   Pre Evacuate Collection Set: 0.3ms
[2025-12-03T16:19:01.778+0000][7][gc,phases   ] GC(182)   Merge Heap Roots: 0.2ms
[2025-12-03T16:19:01.778+0000][7][gc,phases   ] GC(182)   Evacuate Collection Set: 7.4ms
[2025-12-03T16:19:01.778+0000][7][gc,phases   ] GC(182)   Post Evacuate Collection Set: 2.2ms
[2025-12-03T16:19:01.778+0000][7][gc,phases   ] GC(182)   Other: 1.7ms
[2025-12-03T16:19:01.779+0000][7][gc,heap     ] GC(182) Eden regions: 64->0(64)
[2025-12-03T16:19:01.779+0000][7][gc,heap     ] GC(182) Survivor regions: 2->2(9)
[2025-12-03T16:19:01.779+0000][7][gc,heap     ] GC(182) Old regions: 35->35
[2025-12-03T16:19:01.779+0000][7][gc,heap     ] GC(182) Archive regions: 2->2
[2025-12-03T16:19:01.779+0000][7][gc,heap     ] GC(182) Humongous regions: 2->2
[2025-12-03T16:19:01.779+0000][7][gc,metaspace] GC(182) Metaspace: 115669K(117504K)->115669K(117504K) NonClass: 100894K(101952K)->100894K(101952K) Class: 14774K(15552K)->14774K(15552K)
[2025-12-03T16:19:01.779+0000][7][gc          ] GC(182) Pause Young (Normal) (G1 Evacuation Pause) 410M->155M(512M) 12.433ms
[2025-12-03T16:19:01.779+0000][7][gc,cpu      ] GC(182) User=0.06s Sys=0.00s Real=0.02s
[2025-12-03T16:19:01.779+0000][7][safepoint   ] Safepoint "G1CollectForAllocation", Time since last: 3120580126 ns, Reaching safepoint: 41625 ns, At safepoint: 12687250 ns, Total: 12728875 ns
[2025-12-03T16:19:05.785+0000][7][safepoint   ] Safepoint "Cleanup", Time since last: 4006068294 ns, Reaching safepoint: 63833 ns, At safepoint: 2583 ns, Total: 66416 ns
[2025-12-03T16:19:07.787+0000][7][safepoint   ] Safepoint "Cleanup", Time since last: 2001646668 ns, Reaching safepoint: 64417 ns, At safepoint: 2541 ns, Total: 66958 ns
[2025-12-03T16:19:08.789+0000][7][safepoint   ] Safepoint "Cleanup", Time since last: 1001989668 ns, Reaching safepoint: 56041 ns, At safepoint: 2292 ns, Total: 58333 ns
[2025-12-03T16:19:10.793+0000][7][safepoint   ] Safepoint "Cleanup", Time since last: 2003594542 ns, Reaching safepoint: 145750 ns, At safepoint: 4459 ns, Total: 150209 ns
[2025-12-03T16:19:17.800+0000][7][safepoint   ] Safepoint "Cleanup", Time since last: 7007130128 ns, Reaching safepoint: 86708 ns, At safepoint: 3042 ns, Total: 89750 ns
[2025-12-03T16:19:37.647+0000][7][gc,start    ] GC(183) Pause Young (Concurrent Start) (G1 Evacuation Pause)
[2025-12-03T16:19:37.647+0000][7][gc,task     ] GC(183) Using 8 workers of 8 for evacuation
[2025-12-03T16:19:37.648+0000][7][gc,age      ] GC(183) Desired survivor size 18874368 bytes, new threshold 15 (max threshold 15)
[2025-12-03T16:19:37.677+0000][7][gc,age      ] GC(183) Age table with threshold 15 (max threshold 15)
[2025-12-03T16:19:37.677+0000][7][gc,age      ] GC(183) - age   1:    1383368 bytes,    1383368 total
[2025-12-03T16:19:37.677+0000][7][gc,age      ] GC(183) - age   2:     503072 bytes,    1886440 total
[2025-12-03T16:19:37.677+0000][7][gc,age      ] GC(183) - age   3:     558024 bytes,    2444464 total
[2025-12-03T16:19:37.677+0000][7][gc,age      ] GC(183) - age   4:     626760 bytes,    3071224 total
[2025-12-03T16:19:37.678+0000][7][gc,age      ] GC(183) - age   5:      34832 bytes,    3106056 total
[2025-12-03T16:19:37.678+0000][7][gc,age      ] GC(183) - age   6:      46536 bytes,    3152592 total
[2025-12-03T16:19:37.678+0000][7][gc,age      ] GC(183) - age   7:     362744 bytes,    3515336 total
[2025-12-03T16:19:37.678+0000][7][gc,age      ] GC(183) - age   8:      56008 bytes,    3571344 total
[2025-12-03T16:19:37.678+0000][7][gc,age      ] GC(183) - age   9:       8312 bytes,    3579656 total
[2025-12-03T16:19:37.678+0000][7][gc,age      ] GC(183) - age  10:       7904 bytes,    3587560 total
[2025-12-03T16:19:37.678+0000][7][gc,age      ] GC(183) - age  11:      42384 bytes,    3629944 total
[2025-12-03T16:19:37.678+0000][7][gc,age      ] GC(183) - age  12:      60792 bytes,    3690736 total
[2025-12-03T16:19:37.679+0000][7][gc,age      ] GC(183) - age  13:     193696 bytes,    3884432 total
[2025-12-03T16:19:37.679+0000][7][gc,age      ] GC(183) - age  14:      28408 bytes,    3912840 total
[2025-12-03T16:19:37.679+0000][7][gc,age      ] GC(183) - age  15:     273240 bytes,    4186080 total
[2025-12-03T16:19:37.679+0000][7][gc,phases   ] GC(183)   Pre Evacuate Collection Set: 2.2ms
[2025-12-03T16:19:37.679+0000][7][gc,phases   ] GC(183)   Merge Heap Roots: 0.2ms
[2025-12-03T16:19:37.679+0000][7][gc,phases   ] GC(183)   Evacuate Collection Set: 22.2ms
[2025-12-03T16:19:37.679+0000][7][gc,phases   ] GC(183)   Post Evacuate Collection Set: 4.9ms
[2025-12-03T16:19:37.679+0000][7][gc,phases   ] GC(183)   Other: 3.1ms
[2025-12-03T16:19:37.679+0000][7][gc,heap     ] GC(183) Eden regions: 64->0(64)
[2025-12-03T16:19:37.680+0000][7][gc,heap     ] GC(183) Survivor regions: 2->2(9)
[2025-12-03T16:19:37.680+0000][7][gc,heap     ] GC(183) Old regions: 35->35
[2025-12-03T16:19:37.680+0000][7][gc,heap     ] GC(183) Archive regions: 2->2
[2025-12-03T16:19:37.680+0000][7][gc,heap     ] GC(183) Humongous regions: 2->2
[2025-12-03T16:19:37.680+0000][7][gc,metaspace] GC(183) Metaspace: 115669K(117504K)->115669K(117504K) NonClass: 100894K(101952K)->100894K(101952K) Class: 14774K(15552K)->14774K(15552K)
[2025-12-03T16:19:37.680+0000][7][gc          ] GC(183) Pause Young (Concurrent Start) (G1 Evacuation Pause) 411M->153M(512M) 33.170ms
[2025-12-03T16:19:37.680+0000][7][gc,cpu      ] GC(183) User=0.11s Sys=0.01s Real=0.04s
[2025-12-03T16:19:37.680+0000][7][gc          ] GC(184) Concurrent Mark Cycle
[2025-12-03T16:19:37.680+0000][7][gc,marking  ] GC(184) Concurrent Clear Claimed Marks
[2025-12-03T16:19:37.680+0000][7][safepoint   ] Safepoint "G1CollectForAllocation", Time since last: 19845431301 ns, Reaching safepoint: 406833 ns, At safepoint: 33647625 ns, Total: 34054458 ns
[2025-12-03T16:19:37.681+0000][7][gc,marking  ] GC(184) Concurrent Clear Claimed Marks 0.430ms
[2025-12-03T16:19:37.682+0000][7][gc,marking  ] GC(184) Concurrent Scan Root Regions
[2025-12-03T16:19:37.690+0000][7][gc,marking  ] GC(184) Concurrent Scan Root Regions 8.274ms
[2025-12-03T16:19:37.691+0000][7][gc,marking  ] GC(184) Concurrent Mark
[2025-12-03T16:19:37.691+0000][7][gc,marking  ] GC(184) Concurrent Mark From Roots
[2025-12-03T16:19:37.691+0000][7][gc,task     ] GC(184) Using 2 workers of 2 for marking
[2025-12-03T16:19:37.815+0000][7][gc,marking  ] GC(184) Concurrent Mark From Roots 123.670ms
[2025-12-03T16:19:37.815+0000][7][gc,marking  ] GC(184) Concurrent Preclean
[2025-12-03T16:19:37.815+0000][7][gc,marking  ] GC(184) Concurrent Preclean 0.416ms
[2025-12-03T16:19:37.816+0000][7][gc,start    ] GC(184) Pause Remark
[2025-12-03T16:19:37.868+0000][7][gc          ] GC(184) Pause Remark 165M->165M(512M) 52.417ms
[2025-12-03T16:19:37.869+0000][7][gc,cpu      ] GC(184) User=0.23s Sys=0.01s Real=0.05s
[2025-12-03T16:19:37.869+0000][7][safepoint   ] Safepoint "G1Concurrent", Time since last: 135185875 ns, Reaching safepoint: 101959 ns, At safepoint: 53402416 ns, Total: 53504375 ns
[2025-12-03T16:19:37.869+0000][7][gc,marking  ] GC(184) Concurrent Mark 178.457ms
[2025-12-03T16:19:37.869+0000][7][gc,marking  ] GC(184) Concurrent Rebuild Remembered Sets
[2025-12-03T16:19:38.000+0000][7][gc,marking  ] GC(184) Concurrent Rebuild Remembered Sets 130.203ms
[2025-12-03T16:19:38.000+0000][7][gc,start    ] GC(184) Pause Cleanup
[2025-12-03T16:19:38.000+0000][7][gc          ] GC(184) Pause Cleanup 171M->171M(512M) 0.152ms
[2025-12-03T16:19:38.000+0000][7][gc,cpu      ] GC(184) User=0.00s Sys=0.00s Real=0.00s
[2025-12-03T16:19:38.000+0000][7][safepoint   ] Safepoint "G1Concurrent", Time since last: 130742042 ns, Reaching safepoint: 60208 ns, At safepoint: 295959 ns, Total: 356167 ns
[2025-12-03T16:19:38.000+0000][7][gc,marking  ] GC(184) Concurrent Cleanup for Next Mark
[2025-12-03T16:19:38.002+0000][7][gc,marking  ] GC(184) Concurrent Cleanup for Next Mark 1.557ms
[2025-12-03T16:19:38.002+0000][7][gc          ] GC(184) Concurrent Mark Cycle 321.591ms
[2025-12-03T16:19:44.007+0000][7][safepoint   ] Safepoint "Cleanup", Time since last: 6006762294 ns, Reaching safepoint: 121042 ns, At safepoint: 16625 ns, Total: 137667 ns
[2025-12-03T16:20:03.049+0000][7][safepoint   ] Safepoint "Cleanup", Time since last: 19040823758 ns, Reaching safepoint: 349167 ns, At safepoint: 31458 ns, Total: 380625 ns
[2025-12-03T16:20:14.064+0000][7][safepoint   ] Safepoint "Cleanup", Time since last: 11012931756 ns, Reaching safepoint: 1359041 ns, At safepoint: 28917 ns, Total: 1387958 ns
[2025-12-03T16:20:17.086+0000][7][safepoint   ] Safepoint "Cleanup", Time since last: 3021657501 ns, Reaching safepoint: 263542 ns, At safepoint: 17417 ns, Total: 280959 ns
[2025-12-03T16:20:17.317+0000][7][gc,start    ] GC(185) Pause Young (Normal) (G1 Evacuation Pause)
[2025-12-03T16:20:17.318+0000][7][gc,task     ] GC(185) Using 8 workers of 8 for evacuation
[2025-12-03T16:20:17.319+0000][7][gc,age      ] GC(185) Desired survivor size 18874368 bytes, new threshold 15 (max threshold 15)
[2025-12-03T16:20:17.347+0000][7][gc,age      ] GC(185) Age table with threshold 15 (max threshold 15)
[2025-12-03T16:20:17.347+0000][7][gc,age      ] GC(185) - age   1:    2255288 bytes,    2255288 total
[2025-12-03T16:20:17.347+0000][7][gc,age      ] GC(185) - age   2:     770128 bytes,    3025416 total
[2025-12-03T16:20:17.347+0000][7][gc,age      ] GC(185) - age   3:     236392 bytes,    3261808 total
[2025-12-03T16:20:17.347+0000][7][gc,age      ] GC(185) - age   4:     555888 bytes,    3817696 total
[2025-12-03T16:20:17.347+0000][7][gc,age      ] GC(185) - age   5:     626408 bytes,    4444104 total
[2025-12-03T16:20:17.347+0000][7][gc,age      ] GC(185) - age   6:      34768 bytes,    4478872 total
[2025-12-03T16:20:17.347+0000][7][gc,age      ] GC(185) - age   7:      46536 bytes,    4525408 total
[2025-12-03T16:20:17.347+0000][7][gc,age      ] GC(185) - age   8:     362472 bytes,    4887880 total
[2025-12-03T16:20:17.347+0000][7][gc,age      ] GC(185) - age   9:      56008 bytes,    4943888 total
[2025-12-03T16:20:17.348+0000][7][gc,age      ] GC(185) - age  10:       8312 bytes,    4952200 total
[2025-12-03T16:20:17.348+0000][7][gc,age      ] GC(185) - age  11:       7904 bytes,    4960104 total
[2025-12-03T16:20:17.348+0000][7][gc,age      ] GC(185) - age  12:      42384 bytes,    5002488 total
[2025-12-03T16:20:17.348+0000][7][gc,age      ] GC(185) - age  13:      60792 bytes,    5063280 total
[2025-12-03T16:20:17.348+0000][7][gc,age      ] GC(185) - age  14:     193680 bytes,    5256960 total
[2025-12-03T16:20:17.348+0000][7][gc,age      ] GC(185) - age  15:      26424 bytes,    5283384 total
[2025-12-03T16:20:17.348+0000][7][gc,phases   ] GC(185)   Pre Evacuate Collection Set: 1.0ms
[2025-12-03T16:20:17.348+0000][7][gc,phases   ] GC(185)   Merge Heap Roots: 1.7ms
[2025-12-03T16:20:17.348+0000][7][gc,phases   ] GC(185)   Evacuate Collection Set: 21.4ms
[2025-12-03T16:20:17.349+0000][7][gc,phases   ] GC(185)   Post Evacuate Collection Set: 3.9ms
[2025-12-03T16:20:17.349+0000][7][gc,phases   ] GC(185)   Other: 3.4ms
[2025-12-03T16:20:17.349+0000][7][gc,heap     ] GC(185) Eden regions: 64->0(64)
[2025-12-03T16:20:17.349+0000][7][gc,heap     ] GC(185) Survivor regions: 2->2(9)
[2025-12-03T16:20:17.349+0000][7][gc,heap     ] GC(185) Old regions: 35->35
[2025-12-03T16:20:17.349+0000][7][gc,heap     ] GC(185) Archive regions: 2->2
[2025-12-03T16:20:17.349+0000][7][gc,heap     ] GC(185) Humongous regions: 2->2
[2025-12-03T16:20:17.349+0000][7][gc,metaspace] GC(185) Metaspace: 115669K(117504K)->115669K(117504K) NonClass: 100894K(101952K)->100894K(101952K) Class: 14774K(15552K)->14774K(15552K)
[2025-12-03T16:20:17.349+0000][7][gc          ] GC(185) Pause Young (Normal) (G1 Evacuation Pause) 409M->154M(512M) 31.957ms
[2025-12-03T16:20:17.349+0000][7][gc,cpu      ] GC(185) User=0.16s Sys=0.01s Real=0.03s
[2025-12-03T16:20:17.350+0000][7][safepoint   ] Safepoint "G1CollectForAllocation", Time since last: 230919917 ns, Reaching safepoint: 219000 ns, At safepoint: 32782375 ns, Total: 33001375 ns
[2025-12-03T16:20:27.385+0000][7][safepoint   ] Safepoint "Cleanup", Time since last: 10016537421 ns, Reaching safepoint: 18531000 ns, At safepoint: 38667 ns, Total: 18569667 ns
[2025-12-03T16:20:50.412+0000][7][safepoint   ] Safepoint "Cleanup", Time since last: 23025601218 ns, Reaching safepoint: 309042 ns, At safepoint: 4625 ns, Total: 313667 ns
[2025-12-03T16:21:01.831+0000][7][gc,start    ] GC(186) Pause Young (Concurrent Start) (G1 Evacuation Pause)
[2025-12-03T16:21:01.831+0000][7][gc,task     ] GC(186) Using 8 workers of 8 for evacuation
[2025-12-03T16:21:01.832+0000][7][gc,age      ] GC(186) Desired survivor size 18874368 bytes, new threshold 15 (max threshold 15)
[2025-12-03T16:21:01.856+0000][7][gc,age      ] GC(186) Age table with threshold 15 (max threshold 15)
[2025-12-03T16:21:01.856+0000][7][gc,age      ] GC(186) - age   1:    4536864 bytes,    4536864 total
[2025-12-03T16:21:01.856+0000][7][gc,age      ] GC(186) - age   2:     479240 bytes,    5016104 total
[2025-12-03T16:21:01.856+0000][7][gc,age      ] GC(186) - age   3:     636688 bytes,    5652792 total
[2025-12-03T16:21:01.856+0000][7][gc,age      ] GC(186) - age   4:     104216 bytes,    5757008 total
[2025-12-03T16:21:01.856+0000][7][gc,age      ] GC(186) - age   5:     555000 bytes,    6312008 total
[2025-12-03T16:21:01.856+0000][7][gc,age      ] GC(186) - age   6:     495192 bytes,    6807200 total
[2025-12-03T16:21:01.856+0000][7][gc,age      ] GC(186) - age   7:      34704 bytes,    6841904 total
[2025-12-03T16:21:01.856+0000][7][gc,age      ] GC(186) - age   8:      46536 bytes,    6888440 total
[2025-12-03T16:21:01.856+0000][7][gc,age      ] GC(186) - age   9:     362472 bytes,    7250912 total
[2025-12-03T16:21:01.856+0000][7][gc,age      ] GC(186) - age  10:      56008 bytes,    7306920 total
[2025-12-03T16:21:01.856+0000][7][gc,age      ] GC(186) - age  11:       8312 bytes,    7315232 total
[2025-12-03T16:21:01.856+0000][7][gc,age      ] GC(186) - age  12:       7904 bytes,    7323136 total
[2025-12-03T16:21:01.856+0000][7][gc,age      ] GC(186) - age  13:      42384 bytes,    7365520 total
[2025-12-03T16:21:01.856+0000][7][gc,age      ] GC(186) - age  14:      60792 bytes,    7426312 total
[2025-12-03T16:21:01.856+0000][7][gc,age      ] GC(186) - age  15:     193680 bytes,    7619992 total
[2025-12-03T16:21:01.857+0000][7][gc,phases   ] GC(186)   Pre Evacuate Collection Set: 2.0ms
[2025-12-03T16:21:01.857+0000][7][gc,phases   ] GC(186)   Merge Heap Roots: 0.2ms
[2025-12-03T16:21:01.857+0000][7][gc,phases   ] GC(186)   Evacuate Collection Set: 18.4ms
[2025-12-03T16:21:01.857+0000][7][gc,phases   ] GC(186)   Post Evacuate Collection Set: 3.2ms
[2025-12-03T16:21:01.857+0000][7][gc,phases   ] GC(186)   Other: 2.2ms
[2025-12-03T16:21:01.857+0000][7][gc,heap     ] GC(186) Eden regions: 64->0(64)
[2025-12-03T16:21:01.857+0000][7][gc,heap     ] GC(186) Survivor regions: 2->2(9)
[2025-12-03T16:21:01.857+0000][7][gc,heap     ] GC(186) Old regions: 35->35
[2025-12-03T16:21:01.857+0000][7][gc,heap     ] GC(186) Archive regions: 2->2
[2025-12-03T16:21:01.857+0000][7][gc,heap     ] GC(186) Humongous regions: 2->2
[2025-12-03T16:21:01.857+0000][7][gc,metaspace] GC(186) Metaspace: 115669K(117504K)->115669K(117504K) NonClass: 100894K(101952K)->100894K(101952K) Class: 14774K(15552K)->14774K(15552K)
[2025-12-03T16:21:01.858+0000][7][gc          ] GC(186) Pause Young (Concurrent Start) (G1 Evacuation Pause) 410M->157M(512M) 26.697ms
[2025-12-03T16:21:01.858+0000][7][gc,cpu      ] GC(186) User=0.15s Sys=0.00s Real=0.03s
[2025-12-03T16:21:01.858+0000][7][safepoint   ] Safepoint "G1CollectForAllocation", Time since last: 11418348504 ns, Reaching safepoint: 242167 ns, At safepoint: 27071000 ns, Total: 27313167 ns
[2025-12-03T16:21:01.858+0000][7][gc          ] GC(187) Concurrent Mark Cycle
[2025-12-03T16:21:01.858+0000][7][gc,marking  ] GC(187) Concurrent Clear Claimed Marks
[2025-12-03T16:21:01.858+0000][7][gc,marking  ] GC(187) Concurrent Clear Claimed Marks 0.164ms
[2025-12-03T16:21:01.859+0000][7][gc,marking  ] GC(187) Concurrent Scan Root Regions
[2025-12-03T16:21:01.863+0000][7][gc,marking  ] GC(187) Concurrent Scan Root Regions 4.312ms
[2025-12-03T16:21:01.863+0000][7][gc,marking  ] GC(187) Concurrent Mark
[2025-12-03T16:21:01.864+0000][7][gc,marking  ] GC(187) Concurrent Mark From Roots
[2025-12-03T16:21:01.864+0000][7][gc,task     ] GC(187) Using 2 workers of 2 for marking
[2025-12-03T16:21:01.932+0000][7][gc,marking  ] GC(187) Concurrent Mark From Roots 68.037ms
[2025-12-03T16:21:01.932+0000][7][gc,marking  ] GC(187) Concurrent Preclean
[2025-12-03T16:21:01.932+0000][7][gc,marking  ] GC(187) Concurrent Preclean 0.264ms
[2025-12-03T16:21:01.932+0000][7][gc,start    ] GC(187) Pause Remark
[2025-12-03T16:21:01.965+0000][7][gc          ] GC(187) Pause Remark 159M->159M(512M) 32.941ms
[2025-12-03T16:21:01.965+0000][7][gc,cpu      ] GC(187) User=0.26s Sys=0.00s Real=0.04s
[2025-12-03T16:21:01.965+0000][7][safepoint   ] Safepoint "G1Concurrent", Time since last: 74344292 ns, Reaching safepoint: 53708 ns, At safepoint: 33128542 ns, Total: 33182250 ns
[2025-12-03T16:21:01.965+0000][7][gc,marking  ] GC(187) Concurrent Mark 101.797ms
[2025-12-03T16:21:01.965+0000][7][gc,marking  ] GC(187) Concurrent Rebuild Remembered Sets
[2025-12-03T16:21:01.995+0000][7][gc,marking  ] GC(187) Concurrent Rebuild Remembered Sets 29.614ms
[2025-12-03T16:21:01.995+0000][7][gc,start    ] GC(187) Pause Cleanup
[2025-12-03T16:21:01.995+0000][7][gc          ] GC(187) Pause Cleanup 159M->159M(512M) 0.142ms
[2025-12-03T16:21:01.995+0000][7][gc,cpu      ] GC(187) User=0.00s Sys=0.00s Real=0.00s
[2025-12-03T16:21:01.995+0000][7][safepoint   ] Safepoint "G1Concurrent", Time since last: 29801916 ns, Reaching safepoint: 48125 ns, At safepoint: 251459 ns, Total: 299584 ns
[2025-12-03T16:21:01.995+0000][7][gc,marking  ] GC(187) Concurrent Cleanup for Next Mark
[2025-12-03T16:21:01.997+0000][7][gc,marking  ] GC(187) Concurrent Cleanup for Next Mark 1.377ms
[2025-12-03T16:21:01.997+0000][7][gc          ] GC(187) Concurrent Mark Cycle 139.089ms
[2025-12-03T16:21:25.116+0000][7][safepoint   ] Safepoint "ICBufferFull", Time since last: 23120129344 ns, Reaching safepoint: 273500 ns, At safepoint: 3667 ns, Total: 277167 ns
[2025-12-03T16:21:25.124+0000][7][safepoint   ] Safepoint "ICBufferFull", Time since last: 7742833 ns, Reaching safepoint: 142833 ns, At safepoint: 8875 ns, Total: 151708 ns
[2025-12-03T16:21:25.209+0000][7][safepoint   ] Safepoint "ICBufferFull", Time since last: 84919584 ns, Reaching safepoint: 251375 ns, At safepoint: 4250 ns, Total: 255625 ns
[2025-12-03T16:21:25.249+0000][7][safepoint   ] Safepoint "ICBufferFull", Time since last: 40115875 ns, Reaching safepoint: 129041 ns, At safepoint: 3167 ns, Total: 132208 ns
[2025-12-03T16:21:25.299+0000][7][safepoint   ] Safepoint "ICBufferFull", Time since last: 49861125 ns, Reaching safepoint: 123208 ns, At safepoint: 11042 ns, Total: 134250 ns
[2025-12-03T16:21:26.299+0000][7][safepoint   ] Safepoint "Cleanup", Time since last: 1000324834 ns, Reaching safepoint: 129458 ns, At safepoint: 3250 ns, Total: 132708 ns
[2025-12-03T16:21:27.303+0000][7][safepoint   ] Safepoint "Cleanup", Time since last: 1003202834 ns, Reaching safepoint: 431833 ns, At safepoint: 16459 ns, Total: 448292 ns
[2025-12-03T16:21:28.305+0000][7][safepoint   ] Safepoint "Cleanup", Time since last: 1001352333 ns, Reaching safepoint: 213709 ns, At safepoint: 10208 ns, Total: 223917 ns
[2025-12-03T16:21:29.311+0000][7][safepoint   ] Safepoint "Cleanup", Time since last: 1002521584 ns, Reaching safepoint: 4137292 ns, At safepoint: 24958 ns, Total: 4162250 ns
[2025-12-03T16:21:32.322+0000][7][safepoint   ] Safepoint "Cleanup", Time since last: 3009868959 ns, Reaching safepoint: 233792 ns, At safepoint: 6125 ns, Total: 239917 ns
[2025-12-03T16:21:37.799+0000][7][gc,start    ] GC(188) Pause Young (Normal) (G1 Evacuation Pause)
[2025-12-03T16:21:37.799+0000][7][gc,task     ] GC(188) Using 8 workers of 8 for evacuation
[2025-12-03T16:21:37.799+0000][7][gc,age      ] GC(188) Desired survivor size 18874368 bytes, new threshold 15 (max threshold 15)
[2025-12-03T16:21:37.841+0000][7][gc,age      ] GC(188) Age table with threshold 15 (max threshold 15)
[2025-12-03T16:21:37.841+0000][7][gc,age      ] GC(188) - age   1:    3674200 bytes,    3674200 total
[2025-12-03T16:21:37.841+0000][7][gc,age      ] GC(188) - age   2:    2881288 bytes,    6555488 total
[2025-12-03T16:21:37.841+0000][7][gc,age      ] GC(188) - age   3:     214360 bytes,    6769848 total
[2025-12-03T16:21:37.841+0000][7][gc,age      ] GC(188) - age   4:       6800 bytes,    6776648 total
[2025-12-03T16:21:37.841+0000][7][gc,age      ] GC(188) - age   5:     103592 bytes,    6880240 total
[2025-12-03T16:21:37.841+0000][7][gc,age      ] GC(188) - age   6:     554800 bytes,    7435040 total
[2025-12-03T16:21:37.841+0000][7][gc,age      ] GC(188) - age   7:     495192 bytes,    7930232 total
[2025-12-03T16:21:37.842+0000][7][gc,age      ] GC(188) - age   8:      34704 bytes,    7964936 total
[2025-12-03T16:21:37.842+0000][7][gc,age      ] GC(188) - age   9:      46536 bytes,    8011472 total
[2025-12-03T16:21:37.842+0000][7][gc,age      ] GC(188) - age  10:     362472 bytes,    8373944 total
[2025-12-03T16:21:37.842+0000][7][gc,age      ] GC(188) - age  11:      56008 bytes,    8429952 total
[2025-12-03T16:21:37.842+0000][7][gc,age      ] GC(188) - age  12:       8112 bytes,    8438064 total
[2025-12-03T16:21:37.842+0000][7][gc,age      ] GC(188) - age  13:       7904 bytes,    8445968 total
[2025-12-03T16:21:37.842+0000][7][gc,age      ] GC(188) - age  14:      42384 bytes,    8488352 total
[2025-12-03T16:21:37.842+0000][7][gc,age      ] GC(188) - age  15:      60792 bytes,    8549144 total
[2025-12-03T16:21:37.842+0000][7][gc,phases   ] GC(188)   Pre Evacuate Collection Set: 0.2ms
[2025-12-03T16:21:37.842+0000][7][gc,phases   ] GC(188)   Merge Heap Roots: 0.2ms
[2025-12-03T16:21:37.842+0000][7][gc,phases   ] GC(188)   Evacuate Collection Set: 39.5ms
[2025-12-03T16:21:37.842+0000][7][gc,phases   ] GC(188)   Post Evacuate Collection Set: 1.4ms
[2025-12-03T16:21:37.842+0000][7][gc,phases   ] GC(188)   Other: 1.5ms
[2025-12-03T16:21:37.842+0000][7][gc,heap     ] GC(188) Eden regions: 64->0(63)
[2025-12-03T16:21:37.843+0000][7][gc,heap     ] GC(188) Survivor regions: 2->3(9)
[2025-12-03T16:21:37.843+0000][7][gc,heap     ] GC(188) Old regions: 35->35
[2025-12-03T16:21:37.843+0000][7][gc,heap     ] GC(188) Archive regions: 2->2
[2025-12-03T16:21:37.843+0000][7][gc,heap     ] GC(188) Humongous regions: 2->2
[2025-12-03T16:21:37.843+0000][7][gc,metaspace] GC(188) Metaspace: 115722K(117504K)->115722K(117504K) NonClass: 100947K(101952K)->100947K(101952K) Class: 14774K(15552K)->14774K(15552K)
[2025-12-03T16:21:37.843+0000][7][gc          ] GC(188) Pause Young (Normal) (G1 Evacuation Pause) 412M->158M(512M) 43.636ms
[2025-12-03T16:21:37.843+0000][7][gc,cpu      ] GC(188) User=0.22s Sys=0.03s Real=0.04s
[2025-12-03T16:21:37.843+0000][7][safepoint   ] Safepoint "G1CollectForAllocation", Time since last: 5476881961 ns, Reaching safepoint: 74875 ns, At safepoint: 43889208 ns, Total: 43964083 ns
[2025-12-03T16:21:39.856+0000][7][safepoint   ] Safepoint "Cleanup", Time since last: 2009299251 ns, Reaching safepoint: 3347875 ns, At safepoint: 21125 ns, Total: 3369000 ns
[2025-12-03T16:21:52.891+0000][7][safepoint   ] Safepoint "Cleanup", Time since last: 13034368631 ns, Reaching safepoint: 869292 ns, At safepoint: 16000 ns, Total: 885292 ns
[2025-12-03T16:21:53.897+0000][7][safepoint   ] Safepoint "Cleanup", Time since last: 1006089084 ns, Reaching safepoint: 76083 ns, At safepoint: 2667 ns, Total: 78750 ns
[2025-12-03T16:22:02.916+0000][7][safepoint   ] Safepoint "Cleanup", Time since last: 9017492753 ns, Reaching safepoint: 250584 ns, At safepoint: 10875 ns, Total: 261459 ns
[2025-12-03T16:22:09.068+0000][7][safepoint   ] Safepoint "Cleanup", Time since last: 6146471169 ns, Reaching safepoint: 5080500 ns, At safepoint: 670375 ns, Total: 5750875 ns
[2025-12-03T16:22:15.216+0000][7][safepoint   ] Safepoint "Cleanup", Time since last: 6146654962 ns, Reaching safepoint: 792875 ns, At safepoint: 10708 ns, Total: 803583 ns
[2025-12-03T16:22:16.840+0000][7][gc,start    ] GC(189) Pause Young (Concurrent Start) (G1 Evacuation Pause)
[2025-12-03T16:22:16.840+0000][7][gc,task     ] GC(189) Using 8 workers of 8 for evacuation
[2025-12-03T16:22:16.841+0000][7][gc,age      ] GC(189) Desired survivor size 18874368 bytes, new threshold 15 (max threshold 15)
[2025-12-03T16:22:16.869+0000][7][gc,age      ] GC(189) Age table with threshold 15 (max threshold 15)
[2025-12-03T16:22:16.869+0000][7][gc,age      ] GC(189) - age   1:    1789448 bytes,    1789448 total
[2025-12-03T16:22:16.869+0000][7][gc,age      ] GC(189) - age   2:    1527232 bytes,    3316680 total
[2025-12-03T16:22:16.869+0000][7][gc,age      ] GC(189) - age   3:    2595000 bytes,    5911680 total
[2025-12-03T16:22:16.869+0000][7][gc,age      ] GC(189) - age   4:     212352 bytes,    6124032 total
[2025-12-03T16:22:16.869+0000][7][gc,age      ] GC(189) - age   5:       6736 bytes,    6130768 total
[2025-12-03T16:22:16.869+0000][7][gc,age      ] GC(189) - age   6:     103168 bytes,    6233936 total
[2025-12-03T16:22:16.869+0000][7][gc,age      ] GC(189) - age   7:     554800 bytes,    6788736 total
[2025-12-03T16:22:16.869+0000][7][gc,age      ] GC(189) - age   8:     495104 bytes,    7283840 total
[2025-12-03T16:22:16.869+0000][7][gc,age      ] GC(189) - age   9:      34704 bytes,    7318544 total
[2025-12-03T16:22:16.869+0000][7][gc,age      ] GC(189) - age  10:      46240 bytes,    7364784 total
[2025-12-03T16:22:16.869+0000][7][gc,age      ] GC(189) - age  11:     362440 bytes,    7727224 total
[2025-12-03T16:22:16.869+0000][7][gc,age      ] GC(189) - age  12:      56008 bytes,    7783232 total
[2025-12-03T16:22:16.869+0000][7][gc,age      ] GC(189) - age  13:       8112 bytes,    7791344 total
[2025-12-03T16:22:16.869+0000][7][gc,age      ] GC(189) - age  14:       7904 bytes,    7799248 total
[2025-12-03T16:22:16.869+0000][7][gc,age      ] GC(189) - age  15:      42384 bytes,    7841632 total
[2025-12-03T16:22:16.869+0000][7][gc,phases   ] GC(189)   Pre Evacuate Collection Set: 2.0ms
[2025-12-03T16:22:16.870+0000][7][gc,phases   ] GC(189)   Merge Heap Roots: 0.1ms
[2025-12-03T16:22:16.870+0000][7][gc,phases   ] GC(189)   Evacuate Collection Set: 19.3ms
[2025-12-03T16:22:16.870+0000][7][gc,phases   ] GC(189)   Post Evacuate Collection Set: 6.7ms
[2025-12-03T16:22:16.870+0000][7][gc,phases   ] GC(189)   Other: 1.5ms
[2025-12-03T16:22:16.870+0000][7][gc,heap     ] GC(189) Eden regions: 63->0(64)
[2025-12-03T16:22:16.870+0000][7][gc,heap     ] GC(189) Survivor regions: 3->2(9)
[2025-12-03T16:22:16.870+0000][7][gc,heap     ] GC(189) Old regions: 35->35
[2025-12-03T16:22:16.870+0000][7][gc,heap     ] GC(189) Archive regions: 2->2
[2025-12-03T16:22:16.870+0000][7][gc,heap     ] GC(189) Humongous regions: 2->2
[2025-12-03T16:22:16.870+0000][7][gc,metaspace] GC(189) Metaspace: 115722K(117504K)->115722K(117504K) NonClass: 100947K(101952K)->100947K(101952K) Class: 14774K(15552K)->14774K(15552K)
[2025-12-03T16:22:16.870+0000][7][gc          ] GC(189) Pause Young (Concurrent Start) (G1 Evacuation Pause) 410M->157M(512M) 29.748ms
[2025-12-03T16:22:16.870+0000][7][gc,cpu      ] GC(189) User=0.17s Sys=0.00s Real=0.03s
[2025-12-03T16:22:16.870+0000][7][safepoint   ] Safepoint "G1CollectForAllocation", Time since last: 1624122251 ns, Reaching safepoint: 111625 ns, At safepoint: 29996875 ns, Total: 30108500 ns
[2025-12-03T16:22:16.870+0000][7][gc          ] GC(190) Concurrent Mark Cycle
[2025-12-03T16:22:16.870+0000][7][gc,marking  ] GC(190) Concurrent Clear Claimed Marks
[2025-12-03T16:22:16.870+0000][7][gc,marking  ] GC(190) Concurrent Clear Claimed Marks 0.181ms
[2025-12-03T16:22:16.870+0000][7][gc,marking  ] GC(190) Concurrent Scan Root Regions
[2025-12-03T16:22:16.874+0000][7][gc,marking  ] GC(190) Concurrent Scan Root Regions 4.201ms
[2025-12-03T16:22:16.875+0000][7][gc,marking  ] GC(190) Concurrent Mark
[2025-12-03T16:22:16.875+0000][7][gc,marking  ] GC(190) Concurrent Mark From Roots
[2025-12-03T16:22:16.875+0000][7][gc,task     ] GC(190) Using 2 workers of 2 for marking
[2025-12-03T16:22:16.952+0000][7][gc,marking  ] GC(190) Concurrent Mark From Roots 77.535ms
[2025-12-03T16:22:16.952+0000][7][gc,marking  ] GC(190) Concurrent Preclean
[2025-12-03T16:22:16.953+0000][7][gc,marking  ] GC(190) Concurrent Preclean 0.369ms
[2025-12-03T16:22:16.953+0000][7][gc,start    ] GC(190) Pause Remark
[2025-12-03T16:22:16.978+0000][7][gc          ] GC(190) Pause Remark 159M->159M(512M) 24.939ms
[2025-12-03T16:22:16.978+0000][7][gc,cpu      ] GC(190) User=0.14s Sys=0.00s Real=0.03s
[2025-12-03T16:22:16.978+0000][7][safepoint   ] Safepoint "G1Concurrent", Time since last: 82915291 ns, Reaching safepoint: 107917 ns, At safepoint: 25165542 ns, Total: 25273459 ns
[2025-12-03T16:22:16.978+0000][7][gc,marking  ] GC(190) Concurrent Mark 103.679ms
[2025-12-03T16:22:16.978+0000][7][gc,marking  ] GC(190) Concurrent Rebuild Remembered Sets
[2025-12-03T16:22:17.006+0000][7][gc,marking  ] GC(190) Concurrent Rebuild Remembered Sets 27.878ms
[2025-12-03T16:22:17.006+0000][7][gc,start    ] GC(190) Pause Cleanup
[2025-12-03T16:22:17.007+0000][7][gc          ] GC(190) Pause Cleanup 160M->160M(512M) 0.389ms
[2025-12-03T16:22:17.007+0000][7][gc,cpu      ] GC(190) User=0.00s Sys=0.00s Real=0.00s
[2025-12-03T16:22:17.007+0000][7][safepoint   ] Safepoint "G1Concurrent", Time since last: 28198875 ns, Reaching safepoint: 31583 ns, At safepoint: 526875 ns, Total: 558458 ns
[2025-12-03T16:22:17.007+0000][7][gc,marking  ] GC(190) Concurrent Cleanup for Next Mark
[2025-12-03T16:22:17.008+0000][7][gc,marking  ] GC(190) Concurrent Cleanup for Next Mark 1.418ms
[2025-12-03T16:22:17.008+0000][7][gc          ] GC(190) Concurrent Mark Cycle 138.468ms
[2025-12-03T16:22:18.007+0000][7][safepoint   ] Safepoint "Cleanup", Time since last: 1000494917 ns, Reaching safepoint: 88875 ns, At safepoint: 3084 ns, Total: 91959 ns
[2025-12-03T16:22:41.101+0000][7][safepoint   ] Safepoint "Cleanup", Time since last: 23092019885 ns, Reaching safepoint: 683542 ns, At safepoint: 13708 ns, Total: 697250 ns
[2025-12-03T16:22:52.133+0000][7][safepoint   ] Safepoint "Cleanup", Time since last: 11032068297 ns, Reaching safepoint: 264833 ns, At safepoint: 14209 ns, Total: 279042 ns
[2025-12-03T16:22:57.705+0000][7][gc,start    ] GC(191) Pause Young (Normal) (G1 Evacuation Pause)
[2025-12-03T16:22:57.705+0000][7][gc,task     ] GC(191) Using 8 workers of 8 for evacuation
[2025-12-03T16:22:57.706+0000][7][gc,age      ] GC(191) Desired survivor size 18874368 bytes, new threshold 15 (max threshold 15)
[2025-12-03T16:22:57.723+0000][7][gc,age      ] GC(191) Age table with threshold 15 (max threshold 15)
[2025-12-03T16:22:57.723+0000][7][gc,age      ] GC(191) - age   1:    2854568 bytes,    2854568 total
[2025-12-03T16:22:57.723+0000][7][gc,age      ] GC(191) - age   2:     324392 bytes,    3178960 total
[2025-12-03T16:22:57.723+0000][7][gc,age      ] GC(191) - age   3:    1383968 bytes,    4562928 total
[2025-12-03T16:22:57.723+0000][7][gc,age      ] GC(191) - age   4:    2331176 bytes,    6894104 total
[2025-12-03T16:22:57.723+0000][7][gc,age      ] GC(191) - age   5:     211576 bytes,    7105680 total
[2025-12-03T16:22:57.723+0000][7][gc,age      ] GC(191) - age   6:       6544 bytes,    7112224 total
[2025-12-03T16:22:57.724+0000][7][gc,age      ] GC(191) - age   7:     102976 bytes,    7215200 total
[2025-12-03T16:22:57.724+0000][7][gc,age      ] GC(191) - age   8:     554768 bytes,    7769968 total
[2025-12-03T16:22:57.724+0000][7][gc,age      ] GC(191) - age   9:     495104 bytes,    8265072 total
[2025-12-03T16:22:57.724+0000][7][gc,age      ] GC(191) - age  10:      34704 bytes,    8299776 total
[2025-12-03T16:22:57.724+0000][7][gc,age      ] GC(191) - age  11:      46240 bytes,    8346016 total
[2025-12-03T16:22:57.724+0000][7][gc,age      ] GC(191) - age  12:     362440 bytes,    8708456 total
[2025-12-03T16:22:57.724+0000][7][gc,age      ] GC(191) - age  13:      56008 bytes,    8764464 total
[2025-12-03T16:22:57.724+0000][7][gc,age      ] GC(191) - age  14:       8112 bytes,    8772576 total
[2025-12-03T16:22:57.725+0000][7][gc,age      ] GC(191) - age  15:       7904 bytes,    8780480 total
[2025-12-03T16:22:57.725+0000][7][gc,phases   ] GC(191)   Pre Evacuate Collection Set: 0.6ms
[2025-12-03T16:22:57.725+0000][7][gc,phases   ] GC(191)   Merge Heap Roots: 0.6ms
[2025-12-03T16:22:57.725+0000][7][gc,phases   ] GC(191)   Evacuate Collection Set: 13.7ms
[2025-12-03T16:22:57.725+0000][7][gc,phases   ] GC(191)   Post Evacuate Collection Set: 2.4ms
[2025-12-03T16:22:57.725+0000][7][gc,phases   ] GC(191)   Other: 3.2ms
[2025-12-03T16:22:57.725+0000][7][gc,heap     ] GC(191) Eden regions: 64->0(63)
[2025-12-03T16:22:57.725+0000][7][gc,heap     ] GC(191) Survivor regions: 2->3(9)
[2025-12-03T16:22:57.725+0000][7][gc,heap     ] GC(191) Old regions: 35->35
[2025-12-03T16:22:57.725+0000][7][gc,heap     ] GC(191) Archive regions: 2->2
[2025-12-03T16:22:57.726+0000][7][gc,heap     ] GC(191) Humongous regions: 2->2
[2025-12-03T16:22:57.726+0000][7][gc,metaspace] GC(191) Metaspace: 115722K(117504K)->115722K(117504K) NonClass: 100947K(101952K)->100947K(101952K) Class: 14774K(15552K)->14774K(15552K)
[2025-12-03T16:22:57.726+0000][7][gc          ] GC(191) Pause Young (Normal) (G1 Evacuation Pause) 413M->158M(512M) 21.226ms
[2025-12-03T16:22:57.726+0000][7][gc,cpu      ] GC(191) User=0.09s Sys=0.00s Real=0.03s
[2025-12-03T16:22:57.726+0000][7][safepoint   ] Safepoint "G1CollectForAllocation", Time since last: 5570880294 ns, Reaching safepoint: 245917 ns, At safepoint: 21796416 ns, Total: 22042333 ns
[2025-12-03T16:23:17.760+0000][7][safepoint   ] Safepoint "Cleanup", Time since last: 20032904425 ns, Reaching safepoint: 364917 ns, At safepoint: 61708 ns, Total: 426625 ns
[2025-12-03T16:23:18.763+0000][7][safepoint   ] Safepoint "Cleanup", Time since last: 1002556501 ns, Reaching safepoint: 281917 ns, At safepoint: 14583 ns, Total: 296500 ns
[2025-12-03T16:23:23.771+0000][7][safepoint   ] Safepoint "Cleanup", Time since last: 5007350544 ns, Reaching safepoint: 749542 ns, At safepoint: 48750 ns, Total: 798292 ns
[2025-12-03T16:23:27.782+0000][7][safepoint   ] Safepoint "Cleanup", Time since last: 4009094085 ns, Reaching safepoint: 1812417 ns, At safepoint: 5541 ns, Total: 1817958 ns
[2025-12-03T16:23:32.792+0000][7][safepoint   ] Safepoint "Cleanup", Time since last: 5008786710 ns, Reaching safepoint: 186833 ns, At safepoint: 11959 ns, Total: 198792 ns
[2025-12-03T16:23:37.740+0000][7][gc,start    ] GC(192) Pause Young (Concurrent Start) (G1 Evacuation Pause)
[2025-12-03T16:23:37.741+0000][7][gc,task     ] GC(192) Using 8 workers of 8 for evacuation
[2025-12-03T16:23:37.741+0000][7][gc,age      ] GC(192) Desired survivor size 18874368 bytes, new threshold 15 (max threshold 15)
[2025-12-03T16:23:37.756+0000][7][gc,age      ] GC(192) Age table with threshold 15 (max threshold 15)
[2025-12-03T16:23:37.756+0000][7][gc,age      ] GC(192) - age   1:    1896216 bytes,    1896216 total
[2025-12-03T16:23:37.756+0000][7][gc,age      ] GC(192) - age   2:     115048 bytes,    2011264 total
[2025-12-03T16:23:37.757+0000][7][gc,age      ] GC(192) - age   3:     189560 bytes,    2200824 total
[2025-12-03T16:23:37.757+0000][7][gc,age      ] GC(192) - age   4:    1383328 bytes,    3584152 total
[2025-12-03T16:23:37.757+0000][7][gc,age      ] GC(192) - age   5:    2330560 bytes,    5914712 total
[2025-12-03T16:23:37.757+0000][7][gc,age      ] GC(192) - age   6:     211448 bytes,    6126160 total
[2025-12-03T16:23:37.757+0000][7][gc,age      ] GC(192) - age   7:       6384 bytes,    6132544 total
[2025-12-03T16:23:37.757+0000][7][gc,age      ] GC(192) - age   8:     102880 bytes,    6235424 total
[2025-12-03T16:23:37.757+0000][7][gc,age      ] GC(192) - age   9:     554768 bytes,    6790192 total
[2025-12-03T16:23:37.757+0000][7][gc,age      ] GC(192) - age  10:     495104 bytes,    7285296 total
[2025-12-03T16:23:37.757+0000][7][gc,age      ] GC(192) - age  11:      34704 bytes,    7320000 total
[2025-12-03T16:23:37.757+0000][7][gc,age      ] GC(192) - age  12:      46240 bytes,    7366240 total
[2025-12-03T16:23:37.757+0000][7][gc,age      ] GC(192) - age  13:     362440 bytes,    7728680 total
[2025-12-03T16:23:37.757+0000][7][gc,age      ] GC(192) - age  14:      56008 bytes,    7784688 total
[2025-12-03T16:23:37.757+0000][7][gc,age      ] GC(192) - age  15:       8112 bytes,    7792800 total
[2025-12-03T16:23:37.758+0000][7][gc,phases   ] GC(192)   Pre Evacuate Collection Set: 2.0ms
[2025-12-03T16:23:37.758+0000][7][gc,phases   ] GC(192)   Merge Heap Roots: 0.1ms
[2025-12-03T16:23:37.758+0000][7][gc,phases   ] GC(192)   Evacuate Collection Set: 11.5ms
[2025-12-03T16:23:37.758+0000][7][gc,phases   ] GC(192)   Post Evacuate Collection Set: 1.6ms
[2025-12-03T16:23:37.758+0000][7][gc,phases   ] GC(192)   Other: 1.9ms
[2025-12-03T16:23:37.758+0000][7][gc,heap     ] GC(192) Eden regions: 63->0(64)
[2025-12-03T16:23:37.758+0000][7][gc,heap     ] GC(192) Survivor regions: 3->2(9)
[2025-12-03T16:23:37.758+0000][7][gc,heap     ] GC(192) Old regions: 35->35
[2025-12-03T16:23:37.758+0000][7][gc,heap     ] GC(192) Archive regions: 2->2
[2025-12-03T16:23:37.758+0000][7][gc,heap     ] GC(192) Humongous regions: 2->2
[2025-12-03T16:23:37.758+0000][7][gc,metaspace] GC(192) Metaspace: 115723K(117504K)->115723K(117504K) NonClass: 100948K(101952K)->100948K(101952K) Class: 14774K(15552K)->14774K(15552K)
[2025-12-03T16:23:37.758+0000][7][gc          ] GC(192) Pause Young (Concurrent Start) (G1 Evacuation Pause) 410M->157M(512M) 17.746ms
[2025-12-03T16:23:37.758+0000][7][gc,cpu      ] GC(192) User=0.05s Sys=0.00s Real=0.02s
[2025-12-03T16:23:37.758+0000][7][safepoint   ] Safepoint "G1CollectForAllocation", Time since last: 4947848544 ns, Reaching safepoint: 70541 ns, At safepoint: 17942084 ns, Total: 18012625 ns
[2025-12-03T16:23:37.758+0000][7][gc          ] GC(193) Concurrent Mark Cycle
[2025-12-03T16:23:37.758+0000][7][gc,marking  ] GC(193) Concurrent Clear Claimed Marks
[2025-12-03T16:23:37.759+0000][7][gc,marking  ] GC(193) Concurrent Clear Claimed Marks 0.208ms
[2025-12-03T16:23:37.759+0000][7][gc,marking  ] GC(193) Concurrent Scan Root Regions
[2025-12-03T16:23:37.762+0000][7][gc,marking  ] GC(193) Concurrent Scan Root Regions 3.389ms
[2025-12-03T16:23:37.762+0000][7][gc,marking  ] GC(193) Concurrent Mark
[2025-12-03T16:23:37.762+0000][7][gc,marking  ] GC(193) Concurrent Mark From Roots
[2025-12-03T16:23:37.762+0000][7][gc,task     ] GC(193) Using 2 workers of 2 for marking
[2025-12-03T16:23:37.815+0000][7][gc,marking  ] GC(193) Concurrent Mark From Roots 52.477ms
[2025-12-03T16:23:37.815+0000][7][gc,marking  ] GC(193) Concurrent Preclean
[2025-12-03T16:23:37.815+0000][7][gc,marking  ] GC(193) Concurrent Preclean 0.257ms
[2025-12-03T16:23:37.815+0000][7][gc,start    ] GC(193) Pause Remark
[2025-12-03T16:23:37.834+0000][7][gc          ] GC(193) Pause Remark 161M->161M(512M) 18.509ms
[2025-12-03T16:23:37.834+0000][7][gc,cpu      ] GC(193) User=0.09s Sys=0.00s Real=0.02s
[2025-12-03T16:23:37.834+0000][7][safepoint   ] Safepoint "G1Concurrent", Time since last: 56900791 ns, Reaching safepoint: 42542 ns, At safepoint: 18765875 ns, Total: 18808417 ns
[2025-12-03T16:23:37.834+0000][7][gc,marking  ] GC(193) Concurrent Mark 71.950ms
[2025-12-03T16:23:37.834+0000][7][gc,marking  ] GC(193) Concurrent Rebuild Remembered Sets
[2025-12-03T16:23:37.870+0000][7][gc,marking  ] GC(193) Concurrent Rebuild Remembered Sets 36.040ms
[2025-12-03T16:23:37.870+0000][7][gc,start    ] GC(193) Pause Cleanup
[2025-12-03T16:23:37.870+0000][7][gc          ] GC(193) Pause Cleanup 163M->163M(512M) 0.118ms
[2025-12-03T16:23:37.871+0000][7][gc,cpu      ] GC(193) User=0.00s Sys=0.00s Real=0.00s
[2025-12-03T16:23:37.871+0000][7][safepoint   ] Safepoint "G1Concurrent", Time since last: 36316000 ns, Reaching safepoint: 59042 ns, At safepoint: 283666 ns, Total: 342708 ns
[2025-12-03T16:23:37.871+0000][7][gc,marking  ] GC(193) Concurrent Cleanup for Next Mark
[2025-12-03T16:23:37.872+0000][7][gc,marking  ] GC(193) Concurrent Cleanup for Next Mark 1.696ms
[2025-12-03T16:23:37.872+0000][7][gc          ] GC(193) Concurrent Mark Cycle 114.138ms
[2025-12-03T16:24:17.742+0000][7][gc,start    ] GC(194) Pause Young (Normal) (G1 Evacuation Pause)
[2025-12-03T16:24:17.742+0000][7][gc,task     ] GC(194) Using 8 workers of 8 for evacuation
[2025-12-03T16:24:17.742+0000][7][gc,age      ] GC(194) Desired survivor size 18874368 bytes, new threshold 15 (max threshold 15)
[2025-12-03T16:24:17.752+0000][7][gc,age      ] GC(194) Age table with threshold 15 (max threshold 15)
[2025-12-03T16:24:17.752+0000][7][gc,age      ] GC(194) - age   1:    2667568 bytes,    2667568 total
[2025-12-03T16:24:17.753+0000][7][gc,age      ] GC(194) - age   2:     773904 bytes,    3441472 total
[2025-12-03T16:24:17.753+0000][7][gc,age      ] GC(194) - age   3:     111552 bytes,    3553024 total
[2025-12-03T16:24:17.753+0000][7][gc,age      ] GC(194) - age   4:      57264 bytes,    3610288 total
[2025-12-03T16:24:17.753+0000][7][gc,age      ] GC(194) - age   5:     890200 bytes,    4500488 total
[2025-12-03T16:24:17.753+0000][7][gc,age      ] GC(194) - age   6:    2330432 bytes,    6830920 total
[2025-12-03T16:24:17.753+0000][7][gc,age      ] GC(194) - age   7:     211384 bytes,    7042304 total
[2025-12-03T16:24:17.753+0000][7][gc,age      ] GC(194) - age   8:       6384 bytes,    7048688 total
[2025-12-03T16:24:17.753+0000][7][gc,age      ] GC(194) - age   9:     102880 bytes,    7151568 total
[2025-12-03T16:24:17.753+0000][7][gc,age      ] GC(194) - age  10:     554632 bytes,    7706200 total
[2025-12-03T16:24:17.753+0000][7][gc,age      ] GC(194) - age  11:     495104 bytes,    8201304 total
[2025-12-03T16:24:17.753+0000][7][gc,age      ] GC(194) - age  12:      34704 bytes,    8236008 total
[2025-12-03T16:24:17.753+0000][7][gc,age      ] GC(194) - age  13:      46240 bytes,    8282248 total
[2025-12-03T16:24:17.753+0000][7][gc,age      ] GC(194) - age  14:     362440 bytes,    8644688 total
[2025-12-03T16:24:17.753+0000][7][gc,age      ] GC(194) - age  15:      56008 bytes,    8700696 total
[2025-12-03T16:24:17.753+0000][7][gc,phases   ] GC(194)   Pre Evacuate Collection Set: 0.3ms
[2025-12-03T16:24:17.753+0000][7][gc,phases   ] GC(194)   Merge Heap Roots: 0.2ms
[2025-12-03T16:24:17.753+0000][7][gc,phases   ] GC(194)   Evacuate Collection Set: 7.7ms
[2025-12-03T16:24:17.753+0000][7][gc,phases   ] GC(194)   Post Evacuate Collection Set: 1.9ms
[2025-12-03T16:24:17.753+0000][7][gc,phases   ] GC(194)   Other: 1.5ms
[2025-12-03T16:24:17.753+0000][7][gc,heap     ] GC(194) Eden regions: 64->0(63)
[2025-12-03T16:24:17.753+0000][7][gc,heap     ] GC(194) Survivor regions: 2->3(9)
[2025-12-03T16:24:17.753+0000][7][gc,heap     ] GC(194) Old regions: 35->35
[2025-12-03T16:24:17.753+0000][7][gc,heap     ] GC(194) Archive regions: 2->2
[2025-12-03T16:24:17.753+0000][7][gc,heap     ] GC(194) Humongous regions: 2->2
[2025-12-03T16:24:17.753+0000][7][gc,metaspace] GC(194) Metaspace: 115723K(117504K)->115723K(117504K) NonClass: 100948K(101952K)->100948K(101952K) Class: 14774K(15552K)->14774K(15552K)
[2025-12-03T16:24:17.753+0000][7][gc          ] GC(194) Pause Young (Normal) (G1 Evacuation Pause) 413M->159M(512M) 11.842ms
[2025-12-03T16:24:17.754+0000][7][gc,cpu      ] GC(194) User=0.04s Sys=0.00s Real=0.02s
[2025-12-03T16:24:17.754+0000][7][safepoint   ] Safepoint "G1CollectForAllocation", Time since last: 39874966394 ns, Reaching safepoint: 214000 ns, At safepoint: 12010166 ns, Total: 12224166 ns
[2025-12-03T16:24:57.749+0000][7][gc,start    ] GC(195) Pause Young (Concurrent Start) (G1 Evacuation Pause)
[2025-12-03T16:24:57.750+0000][7][gc,task     ] GC(195) Using 8 workers of 8 for evacuation
[2025-12-03T16:24:57.751+0000][7][gc,age      ] GC(195) Desired survivor size 18874368 bytes, new threshold 15 (max threshold 15)
[2025-12-03T16:24:57.776+0000][7][gc,age      ] GC(195) Age table with threshold 15 (max threshold 15)
[2025-12-03T16:24:57.776+0000][7][gc,age      ] GC(195) - age   1:    1715032 bytes,    1715032 total
[2025-12-03T16:24:57.776+0000][7][gc,age      ] GC(195) - age   2:     639152 bytes,    2354184 total
[2025-12-03T16:24:57.776+0000][7][gc,age      ] GC(195) - age   3:     602792 bytes,    2956976 total
[2025-12-03T16:24:57.776+0000][7][gc,age      ] GC(195) - age   4:     110216 bytes,    3067192 total
[2025-12-03T16:24:57.776+0000][7][gc,age      ] GC(195) - age   5:      57048 bytes,    3124240 total
[2025-12-03T16:24:57.776+0000][7][gc,age      ] GC(195) - age   6:     758744 bytes,    3882984 total
[2025-12-03T16:24:57.776+0000][7][gc,age      ] GC(195) - age   7:    2330272 bytes,    6213256 total
[2025-12-03T16:24:57.776+0000][7][gc,age      ] GC(195) - age   8:     211384 bytes,    6424640 total
[2025-12-03T16:24:57.776+0000][7][gc,age      ] GC(195) - age   9:       6000 bytes,    6430640 total
[2025-12-03T16:24:57.776+0000][7][gc,age      ] GC(195) - age  10:     102880 bytes,    6533520 total
[2025-12-03T16:24:57.776+0000][7][gc,age      ] GC(195) - age  11:     554552 bytes,    7088072 total
[2025-12-03T16:24:57.776+0000][7][gc,age      ] GC(195) - age  12:     495104 bytes,    7583176 total
[2025-12-03T16:24:57.776+0000][7][gc,age      ] GC(195) - age  13:      34704 bytes,    7617880 total
[2025-12-03T16:24:57.777+0000][7][gc,age      ] GC(195) - age  14:      46240 bytes,    7664120 total
[2025-12-03T16:24:57.777+0000][7][gc,age      ] GC(195) - age  15:     362440 bytes,    8026560 total
[2025-12-03T16:24:57.777+0000][7][gc,phases   ] GC(195)   Pre Evacuate Collection Set: 5.7ms
[2025-12-03T16:24:57.777+0000][7][gc,phases   ] GC(195)   Merge Heap Roots: 0.1ms
[2025-12-03T16:24:57.777+0000][7][gc,phases   ] GC(195)   Evacuate Collection Set: 17.2ms
[2025-12-03T16:24:57.777+0000][7][gc,phases   ] GC(195)   Post Evacuate Collection Set: 1.7ms
[2025-12-03T16:24:57.777+0000][7][gc,phases   ] GC(195)   Other: 3.4ms
[2025-12-03T16:24:57.777+0000][7][gc,heap     ] GC(195) Eden regions: 63->0(63)
[2025-12-03T16:24:57.777+0000][7][gc,heap     ] GC(195) Survivor regions: 3->3(9)
[2025-12-03T16:24:57.777+0000][7][gc,heap     ] GC(195) Old regions: 35->35
[2025-12-03T16:24:57.777+0000][7][gc,heap     ] GC(195) Archive regions: 2->2
[2025-12-03T16:24:57.777+0000][7][gc,heap     ] GC(195) Humongous regions: 2->2
[2025-12-03T16:24:57.777+0000][7][gc,metaspace] GC(195) Metaspace: 115723K(117504K)->115723K(117504K) NonClass: 100948K(101952K)->100948K(101952K) Class: 14774K(15552K)->14774K(15552K)
[2025-12-03T16:24:57.777+0000][7][gc          ] GC(195) Pause Young (Concurrent Start) (G1 Evacuation Pause) 411M->158M(512M) 28.432ms
[2025-12-03T16:24:57.777+0000][7][gc,cpu      ] GC(195) User=0.10s Sys=0.00s Real=0.02s
[2025-12-03T16:24:57.777+0000][7][safepoint   ] Safepoint "G1CollectForAllocation", Time since last: 39988407227 ns, Reaching safepoint: 522042 ns, At safepoint: 28903625 ns, Total: 29425667 ns
[2025-12-03T16:24:57.777+0000][7][gc          ] GC(196) Concurrent Mark Cycle
[2025-12-03T16:24:57.777+0000][7][gc,marking  ] GC(196) Concurrent Clear Claimed Marks
[2025-12-03T16:24:57.778+0000][7][gc,marking  ] GC(196) Concurrent Clear Claimed Marks 0.172ms
[2025-12-03T16:24:57.778+0000][7][gc,marking  ] GC(196) Concurrent Scan Root Regions
[2025-12-03T16:24:57.782+0000][7][gc,marking  ] GC(196) Concurrent Scan Root Regions 4.125ms
[2025-12-03T16:24:57.782+0000][7][gc,marking  ] GC(196) Concurrent Mark
[2025-12-03T16:24:57.782+0000][7][gc,marking  ] GC(196) Concurrent Mark From Roots
[2025-12-03T16:24:57.782+0000][7][gc,task     ] GC(196) Using 2 workers of 2 for marking
[2025-12-03T16:24:57.835+0000][7][gc,marking  ] GC(196) Concurrent Mark From Roots 52.765ms
[2025-12-03T16:24:57.835+0000][7][gc,marking  ] GC(196) Concurrent Preclean
[2025-12-03T16:24:57.835+0000][7][gc,marking  ] GC(196) Concurrent Preclean 0.267ms
[2025-12-03T16:24:57.835+0000][7][gc,start    ] GC(196) Pause Remark
[2025-12-03T16:24:57.871+0000][7][gc          ] GC(196) Pause Remark 163M->163M(512M) 35.966ms
[2025-12-03T16:24:57.872+0000][7][gc,cpu      ] GC(196) User=0.19s Sys=0.00s Real=0.04s
[2025-12-03T16:24:57.872+0000][7][safepoint   ] Safepoint "G1Concurrent", Time since last: 57919875 ns, Reaching safepoint: 39208 ns, At safepoint: 36301208 ns, Total: 36340416 ns
[2025-12-03T16:24:57.872+0000][7][gc,marking  ] GC(196) Concurrent Mark 89.808ms
[2025-12-03T16:24:57.872+0000][7][gc,marking  ] GC(196) Concurrent Rebuild Remembered Sets
[2025-12-03T16:24:57.900+0000][7][gc,marking  ] GC(196) Concurrent Rebuild Remembered Sets 28.430ms
[2025-12-03T16:24:57.901+0000][7][gc,start    ] GC(196) Pause Cleanup
[2025-12-03T16:24:57.901+0000][7][gc          ] GC(196) Pause Cleanup 163M->163M(512M) 0.151ms
[2025-12-03T16:24:57.901+0000][7][gc,cpu      ] GC(196) User=0.00s Sys=0.00s Real=0.00s
[2025-12-03T16:24:57.901+0000][7][safepoint   ] Safepoint "G1Concurrent", Time since last: 28811750 ns, Reaching safepoint: 41167 ns, At safepoint: 296583 ns, Total: 337750 ns
[2025-12-03T16:24:57.901+0000][7][gc,marking  ] GC(196) Concurrent Cleanup for Next Mark
[2025-12-03T16:24:57.902+0000][7][gc,marking  ] GC(196) Concurrent Cleanup for Next Mark 1.394ms
[2025-12-03T16:24:57.902+0000][7][gc          ] GC(196) Concurrent Mark Cycle 124.903ms
[2025-12-03T16:25:06.927+0000][7][safepoint   ] Safepoint "Cleanup", Time since last: 9019377462 ns, Reaching safepoint: 6216833 ns, At safepoint: 101334 ns, Total: 6318167 ns
[2025-12-03T16:25:17.950+0000][7][safepoint   ] Safepoint "Cleanup", Time since last: 11023543880 ns, Reaching safepoint: 251208 ns, At safepoint: 9500 ns, Total: 260708 ns
[2025-12-03T16:25:22.957+0000][7][safepoint   ] Safepoint "Cleanup", Time since last: 5006186544 ns, Reaching safepoint: 160292 ns, At safepoint: 47458 ns, Total: 207750 ns
[2025-12-03T16:25:24.355+0000][7][safepoint   ] Safepoint "Cleanup", Time since last: 1398352834 ns, Reaching safepoint: 143459 ns, At safepoint: 4333 ns, Total: 147792 ns
[2025-12-03T16:25:32.365+0000][7][safepoint   ] Safepoint "Cleanup", Time since last: 8007551503 ns, Reaching safepoint: 167041 ns, At safepoint: 13250 ns, Total: 180291 ns
[2025-12-03T16:25:33.367+0000][7][safepoint   ] Safepoint "Cleanup", Time since last: 1002481293 ns, Reaching safepoint: 398833 ns, At safepoint: 18667 ns, Total: 417500 ns
[2025-12-03T16:25:37.775+0000][7][gc,start    ] GC(197) Pause Young (Normal) (G1 Evacuation Pause)
[2025-12-03T16:25:37.775+0000][7][gc,task     ] GC(197) Using 8 workers of 8 for evacuation
[2025-12-03T16:25:37.776+0000][7][gc,age      ] GC(197) Desired survivor size 18874368 bytes, new threshold 15 (max threshold 15)
[2025-12-03T16:25:37.784+0000][7][gc,age      ] GC(197) Age table with threshold 15 (max threshold 15)
[2025-12-03T16:25:37.784+0000][7][gc,age      ] GC(197) - age   1:    1618904 bytes,    1618904 total
[2025-12-03T16:25:37.784+0000][7][gc,age      ] GC(197) - age   2:     563792 bytes,    2182696 total
[2025-12-03T16:25:37.785+0000][7][gc,age      ] GC(197) - age   3:     502520 bytes,    2685216 total
[2025-12-03T16:25:37.785+0000][7][gc,age      ] GC(197) - age   4:     601304 bytes,    3286520 total
[2025-12-03T16:25:37.785+0000][7][gc,age      ] GC(197) - age   5:     109392 bytes,    3395912 total
[2025-12-03T16:25:37.785+0000][7][gc,age      ] GC(197) - age   6:      55880 bytes,    3451792 total
[2025-12-03T16:25:37.785+0000][7][gc,age      ] GC(197) - age   7:     487896 bytes,    3939688 total
[2025-12-03T16:25:37.785+0000][7][gc,age      ] GC(197) - age   8:    2330208 bytes,    6269896 total
[2025-12-03T16:25:37.785+0000][7][gc,age      ] GC(197) - age   9:     210896 bytes,    6480792 total
[2025-12-03T16:25:37.785+0000][7][gc,age      ] GC(197) - age  10:       6000 bytes,    6486792 total
[2025-12-03T16:25:37.785+0000][7][gc,age      ] GC(197) - age  11:     102816 bytes,    6589608 total
[2025-12-03T16:25:37.785+0000][7][gc,age      ] GC(197) - age  12:     554552 bytes,    7144160 total
[2025-12-03T16:25:37.785+0000][7][gc,age      ] GC(197) - age  13:     495040 bytes,    7639200 total
[2025-12-03T16:25:37.785+0000][7][gc,age      ] GC(197) - age  14:      34640 bytes,    7673840 total
[2025-12-03T16:25:37.785+0000][7][gc,age      ] GC(197) - age  15:      46240 bytes,    7720080 total
[2025-12-03T16:25:37.785+0000][7][gc,phases   ] GC(197)   Pre Evacuate Collection Set: 0.3ms
[2025-12-03T16:25:37.785+0000][7][gc,phases   ] GC(197)   Merge Heap Roots: 0.2ms
[2025-12-03T16:25:37.785+0000][7][gc,phases   ] GC(197)   Evacuate Collection Set: 6.8ms
[2025-12-03T16:25:37.785+0000][7][gc,phases   ] GC(197)   Post Evacuate Collection Set: 1.4ms
[2025-12-03T16:25:37.786+0000][7][gc,phases   ] GC(197)   Other: 1.5ms
[2025-12-03T16:25:37.786+0000][7][gc,heap     ] GC(197) Eden regions: 63->0(65)
[2025-12-03T16:25:37.786+0000][7][gc,heap     ] GC(197) Survivor regions: 3->2(9)
[2025-12-03T16:25:37.786+0000][7][gc,heap     ] GC(197) Old regions: 35->35
[2025-12-03T16:25:37.786+0000][7][gc,heap     ] GC(197) Archive regions: 2->2
[2025-12-03T16:25:37.786+0000][7][gc,heap     ] GC(197) Humongous regions: 2->2
[2025-12-03T16:25:37.786+0000][7][gc,metaspace] GC(197) Metaspace: 115731K(117504K)->115731K(117504K) NonClass: 100954K(101952K)->100954K(101952K) Class: 14776K(15552K)->14776K(15552K)
[2025-12-03T16:25:37.786+0000][7][gc          ] GC(197) Pause Young (Normal) (G1 Evacuation Pause) 410M->158M(512M) 10.654ms
[2025-12-03T16:25:37.786+0000][7][gc,cpu      ] GC(197) User=0.03s Sys=0.00s Real=0.01s
[2025-12-03T16:25:37.786+0000][7][safepoint   ] Safepoint "G1CollectForAllocation", Time since last: 4407583043 ns, Reaching safepoint: 60917 ns, At safepoint: 10813708 ns, Total: 10874625 ns
[2025-12-03T16:26:09.854+0000][7][safepoint   ] Safepoint "Cleanup", Time since last: 32066678640 ns, Reaching safepoint: 213667 ns, At safepoint: 7166 ns, Total: 220833 ns
[2025-12-03T16:26:17.881+0000][7][safepoint   ] Safepoint "Cleanup", Time since last: 8026978504 ns, Reaching safepoint: 246667 ns, At safepoint: 14000 ns, Total: 260667 ns
[2025-12-03T16:26:20.160+0000][7][gc,start    ] GC(198) Pause Young (Concurrent Start) (G1 Evacuation Pause)
[2025-12-03T16:26:20.161+0000][7][gc,task     ] GC(198) Using 8 workers of 8 for evacuation
[2025-12-03T16:26:20.161+0000][7][gc,age      ] GC(198) Desired survivor size 18874368 bytes, new threshold 15 (max threshold 15)
[2025-12-03T16:26:20.181+0000][7][gc,age      ] GC(198) Age table with threshold 15 (max threshold 15)
[2025-12-03T16:26:20.181+0000][7][gc,age      ] GC(198) - age   1:    3138912 bytes,    3138912 total
[2025-12-03T16:26:20.181+0000][7][gc,age      ] GC(198) - age   2:     801848 bytes,    3940760 total
[2025-12-03T16:26:20.181+0000][7][gc,age      ] GC(198) - age   3:     560408 bytes,    4501168 total
[2025-12-03T16:26:20.181+0000][7][gc,age      ] GC(198) - age   4:       9168 bytes,    4510336 total
[2025-12-03T16:26:20.181+0000][7][gc,age      ] GC(198) - age   5:     338328 bytes,    4848664 total
[2025-12-03T16:26:20.182+0000][7][gc,age      ] GC(198) - age   6:     109392 bytes,    4958056 total
[2025-12-03T16:26:20.182+0000][7][gc,age      ] GC(198) - age   7:      55880 bytes,    5013936 total
[2025-12-03T16:26:20.182+0000][7][gc,age      ] GC(198) - age   8:     486800 bytes,    5500736 total
[2025-12-03T16:26:20.182+0000][7][gc,age      ] GC(198) - age   9:    2330208 bytes,    7830944 total
[2025-12-03T16:26:20.182+0000][7][gc,age      ] GC(198) - age  10:     170456 bytes,    8001400 total
[2025-12-03T16:26:20.182+0000][7][gc,age      ] GC(198) - age  11:       6000 bytes,    8007400 total
[2025-12-03T16:26:20.182+0000][7][gc,age      ] GC(198) - age  12:     102816 bytes,    8110216 total
[2025-12-03T16:26:20.182+0000][7][gc,age      ] GC(198) - age  13:     554552 bytes,    8664768 total
[2025-12-03T16:26:20.182+0000][7][gc,age      ] GC(198) - age  14:     495040 bytes,    9159808 total
[2025-12-03T16:26:20.182+0000][7][gc,age      ] GC(198) - age  15:      34640 bytes,    9194448 total
[2025-12-03T16:26:20.182+0000][7][gc,phases   ] GC(198)   Pre Evacuate Collection Set: 2.2ms
[2025-12-03T16:26:20.182+0000][7][gc,phases   ] GC(198)   Merge Heap Roots: 0.3ms
[2025-12-03T16:26:20.182+0000][7][gc,phases   ] GC(198)   Evacuate Collection Set: 14.9ms
[2025-12-03T16:26:20.182+0000][7][gc,phases   ] GC(198)   Post Evacuate Collection Set: 2.7ms
[2025-12-03T16:26:20.182+0000][7][gc,phases   ] GC(198)   Other: 1.5ms
[2025-12-03T16:26:20.182+0000][7][gc,heap     ] GC(198) Eden regions: 65->0(63)
[2025-12-03T16:26:20.182+0000][7][gc,heap     ] GC(198) Survivor regions: 2->3(9)
[2025-12-03T16:26:20.182+0000][7][gc,heap     ] GC(198) Old regions: 35->35
[2025-12-03T16:26:20.182+0000][7][gc,heap     ] GC(198) Archive regions: 2->2
[2025-12-03T16:26:20.182+0000][7][gc,heap     ] GC(198) Humongous regions: 2->2
[2025-12-03T16:26:20.182+0000][7][gc,metaspace] GC(198) Metaspace: 115747K(117504K)->115747K(117504K) NonClass: 100969K(101952K)->100969K(101952K) Class: 14778K(15552K)->14778K(15552K)
[2025-12-03T16:26:20.182+0000][7][gc          ] GC(198) Pause Young (Concurrent Start) (G1 Evacuation Pause) 418M->159M(512M) 22.085ms
[2025-12-03T16:26:20.183+0000][7][gc,cpu      ] GC(198) User=0.10s Sys=0.00s Real=0.03s
[2025-12-03T16:26:20.183+0000][7][safepoint   ] Safepoint "G1CollectForAllocation", Time since last: 2278878626 ns, Reaching safepoint: 93417 ns, At safepoint: 22399000 ns, Total: 22492417 ns
[2025-12-03T16:26:20.183+0000][7][gc          ] GC(199) Concurrent Mark Cycle
[2025-12-03T16:26:20.183+0000][7][gc,marking  ] GC(199) Concurrent Clear Claimed Marks
[2025-12-03T16:26:20.183+0000][7][gc,marking  ] GC(199) Concurrent Clear Claimed Marks 0.161ms
[2025-12-03T16:26:20.183+0000][7][gc,marking  ] GC(199) Concurrent Scan Root Regions
[2025-12-03T16:26:20.188+0000][7][gc,marking  ] GC(199) Concurrent Scan Root Regions 4.686ms
[2025-12-03T16:26:20.188+0000][7][gc,marking  ] GC(199) Concurrent Mark
[2025-12-03T16:26:20.188+0000][7][gc,marking  ] GC(199) Concurrent Mark From Roots
[2025-12-03T16:26:20.188+0000][7][gc,task     ] GC(199) Using 2 workers of 2 for marking
[2025-12-03T16:26:20.262+0000][7][gc,marking  ] GC(199) Concurrent Mark From Roots 73.769ms
[2025-12-03T16:26:20.262+0000][7][gc,marking  ] GC(199) Concurrent Preclean
[2025-12-03T16:26:20.262+0000][7][gc,marking  ] GC(199) Concurrent Preclean 0.360ms
[2025-12-03T16:26:20.263+0000][7][gc,start    ] GC(199) Pause Remark
[2025-12-03T16:26:20.287+0000][7][gc          ] GC(199) Pause Remark 178M->178M(512M) 24.271ms
[2025-12-03T16:26:20.287+0000][7][gc,cpu      ] GC(199) User=0.12s Sys=0.00s Real=0.02s
[2025-12-03T16:26:20.287+0000][7][safepoint   ] Safepoint "G1Concurrent", Time since last: 79940583 ns, Reaching safepoint: 72542 ns, At safepoint: 24614833 ns, Total: 24687375 ns
[2025-12-03T16:26:20.287+0000][7][gc,marking  ] GC(199) Concurrent Mark 99.469ms
[2025-12-03T16:26:20.288+0000][7][gc,marking  ] GC(199) Concurrent Rebuild Remembered Sets
[2025-12-03T16:26:20.323+0000][7][gc,marking  ] GC(199) Concurrent Rebuild Remembered Sets 35.020ms
[2025-12-03T16:26:20.323+0000][7][gc,start    ] GC(199) Pause Cleanup
[2025-12-03T16:26:20.323+0000][7][gc          ] GC(199) Pause Cleanup 178M->178M(512M) 0.182ms
[2025-12-03T16:26:20.323+0000][7][gc,cpu      ] GC(199) User=0.00s Sys=0.00s Real=0.00s
[2025-12-03T16:26:20.323+0000][7][safepoint   ] Safepoint "G1Concurrent", Time since last: 35639125 ns, Reaching safepoint: 112958 ns, At safepoint: 468167 ns, Total: 581125 ns
[2025-12-03T16:26:20.324+0000][7][gc,marking  ] GC(199) Concurrent Cleanup for Next Mark
[2025-12-03T16:26:20.325+0000][7][gc,marking  ] GC(199) Concurrent Cleanup for Next Mark 1.746ms
[2025-12-03T16:26:20.325+0000][7][gc          ] GC(199) Concurrent Mark Cycle 142.792ms
[2025-12-03T16:26:41.366+0000][7][safepoint   ] Safepoint "Cleanup", Time since last: 21043282635 ns, Reaching safepoint: 256083 ns, At safepoint: 9125 ns, Total: 265208 ns
[2025-12-03T16:26:53.389+0000][7][safepoint   ] Safepoint "Cleanup", Time since last: 12021953172 ns, Reaching safepoint: 186250 ns, At safepoint: 7459 ns, Total: 193709 ns
[2025-12-03T16:26:56.375+0000][7][gc,start    ] GC(200) Pause Young (Normal) (G1 Evacuation Pause)
[2025-12-03T16:26:56.375+0000][7][gc,task     ] GC(200) Using 8 workers of 8 for evacuation
[2025-12-03T16:26:56.376+0000][7][gc,age      ] GC(200) Desired survivor size 18874368 bytes, new threshold 15 (max threshold 15)
[2025-12-03T16:26:56.392+0000][7][gc,age      ] GC(200) Age table with threshold 15 (max threshold 15)
[2025-12-03T16:26:56.393+0000][7][gc,age      ] GC(200) - age   1:    5152160 bytes,    5152160 total
[2025-12-03T16:26:56.393+0000][7][gc,age      ] GC(200) - age   2:    1148288 bytes,    6300448 total
[2025-12-03T16:26:56.393+0000][7][gc,age      ] GC(200) - age   3:     647112 bytes,    6947560 total
[2025-12-03T16:26:56.393+0000][7][gc,age      ] GC(200) - age   4:     298072 bytes,    7245632 total
[2025-12-03T16:26:56.393+0000][7][gc,age      ] GC(200) - age   5:       8456 bytes,    7254088 total
[2025-12-03T16:26:56.393+0000][7][gc,age      ] GC(200) - age   6:     338200 bytes,    7592288 total
[2025-12-03T16:26:56.393+0000][7][gc,age      ] GC(200) - age   7:     109200 bytes,    7701488 total
[2025-12-03T16:26:56.393+0000][7][gc,age      ] GC(200) - age   8:      55880 bytes,    7757368 total
[2025-12-03T16:26:56.393+0000][7][gc,age      ] GC(200) - age   9:     486800 bytes,    8244168 total
[2025-12-03T16:26:56.393+0000][7][gc,age      ] GC(200) - age  10:    2330208 bytes,   10574376 total
[2025-12-03T16:26:56.393+0000][7][gc,age      ] GC(200) - age  11:     170456 bytes,   10744832 total
[2025-12-03T16:26:56.393+0000][7][gc,age      ] GC(200) - age  12:       6000 bytes,   10750832 total
[2025-12-03T16:26:56.393+0000][7][gc,age      ] GC(200) - age  13:     102816 bytes,   10853648 total
[2025-12-03T16:26:56.394+0000][7][gc,age      ] GC(200) - age  14:     554552 bytes,   11408200 total
[2025-12-03T16:26:56.394+0000][7][gc,age      ] GC(200) - age  15:     495040 bytes,   11903240 total
[2025-12-03T16:26:56.394+0000][7][gc,phases   ] GC(200)   Pre Evacuate Collection Set: 0.3ms
[2025-12-03T16:26:56.394+0000][7][gc,phases   ] GC(200)   Merge Heap Roots: 0.2ms
[2025-12-03T16:26:56.394+0000][7][gc,phases   ] GC(200)   Evacuate Collection Set: 13.3ms
[2025-12-03T16:26:56.394+0000][7][gc,phases   ] GC(200)   Post Evacuate Collection Set: 2.7ms
[2025-12-03T16:26:56.394+0000][7][gc,phases   ] GC(200)   Other: 2.0ms
[2025-12-03T16:26:56.394+0000][7][gc,heap     ] GC(200) Eden regions: 63->0(61)
[2025-12-03T16:26:56.394+0000][7][gc,heap     ] GC(200) Survivor regions: 3->4(9)
[2025-12-03T16:26:56.394+0000][7][gc,heap     ] GC(200) Old regions: 35->35
[2025-12-03T16:26:56.394+0000][7][gc,heap     ] GC(200) Archive regions: 2->2
[2025-12-03T16:26:56.394+0000][7][gc,heap     ] GC(200) Humongous regions: 2->2
[2025-12-03T16:26:56.394+0000][7][gc,metaspace] GC(200) Metaspace: 115753K(117504K)->115753K(117504K) NonClass: 100975K(101952K)->100975K(101952K) Class: 14778K(15552K)->14778K(15552K)
[2025-12-03T16:26:56.394+0000][7][gc          ] GC(200) Pause Young (Normal) (G1 Evacuation Pause) 411M->162M(512M) 19.305ms
[2025-12-03T16:26:56.395+0000][7][gc,cpu      ] GC(200) User=0.08s Sys=0.00s Real=0.02s
[2025-12-03T16:26:56.395+0000][7][safepoint   ] Safepoint "G1CollectForAllocation", Time since last: 2985235751 ns, Reaching safepoint: 1253959 ns, At safepoint: 19619291 ns, Total: 20873250 ns
[2025-12-03T16:27:10.410+0000][7][safepoint   ] Safepoint "Cleanup", Time since last: 14013240464 ns, Reaching safepoint: 490250 ns, At safepoint: 4709 ns, Total: 494959 ns
[2025-12-03T16:27:38.019+0000][7][gc,start    ] GC(201) Pause Young (Concurrent Start) (G1 Evacuation Pause)
[2025-12-03T16:27:38.019+0000][7][gc,task     ] GC(201) Using 8 workers of 8 for evacuation
[2025-12-03T16:27:38.019+0000][7][gc,age      ] GC(201) Desired survivor size 18874368 bytes, new threshold 15 (max threshold 15)
[2025-12-03T16:27:38.044+0000][7][gc,age      ] GC(201) Age table with threshold 15 (max threshold 15)
[2025-12-03T16:27:38.044+0000][7][gc,age      ] GC(201) - age   1:    1372000 bytes,    1372000 total
[2025-12-03T16:27:38.044+0000][7][gc,age      ] GC(201) - age   2:    1555928 bytes,    2927928 total
[2025-12-03T16:27:38.044+0000][7][gc,age      ] GC(201) - age   3:     728640 bytes,    3656568 total
[2025-12-03T16:27:38.044+0000][7][gc,age      ] GC(201) - age   4:     645976 bytes,    4302544 total
[2025-12-03T16:27:38.044+0000][7][gc,age      ] GC(201) - age   5:     297880 bytes,    4600424 total
[2025-12-03T16:27:38.044+0000][7][gc,age      ] GC(201) - age   6:       8360 bytes,    4608784 total
[2025-12-03T16:27:38.044+0000][7][gc,age      ] GC(201) - age   7:     338136 bytes,    4946920 total
[2025-12-03T16:27:38.044+0000][7][gc,age      ] GC(201) - age   8:     109136 bytes,    5056056 total
[2025-12-03T16:27:38.044+0000][7][gc,age      ] GC(201) - age   9:      55880 bytes,    5111936 total
[2025-12-03T16:27:38.044+0000][7][gc,age      ] GC(201) - age  10:     484832 bytes,    5596768 total
[2025-12-03T16:27:38.044+0000][7][gc,age      ] GC(201) - age  11:    2330208 bytes,    7926976 total
[2025-12-03T16:27:38.044+0000][7][gc,age      ] GC(201) - age  12:     170456 bytes,    8097432 total
[2025-12-03T16:27:38.044+0000][7][gc,age      ] GC(201) - age  13:       6000 bytes,    8103432 total
[2025-12-03T16:27:38.044+0000][7][gc,age      ] GC(201) - age  14:     102816 bytes,    8206248 total
[2025-12-03T16:27:38.044+0000][7][gc,age      ] GC(201) - age  15:     554552 bytes,    8760800 total
[2025-12-03T16:27:38.044+0000][7][gc,phases   ] GC(201)   Pre Evacuate Collection Set: 1.6ms
[2025-12-03T16:27:38.045+0000][7][gc,phases   ] GC(201)   Merge Heap Roots: 0.1ms
[2025-12-03T16:27:38.045+0000][7][gc,phases   ] GC(201)   Evacuate Collection Set: 20.9ms
[2025-12-03T16:27:38.045+0000][7][gc,phases   ] GC(201)   Post Evacuate Collection Set: 1.8ms
[2025-12-03T16:27:38.045+0000][7][gc,phases   ] GC(201)   Other: 1.5ms
[2025-12-03T16:27:38.045+0000][7][gc,heap     ] GC(201) Eden regions: 61->0(63)
[2025-12-03T16:27:38.045+0000][7][gc,heap     ] GC(201) Survivor regions: 4->3(9)
[2025-12-03T16:27:38.045+0000][7][gc,heap     ] GC(201) Old regions: 35->35
[2025-12-03T16:27:38.045+0000][7][gc,heap     ] GC(201) Archive regions: 2->2
[2025-12-03T16:27:38.045+0000][7][gc,heap     ] GC(201) Humongous regions: 2->2
[2025-12-03T16:27:38.045+0000][7][gc,metaspace] GC(201) Metaspace: 115756K(117504K)->115756K(117504K) NonClass: 100978K(101952K)->100978K(101952K) Class: 14778K(15552K)->14778K(15552K)
[2025-12-03T16:27:38.045+0000][7][gc          ] GC(201) Pause Young (Concurrent Start) (G1 Evacuation Pause) 406M->160M(512M) 26.349ms
[2025-12-03T16:27:38.045+0000][7][gc,cpu      ] GC(201) User=0.17s Sys=0.00s Real=0.03s
[2025-12-03T16:27:38.045+0000][7][safepoint   ] Safepoint "G1CollectForAllocation", Time since last: 27606508554 ns, Reaching safepoint: 240583 ns, At safepoint: 26594917 ns, Total: 26835500 ns
[2025-12-03T16:27:38.045+0000][7][gc          ] GC(202) Concurrent Mark Cycle
[2025-12-03T16:27:38.045+0000][7][gc,marking  ] GC(202) Concurrent Clear Claimed Marks
[2025-12-03T16:27:38.045+0000][7][gc,marking  ] GC(202) Concurrent Clear Claimed Marks 0.165ms
[2025-12-03T16:27:38.045+0000][7][gc,marking  ] GC(202) Concurrent Scan Root Regions
[2025-12-03T16:27:38.048+0000][7][gc,marking  ] GC(202) Concurrent Scan Root Regions 3.044ms
[2025-12-03T16:27:38.048+0000][7][gc,marking  ] GC(202) Concurrent Mark
[2025-12-03T16:27:38.049+0000][7][gc,marking  ] GC(202) Concurrent Mark From Roots
[2025-12-03T16:27:38.049+0000][7][gc,task     ] GC(202) Using 2 workers of 2 for marking
[2025-12-03T16:27:38.101+0000][7][gc,marking  ] GC(202) Concurrent Mark From Roots 52.268ms
[2025-12-03T16:27:38.101+0000][7][gc,marking  ] GC(202) Concurrent Preclean
[2025-12-03T16:27:38.101+0000][7][gc,marking  ] GC(202) Concurrent Preclean 0.272ms
[2025-12-03T16:27:38.102+0000][7][gc,start    ] GC(202) Pause Remark
[2025-12-03T16:27:38.123+0000][7][gc          ] GC(202) Pause Remark 164M->164M(512M) 21.335ms
[2025-12-03T16:27:38.123+0000][7][gc,cpu      ] GC(202) User=0.15s Sys=0.00s Real=0.02s
[2025-12-03T16:27:38.123+0000][7][safepoint   ] Safepoint "G1Concurrent", Time since last: 56326958 ns, Reaching safepoint: 86792 ns, At safepoint: 21528791 ns, Total: 21615583 ns
[2025-12-03T16:27:38.123+0000][7][gc,marking  ] GC(202) Concurrent Mark 74.568ms
[2025-12-03T16:27:38.123+0000][7][gc,marking  ] GC(202) Concurrent Rebuild Remembered Sets
[2025-12-03T16:27:38.151+0000][7][gc,marking  ] GC(202) Concurrent Rebuild Remembered Sets 27.912ms
[2025-12-03T16:27:38.151+0000][7][gc,start    ] GC(202) Pause Cleanup
[2025-12-03T16:27:38.151+0000][7][gc          ] GC(202) Pause Cleanup 165M->165M(512M) 0.128ms
[2025-12-03T16:27:38.151+0000][7][gc,cpu      ] GC(202) User=0.00s Sys=0.00s Real=0.00s
[2025-12-03T16:27:38.152+0000][7][safepoint   ] Safepoint "G1Concurrent", Time since last: 28147917 ns, Reaching safepoint: 68167 ns, At safepoint: 288250 ns, Total: 356417 ns
[2025-12-03T16:27:38.152+0000][7][gc,marking  ] GC(202) Concurrent Cleanup for Next Mark
[2025-12-03T16:27:38.153+0000][7][gc,marking  ] GC(202) Concurrent Cleanup for Next Mark 1.396ms
[2025-12-03T16:27:38.153+0000][7][gc          ] GC(202) Concurrent Mark Cycle 107.931ms
[2025-12-03T16:28:10.212+0000][7][safepoint   ] Safepoint "Cleanup", Time since last: 32059052556 ns, Reaching safepoint: 833792 ns, At safepoint: 11500 ns, Total: 845292 ns
[2025-12-03T16:28:20.053+0000][7][gc,start    ] GC(203) Pause Young (Normal) (G1 Evacuation Pause)
[2025-12-03T16:28:20.053+0000][7][gc,task     ] GC(203) Using 8 workers of 8 for evacuation
[2025-12-03T16:28:20.053+0000][7][gc,age      ] GC(203) Desired survivor size 18874368 bytes, new threshold 15 (max threshold 15)
[2025-12-03T16:28:20.064+0000][7][gc,age      ] GC(203) Age table with threshold 15 (max threshold 15)
[2025-12-03T16:28:20.064+0000][7][gc,age      ] GC(203) - age   1:    2556456 bytes,    2556456 total
[2025-12-03T16:28:20.064+0000][7][gc,age      ] GC(203) - age   2:     308808 bytes,    2865264 total
[2025-12-03T16:28:20.065+0000][7][gc,age      ] GC(203) - age   3:    1551544 bytes,    4416808 total
[2025-12-03T16:28:20.065+0000][7][gc,age      ] GC(203) - age   4:      99424 bytes,    4516232 total
[2025-12-03T16:28:20.065+0000][7][gc,age      ] GC(203) - age   5:     645224 bytes,    5161456 total
[2025-12-03T16:28:20.065+0000][7][gc,age      ] GC(203) - age   6:     297816 bytes,    5459272 total
[2025-12-03T16:28:20.065+0000][7][gc,age      ] GC(203) - age   7:       8360 bytes,    5467632 total
[2025-12-03T16:28:20.065+0000][7][gc,age      ] GC(203) - age   8:     338136 bytes,    5805768 total
[2025-12-03T16:28:20.065+0000][7][gc,age      ] GC(203) - age   9:     109136 bytes,    5914904 total
[2025-12-03T16:28:20.065+0000][7][gc,age      ] GC(203) - age  10:      55880 bytes,    5970784 total
[2025-12-03T16:28:20.065+0000][7][gc,age      ] GC(203) - age  11:     484504 bytes,    6455288 total
[2025-12-03T16:28:20.065+0000][7][gc,age      ] GC(203) - age  12:    2330208 bytes,    8785496 total
[2025-12-03T16:28:20.065+0000][7][gc,age      ] GC(203) - age  13:     170456 bytes,    8955952 total
[2025-12-03T16:28:20.065+0000][7][gc,age      ] GC(203) - age  14:       6000 bytes,    8961952 total
[2025-12-03T16:28:20.065+0000][7][gc,age      ] GC(203) - age  15:     102816 bytes,    9064768 total
[2025-12-03T16:28:20.065+0000][7][gc,phases   ] GC(203)   Pre Evacuate Collection Set: 0.3ms
[2025-12-03T16:28:20.065+0000][7][gc,phases   ] GC(203)   Merge Heap Roots: 0.2ms
[2025-12-03T16:28:20.065+0000][7][gc,phases   ] GC(203)   Evacuate Collection Set: 9.0ms
[2025-12-03T16:28:20.065+0000][7][gc,phases   ] GC(203)   Post Evacuate Collection Set: 1.7ms
[2025-12-03T16:28:20.065+0000][7][gc,phases   ] GC(203)   Other: 1.4ms
[2025-12-03T16:28:20.065+0000][7][gc,heap     ] GC(203) Eden regions: 63->0(63)
[2025-12-03T16:28:20.065+0000][7][gc,heap     ] GC(203) Survivor regions: 3->3(9)
[2025-12-03T16:28:20.065+0000][7][gc,heap     ] GC(203) Old regions: 35->35
[2025-12-03T16:28:20.065+0000][7][gc,heap     ] GC(203) Archive regions: 2->2
[2025-12-03T16:28:20.065+0000][7][gc,heap     ] GC(203) Humongous regions: 2->2
[2025-12-03T16:28:20.065+0000][7][gc,metaspace] GC(203) Metaspace: 115766K(117504K)->115766K(117504K) NonClass: 100987K(101952K)->100987K(101952K) Class: 14778K(15552K)->14778K(15552K)
[2025-12-03T16:28:20.066+0000][7][gc          ] GC(203) Pause Young (Normal) (G1 Evacuation Pause) 412M->160M(512M) 12.913ms
[2025-12-03T16:28:20.066+0000][7][gc,cpu      ] GC(203) User=0.07s Sys=0.01s Real=0.02s
[2025-12-03T16:28:20.066+0000][7][safepoint   ] Safepoint "G1CollectForAllocation", Time since last: 9840039505 ns, Reaching safepoint: 186458 ns, At safepoint: 13125833 ns, Total: 13312291 ns
[2025-12-03T16:28:59.054+0000][7][gc,start    ] GC(204) Pause Young (Concurrent Start) (G1 Evacuation Pause)
[2025-12-03T16:28:59.055+0000][7][gc,task     ] GC(204) Using 8 workers of 8 for evacuation
[2025-12-03T16:28:59.056+0000][7][gc,age      ] GC(204) Desired survivor size 18874368 bytes, new threshold 15 (max threshold 15)
[2025-12-03T16:28:59.070+0000][7][gc,age      ] GC(204) Age table with threshold 15 (max threshold 15)
[2025-12-03T16:28:59.070+0000][7][gc,age      ] GC(204) - age   1:    3134552 bytes,    3134552 total
[2025-12-03T16:28:59.070+0000][7][gc,age      ] GC(204) - age   2:     640160 bytes,    3774712 total
[2025-12-03T16:28:59.070+0000][7][gc,age      ] GC(204) - age   3:     307144 bytes,    4081856 total
[2025-12-03T16:28:59.071+0000][7][gc,age      ] GC(204) - age   4:    1550112 bytes,    5631968 total
[2025-12-03T16:28:59.071+0000][7][gc,age      ] GC(204) - age   5:      99088 bytes,    5731056 total
[2025-12-03T16:28:59.071+0000][7][gc,age      ] GC(204) - age   6:     514040 bytes,    6245096 total
[2025-12-03T16:28:59.071+0000][7][gc,age      ] GC(204) - age   7:     297816 bytes,    6542912 total
[2025-12-03T16:28:59.071+0000][7][gc,age      ] GC(204) - age   8:       8360 bytes,    6551272 total
[2025-12-03T16:28:59.071+0000][7][gc,age      ] GC(204) - age   9:     338136 bytes,    6889408 total
[2025-12-03T16:28:59.071+0000][7][gc,age      ] GC(204) - age  10:     109136 bytes,    6998544 total
[2025-12-03T16:28:59.071+0000][7][gc,age      ] GC(204) - age  11:      55880 bytes,    7054424 total
[2025-12-03T16:28:59.071+0000][7][gc,age      ] GC(204) - age  12:     484504 bytes,    7538928 total
[2025-12-03T16:28:59.071+0000][7][gc,age      ] GC(204) - age  13:    2330208 bytes,    9869136 total
[2025-12-03T16:28:59.071+0000][7][gc,age      ] GC(204) - age  14:     170456 bytes,   10039592 total
[2025-12-03T16:28:59.071+0000][7][gc,age      ] GC(204) - age  15:       6000 bytes,   10045592 total
[2025-12-03T16:28:59.071+0000][7][gc,phases   ] GC(204)   Pre Evacuate Collection Set: 3.1ms
[2025-12-03T16:28:59.071+0000][7][gc,phases   ] GC(204)   Merge Heap Roots: 0.2ms
[2025-12-03T16:28:59.072+0000][7][gc,phases   ] GC(204)   Evacuate Collection Set: 9.3ms
[2025-12-03T16:28:59.072+0000][7][gc,phases   ] GC(204)   Post Evacuate Collection Set: 1.7ms
[2025-12-03T16:28:59.072+0000][7][gc,phases   ] GC(204)   Other: 2.9ms
[2025-12-03T16:28:59.072+0000][7][gc,heap     ] GC(204) Eden regions: 63->0(63)
[2025-12-03T16:28:59.072+0000][7][gc,heap     ] GC(204) Survivor regions: 3->3(9)
[2025-12-03T16:28:59.072+0000][7][gc,heap     ] GC(204) Old regions: 35->35
[2025-12-03T16:28:59.072+0000][7][gc,heap     ] GC(204) Archive regions: 2->2
[2025-12-03T16:28:59.072+0000][7][gc,heap     ] GC(204) Humongous regions: 2->2
[2025-12-03T16:28:59.072+0000][7][gc,metaspace] GC(204) Metaspace: 115766K(117504K)->115766K(117504K) NonClass: 100987K(101952K)->100987K(101952K) Class: 14778K(15552K)->14778K(15552K)
[2025-12-03T16:28:59.072+0000][7][gc          ] GC(204) Pause Young (Concurrent Start) (G1 Evacuation Pause) 412M->161M(512M) 17.973ms
[2025-12-03T16:28:59.072+0000][7][gc,cpu      ] GC(204) User=0.06s Sys=0.00s Real=0.02s
[2025-12-03T16:28:59.073+0000][7][safepoint   ] Safepoint "G1CollectForAllocation", Time since last: 38987999602 ns, Reaching safepoint: 359291 ns, At safepoint: 18373167 ns, Total: 18732458 ns
[2025-12-03T16:28:59.073+0000][7][gc          ] GC(205) Concurrent Mark Cycle
[2025-12-03T16:28:59.075+0000][7][gc,marking  ] GC(205) Concurrent Clear Claimed Marks
[2025-12-03T16:28:59.076+0000][7][gc,marking  ] GC(205) Concurrent Clear Claimed Marks 0.338ms
[2025-12-03T16:28:59.076+0000][7][gc,marking  ] GC(205) Concurrent Scan Root Regions
[2025-12-03T16:28:59.080+0000][7][gc,marking  ] GC(205) Concurrent Scan Root Regions 4.087ms
[2025-12-03T16:28:59.080+0000][7][gc,marking  ] GC(205) Concurrent Mark
[2025-12-03T16:28:59.080+0000][7][gc,marking  ] GC(205) Concurrent Mark From Roots
[2025-12-03T16:28:59.080+0000][7][gc,task     ] GC(205) Using 2 workers of 2 for marking
[2025-12-03T16:28:59.143+0000][7][gc,marking  ] GC(205) Concurrent Mark From Roots 63.293ms
[2025-12-03T16:28:59.144+0000][7][gc,marking  ] GC(205) Concurrent Preclean
[2025-12-03T16:28:59.144+0000][7][gc,marking  ] GC(205) Concurrent Preclean 0.280ms
[2025-12-03T16:28:59.144+0000][7][gc,start    ] GC(205) Pause Remark
[2025-12-03T16:28:59.167+0000][7][gc          ] GC(205) Pause Remark 176M->176M(512M) 23.162ms
[2025-12-03T16:28:59.167+0000][7][gc,cpu      ] GC(205) User=0.16s Sys=0.00s Real=0.03s
[2025-12-03T16:28:59.167+0000][7][safepoint   ] Safepoint "G1Concurrent", Time since last: 71328125 ns, Reaching safepoint: 49792 ns, At safepoint: 23417542 ns, Total: 23467334 ns
[2025-12-03T16:28:59.167+0000][7][gc,marking  ] GC(205) Concurrent Mark 87.454ms
[2025-12-03T16:28:59.168+0000][7][gc,marking  ] GC(205) Concurrent Rebuild Remembered Sets
[2025-12-03T16:28:59.195+0000][7][gc,marking  ] GC(205) Concurrent Rebuild Remembered Sets 27.902ms
[2025-12-03T16:28:59.196+0000][7][gc,start    ] GC(205) Pause Cleanup
[2025-12-03T16:28:59.196+0000][7][gc          ] GC(205) Pause Cleanup 176M->176M(512M) 0.175ms
[2025-12-03T16:28:59.196+0000][7][gc,cpu      ] GC(205) User=0.00s Sys=0.00s Real=0.00s
[2025-12-03T16:28:59.196+0000][7][safepoint   ] Safepoint "G1Concurrent", Time since last: 28176291 ns, Reaching safepoint: 58084 ns, At safepoint: 317583 ns, Total: 375667 ns
[2025-12-03T16:28:59.196+0000][7][gc,marking  ] GC(205) Concurrent Cleanup for Next Mark
[2025-12-03T16:28:59.197+0000][7][gc,marking  ] GC(205) Concurrent Cleanup for Next Mark 1.352ms
[2025-12-03T16:28:59.197+0000][7][gc          ] GC(205) Concurrent Mark Cycle 124.782ms
[2025-12-03T16:29:00.196+0000][7][safepoint   ] Safepoint "Cleanup", Time since last: 1000381584 ns, Reaching safepoint: 79625 ns, At safepoint: 2791 ns, Total: 82416 ns
[2025-12-03T16:29:02.203+0000][7][safepoint   ] Safepoint "Cleanup", Time since last: 2005797459 ns, Reaching safepoint: 83500 ns, At safepoint: 2750 ns, Total: 86250 ns
[2025-12-03T16:29:12.231+0000][7][safepoint   ] Safepoint "Cleanup", Time since last: 10025759879 ns, Reaching safepoint: 1302292 ns, At safepoint: 165542 ns, Total: 1467834 ns
[2025-12-03T16:29:15.246+0000][7][safepoint   ] Safepoint "Cleanup", Time since last: 3014700126 ns, Reaching safepoint: 268542 ns, At safepoint: 8875 ns, Total: 277417 ns
[2025-12-03T16:29:27.270+0000][7][safepoint   ] Safepoint "Cleanup", Time since last: 12023363631 ns, Reaching safepoint: 800625 ns, At safepoint: 32041 ns, Total: 832666 ns
[2025-12-03T16:29:37.805+0000][7][gc,start    ] GC(206) Pause Young (Normal) (G1 Evacuation Pause)
[2025-12-03T16:29:37.805+0000][7][gc,task     ] GC(206) Using 8 workers of 8 for evacuation
[2025-12-03T16:29:37.806+0000][7][gc,age      ] GC(206) Desired survivor size 18874368 bytes, new threshold 15 (max threshold 15)
[2025-12-03T16:29:37.818+0000][7][gc,age      ] GC(206) Age table with threshold 15 (max threshold 15)
[2025-12-03T16:29:37.818+0000][7][gc,age      ] GC(206) - age   1:    1986712 bytes,    1986712 total
[2025-12-03T16:29:37.818+0000][7][gc,age      ] GC(206) - age   2:     148632 bytes,    2135344 total
[2025-12-03T16:29:37.818+0000][7][gc,age      ] GC(206) - age   3:     634888 bytes,    2770232 total
[2025-12-03T16:29:37.818+0000][7][gc,age      ] GC(206) - age   4:     175240 bytes,    2945472 total
[2025-12-03T16:29:37.818+0000][7][gc,age      ] GC(206) - age   5:    1549448 bytes,    4494920 total
[2025-12-03T16:29:37.818+0000][7][gc,age      ] GC(206) - age   6:      99000 bytes,    4593920 total
[2025-12-03T16:29:37.818+0000][7][gc,age      ] GC(206) - age   7:     514040 bytes,    5107960 total
[2025-12-03T16:29:37.818+0000][7][gc,age      ] GC(206) - age   8:     297432 bytes,    5405392 total
[2025-12-03T16:29:37.818+0000][7][gc,age      ] GC(206) - age   9:       8360 bytes,    5413752 total
[2025-12-03T16:29:37.818+0000][7][gc,age      ] GC(206) - age  10:     338136 bytes,    5751888 total
[2025-12-03T16:29:37.818+0000][7][gc,age      ] GC(206) - age  11:     109136 bytes,    5861024 total
[2025-12-03T16:29:37.818+0000][7][gc,age      ] GC(206) - age  12:      55880 bytes,    5916904 total
[2025-12-03T16:29:37.818+0000][7][gc,age      ] GC(206) - age  13:     484504 bytes,    6401408 total
[2025-12-03T16:29:37.818+0000][7][gc,age      ] GC(206) - age  14:    2330208 bytes,    8731616 total
[2025-12-03T16:29:37.818+0000][7][gc,age      ] GC(206) - age  15:     170456 bytes,    8902072 total
[2025-12-03T16:29:37.818+0000][7][gc,phases   ] GC(206)   Pre Evacuate Collection Set: 0.4ms
[2025-12-03T16:29:37.818+0000][7][gc,phases   ] GC(206)   Merge Heap Roots: 0.2ms
[2025-12-03T16:29:37.818+0000][7][gc,phases   ] GC(206)   Evacuate Collection Set: 9.3ms
[2025-12-03T16:29:37.818+0000][7][gc,phases   ] GC(206)   Post Evacuate Collection Set: 2.0ms
[2025-12-03T16:29:37.818+0000][7][gc,phases   ] GC(206)   Other: 1.6ms
[2025-12-03T16:29:37.818+0000][7][gc,heap     ] GC(206) Eden regions: 63->0(63)
[2025-12-03T16:29:37.818+0000][7][gc,heap     ] GC(206) Survivor regions: 3->3(9)
[2025-12-03T16:29:37.818+0000][7][gc,heap     ] GC(206) Old regions: 35->35
[2025-12-03T16:29:37.818+0000][7][gc,heap     ] GC(206) Archive regions: 2->2
[2025-12-03T16:29:37.818+0000][7][gc,heap     ] GC(206) Humongous regions: 2->2
[2025-12-03T16:29:37.818+0000][7][gc,metaspace] GC(206) Metaspace: 115773K(117504K)->115773K(117504K) NonClass: 100994K(101952K)->100994K(101952K) Class: 14778K(15552K)->14778K(15552K)
[2025-12-03T16:29:37.819+0000][7][gc          ] GC(206) Pause Young (Normal) (G1 Evacuation Pause) 413M->160M(512M) 13.710ms
[2025-12-03T16:29:37.819+0000][7][gc,cpu      ] GC(206) User=0.08s Sys=0.00s Real=0.02s
[2025-12-03T16:29:37.819+0000][7][safepoint   ] Safepoint "G1CollectForAllocation", Time since last: 10533820838 ns, Reaching safepoint: 293292 ns, At safepoint: 13994916 ns, Total: 14288208 ns
[2025-12-03T16:30:02.884+0000][7][safepoint   ] Safepoint "Cleanup", Time since last: 25063786845 ns, Reaching safepoint: 375084 ns, At safepoint: 70625 ns, Total: 445709 ns
[2025-12-03T16:30:08.893+0000][7][safepoint   ] Safepoint "Cleanup", Time since last: 6008793669 ns, Reaching safepoint: 163084 ns, At safepoint: 8916 ns, Total: 172000 ns
[2025-12-03T16:30:10.896+0000][7][safepoint   ] Safepoint "Cleanup", Time since last: 2002744959 ns, Reaching safepoint: 265167 ns, At safepoint: 14125 ns, Total: 279292 ns
[2025-12-03T16:30:17.665+0000][7][gc,start    ] GC(207) Pause Young (Concurrent Start) (G1 Evacuation Pause)
[2025-12-03T16:30:17.666+0000][7][gc,task     ] GC(207) Using 8 workers of 8 for evacuation
[2025-12-03T16:30:17.666+0000][7][gc,age      ] GC(207) Desired survivor size 18874368 bytes, new threshold 15 (max threshold 15)
[2025-12-03T16:30:17.680+0000][7][gc,age      ] GC(207) Age table with threshold 15 (max threshold 15)
[2025-12-03T16:30:17.680+0000][7][gc,age      ] GC(207) - age   1:    3616528 bytes,    3616528 total
[2025-12-03T16:30:17.680+0000][7][gc,age      ] GC(207) - age   2:     289736 bytes,    3906264 total
[2025-12-03T16:30:17.680+0000][7][gc,age      ] GC(207) - age   3:     142208 bytes,    4048472 total
[2025-12-03T16:30:17.681+0000][7][gc,age      ] GC(207) - age   4:     142336 bytes,    4190808 total
[2025-12-03T16:30:17.681+0000][7][gc,age      ] GC(207) - age   5:      43784 bytes,    4234592 total
[2025-12-03T16:30:17.681+0000][7][gc,age      ] GC(207) - age   6:    1548928 bytes,    5783520 total
[2025-12-03T16:30:17.681+0000][7][gc,age      ] GC(207) - age   7:      98936 bytes,    5882456 total
[2025-12-03T16:30:17.681+0000][7][gc,age      ] GC(207) - age   8:     513816 bytes,    6396272 total
[2025-12-03T16:30:17.681+0000][7][gc,age      ] GC(207) - age   9:     297432 bytes,    6693704 total
[2025-12-03T16:30:17.681+0000][7][gc,age      ] GC(207) - age  10:       8360 bytes,    6702064 total
[2025-12-03T16:30:17.681+0000][7][gc,age      ] GC(207) - age  11:     338136 bytes,    7040200 total
[2025-12-03T16:30:17.681+0000][7][gc,age      ] GC(207) - age  12:     109136 bytes,    7149336 total
[2025-12-03T16:30:17.681+0000][7][gc,age      ] GC(207) - age  13:      55880 bytes,    7205216 total
[2025-12-03T16:30:17.681+0000][7][gc,age      ] GC(207) - age  14:     484448 bytes,    7689664 total
[2025-12-03T16:30:17.681+0000][7][gc,age      ] GC(207) - age  15:    2330208 bytes,   10019872 total
[2025-12-03T16:30:17.682+0000][7][gc,phases   ] GC(207)   Pre Evacuate Collection Set: 2.1ms
[2025-12-03T16:30:17.682+0000][7][gc,phases   ] GC(207)   Merge Heap Roots: 0.2ms
[2025-12-03T16:30:17.682+0000][7][gc,phases   ] GC(207)   Evacuate Collection Set: 9.6ms
[2025-12-03T16:30:17.682+0000][7][gc,phases   ] GC(207)   Post Evacuate Collection Set: 1.6ms
[2025-12-03T16:30:17.682+0000][7][gc,phases   ] GC(207)   Other: 2.9ms
[2025-12-03T16:30:17.682+0000][7][gc,heap     ] GC(207) Eden regions: 63->0(63)
[2025-12-03T16:30:17.682+0000][7][gc,heap     ] GC(207) Survivor regions: 3->3(9)
[2025-12-03T16:30:17.682+0000][7][gc,heap     ] GC(207) Old regions: 35->35
[2025-12-03T16:30:17.682+0000][7][gc,heap     ] GC(207) Archive regions: 2->2
[2025-12-03T16:30:17.682+0000][7][gc,heap     ] GC(207) Humongous regions: 2->2
[2025-12-03T16:30:17.683+0000][7][gc,metaspace] GC(207) Metaspace: 115779K(117504K)->115779K(117504K) NonClass: 101000K(101952K)->101000K(101952K) Class: 14778K(15552K)->14778K(15552K)
[2025-12-03T16:30:17.683+0000][7][gc          ] GC(207) Pause Young (Concurrent Start) (G1 Evacuation Pause) 412M->161M(512M) 17.317ms
[2025-12-03T16:30:17.683+0000][7][gc,cpu      ] GC(207) User=0.06s Sys=0.01s Real=0.02s
[2025-12-03T16:30:17.683+0000][7][safepoint   ] Safepoint "G1CollectForAllocation", Time since last: 6769176003 ns, Reaching safepoint: 142375 ns, At safepoint: 17703792 ns, Total: 17846167 ns
[2025-12-03T16:30:17.683+0000][7][gc          ] GC(208) Concurrent Mark Cycle
[2025-12-03T16:30:17.684+0000][7][gc,marking  ] GC(208) Concurrent Clear Claimed Marks
[2025-12-03T16:30:17.684+0000][7][gc,marking  ] GC(208) Concurrent Clear Claimed Marks 0.193ms
[2025-12-03T16:30:17.684+0000][7][gc,marking  ] GC(208) Concurrent Scan Root Regions
[2025-12-03T16:30:17.688+0000][7][gc,marking  ] GC(208) Concurrent Scan Root Regions 4.199ms
[2025-12-03T16:30:17.688+0000][7][gc,marking  ] GC(208) Concurrent Mark
[2025-12-03T16:30:17.688+0000][7][gc,marking  ] GC(208) Concurrent Mark From Roots
[2025-12-03T16:30:17.688+0000][7][gc,task     ] GC(208) Using 2 workers of 2 for marking
[2025-12-03T16:30:17.773+0000][7][gc,marking  ] GC(208) Concurrent Mark From Roots 84.525ms
[2025-12-03T16:30:17.773+0000][7][gc,marking  ] GC(208) Concurrent Preclean
[2025-12-03T16:30:17.773+0000][7][gc,marking  ] GC(208) Concurrent Preclean 0.247ms
[2025-12-03T16:30:17.773+0000][7][gc,start    ] GC(208) Pause Remark
[2025-12-03T16:30:17.794+0000][7][gc          ] GC(208) Pause Remark 184M->184M(512M) 21.171ms
[2025-12-03T16:30:17.795+0000][7][gc,cpu      ] GC(208) User=0.14s Sys=0.00s Real=0.02s
[2025-12-03T16:30:17.795+0000][7][safepoint   ] Safepoint "G1Concurrent", Time since last: 90014375 ns, Reaching safepoint: 300500 ns, At safepoint: 21358917 ns, Total: 21659417 ns
[2025-12-03T16:30:17.795+0000][7][gc,marking  ] GC(208) Concurrent Mark 106.703ms
[2025-12-03T16:30:17.795+0000][7][gc,marking  ] GC(208) Concurrent Rebuild Remembered Sets
[2025-12-03T16:30:17.835+0000][7][gc,marking  ] GC(208) Concurrent Rebuild Remembered Sets 40.290ms
[2025-12-03T16:30:17.836+0000][7][gc,start    ] GC(208) Pause Cleanup
[2025-12-03T16:30:17.836+0000][7][gc          ] GC(208) Pause Cleanup 192M->192M(512M) 0.418ms
[2025-12-03T16:30:17.836+0000][7][gc,cpu      ] GC(208) User=0.01s Sys=0.00s Real=0.00s
[2025-12-03T16:30:17.837+0000][7][safepoint   ] Safepoint "G1Concurrent", Time since last: 40845291 ns, Reaching safepoint: 80750 ns, At safepoint: 1089542 ns, Total: 1170292 ns
[2025-12-03T16:30:17.837+0000][7][gc,marking  ] GC(208) Concurrent Cleanup for Next Mark
[2025-12-03T16:30:17.845+0000][7][gc,marking  ] GC(208) Concurrent Cleanup for Next Mark 7.964ms
[2025-12-03T16:30:17.845+0000][7][gc          ] GC(208) Concurrent Mark Cycle 162.226ms
[2025-12-03T16:30:57.776+0000][7][gc,start    ] GC(209) Pause Young (Normal) (G1 Evacuation Pause)
[2025-12-03T16:30:57.777+0000][7][gc,task     ] GC(209) Using 8 workers of 8 for evacuation
[2025-12-03T16:30:57.777+0000][7][gc,age      ] GC(209) Desired survivor size 18874368 bytes, new threshold 15 (max threshold 15)
[2025-12-03T16:30:57.823+0000][7][gc,age      ] GC(209) Age table with threshold 15 (max threshold 15)
[2025-12-03T16:30:57.823+0000][7][gc,age      ] GC(209) - age   1:    1573864 bytes,    1573864 total
[2025-12-03T16:30:57.824+0000][7][gc,age      ] GC(209) - age   2:    1187736 bytes,    2761600 total
[2025-12-03T16:30:57.824+0000][7][gc,age      ] GC(209) - age   3:      24048 bytes,    2785648 total
[2025-12-03T16:30:57.824+0000][7][gc,age      ] GC(209) - age   4:       9888 bytes,    2795536 total
[2025-12-03T16:30:57.824+0000][7][gc,age      ] GC(209) - age   5:     141952 bytes,    2937488 total
[2025-12-03T16:30:57.824+0000][7][gc,age      ] GC(209) - age   6:      43512 bytes,    2981000 total
[2025-12-03T16:30:57.824+0000][7][gc,age      ] GC(209) - age   7:    1548576 bytes,    4529576 total
[2025-12-03T16:30:57.824+0000][7][gc,age      ] GC(209) - age   8:      98936 bytes,    4628512 total
[2025-12-03T16:30:57.824+0000][7][gc,age      ] GC(209) - age   9:     513784 bytes,    5142296 total
[2025-12-03T16:30:57.824+0000][7][gc,age      ] GC(209) - age  10:     297336 bytes,    5439632 total
[2025-12-03T16:30:57.824+0000][7][gc,age      ] GC(209) - age  11:       8360 bytes,    5447992 total
[2025-12-03T16:30:57.824+0000][7][gc,age      ] GC(209) - age  12:     338136 bytes,    5786128 total
[2025-12-03T16:30:57.824+0000][7][gc,age      ] GC(209) - age  13:     109072 bytes,    5895200 total
[2025-12-03T16:30:57.824+0000][7][gc,age      ] GC(209) - age  14:      55848 bytes,    5951048 total
[2025-12-03T16:30:57.824+0000][7][gc,age      ] GC(209) - age  15:     484448 bytes,    6435496 total
[2025-12-03T16:30:57.824+0000][7][gc,phases   ] GC(209)   Pre Evacuate Collection Set: 0.6ms
[2025-12-03T16:30:57.824+0000][7][gc,phases   ] GC(209)   Merge Heap Roots: 0.2ms
[2025-12-03T16:30:57.824+0000][7][gc,phases   ] GC(209)   Evacuate Collection Set: 43.2ms
[2025-12-03T16:30:57.824+0000][7][gc,phases   ] GC(209)   Post Evacuate Collection Set: 2.1ms
[2025-12-03T16:30:57.824+0000][7][gc,phases   ] GC(209)   Other: 2.1ms
[2025-12-03T16:30:57.825+0000][7][gc,heap     ] GC(209) Eden regions: 63->0(63)
[2025-12-03T16:30:57.825+0000][7][gc,heap     ] GC(209) Survivor regions: 3->2(9)
[2025-12-03T16:30:57.825+0000][7][gc,heap     ] GC(209) Old regions: 35->36
[2025-12-03T16:30:57.825+0000][7][gc,heap     ] GC(209) Archive regions: 2->2
[2025-12-03T16:30:57.825+0000][7][gc,heap     ] GC(209) Humongous regions: 2->2
[2025-12-03T16:30:57.825+0000][7][gc,metaspace] GC(209) Metaspace: 115779K(117504K)->115779K(117504K) NonClass: 101000K(101952K)->101000K(101952K) Class: 14778K(15552K)->14778K(15552K)
[2025-12-03T16:30:57.825+0000][7][gc          ] GC(209) Pause Young (Normal) (G1 Evacuation Pause) 413M->160M(512M) 48.606ms
[2025-12-03T16:30:57.825+0000][7][gc,cpu      ] GC(209) User=0.33s Sys=0.01s Real=0.05s
[2025-12-03T16:30:57.825+0000][7][safepoint   ] Safepoint "G1CollectForAllocation", Time since last: 39937474977 ns, Reaching safepoint: 598625 ns, At safepoint: 48969791 ns, Total: 49568416 ns
[2025-12-03T16:31:28.634+0000][7][safepoint   ] Safepoint "Cleanup", Time since last: 30808801014 ns, Reaching safepoint: 176125 ns, At safepoint: 8042 ns, Total: 184167 ns
[2025-12-03T16:31:37.826+0000][7][gc,start    ] GC(210) Pause Young (Concurrent Start) (G1 Evacuation Pause)
[2025-12-03T16:31:37.827+0000][7][gc,task     ] GC(210) Using 8 workers of 8 for evacuation
[2025-12-03T16:31:37.827+0000][7][gc,age      ] GC(210) Desired survivor size 18874368 bytes, new threshold 15 (max threshold 15)
[2025-12-03T16:31:37.838+0000][7][gc,age      ] GC(210) Age table with threshold 15 (max threshold 15)
[2025-12-03T16:31:37.838+0000][7][gc,age      ] GC(210) - age   1:    2161200 bytes,    2161200 total
[2025-12-03T16:31:37.838+0000][7][gc,age      ] GC(210) - age   2:     536632 bytes,    2697832 total
[2025-12-03T16:31:37.838+0000][7][gc,age      ] GC(210) - age   3:    1052568 bytes,    3750400 total
[2025-12-03T16:31:37.838+0000][7][gc,age      ] GC(210) - age   4:      23312 bytes,    3773712 total
[2025-12-03T16:31:37.838+0000][7][gc,age      ] GC(210) - age   5:       8808 bytes,    3782520 total
[2025-12-03T16:31:37.838+0000][7][gc,age      ] GC(210) - age   6:     141888 bytes,    3924408 total
[2025-12-03T16:31:37.838+0000][7][gc,age      ] GC(210) - age   7:      43512 bytes,    3967920 total
[2025-12-03T16:31:37.838+0000][7][gc,age      ] GC(210) - age   8:      81744 bytes,    4049664 total
[2025-12-03T16:31:37.838+0000][7][gc,age      ] GC(210) - age   9:      98160 bytes,    4147824 total
[2025-12-03T16:31:37.838+0000][7][gc,age      ] GC(210) - age  10:     414000 bytes,    4561824 total
[2025-12-03T16:31:37.838+0000][7][gc,age      ] GC(210) - age  11:     297336 bytes,    4859160 total
[2025-12-03T16:31:37.838+0000][7][gc,age      ] GC(210) - age  12:       8360 bytes,    4867520 total
[2025-12-03T16:31:37.838+0000][7][gc,age      ] GC(210) - age  13:     338136 bytes,    5205656 total
[2025-12-03T16:31:37.838+0000][7][gc,age      ] GC(210) - age  14:     109072 bytes,    5314728 total
[2025-12-03T16:31:37.838+0000][7][gc,age      ] GC(210) - age  15:      55848 bytes,    5370576 total
[2025-12-03T16:31:37.838+0000][7][gc,phases   ] GC(210)   Pre Evacuate Collection Set: 1.7ms
[2025-12-03T16:31:37.838+0000][7][gc,phases   ] GC(210)   Merge Heap Roots: 0.1ms
[2025-12-03T16:31:37.838+0000][7][gc,phases   ] GC(210)   Evacuate Collection Set: 7.1ms
[2025-12-03T16:31:37.838+0000][7][gc,phases   ] GC(210)   Post Evacuate Collection Set: 1.8ms
[2025-12-03T16:31:37.838+0000][7][gc,phases   ] GC(210)   Other: 2.2ms
[2025-12-03T16:31:37.839+0000][7][gc,heap     ] GC(210) Eden regions: 63->0(63)
[2025-12-03T16:31:37.839+0000][7][gc,heap     ] GC(210) Survivor regions: 2->2(9)
[2025-12-03T16:31:37.839+0000][7][gc,heap     ] GC(210) Old regions: 36->36
[2025-12-03T16:31:37.839+0000][7][gc,heap     ] GC(210) Archive regions: 2->2
[2025-12-03T16:31:37.839+0000][7][gc,heap     ] GC(210) Humongous regions: 2->2
[2025-12-03T16:31:37.839+0000][7][gc,metaspace] GC(210) Metaspace: 115779K(117504K)->115779K(117504K) NonClass: 101000K(101952K)->101000K(101952K) Class: 14778K(15552K)->14778K(15552K)
[2025-12-03T16:31:37.839+0000][7][gc          ] GC(210) Pause Young (Concurrent Start) (G1 Evacuation Pause) 412M->160M(512M) 13.226ms
[2025-12-03T16:31:37.839+0000][7][gc,cpu      ] GC(210) User=0.05s Sys=0.00s Real=0.01s
[2025-12-03T16:31:37.839+0000][7][safepoint   ] Safepoint "G1CollectForAllocation", Time since last: 9189979920 ns, Reaching safepoint: 74791 ns, At safepoint: 13443500 ns, Total: 13518291 ns
[2025-12-03T16:31:37.839+0000][7][gc          ] GC(211) Concurrent Mark Cycle
[2025-12-03T16:31:37.839+0000][7][gc,marking  ] GC(211) Concurrent Clear Claimed Marks
[2025-12-03T16:31:37.839+0000][7][gc,marking  ] GC(211) Concurrent Clear Claimed Marks 0.094ms
[2025-12-03T16:31:37.839+0000][7][gc,marking  ] GC(211) Concurrent Scan Root Regions
[2025-12-03T16:31:37.843+0000][7][gc,marking  ] GC(211) Concurrent Scan Root Regions 3.651ms
[2025-12-03T16:31:37.843+0000][7][gc,marking  ] GC(211) Concurrent Mark
[2025-12-03T16:31:37.843+0000][7][gc,marking  ] GC(211) Concurrent Mark From Roots
[2025-12-03T16:31:37.843+0000][7][gc,task     ] GC(211) Using 2 workers of 2 for marking
[2025-12-03T16:31:37.892+0000][7][gc,marking  ] GC(211) Concurrent Mark From Roots 48.684ms
[2025-12-03T16:31:37.892+0000][7][gc,marking  ] GC(211) Concurrent Preclean
[2025-12-03T16:31:37.892+0000][7][gc,marking  ] GC(211) Concurrent Preclean 0.259ms
[2025-12-03T16:31:37.892+0000][7][gc,start    ] GC(211) Pause Remark
[2025-12-03T16:31:37.898+0000][7][gc          ] GC(211) Pause Remark 168M->168M(512M) 5.255ms
[2025-12-03T16:31:37.898+0000][7][gc,cpu      ] GC(211) User=0.03s Sys=0.00s Real=0.00s
[2025-12-03T16:31:37.898+0000][7][safepoint   ] Safepoint "G1Concurrent", Time since last: 53281125 ns, Reaching safepoint: 50875 ns, At safepoint: 5520667 ns, Total: 5571542 ns
[2025-12-03T16:31:37.898+0000][7][gc,marking  ] GC(211) Concurrent Mark 54.877ms
[2025-12-03T16:31:37.898+0000][7][gc,marking  ] GC(211) Concurrent Rebuild Remembered Sets
[2025-12-03T16:31:37.927+0000][7][gc,marking  ] GC(211) Concurrent Rebuild Remembered Sets 28.916ms
[2025-12-03T16:31:37.927+0000][7][gc,start    ] GC(211) Pause Cleanup
[2025-12-03T16:31:37.927+0000][7][gc          ] GC(211) Pause Cleanup 168M->168M(512M) 0.133ms
[2025-12-03T16:31:37.927+0000][7][gc,cpu      ] GC(211) User=0.00s Sys=0.00s Real=0.00s
[2025-12-03T16:31:37.927+0000][7][safepoint   ] Safepoint "G1Concurrent", Time since last: 29264875 ns, Reaching safepoint: 64250 ns, At safepoint: 275292 ns, Total: 339542 ns
[2025-12-03T16:31:37.927+0000][7][gc,marking  ] GC(211) Concurrent Cleanup for Next Mark
[2025-12-03T16:31:37.929+0000][7][gc,marking  ] GC(211) Concurrent Cleanup for Next Mark 1.413ms
[2025-12-03T16:31:37.929+0000][7][gc          ] GC(211) Concurrent Mark Cycle 90.016ms
[2025-12-03T16:32:17.270+0000][7][gc,start    ] GC(212) Pause Young (Normal) (G1 Evacuation Pause)
[2025-12-03T16:32:17.270+0000][7][gc,task     ] GC(212) Using 8 workers of 8 for evacuation
[2025-12-03T16:32:17.270+0000][7][gc,age      ] GC(212) Desired survivor size 18874368 bytes, new threshold 15 (max threshold 15)
[2025-12-03T16:32:17.279+0000][7][gc,age      ] GC(212) Age table with threshold 15 (max threshold 15)
[2025-12-03T16:32:17.280+0000][7][gc,age      ] GC(212) - age   1:    3788584 bytes,    3788584 total
[2025-12-03T16:32:17.280+0000][7][gc,age      ] GC(212) - age   2:     262656 bytes,    4051240 total
[2025-12-03T16:32:17.280+0000][7][gc,age      ] GC(212) - age   3:     403888 bytes,    4455128 total
[2025-12-03T16:32:17.280+0000][7][gc,age      ] GC(212) - age   4:    1050712 bytes,    5505840 total
[2025-12-03T16:32:17.280+0000][7][gc,age      ] GC(212) - age   5:      22624 bytes,    5528464 total
[2025-12-03T16:32:17.280+0000][7][gc,age      ] GC(212) - age   6:       8584 bytes,    5537048 total
[2025-12-03T16:32:17.280+0000][7][gc,age      ] GC(212) - age   7:     141888 bytes,    5678936 total
[2025-12-03T16:32:17.280+0000][7][gc,age      ] GC(212) - age   8:      43512 bytes,    5722448 total
[2025-12-03T16:32:17.280+0000][7][gc,age      ] GC(212) - age   9:      81744 bytes,    5804192 total
[2025-12-03T16:32:17.280+0000][7][gc,age      ] GC(212) - age  10:      98064 bytes,    5902256 total
[2025-12-03T16:32:17.280+0000][7][gc,age      ] GC(212) - age  11:     413712 bytes,    6315968 total
[2025-12-03T16:32:17.280+0000][7][gc,age      ] GC(212) - age  12:     297304 bytes,    6613272 total
[2025-12-03T16:32:17.280+0000][7][gc,age      ] GC(212) - age  13:       8264 bytes,    6621536 total
[2025-12-03T16:32:17.280+0000][7][gc,age      ] GC(212) - age  14:     338136 bytes,    6959672 total
[2025-12-03T16:32:17.280+0000][7][gc,age      ] GC(212) - age  15:     109072 bytes,    7068744 total
[2025-12-03T16:32:17.280+0000][7][gc,phases   ] GC(212)   Pre Evacuate Collection Set: 0.3ms
[2025-12-03T16:32:17.280+0000][7][gc,phases   ] GC(212)   Merge Heap Roots: 0.2ms
[2025-12-03T16:32:17.280+0000][7][gc,phases   ] GC(212)   Evacuate Collection Set: 7.1ms
[2025-12-03T16:32:17.280+0000][7][gc,phases   ] GC(212)   Post Evacuate Collection Set: 1.6ms
[2025-12-03T16:32:17.280+0000][7][gc,phases   ] GC(212)   Other: 1.4ms
[2025-12-03T16:32:17.280+0000][7][gc,heap     ] GC(212) Eden regions: 63->0(63)
[2025-12-03T16:32:17.281+0000][7][gc,heap     ] GC(212) Survivor regions: 2->2(9)
[2025-12-03T16:32:17.281+0000][7][gc,heap     ] GC(212) Old regions: 36->36
[2025-12-03T16:32:17.281+0000][7][gc,heap     ] GC(212) Archive regions: 2->2
[2025-12-03T16:32:17.281+0000][7][gc,heap     ] GC(212) Humongous regions: 2->2
[2025-12-03T16:32:17.281+0000][7][gc,metaspace] GC(212) Metaspace: 115781K(117504K)->115781K(117504K) NonClass: 101003K(101952K)->101003K(101952K) Class: 14778K(15552K)->14778K(15552K)
[2025-12-03T16:32:17.281+0000][7][gc          ] GC(212) Pause Young (Normal) (G1 Evacuation Pause) 412M->161M(512M) 10.947ms
[2025-12-03T16:32:17.281+0000][7][gc,cpu      ] GC(212) User=0.05s Sys=0.00s Real=0.01s
[2025-12-03T16:32:17.281+0000][7][safepoint   ] Safepoint "G1CollectForAllocation", Time since last: 39340878643 ns, Reaching safepoint: 160666 ns, At safepoint: 11137209 ns, Total: 11297875 ns
[2025-12-03T16:33:02.319+0000][7][gc,start    ] GC(213) Pause Young (Concurrent Start) (G1 Evacuation Pause)
[2025-12-03T16:33:02.320+0000][7][gc,task     ] GC(213) Using 8 workers of 8 for evacuation
[2025-12-03T16:33:02.320+0000][7][gc,age      ] GC(213) Desired survivor size 18874368 bytes, new threshold 15 (max threshold 15)
[2025-12-03T16:33:02.333+0000][7][gc,age      ] GC(213) Age table with threshold 15 (max threshold 15)
[2025-12-03T16:33:02.333+0000][7][gc,age      ] GC(213) - age   1:    2238128 bytes,    2238128 total
[2025-12-03T16:33:02.333+0000][7][gc,age      ] GC(213) - age   2:     693288 bytes,    2931416 total
[2025-12-03T16:33:02.333+0000][7][gc,age      ] GC(213) - age   3:     126936 bytes,    3058352 total
[2025-12-03T16:33:02.333+0000][7][gc,age      ] GC(213) - age   4:     272096 bytes,    3330448 total
[2025-12-03T16:33:02.333+0000][7][gc,age      ] GC(213) - age   5:     557896 bytes,    3888344 total
[2025-12-03T16:33:02.333+0000][7][gc,age      ] GC(213) - age   6:      22560 bytes,    3910904 total
[2025-12-03T16:33:02.334+0000][7][gc,age      ] GC(213) - age   7:       8520 bytes,    3919424 total
[2025-12-03T16:33:02.334+0000][7][gc,age      ] GC(213) - age   8:     141824 bytes,    4061248 total
[2025-12-03T16:33:02.334+0000][7][gc,age      ] GC(213) - age   9:      43512 bytes,    4104760 total
[2025-12-03T16:33:02.334+0000][7][gc,age      ] GC(213) - age  10:      81648 bytes,    4186408 total
[2025-12-03T16:33:02.334+0000][7][gc,age      ] GC(213) - age  11:      98032 bytes,    4284440 total
[2025-12-03T16:33:02.334+0000][7][gc,age      ] GC(213) - age  12:     413648 bytes,    4698088 total
[2025-12-03T16:33:02.334+0000][7][gc,age      ] GC(213) - age  13:     297304 bytes,    4995392 total
[2025-12-03T16:33:02.334+0000][7][gc,age      ] GC(213) - age  14:       8264 bytes,    5003656 total
[2025-12-03T16:33:02.334+0000][7][gc,age      ] GC(213) - age  15:     338136 bytes,    5341792 total
[2025-12-03T16:33:02.334+0000][7][gc,phases   ] GC(213)   Pre Evacuate Collection Set: 2.0ms
[2025-12-03T16:33:02.334+0000][7][gc,phases   ] GC(213)   Merge Heap Roots: 0.1ms
[2025-12-03T16:33:02.334+0000][7][gc,phases   ] GC(213)   Evacuate Collection Set: 9.3ms
[2025-12-03T16:33:02.334+0000][7][gc,phases   ] GC(213)   Post Evacuate Collection Set: 1.6ms
[2025-12-03T16:33:02.334+0000][7][gc,phases   ] GC(213)   Other: 1.9ms
[2025-12-03T16:33:02.335+0000][7][gc,heap     ] GC(213) Eden regions: 63->0(63)
[2025-12-03T16:33:02.335+0000][7][gc,heap     ] GC(213) Survivor regions: 2->2(9)
[2025-12-03T16:33:02.335+0000][7][gc,heap     ] GC(213) Old regions: 36->36
[2025-12-03T16:33:02.335+0000][7][gc,heap     ] GC(213) Archive regions: 2->2
[2025-12-03T16:33:02.335+0000][7][gc,heap     ] GC(213) Humongous regions: 2->2
[2025-12-03T16:33:02.335+0000][7][gc,metaspace] GC(213) Metaspace: 115781K(117504K)->115781K(117504K) NonClass: 101003K(101952K)->101003K(101952K) Class: 14778K(15552K)->14778K(15552K)
[2025-12-03T16:33:02.335+0000][7][gc          ] GC(213) Pause Young (Concurrent Start) (G1 Evacuation Pause) 413M->160M(512M) 15.716ms
[2025-12-03T16:33:02.335+0000][7][gc,cpu      ] GC(213) User=0.06s Sys=0.00s Real=0.02s
[2025-12-03T16:33:02.335+0000][7][safepoint   ] Safepoint "G1CollectForAllocation", Time since last: 45036904395 ns, Reaching safepoint: 354542 ns, At safepoint: 16061875 ns, Total: 16416417 ns
[2025-12-03T16:33:02.335+0000][7][gc          ] GC(214) Concurrent Mark Cycle
[2025-12-03T16:33:02.336+0000][7][gc,marking  ] GC(214) Concurrent Clear Claimed Marks
[2025-12-03T16:33:02.336+0000][7][gc,marking  ] GC(214) Concurrent Clear Claimed Marks 0.530ms
[2025-12-03T16:33:02.336+0000][7][gc,marking  ] GC(214) Concurrent Scan Root Regions
[2025-12-03T16:33:02.347+0000][7][gc,marking  ] GC(214) Concurrent Scan Root Regions 11.147ms
[2025-12-03T16:33:02.348+0000][7][gc,marking  ] GC(214) Concurrent Mark
[2025-12-03T16:33:02.348+0000][7][gc,marking  ] GC(214) Concurrent Mark From Roots
[2025-12-03T16:33:02.348+0000][7][gc,task     ] GC(214) Using 2 workers of 2 for marking
[2025-12-03T16:33:02.412+0000][7][gc,marking  ] GC(214) Concurrent Mark From Roots 63.901ms
[2025-12-03T16:33:02.412+0000][7][gc,marking  ] GC(214) Concurrent Preclean
[2025-12-03T16:33:02.412+0000][7][gc,marking  ] GC(214) Concurrent Preclean 0.309ms
[2025-12-03T16:33:02.412+0000][7][gc,start    ] GC(214) Pause Remark
[2025-12-03T16:33:02.436+0000][7][gc          ] GC(214) Pause Remark 161M->161M(512M) 24.070ms
[2025-12-03T16:33:02.437+0000][7][gc,cpu      ] GC(214) User=0.16s Sys=0.01s Real=0.03s
[2025-12-03T16:33:02.437+0000][7][safepoint   ] Safepoint "G1Concurrent", Time since last: 77082208 ns, Reaching safepoint: 116084 ns, At safepoint: 24320666 ns, Total: 24436750 ns
[2025-12-03T16:33:02.437+0000][7][gc,marking  ] GC(214) Concurrent Mark 89.056ms
[2025-12-03T16:33:02.437+0000][7][gc,marking  ] GC(214) Concurrent Rebuild Remembered Sets
[2025-12-03T16:33:02.466+0000][7][gc,marking  ] GC(214) Concurrent Rebuild Remembered Sets 28.772ms
[2025-12-03T16:33:02.466+0000][7][gc,start    ] GC(214) Pause Cleanup
[2025-12-03T16:33:02.466+0000][7][gc          ] GC(214) Pause Cleanup 163M->163M(512M) 0.130ms
[2025-12-03T16:33:02.466+0000][7][gc,cpu      ] GC(214) User=0.00s Sys=0.00s Real=0.00s
[2025-12-03T16:33:02.466+0000][7][safepoint   ] Safepoint "G1Concurrent", Time since last: 29045125 ns, Reaching safepoint: 44125 ns, At safepoint: 272667 ns, Total: 316792 ns
[2025-12-03T16:33:02.466+0000][7][gc,marking  ] GC(214) Concurrent Cleanup for Next Mark
[2025-12-03T16:33:02.467+0000][7][gc,marking  ] GC(214) Concurrent Cleanup for Next Mark 1.306ms
[2025-12-03T16:33:02.467+0000][7][gc          ] GC(214) Concurrent Mark Cycle 132.181ms
[2025-12-03T16:33:44.972+0000][7][gc,start    ] GC(215) Pause Young (Normal) (G1 Evacuation Pause)
[2025-12-03T16:33:44.973+0000][7][gc,task     ] GC(215) Using 8 workers of 8 for evacuation
[2025-12-03T16:33:44.973+0000][7][gc,age      ] GC(215) Desired survivor size 18874368 bytes, new threshold 15 (max threshold 15)
[2025-12-03T16:33:44.994+0000][7][gc,age      ] GC(215) Age table with threshold 15 (max threshold 15)
[2025-12-03T16:33:44.994+0000][7][gc,age      ] GC(215) - age   1:    2845368 bytes,    2845368 total
[2025-12-03T16:33:44.994+0000][7][gc,age      ] GC(215) - age   2:     639600 bytes,    3484968 total
[2025-12-03T16:33:44.994+0000][7][gc,age      ] GC(215) - age   3:     688448 bytes,    4173416 total
[2025-12-03T16:33:44.995+0000][7][gc,age      ] GC(215) - age   4:     125408 bytes,    4298824 total
[2025-12-03T16:33:44.995+0000][7][gc,age      ] GC(215) - age   5:     271632 bytes,    4570456 total
[2025-12-03T16:33:44.995+0000][7][gc,age      ] GC(215) - age   6:     426416 bytes,    4996872 total
[2025-12-03T16:33:44.995+0000][7][gc,age      ] GC(215) - age   7:      22432 bytes,    5019304 total
[2025-12-03T16:33:44.995+0000][7][gc,age      ] GC(215) - age   8:       8456 bytes,    5027760 total
[2025-12-03T16:33:44.995+0000][7][gc,age      ] GC(215) - age   9:     141696 bytes,    5169456 total
[2025-12-03T16:33:44.995+0000][7][gc,age      ] GC(215) - age  10:      43512 bytes,    5212968 total
[2025-12-03T16:33:44.995+0000][7][gc,age      ] GC(215) - age  11:      81648 bytes,    5294616 total
[2025-12-03T16:33:44.995+0000][7][gc,age      ] GC(215) - age  12:      93920 bytes,    5388536 total
[2025-12-03T16:33:44.995+0000][7][gc,age      ] GC(215) - age  13:     385072 bytes,    5773608 total
[2025-12-03T16:33:44.995+0000][7][gc,age      ] GC(215) - age  14:     297304 bytes,    6070912 total
[2025-12-03T16:33:44.995+0000][7][gc,age      ] GC(215) - age  15:       8264 bytes,    6079176 total
[2025-12-03T16:33:44.995+0000][7][gc,phases   ] GC(215)   Pre Evacuate Collection Set: 0.7ms
[2025-12-03T16:33:44.995+0000][7][gc,phases   ] GC(215)   Merge Heap Roots: 0.3ms
[2025-12-03T16:33:44.995+0000][7][gc,phases   ] GC(215)   Evacuate Collection Set: 18.0ms
[2025-12-03T16:33:44.995+0000][7][gc,phases   ] GC(215)   Post Evacuate Collection Set: 2.1ms
[2025-12-03T16:33:44.995+0000][7][gc,phases   ] GC(215)   Other: 2.3ms
[2025-12-03T16:33:44.995+0000][7][gc,heap     ] GC(215) Eden regions: 63->0(63)
[2025-12-03T16:33:44.995+0000][7][gc,heap     ] GC(215) Survivor regions: 2->2(9)
[2025-12-03T16:33:44.995+0000][7][gc,heap     ] GC(215) Old regions: 36->36
[2025-12-03T16:33:44.995+0000][7][gc,heap     ] GC(215) Archive regions: 2->2
[2025-12-03T16:33:44.995+0000][7][gc,heap     ] GC(215) Humongous regions: 2->2
[2025-12-03T16:33:44.995+0000][7][gc,metaspace] GC(215) Metaspace: 115781K(117504K)->115781K(117504K) NonClass: 101003K(101952K)->101003K(101952K) Class: 14778K(15552K)->14778K(15552K)
[2025-12-03T16:33:44.995+0000][7][gc          ] GC(215) Pause Young (Normal) (G1 Evacuation Pause) 412M->161M(512M) 23.468ms
[2025-12-03T16:33:44.996+0000][7][gc,cpu      ] GC(215) User=0.13s Sys=0.00s Real=0.03s
[2025-12-03T16:33:44.996+0000][7][safepoint   ] Safepoint "G1CollectForAllocation", Time since last: 42503130687 ns, Reaching safepoint: 1127166 ns, At safepoint: 23963292 ns, Total: 25090458 ns
[2025-12-03T16:33:45.999+0000][7][safepoint   ] Safepoint "Cleanup", Time since last: 1002983626 ns, Reaching safepoint: 130916 ns, At safepoint: 5625 ns, Total: 136541 ns
[2025-12-03T16:34:26.297+0000][7][gc,start    ] GC(216) Pause Young (Concurrent Start) (G1 Evacuation Pause)
[2025-12-03T16:34:26.297+0000][7][gc,task     ] GC(216) Using 8 workers of 8 for evacuation
[2025-12-03T16:34:26.297+0000][7][gc,age      ] GC(216) Desired survivor size 18874368 bytes, new threshold 15 (max threshold 15)
[2025-12-03T16:34:26.320+0000][7][gc,age      ] GC(216) Age table with threshold 15 (max threshold 15)
[2025-12-03T16:34:26.320+0000][7][gc,age      ] GC(216) - age   1:    1289400 bytes,    1289400 total
[2025-12-03T16:34:26.321+0000][7][gc,age      ] GC(216) - age   2:     297656 bytes,    1587056 total
[2025-12-03T16:34:26.321+0000][7][gc,age      ] GC(216) - age   3:     636648 bytes,    2223704 total
[2025-12-03T16:34:26.321+0000][7][gc,age      ] GC(216) - age   4:     556568 bytes,    2780272 total
[2025-12-03T16:34:26.321+0000][7][gc,age      ] GC(216) - age   5:     125056 bytes,    2905328 total
[2025-12-03T16:34:26.321+0000][7][gc,age      ] GC(216) - age   6:     271568 bytes,    3176896 total
[2025-12-03T16:34:26.321+0000][7][gc,age      ] GC(216) - age   7:     425992 bytes,    3602888 total
[2025-12-03T16:34:26.321+0000][7][gc,age      ] GC(216) - age   8:      22048 bytes,    3624936 total
[2025-12-03T16:34:26.321+0000][7][gc,age      ] GC(216) - age   9:       8456 bytes,    3633392 total
[2025-12-03T16:34:26.321+0000][7][gc,age      ] GC(216) - age  10:     141696 bytes,    3775088 total
[2025-12-03T16:34:26.321+0000][7][gc,age      ] GC(216) - age  11:      43512 bytes,    3818600 total
[2025-12-03T16:34:26.321+0000][7][gc,age      ] GC(216) - age  12:      81584 bytes,    3900184 total
[2025-12-03T16:34:26.321+0000][7][gc,age      ] GC(216) - age  13:      93920 bytes,    3994104 total
[2025-12-03T16:34:26.321+0000][7][gc,age      ] GC(216) - age  14:     382312 bytes,    4376416 total
[2025-12-03T16:34:26.321+0000][7][gc,age      ] GC(216) - age  15:     297304 bytes,    4673720 total
[2025-12-03T16:34:26.321+0000][7][gc,phases   ] GC(216)   Pre Evacuate Collection Set: 1.8ms
[2025-12-03T16:34:26.322+0000][7][gc,phases   ] GC(216)   Merge Heap Roots: 0.1ms
[2025-12-03T16:34:26.322+0000][7][gc,phases   ] GC(216)   Evacuate Collection Set: 16.7ms
[2025-12-03T16:34:26.323+0000][7][gc,phases   ] GC(216)   Post Evacuate Collection Set: 4.2ms
[2025-12-03T16:34:26.323+0000][7][gc,phases   ] GC(216)   Other: 2.0ms
[2025-12-03T16:34:26.323+0000][7][gc,heap     ] GC(216) Eden regions: 63->0(63)
[2025-12-03T16:34:26.323+0000][7][gc,heap     ] GC(216) Survivor regions: 2->2(9)
[2025-12-03T16:34:26.323+0000][7][gc,heap     ] GC(216) Old regions: 36->36
[2025-12-03T16:34:26.323+0000][7][gc,heap     ] GC(216) Archive regions: 2->2
[2025-12-03T16:34:26.324+0000][7][gc,heap     ] GC(216) Humongous regions: 2->2
[2025-12-03T16:34:26.324+0000][7][gc,metaspace] GC(216) Metaspace: 115783K(117504K)->115783K(117504K) NonClass: 101004K(101952K)->101004K(101952K) Class: 14778K(15552K)->14778K(15552K)
[2025-12-03T16:34:26.324+0000][7][gc          ] GC(216) Pause Young (Concurrent Start) (G1 Evacuation Pause) 413M->159M(512M) 26.965ms
[2025-12-03T16:34:26.324+0000][7][gc,cpu      ] GC(216) User=0.12s Sys=0.00s Real=0.02s
[2025-12-03T16:34:26.324+0000][7][safepoint   ] Safepoint "G1CollectForAllocation", Time since last: 40296977893 ns, Reaching safepoint: 107500 ns, At safepoint: 27276459 ns, Total: 27383959 ns
[2025-12-03T16:34:26.324+0000][7][gc          ] GC(217) Concurrent Mark Cycle
[2025-12-03T16:34:26.324+0000][7][gc,marking  ] GC(217) Concurrent Clear Claimed Marks
[2025-12-03T16:34:26.324+0000][7][gc,marking  ] GC(217) Concurrent Clear Claimed Marks 0.242ms
[2025-12-03T16:34:26.325+0000][7][gc,marking  ] GC(217) Concurrent Scan Root Regions
[2025-12-03T16:34:26.336+0000][7][gc,marking  ] GC(217) Concurrent Scan Root Regions 11.126ms
[2025-12-03T16:34:26.336+0000][7][gc,marking  ] GC(217) Concurrent Mark
[2025-12-03T16:34:26.336+0000][7][gc,marking  ] GC(217) Concurrent Mark From Roots
[2025-12-03T16:34:26.336+0000][7][gc,task     ] GC(217) Using 2 workers of 2 for marking
[2025-12-03T16:34:26.399+0000][7][gc,marking  ] GC(217) Concurrent Mark From Roots 63.002ms
[2025-12-03T16:34:26.400+0000][7][gc,marking  ] GC(217) Concurrent Preclean
[2025-12-03T16:34:26.400+0000][7][gc,marking  ] GC(217) Concurrent Preclean 0.597ms
[2025-12-03T16:34:26.401+0000][7][gc,start    ] GC(217) Pause Remark
[2025-12-03T16:34:26.427+0000][7][gc          ] GC(217) Pause Remark 162M->162M(512M) 25.849ms
[2025-12-03T16:34:26.427+0000][7][gc,cpu      ] GC(217) User=0.17s Sys=0.00s Real=0.03s
[2025-12-03T16:34:26.427+0000][7][safepoint   ] Safepoint "G1Concurrent", Time since last: 76653083 ns, Reaching safepoint: 162917 ns, At safepoint: 26059125 ns, Total: 26222042 ns
[2025-12-03T16:34:26.427+0000][7][gc,marking  ] GC(217) Concurrent Mark 90.929ms
[2025-12-03T16:34:26.427+0000][7][gc,marking  ] GC(217) Concurrent Rebuild Remembered Sets
[2025-12-03T16:34:26.456+0000][7][gc,marking  ] GC(217) Concurrent Rebuild Remembered Sets 29.040ms
[2025-12-03T16:34:26.456+0000][7][gc,start    ] GC(217) Pause Cleanup
[2025-12-03T16:34:26.456+0000][7][gc          ] GC(217) Pause Cleanup 163M->163M(512M) 0.113ms
[2025-12-03T16:34:26.456+0000][7][gc,cpu      ] GC(217) User=0.00s Sys=0.00s Real=0.00s
[2025-12-03T16:34:26.456+0000][7][safepoint   ] Safepoint "G1Concurrent", Time since last: 29243042 ns, Reaching safepoint: 38375 ns, At safepoint: 219375 ns, Total: 257750 ns
[2025-12-03T16:34:26.456+0000][7][gc,marking  ] GC(217) Concurrent Cleanup for Next Mark
[2025-12-03T16:34:26.458+0000][7][gc,marking  ] GC(217) Concurrent Cleanup for Next Mark 1.243ms
[2025-12-03T16:34:26.458+0000][7][gc          ] GC(217) Concurrent Mark Cycle 133.685ms
[2025-12-03T16:34:28.459+0000][7][safepoint   ] Safepoint "Cleanup", Time since last: 2002512417 ns, Reaching safepoint: 188208 ns, At safepoint: 9709 ns, Total: 197917 ns
[2025-12-03T16:34:54.275+0000][7][safepoint   ] Safepoint "Cleanup", Time since last: 25813835678 ns, Reaching safepoint: 630459 ns, At safepoint: 674750 ns, Total: 1305209 ns
[2025-12-03T16:35:02.253+0000][7][gc,start    ] GC(218) Pause Young (Normal) (G1 Evacuation Pause)
[2025-12-03T16:35:02.254+0000][7][gc,task     ] GC(218) Using 8 workers of 8 for evacuation
[2025-12-03T16:35:02.254+0000][7][gc,age      ] GC(218) Desired survivor size 18874368 bytes, new threshold 15 (max threshold 15)
[2025-12-03T16:35:02.273+0000][7][gc,age      ] GC(218) Age table with threshold 15 (max threshold 15)
[2025-12-03T16:35:02.273+0000][7][gc,age      ] GC(218) - age   1:    4906688 bytes,    4906688 total
[2025-12-03T16:35:02.273+0000][7][gc,age      ] GC(218) - age   2:     383432 bytes,    5290120 total
[2025-12-03T16:35:02.273+0000][7][gc,age      ] GC(218) - age   3:     141800 bytes,    5431920 total
[2025-12-03T16:35:02.273+0000][7][gc,age      ] GC(218) - age   4:     141984 bytes,    5573904 total
[2025-12-03T16:35:02.273+0000][7][gc,age      ] GC(218) - age   5:     556472 bytes,    6130376 total
[2025-12-03T16:35:02.273+0000][7][gc,age      ] GC(218) - age   6:     124720 bytes,    6255096 total
[2025-12-03T16:35:02.273+0000][7][gc,age      ] GC(218) - age   7:     271440 bytes,    6526536 total
[2025-12-03T16:35:02.274+0000][7][gc,age      ] GC(218) - age   8:     425864 bytes,    6952400 total
[2025-12-03T16:35:02.274+0000][7][gc,age      ] GC(218) - age   9:      22048 bytes,    6974448 total
[2025-12-03T16:35:02.274+0000][7][gc,age      ] GC(218) - age  10:       8160 bytes,    6982608 total
[2025-12-03T16:35:02.274+0000][7][gc,age      ] GC(218) - age  11:      10544 bytes,    6993152 total
[2025-12-03T16:35:02.274+0000][7][gc,age      ] GC(218) - age  12:      43512 bytes,    7036664 total
[2025-12-03T16:35:02.274+0000][7][gc,age      ] GC(218) - age  13:      81584 bytes,    7118248 total
[2025-12-03T16:35:02.274+0000][7][gc,age      ] GC(218) - age  14:      93920 bytes,    7212168 total
[2025-12-03T16:35:02.274+0000][7][gc,age      ] GC(218) - age  15:     382312 bytes,    7594480 total
[2025-12-03T16:35:02.274+0000][7][gc,phases   ] GC(218)   Pre Evacuate Collection Set: 0.3ms
[2025-12-03T16:35:02.274+0000][7][gc,phases   ] GC(218)   Merge Heap Roots: 0.2ms
[2025-12-03T16:35:02.274+0000][7][gc,phases   ] GC(218)   Evacuate Collection Set: 15.8ms
[2025-12-03T16:35:02.274+0000][7][gc,phases   ] GC(218)   Post Evacuate Collection Set: 2.8ms
[2025-12-03T16:35:02.274+0000][7][gc,phases   ] GC(218)   Other: 1.8ms
[2025-12-03T16:35:02.274+0000][7][gc,heap     ] GC(218) Eden regions: 63->0(63)
[2025-12-03T16:35:02.274+0000][7][gc,heap     ] GC(218) Survivor regions: 2->2(9)
[2025-12-03T16:35:02.274+0000][7][gc,heap     ] GC(218) Old regions: 36->36
[2025-12-03T16:35:02.274+0000][7][gc,heap     ] GC(218) Archive regions: 2->2
[2025-12-03T16:35:02.274+0000][7][gc,heap     ] GC(218) Humongous regions: 2->2
[2025-12-03T16:35:02.274+0000][7][gc,metaspace] GC(218) Metaspace: 115783K(117504K)->115783K(117504K) NonClass: 101004K(101952K)->101004K(101952K) Class: 14778K(15552K)->14778K(15552K)
[2025-12-03T16:35:02.275+0000][7][gc          ] GC(218) Pause Young (Normal) (G1 Evacuation Pause) 411M->163M(512M) 21.420ms
[2025-12-03T16:35:02.275+0000][7][gc,cpu      ] GC(218) User=0.12s Sys=0.00s Real=0.02s
[2025-12-03T16:35:02.275+0000][7][safepoint   ] Safepoint "G1CollectForAllocation", Time since last: 7976606878 ns, Reaching safepoint: 188166 ns, At safepoint: 21738209 ns, Total: 21926375 ns
[2025-12-03T16:35:38.547+0000][7][gc,start    ] GC(219) Pause Young (Concurrent Start) (G1 Evacuation Pause)
[2025-12-03T16:35:38.547+0000][7][gc,task     ] GC(219) Using 8 workers of 8 for evacuation
[2025-12-03T16:35:38.548+0000][7][gc,age      ] GC(219) Desired survivor size 18874368 bytes, new threshold 15 (max threshold 15)
[2025-12-03T16:35:38.564+0000][7][gc,age      ] GC(219) Age table with threshold 15 (max threshold 15)
[2025-12-03T16:35:38.564+0000][7][gc,age      ] GC(219) - age   1:    2908640 bytes,    2908640 total
[2025-12-03T16:35:38.565+0000][7][gc,age      ] GC(219) - age   2:    3153584 bytes,    6062224 total
[2025-12-03T16:35:38.565+0000][7][gc,age      ] GC(219) - age   3:     215064 bytes,    6277288 total
[2025-12-03T16:35:38.565+0000][7][gc,age      ] GC(219) - age   4:       9192 bytes,    6286480 total
[2025-12-03T16:35:38.565+0000][7][gc,age      ] GC(219) - age   5:     141792 bytes,    6428272 total
[2025-12-03T16:35:38.565+0000][7][gc,age      ] GC(219) - age   6:     556408 bytes,    6984680 total
[2025-12-03T16:35:38.565+0000][7][gc,age      ] GC(219) - age   7:     124656 bytes,    7109336 total
[2025-12-03T16:35:38.565+0000][7][gc,age      ] GC(219) - age   8:     271440 bytes,    7380776 total
[2025-12-03T16:35:38.565+0000][7][gc,age      ] GC(219) - age   9:     425864 bytes,    7806640 total
[2025-12-03T16:35:38.565+0000][7][gc,age      ] GC(219) - age  10:      22048 bytes,    7828688 total
[2025-12-03T16:35:38.565+0000][7][gc,age      ] GC(219) - age  11:       8160 bytes,    7836848 total
[2025-12-03T16:35:38.565+0000][7][gc,age      ] GC(219) - age  12:      10544 bytes,    7847392 total
[2025-12-03T16:35:38.566+0000][7][gc,age      ] GC(219) - age  13:      43512 bytes,    7890904 total
[2025-12-03T16:35:38.566+0000][7][gc,age      ] GC(219) - age  14:      81584 bytes,    7972488 total
[2025-12-03T16:35:38.566+0000][7][gc,age      ] GC(219) - age  15:      93920 bytes,    8066408 total
[2025-12-03T16:35:38.566+0000][7][gc,phases   ] GC(219)   Pre Evacuate Collection Set: 3.0ms
[2025-12-03T16:35:38.566+0000][7][gc,phases   ] GC(219)   Merge Heap Roots: 0.2ms
[2025-12-03T16:35:38.566+0000][7][gc,phases   ] GC(219)   Evacuate Collection Set: 11.2ms
[2025-12-03T16:35:38.566+0000][7][gc,phases   ] GC(219)   Post Evacuate Collection Set: 2.0ms
[2025-12-03T16:35:38.566+0000][7][gc,phases   ] GC(219)   Other: 2.9ms
[2025-12-03T16:35:38.566+0000][7][gc,heap     ] GC(219) Eden regions: 63->0(62)
[2025-12-03T16:35:38.566+0000][7][gc,heap     ] GC(219) Survivor regions: 2->3(9)
[2025-12-03T16:35:38.566+0000][7][gc,heap     ] GC(219) Old regions: 36->36
[2025-12-03T16:35:38.566+0000][7][gc,heap     ] GC(219) Archive regions: 2->2
[2025-12-03T16:35:38.566+0000][7][gc,heap     ] GC(219) Humongous regions: 2->2
[2025-12-03T16:35:38.566+0000][7][gc,metaspace] GC(219) Metaspace: 115783K(117504K)->115783K(117504K) NonClass: 101004K(101952K)->101004K(101952K) Class: 14778K(15552K)->14778K(15552K)
[2025-12-03T16:35:38.567+0000][7][gc          ] GC(219) Pause Young (Concurrent Start) (G1 Evacuation Pause) 415M->163M(512M) 20.002ms
[2025-12-03T16:35:38.567+0000][7][gc,cpu      ] GC(219) User=0.09s Sys=0.00s Real=0.02s
[2025-12-03T16:35:38.567+0000][7][safepoint   ] Safepoint "G1CollectForAllocation", Time since last: 36269992849 ns, Reaching safepoint: 768167 ns, At safepoint: 20471167 ns, Total: 21239334 ns
[2025-12-03T16:35:38.567+0000][7][gc          ] GC(220) Concurrent Mark Cycle
[2025-12-03T16:35:38.567+0000][7][gc,marking  ] GC(220) Concurrent Clear Claimed Marks
[2025-12-03T16:35:38.568+0000][7][gc,marking  ] GC(220) Concurrent Clear Claimed Marks 0.367ms
[2025-12-03T16:35:38.568+0000][7][gc,marking  ] GC(220) Concurrent Scan Root Regions
[2025-12-03T16:35:38.592+0000][7][gc,marking  ] GC(220) Concurrent Scan Root Regions 24.245ms
[2025-12-03T16:35:38.592+0000][7][gc,marking  ] GC(220) Concurrent Mark
[2025-12-03T16:35:38.592+0000][7][gc,marking  ] GC(220) Concurrent Mark From Roots
[2025-12-03T16:35:38.592+0000][7][gc,task     ] GC(220) Using 2 workers of 2 for marking
[2025-12-03T16:35:38.676+0000][7][gc,marking  ] GC(220) Concurrent Mark From Roots 83.701ms
[2025-12-03T16:35:38.676+0000][7][gc,marking  ] GC(220) Concurrent Preclean
[2025-12-03T16:35:38.676+0000][7][gc,marking  ] GC(220) Concurrent Preclean 0.291ms
[2025-12-03T16:35:38.676+0000][7][gc,start    ] GC(220) Pause Remark
[2025-12-03T16:35:38.705+0000][7][gc          ] GC(220) Pause Remark 184M->184M(512M) 28.707ms
[2025-12-03T16:35:38.705+0000][7][gc,cpu      ] GC(220) User=0.16s Sys=0.00s Real=0.03s
[2025-12-03T16:35:38.705+0000][7][safepoint   ] Safepoint "G1Concurrent", Time since last: 109563125 ns, Reaching safepoint: 51958 ns, At safepoint: 28980917 ns, Total: 29032875 ns
[2025-12-03T16:35:38.705+0000][7][gc,marking  ] GC(220) Concurrent Mark 113.438ms
[2025-12-03T16:35:38.706+0000][7][gc,marking  ] GC(220) Concurrent Rebuild Remembered Sets
[2025-12-03T16:35:38.741+0000][7][gc,marking  ] GC(220) Concurrent Rebuild Remembered Sets 35.303ms
[2025-12-03T16:35:38.741+0000][7][gc,start    ] GC(220) Pause Cleanup
[2025-12-03T16:35:38.741+0000][7][gc          ] GC(220) Pause Cleanup 184M->184M(512M) 0.165ms
[2025-12-03T16:35:38.741+0000][7][gc,cpu      ] GC(220) User=0.00s Sys=0.00s Real=0.00s
[2025-12-03T16:35:38.741+0000][7][safepoint   ] Safepoint "G1Concurrent", Time since last: 35644750 ns, Reaching safepoint: 58958 ns, At safepoint: 323708 ns, Total: 382666 ns
[2025-12-03T16:35:38.741+0000][7][gc,marking  ] GC(220) Concurrent Cleanup for Next Mark
[2025-12-03T16:35:38.743+0000][7][gc,marking  ] GC(220) Concurrent Cleanup for Next Mark 1.497ms
[2025-12-03T16:35:38.743+0000][7][gc          ] GC(220) Concurrent Mark Cycle 176.220ms
[2025-12-03T16:35:48.753+0000][7][safepoint   ] Safepoint "Cleanup", Time since last: 10011535422 ns, Reaching safepoint: 71625 ns, At safepoint: 2750 ns, Total: 74375 ns
[2025-12-03T16:36:17.893+0000][7][gc,start    ] GC(221) Pause Young (Normal) (G1 Evacuation Pause)
[2025-12-03T16:36:17.893+0000][7][gc,task     ] GC(221) Using 8 workers of 8 for evacuation
[2025-12-03T16:36:17.894+0000][7][gc,age      ] GC(221) Desired survivor size 18874368 bytes, new threshold 15 (max threshold 15)
[2025-12-03T16:36:17.906+0000][7][gc,age      ] GC(221) Age table with threshold 15 (max threshold 15)
[2025-12-03T16:36:17.906+0000][7][gc,age      ] GC(221) - age   1:    1770264 bytes,    1770264 total
[2025-12-03T16:36:17.906+0000][7][gc,age      ] GC(221) - age   2:     563560 bytes,    2333824 total
[2025-12-03T16:36:17.906+0000][7][gc,age      ] GC(221) - age   3:    2998376 bytes,    5332200 total
[2025-12-03T16:36:17.906+0000][7][gc,age      ] GC(221) - age   4:      83280 bytes,    5415480 total
[2025-12-03T16:36:17.906+0000][7][gc,age      ] GC(221) - age   5:       9064 bytes,    5424544 total
[2025-12-03T16:36:17.906+0000][7][gc,age      ] GC(221) - age   6:     141600 bytes,    5566144 total
[2025-12-03T16:36:17.906+0000][7][gc,age      ] GC(221) - age   7:     556408 bytes,    6122552 total
[2025-12-03T16:36:17.906+0000][7][gc,age      ] GC(221) - age   8:     124592 bytes,    6247144 total
[2025-12-03T16:36:17.906+0000][7][gc,age      ] GC(221) - age   9:     271440 bytes,    6518584 total
[2025-12-03T16:36:17.906+0000][7][gc,age      ] GC(221) - age  10:     385424 bytes,    6904008 total
[2025-12-03T16:36:17.906+0000][7][gc,age      ] GC(221) - age  11:      22048 bytes,    6926056 total
[2025-12-03T16:36:17.906+0000][7][gc,age      ] GC(221) - age  12:       8160 bytes,    6934216 total
[2025-12-03T16:36:17.906+0000][7][gc,age      ] GC(221) - age  13:      10544 bytes,    6944760 total
[2025-12-03T16:36:17.906+0000][7][gc,age      ] GC(221) - age  14:      43384 bytes,    6988144 total
[2025-12-03T16:36:17.907+0000][7][gc,age      ] GC(221) - age  15:      81584 bytes,    7069728 total
[2025-12-03T16:36:17.907+0000][7][gc,phases   ] GC(221)   Pre Evacuate Collection Set: 0.2ms
[2025-12-03T16:36:17.907+0000][7][gc,phases   ] GC(221)   Merge Heap Roots: 0.2ms
[2025-12-03T16:36:17.907+0000][7][gc,phases   ] GC(221)   Evacuate Collection Set: 8.9ms
[2025-12-03T16:36:17.907+0000][7][gc,phases   ] GC(221)   Post Evacuate Collection Set: 2.7ms
[2025-12-03T16:36:17.907+0000][7][gc,phases   ] GC(221)   Other: 1.6ms
[2025-12-03T16:36:17.907+0000][7][gc,heap     ] GC(221) Eden regions: 62->0(63)
[2025-12-03T16:36:17.907+0000][7][gc,heap     ] GC(221) Survivor regions: 3->2(9)
[2025-12-03T16:36:17.907+0000][7][gc,heap     ] GC(221) Old regions: 36->36
[2025-12-03T16:36:17.907+0000][7][gc,heap     ] GC(221) Archive regions: 2->2
[2025-12-03T16:36:17.907+0000][7][gc,heap     ] GC(221) Humongous regions: 2->2
[2025-12-03T16:36:17.907+0000][7][gc,metaspace] GC(221) Metaspace: 115783K(117504K)->115783K(117504K) NonClass: 101004K(101952K)->101004K(101952K) Class: 14778K(15552K)->14778K(15552K)
[2025-12-03T16:36:17.907+0000][7][gc          ] GC(221) Pause Young (Normal) (G1 Evacuation Pause) 411M->162M(512M) 13.979ms
[2025-12-03T16:36:17.907+0000][7][gc,cpu      ] GC(221) User=0.07s Sys=0.00s Real=0.01s
[2025-12-03T16:36:17.907+0000][7][safepoint   ] Safepoint "G1CollectForAllocation", Time since last: 29138879513 ns, Reaching safepoint: 188667 ns, At safepoint: 14164167 ns, Total: 14352834 ns
[2025-12-03T16:36:45.013+0000][7][safepoint   ] Safepoint "Cleanup", Time since last: 27104290512 ns, Reaching safepoint: 730416 ns, At safepoint: 24250 ns, Total: 754666 ns
[2025-12-03T16:36:48.021+0000][7][safepoint   ] Safepoint "Cleanup", Time since last: 3008109210 ns, Reaching safepoint: 328000 ns, At safepoint: 8875 ns, Total: 336875 ns
[2025-12-03T16:37:04.274+0000][7][gc,start    ] GC(222) Pause Young (Concurrent Start) (G1 Evacuation Pause)
[2025-12-03T16:37:04.274+0000][7][gc,task     ] GC(222) Using 8 workers of 8 for evacuation
[2025-12-03T16:37:04.275+0000][7][gc,age      ] GC(222) Desired survivor size 18874368 bytes, new threshold 15 (max threshold 15)
[2025-12-03T16:37:04.288+0000][7][gc,age      ] GC(222) Age table with threshold 15 (max threshold 15)
[2025-12-03T16:37:04.288+0000][7][gc,age      ] GC(222) - age   1:    3988128 bytes,    3988128 total
[2025-12-03T16:37:04.288+0000][7][gc,age      ] GC(222) - age   2:     142752 bytes,    4130880 total
[2025-12-03T16:37:04.288+0000][7][gc,age      ] GC(222) - age   3:     428288 bytes,    4559168 total
[2025-12-03T16:37:04.288+0000][7][gc,age      ] GC(222) - age   4:    2498584 bytes,    7057752 total
[2025-12-03T16:37:04.288+0000][7][gc,age      ] GC(222) - age   5:      83120 bytes,    7140872 total
[2025-12-03T16:37:04.288+0000][7][gc,age      ] GC(222) - age   6:       8696 bytes,    7149568 total
[2025-12-03T16:37:04.288+0000][7][gc,age      ] GC(222) - age   7:      10512 bytes,    7160080 total
[2025-12-03T16:37:04.288+0000][7][gc,age      ] GC(222) - age   8:     556408 bytes,    7716488 total
[2025-12-03T16:37:04.288+0000][7][gc,age      ] GC(222) - age   9:     123880 bytes,    7840368 total
[2025-12-03T16:37:04.288+0000][7][gc,age      ] GC(222) - age  10:     271440 bytes,    8111808 total
[2025-12-03T16:37:04.289+0000][7][gc,age      ] GC(222) - age  11:     385424 bytes,    8497232 total
[2025-12-03T16:37:04.289+0000][7][gc,age      ] GC(222) - age  12:      22048 bytes,    8519280 total
[2025-12-03T16:37:04.289+0000][7][gc,age      ] GC(222) - age  13:       8160 bytes,    8527440 total
[2025-12-03T16:37:04.289+0000][7][gc,age      ] GC(222) - age  14:      10544 bytes,    8537984 total
[2025-12-03T16:37:04.289+0000][7][gc,age      ] GC(222) - age  15:      43384 bytes,    8581368 total
[2025-12-03T16:37:04.289+0000][7][gc,phases   ] GC(222)   Pre Evacuate Collection Set: 2.7ms
[2025-12-03T16:37:04.289+0000][7][gc,phases   ] GC(222)   Merge Heap Roots: 0.2ms
[2025-12-03T16:37:04.289+0000][7][gc,phases   ] GC(222)   Evacuate Collection Set: 8.7ms
[2025-12-03T16:37:04.289+0000][7][gc,phases   ] GC(222)   Post Evacuate Collection Set: 1.6ms
[2025-12-03T16:37:04.289+0000][7][gc,phases   ] GC(222)   Other: 2.2ms
[2025-12-03T16:37:04.289+0000][7][gc,heap     ] GC(222) Eden regions: 63->0(62)
[2025-12-03T16:37:04.289+0000][7][gc,heap     ] GC(222) Survivor regions: 2->3(9)
[2025-12-03T16:37:04.289+0000][7][gc,heap     ] GC(222) Old regions: 36->36
[2025-12-03T16:37:04.289+0000][7][gc,heap     ] GC(222) Archive regions: 2->2
[2025-12-03T16:37:04.289+0000][7][gc,heap     ] GC(222) Humongous regions: 2->2
[2025-12-03T16:37:04.289+0000][7][gc,metaspace] GC(222) Metaspace: 115783K(117504K)->115783K(117504K) NonClass: 101004K(101952K)->101004K(101952K) Class: 14778K(15552K)->14778K(15552K)
[2025-12-03T16:37:04.289+0000][7][gc          ] GC(222) Pause Young (Concurrent Start) (G1 Evacuation Pause) 414M->164M(512M) 15.755ms
[2025-12-03T16:37:04.290+0000][7][gc,cpu      ] GC(222) User=0.07s Sys=0.00s Real=0.01s
[2025-12-03T16:37:04.290+0000][7][safepoint   ] Safepoint "G1CollectForAllocation", Time since last: 16251018632 ns, Reaching safepoint: 213709 ns, At safepoint: 16136166 ns, Total: 16349875 ns
[2025-12-03T16:37:04.290+0000][7][gc          ] GC(223) Concurrent Mark Cycle
[2025-12-03T16:37:04.290+0000][7][gc,marking  ] GC(223) Concurrent Clear Claimed Marks
[2025-12-03T16:37:04.290+0000][7][gc,marking  ] GC(223) Concurrent Clear Claimed Marks 0.145ms
[2025-12-03T16:37:04.290+0000][7][gc,marking  ] GC(223) Concurrent Scan Root Regions
[2025-12-03T16:37:04.294+0000][7][gc,marking  ] GC(223) Concurrent Scan Root Regions 3.942ms
[2025-12-03T16:37:04.294+0000][7][gc,marking  ] GC(223) Concurrent Mark
[2025-12-03T16:37:04.294+0000][7][gc,marking  ] GC(223) Concurrent Mark From Roots
[2025-12-03T16:37:04.294+0000][7][gc,task     ] GC(223) Using 2 workers of 2 for marking
[2025-12-03T16:37:04.358+0000][7][gc,marking  ] GC(223) Concurrent Mark From Roots 64.034ms
[2025-12-03T16:37:04.358+0000][7][gc,marking  ] GC(223) Concurrent Preclean
[2025-12-03T16:37:04.358+0000][7][gc,marking  ] GC(223) Concurrent Preclean 0.282ms
[2025-12-03T16:37:04.359+0000][7][gc,start    ] GC(223) Pause Remark
[2025-12-03T16:37:04.384+0000][7][gc          ] GC(223) Pause Remark 165M->165M(512M) 24.694ms
[2025-12-03T16:37:04.384+0000][7][gc,cpu      ] GC(223) User=0.18s Sys=0.00s Real=0.03s
[2025-12-03T16:37:04.384+0000][7][safepoint   ] Safepoint "G1Concurrent", Time since last: 69070209 ns, Reaching safepoint: 101916 ns, At safepoint: 24975167 ns, Total: 25077083 ns
[2025-12-03T16:37:04.384+0000][7][gc,marking  ] GC(223) Concurrent Mark 89.904ms
[2025-12-03T16:37:04.384+0000][7][gc,marking  ] GC(223) Concurrent Rebuild Remembered Sets
[2025-12-03T16:37:04.412+0000][7][gc,marking  ] GC(223) Concurrent Rebuild Remembered Sets 28.438ms
[2025-12-03T16:37:04.413+0000][7][gc,start    ] GC(223) Pause Cleanup
[2025-12-03T16:37:04.413+0000][7][gc          ] GC(223) Pause Cleanup 165M->165M(512M) 0.134ms
[2025-12-03T16:37:04.413+0000][7][gc,cpu      ] GC(223) User=0.00s Sys=0.00s Real=0.00s
[2025-12-03T16:37:04.413+0000][7][safepoint   ] Safepoint "G1Concurrent", Time since last: 28771208 ns, Reaching safepoint: 77459 ns, At safepoint: 272291 ns, Total: 349750 ns
[2025-12-03T16:37:04.413+0000][7][gc,marking  ] GC(223) Concurrent Cleanup for Next Mark
[2025-12-03T16:37:04.414+0000][7][gc,marking  ] GC(223) Concurrent Cleanup for Next Mark 1.357ms
[2025-12-03T16:37:04.414+0000][7][gc          ] GC(223) Concurrent Mark Cycle 124.723ms
[2025-12-03T16:37:41.334+0000][7][gc,start    ] GC(224) Pause Young (Normal) (G1 Evacuation Pause)
[2025-12-03T16:37:41.334+0000][7][gc,task     ] GC(224) Using 8 workers of 8 for evacuation
[2025-12-03T16:37:41.334+0000][7][gc,age      ] GC(224) Desired survivor size 18874368 bytes, new threshold 15 (max threshold 15)
[2025-12-03T16:37:41.347+0000][7][gc,age      ] GC(224) Age table with threshold 15 (max threshold 15)
[2025-12-03T16:37:41.348+0000][7][gc,age      ] GC(224) - age   1:    3114232 bytes,    3114232 total
[2025-12-03T16:37:41.348+0000][7][gc,age      ] GC(224) - age   2:    2315872 bytes,    5430104 total
[2025-12-03T16:37:41.348+0000][7][gc,age      ] GC(224) - age   3:     139240 bytes,    5569344 total
[2025-12-03T16:37:41.348+0000][7][gc,age      ] GC(224) - age   4:     295192 bytes,    5864536 total
[2025-12-03T16:37:41.348+0000][7][gc,age      ] GC(224) - age   5:    2366480 bytes,    8231016 total
[2025-12-03T16:37:41.348+0000][7][gc,age      ] GC(224) - age   6:      82992 bytes,    8314008 total
[2025-12-03T16:37:41.348+0000][7][gc,age      ] GC(224) - age   7:       8632 bytes,    8322640 total
[2025-12-03T16:37:41.348+0000][7][gc,age      ] GC(224) - age   8:      10512 bytes,    8333152 total
[2025-12-03T16:37:41.348+0000][7][gc,age      ] GC(224) - age   9:     556408 bytes,    8889560 total
[2025-12-03T16:37:41.348+0000][7][gc,age      ] GC(224) - age  10:     123752 bytes,    9013312 total
[2025-12-03T16:37:41.348+0000][7][gc,age      ] GC(224) - age  11:     271440 bytes,    9284752 total
[2025-12-03T16:37:41.348+0000][7][gc,age      ] GC(224) - age  12:     385424 bytes,    9670176 total
[2025-12-03T16:37:41.348+0000][7][gc,age      ] GC(224) - age  13:      22048 bytes,    9692224 total
[2025-12-03T16:37:41.348+0000][7][gc,age      ] GC(224) - age  14:       8160 bytes,    9700384 total
[2025-12-03T16:37:41.348+0000][7][gc,age      ] GC(224) - age  15:      10544 bytes,    9710928 total
[2025-12-03T16:37:41.348+0000][7][gc,phases   ] GC(224)   Pre Evacuate Collection Set: 0.4ms
[2025-12-03T16:37:41.348+0000][7][gc,phases   ] GC(224)   Merge Heap Roots: 0.2ms
[2025-12-03T16:37:41.348+0000][7][gc,phases   ] GC(224)   Evacuate Collection Set: 10.2ms
[2025-12-03T16:37:41.348+0000][7][gc,phases   ] GC(224)   Post Evacuate Collection Set: 2.3ms
[2025-12-03T16:37:41.348+0000][7][gc,phases   ] GC(224)   Other: 1.7ms
[2025-12-03T16:37:41.348+0000][7][gc,heap     ] GC(224) Eden regions: 62->0(62)
[2025-12-03T16:37:41.348+0000][7][gc,heap     ] GC(224) Survivor regions: 3->3(9)
[2025-12-03T16:37:41.348+0000][7][gc,heap     ] GC(224) Old regions: 36->36
[2025-12-03T16:37:41.349+0000][7][gc,heap     ] GC(224) Archive regions: 2->2
[2025-12-03T16:37:41.349+0000][7][gc,heap     ] GC(224) Humongous regions: 2->2
[2025-12-03T16:37:41.349+0000][7][gc,metaspace] GC(224) Metaspace: 115783K(117504K)->115783K(117504K) NonClass: 101004K(101952K)->101004K(101952K) Class: 14778K(15552K)->14778K(15552K)
[2025-12-03T16:37:41.349+0000][7][gc          ] GC(224) Pause Young (Normal) (G1 Evacuation Pause) 412M->165M(512M) 15.232ms
[2025-12-03T16:37:41.349+0000][7][gc,cpu      ] GC(224) User=0.07s Sys=0.00s Real=0.01s
[2025-12-03T16:37:41.349+0000][7][safepoint   ] Safepoint "G1CollectForAllocation", Time since last: 36919290975 ns, Reaching safepoint: 290792 ns, At safepoint: 15464917 ns, Total: 15755709 ns
[2025-12-03T16:38:08.385+0000][7][safepoint   ] Safepoint "Cleanup", Time since last: 27034886679 ns, Reaching safepoint: 240833 ns, At safepoint: 12625 ns, Total: 253458 ns
[2025-12-03T16:38:17.351+0000][7][gc,start    ] GC(225) Pause Young (Concurrent Start) (G1 Evacuation Pause)
[2025-12-03T16:38:17.351+0000][7][gc,task     ] GC(225) Using 8 workers of 8 for evacuation
[2025-12-03T16:38:17.351+0000][7][gc,age      ] GC(225) Desired survivor size 18874368 bytes, new threshold 15 (max threshold 15)
[2025-12-03T16:38:17.367+0000][7][gc,age      ] GC(225) Age table with threshold 15 (max threshold 15)
[2025-12-03T16:38:17.367+0000][7][gc,age      ] GC(225) - age   1:    1657328 bytes,    1657328 total
[2025-12-03T16:38:17.367+0000][7][gc,age      ] GC(225) - age   2:     575256 bytes,    2232584 total
[2025-12-03T16:38:17.367+0000][7][gc,age      ] GC(225) - age   3:    2182112 bytes,    4414696 total
[2025-12-03T16:38:17.367+0000][7][gc,age      ] GC(225) - age   4:     138672 bytes,    4553368 total
[2025-12-03T16:38:17.367+0000][7][gc,age      ] GC(225) - age   5:     295160 bytes,    4848528 total
[2025-12-03T16:38:17.367+0000][7][gc,age      ] GC(225) - age   6:    2366480 bytes,    7215008 total
[2025-12-03T16:38:17.367+0000][7][gc,age      ] GC(225) - age   7:      82992 bytes,    7298000 total
[2025-12-03T16:38:17.367+0000][7][gc,age      ] GC(225) - age   8:       8632 bytes,    7306632 total
[2025-12-03T16:38:17.367+0000][7][gc,age      ] GC(225) - age   9:      10240 bytes,    7316872 total
[2025-12-03T16:38:17.367+0000][7][gc,age      ] GC(225) - age  10:     556408 bytes,    7873280 total
[2025-12-03T16:38:17.367+0000][7][gc,age      ] GC(225) - age  11:     123752 bytes,    7997032 total
[2025-12-03T16:38:17.367+0000][7][gc,age      ] GC(225) - age  12:     271440 bytes,    8268472 total
[2025-12-03T16:38:17.367+0000][7][gc,age      ] GC(225) - age  13:     385424 bytes,    8653896 total
[2025-12-03T16:38:17.368+0000][7][gc,age      ] GC(225) - age  14:      22048 bytes,    8675944 total
[2025-12-03T16:38:17.368+0000][7][gc,age      ] GC(225) - age  15:       8160 bytes,    8684104 total
[2025-12-03T16:38:17.368+0000][7][gc,phases   ] GC(225)   Pre Evacuate Collection Set: 3.0ms
[2025-12-03T16:38:17.368+0000][7][gc,phases   ] GC(225)   Merge Heap Roots: 0.2ms
[2025-12-03T16:38:17.368+0000][7][gc,phases   ] GC(225)   Evacuate Collection Set: 10.2ms
[2025-12-03T16:38:17.368+0000][7][gc,phases   ] GC(225)   Post Evacuate Collection Set: 1.8ms
[2025-12-03T16:38:17.368+0000][7][gc,phases   ] GC(225)   Other: 1.9ms
[2025-12-03T16:38:17.368+0000][7][gc,heap     ] GC(225) Eden regions: 62->0(62)
[2025-12-03T16:38:17.368+0000][7][gc,heap     ] GC(225) Survivor regions: 3->3(9)
[2025-12-03T16:38:17.368+0000][7][gc,heap     ] GC(225) Old regions: 36->36
[2025-12-03T16:38:17.368+0000][7][gc,heap     ] GC(225) Archive regions: 2->2
[2025-12-03T16:38:17.368+0000][7][gc,heap     ] GC(225) Humongous regions: 2->2
[2025-12-03T16:38:17.368+0000][7][gc,metaspace] GC(225) Metaspace: 115788K(117504K)->115788K(117504K) NonClass: 101010K(101952K)->101010K(101952K) Class: 14778K(15552K)->14778K(15552K)
[2025-12-03T16:38:17.368+0000][7][gc          ] GC(225) Pause Young (Concurrent Start) (G1 Evacuation Pause) 413M->164M(512M) 17.420ms
[2025-12-03T16:38:17.368+0000][7][gc,cpu      ] GC(225) User=0.08s Sys=0.00s Real=0.02s
[2025-12-03T16:38:17.368+0000][7][safepoint   ] Safepoint "G1CollectForAllocation", Time since last: 8965955212 ns, Reaching safepoint: 76875 ns, At safepoint: 17789251 ns, Total: 17866126 ns
[2025-12-03T16:38:17.368+0000][7][gc          ] GC(226) Concurrent Mark Cycle
[2025-12-03T16:38:17.369+0000][7][gc,marking  ] GC(226) Concurrent Clear Claimed Marks
[2025-12-03T16:38:17.369+0000][7][gc,marking  ] GC(226) Concurrent Clear Claimed Marks 0.127ms
[2025-12-03T16:38:17.369+0000][7][gc,marking  ] GC(226) Concurrent Scan Root Regions
[2025-12-03T16:38:17.374+0000][7][gc,marking  ] GC(226) Concurrent Scan Root Regions 4.750ms
[2025-12-03T16:38:17.374+0000][7][gc,marking  ] GC(226) Concurrent Mark
[2025-12-03T16:38:17.374+0000][7][gc,marking  ] GC(226) Concurrent Mark From Roots
[2025-12-03T16:38:17.374+0000][7][gc,task     ] GC(226) Using 2 workers of 2 for marking
[2025-12-03T16:38:17.424+0000][7][gc,marking  ] GC(226) Concurrent Mark From Roots 50.287ms
[2025-12-03T16:38:17.424+0000][7][gc,marking  ] GC(226) Concurrent Preclean
[2025-12-03T16:38:17.424+0000][7][gc,marking  ] GC(226) Concurrent Preclean 0.279ms
[2025-12-03T16:38:17.424+0000][7][gc,start    ] GC(226) Pause Remark
[2025-12-03T16:38:17.459+0000][7][gc          ] GC(226) Pause Remark 166M->166M(512M) 34.505ms
[2025-12-03T16:38:17.459+0000][7][gc,cpu      ] GC(226) User=0.21s Sys=0.00s Real=0.03s
[2025-12-03T16:38:17.459+0000][7][safepoint   ] Safepoint "G1Concurrent", Time since last: 55985958 ns, Reaching safepoint: 85458 ns, At safepoint: 34710709 ns, Total: 34796167 ns
[2025-12-03T16:38:17.459+0000][7][gc,marking  ] GC(226) Concurrent Mark 85.629ms
[2025-12-03T16:38:17.459+0000][7][gc,marking  ] GC(226) Concurrent Rebuild Remembered Sets
[2025-12-03T16:38:17.490+0000][7][gc,marking  ] GC(226) Concurrent Rebuild Remembered Sets 30.282ms
[2025-12-03T16:38:17.490+0000][7][gc,start    ] GC(226) Pause Cleanup
[2025-12-03T16:38:17.490+0000][7][gc          ] GC(226) Pause Cleanup 167M->167M(512M) 0.136ms
[2025-12-03T16:38:17.490+0000][7][gc,cpu      ] GC(226) User=0.00s Sys=0.00s Real=0.00s
[2025-12-03T16:38:17.490+0000][7][safepoint   ] Safepoint "G1Concurrent", Time since last: 30531625 ns, Reaching safepoint: 74333 ns, At safepoint: 277542 ns, Total: 351875 ns
[2025-12-03T16:38:17.490+0000][7][gc,marking  ] GC(226) Concurrent Cleanup for Next Mark
[2025-12-03T16:38:17.492+0000][7][gc,marking  ] GC(226) Concurrent Cleanup for Next Mark 1.426ms
[2025-12-03T16:38:17.492+0000][7][gc          ] GC(226) Concurrent Mark Cycle 123.180ms
[2025-12-03T16:38:56.556+0000][7][safepoint   ] Safepoint "Cleanup", Time since last: 39064364934 ns, Reaching safepoint: 290584 ns, At safepoint: 4583 ns, Total: 295167 ns
[2025-12-03T16:38:57.915+0000][7][gc,start    ] GC(227) Pause Young (Normal) (G1 Evacuation Pause)
[2025-12-03T16:38:57.915+0000][7][gc,task     ] GC(227) Using 8 workers of 8 for evacuation
[2025-12-03T16:38:57.915+0000][7][gc,age      ] GC(227) Desired survivor size 18874368 bytes, new threshold 15 (max threshold 15)
[2025-12-03T16:38:57.926+0000][7][gc,age      ] GC(227) Age table with threshold 15 (max threshold 15)
[2025-12-03T16:38:57.926+0000][7][gc,age      ] GC(227) - age   1:    4121976 bytes,    4121976 total
[2025-12-03T16:38:57.926+0000][7][gc,age      ] GC(227) - age   2:     141800 bytes,    4263776 total
[2025-12-03T16:38:57.926+0000][7][gc,age      ] GC(227) - age   3:     436512 bytes,    4700288 total
[2025-12-03T16:38:57.926+0000][7][gc,age      ] GC(227) - age   4:    1682584 bytes,    6382872 total
[2025-12-03T16:38:57.926+0000][7][gc,age      ] GC(227) - age   5:       7120 bytes,    6389992 total
[2025-12-03T16:38:57.926+0000][7][gc,age      ] GC(227) - age   6:     295064 bytes,    6685056 total
[2025-12-03T16:38:57.926+0000][7][gc,age      ] GC(227) - age   7:    2366416 bytes,    9051472 total
[2025-12-03T16:38:57.927+0000][7][gc,age      ] GC(227) - age   8:      82608 bytes,    9134080 total
[2025-12-03T16:38:57.927+0000][7][gc,age      ] GC(227) - age   9:       8632 bytes,    9142712 total
[2025-12-03T16:38:57.927+0000][7][gc,age      ] GC(227) - age  10:      10240 bytes,    9152952 total
[2025-12-03T16:38:57.927+0000][7][gc,age      ] GC(227) - age  11:     556408 bytes,    9709360 total
[2025-12-03T16:38:57.927+0000][7][gc,age      ] GC(227) - age  12:     123752 bytes,    9833112 total
[2025-12-03T16:38:57.927+0000][7][gc,age      ] GC(227) - age  13:     271440 bytes,   10104552 total
[2025-12-03T16:38:57.927+0000][7][gc,age      ] GC(227) - age  14:     385424 bytes,   10489976 total
[2025-12-03T16:38:57.927+0000][7][gc,age      ] GC(227) - age  15:      22048 bytes,   10512024 total
[2025-12-03T16:38:57.927+0000][7][gc,phases   ] GC(227)   Pre Evacuate Collection Set: 0.3ms
[2025-12-03T16:38:57.927+0000][7][gc,phases   ] GC(227)   Merge Heap Roots: 0.2ms
[2025-12-03T16:38:57.927+0000][7][gc,phases   ] GC(227)   Evacuate Collection Set: 8.7ms
[2025-12-03T16:38:57.927+0000][7][gc,phases   ] GC(227)   Post Evacuate Collection Set: 1.5ms
[2025-12-03T16:38:57.927+0000][7][gc,phases   ] GC(227)   Other: 1.3ms
[2025-12-03T16:38:57.927+0000][7][gc,heap     ] GC(227) Eden regions: 62->0(62)
[2025-12-03T16:38:57.927+0000][7][gc,heap     ] GC(227) Survivor regions: 3->3(9)
[2025-12-03T16:38:57.927+0000][7][gc,heap     ] GC(227) Old regions: 36->36
[2025-12-03T16:38:57.927+0000][7][gc,heap     ] GC(227) Archive regions: 2->2
[2025-12-03T16:38:57.927+0000][7][gc,heap     ] GC(227) Humongous regions: 2->2
[2025-12-03T16:38:57.927+0000][7][gc,metaspace] GC(227) Metaspace: 115788K(117504K)->115788K(117504K) NonClass: 101010K(101952K)->101010K(101952K) Class: 14778K(15552K)->14778K(15552K)
[2025-12-03T16:38:57.927+0000][7][gc          ] GC(227) Pause Young (Normal) (G1 Evacuation Pause) 412M->166M(512M) 12.332ms
[2025-12-03T16:38:57.927+0000][7][gc,cpu      ] GC(227) User=0.07s Sys=0.00s Real=0.01s
[2025-12-03T16:38:57.927+0000][7][safepoint   ] Safepoint "G1CollectForAllocation", Time since last: 1359180459 ns, Reaching safepoint: 113708 ns, At safepoint: 12548792 ns, Total: 12662500 ns
[2025-12-03T16:39:27.983+0000][7][safepoint   ] Safepoint "Cleanup", Time since last: 30049869889 ns, Reaching safepoint: 4714625 ns, At safepoint: 13417 ns, Total: 4728042 ns
[2025-12-03T16:39:37.994+0000][7][safepoint   ] Safepoint "Cleanup", Time since last: 10010229420 ns, Reaching safepoint: 134208 ns, At safepoint: 4209 ns, Total: 138417 ns
[2025-12-03T16:39:38.493+0000][7][gc,start    ] GC(228) Pause Young (Concurrent Start) (G1 Evacuation Pause)
[2025-12-03T16:39:38.493+0000][7][gc,task     ] GC(228) Using 8 workers of 8 for evacuation
[2025-12-03T16:39:38.494+0000][7][gc,age      ] GC(228) Desired survivor size 18874368 bytes, new threshold 15 (max threshold 15)
[2025-12-03T16:39:38.524+0000][7][gc,age      ] GC(228) Age table with threshold 15 (max threshold 15)
[2025-12-03T16:39:38.524+0000][7][gc,age      ] GC(228) - age   1:    4217776 bytes,    4217776 total
[2025-12-03T16:39:38.524+0000][7][gc,age      ] GC(228) - age   2:     682184 bytes,    4899960 total
[2025-12-03T16:39:38.524+0000][7][gc,age      ] GC(228) - age   3:     139192 bytes,    5039152 total
[2025-12-03T16:39:38.525+0000][7][gc,age      ] GC(228) - age   4:     304056 bytes,    5343208 total
[2025-12-03T16:39:38.525+0000][7][gc,age      ] GC(228) - age   5:    1682456 bytes,    7025664 total
[2025-12-03T16:39:38.525+0000][7][gc,age      ] GC(228) - age   6:       6536 bytes,    7032200 total
[2025-12-03T16:39:38.525+0000][7][gc,age      ] GC(228) - age   7:     294584 bytes,    7326784 total
[2025-12-03T16:39:38.525+0000][7][gc,age      ] GC(228) - age   8:    2366056 bytes,    9692840 total
[2025-12-03T16:39:38.525+0000][7][gc,age      ] GC(228) - age   9:      82608 bytes,    9775448 total
[2025-12-03T16:39:38.525+0000][7][gc,age      ] GC(228) - age  10:       8632 bytes,    9784080 total
[2025-12-03T16:39:38.525+0000][7][gc,age      ] GC(228) - age  11:      10240 bytes,    9794320 total
[2025-12-03T16:39:38.525+0000][7][gc,age      ] GC(228) - age  12:     556408 bytes,   10350728 total
[2025-12-03T16:39:38.525+0000][7][gc,age      ] GC(228) - age  13:     123752 bytes,   10474480 total
[2025-12-03T16:39:38.525+0000][7][gc,age      ] GC(228) - age  14:     271440 bytes,   10745920 total
[2025-12-03T16:39:38.526+0000][7][gc,age      ] GC(228) - age  15:     385424 bytes,   11131344 total
[2025-12-03T16:39:38.526+0000][7][gc,phases   ] GC(228)   Pre Evacuate Collection Set: 6.2ms
[2025-12-03T16:39:38.526+0000][7][gc,phases   ] GC(228)   Merge Heap Roots: 0.5ms
[2025-12-03T16:39:38.526+0000][7][gc,phases   ] GC(228)   Evacuate Collection Set: 20.3ms
[2025-12-03T16:39:38.526+0000][7][gc,phases   ] GC(228)   Post Evacuate Collection Set: 2.5ms
[2025-12-03T16:39:38.526+0000][7][gc,phases   ] GC(228)   Other: 3.3ms
[2025-12-03T16:39:38.526+0000][7][gc,heap     ] GC(228) Eden regions: 62->0(62)
[2025-12-03T16:39:38.527+0000][7][gc,heap     ] GC(228) Survivor regions: 3->3(9)
[2025-12-03T16:39:38.527+0000][7][gc,heap     ] GC(228) Old regions: 36->36
[2025-12-03T16:39:38.527+0000][7][gc,heap     ] GC(228) Archive regions: 2->2
[2025-12-03T16:39:38.527+0000][7][gc,heap     ] GC(228) Humongous regions: 2->2
[2025-12-03T16:39:38.527+0000][7][gc,metaspace] GC(228) Metaspace: 115801K(117568K)->115801K(117568K) NonClass: 101023K(102016K)->101023K(102016K) Class: 14778K(15552K)->14778K(15552K)
[2025-12-03T16:39:38.527+0000][7][gc          ] GC(228) Pause Young (Concurrent Start) (G1 Evacuation Pause) 414M->167M(512M) 33.806ms
[2025-12-03T16:39:38.527+0000][7][gc,cpu      ] GC(228) User=0.14s Sys=0.00s Real=0.04s
[2025-12-03T16:39:38.527+0000][7][safepoint   ] Safepoint "G1CollectForAllocation", Time since last: 498706333 ns, Reaching safepoint: 81084 ns, At safepoint: 34243000 ns, Total: 34324084 ns
[2025-12-03T16:39:38.527+0000][7][gc          ] GC(229) Concurrent Mark Cycle
[2025-12-03T16:39:38.528+0000][7][gc,marking  ] GC(229) Concurrent Clear Claimed Marks
[2025-12-03T16:39:38.528+0000][7][gc,marking  ] GC(229) Concurrent Clear Claimed Marks 0.222ms
[2025-12-03T16:39:38.528+0000][7][gc,marking  ] GC(229) Concurrent Scan Root Regions
[2025-12-03T16:39:38.532+0000][7][gc,marking  ] GC(229) Concurrent Scan Root Regions 4.584ms
[2025-12-03T16:39:38.533+0000][7][gc,marking  ] GC(229) Concurrent Mark
[2025-12-03T16:39:38.533+0000][7][gc,marking  ] GC(229) Concurrent Mark From Roots
[2025-12-03T16:39:38.533+0000][7][gc,task     ] GC(229) Using 2 workers of 2 for marking
[2025-12-03T16:39:38.608+0000][7][gc,marking  ] GC(229) Concurrent Mark From Roots 75.342ms
[2025-12-03T16:39:38.608+0000][7][gc,marking  ] GC(229) Concurrent Preclean
[2025-12-03T16:39:38.608+0000][7][gc,marking  ] GC(229) Concurrent Preclean 0.314ms
[2025-12-03T16:39:38.609+0000][7][gc,start    ] GC(229) Pause Remark
[2025-12-03T16:39:38.629+0000][7][gc          ] GC(229) Pause Remark 181M->181M(512M) 20.333ms
[2025-12-03T16:39:38.629+0000][7][gc,cpu      ] GC(229) User=0.14s Sys=0.00s Real=0.02s
[2025-12-03T16:39:38.629+0000][7][safepoint   ] Safepoint "G1Concurrent", Time since last: 81310750 ns, Reaching safepoint: 47166 ns, At safepoint: 20654542 ns, Total: 20701708 ns
[2025-12-03T16:39:38.629+0000][7][gc,marking  ] GC(229) Concurrent Mark 96.785ms
[2025-12-03T16:39:38.629+0000][7][gc,marking  ] GC(229) Concurrent Rebuild Remembered Sets
[2025-12-03T16:39:38.660+0000][7][gc,marking  ] GC(229) Concurrent Rebuild Remembered Sets 30.404ms
[2025-12-03T16:39:38.660+0000][7][gc,start    ] GC(229) Pause Cleanup
[2025-12-03T16:39:38.660+0000][7][gc          ] GC(229) Pause Cleanup 181M->181M(512M) 0.118ms
[2025-12-03T16:39:38.660+0000][7][gc,cpu      ] GC(229) User=0.00s Sys=0.00s Real=0.00s
[2025-12-03T16:39:38.660+0000][7][safepoint   ] Safepoint "G1Concurrent", Time since last: 30728583 ns, Reaching safepoint: 66000 ns, At safepoint: 227792 ns, Total: 293792 ns
[2025-12-03T16:39:38.660+0000][7][gc,marking  ] GC(229) Concurrent Cleanup for Next Mark
[2025-12-03T16:39:38.662+0000][7][gc,marking  ] GC(229) Concurrent Cleanup for Next Mark 1.467ms
[2025-12-03T16:39:38.662+0000][7][gc          ] GC(229) Concurrent Mark Cycle 134.536ms
[2025-12-03T16:40:02.696+0000][7][safepoint   ] Safepoint "Cleanup", Time since last: 24034874927 ns, Reaching safepoint: 249834 ns, At safepoint: 3666 ns, Total: 253500 ns
[2025-12-03T16:40:15.714+0000][7][safepoint   ] Safepoint "Cleanup", Time since last: 13017594840 ns, Reaching safepoint: 295083 ns, At safepoint: 13209 ns, Total: 308292 ns
[2025-12-03T16:40:18.491+0000][7][gc,start    ] GC(230) Pause Young (Normal) (G1 Evacuation Pause)
[2025-12-03T16:40:18.491+0000][7][gc,task     ] GC(230) Using 8 workers of 8 for evacuation
[2025-12-03T16:40:18.491+0000][7][gc,age      ] GC(230) Desired survivor size 18874368 bytes, new threshold 15 (max threshold 15)
[2025-12-03T16:40:18.505+0000][7][gc,age      ] GC(230) Age table with threshold 15 (max threshold 15)
[2025-12-03T16:40:18.506+0000][7][gc,age      ] GC(230) - age   1:    1636640 bytes,    1636640 total
[2025-12-03T16:40:18.506+0000][7][gc,age      ] GC(230) - age   2:    1063848 bytes,    2700488 total
[2025-12-03T16:40:18.506+0000][7][gc,age      ] GC(230) - age   3:     678560 bytes,    3379048 total
[2025-12-03T16:40:18.506+0000][7][gc,age      ] GC(230) - age   4:       7032 bytes,    3386080 total
[2025-12-03T16:40:18.506+0000][7][gc,age      ] GC(230) - age   5:     303896 bytes,    3689976 total
[2025-12-03T16:40:18.506+0000][7][gc,age      ] GC(230) - age   6:    1682184 bytes,    5372160 total
[2025-12-03T16:40:18.506+0000][7][gc,age      ] GC(230) - age   7:       6536 bytes,    5378696 total
[2025-12-03T16:40:18.506+0000][7][gc,age      ] GC(230) - age   8:     294584 bytes,    5673280 total
[2025-12-03T16:40:18.506+0000][7][gc,age      ] GC(230) - age   9:    2366056 bytes,    8039336 total
[2025-12-03T16:40:18.506+0000][7][gc,age      ] GC(230) - age  10:      82608 bytes,    8121944 total
[2025-12-03T16:40:18.506+0000][7][gc,age      ] GC(230) - age  11:       8632 bytes,    8130576 total
[2025-12-03T16:40:18.506+0000][7][gc,age      ] GC(230) - age  12:      10240 bytes,    8140816 total
[2025-12-03T16:40:18.506+0000][7][gc,age      ] GC(230) - age  13:     556208 bytes,    8697024 total
[2025-12-03T16:40:18.506+0000][7][gc,age      ] GC(230) - age  14:     123752 bytes,    8820776 total
[2025-12-03T16:40:18.507+0000][7][gc,age      ] GC(230) - age  15:     271440 bytes,    9092216 total
[2025-12-03T16:40:18.507+0000][7][gc,phases   ] GC(230)   Pre Evacuate Collection Set: 0.5ms
[2025-12-03T16:40:18.507+0000][7][gc,phases   ] GC(230)   Merge Heap Roots: 0.3ms
[2025-12-03T16:40:18.507+0000][7][gc,phases   ] GC(230)   Evacuate Collection Set: 11.3ms
[2025-12-03T16:40:18.507+0000][7][gc,phases   ] GC(230)   Post Evacuate Collection Set: 1.7ms
[2025-12-03T16:40:18.507+0000][7][gc,phases   ] GC(230)   Other: 2.3ms
[2025-12-03T16:40:18.507+0000][7][gc,heap     ] GC(230) Eden regions: 62->0(61)
[2025-12-03T16:40:18.507+0000][7][gc,heap     ] GC(230) Survivor regions: 3->3(9)
[2025-12-03T16:40:18.507+0000][7][gc,heap     ] GC(230) Old regions: 36->37
[2025-12-03T16:40:18.507+0000][7][gc,heap     ] GC(230) Archive regions: 2->2
[2025-12-03T16:40:18.507+0000][7][gc,heap     ] GC(230) Humongous regions: 2->2
[2025-12-03T16:40:18.507+0000][7][gc,metaspace] GC(230) Metaspace: 115801K(117568K)->115801K(117568K) NonClass: 101023K(102016K)->101023K(102016K) Class: 14778K(15552K)->14778K(15552K)
[2025-12-03T16:40:18.508+0000][7][gc          ] GC(230) Pause Young (Normal) (G1 Evacuation Pause) 415M->165M(512M) 16.924ms
[2025-12-03T16:40:18.508+0000][7][gc,cpu      ] GC(230) User=0.07s Sys=0.00s Real=0.02s
[2025-12-03T16:40:18.508+0000][7][safepoint   ] Safepoint "G1CollectForAllocation", Time since last: 2776199834 ns, Reaching safepoint: 101417 ns, At safepoint: 17285083 ns, Total: 17386500 ns
[2025-12-03T16:40:22.518+0000][7][safepoint   ] Safepoint "Cleanup", Time since last: 4009920627 ns, Reaching safepoint: 190542 ns, At safepoint: 11542 ns, Total: 202084 ns
[2025-12-03T16:40:26.525+0000][7][safepoint   ] Safepoint "Cleanup", Time since last: 4007043085 ns, Reaching safepoint: 184667 ns, At safepoint: 2791 ns, Total: 187458 ns
[2025-12-03T16:40:28.530+0000][7][safepoint   ] Safepoint "Cleanup", Time since last: 2004112626 ns, Reaching safepoint: 418958 ns, At safepoint: 18292 ns, Total: 437250 ns
[2025-12-03T16:40:31.538+0000][7][safepoint   ] Safepoint "Cleanup", Time since last: 3006855960 ns, Reaching safepoint: 509666 ns, At safepoint: 22084 ns, Total: 531750 ns
[2025-12-03T16:41:02.597+0000][7][safepoint   ] Safepoint "Cleanup", Time since last: 31058008389 ns, Reaching safepoint: 231416 ns, At safepoint: 4500 ns, Total: 235916 ns
[2025-12-03T16:41:02.699+0000][7][gc,start    ] GC(231) Pause Young (Concurrent Start) (G1 Evacuation Pause)
[2025-12-03T16:41:02.699+0000][7][gc,task     ] GC(231) Using 8 workers of 8 for evacuation
[2025-12-03T16:41:02.700+0000][7][gc,age      ] GC(231) Desired survivor size 16777216 bytes, new threshold 15 (max threshold 15)
[2025-12-03T16:41:02.718+0000][7][gc,age      ] GC(231) Age table with threshold 15 (max threshold 15)
[2025-12-03T16:41:02.718+0000][7][gc,age      ] GC(231) - age   1:    2936296 bytes,    2936296 total
[2025-12-03T16:41:02.718+0000][7][gc,age      ] GC(231) - age   2:     266408 bytes,    3202704 total
[2025-12-03T16:41:02.718+0000][7][gc,age      ] GC(231) - age   3:     700072 bytes,    3902776 total
[2025-12-03T16:41:02.718+0000][7][gc,age      ] GC(231) - age   4:     178864 bytes,    4081640 total
[2025-12-03T16:41:02.718+0000][7][gc,age      ] GC(231) - age   5:       6936 bytes,    4088576 total
[2025-12-03T16:41:02.718+0000][7][gc,age      ] GC(231) - age   6:     303704 bytes,    4392280 total
[2025-12-03T16:41:02.718+0000][7][gc,age      ] GC(231) - age   7:    1551064 bytes,    5943344 total
[2025-12-03T16:41:02.718+0000][7][gc,age      ] GC(231) - age   8:       6472 bytes,    5949816 total
[2025-12-03T16:41:02.718+0000][7][gc,age      ] GC(231) - age   9:     294584 bytes,    6244400 total
[2025-12-03T16:41:02.718+0000][7][gc,age      ] GC(231) - age  10:    2366056 bytes,    8610456 total
[2025-12-03T16:41:02.718+0000][7][gc,age      ] GC(231) - age  11:      82608 bytes,    8693064 total
[2025-12-03T16:41:02.718+0000][7][gc,age      ] GC(231) - age  12:       8632 bytes,    8701696 total
[2025-12-03T16:41:02.718+0000][7][gc,age      ] GC(231) - age  13:      10240 bytes,    8711936 total
[2025-12-03T16:41:02.718+0000][7][gc,age      ] GC(231) - age  14:     556208 bytes,    9268144 total
[2025-12-03T16:41:02.718+0000][7][gc,age      ] GC(231) - age  15:     123752 bytes,    9391896 total
[2025-12-03T16:41:02.719+0000][7][gc,phases   ] GC(231)   Pre Evacuate Collection Set: 2.0ms
[2025-12-03T16:41:02.719+0000][7][gc,phases   ] GC(231)   Merge Heap Roots: 0.1ms
[2025-12-03T16:41:02.719+0000][7][gc,phases   ] GC(231)   Evacuate Collection Set: 12.6ms
[2025-12-03T16:41:02.720+0000][7][gc,phases   ] GC(231)   Post Evacuate Collection Set: 3.0ms
[2025-12-03T16:41:02.720+0000][7][gc,phases   ] GC(231)   Other: 1.7ms
[2025-12-03T16:41:02.720+0000][7][gc,heap     ] GC(231) Eden regions: 61->0(61)
[2025-12-03T16:41:02.720+0000][7][gc,heap     ] GC(231) Survivor regions: 3->3(8)
[2025-12-03T16:41:02.720+0000][7][gc,heap     ] GC(231) Old regions: 37->37
[2025-12-03T16:41:02.721+0000][7][gc,heap     ] GC(231) Archive regions: 2->2
[2025-12-03T16:41:02.721+0000][7][gc,heap     ] GC(231) Humongous regions: 2->2
[2025-12-03T16:41:02.721+0000][7][gc,metaspace] GC(231) Metaspace: 115801K(117568K)->115801K(117568K) NonClass: 101023K(102016K)->101023K(102016K) Class: 14778K(15552K)->14778K(15552K)
[2025-12-03T16:41:02.721+0000][7][gc          ] GC(231) Pause Young (Concurrent Start) (G1 Evacuation Pause) 409M->166M(512M) 21.443ms
[2025-12-03T16:41:02.721+0000][7][gc,cpu      ] GC(231) User=0.11s Sys=0.00s Real=0.02s
[2025-12-03T16:41:02.721+0000][7][safepoint   ] Safepoint "G1CollectForAllocation", Time since last: 101824584 ns, Reaching safepoint: 65791 ns, At safepoint: 21843709 ns, Total: 21909500 ns
[2025-12-03T16:41:02.721+0000][7][gc          ] GC(232) Concurrent Mark Cycle
[2025-12-03T16:41:02.721+0000][7][gc,marking  ] GC(232) Concurrent Clear Claimed Marks
[2025-12-03T16:41:02.722+0000][7][gc,marking  ] GC(232) Concurrent Clear Claimed Marks 0.208ms
[2025-12-03T16:41:02.722+0000][7][gc,marking  ] GC(232) Concurrent Scan Root Regions
[2025-12-03T16:41:02.732+0000][7][gc,marking  ] GC(232) Concurrent Scan Root Regions 10.285ms
[2025-12-03T16:41:02.732+0000][7][gc,marking  ] GC(232) Concurrent Mark
[2025-12-03T16:41:02.732+0000][7][gc,marking  ] GC(232) Concurrent Mark From Roots
[2025-12-03T16:41:02.732+0000][7][gc,task     ] GC(232) Using 2 workers of 2 for marking
[2025-12-03T16:41:02.789+0000][7][gc,marking  ] GC(232) Concurrent Mark From Roots 56.682ms
[2025-12-03T16:41:02.789+0000][7][gc,marking  ] GC(232) Concurrent Preclean
[2025-12-03T16:41:02.789+0000][7][gc,marking  ] GC(232) Concurrent Preclean 0.238ms
[2025-12-03T16:41:02.789+0000][7][gc,start    ] GC(232) Pause Remark
[2025-12-03T16:41:02.807+0000][7][gc          ] GC(232) Pause Remark 168M->168M(512M) 17.317ms
[2025-12-03T16:41:02.807+0000][7][gc,cpu      ] GC(232) User=0.13s Sys=0.00s Real=0.01s
[2025-12-03T16:41:02.807+0000][7][safepoint   ] Safepoint "G1Concurrent", Time since last: 68258000 ns, Reaching safepoint: 44333 ns, At safepoint: 17532042 ns, Total: 17576375 ns
[2025-12-03T16:41:02.807+0000][7][gc,marking  ] GC(232) Concurrent Mark 74.838ms
[2025-12-03T16:41:02.807+0000][7][gc,marking  ] GC(232) Concurrent Rebuild Remembered Sets
[2025-12-03T16:41:02.843+0000][7][gc,marking  ] GC(232) Concurrent Rebuild Remembered Sets 35.524ms
[2025-12-03T16:41:02.843+0000][7][gc,start    ] GC(232) Pause Cleanup
[2025-12-03T16:41:02.843+0000][7][gc          ] GC(232) Pause Cleanup 168M->168M(512M) 0.154ms
[2025-12-03T16:41:02.843+0000][7][gc,cpu      ] GC(232) User=0.00s Sys=0.00s Real=0.00s
[2025-12-03T16:41:02.843+0000][7][safepoint   ] Safepoint "G1Concurrent", Time since last: 35833708 ns, Reaching safepoint: 97042 ns, At safepoint: 319958 ns, Total: 417000 ns
[2025-12-03T16:41:02.843+0000][7][gc,marking  ] GC(232) Concurrent Cleanup for Next Mark
[2025-12-03T16:41:02.845+0000][7][gc,marking  ] GC(232) Concurrent Cleanup for Next Mark 1.583ms
[2025-12-03T16:41:02.845+0000][7][gc          ] GC(232) Concurrent Mark Cycle 123.651ms
[2025-12-03T16:41:41.609+0000][7][gc,start    ] GC(233) Pause Young (Normal) (G1 Evacuation Pause)
[2025-12-03T16:41:41.610+0000][7][gc,task     ] GC(233) Using 8 workers of 8 for evacuation
[2025-12-03T16:41:41.610+0000][7][gc,age      ] GC(233) Desired survivor size 16777216 bytes, new threshold 15 (max threshold 15)
[2025-12-03T16:41:41.640+0000][7][gc,age      ] GC(233) Age table with threshold 15 (max threshold 15)
[2025-12-03T16:41:41.640+0000][7][gc,age      ] GC(233) - age   1:    3197712 bytes,    3197712 total
[2025-12-03T16:41:41.640+0000][7][gc,age      ] GC(233) - age   2:     840024 bytes,    4037736 total
[2025-12-03T16:41:41.641+0000][7][gc,age      ] GC(233) - age   3:      96344 bytes,    4134080 total
[2025-12-03T16:41:41.641+0000][7][gc,age      ] GC(233) - age   4:     567208 bytes,    4701288 total
[2025-12-03T16:41:41.641+0000][7][gc,age      ] GC(233) - age   5:     178704 bytes,    4879992 total
[2025-12-03T16:41:41.641+0000][7][gc,age      ] GC(233) - age   6:       6904 bytes,    4886896 total
[2025-12-03T16:41:41.641+0000][7][gc,age      ] GC(233) - age   7:     303240 bytes,    5190136 total
[2025-12-03T16:41:41.641+0000][7][gc,age      ] GC(233) - age   8:    1551064 bytes,    6741200 total
[2025-12-03T16:41:41.641+0000][7][gc,age      ] GC(233) - age   9:       6472 bytes,    6747672 total
[2025-12-03T16:41:41.641+0000][7][gc,age      ] GC(233) - age  10:     294584 bytes,    7042256 total
[2025-12-03T16:41:41.641+0000][7][gc,age      ] GC(233) - age  11:    2366056 bytes,    9408312 total
[2025-12-03T16:41:41.641+0000][7][gc,age      ] GC(233) - age  12:      82608 bytes,    9490920 total
[2025-12-03T16:41:41.641+0000][7][gc,age      ] GC(233) - age  13:       8632 bytes,    9499552 total
[2025-12-03T16:41:41.641+0000][7][gc,age      ] GC(233) - age  14:      10240 bytes,    9509792 total
[2025-12-03T16:41:41.641+0000][7][gc,age      ] GC(233) - age  15:     556208 bytes,   10066000 total
[2025-12-03T16:41:41.642+0000][7][gc,phases   ] GC(233)   Pre Evacuate Collection Set: 0.5ms
[2025-12-03T16:41:41.642+0000][7][gc,phases   ] GC(233)   Merge Heap Roots: 0.2ms
[2025-12-03T16:41:41.642+0000][7][gc,phases   ] GC(233)   Evacuate Collection Set: 19.4ms
[2025-12-03T16:41:41.642+0000][7][gc,phases   ] GC(233)   Post Evacuate Collection Set: 10.2ms
[2025-12-03T16:41:41.642+0000][7][gc,phases   ] GC(233)   Other: 2.6ms
[2025-12-03T16:41:41.642+0000][7][gc,heap     ] GC(233) Eden regions: 61->0(61)
[2025-12-03T16:41:41.642+0000][7][gc,heap     ] GC(233) Survivor regions: 3->3(8)
[2025-12-03T16:41:41.642+0000][7][gc,heap     ] GC(233) Old regions: 37->37
[2025-12-03T16:41:41.642+0000][7][gc,heap     ] GC(233) Archive regions: 2->2
[2025-12-03T16:41:41.642+0000][7][gc,heap     ] GC(233) Humongous regions: 2->2
[2025-12-03T16:41:41.642+0000][7][gc,metaspace] GC(233) Metaspace: 115801K(117568K)->115801K(117568K) NonClass: 101023K(102016K)->101023K(102016K) Class: 14778K(15552K)->14778K(15552K)
[2025-12-03T16:41:41.643+0000][7][gc          ] GC(233) Pause Young (Normal) (G1 Evacuation Pause) 410M->167M(512M) 33.625ms
[2025-12-03T16:41:41.644+0000][7][gc,cpu      ] GC(233) User=0.20s Sys=0.00s Real=0.03s
[2025-12-03T16:41:41.644+0000][7][safepoint   ] Safepoint "G1CollectForAllocation", Time since last: 38764314601 ns, Reaching safepoint: 257125 ns, At safepoint: 35236125 ns, Total: 35493250 ns
[2025-12-03T16:41:58.666+0000][7][safepoint   ] Safepoint "Cleanup", Time since last: 17021914092 ns, Reaching safepoint: 165458 ns, At safepoint: 12875 ns, Total: 178333 ns
[2025-12-03T16:42:04.681+0000][7][safepoint   ] Safepoint "Cleanup", Time since last: 6012273544 ns, Reaching safepoint: 97750 ns, At safepoint: 3458 ns, Total: 101208 ns
[2025-12-03T16:42:05.683+0000][7][safepoint   ] Safepoint "Cleanup", Time since last: 1001923751 ns, Reaching safepoint: 66917 ns, At safepoint: 3375 ns, Total: 70292 ns
[2025-12-03T16:42:08.697+0000][7][safepoint   ] Safepoint "Cleanup", Time since last: 3003211501 ns, Reaching safepoint: 11355875 ns, At safepoint: 7667 ns, Total: 11363542 ns
[2025-12-03T16:42:10.716+0000][7][safepoint   ] Safepoint "Cleanup", Time since last: 2018321959 ns, Reaching safepoint: 337333 ns, At safepoint: 14875 ns, Total: 352208 ns
[2025-12-03T16:42:17.727+0000][7][safepoint   ] Safepoint "Cleanup", Time since last: 7010409379 ns, Reaching safepoint: 115500 ns, At safepoint: 4916 ns, Total: 120416 ns
[2025-12-03T16:42:18.125+0000][7][gc,start    ] GC(234) Pause Young (Concurrent Start) (G1 Evacuation Pause)
[2025-12-03T16:42:18.125+0000][7][gc,task     ] GC(234) Using 8 workers of 8 for evacuation
[2025-12-03T16:42:18.126+0000][7][gc,age      ] GC(234) Desired survivor size 16777216 bytes, new threshold 15 (max threshold 15)
[2025-12-03T16:42:18.137+0000][7][gc,age      ] GC(234) Age table with threshold 15 (max threshold 15)
[2025-12-03T16:42:18.137+0000][7][gc,age      ] GC(234) - age   1:    2977656 bytes,    2977656 total
[2025-12-03T16:42:18.137+0000][7][gc,age      ] GC(234) - age   2:     490224 bytes,    3467880 total
[2025-12-03T16:42:18.137+0000][7][gc,age      ] GC(234) - age   3:     706064 bytes,    4173944 total
[2025-12-03T16:42:18.137+0000][7][gc,age      ] GC(234) - age   4:      95496 bytes,    4269440 total
[2025-12-03T16:42:18.137+0000][7][gc,age      ] GC(234) - age   5:     435016 bytes,    4704456 total
[2025-12-03T16:42:18.137+0000][7][gc,age      ] GC(234) - age   6:     178640 bytes,    4883096 total
[2025-12-03T16:42:18.137+0000][7][gc,age      ] GC(234) - age   7:       6904 bytes,    4890000 total
[2025-12-03T16:42:18.137+0000][7][gc,age      ] GC(234) - age   8:     303240 bytes,    5193240 total
[2025-12-03T16:42:18.137+0000][7][gc,age      ] GC(234) - age   9:      86568 bytes,    5279808 total
[2025-12-03T16:42:18.137+0000][7][gc,age      ] GC(234) - age  10:       6472 bytes,    5286280 total
[2025-12-03T16:42:18.137+0000][7][gc,age      ] GC(234) - age  11:     294584 bytes,    5580864 total
[2025-12-03T16:42:18.138+0000][7][gc,age      ] GC(234) - age  12:    2365992 bytes,    7946856 total
[2025-12-03T16:42:18.138+0000][7][gc,age      ] GC(234) - age  13:      82608 bytes,    8029464 total
[2025-12-03T16:42:18.138+0000][7][gc,age      ] GC(234) - age  14:       8632 bytes,    8038096 total
[2025-12-03T16:42:18.138+0000][7][gc,age      ] GC(234) - age  15:      10240 bytes,    8048336 total
[2025-12-03T16:42:18.138+0000][7][gc,phases   ] GC(234)   Pre Evacuate Collection Set: 1.9ms
[2025-12-03T16:42:18.138+0000][7][gc,phases   ] GC(234)   Merge Heap Roots: 0.1ms
[2025-12-03T16:42:18.138+0000][7][gc,phases   ] GC(234)   Evacuate Collection Set: 7.5ms
[2025-12-03T16:42:18.138+0000][7][gc,phases   ] GC(234)   Post Evacuate Collection Set: 1.6ms
[2025-12-03T16:42:18.138+0000][7][gc,phases   ] GC(234)   Other: 1.6ms
[2025-12-03T16:42:18.138+0000][7][gc,heap     ] GC(234) Eden regions: 61->0(61)
[2025-12-03T16:42:18.138+0000][7][gc,heap     ] GC(234) Survivor regions: 3->3(8)
[2025-12-03T16:42:18.138+0000][7][gc,heap     ] GC(234) Old regions: 37->37
[2025-12-03T16:42:18.138+0000][7][gc,heap     ] GC(234) Archive regions: 2->2
[2025-12-03T16:42:18.138+0000][7][gc,heap     ] GC(234) Humongous regions: 2->2
[2025-12-03T16:42:18.138+0000][7][gc,metaspace] GC(234) Metaspace: 115816K(117568K)->115816K(117568K) NonClass: 101037K(102016K)->101037K(102016K) Class: 14778K(15552K)->14778K(15552K)
[2025-12-03T16:42:18.138+0000][7][gc          ] GC(234) Pause Young (Concurrent Start) (G1 Evacuation Pause) 411M->165M(512M) 13.028ms
[2025-12-03T16:42:18.138+0000][7][gc,cpu      ] GC(234) User=0.04s Sys=0.00s Real=0.01s
[2025-12-03T16:42:18.138+0000][7][safepoint   ] Safepoint "G1CollectForAllocation", Time since last: 398528667 ns, Reaching safepoint: 49125 ns, At safepoint: 13285042 ns, Total: 13334167 ns
[2025-12-03T16:42:18.138+0000][7][gc          ] GC(235) Concurrent Mark Cycle
[2025-12-03T16:42:18.139+0000][7][gc,marking  ] GC(235) Concurrent Clear Claimed Marks
[2025-12-03T16:42:18.139+0000][7][gc,marking  ] GC(235) Concurrent Clear Claimed Marks 0.148ms
[2025-12-03T16:42:18.139+0000][7][gc,marking  ] GC(235) Concurrent Scan Root Regions
[2025-12-03T16:42:18.154+0000][7][gc,marking  ] GC(235) Concurrent Scan Root Regions 15.120ms
[2025-12-03T16:42:18.154+0000][7][gc,marking  ] GC(235) Concurrent Mark
[2025-12-03T16:42:18.154+0000][7][gc,marking  ] GC(235) Concurrent Mark From Roots
[2025-12-03T16:42:18.154+0000][7][gc,task     ] GC(235) Using 2 workers of 2 for marking
[2025-12-03T16:42:18.210+0000][7][gc,marking  ] GC(235) Concurrent Mark From Roots 55.513ms
[2025-12-03T16:42:18.210+0000][7][gc,marking  ] GC(235) Concurrent Preclean
[2025-12-03T16:42:18.210+0000][7][gc,marking  ] GC(235) Concurrent Preclean 0.241ms
[2025-12-03T16:42:18.210+0000][7][gc,start    ] GC(235) Pause Remark
[2025-12-03T16:42:18.228+0000][7][gc          ] GC(235) Pause Remark 170M->170M(512M) 17.449ms
[2025-12-03T16:42:18.228+0000][7][gc,cpu      ] GC(235) User=0.12s Sys=0.00s Real=0.02s
[2025-12-03T16:42:18.228+0000][7][safepoint   ] Safepoint "G1Concurrent", Time since last: 71532250 ns, Reaching safepoint: 74542 ns, At safepoint: 17657416 ns, Total: 17731958 ns
[2025-12-03T16:42:18.228+0000][7][gc,marking  ] GC(235) Concurrent Mark 73.809ms
[2025-12-03T16:42:18.228+0000][7][gc,marking  ] GC(235) Concurrent Rebuild Remembered Sets
[2025-12-03T16:42:18.257+0000][7][gc,marking  ] GC(235) Concurrent Rebuild Remembered Sets 29.000ms
[2025-12-03T16:42:18.257+0000][7][gc,start    ] GC(235) Pause Cleanup
[2025-12-03T16:42:18.257+0000][7][gc          ] GC(235) Pause Cleanup 170M->170M(512M) 0.144ms
[2025-12-03T16:42:18.257+0000][7][gc,cpu      ] GC(235) User=0.00s Sys=0.00s Real=0.00s
[2025-12-03T16:42:18.257+0000][7][safepoint   ] Safepoint "G1Concurrent", Time since last: 29256542 ns, Reaching safepoint: 92375 ns, At safepoint: 258417 ns, Total: 350792 ns
[2025-12-03T16:42:18.257+0000][7][gc,marking  ] GC(235) Concurrent Cleanup for Next Mark
[2025-12-03T16:42:18.259+0000][7][gc,marking  ] GC(235) Concurrent Cleanup for Next Mark 1.273ms
[2025-12-03T16:42:18.259+0000][7][gc          ] GC(235) Concurrent Mark Cycle 120.245ms
[2025-12-03T16:42:39.330+0000][7][safepoint   ] Safepoint "Cleanup", Time since last: 21041014967 ns, Reaching safepoint: 433709 ns, At safepoint: 26625 ns, Total: 460334 ns
[2025-12-03T16:42:58.003+0000][7][gc,start    ] GC(236) Pause Young (Normal) (G1 Evacuation Pause)
[2025-12-03T16:42:58.005+0000][7][gc,task     ] GC(236) Using 8 workers of 8 for evacuation
[2025-12-03T16:42:58.005+0000][7][gc,age      ] GC(236) Desired survivor size 16777216 bytes, new threshold 15 (max threshold 15)
[2025-12-03T16:42:58.015+0000][7][gc,age      ] GC(236) Age table with threshold 15 (max threshold 15)
[2025-12-03T16:42:58.015+0000][7][gc,age      ] GC(236) - age   1:    3199504 bytes,    3199504 total
[2025-12-03T16:42:58.015+0000][7][gc,age      ] GC(236) - age   2:     293296 bytes,    3492800 total
[2025-12-03T16:42:58.016+0000][7][gc,age      ] GC(236) - age   3:     334280 bytes,    3827080 total
[2025-12-03T16:42:58.016+0000][7][gc,age      ] GC(236) - age   4:     573408 bytes,    4400488 total
[2025-12-03T16:42:58.016+0000][7][gc,age      ] GC(236) - age   5:      94792 bytes,    4495280 total
[2025-12-03T16:42:58.016+0000][7][gc,age      ] GC(236) - age   6:     433944 bytes,    4929224 total
[2025-12-03T16:42:58.016+0000][7][gc,age      ] GC(236) - age   7:     178480 bytes,    5107704 total
[2025-12-03T16:42:58.016+0000][7][gc,age      ] GC(236) - age   8:       6840 bytes,    5114544 total
[2025-12-03T16:42:58.016+0000][7][gc,age      ] GC(236) - age   9:     303176 bytes,    5417720 total
[2025-12-03T16:42:58.016+0000][7][gc,age      ] GC(236) - age  10:      85400 bytes,    5503120 total
[2025-12-03T16:42:58.016+0000][7][gc,age      ] GC(236) - age  11:       6472 bytes,    5509592 total
[2025-12-03T16:42:58.016+0000][7][gc,age      ] GC(236) - age  12:     294584 bytes,    5804176 total
[2025-12-03T16:42:58.016+0000][7][gc,age      ] GC(236) - age  13:    2365992 bytes,    8170168 total
[2025-12-03T16:42:58.016+0000][7][gc,age      ] GC(236) - age  14:      82608 bytes,    8252776 total
[2025-12-03T16:42:58.016+0000][7][gc,age      ] GC(236) - age  15:       8632 bytes,    8261408 total
[2025-12-03T16:42:58.016+0000][7][gc,phases   ] GC(236)   Pre Evacuate Collection Set: 0.3ms
[2025-12-03T16:42:58.016+0000][7][gc,phases   ] GC(236)   Merge Heap Roots: 0.2ms
[2025-12-03T16:42:58.016+0000][7][gc,phases   ] GC(236)   Evacuate Collection Set: 7.8ms
[2025-12-03T16:42:58.016+0000][7][gc,phases   ] GC(236)   Post Evacuate Collection Set: 2.0ms
[2025-12-03T16:42:58.016+0000][7][gc,phases   ] GC(236)   Other: 2.4ms
[2025-12-03T16:42:58.016+0000][7][gc,heap     ] GC(236) Eden regions: 61->0(61)
[2025-12-03T16:42:58.016+0000][7][gc,heap     ] GC(236) Survivor regions: 3->3(8)
[2025-12-03T16:42:58.016+0000][7][gc,heap     ] GC(236) Old regions: 37->37
[2025-12-03T16:42:58.016+0000][7][gc,heap     ] GC(236) Archive regions: 2->2
[2025-12-03T16:42:58.016+0000][7][gc,heap     ] GC(236) Humongous regions: 2->2
[2025-12-03T16:42:58.016+0000][7][gc,metaspace] GC(236) Metaspace: 115816K(117568K)->115816K(117568K) NonClass: 101037K(102016K)->101037K(102016K) Class: 14778K(15552K)->14778K(15552K)
[2025-12-03T16:42:58.016+0000][7][gc          ] GC(236) Pause Young (Normal) (G1 Evacuation Pause) 409M->165M(512M) 13.027ms
[2025-12-03T16:42:58.017+0000][7][gc,cpu      ] GC(236) User=0.06s Sys=0.00s Real=0.01s
[2025-12-03T16:42:58.017+0000][7][safepoint   ] Safepoint "G1CollectForAllocation", Time since last: 18673072550 ns, Reaching safepoint: 242250 ns, At safepoint: 13229667 ns, Total: 13471917 ns
[2025-12-03T16:43:18.044+0000][7][safepoint   ] Safepoint "Cleanup", Time since last: 20022172884 ns, Reaching safepoint: 446500 ns, At safepoint: 15416 ns, Total: 461916 ns
[2025-12-03T16:43:30.062+0000][7][safepoint   ] Safepoint "Cleanup", Time since last: 12017381965 ns, Reaching safepoint: 485375 ns, At safepoint: 53125 ns, Total: 538500 ns
[2025-12-03T16:43:41.595+0000][7][gc,start    ] GC(237) Pause Young (Concurrent Start) (G1 Evacuation Pause)
[2025-12-03T16:43:41.595+0000][7][gc,task     ] GC(237) Using 8 workers of 8 for evacuation
[2025-12-03T16:43:41.595+0000][7][gc,age      ] GC(237) Desired survivor size 16777216 bytes, new threshold 15 (max threshold 15)
[2025-12-03T16:43:41.630+0000][7][gc,age      ] GC(237) Age table with threshold 15 (max threshold 15)
[2025-12-03T16:43:41.630+0000][7][gc,age      ] GC(237) - age   1:    2670584 bytes,    2670584 total
[2025-12-03T16:43:41.630+0000][7][gc,age      ] GC(237) - age   2:     354640 bytes,    3025224 total
[2025-12-03T16:43:41.630+0000][7][gc,age      ] GC(237) - age   3:     156744 bytes,    3181968 total
[2025-12-03T16:43:41.630+0000][7][gc,age      ] GC(237) - age   4:     202168 bytes,    3384136 total
[2025-12-03T16:43:41.630+0000][7][gc,age      ] GC(237) - age   5:      74024 bytes,    3458160 total
[2025-12-03T16:43:41.630+0000][7][gc,age      ] GC(237) - age   6:      94696 bytes,    3552856 total
[2025-12-03T16:43:41.630+0000][7][gc,age      ] GC(237) - age   7:     433608 bytes,    3986464 total
[2025-12-03T16:43:41.630+0000][7][gc,age      ] GC(237) - age   8:      47008 bytes,    4033472 total
[2025-12-03T16:43:41.630+0000][7][gc,age      ] GC(237) - age   9:       6840 bytes,    4040312 total
[2025-12-03T16:43:41.630+0000][7][gc,age      ] GC(237) - age  10:     303112 bytes,    4343424 total
[2025-12-03T16:43:41.631+0000][7][gc,age      ] GC(237) - age  11:      85400 bytes,    4428824 total
[2025-12-03T16:43:41.631+0000][7][gc,age      ] GC(237) - age  12:       6472 bytes,    4435296 total
[2025-12-03T16:43:41.631+0000][7][gc,age      ] GC(237) - age  13:     294584 bytes,    4729880 total
[2025-12-03T16:43:41.631+0000][7][gc,age      ] GC(237) - age  14:    2365992 bytes,    7095872 total
[2025-12-03T16:43:41.631+0000][7][gc,age      ] GC(237) - age  15:      82608 bytes,    7178480 total
[2025-12-03T16:43:41.631+0000][7][gc,phases   ] GC(237)   Pre Evacuate Collection Set: 1.9ms
[2025-12-03T16:43:41.631+0000][7][gc,phases   ] GC(237)   Merge Heap Roots: 0.1ms
[2025-12-03T16:43:41.631+0000][7][gc,phases   ] GC(237)   Evacuate Collection Set: 28.6ms
[2025-12-03T16:43:41.631+0000][7][gc,phases   ] GC(237)   Post Evacuate Collection Set: 3.6ms
[2025-12-03T16:43:41.631+0000][7][gc,phases   ] GC(237)   Other: 2.0ms
[2025-12-03T16:43:41.631+0000][7][gc,heap     ] GC(237) Eden regions: 61->0(62)
[2025-12-03T16:43:41.631+0000][7][gc,heap     ] GC(237) Survivor regions: 3->2(8)
[2025-12-03T16:43:41.631+0000][7][gc,heap     ] GC(237) Old regions: 37->37
[2025-12-03T16:43:41.631+0000][7][gc,heap     ] GC(237) Archive regions: 2->2
[2025-12-03T16:43:41.631+0000][7][gc,heap     ] GC(237) Humongous regions: 2->2
[2025-12-03T16:43:41.632+0000][7][gc,metaspace] GC(237) Metaspace: 115816K(117568K)->115816K(117568K) NonClass: 101037K(102016K)->101037K(102016K) Class: 14778K(15552K)->14778K(15552K)
[2025-12-03T16:43:41.632+0000][7][gc          ] GC(237) Pause Young (Concurrent Start) (G1 Evacuation Pause) 409M->164M(512M) 36.927ms
[2025-12-03T16:43:41.632+0000][7][gc,cpu      ] GC(237) User=0.22s Sys=0.00s Real=0.04s
[2025-12-03T16:43:41.632+0000][7][safepoint   ] Safepoint "G1CollectForAllocation", Time since last: 11530722879 ns, Reaching safepoint: 83250 ns, At safepoint: 37316084 ns, Total: 37399334 ns
[2025-12-03T16:43:41.632+0000][7][gc          ] GC(238) Concurrent Mark Cycle
[2025-12-03T16:43:41.632+0000][7][gc,marking  ] GC(238) Concurrent Clear Claimed Marks
[2025-12-03T16:43:41.633+0000][7][gc,marking  ] GC(238) Concurrent Clear Claimed Marks 0.457ms
[2025-12-03T16:43:41.633+0000][7][gc,marking  ] GC(238) Concurrent Scan Root Regions
[2025-12-03T16:43:41.637+0000][7][gc,marking  ] GC(238) Concurrent Scan Root Regions 4.680ms
[2025-12-03T16:43:41.638+0000][7][gc,marking  ] GC(238) Concurrent Mark
[2025-12-03T16:43:41.638+0000][7][gc,marking  ] GC(238) Concurrent Mark From Roots
[2025-12-03T16:43:41.638+0000][7][gc,task     ] GC(238) Using 2 workers of 2 for marking
[2025-12-03T16:43:41.721+0000][7][gc,marking  ] GC(238) Concurrent Mark From Roots 83.072ms
[2025-12-03T16:43:41.721+0000][7][gc,marking  ] GC(238) Concurrent Preclean
[2025-12-03T16:43:41.722+0000][7][gc,marking  ] GC(238) Concurrent Preclean 0.838ms
[2025-12-03T16:43:41.723+0000][7][gc,start    ] GC(238) Pause Remark
[2025-12-03T16:43:41.770+0000][7][gc          ] GC(238) Pause Remark 168M->168M(512M) 47.353ms
[2025-12-03T16:43:41.770+0000][7][gc,cpu      ] GC(238) User=0.34s Sys=0.00s Real=0.05s
[2025-12-03T16:43:41.770+0000][7][safepoint   ] Safepoint "G1Concurrent", Time since last: 90184291 ns, Reaching safepoint: 345875 ns, At safepoint: 47795500 ns, Total: 48141375 ns
[2025-12-03T16:43:41.770+0000][7][gc,marking  ] GC(238) Concurrent Mark 132.861ms
[2025-12-03T16:43:41.770+0000][7][gc,marking  ] GC(238) Concurrent Rebuild Remembered Sets
[2025-12-03T16:43:41.804+0000][7][gc,marking  ] GC(238) Concurrent Rebuild Remembered Sets 33.293ms
[2025-12-03T16:43:41.804+0000][7][gc,start    ] GC(238) Pause Cleanup
[2025-12-03T16:43:41.804+0000][7][gc          ] GC(238) Pause Cleanup 168M->168M(512M) 0.139ms
[2025-12-03T16:43:41.804+0000][7][gc,cpu      ] GC(238) User=0.00s Sys=0.00s Real=0.00s
[2025-12-03T16:43:41.804+0000][7][safepoint   ] Safepoint "G1Concurrent", Time since last: 33626000 ns, Reaching safepoint: 73875 ns, At safepoint: 309625 ns, Total: 383500 ns
[2025-12-03T16:43:41.804+0000][7][gc,marking  ] GC(238) Concurrent Cleanup for Next Mark
[2025-12-03T16:43:41.806+0000][7][gc,marking  ] GC(238) Concurrent Cleanup for Next Mark 1.412ms
[2025-12-03T16:43:41.806+0000][7][gc          ] GC(238) Concurrent Mark Cycle 173.847ms
[2025-12-03T16:44:21.147+0000][7][gc,start    ] GC(239) Pause Young (Normal) (G1 Evacuation Pause)
[2025-12-03T16:44:21.147+0000][7][gc,task     ] GC(239) Using 8 workers of 8 for evacuation
[2025-12-03T16:44:21.147+0000][7][gc,age      ] GC(239) Desired survivor size 16777216 bytes, new threshold 15 (max threshold 15)
[2025-12-03T16:44:21.174+0000][7][gc,age      ] GC(239) Age table with threshold 15 (max threshold 15)
[2025-12-03T16:44:21.174+0000][7][gc,age      ] GC(239) - age   1:    3914584 bytes,    3914584 total
[2025-12-03T16:44:21.174+0000][7][gc,age      ] GC(239) - age   2:     812760 bytes,    4727344 total
[2025-12-03T16:44:21.174+0000][7][gc,age      ] GC(239) - age   3:     221016 bytes,    4948360 total
[2025-12-03T16:44:21.174+0000][7][gc,age      ] GC(239) - age   4:     155856 bytes,    5104216 total
[2025-12-03T16:44:21.174+0000][7][gc,age      ] GC(239) - age   5:     201816 bytes,    5306032 total
[2025-12-03T16:44:21.174+0000][7][gc,age      ] GC(239) - age   6:      73896 bytes,    5379928 total
[2025-12-03T16:44:21.175+0000][7][gc,age      ] GC(239) - age   7:      94696 bytes,    5474624 total
[2025-12-03T16:44:21.175+0000][7][gc,age      ] GC(239) - age   8:     433544 bytes,    5908168 total
[2025-12-03T16:44:21.175+0000][7][gc,age      ] GC(239) - age   9:      47008 bytes,    5955176 total
[2025-12-03T16:44:21.175+0000][7][gc,age      ] GC(239) - age  10:       6840 bytes,    5962016 total
[2025-12-03T16:44:21.175+0000][7][gc,age      ] GC(239) - age  11:     303112 bytes,    6265128 total
[2025-12-03T16:44:21.175+0000][7][gc,age      ] GC(239) - age  12:      84320 bytes,    6349448 total
[2025-12-03T16:44:21.175+0000][7][gc,age      ] GC(239) - age  13:       6472 bytes,    6355920 total
[2025-12-03T16:44:21.175+0000][7][gc,age      ] GC(239) - age  14:     294584 bytes,    6650504 total
[2025-12-03T16:44:21.175+0000][7][gc,age      ] GC(239) - age  15:    2365992 bytes,    9016496 total
[2025-12-03T16:44:21.175+0000][7][gc,phases   ] GC(239)   Pre Evacuate Collection Set: 0.4ms
[2025-12-03T16:44:21.175+0000][7][gc,phases   ] GC(239)   Merge Heap Roots: 0.5ms
[2025-12-03T16:44:21.175+0000][7][gc,phases   ] GC(239)   Evacuate Collection Set: 21.4ms
[2025-12-03T16:44:21.175+0000][7][gc,phases   ] GC(239)   Post Evacuate Collection Set: 4.3ms
[2025-12-03T16:44:21.175+0000][7][gc,phases   ] GC(239)   Other: 1.9ms
[2025-12-03T16:44:21.175+0000][7][gc,heap     ] GC(239) Eden regions: 62->0(61)
[2025-12-03T16:44:21.176+0000][7][gc,heap     ] GC(239) Survivor regions: 2->3(8)
[2025-12-03T16:44:21.176+0000][7][gc,heap     ] GC(239) Old regions: 37->37
[2025-12-03T16:44:21.176+0000][7][gc,heap     ] GC(239) Archive regions: 2->2
[2025-12-03T16:44:21.176+0000][7][gc,heap     ] GC(239) Humongous regions: 2->2
[2025-12-03T16:44:21.176+0000][7][gc,metaspace] GC(239) Metaspace: 115816K(117568K)->115816K(117568K) NonClass: 101037K(102016K)->101037K(102016K) Class: 14778K(15552K)->14778K(15552K)
[2025-12-03T16:44:21.176+0000][7][gc          ] GC(239) Pause Young (Normal) (G1 Evacuation Pause) 412M->166M(512M) 29.159ms
[2025-12-03T16:44:21.176+0000][7][gc,cpu      ] GC(239) User=0.13s Sys=0.00s Real=0.03s
[2025-12-03T16:44:21.176+0000][7][safepoint   ] Safepoint "G1CollectForAllocation", Time since last: 39341755977 ns, Reaching safepoint: 227917 ns, At safepoint: 29365541 ns, Total: 29593458 ns
[2025-12-03T16:44:22.177+0000][7][safepoint   ] Safepoint "Cleanup", Time since last: 1000818917 ns, Reaching safepoint: 43125 ns, At safepoint: 4750 ns, Total: 47875 ns
[2025-12-03T16:44:38.204+0000][7][safepoint   ] Safepoint "Cleanup", Time since last: 16024214966 ns, Reaching safepoint: 1442541 ns, At safepoint: 338834 ns, Total: 1781375 ns
[2025-12-03T16:44:42.214+0000][7][safepoint   ] Safepoint "Cleanup", Time since last: 4009295335 ns, Reaching safepoint: 612542 ns, At safepoint: 35250 ns, Total: 647792 ns
[2025-12-03T16:44:48.222+0000][7][safepoint   ] Safepoint "Cleanup", Time since last: 6007819628 ns, Reaching safepoint: 317708 ns, At safepoint: 32250 ns, Total: 349958 ns
[2025-12-03T16:45:05.667+0000][7][gc,start    ] GC(240) Pause Young (Concurrent Start) (G1 Evacuation Pause)
[2025-12-03T16:45:05.667+0000][7][gc,task     ] GC(240) Using 8 workers of 8 for evacuation
[2025-12-03T16:45:05.668+0000][7][gc,age      ] GC(240) Desired survivor size 16777216 bytes, new threshold 15 (max threshold 15)
[2025-12-03T16:45:05.684+0000][7][gc,age      ] GC(240) Age table with threshold 15 (max threshold 15)
[2025-12-03T16:45:05.684+0000][7][gc,age      ] GC(240) - age   1:    1700224 bytes,    1700224 total
[2025-12-03T16:45:05.684+0000][7][gc,age      ] GC(240) - age   2:     145616 bytes,    1845840 total
[2025-12-03T16:45:05.684+0000][7][gc,age      ] GC(240) - age   3:     658768 bytes,    2504608 total
[2025-12-03T16:45:05.684+0000][7][gc,age      ] GC(240) - age   4:      88816 bytes,    2593424 total
[2025-12-03T16:45:05.684+0000][7][gc,age      ] GC(240) - age   5:     155600 bytes,    2749024 total
[2025-12-03T16:45:05.684+0000][7][gc,age      ] GC(240) - age   6:     201752 bytes,    2950776 total
[2025-12-03T16:45:05.684+0000][7][gc,age      ] GC(240) - age   7:      73896 bytes,    3024672 total
[2025-12-03T16:45:05.684+0000][7][gc,age      ] GC(240) - age   8:      94696 bytes,    3119368 total
[2025-12-03T16:45:05.685+0000][7][gc,age      ] GC(240) - age   9:     433544 bytes,    3552912 total
[2025-12-03T16:45:05.685+0000][7][gc,age      ] GC(240) - age  10:      47008 bytes,    3599920 total
[2025-12-03T16:45:05.685+0000][7][gc,age      ] GC(240) - age  11:       6840 bytes,    3606760 total
[2025-12-03T16:45:05.685+0000][7][gc,age      ] GC(240) - age  12:     302848 bytes,    3909608 total
[2025-12-03T16:45:05.685+0000][7][gc,age      ] GC(240) - age  13:      84320 bytes,    3993928 total
[2025-12-03T16:45:05.685+0000][7][gc,age      ] GC(240) - age  14:       6472 bytes,    4000400 total
[2025-12-03T16:45:05.685+0000][7][gc,age      ] GC(240) - age  15:     294584 bytes,    4294984 total
[2025-12-03T16:45:05.685+0000][7][gc,phases   ] GC(240)   Pre Evacuate Collection Set: 2.5ms
[2025-12-03T16:45:05.685+0000][7][gc,phases   ] GC(240)   Merge Heap Roots: 0.2ms
[2025-12-03T16:45:05.685+0000][7][gc,phases   ] GC(240)   Evacuate Collection Set: 11.3ms
[2025-12-03T16:45:05.685+0000][7][gc,phases   ] GC(240)   Post Evacuate Collection Set: 2.2ms
[2025-12-03T16:45:05.685+0000][7][gc,phases   ] GC(240)   Other: 2.0ms
[2025-12-03T16:45:05.685+0000][7][gc,heap     ] GC(240) Eden regions: 61->0(62)
[2025-12-03T16:45:05.686+0000][7][gc,heap     ] GC(240) Survivor regions: 3->2(8)
[2025-12-03T16:45:05.686+0000][7][gc,heap     ] GC(240) Old regions: 37->37
[2025-12-03T16:45:05.686+0000][7][gc,heap     ] GC(240) Archive regions: 2->2
[2025-12-03T16:45:05.686+0000][7][gc,heap     ] GC(240) Humongous regions: 2->2
[2025-12-03T16:45:05.686+0000][7][gc,metaspace] GC(240) Metaspace: 115816K(117568K)->115816K(117568K) NonClass: 101037K(102016K)->101037K(102016K) Class: 14778K(15552K)->14778K(15552K)
[2025-12-03T16:45:05.686+0000][7][gc          ] GC(240) Pause Young (Concurrent Start) (G1 Evacuation Pause) 410M->164M(512M) 19.213ms
[2025-12-03T16:45:05.686+0000][7][gc,cpu      ] GC(240) User=0.09s Sys=0.00s Real=0.02s
[2025-12-03T16:45:05.686+0000][7][safepoint   ] Safepoint "G1CollectForAllocation", Time since last: 17443822466 ns, Reaching safepoint: 193250 ns, At safepoint: 19465667 ns, Total: 19658917 ns
[2025-12-03T16:45:05.686+0000][7][gc          ] GC(241) Concurrent Mark Cycle
[2025-12-03T16:45:05.686+0000][7][gc,marking  ] GC(241) Concurrent Clear Claimed Marks
[2025-12-03T16:45:05.687+0000][7][gc,marking  ] GC(241) Concurrent Clear Claimed Marks 0.190ms
[2025-12-03T16:45:05.687+0000][7][gc,marking  ] GC(241) Concurrent Scan Root Regions
[2025-12-03T16:45:05.690+0000][7][gc,marking  ] GC(241) Concurrent Scan Root Regions 3.065ms
[2025-12-03T16:45:05.690+0000][7][gc,marking  ] GC(241) Concurrent Mark
[2025-12-03T16:45:05.690+0000][7][gc,marking  ] GC(241) Concurrent Mark From Roots
[2025-12-03T16:45:05.690+0000][7][gc,task     ] GC(241) Using 2 workers of 2 for marking
[2025-12-03T16:45:05.752+0000][7][gc,marking  ] GC(241) Concurrent Mark From Roots 61.848ms
[2025-12-03T16:45:05.752+0000][7][gc,marking  ] GC(241) Concurrent Preclean
[2025-12-03T16:45:05.752+0000][7][gc,marking  ] GC(241) Concurrent Preclean 0.288ms
[2025-12-03T16:45:05.752+0000][7][gc,start    ] GC(241) Pause Remark
[2025-12-03T16:45:05.772+0000][7][gc          ] GC(241) Pause Remark 166M->166M(512M) 20.071ms
[2025-12-03T16:45:05.773+0000][7][gc,cpu      ] GC(241) User=0.15s Sys=0.00s Real=0.02s
[2025-12-03T16:45:05.773+0000][7][safepoint   ] Safepoint "G1Concurrent", Time since last: 65927458 ns, Reaching safepoint: 223375 ns, At safepoint: 20305250 ns, Total: 20528625 ns
[2025-12-03T16:45:05.773+0000][7][gc,marking  ] GC(241) Concurrent Mark 83.023ms
[2025-12-03T16:45:05.773+0000][7][gc,marking  ] GC(241) Concurrent Rebuild Remembered Sets
[2025-12-03T16:45:05.803+0000][7][gc,marking  ] GC(241) Concurrent Rebuild Remembered Sets 30.492ms
[2025-12-03T16:45:05.804+0000][7][gc,start    ] GC(241) Pause Cleanup
[2025-12-03T16:45:05.804+0000][7][gc          ] GC(241) Pause Cleanup 167M->167M(512M) 0.145ms
[2025-12-03T16:45:05.804+0000][7][gc,cpu      ] GC(241) User=0.00s Sys=0.00s Real=0.00s
[2025-12-03T16:45:05.804+0000][7][safepoint   ] Safepoint "G1Concurrent", Time since last: 30782625 ns, Reaching safepoint: 63875 ns, At safepoint: 312084 ns, Total: 375959 ns
[2025-12-03T16:45:05.804+0000][7][gc,marking  ] GC(241) Concurrent Cleanup for Next Mark
[2025-12-03T16:45:05.807+0000][7][gc,marking  ] GC(241) Concurrent Cleanup for Next Mark 2.951ms
[2025-12-03T16:45:05.807+0000][7][gc          ] GC(241) Concurrent Mark Cycle 120.677ms
[2025-12-03T16:45:45.567+0000][7][gc,start    ] GC(242) Pause Young (Normal) (G1 Evacuation Pause)
[2025-12-03T16:45:45.568+0000][7][gc,task     ] GC(242) Using 8 workers of 8 for evacuation
[2025-12-03T16:45:45.568+0000][7][gc,age      ] GC(242) Desired survivor size 16777216 bytes, new threshold 15 (max threshold 15)
[2025-12-03T16:45:45.577+0000][7][gc,age      ] GC(242) Age table with threshold 15 (max threshold 15)
[2025-12-03T16:45:45.577+0000][7][gc,age      ] GC(242) - age   1:    2408768 bytes,    2408768 total
[2025-12-03T16:45:45.577+0000][7][gc,age      ] GC(242) - age   2:     243384 bytes,    2652152 total
[2025-12-03T16:45:45.577+0000][7][gc,age      ] GC(242) - age   3:     140656 bytes,    2792808 total
[2025-12-03T16:45:45.577+0000][7][gc,age      ] GC(242) - age   4:      27856 bytes,    2820664 total
[2025-12-03T16:45:45.577+0000][7][gc,age      ] GC(242) - age   5:      88160 bytes,    2908824 total
[2025-12-03T16:45:45.577+0000][7][gc,age      ] GC(242) - age   6:     154496 bytes,    3063320 total
[2025-12-03T16:45:45.577+0000][7][gc,age      ] GC(242) - age   7:     201752 bytes,    3265072 total
[2025-12-03T16:45:45.577+0000][7][gc,age      ] GC(242) - age   8:      73896 bytes,    3338968 total
[2025-12-03T16:45:45.577+0000][7][gc,age      ] GC(242) - age   9:      94696 bytes,    3433664 total
[2025-12-03T16:45:45.577+0000][7][gc,age      ] GC(242) - age  10:     433544 bytes,    3867208 total
[2025-12-03T16:45:45.578+0000][7][gc,age      ] GC(242) - age  11:      47008 bytes,    3914216 total
[2025-12-03T16:45:45.578+0000][7][gc,age      ] GC(242) - age  12:       6840 bytes,    3921056 total
[2025-12-03T16:45:45.578+0000][7][gc,age      ] GC(242) - age  13:     302848 bytes,    4223904 total
[2025-12-03T16:45:45.578+0000][7][gc,age      ] GC(242) - age  14:      84320 bytes,    4308224 total
[2025-12-03T16:45:45.578+0000][7][gc,age      ] GC(242) - age  15:       6472 bytes,    4314696 total
[2025-12-03T16:45:45.578+0000][7][gc,phases   ] GC(242)   Pre Evacuate Collection Set: 0.4ms
[2025-12-03T16:45:45.578+0000][7][gc,phases   ] GC(242)   Merge Heap Roots: 0.2ms
[2025-12-03T16:45:45.578+0000][7][gc,phases   ] GC(242)   Evacuate Collection Set: 6.8ms
[2025-12-03T16:45:45.578+0000][7][gc,phases   ] GC(242)   Post Evacuate Collection Set: 1.9ms
[2025-12-03T16:45:45.578+0000][7][gc,phases   ] GC(242)   Other: 1.4ms
[2025-12-03T16:45:45.578+0000][7][gc,heap     ] GC(242) Eden regions: 62->0(62)
[2025-12-03T16:45:45.578+0000][7][gc,heap     ] GC(242) Survivor regions: 2->2(8)
[2025-12-03T16:45:45.578+0000][7][gc,heap     ] GC(242) Old regions: 37->37
[2025-12-03T16:45:45.578+0000][7][gc,heap     ] GC(242) Archive regions: 2->2
[2025-12-03T16:45:45.578+0000][7][gc,heap     ] GC(242) Humongous regions: 2->2
[2025-12-03T16:45:45.578+0000][7][gc,metaspace] GC(242) Metaspace: 115816K(117568K)->115816K(117568K) NonClass: 101037K(102016K)->101037K(102016K) Class: 14778K(15552K)->14778K(15552K)
[2025-12-03T16:45:45.578+0000][7][gc          ] GC(242) Pause Young (Normal) (G1 Evacuation Pause) 412M->164M(512M) 10.847ms
[2025-12-03T16:45:45.578+0000][7][gc,cpu      ] GC(242) User=0.06s Sys=0.00s Real=0.01s
[2025-12-03T16:45:45.578+0000][7][safepoint   ] Safepoint "G1CollectForAllocation", Time since last: 39761744684 ns, Reaching safepoint: 329000 ns, At safepoint: 11033167 ns, Total: 11362167 ns
[2025-12-03T16:45:58.600+0000][7][safepoint   ] Safepoint "Cleanup", Time since last: 13021147923 ns, Reaching safepoint: 351791 ns, At safepoint: 15459 ns, Total: 367250 ns
[2025-12-03T16:46:10.614+0000][7][safepoint   ] Safepoint "Cleanup", Time since last: 12013370172 ns, Reaching safepoint: 134291 ns, At safepoint: 73917 ns, Total: 208208 ns
[2025-12-03T16:46:18.624+0000][7][safepoint   ] Safepoint "Cleanup", Time since last: 8009044754 ns, Reaching safepoint: 524333 ns, At safepoint: 46333 ns, Total: 570666 ns
[2025-12-03T16:46:29.695+0000][7][gc,start    ] GC(243) Pause Young (Concurrent Start) (G1 Evacuation Pause)
[2025-12-03T16:46:29.695+0000][7][gc,task     ] GC(243) Using 8 workers of 8 for evacuation
[2025-12-03T16:46:29.696+0000][7][gc,age      ] GC(243) Desired survivor size 16777216 bytes, new threshold 15 (max threshold 15)
[2025-12-03T16:46:29.707+0000][7][gc,age      ] GC(243) Age table with threshold 15 (max threshold 15)
[2025-12-03T16:46:29.708+0000][7][gc,age      ] GC(243) - age   1:    3463520 bytes,    3463520 total
[2025-12-03T16:46:29.708+0000][7][gc,age      ] GC(243) - age   2:     888424 bytes,    4351944 total
[2025-12-03T16:46:29.708+0000][7][gc,age      ] GC(243) - age   3:     240752 bytes,    4592696 total
[2025-12-03T16:46:29.708+0000][7][gc,age      ] GC(243) - age   4:     139864 bytes,    4732560 total
[2025-12-03T16:46:29.708+0000][7][gc,age      ] GC(243) - age   5:      27272 bytes,    4759832 total
[2025-12-03T16:46:29.708+0000][7][gc,age      ] GC(243) - age   6:      87840 bytes,    4847672 total
[2025-12-03T16:46:29.708+0000][7][gc,age      ] GC(243) - age   7:     154368 bytes,    5002040 total
[2025-12-03T16:46:29.708+0000][7][gc,age      ] GC(243) - age   8:      70664 bytes,    5072704 total
[2025-12-03T16:46:29.708+0000][7][gc,age      ] GC(243) - age   9:      73896 bytes,    5146600 total
[2025-12-03T16:46:29.708+0000][7][gc,age      ] GC(243) - age  10:      37912 bytes,    5184512 total
[2025-12-03T16:46:29.708+0000][7][gc,age      ] GC(243) - age  11:     433544 bytes,    5618056 total
[2025-12-03T16:46:29.708+0000][7][gc,age      ] GC(243) - age  12:      47008 bytes,    5665064 total
[2025-12-03T16:46:29.708+0000][7][gc,age      ] GC(243) - age  13:       6840 bytes,    5671904 total
[2025-12-03T16:46:29.708+0000][7][gc,age      ] GC(243) - age  14:     302848 bytes,    5974752 total
[2025-12-03T16:46:29.708+0000][7][gc,age      ] GC(243) - age  15:      84320 bytes,    6059072 total
[2025-12-03T16:46:29.708+0000][7][gc,phases   ] GC(243)   Pre Evacuate Collection Set: 2.0ms
[2025-12-03T16:46:29.708+0000][7][gc,phases   ] GC(243)   Merge Heap Roots: 0.2ms
[2025-12-03T16:46:29.709+0000][7][gc,phases   ] GC(243)   Evacuate Collection Set: 7.6ms
[2025-12-03T16:46:29.709+0000][7][gc,phases   ] GC(243)   Post Evacuate Collection Set: 1.9ms
[2025-12-03T16:46:29.709+0000][7][gc,phases   ] GC(243)   Other: 2.0ms
[2025-12-03T16:46:29.709+0000][7][gc,heap     ] GC(243) Eden regions: 62->0(62)
[2025-12-03T16:46:29.709+0000][7][gc,heap     ] GC(243) Survivor regions: 2->2(8)
[2025-12-03T16:46:29.709+0000][7][gc,heap     ] GC(243) Old regions: 37->37
[2025-12-03T16:46:29.709+0000][7][gc,heap     ] GC(243) Archive regions: 2->2
[2025-12-03T16:46:29.709+0000][7][gc,heap     ] GC(243) Humongous regions: 2->2
[2025-12-03T16:46:29.709+0000][7][gc,metaspace] GC(243) Metaspace: 115820K(117568K)->115820K(117568K) NonClass: 101041K(102016K)->101041K(102016K) Class: 14778K(15552K)->14778K(15552K)
[2025-12-03T16:46:29.709+0000][7][gc          ] GC(243) Pause Young (Concurrent Start) (G1 Evacuation Pause) 412M->165M(512M) 14.115ms
[2025-12-03T16:46:29.709+0000][7][gc,cpu      ] GC(243) User=0.05s Sys=0.00s Real=0.01s
[2025-12-03T16:46:29.709+0000][7][safepoint   ] Safepoint "G1CollectForAllocation", Time since last: 11070692714 ns, Reaching safepoint: 316167 ns, At safepoint: 14364750 ns, Total: 14680917 ns
[2025-12-03T16:46:29.709+0000][7][gc          ] GC(244) Concurrent Mark Cycle
[2025-12-03T16:46:29.709+0000][7][gc,marking  ] GC(244) Concurrent Clear Claimed Marks
[2025-12-03T16:46:29.710+0000][7][gc,marking  ] GC(244) Concurrent Clear Claimed Marks 0.253ms
[2025-12-03T16:46:29.710+0000][7][gc,marking  ] GC(244) Concurrent Scan Root Regions
[2025-12-03T16:46:29.713+0000][7][gc,marking  ] GC(244) Concurrent Scan Root Regions 2.853ms
[2025-12-03T16:46:29.713+0000][7][gc,marking  ] GC(244) Concurrent Mark
[2025-12-03T16:46:29.713+0000][7][gc,marking  ] GC(244) Concurrent Mark From Roots
[2025-12-03T16:46:29.713+0000][7][gc,task     ] GC(244) Using 2 workers of 2 for marking
[2025-12-03T16:46:29.797+0000][7][gc,marking  ] GC(244) Concurrent Mark From Roots 84.240ms
[2025-12-03T16:46:29.798+0000][7][gc,marking  ] GC(244) Concurrent Preclean
[2025-12-03T16:46:29.798+0000][7][gc,marking  ] GC(244) Concurrent Preclean 0.295ms
[2025-12-03T16:46:29.798+0000][7][gc,start    ] GC(244) Pause Remark
[2025-12-03T16:46:29.817+0000][7][gc          ] GC(244) Pause Remark 189M->189M(512M) 18.070ms
[2025-12-03T16:46:29.817+0000][7][gc,cpu      ] GC(244) User=0.13s Sys=0.00s Real=0.02s
[2025-12-03T16:46:29.817+0000][7][safepoint   ] Safepoint "G1Concurrent", Time since last: 88821166 ns, Reaching safepoint: 511084 ns, At safepoint: 18238291 ns, Total: 18749375 ns
[2025-12-03T16:46:29.817+0000][7][gc,marking  ] GC(244) Concurrent Mark 103.618ms
[2025-12-03T16:46:29.817+0000][7][gc,marking  ] GC(244) Concurrent Rebuild Remembered Sets
[2025-12-03T16:46:29.846+0000][7][gc,marking  ] GC(244) Concurrent Rebuild Remembered Sets 28.881ms
[2025-12-03T16:46:29.846+0000][7][gc,start    ] GC(244) Pause Cleanup
[2025-12-03T16:46:29.846+0000][7][gc          ] GC(244) Pause Cleanup 190M->190M(512M) 0.147ms
[2025-12-03T16:46:29.846+0000][7][gc,cpu      ] GC(244) User=0.00s Sys=0.00s Real=0.00s
[2025-12-03T16:46:29.846+0000][7][safepoint   ] Safepoint "G1Concurrent", Time since last: 29123959 ns, Reaching safepoint: 41833 ns, At safepoint: 275375 ns, Total: 317208 ns
[2025-12-03T16:46:29.846+0000][7][gc,marking  ] GC(244) Concurrent Cleanup for Next Mark
[2025-12-03T16:46:29.848+0000][7][gc,marking  ] GC(244) Concurrent Cleanup for Next Mark 1.388ms
[2025-12-03T16:46:29.848+0000][7][gc          ] GC(244) Concurrent Mark Cycle 138.499ms
[2025-12-03T16:47:08.066+0000][7][gc,start    ] GC(245) Pause Young (Normal) (G1 Evacuation Pause)
[2025-12-03T16:47:08.066+0000][7][gc,task     ] GC(245) Using 8 workers of 8 for evacuation
[2025-12-03T16:47:08.066+0000][7][gc,age      ] GC(245) Desired survivor size 16777216 bytes, new threshold 15 (max threshold 15)
[2025-12-03T16:47:08.074+0000][7][gc,age      ] GC(245) Age table with threshold 15 (max threshold 15)
[2025-12-03T16:47:08.074+0000][7][gc,age      ] GC(245) - age   1:    1685904 bytes,    1685904 total
[2025-12-03T16:47:08.074+0000][7][gc,age      ] GC(245) - age   2:     440640 bytes,    2126544 total
[2025-12-03T16:47:08.074+0000][7][gc,age      ] GC(245) - age   3:     640112 bytes,    2766656 total
[2025-12-03T16:47:08.074+0000][7][gc,age      ] GC(245) - age   4:     240208 bytes,    3006864 total
[2025-12-03T16:47:08.074+0000][7][gc,age      ] GC(245) - age   5:       8712 bytes,    3015576 total
[2025-12-03T16:47:08.074+0000][7][gc,age      ] GC(245) - age   6:      27000 bytes,    3042576 total
[2025-12-03T16:47:08.074+0000][7][gc,age      ] GC(245) - age   7:      87840 bytes,    3130416 total
[2025-12-03T16:47:08.074+0000][7][gc,age      ] GC(245) - age   8:     154368 bytes,    3284784 total
[2025-12-03T16:47:08.074+0000][7][gc,age      ] GC(245) - age   9:      70664 bytes,    3355448 total
[2025-12-03T16:47:08.074+0000][7][gc,age      ] GC(245) - age  10:      73896 bytes,    3429344 total
[2025-12-03T16:47:08.074+0000][7][gc,age      ] GC(245) - age  11:      37912 bytes,    3467256 total
[2025-12-03T16:47:08.074+0000][7][gc,age      ] GC(245) - age  12:     433544 bytes,    3900800 total
[2025-12-03T16:47:08.074+0000][7][gc,age      ] GC(245) - age  13:      47008 bytes,    3947808 total
[2025-12-03T16:47:08.075+0000][7][gc,age      ] GC(245) - age  14:       6840 bytes,    3954648 total
[2025-12-03T16:47:08.075+0000][7][gc,age      ] GC(245) - age  15:     302848 bytes,    4257496 total
[2025-12-03T16:47:08.075+0000][7][gc,phases   ] GC(245)   Pre Evacuate Collection Set: 0.3ms
[2025-12-03T16:47:08.075+0000][7][gc,phases   ] GC(245)   Merge Heap Roots: 0.2ms
[2025-12-03T16:47:08.075+0000][7][gc,phases   ] GC(245)   Evacuate Collection Set: 5.5ms
[2025-12-03T16:47:08.075+0000][7][gc,phases   ] GC(245)   Post Evacuate Collection Set: 1.6ms
[2025-12-03T16:47:08.075+0000][7][gc,phases   ] GC(245)   Other: 1.2ms
[2025-12-03T16:47:08.075+0000][7][gc,heap     ] GC(245) Eden regions: 62->0(61)
[2025-12-03T16:47:08.075+0000][7][gc,heap     ] GC(245) Survivor regions: 2->2(8)
[2025-12-03T16:47:08.075+0000][7][gc,heap     ] GC(245) Old regions: 37->38
[2025-12-03T16:47:08.075+0000][7][gc,heap     ] GC(245) Archive regions: 2->2
[2025-12-03T16:47:08.075+0000][7][gc,heap     ] GC(245) Humongous regions: 2->2
[2025-12-03T16:47:08.075+0000][7][gc,metaspace] GC(245) Metaspace: 115820K(117568K)->115820K(117568K) NonClass: 101041K(102016K)->101041K(102016K) Class: 14778K(15552K)->14778K(15552K)
[2025-12-03T16:47:08.075+0000][7][gc          ] GC(245) Pause Young (Normal) (G1 Evacuation Pause) 413M->164M(512M) 9.154ms
[2025-12-03T16:47:08.075+0000][7][gc,cpu      ] GC(245) User=0.05s Sys=0.00s Real=0.00s
[2025-12-03T16:47:08.075+0000][7][safepoint   ] Safepoint "G1CollectForAllocation", Time since last: 38217670433 ns, Reaching safepoint: 233500 ns, At safepoint: 9285667 ns, Total: 9519167 ns
[2025-12-03T16:47:47.488+0000][7][gc,start    ] GC(246) Pause Young (Concurrent Start) (G1 Evacuation Pause)
[2025-12-03T16:47:47.489+0000][7][gc,task     ] GC(246) Using 8 workers of 8 for evacuation
[2025-12-03T16:47:47.490+0000][7][gc,age      ] GC(246) Desired survivor size 16777216 bytes, new threshold 15 (max threshold 15)
[2025-12-03T16:47:47.518+0000][7][gc,age      ] GC(246) Age table with threshold 15 (max threshold 15)
[2025-12-03T16:47:47.518+0000][7][gc,age      ] GC(246) - age   1:    2347416 bytes,    2347416 total
[2025-12-03T16:47:47.518+0000][7][gc,age      ] GC(246) - age   2:     570320 bytes,    2917736 total
[2025-12-03T16:47:47.518+0000][7][gc,age      ] GC(246) - age   3:     432192 bytes,    3349928 total
[2025-12-03T16:47:47.518+0000][7][gc,age      ] GC(246) - age   4:       9488 bytes,    3359416 total
[2025-12-03T16:47:47.518+0000][7][gc,age      ] GC(246) - age   5:     239344 bytes,    3598760 total
[2025-12-03T16:47:47.518+0000][7][gc,age      ] GC(246) - age   6:       8520 bytes,    3607280 total
[2025-12-03T16:47:47.518+0000][7][gc,age      ] GC(246) - age   7:      27000 bytes,    3634280 total
[2025-12-03T16:47:47.518+0000][7][gc,age      ] GC(246) - age   8:      87544 bytes,    3721824 total
[2025-12-03T16:47:47.518+0000][7][gc,age      ] GC(246) - age   9:     154368 bytes,    3876192 total
[2025-12-03T16:47:47.518+0000][7][gc,age      ] GC(246) - age  10:      70664 bytes,    3946856 total
[2025-12-03T16:47:47.519+0000][7][gc,age      ] GC(246) - age  11:      73896 bytes,    4020752 total
[2025-12-03T16:47:47.519+0000][7][gc,age      ] GC(246) - age  12:      37912 bytes,    4058664 total
[2025-12-03T16:47:47.519+0000][7][gc,age      ] GC(246) - age  13:     433544 bytes,    4492208 total
[2025-12-03T16:47:47.519+0000][7][gc,age      ] GC(246) - age  14:      47008 bytes,    4539216 total
[2025-12-03T16:47:47.519+0000][7][gc,age      ] GC(246) - age  15:       6840 bytes,    4546056 total
[2025-12-03T16:47:47.519+0000][7][gc,phases   ] GC(246)   Pre Evacuate Collection Set: 4.2ms
[2025-12-03T16:47:47.519+0000][7][gc,phases   ] GC(246)   Merge Heap Roots: 0.3ms
[2025-12-03T16:47:47.519+0000][7][gc,phases   ] GC(246)   Evacuate Collection Set: 15.3ms
[2025-12-03T16:47:47.519+0000][7][gc,phases   ] GC(246)   Post Evacuate Collection Set: 8.4ms
[2025-12-03T16:47:47.519+0000][7][gc,phases   ] GC(246)   Other: 3.0ms
[2025-12-03T16:47:47.520+0000][7][gc,heap     ] GC(246) Eden regions: 61->0(61)
[2025-12-03T16:47:47.520+0000][7][gc,heap     ] GC(246) Survivor regions: 2->2(8)
[2025-12-03T16:47:47.520+0000][7][gc,heap     ] GC(246) Old regions: 38->38
[2025-12-03T16:47:47.520+0000][7][gc,heap     ] GC(246) Archive regions: 2->2
[2025-12-03T16:47:47.520+0000][7][gc,heap     ] GC(246) Humongous regions: 2->2
[2025-12-03T16:47:47.520+0000][7][gc,metaspace] GC(246) Metaspace: 115820K(117568K)->115820K(117568K) NonClass: 101041K(102016K)->101041K(102016K) Class: 14778K(15552K)->14778K(15552K)
[2025-12-03T16:47:47.520+0000][7][gc          ] GC(246) Pause Young (Concurrent Start) (G1 Evacuation Pause) 408M->165M(512M) 31.817ms
[2025-12-03T16:47:47.520+0000][7][gc,cpu      ] GC(246) User=0.13s Sys=0.01s Real=0.03s
[2025-12-03T16:47:47.520+0000][7][safepoint   ] Safepoint "G1CollectForAllocation", Time since last: 39411656976 ns, Reaching safepoint: 737042 ns, At safepoint: 32512833 ns, Total: 33249875 ns
[2025-12-03T16:47:47.520+0000][7][gc          ] GC(247) Concurrent Mark Cycle
[2025-12-03T16:47:47.521+0000][7][gc,marking  ] GC(247) Concurrent Clear Claimed Marks
[2025-12-03T16:47:47.521+0000][7][gc,marking  ] GC(247) Concurrent Clear Claimed Marks 0.299ms
[2025-12-03T16:47:47.521+0000][7][gc,marking  ] GC(247) Concurrent Scan Root Regions
[2025-12-03T16:47:47.525+0000][7][gc,marking  ] GC(247) Concurrent Scan Root Regions 3.789ms
[2025-12-03T16:47:47.525+0000][7][gc,marking  ] GC(247) Concurrent Mark
[2025-12-03T16:47:47.525+0000][7][gc,marking  ] GC(247) Concurrent Mark From Roots
[2025-12-03T16:47:47.525+0000][7][gc,task     ] GC(247) Using 2 workers of 2 for marking
[2025-12-03T16:47:47.596+0000][7][gc,marking  ] GC(247) Concurrent Mark From Roots 71.480ms
[2025-12-03T16:47:47.597+0000][7][gc,marking  ] GC(247) Concurrent Preclean
[2025-12-03T16:47:47.597+0000][7][gc,marking  ] GC(247) Concurrent Preclean 0.299ms
[2025-12-03T16:47:47.597+0000][7][gc,start    ] GC(247) Pause Remark
[2025-12-03T16:47:47.632+0000][7][gc          ] GC(247) Pause Remark 166M->166M(512M) 35.292ms
[2025-12-03T16:47:47.632+0000][7][gc,cpu      ] GC(247) User=0.21s Sys=0.00s Real=0.03s
[2025-12-03T16:47:47.633+0000][7][safepoint   ] Safepoint "G1Concurrent", Time since last: 76560500 ns, Reaching safepoint: 86834 ns, At safepoint: 35558166 ns, Total: 35645000 ns
[2025-12-03T16:47:47.633+0000][7][gc,marking  ] GC(247) Concurrent Mark 107.868ms
[2025-12-03T16:47:47.633+0000][7][gc,marking  ] GC(247) Concurrent Rebuild Remembered Sets
[2025-12-03T16:47:47.662+0000][7][gc,marking  ] GC(247) Concurrent Rebuild Remembered Sets 29.629ms
[2025-12-03T16:47:47.663+0000][7][gc,start    ] GC(247) Pause Cleanup
[2025-12-03T16:47:47.663+0000][7][gc          ] GC(247) Pause Cleanup 167M->167M(512M) 0.169ms
[2025-12-03T16:47:47.663+0000][7][gc,cpu      ] GC(247) User=0.01s Sys=0.00s Real=0.00s
[2025-12-03T16:47:47.663+0000][7][safepoint   ] Safepoint "G1Concurrent", Time since last: 29980750 ns, Reaching safepoint: 44209 ns, At safepoint: 323666 ns, Total: 367875 ns
[2025-12-03T16:47:47.663+0000][7][gc,marking  ] GC(247) Concurrent Cleanup for Next Mark
[2025-12-03T16:47:47.664+0000][7][gc,marking  ] GC(247) Concurrent Cleanup for Next Mark 1.474ms
[2025-12-03T16:47:47.665+0000][7][gc          ] GC(247) Concurrent Mark Cycle 144.096ms
[2025-12-03T16:48:23.767+0000][7][gc,start    ] GC(248) Pause Young (Normal) (G1 Evacuation Pause)
[2025-12-03T16:48:23.767+0000][7][gc,task     ] GC(248) Using 8 workers of 8 for evacuation
[2025-12-03T16:48:23.767+0000][7][gc,age      ] GC(248) Desired survivor size 16777216 bytes, new threshold 15 (max threshold 15)
[2025-12-03T16:48:23.783+0000][7][gc,age      ] GC(248) Age table with threshold 15 (max threshold 15)
[2025-12-03T16:48:23.783+0000][7][gc,age      ] GC(248) - age   1:    1304232 bytes,    1304232 total
[2025-12-03T16:48:23.783+0000][7][gc,age      ] GC(248) - age   2:     512912 bytes,    1817144 total
[2025-12-03T16:48:23.783+0000][7][gc,age      ] GC(248) - age   3:     398880 bytes,    2216024 total
[2025-12-03T16:48:23.783+0000][7][gc,age      ] GC(248) - age   4:     300600 bytes,    2516624 total
[2025-12-03T16:48:23.783+0000][7][gc,age      ] GC(248) - age   5:       9424 bytes,    2526048 total
[2025-12-03T16:48:23.783+0000][7][gc,age      ] GC(248) - age   6:     239280 bytes,    2765328 total
[2025-12-03T16:48:23.783+0000][7][gc,age      ] GC(248) - age   7:       8520 bytes,    2773848 total
[2025-12-03T16:48:23.783+0000][7][gc,age      ] GC(248) - age   8:      26616 bytes,    2800464 total
[2025-12-03T16:48:23.783+0000][7][gc,age      ] GC(248) - age   9:      87544 bytes,    2888008 total
[2025-12-03T16:48:23.783+0000][7][gc,age      ] GC(248) - age  10:     154144 bytes,    3042152 total
[2025-12-03T16:48:23.783+0000][7][gc,age      ] GC(248) - age  11:      70664 bytes,    3112816 total
[2025-12-03T16:48:23.783+0000][7][gc,age      ] GC(248) - age  12:      73896 bytes,    3186712 total
[2025-12-03T16:48:23.783+0000][7][gc,age      ] GC(248) - age  13:      37912 bytes,    3224624 total
[2025-12-03T16:48:23.783+0000][7][gc,age      ] GC(248) - age  14:     433544 bytes,    3658168 total
[2025-12-03T16:48:23.783+0000][7][gc,age      ] GC(248) - age  15:      47008 bytes,    3705176 total
[2025-12-03T16:48:23.783+0000][7][gc,phases   ] GC(248)   Pre Evacuate Collection Set: 0.3ms
[2025-12-03T16:48:23.783+0000][7][gc,phases   ] GC(248)   Merge Heap Roots: 0.2ms
[2025-12-03T16:48:23.783+0000][7][gc,phases   ] GC(248)   Evacuate Collection Set: 12.9ms
[2025-12-03T16:48:23.783+0000][7][gc,phases   ] GC(248)   Post Evacuate Collection Set: 2.0ms
[2025-12-03T16:48:23.783+0000][7][gc,phases   ] GC(248)   Other: 1.6ms
[2025-12-03T16:48:23.783+0000][7][gc,heap     ] GC(248) Eden regions: 61->0(63)
[2025-12-03T16:48:23.783+0000][7][gc,heap     ] GC(248) Survivor regions: 2->1(8)
[2025-12-03T16:48:23.783+0000][7][gc,heap     ] GC(248) Old regions: 38->38
[2025-12-03T16:48:23.783+0000][7][gc,heap     ] GC(248) Archive regions: 2->2
[2025-12-03T16:48:23.783+0000][7][gc,heap     ] GC(248) Humongous regions: 2->2
[2025-12-03T16:48:23.783+0000][7][gc,metaspace] GC(248) Metaspace: 115820K(117568K)->115820K(117568K) NonClass: 101041K(102016K)->101041K(102016K) Class: 14778K(15552K)->14778K(15552K)
[2025-12-03T16:48:23.784+0000][7][gc          ] GC(248) Pause Young (Normal) (G1 Evacuation Pause) 409M->164M(512M) 17.046ms
[2025-12-03T16:48:23.784+0000][7][gc,cpu      ] GC(248) User=0.11s Sys=0.00s Real=0.02s
[2025-12-03T16:48:23.784+0000][7][safepoint   ] Safepoint "G1CollectForAllocation", Time since last: 36101755141 ns, Reaching safepoint: 171375 ns, At safepoint: 17276292 ns, Total: 17447667 ns
[2025-12-03T16:49:05.803+0000][7][gc,start    ] GC(249) Pause Young (Concurrent Start) (G1 Evacuation Pause)
[2025-12-03T16:49:05.806+0000][7][gc,task     ] GC(249) Using 8 workers of 8 for evacuation
[2025-12-03T16:49:05.808+0000][7][gc,age      ] GC(249) Desired survivor size 16777216 bytes, new threshold 15 (max threshold 15)
[2025-12-03T16:49:05.843+0000][7][gc,age      ] GC(249) Age table with threshold 15 (max threshold 15)
[2025-12-03T16:49:05.843+0000][7][gc,age      ] GC(249) - age   1:    2318640 bytes,    2318640 total
[2025-12-03T16:49:05.843+0000][7][gc,age      ] GC(249) - age   2:     207840 bytes,    2526480 total
[2025-12-03T16:49:05.843+0000][7][gc,age      ] GC(249) - age   3:     510712 bytes,    3037192 total
[2025-12-03T16:49:05.843+0000][7][gc,age      ] GC(249) - age   4:     398048 bytes,    3435240 total
[2025-12-03T16:49:05.843+0000][7][gc,age      ] GC(249) - age   5:     300264 bytes,    3735504 total
[2025-12-03T16:49:05.843+0000][7][gc,age      ] GC(249) - age   6:       8536 bytes,    3744040 total
[2025-12-03T16:49:05.843+0000][7][gc,age      ] GC(249) - age   7:     239280 bytes,    3983320 total
[2025-12-03T16:49:05.843+0000][7][gc,age      ] GC(249) - age   8:       8520 bytes,    3991840 total
[2025-12-03T16:49:05.843+0000][7][gc,age      ] GC(249) - age   9:      26616 bytes,    4018456 total
[2025-12-03T16:49:05.843+0000][7][gc,age      ] GC(249) - age  10:      87416 bytes,    4105872 total
[2025-12-03T16:49:05.844+0000][7][gc,age      ] GC(249) - age  11:     154080 bytes,    4259952 total
[2025-12-03T16:49:05.844+0000][7][gc,age      ] GC(249) - age  12:      70664 bytes,    4330616 total
[2025-12-03T16:49:05.844+0000][7][gc,age      ] GC(249) - age  13:      73896 bytes,    4404512 total
[2025-12-03T16:49:05.844+0000][7][gc,age      ] GC(249) - age  14:      37912 bytes,    4442424 total
[2025-12-03T16:49:05.844+0000][7][gc,age      ] GC(249) - age  15:     433544 bytes,    4875968 total
[2025-12-03T16:49:05.844+0000][7][gc,phases   ] GC(249)   Pre Evacuate Collection Set: 4.4ms
[2025-12-03T16:49:05.844+0000][7][gc,phases   ] GC(249)   Merge Heap Roots: 0.2ms
[2025-12-03T16:49:05.844+0000][7][gc,phases   ] GC(249)   Evacuate Collection Set: 22.9ms
[2025-12-03T16:49:05.844+0000][7][gc,phases   ] GC(249)   Post Evacuate Collection Set: 7.2ms
[2025-12-03T16:49:05.844+0000][7][gc,phases   ] GC(249)   Other: 7.7ms
[2025-12-03T16:49:05.845+0000][7][gc,heap     ] GC(249) Eden regions: 63->0(62)
[2025-12-03T16:49:05.845+0000][7][gc,heap     ] GC(249) Survivor regions: 1->2(8)
[2025-12-03T16:49:05.845+0000][7][gc,heap     ] GC(249) Old regions: 38->38
[2025-12-03T16:49:05.845+0000][7][gc,heap     ] GC(249) Archive regions: 2->2
[2025-12-03T16:49:05.845+0000][7][gc,heap     ] GC(249) Humongous regions: 2->2
[2025-12-03T16:49:05.846+0000][7][gc,metaspace] GC(249) Metaspace: 115820K(117568K)->115820K(117568K) NonClass: 101041K(102016K)->101041K(102016K) Class: 14778K(15552K)->14778K(15552K)
[2025-12-03T16:49:05.846+0000][7][gc          ] GC(249) Pause Young (Concurrent Start) (G1 Evacuation Pause) 416M->165M(512M) 42.779ms
[2025-12-03T16:49:05.846+0000][7][gc,cpu      ] GC(249) User=0.12s Sys=0.01s Real=0.04s
[2025-12-03T16:49:05.846+0000][7][safepoint   ] Safepoint "G1CollectForAllocation", Time since last: 42013453144 ns, Reaching safepoint: 3703084 ns, At safepoint: 45011208 ns, Total: 48714292 ns
[2025-12-03T16:49:05.847+0000][7][gc          ] GC(250) Concurrent Mark Cycle
[2025-12-03T16:49:05.848+0000][7][gc,marking  ] GC(250) Concurrent Clear Claimed Marks
[2025-12-03T16:49:05.848+0000][7][gc,marking  ] GC(250) Concurrent Clear Claimed Marks 0.475ms
[2025-12-03T16:49:05.848+0000][7][gc,marking  ] GC(250) Concurrent Scan Root Regions
[2025-12-03T16:49:05.873+0000][7][gc,marking  ] GC(250) Concurrent Scan Root Regions 24.289ms
[2025-12-03T16:49:05.873+0000][7][gc,marking  ] GC(250) Concurrent Mark
[2025-12-03T16:49:05.873+0000][7][gc,marking  ] GC(250) Concurrent Mark From Roots
[2025-12-03T16:49:05.873+0000][7][gc,task     ] GC(250) Using 2 workers of 2 for marking
[2025-12-03T16:49:05.959+0000][7][gc,marking  ] GC(250) Concurrent Mark From Roots 85.914ms
[2025-12-03T16:49:05.959+0000][7][gc,marking  ] GC(250) Concurrent Preclean
[2025-12-03T16:49:05.959+0000][7][gc,marking  ] GC(250) Concurrent Preclean 0.459ms
[2025-12-03T16:49:05.960+0000][7][gc,start    ] GC(250) Pause Remark
[2025-12-03T16:49:06.011+0000][7][gc          ] GC(250) Pause Remark 171M->171M(512M) 50.753ms
[2025-12-03T16:49:06.011+0000][7][gc,cpu      ] GC(250) User=0.25s Sys=0.02s Real=0.05s
[2025-12-03T16:49:06.011+0000][7][safepoint   ] Safepoint "G1Concurrent", Time since last: 113234917 ns, Reaching safepoint: 118875 ns, At safepoint: 51163125 ns, Total: 51282000 ns
[2025-12-03T16:49:06.011+0000][7][gc,marking  ] GC(250) Concurrent Mark 138.385ms
[2025-12-03T16:49:06.011+0000][7][gc,marking  ] GC(250) Concurrent Rebuild Remembered Sets
[2025-12-03T16:49:06.045+0000][7][gc,marking  ] GC(250) Concurrent Rebuild Remembered Sets 33.192ms
[2025-12-03T16:49:06.045+0000][7][gc,start    ] GC(250) Pause Cleanup
[2025-12-03T16:49:06.045+0000][7][gc          ] GC(250) Pause Cleanup 171M->171M(512M) 0.196ms
[2025-12-03T16:49:06.045+0000][7][gc,cpu      ] GC(250) User=0.00s Sys=0.00s Real=0.00s
[2025-12-03T16:49:06.045+0000][7][safepoint   ] Safepoint "G1Concurrent", Time since last: 33650375 ns, Reaching safepoint: 134625 ns, At safepoint: 368791 ns, Total: 503416 ns
[2025-12-03T16:49:06.045+0000][7][gc,marking  ] GC(250) Concurrent Cleanup for Next Mark
[2025-12-03T16:49:06.047+0000][7][gc,marking  ] GC(250) Concurrent Cleanup for Next Mark 1.625ms
[2025-12-03T16:49:06.047+0000][7][gc          ] GC(250) Concurrent Mark Cycle 199.599ms
[2025-12-03T16:49:11.048+0000][7][safepoint   ] Safepoint "Cleanup", Time since last: 5002832753 ns, Reaching safepoint: 176958 ns, At safepoint: 6417 ns, Total: 183375 ns
[2025-12-03T16:49:27.073+0000][7][safepoint   ] Safepoint "Cleanup", Time since last: 16024781674 ns, Reaching safepoint: 336125 ns, At safepoint: 80542 ns, Total: 416667 ns
[2025-12-03T16:49:43.098+0000][7][safepoint   ] Safepoint "Cleanup", Time since last: 16021743299 ns, Reaching safepoint: 381291 ns, At safepoint: 78875 ns, Total: 460166 ns
[2025-12-03T16:49:44.875+0000][7][gc,start    ] GC(251) Pause Young (Normal) (G1 Evacuation Pause)
[2025-12-03T16:49:44.875+0000][7][gc,task     ] GC(251) Using 8 workers of 8 for evacuation
[2025-12-03T16:49:44.875+0000][7][gc,age      ] GC(251) Desired survivor size 16777216 bytes, new threshold 15 (max threshold 15)
[2025-12-03T16:49:44.883+0000][7][gc,age      ] GC(251) Age table with threshold 15 (max threshold 15)
[2025-12-03T16:49:44.883+0000][7][gc,age      ] GC(251) - age   1:    2518280 bytes,    2518280 total
[2025-12-03T16:49:44.883+0000][7][gc,age      ] GC(251) - age   2:     155336 bytes,    2673616 total
[2025-12-03T16:49:44.883+0000][7][gc,age      ] GC(251) - age   3:     205840 bytes,    2879456 total
[2025-12-03T16:49:44.883+0000][7][gc,age      ] GC(251) - age   4:      11584 bytes,    2891040 total
[2025-12-03T16:49:44.883+0000][7][gc,age      ] GC(251) - age   5:     266768 bytes,    3157808 total
[2025-12-03T16:49:44.883+0000][7][gc,age      ] GC(251) - age   6:     300264 bytes,    3458072 total
[2025-12-03T16:49:44.883+0000][7][gc,age      ] GC(251) - age   7:       8536 bytes,    3466608 total
[2025-12-03T16:49:44.883+0000][7][gc,age      ] GC(251) - age   8:     108192 bytes,    3574800 total
[2025-12-03T16:49:44.883+0000][7][gc,age      ] GC(251) - age   9:       8456 bytes,    3583256 total
[2025-12-03T16:49:44.883+0000][7][gc,age      ] GC(251) - age  10:      26616 bytes,    3609872 total
[2025-12-03T16:49:44.883+0000][7][gc,age      ] GC(251) - age  11:      87416 bytes,    3697288 total
[2025-12-03T16:49:44.883+0000][7][gc,age      ] GC(251) - age  12:     154040 bytes,    3851328 total
[2025-12-03T16:49:44.883+0000][7][gc,age      ] GC(251) - age  13:      70664 bytes,    3921992 total
[2025-12-03T16:49:44.883+0000][7][gc,age      ] GC(251) - age  14:      73896 bytes,    3995888 total
[2025-12-03T16:49:44.883+0000][7][gc,age      ] GC(251) - age  15:      37912 bytes,    4033800 total
[2025-12-03T16:49:44.884+0000][7][gc,phases   ] GC(251)   Pre Evacuate Collection Set: 0.3ms
[2025-12-03T16:49:44.884+0000][7][gc,phases   ] GC(251)   Merge Heap Roots: 0.2ms
[2025-12-03T16:49:44.884+0000][7][gc,phases   ] GC(251)   Evacuate Collection Set: 5.3ms
[2025-12-03T16:49:44.884+0000][7][gc,phases   ] GC(251)   Post Evacuate Collection Set: 1.8ms
[2025-12-03T16:49:44.884+0000][7][gc,phases   ] GC(251)   Other: 1.3ms
[2025-12-03T16:49:44.884+0000][7][gc,heap     ] GC(251) Eden regions: 62->0(61)
[2025-12-03T16:49:44.884+0000][7][gc,heap     ] GC(251) Survivor regions: 2->2(8)
[2025-12-03T16:49:44.884+0000][7][gc,heap     ] GC(251) Old regions: 38->38
[2025-12-03T16:49:44.884+0000][7][gc,heap     ] GC(251) Archive regions: 2->2
[2025-12-03T16:49:44.884+0000][7][gc,heap     ] GC(251) Humongous regions: 2->2
[2025-12-03T16:49:44.884+0000][7][gc,metaspace] GC(251) Metaspace: 115820K(117568K)->115820K(117568K) NonClass: 101041K(102016K)->101041K(102016K) Class: 14778K(15552K)->14778K(15552K)
[2025-12-03T16:49:44.885+0000][7][gc          ] GC(251) Pause Young (Normal) (G1 Evacuation Pause) 413M->165M(512M) 10.078ms
[2025-12-03T16:49:44.885+0000][7][gc,cpu      ] GC(251) User=0.04s Sys=0.00s Real=0.01s
[2025-12-03T16:49:44.885+0000][7][safepoint   ] Safepoint "G1CollectForAllocation", Time since last: 1776766710 ns, Reaching safepoint: 81208 ns, At safepoint: 10314250 ns, Total: 10395458 ns
[2025-12-03T16:50:26.875+0000][7][gc,start    ] GC(252) Pause Young (Concurrent Start) (G1 Evacuation Pause)
[2025-12-03T16:50:26.875+0000][7][gc,task     ] GC(252) Using 8 workers of 8 for evacuation
[2025-12-03T16:50:26.875+0000][7][gc,age      ] GC(252) Desired survivor size 16777216 bytes, new threshold 15 (max threshold 15)
[2025-12-03T16:50:26.899+0000][7][gc,age      ] GC(252) Age table with threshold 15 (max threshold 15)
[2025-12-03T16:50:26.899+0000][7][gc,age      ] GC(252) - age   1:    1931632 bytes,    1931632 total
[2025-12-03T16:50:26.899+0000][7][gc,age      ] GC(252) - age   2:    1421000 bytes,    3352632 total
[2025-12-03T16:50:26.900+0000][7][gc,age      ] GC(252) - age   3:      18616 bytes,    3371248 total
[2025-12-03T16:50:26.901+0000][7][gc,age      ] GC(252) - age   4:      74176 bytes,    3445424 total
[2025-12-03T16:50:26.901+0000][7][gc,age      ] GC(252) - age   5:      11168 bytes,    3456592 total
[2025-12-03T16:50:26.902+0000][7][gc,age      ] GC(252) - age   6:     266272 bytes,    3722864 total
[2025-12-03T16:50:26.902+0000][7][gc,age      ] GC(252) - age   7:     299824 bytes,    4022688 total
[2025-12-03T16:50:26.902+0000][7][gc,age      ] GC(252) - age   8:       8472 bytes,    4031160 total
[2025-12-03T16:50:26.902+0000][7][gc,age      ] GC(252) - age   9:     108064 bytes,    4139224 total
[2025-12-03T16:50:26.903+0000][7][gc,age      ] GC(252) - age  10:       8392 bytes,    4147616 total
[2025-12-03T16:50:26.903+0000][7][gc,age      ] GC(252) - age  11:      26616 bytes,    4174232 total
[2025-12-03T16:50:26.903+0000][7][gc,age      ] GC(252) - age  12:      87416 bytes,    4261648 total
[2025-12-03T16:50:26.903+0000][7][gc,age      ] GC(252) - age  13:     154040 bytes,    4415688 total
[2025-12-03T16:50:26.903+0000][7][gc,age      ] GC(252) - age  14:      70664 bytes,    4486352 total
[2025-12-03T16:50:26.903+0000][7][gc,age      ] GC(252) - age  15:      73896 bytes,    4560248 total
[2025-12-03T16:50:26.904+0000][7][gc,phases   ] GC(252)   Pre Evacuate Collection Set: 2.1ms
[2025-12-03T16:50:26.904+0000][7][gc,phases   ] GC(252)   Merge Heap Roots: 0.2ms
[2025-12-03T16:50:26.904+0000][7][gc,phases   ] GC(252)   Evacuate Collection Set: 19.3ms
[2025-12-03T16:50:26.904+0000][7][gc,phases   ] GC(252)   Post Evacuate Collection Set: 2.0ms
[2025-12-03T16:50:26.904+0000][7][gc,phases   ] GC(252)   Other: 5.3ms
[2025-12-03T16:50:26.904+0000][7][gc,heap     ] GC(252) Eden regions: 61->0(62)
[2025-12-03T16:50:26.904+0000][7][gc,heap     ] GC(252) Survivor regions: 2->2(8)
[2025-12-03T16:50:26.904+0000][7][gc,heap     ] GC(252) Old regions: 38->38
[2025-12-03T16:50:26.904+0000][7][gc,heap     ] GC(252) Archive regions: 2->2
[2025-12-03T16:50:26.904+0000][7][gc,heap     ] GC(252) Humongous regions: 2->2
[2025-12-03T16:50:26.905+0000][7][gc,metaspace] GC(252) Metaspace: 115821K(117568K)->115821K(117568K) NonClass: 101043K(102016K)->101043K(102016K) Class: 14778K(15552K)->14778K(15552K)
[2025-12-03T16:50:26.905+0000][7][gc          ] GC(252) Pause Young (Concurrent Start) (G1 Evacuation Pause) 409M->165M(512M) 29.871ms
[2025-12-03T16:50:26.906+0000][7][gc,cpu      ] GC(252) User=0.08s Sys=0.00s Real=0.03s
[2025-12-03T16:50:26.906+0000][7][safepoint   ] Safepoint "G1CollectForAllocation", Time since last: 41988605144 ns, Reaching safepoint: 259833 ns, At safepoint: 31162875 ns, Total: 31422708 ns
[2025-12-03T16:50:26.906+0000][7][gc          ] GC(253) Concurrent Mark Cycle
[2025-12-03T16:50:26.906+0000][7][gc,marking  ] GC(253) Concurrent Clear Claimed Marks
[2025-12-03T16:50:26.953+0000][7][gc,marking  ] GC(253) Concurrent Clear Claimed Marks 46.488ms
[2025-12-03T16:50:26.953+0000][7][gc,marking  ] GC(253) Concurrent Scan Root Regions
[2025-12-03T16:50:26.958+0000][7][gc,marking  ] GC(253) Concurrent Scan Root Regions 4.736ms
[2025-12-03T16:50:26.958+0000][7][gc,marking  ] GC(253) Concurrent Mark
[2025-12-03T16:50:26.958+0000][7][gc,marking  ] GC(253) Concurrent Mark From Roots
[2025-12-03T16:50:26.959+0000][7][gc,task     ] GC(253) Using 2 workers of 2 for marking
[2025-12-03T16:50:27.033+0000][7][gc,marking  ] GC(253) Concurrent Mark From Roots 74.177ms
[2025-12-03T16:50:27.033+0000][7][gc,marking  ] GC(253) Concurrent Preclean
[2025-12-03T16:50:27.033+0000][7][gc,marking  ] GC(253) Concurrent Preclean 0.303ms
[2025-12-03T16:50:27.033+0000][7][gc,start    ] GC(253) Pause Remark
[2025-12-03T16:50:27.051+0000][7][gc          ] GC(253) Pause Remark 170M->170M(512M) 17.954ms
[2025-12-03T16:50:27.051+0000][7][gc,cpu      ] GC(253) User=0.11s Sys=0.00s Real=0.02s
[2025-12-03T16:50:27.051+0000][7][safepoint   ] Safepoint "G1Concurrent", Time since last: 127197959 ns, Reaching safepoint: 49375 ns, At safepoint: 18165083 ns, Total: 18214458 ns
[2025-12-03T16:50:27.051+0000][7][gc,marking  ] GC(253) Concurrent Mark 93.229ms
[2025-12-03T16:50:27.051+0000][7][gc,marking  ] GC(253) Concurrent Rebuild Remembered Sets
[2025-12-03T16:50:27.081+0000][7][gc,marking  ] GC(253) Concurrent Rebuild Remembered Sets 29.487ms
[2025-12-03T16:50:27.081+0000][7][gc,start    ] GC(253) Pause Cleanup
[2025-12-03T16:50:27.081+0000][7][gc          ] GC(253) Pause Cleanup 170M->170M(512M) 0.152ms
[2025-12-03T16:50:27.081+0000][7][gc,cpu      ] GC(253) User=0.00s Sys=0.00s Real=0.00s
[2025-12-03T16:50:27.081+0000][7][safepoint   ] Safepoint "G1Concurrent", Time since last: 29759958 ns, Reaching safepoint: 80542 ns, At safepoint: 314000 ns, Total: 394542 ns
[2025-12-03T16:50:27.081+0000][7][gc,marking  ] GC(253) Concurrent Cleanup for Next Mark
[2025-12-03T16:50:27.083+0000][7][gc,marking  ] GC(253) Concurrent Cleanup for Next Mark 1.821ms
[2025-12-03T16:50:27.083+0000][7][gc          ] GC(253) Concurrent Mark Cycle 177.420ms
[2025-12-03T16:51:05.872+0000][7][gc,start    ] GC(254) Pause Young (Normal) (G1 Evacuation Pause)
[2025-12-03T16:51:05.873+0000][7][gc,task     ] GC(254) Using 8 workers of 8 for evacuation
[2025-12-03T16:51:05.873+0000][7][gc,age      ] GC(254) Desired survivor size 16777216 bytes, new threshold 15 (max threshold 15)
[2025-12-03T16:51:05.886+0000][7][gc,age      ] GC(254) Age table with threshold 15 (max threshold 15)
[2025-12-03T16:51:05.886+0000][7][gc,age      ] GC(254) - age   1:    5087672 bytes,    5087672 total
[2025-12-03T16:51:05.886+0000][7][gc,age      ] GC(254) - age   2:     341528 bytes,    5429200 total
[2025-12-03T16:51:05.887+0000][7][gc,age      ] GC(254) - age   3:    1156872 bytes,    6586072 total
[2025-12-03T16:51:05.887+0000][7][gc,age      ] GC(254) - age   4:      17912 bytes,    6603984 total
[2025-12-03T16:51:05.887+0000][7][gc,age      ] GC(254) - age   5:      74176 bytes,    6678160 total
[2025-12-03T16:51:05.887+0000][7][gc,age      ] GC(254) - age   6:      10680 bytes,    6688840 total
[2025-12-03T16:51:05.887+0000][7][gc,age      ] GC(254) - age   7:     266000 bytes,    6954840 total
[2025-12-03T16:51:05.887+0000][7][gc,age      ] GC(254) - age   8:     299568 bytes,    7254408 total
[2025-12-03T16:51:05.887+0000][7][gc,age      ] GC(254) - age   9:       8408 bytes,    7262816 total
[2025-12-03T16:51:05.887+0000][7][gc,age      ] GC(254) - age  10:     108064 bytes,    7370880 total
[2025-12-03T16:51:05.887+0000][7][gc,age      ] GC(254) - age  11:       8392 bytes,    7379272 total
[2025-12-03T16:51:05.887+0000][7][gc,age      ] GC(254) - age  12:      26552 bytes,    7405824 total
[2025-12-03T16:51:05.887+0000][7][gc,age      ] GC(254) - age  13:      87152 bytes,    7492976 total
[2025-12-03T16:51:05.887+0000][7][gc,age      ] GC(254) - age  14:     153976 bytes,    7646952 total
[2025-12-03T16:51:05.887+0000][7][gc,age      ] GC(254) - age  15:      70664 bytes,    7717616 total
[2025-12-03T16:51:05.888+0000][7][gc,phases   ] GC(254)   Pre Evacuate Collection Set: 0.6ms
[2025-12-03T16:51:05.888+0000][7][gc,phases   ] GC(254)   Merge Heap Roots: 0.3ms
[2025-12-03T16:51:05.888+0000][7][gc,phases   ] GC(254)   Evacuate Collection Set: 10.1ms
[2025-12-03T16:51:05.888+0000][7][gc,phases   ] GC(254)   Post Evacuate Collection Set: 2.4ms
[2025-12-03T16:51:05.888+0000][7][gc,phases   ] GC(254)   Other: 2.7ms
[2025-12-03T16:51:05.888+0000][7][gc,heap     ] GC(254) Eden regions: 62->0(61)
[2025-12-03T16:51:05.888+0000][7][gc,heap     ] GC(254) Survivor regions: 2->2(8)
[2025-12-03T16:51:05.888+0000][7][gc,heap     ] GC(254) Old regions: 38->38
[2025-12-03T16:51:05.888+0000][7][gc,heap     ] GC(254) Archive regions: 2->2
[2025-12-03T16:51:05.888+0000][7][gc,heap     ] GC(254) Humongous regions: 2->2
[2025-12-03T16:51:05.888+0000][7][gc,metaspace] GC(254) Metaspace: 115821K(117568K)->115821K(117568K) NonClass: 101043K(102016K)->101043K(102016K) Class: 14778K(15552K)->14778K(15552K)
[2025-12-03T16:51:05.888+0000][7][gc          ] GC(254) Pause Young (Normal) (G1 Evacuation Pause) 413M->168M(512M) 16.490ms
[2025-12-03T16:51:05.888+0000][7][gc,cpu      ] GC(254) User=0.07s Sys=0.00s Real=0.02s
[2025-12-03T16:51:05.888+0000][7][safepoint   ] Safepoint "G1CollectForAllocation", Time since last: 38788397351 ns, Reaching safepoint: 280792 ns, At safepoint: 16796833 ns, Total: 17077625 ns
[2025-12-03T16:51:44.953+0000][7][gc,start    ] GC(255) Pause Young (Concurrent Start) (G1 Evacuation Pause)
[2025-12-03T16:51:44.954+0000][7][gc,task     ] GC(255) Using 8 workers of 8 for evacuation
[2025-12-03T16:51:44.954+0000][7][gc,age      ] GC(255) Desired survivor size 16777216 bytes, new threshold 15 (max threshold 15)
[2025-12-03T16:51:44.966+0000][7][gc,age      ] GC(255) Age table with threshold 15 (max threshold 15)
[2025-12-03T16:51:44.967+0000][7][gc,age      ] GC(255) - age   1:    3438624 bytes,    3438624 total
[2025-12-03T16:51:44.967+0000][7][gc,age      ] GC(255) - age   2:    2899368 bytes,    6337992 total
[2025-12-03T16:51:44.967+0000][7][gc,age      ] GC(255) - age   3:      76248 bytes,    6414240 total
[2025-12-03T16:51:44.967+0000][7][gc,age      ] GC(255) - age   4:    1155632 bytes,    7569872 total
[2025-12-03T16:51:44.967+0000][7][gc,age      ] GC(255) - age   5:      17456 bytes,    7587328 total
[2025-12-03T16:51:44.967+0000][7][gc,age      ] GC(255) - age   6:      74176 bytes,    7661504 total
[2025-12-03T16:51:44.967+0000][7][gc,age      ] GC(255) - age   7:      10384 bytes,    7671888 total
[2025-12-03T16:51:44.967+0000][7][gc,age      ] GC(255) - age   8:     266000 bytes,    7937888 total
[2025-12-03T16:51:44.967+0000][7][gc,age      ] GC(255) - age   9:     299568 bytes,    8237456 total
[2025-12-03T16:51:44.967+0000][7][gc,age      ] GC(255) - age  10:       8344 bytes,    8245800 total
[2025-12-03T16:51:44.967+0000][7][gc,age      ] GC(255) - age  11:     108064 bytes,    8353864 total
[2025-12-03T16:51:44.967+0000][7][gc,age      ] GC(255) - age  12:       8392 bytes,    8362256 total
[2025-12-03T16:51:44.967+0000][7][gc,age      ] GC(255) - age  13:      26552 bytes,    8388808 total
[2025-12-03T16:51:44.967+0000][7][gc,age      ] GC(255) - age  14:      87024 bytes,    8475832 total
[2025-12-03T16:51:44.967+0000][7][gc,age      ] GC(255) - age  15:     153976 bytes,    8629808 total
[2025-12-03T16:51:44.967+0000][7][gc,phases   ] GC(255)   Pre Evacuate Collection Set: 2.4ms
[2025-12-03T16:51:44.968+0000][7][gc,phases   ] GC(255)   Merge Heap Roots: 0.2ms
[2025-12-03T16:51:44.968+0000][7][gc,phases   ] GC(255)   Evacuate Collection Set: 8.3ms
[2025-12-03T16:51:44.968+0000][7][gc,phases   ] GC(255)   Post Evacuate Collection Set: 1.5ms
[2025-12-03T16:51:44.968+0000][7][gc,phases   ] GC(255)   Other: 1.9ms
[2025-12-03T16:51:44.968+0000][7][gc,heap     ] GC(255) Eden regions: 61->0(60)
[2025-12-03T16:51:44.968+0000][7][gc,heap     ] GC(255) Survivor regions: 2->3(8)
[2025-12-03T16:51:44.968+0000][7][gc,heap     ] GC(255) Old regions: 38->38
[2025-12-03T16:51:44.968+0000][7][gc,heap     ] GC(255) Archive regions: 2->2
[2025-12-03T16:51:44.968+0000][7][gc,heap     ] GC(255) Humongous regions: 2->2
[2025-12-03T16:51:44.968+0000][7][gc,metaspace] GC(255) Metaspace: 115844K(117568K)->115844K(117568K) NonClass: 101065K(102016K)->101065K(102016K) Class: 14778K(15552K)->14778K(15552K)
[2025-12-03T16:51:44.968+0000][7][gc          ] GC(255) Pause Young (Concurrent Start) (G1 Evacuation Pause) 412M->169M(512M) 14.705ms
[2025-12-03T16:51:44.968+0000][7][gc,cpu      ] GC(255) User=0.07s Sys=0.00s Real=0.01s
[2025-12-03T16:51:44.968+0000][7][safepoint   ] Safepoint "G1CollectForAllocation", Time since last: 39063731602 ns, Reaching safepoint: 292041 ns, At safepoint: 15080792 ns, Total: 15372833 ns
[2025-12-03T16:51:44.968+0000][7][gc          ] GC(256) Concurrent Mark Cycle
[2025-12-03T16:51:44.968+0000][7][gc,marking  ] GC(256) Concurrent Clear Claimed Marks
[2025-12-03T16:51:44.968+0000][7][gc,marking  ] GC(256) Concurrent Clear Claimed Marks 0.155ms
[2025-12-03T16:51:44.968+0000][7][gc,marking  ] GC(256) Concurrent Scan Root Regions
[2025-12-03T16:51:44.972+0000][7][gc,marking  ] GC(256) Concurrent Scan Root Regions 3.617ms
[2025-12-03T16:51:44.972+0000][7][gc,marking  ] GC(256) Concurrent Mark
[2025-12-03T16:51:44.972+0000][7][gc,marking  ] GC(256) Concurrent Mark From Roots
[2025-12-03T16:51:44.972+0000][7][gc,task     ] GC(256) Using 2 workers of 2 for marking
[2025-12-03T16:51:45.038+0000][7][gc,marking  ] GC(256) Concurrent Mark From Roots 65.279ms
[2025-12-03T16:51:45.038+0000][7][gc,marking  ] GC(256) Concurrent Preclean
[2025-12-03T16:51:45.038+0000][7][gc,marking  ] GC(256) Concurrent Preclean 0.243ms
[2025-12-03T16:51:45.038+0000][7][gc,start    ] GC(256) Pause Remark
[2025-12-03T16:51:45.057+0000][7][gc          ] GC(256) Pause Remark 179M->179M(512M) 18.379ms
[2025-12-03T16:51:45.057+0000][7][gc,cpu      ] GC(256) User=0.12s Sys=0.00s Real=0.02s
[2025-12-03T16:51:45.057+0000][7][safepoint   ] Safepoint "G1Concurrent", Time since last: 69817208 ns, Reaching safepoint: 176459 ns, At safepoint: 18598875 ns, Total: 18775334 ns
[2025-12-03T16:51:45.057+0000][7][gc,marking  ] GC(256) Concurrent Mark 84.638ms
[2025-12-03T16:51:45.057+0000][7][gc,marking  ] GC(256) Concurrent Rebuild Remembered Sets
[2025-12-03T16:51:45.088+0000][7][gc,marking  ] GC(256) Concurrent Rebuild Remembered Sets 30.719ms
[2025-12-03T16:51:45.088+0000][7][gc,start    ] GC(256) Pause Cleanup
[2025-12-03T16:51:45.088+0000][7][gc          ] GC(256) Pause Cleanup 180M->180M(512M) 0.134ms
[2025-12-03T16:51:45.088+0000][7][gc,cpu      ] GC(256) User=0.00s Sys=0.00s Real=0.00s
[2025-12-03T16:51:45.088+0000][7][safepoint   ] Safepoint "G1Concurrent", Time since last: 31027791 ns, Reaching safepoint: 56584 ns, At safepoint: 299833 ns, Total: 356417 ns
[2025-12-03T16:51:45.088+0000][7][gc,marking  ] GC(256) Concurrent Cleanup for Next Mark
[2025-12-03T16:51:45.090+0000][7][gc,marking  ] GC(256) Concurrent Cleanup for Next Mark 1.507ms
[2025-12-03T16:51:45.090+0000][7][gc          ] GC(256) Concurrent Mark Cycle 121.670ms
[2025-12-03T16:52:24.959+0000][7][gc,start    ] GC(257) Pause Young (Normal) (G1 Evacuation Pause)
[2025-12-03T16:52:24.960+0000][7][gc,task     ] GC(257) Using 8 workers of 8 for evacuation
[2025-12-03T16:52:24.961+0000][7][gc,age      ] GC(257) Desired survivor size 16777216 bytes, new threshold 15 (max threshold 15)
[2025-12-03T16:52:24.981+0000][7][gc,age      ] GC(257) Age table with threshold 15 (max threshold 15)
[2025-12-03T16:52:24.981+0000][7][gc,age      ] GC(257) - age   1:    2202288 bytes,    2202288 total
[2025-12-03T16:52:24.981+0000][7][gc,age      ] GC(257) - age   2:     147296 bytes,    2349584 total
[2025-12-03T16:52:24.981+0000][7][gc,age      ] GC(257) - age   3:    2764792 bytes,    5114376 total
[2025-12-03T16:52:24.982+0000][7][gc,age      ] GC(257) - age   4:      75488 bytes,    5189864 total
[2025-12-03T16:52:24.982+0000][7][gc,age      ] GC(257) - age   5:     657128 bytes,    5846992 total
[2025-12-03T16:52:24.982+0000][7][gc,age      ] GC(257) - age   6:      17392 bytes,    5864384 total
[2025-12-03T16:52:24.982+0000][7][gc,age      ] GC(257) - age   7:      74176 bytes,    5938560 total
[2025-12-03T16:52:24.982+0000][7][gc,age      ] GC(257) - age   8:      10384 bytes,    5948944 total
[2025-12-03T16:52:24.982+0000][7][gc,age      ] GC(257) - age   9:     266000 bytes,    6214944 total
[2025-12-03T16:52:24.982+0000][7][gc,age      ] GC(257) - age  10:     299368 bytes,    6514312 total
[2025-12-03T16:52:24.982+0000][7][gc,age      ] GC(257) - age  11:       8280 bytes,    6522592 total
[2025-12-03T16:52:24.982+0000][7][gc,age      ] GC(257) - age  12:     108064 bytes,    6630656 total
[2025-12-03T16:52:24.982+0000][7][gc,age      ] GC(257) - age  13:       8392 bytes,    6639048 total
[2025-12-03T16:52:24.982+0000][7][gc,age      ] GC(257) - age  14:      26552 bytes,    6665600 total
[2025-12-03T16:52:24.982+0000][7][gc,age      ] GC(257) - age  15:      86960 bytes,    6752560 total
[2025-12-03T16:52:24.982+0000][7][gc,phases   ] GC(257)   Pre Evacuate Collection Set: 1.1ms
[2025-12-03T16:52:24.982+0000][7][gc,phases   ] GC(257)   Merge Heap Roots: 0.4ms
[2025-12-03T16:52:24.983+0000][7][gc,phases   ] GC(257)   Evacuate Collection Set: 15.9ms
[2025-12-03T16:52:24.983+0000][7][gc,phases   ] GC(257)   Post Evacuate Collection Set: 2.9ms
[2025-12-03T16:52:24.983+0000][7][gc,phases   ] GC(257)   Other: 3.8ms
[2025-12-03T16:52:24.983+0000][7][gc,heap     ] GC(257) Eden regions: 60->0(61)
[2025-12-03T16:52:24.983+0000][7][gc,heap     ] GC(257) Survivor regions: 3->2(8)
[2025-12-03T16:52:24.983+0000][7][gc,heap     ] GC(257) Old regions: 38->38
[2025-12-03T16:52:24.983+0000][7][gc,heap     ] GC(257) Archive regions: 2->2
[2025-12-03T16:52:24.983+0000][7][gc,heap     ] GC(257) Humongous regions: 2->2
[2025-12-03T16:52:24.983+0000][7][gc,metaspace] GC(257) Metaspace: 115844K(117568K)->115844K(117568K) NonClass: 101065K(102016K)->101065K(102016K) Class: 14778K(15552K)->14778K(15552K)
[2025-12-03T16:52:24.983+0000][7][gc          ] GC(257) Pause Young (Normal) (G1 Evacuation Pause) 409M->168M(512M) 24.355ms
[2025-12-03T16:52:24.983+0000][7][gc,cpu      ] GC(257) User=0.12s Sys=0.00s Real=0.02s
[2025-12-03T16:52:24.983+0000][7][safepoint   ] Safepoint "G1CollectForAllocation", Time since last: 39868156768 ns, Reaching safepoint: 828792 ns, At safepoint: 25110458 ns, Total: 25939250 ns
[2025-12-03T16:53:06.059+0000][7][gc,start    ] GC(258) Pause Young (Concurrent Start) (G1 Evacuation Pause)
[2025-12-03T16:53:06.060+0000][7][gc,task     ] GC(258) Using 8 workers of 8 for evacuation
[2025-12-03T16:53:06.060+0000][7][gc,age      ] GC(258) Desired survivor size 16777216 bytes, new threshold 15 (max threshold 15)
[2025-12-03T16:53:06.077+0000][7][gc,age      ] GC(258) Age table with threshold 15 (max threshold 15)
[2025-12-03T16:53:06.077+0000][7][gc,age      ] GC(258) - age   1:    2056352 bytes,    2056352 total
[2025-12-03T16:53:06.077+0000][7][gc,age      ] GC(258) - age   2:    1030064 bytes,    3086416 total
[2025-12-03T16:53:06.077+0000][7][gc,age      ] GC(258) - age   3:     140872 bytes,    3227288 total
[2025-12-03T16:53:06.078+0000][7][gc,age      ] GC(258) - age   4:    2632840 bytes,    5860128 total
[2025-12-03T16:53:06.078+0000][7][gc,age      ] GC(258) - age   5:      75424 bytes,    5935552 total
[2025-12-03T16:53:06.078+0000][7][gc,age      ] GC(258) - age   6:     657128 bytes,    6592680 total
[2025-12-03T16:53:06.078+0000][7][gc,age      ] GC(258) - age   7:      17392 bytes,    6610072 total
[2025-12-03T16:53:06.078+0000][7][gc,age      ] GC(258) - age   8:      73792 bytes,    6683864 total
[2025-12-03T16:53:06.078+0000][7][gc,age      ] GC(258) - age   9:      10320 bytes,    6694184 total
[2025-12-03T16:53:06.078+0000][7][gc,age      ] GC(258) - age  10:     266000 bytes,    6960184 total
[2025-12-03T16:53:06.078+0000][7][gc,age      ] GC(258) - age  11:     299368 bytes,    7259552 total
[2025-12-03T16:53:06.078+0000][7][gc,age      ] GC(258) - age  12:       8280 bytes,    7267832 total
[2025-12-03T16:53:06.078+0000][7][gc,age      ] GC(258) - age  13:     108064 bytes,    7375896 total
[2025-12-03T16:53:06.078+0000][7][gc,age      ] GC(258) - age  14:       8392 bytes,    7384288 total
[2025-12-03T16:53:06.078+0000][7][gc,age      ] GC(258) - age  15:      26552 bytes,    7410840 total
[2025-12-03T16:53:06.078+0000][7][gc,phases   ] GC(258)   Pre Evacuate Collection Set: 3.2ms
[2025-12-03T16:53:06.078+0000][7][gc,phases   ] GC(258)   Merge Heap Roots: 0.2ms
[2025-12-03T16:53:06.078+0000][7][gc,phases   ] GC(258)   Evacuate Collection Set: 11.8ms
[2025-12-03T16:53:06.078+0000][7][gc,phases   ] GC(258)   Post Evacuate Collection Set: 1.6ms
[2025-12-03T16:53:06.078+0000][7][gc,phases   ] GC(258)   Other: 2.2ms
[2025-12-03T16:53:06.078+0000][7][gc,heap     ] GC(258) Eden regions: 61->0(61)
[2025-12-03T16:53:06.079+0000][7][gc,heap     ] GC(258) Survivor regions: 2->2(8)
[2025-12-03T16:53:06.079+0000][7][gc,heap     ] GC(258) Old regions: 38->38
[2025-12-03T16:53:06.079+0000][7][gc,heap     ] GC(258) Archive regions: 2->2
[2025-12-03T16:53:06.079+0000][7][gc,heap     ] GC(258) Humongous regions: 2->2
[2025-12-03T16:53:06.079+0000][7][gc,metaspace] GC(258) Metaspace: 115844K(117568K)->115844K(117568K) NonClass: 101065K(102016K)->101065K(102016K) Class: 14778K(15552K)->14778K(15552K)
[2025-12-03T16:53:06.079+0000][7][gc          ] GC(258) Pause Young (Concurrent Start) (G1 Evacuation Pause) 412M->168M(512M) 19.411ms
[2025-12-03T16:53:06.079+0000][7][gc,cpu      ] GC(258) User=0.09s Sys=0.00s Real=0.02s
[2025-12-03T16:53:06.079+0000][7][safepoint   ] Safepoint "G1CollectForAllocation", Time since last: 41073231893 ns, Reaching safepoint: 498167 ns, At safepoint: 19774750 ns, Total: 20272917 ns
[2025-12-03T16:53:06.079+0000][7][gc          ] GC(259) Concurrent Mark Cycle
[2025-12-03T16:53:06.079+0000][7][gc,marking  ] GC(259) Concurrent Clear Claimed Marks
[2025-12-03T16:53:06.079+0000][7][gc,marking  ] GC(259) Concurrent Clear Claimed Marks 0.140ms
[2025-12-03T16:53:06.079+0000][7][gc,marking  ] GC(259) Concurrent Scan Root Regions
[2025-12-03T16:53:06.083+0000][7][gc,marking  ] GC(259) Concurrent Scan Root Regions 3.149ms
[2025-12-03T16:53:06.083+0000][7][gc,marking  ] GC(259) Concurrent Mark
[2025-12-03T16:53:06.083+0000][7][gc,marking  ] GC(259) Concurrent Mark From Roots
[2025-12-03T16:53:06.083+0000][7][gc,task     ] GC(259) Using 2 workers of 2 for marking
[2025-12-03T16:53:06.144+0000][7][gc,marking  ] GC(259) Concurrent Mark From Roots 61.619ms
[2025-12-03T16:53:06.144+0000][7][gc,marking  ] GC(259) Concurrent Preclean
[2025-12-03T16:53:06.145+0000][7][gc,marking  ] GC(259) Concurrent Preclean 0.252ms
[2025-12-03T16:53:06.145+0000][7][gc,start    ] GC(259) Pause Remark
[2025-12-03T16:53:06.178+0000][7][gc          ] GC(259) Pause Remark 172M->172M(512M) 33.621ms
[2025-12-03T16:53:06.179+0000][7][gc,cpu      ] GC(259) User=0.25s Sys=0.00s Real=0.04s
[2025-12-03T16:53:06.179+0000][7][safepoint   ] Safepoint "G1Concurrent", Time since last: 65763583 ns, Reaching safepoint: 42000 ns, At safepoint: 33884375 ns, Total: 33926375 ns
[2025-12-03T16:53:06.179+0000][7][gc,marking  ] GC(259) Concurrent Mark 96.084ms
[2025-12-03T16:53:06.179+0000][7][gc,marking  ] GC(259) Concurrent Rebuild Remembered Sets
[2025-12-03T16:53:06.215+0000][7][gc,marking  ] GC(259) Concurrent Rebuild Remembered Sets 36.502ms
[2025-12-03T16:53:06.216+0000][7][gc,start    ] GC(259) Pause Cleanup
[2025-12-03T16:53:06.216+0000][7][gc          ] GC(259) Pause Cleanup 179M->179M(512M) 0.104ms
[2025-12-03T16:53:06.216+0000][7][gc,cpu      ] GC(259) User=0.00s Sys=0.00s Real=0.00s
[2025-12-03T16:53:06.216+0000][7][safepoint   ] Safepoint "G1Concurrent", Time since last: 36745000 ns, Reaching safepoint: 55125 ns, At safepoint: 217667 ns, Total: 272792 ns
[2025-12-03T16:53:06.216+0000][7][gc,marking  ] GC(259) Concurrent Cleanup for Next Mark
[2025-12-03T16:53:06.217+0000][7][gc,marking  ] GC(259) Concurrent Cleanup for Next Mark 1.547ms
[2025-12-03T16:53:06.217+0000][7][gc          ] GC(259) Concurrent Mark Cycle 138.338ms
[2025-12-03T16:53:39.400+0000][7][gc,start    ] GC(260) Pause Young (Normal) (G1 Evacuation Pause)
[2025-12-03T16:53:39.400+0000][7][gc,task     ] GC(260) Using 8 workers of 8 for evacuation
[2025-12-03T16:53:39.400+0000][7][gc,age      ] GC(260) Desired survivor size 16777216 bytes, new threshold 15 (max threshold 15)
[2025-12-03T16:53:39.410+0000][7][gc,age      ] GC(260) Age table with threshold 15 (max threshold 15)
[2025-12-03T16:53:39.410+0000][7][gc,age      ] GC(260) - age   1:    2571840 bytes,    2571840 total
[2025-12-03T16:53:39.410+0000][7][gc,age      ] GC(260) - age   2:     391976 bytes,    2963816 total
[2025-12-03T16:53:39.410+0000][7][gc,age      ] GC(260) - age   3:    1027792 bytes,    3991608 total
[2025-12-03T16:53:39.410+0000][7][gc,age      ] GC(260) - age   4:     140360 bytes,    4131968 total
[2025-12-03T16:53:39.410+0000][7][gc,age      ] GC(260) - age   5:    2632400 bytes,    6764368 total
[2025-12-03T16:53:39.410+0000][7][gc,age      ] GC(260) - age   6:      75392 bytes,    6839760 total
[2025-12-03T16:53:39.410+0000][7][gc,age      ] GC(260) - age   7:     657128 bytes,    7496888 total
[2025-12-03T16:53:39.410+0000][7][gc,age      ] GC(260) - age   8:      17120 bytes,    7514008 total
[2025-12-03T16:53:39.410+0000][7][gc,age      ] GC(260) - age   9:      73792 bytes,    7587800 total
[2025-12-03T16:53:39.411+0000][7][gc,age      ] GC(260) - age  10:      10320 bytes,    7598120 total
[2025-12-03T16:53:39.411+0000][7][gc,age      ] GC(260) - age  11:     134912 bytes,    7733032 total
[2025-12-03T16:53:39.411+0000][7][gc,age      ] GC(260) - age  12:     299368 bytes,    8032400 total
[2025-12-03T16:53:39.411+0000][7][gc,age      ] GC(260) - age  13:       8280 bytes,    8040680 total
[2025-12-03T16:53:39.411+0000][7][gc,age      ] GC(260) - age  14:     108064 bytes,    8148744 total
[2025-12-03T16:53:39.411+0000][7][gc,age      ] GC(260) - age  15:       8392 bytes,    8157136 total
[2025-12-03T16:53:39.411+0000][7][gc,phases   ] GC(260)   Pre Evacuate Collection Set: 0.3ms
[2025-12-03T16:53:39.411+0000][7][gc,phases   ] GC(260)   Merge Heap Roots: 0.2ms
[2025-12-03T16:53:39.411+0000][7][gc,phases   ] GC(260)   Evacuate Collection Set: 7.0ms
[2025-12-03T16:53:39.411+0000][7][gc,phases   ] GC(260)   Post Evacuate Collection Set: 1.8ms
[2025-12-03T16:53:39.411+0000][7][gc,phases   ] GC(260)   Other: 1.9ms
[2025-12-03T16:53:39.411+0000][7][gc,heap     ] GC(260) Eden regions: 61->0(60)
[2025-12-03T16:53:39.411+0000][7][gc,heap     ] GC(260) Survivor regions: 2->3(8)
[2025-12-03T16:53:39.412+0000][7][gc,heap     ] GC(260) Old regions: 38->38
[2025-12-03T16:53:39.412+0000][7][gc,heap     ] GC(260) Archive regions: 2->2
[2025-12-03T16:53:39.412+0000][7][gc,heap     ] GC(260) Humongous regions: 2->2
[2025-12-03T16:53:39.412+0000][7][gc,metaspace] GC(260) Metaspace: 115844K(117568K)->115844K(117568K) NonClass: 101065K(102016K)->101065K(102016K) Class: 14778K(15552K)->14778K(15552K)
[2025-12-03T16:53:39.412+0000][7][gc          ] GC(260) Pause Young (Normal) (G1 Evacuation Pause) 412M->169M(512M) 12.000ms
[2025-12-03T16:53:39.412+0000][7][gc,cpu      ] GC(260) User=0.06s Sys=0.00s Real=0.01s
[2025-12-03T16:53:39.412+0000][7][safepoint   ] Safepoint "G1CollectForAllocation", Time since last: 33183698016 ns, Reaching safepoint: 156625 ns, At safepoint: 12211750 ns, Total: 12368375 ns
[2025-12-03T16:54:18.474+0000][7][safepoint   ] Safepoint "Cleanup", Time since last: 39060964517 ns, Reaching safepoint: 147375 ns, At safepoint: 6625 ns, Total: 154000 ns
[2025-12-03T16:54:21.595+0000][7][gc,start    ] GC(261) Pause Young (Concurrent Start) (G1 Evacuation Pause)
[2025-12-03T16:54:21.595+0000][7][gc,task     ] GC(261) Using 8 workers of 8 for evacuation
[2025-12-03T16:54:21.595+0000][7][gc,age      ] GC(261) Desired survivor size 16777216 bytes, new threshold 15 (max threshold 15)
[2025-12-03T16:54:21.615+0000][7][gc,age      ] GC(261) Age table with threshold 15 (max threshold 15)
[2025-12-03T16:54:21.615+0000][7][gc,age      ] GC(261) - age   1:    2084368 bytes,    2084368 total
[2025-12-03T16:54:21.615+0000][7][gc,age      ] GC(261) - age   2:     392640 bytes,    2477008 total
[2025-12-03T16:54:21.615+0000][7][gc,age      ] GC(261) - age   3:     220256 bytes,    2697264 total
[2025-12-03T16:54:21.615+0000][7][gc,age      ] GC(261) - age   4:     397312 bytes,    3094576 total
[2025-12-03T16:54:21.615+0000][7][gc,age      ] GC(261) - age   5:     140232 bytes,    3234808 total
[2025-12-03T16:54:21.615+0000][7][gc,age      ] GC(261) - age   6:    2632032 bytes,    5866840 total
[2025-12-03T16:54:21.615+0000][7][gc,age      ] GC(261) - age   7:      75392 bytes,    5942232 total
[2025-12-03T16:54:21.615+0000][7][gc,age      ] GC(261) - age   8:     657128 bytes,    6599360 total
[2025-12-03T16:54:21.615+0000][7][gc,age      ] GC(261) - age   9:      17120 bytes,    6616480 total
[2025-12-03T16:54:21.615+0000][7][gc,age      ] GC(261) - age  10:      73792 bytes,    6690272 total
[2025-12-03T16:54:21.615+0000][7][gc,age      ] GC(261) - age  11:      10320 bytes,    6700592 total
[2025-12-03T16:54:21.615+0000][7][gc,age      ] GC(261) - age  12:     134912 bytes,    6835504 total
[2025-12-03T16:54:21.616+0000][7][gc,age      ] GC(261) - age  13:     299072 bytes,    7134576 total
[2025-12-03T16:54:21.616+0000][7][gc,age      ] GC(261) - age  14:       8280 bytes,    7142856 total
[2025-12-03T16:54:21.616+0000][7][gc,age      ] GC(261) - age  15:     108064 bytes,    7250920 total
[2025-12-03T16:54:21.616+0000][7][gc,phases   ] GC(261)   Pre Evacuate Collection Set: 3.8ms
[2025-12-03T16:54:21.616+0000][7][gc,phases   ] GC(261)   Merge Heap Roots: 0.2ms
[2025-12-03T16:54:21.616+0000][7][gc,phases   ] GC(261)   Evacuate Collection Set: 12.7ms
[2025-12-03T16:54:21.616+0000][7][gc,phases   ] GC(261)   Post Evacuate Collection Set: 2.2ms
[2025-12-03T16:54:21.616+0000][7][gc,phases   ] GC(261)   Other: 2.2ms
[2025-12-03T16:54:21.616+0000][7][gc,heap     ] GC(261) Eden regions: 60->0(61)
[2025-12-03T16:54:21.616+0000][7][gc,heap     ] GC(261) Survivor regions: 3->2(8)
[2025-12-03T16:54:21.616+0000][7][gc,heap     ] GC(261) Old regions: 38->38
[2025-12-03T16:54:21.616+0000][7][gc,heap     ] GC(261) Archive regions: 2->2
[2025-12-03T16:54:21.616+0000][7][gc,heap     ] GC(261) Humongous regions: 2->2
[2025-12-03T16:54:21.616+0000][7][gc,metaspace] GC(261) Metaspace: 115844K(117568K)->115844K(117568K) NonClass: 101065K(102016K)->101065K(102016K) Class: 14778K(15552K)->14778K(15552K)
[2025-12-03T16:54:21.616+0000][7][gc          ] GC(261) Pause Young (Concurrent Start) (G1 Evacuation Pause) 409M->168M(512M) 21.731ms
[2025-12-03T16:54:21.617+0000][7][gc,cpu      ] GC(261) User=0.11s Sys=0.00s Real=0.02s
[2025-12-03T16:54:21.617+0000][7][safepoint   ] Safepoint "G1CollectForAllocation", Time since last: 3120090543 ns, Reaching safepoint: 91167 ns, At safepoint: 22013250 ns, Total: 22104417 ns
[2025-12-03T16:54:21.617+0000][7][gc          ] GC(262) Concurrent Mark Cycle
[2025-12-03T16:54:21.617+0000][7][gc,marking  ] GC(262) Concurrent Clear Claimed Marks
[2025-12-03T16:54:21.617+0000][7][gc,marking  ] GC(262) Concurrent Clear Claimed Marks 0.132ms
[2025-12-03T16:54:21.617+0000][7][gc,marking  ] GC(262) Concurrent Scan Root Regions
[2025-12-03T16:54:21.621+0000][7][gc,marking  ] GC(262) Concurrent Scan Root Regions 3.775ms
[2025-12-03T16:54:21.621+0000][7][gc,marking  ] GC(262) Concurrent Mark
[2025-12-03T16:54:21.621+0000][7][gc,marking  ] GC(262) Concurrent Mark From Roots
[2025-12-03T16:54:21.621+0000][7][gc,task     ] GC(262) Using 2 workers of 2 for marking
[2025-12-03T16:54:21.676+0000][7][gc,marking  ] GC(262) Concurrent Mark From Roots 54.594ms
[2025-12-03T16:54:21.676+0000][7][gc,marking  ] GC(262) Concurrent Preclean
[2025-12-03T16:54:21.676+0000][7][gc,marking  ] GC(262) Concurrent Preclean 0.226ms
[2025-12-03T16:54:21.676+0000][7][gc,start    ] GC(262) Pause Remark
[2025-12-03T16:54:21.691+0000][7][gc          ] GC(262) Pause Remark 169M->169M(512M) 15.293ms
[2025-12-03T16:54:21.692+0000][7][gc,cpu      ] GC(262) User=0.11s Sys=0.00s Real=0.02s
[2025-12-03T16:54:21.692+0000][7][safepoint   ] Safepoint "G1Concurrent", Time since last: 59455708 ns, Reaching safepoint: 38084 ns, At safepoint: 15492083 ns, Total: 15530167 ns
[2025-12-03T16:54:21.692+0000][7][gc,marking  ] GC(262) Concurrent Mark 70.673ms
[2025-12-03T16:54:21.692+0000][7][gc,marking  ] GC(262) Concurrent Rebuild Remembered Sets
[2025-12-03T16:54:21.719+0000][7][gc,marking  ] GC(262) Concurrent Rebuild Remembered Sets 27.399ms
[2025-12-03T16:54:21.719+0000][7][gc,start    ] GC(262) Pause Cleanup
[2025-12-03T16:54:21.719+0000][7][gc          ] GC(262) Pause Cleanup 169M->169M(512M) 0.144ms
[2025-12-03T16:54:21.720+0000][7][gc,cpu      ] GC(262) User=0.00s Sys=0.00s Real=0.00s
[2025-12-03T16:54:21.720+0000][7][safepoint   ] Safepoint "G1Concurrent", Time since last: 27661333 ns, Reaching safepoint: 40584 ns, At safepoint: 261708 ns, Total: 302292 ns
[2025-12-03T16:54:21.720+0000][7][gc,marking  ] GC(262) Concurrent Cleanup for Next Mark
[2025-12-03T16:54:21.723+0000][7][gc,marking  ] GC(262) Concurrent Cleanup for Next Mark 3.052ms
[2025-12-03T16:54:21.723+0000][7][gc          ] GC(262) Concurrent Mark Cycle 106.087ms
[2025-12-03T16:54:39.740+0000][7][safepoint   ] Safepoint "Cleanup", Time since last: 18019022717 ns, Reaching safepoint: 344708 ns, At safepoint: 22542 ns, Total: 367250 ns
[2025-12-03T16:54:45.749+0000][7][safepoint   ] Safepoint "Cleanup", Time since last: 6008037253 ns, Reaching safepoint: 85041 ns, At safepoint: 3584 ns, Total: 88625 ns
[2025-12-03T16:55:03.202+0000][7][gc,start    ] GC(263) Pause Young (Normal) (G1 Evacuation Pause)
[2025-12-03T16:55:03.202+0000][7][gc,task     ] GC(263) Using 8 workers of 8 for evacuation
[2025-12-03T16:55:03.202+0000][7][gc,age      ] GC(263) Desired survivor size 16777216 bytes, new threshold 15 (max threshold 15)
[2025-12-03T16:55:03.206+0000][7][gc,age      ] GC(263) Age table with threshold 15 (max threshold 15)
[2025-12-03T16:55:03.206+0000][7][gc,age      ] GC(263) - age   1:    2962296 bytes,    2962296 total
[2025-12-03T16:55:03.206+0000][7][gc,age      ] GC(263) - age   2:     644800 bytes,    3607096 total
[2025-12-03T16:55:03.206+0000][7][gc,age      ] GC(263) - age   3:     388336 bytes,    3995432 total
[2025-12-03T16:55:03.206+0000][7][gc,age      ] GC(263) - age   4:     219264 bytes,    4214696 total
[2025-12-03T16:55:03.207+0000][7][gc,age      ] GC(263) - age   5:     396888 bytes,    4611584 total
[2025-12-03T16:55:03.207+0000][7][gc,age      ] GC(263) - age   6:       8760 bytes,    4620344 total
[2025-12-03T16:55:03.207+0000][7][gc,age      ] GC(263) - age   7:    2631712 bytes,    7252056 total
[2025-12-03T16:55:03.207+0000][7][gc,age      ] GC(263) - age   8:      74992 bytes,    7327048 total
[2025-12-03T16:55:03.207+0000][7][gc,age      ] GC(263) - age   9:     657128 bytes,    7984176 total
[2025-12-03T16:55:03.207+0000][7][gc,age      ] GC(263) - age  10:      17120 bytes,    8001296 total
[2025-12-03T16:55:03.207+0000][7][gc,age      ] GC(263) - age  11:      73792 bytes,    8075088 total
[2025-12-03T16:55:03.207+0000][7][gc,age      ] GC(263) - age  12:      10320 bytes,    8085408 total
[2025-12-03T16:55:03.207+0000][7][gc,age      ] GC(263) - age  13:     134912 bytes,    8220320 total
[2025-12-03T16:55:03.207+0000][7][gc,age      ] GC(263) - age  14:     299008 bytes,    8519328 total
[2025-12-03T16:55:03.207+0000][7][gc,age      ] GC(263) - age  15:       8216 bytes,    8527544 total
[2025-12-03T16:55:03.207+0000][7][gc,phases   ] GC(263)   Pre Evacuate Collection Set: 0.1ms
[2025-12-03T16:55:03.207+0000][7][gc,phases   ] GC(263)   Merge Heap Roots: 0.1ms
[2025-12-03T16:55:03.207+0000][7][gc,phases   ] GC(263)   Evacuate Collection Set: 3.1ms
[2025-12-03T16:55:03.207+0000][7][gc,phases   ] GC(263)   Post Evacuate Collection Set: 0.5ms
[2025-12-03T16:55:03.207+0000][7][gc,phases   ] GC(263)   Other: 1.4ms
[2025-12-03T16:55:03.207+0000][7][gc,heap     ] GC(263) Eden regions: 61->0(60)
[2025-12-03T16:55:03.207+0000][7][gc,heap     ] GC(263) Survivor regions: 2->3(8)
[2025-12-03T16:55:03.207+0000][7][gc,heap     ] GC(263) Old regions: 38->38
[2025-12-03T16:55:03.207+0000][7][gc,heap     ] GC(263) Archive regions: 2->2
[2025-12-03T16:55:03.207+0000][7][gc,heap     ] GC(263) Humongous regions: 2->2
[2025-12-03T16:55:03.208+0000][7][gc,metaspace] GC(263) Metaspace: 115844K(117568K)->115844K(117568K) NonClass: 101065K(102016K)->101065K(102016K) Class: 14778K(15552K)->14778K(15552K)
[2025-12-03T16:55:03.208+0000][7][gc          ] GC(263) Pause Young (Normal) (G1 Evacuation Pause) 412M->169M(512M) 5.684ms
[2025-12-03T16:55:03.208+0000][7][gc,cpu      ] GC(263) User=0.02s Sys=0.00s Real=0.00s
[2025-12-03T16:55:03.208+0000][7][safepoint   ] Safepoint "G1CollectForAllocation", Time since last: 17452788507 ns, Reaching safepoint: 107875 ns, At safepoint: 5900833 ns, Total: 6008708 ns
[2025-12-03T16:55:06.219+0000][7][safepoint   ] Safepoint "Cleanup", Time since last: 3011272002 ns, Reaching safepoint: 156875 ns, At safepoint: 3166 ns, Total: 160041 ns
[2025-12-03T16:55:10.227+0000][7][safepoint   ] Safepoint "Cleanup", Time since last: 4007286086 ns, Reaching safepoint: 91250 ns, At safepoint: 6500 ns, Total: 97750 ns
[2025-12-03T16:55:39.125+0000][7][gc,start    ] GC(264) Pause Young (Concurrent Start) (G1 Evacuation Pause)
[2025-12-03T16:55:39.125+0000][7][gc,task     ] GC(264) Using 8 workers of 8 for evacuation
[2025-12-03T16:55:39.125+0000][7][gc,age      ] GC(264) Desired survivor size 16777216 bytes, new threshold 15 (max threshold 15)
[2025-12-03T16:55:39.138+0000][7][gc,age      ] GC(264) Age table with threshold 15 (max threshold 15)
[2025-12-03T16:55:39.138+0000][7][gc,age      ] GC(264) - age   1:    2919024 bytes,    2919024 total
[2025-12-03T16:55:39.138+0000][7][gc,age      ] GC(264) - age   2:      14744 bytes,    2933768 total
[2025-12-03T16:55:39.138+0000][7][gc,age      ] GC(264) - age   3:     641408 bytes,    3575176 total
[2025-12-03T16:55:39.138+0000][7][gc,age      ] GC(264) - age   4:     387760 bytes,    3962936 total
[2025-12-03T16:55:39.138+0000][7][gc,age      ] GC(264) - age   5:     218568 bytes,    4181504 total
[2025-12-03T16:55:39.139+0000][7][gc,age      ] GC(264) - age   6:     396528 bytes,    4578032 total
[2025-12-03T16:55:39.139+0000][7][gc,age      ] GC(264) - age   7:       8696 bytes,    4586728 total
[2025-12-03T16:55:39.139+0000][7][gc,age      ] GC(264) - age   8:    2631648 bytes,    7218376 total
[2025-12-03T16:55:39.139+0000][7][gc,age      ] GC(264) - age   9:      74928 bytes,    7293304 total
[2025-12-03T16:55:39.139+0000][7][gc,age      ] GC(264) - age  10:     656936 bytes,    7950240 total
[2025-12-03T16:55:39.139+0000][7][gc,age      ] GC(264) - age  11:      17056 bytes,    7967296 total
[2025-12-03T16:55:39.139+0000][7][gc,age      ] GC(264) - age  12:      73792 bytes,    8041088 total
[2025-12-03T16:55:39.139+0000][7][gc,age      ] GC(264) - age  13:      10320 bytes,    8051408 total
[2025-12-03T16:55:39.139+0000][7][gc,age      ] GC(264) - age  14:     134912 bytes,    8186320 total
[2025-12-03T16:55:39.139+0000][7][gc,age      ] GC(264) - age  15:     299008 bytes,    8485328 total
[2025-12-03T16:55:39.139+0000][7][gc,phases   ] GC(264)   Pre Evacuate Collection Set: 1.9ms
[2025-12-03T16:55:39.139+0000][7][gc,phases   ] GC(264)   Merge Heap Roots: 0.1ms
[2025-12-03T16:55:39.140+0000][7][gc,phases   ] GC(264)   Evacuate Collection Set: 7.9ms
[2025-12-03T16:55:39.140+0000][7][gc,phases   ] GC(264)   Post Evacuate Collection Set: 2.4ms
[2025-12-03T16:55:39.140+0000][7][gc,phases   ] GC(264)   Other: 2.6ms
[2025-12-03T16:55:39.140+0000][7][gc,heap     ] GC(264) Eden regions: 60->0(60)
[2025-12-03T16:55:39.140+0000][7][gc,heap     ] GC(264) Survivor regions: 3->3(8)
[2025-12-03T16:55:39.140+0000][7][gc,heap     ] GC(264) Old regions: 38->38
[2025-12-03T16:55:39.140+0000][7][gc,heap     ] GC(264) Archive regions: 2->2
[2025-12-03T16:55:39.140+0000][7][gc,heap     ] GC(264) Humongous regions: 2->2
[2025-12-03T16:55:39.140+0000][7][gc,metaspace] GC(264) Metaspace: 115844K(117568K)->115844K(117568K) NonClass: 101065K(102016K)->101065K(102016K) Class: 14778K(15552K)->14778K(15552K)
[2025-12-03T16:55:39.140+0000][7][gc          ] GC(264) Pause Young (Concurrent Start) (G1 Evacuation Pause) 409M->169M(512M) 15.554ms
[2025-12-03T16:55:39.140+0000][7][gc,cpu      ] GC(264) User=0.06s Sys=0.00s Real=0.01s
[2025-12-03T16:55:39.140+0000][7][safepoint   ] Safepoint "G1CollectForAllocation", Time since last: 28896807346 ns, Reaching safepoint: 219750 ns, At safepoint: 15872625 ns, Total: 16092375 ns
[2025-12-03T16:55:39.140+0000][7][gc          ] GC(265) Concurrent Mark Cycle
[2025-12-03T16:55:39.141+0000][7][gc,marking  ] GC(265) Concurrent Clear Claimed Marks
[2025-12-03T16:55:39.141+0000][7][gc,marking  ] GC(265) Concurrent Clear Claimed Marks 0.229ms
[2025-12-03T16:55:39.142+0000][7][gc,marking  ] GC(265) Concurrent Scan Root Regions
[2025-12-03T16:55:39.145+0000][7][gc,marking  ] GC(265) Concurrent Scan Root Regions 3.574ms
[2025-12-03T16:55:39.145+0000][7][gc,marking  ] GC(265) Concurrent Mark
[2025-12-03T16:55:39.145+0000][7][gc,marking  ] GC(265) Concurrent Mark From Roots
[2025-12-03T16:55:39.145+0000][7][gc,task     ] GC(265) Using 2 workers of 2 for marking
[2025-12-03T16:55:39.232+0000][7][gc,marking  ] GC(265) Concurrent Mark From Roots 86.931ms
[2025-12-03T16:55:39.232+0000][7][gc,marking  ] GC(265) Concurrent Preclean
[2025-12-03T16:55:39.233+0000][7][gc,marking  ] GC(265) Concurrent Preclean 0.392ms
[2025-12-03T16:55:39.233+0000][7][gc,start    ] GC(265) Pause Remark
[2025-12-03T16:55:39.252+0000][7][gc          ] GC(265) Pause Remark 194M->194M(512M) 18.644ms
[2025-12-03T16:55:39.252+0000][7][gc,cpu      ] GC(265) User=0.14s Sys=0.00s Real=0.02s
[2025-12-03T16:55:39.252+0000][7][safepoint   ] Safepoint "G1Concurrent", Time since last: 92566708 ns, Reaching safepoint: 57500 ns, At safepoint: 19019501 ns, Total: 19077001 ns
[2025-12-03T16:55:39.252+0000][7][gc,marking  ] GC(265) Concurrent Mark 107.009ms
[2025-12-03T16:55:39.252+0000][7][gc,marking  ] GC(265) Concurrent Rebuild Remembered Sets
[2025-12-03T16:55:39.296+0000][7][gc,marking  ] GC(265) Concurrent Rebuild Remembered Sets 43.791ms
[2025-12-03T16:55:39.296+0000][7][gc,start    ] GC(265) Pause Cleanup
[2025-12-03T16:55:39.297+0000][7][gc          ] GC(265) Pause Cleanup 194M->194M(512M) 0.193ms
[2025-12-03T16:55:39.297+0000][7][gc,cpu      ] GC(265) User=0.00s Sys=0.00s Real=0.00s
[2025-12-03T16:55:39.297+0000][7][safepoint   ] Safepoint "G1Concurrent", Time since last: 44182583 ns, Reaching safepoint: 125292 ns, At safepoint: 409875 ns, Total: 535167 ns
[2025-12-03T16:55:39.297+0000][7][gc,marking  ] GC(265) Concurrent Cleanup for Next Mark
[2025-12-03T16:55:39.299+0000][7][gc,marking  ] GC(265) Concurrent Cleanup for Next Mark 1.626ms
[2025-12-03T16:55:39.299+0000][7][gc          ] GC(265) Concurrent Mark Cycle 158.154ms
[2025-12-03T16:55:55.320+0000][7][safepoint   ] Safepoint "Cleanup", Time since last: 16022856424 ns, Reaching safepoint: 181333 ns, At safepoint: 9458 ns, Total: 190791 ns
[2025-12-03T16:56:08.338+0000][7][safepoint   ] Safepoint "Cleanup", Time since last: 13014502964 ns, Reaching safepoint: 842208 ns, At safepoint: 31042 ns, Total: 873250 ns
[2025-12-03T16:56:18.128+0000][7][gc,start    ] GC(266) Pause Young (Normal) (G1 Evacuation Pause)
[2025-12-03T16:56:18.128+0000][7][gc,task     ] GC(266) Using 8 workers of 8 for evacuation
[2025-12-03T16:56:18.128+0000][7][gc,age      ] GC(266) Desired survivor size 16777216 bytes, new threshold 15 (max threshold 15)
[2025-12-03T16:56:18.162+0000][7][gc,age      ] GC(266) Age table with threshold 15 (max threshold 15)
[2025-12-03T16:56:18.162+0000][7][gc,age      ] GC(266) - age   1:    2408072 bytes,    2408072 total
[2025-12-03T16:56:18.162+0000][7][gc,age      ] GC(266) - age   2:     699096 bytes,    3107168 total
[2025-12-03T16:56:18.162+0000][7][gc,age      ] GC(266) - age   3:      10616 bytes,    3117784 total
[2025-12-03T16:56:18.162+0000][7][gc,age      ] GC(266) - age   4:     142008 bytes,    3259792 total
[2025-12-03T16:56:18.162+0000][7][gc,age      ] GC(266) - age   5:     387632 bytes,    3647424 total
[2025-12-03T16:56:18.163+0000][7][gc,age      ] GC(266) - age   6:      87480 bytes,    3734904 total
[2025-12-03T16:56:18.163+0000][7][gc,age      ] GC(266) - age   7:     396528 bytes,    4131432 total
[2025-12-03T16:56:18.163+0000][7][gc,age      ] GC(266) - age   8:       8696 bytes,    4140128 total
[2025-12-03T16:56:18.163+0000][7][gc,age      ] GC(266) - age   9:    2631648 bytes,    6771776 total
[2025-12-03T16:56:18.163+0000][7][gc,age      ] GC(266) - age  10:      18144 bytes,    6789920 total
[2025-12-03T16:56:18.163+0000][7][gc,age      ] GC(266) - age  11:     656936 bytes,    7446856 total
[2025-12-03T16:56:18.163+0000][7][gc,age      ] GC(266) - age  12:      17056 bytes,    7463912 total
[2025-12-03T16:56:18.163+0000][7][gc,age      ] GC(266) - age  13:      73792 bytes,    7537704 total
[2025-12-03T16:56:18.163+0000][7][gc,age      ] GC(266) - age  14:      10320 bytes,    7548024 total
[2025-12-03T16:56:18.163+0000][7][gc,age      ] GC(266) - age  15:     134912 bytes,    7682936 total
[2025-12-03T16:56:18.163+0000][7][gc,phases   ] GC(266)   Pre Evacuate Collection Set: 0.6ms
[2025-12-03T16:56:18.163+0000][7][gc,phases   ] GC(266)   Merge Heap Roots: 0.3ms
[2025-12-03T16:56:18.163+0000][7][gc,phases   ] GC(266)   Evacuate Collection Set: 26.2ms
[2025-12-03T16:56:18.163+0000][7][gc,phases   ] GC(266)   Post Evacuate Collection Set: 6.7ms
[2025-12-03T16:56:18.163+0000][7][gc,phases   ] GC(266)   Other: 2.1ms
[2025-12-03T16:56:18.163+0000][7][gc,heap     ] GC(266) Eden regions: 60->0(61)
[2025-12-03T16:56:18.164+0000][7][gc,heap     ] GC(266) Survivor regions: 3->2(8)
[2025-12-03T16:56:18.164+0000][7][gc,heap     ] GC(266) Old regions: 38->38
[2025-12-03T16:56:18.164+0000][7][gc,heap     ] GC(266) Archive regions: 2->2
[2025-12-03T16:56:18.164+0000][7][gc,heap     ] GC(266) Humongous regions: 2->2
[2025-12-03T16:56:18.164+0000][7][gc,metaspace] GC(266) Metaspace: 115847K(117568K)->115847K(117568K) NonClass: 101069K(102016K)->101069K(102016K) Class: 14778K(15552K)->14778K(15552K)
[2025-12-03T16:56:18.164+0000][7][gc          ] GC(266) Pause Young (Normal) (G1 Evacuation Pause) 409M->169M(512M) 36.308ms
[2025-12-03T16:56:18.164+0000][7][gc,cpu      ] GC(266) User=0.19s Sys=0.01s Real=0.04s
[2025-12-03T16:56:18.164+0000][7][safepoint   ] Safepoint "G1CollectForAllocation", Time since last: 9791036421 ns, Reaching safepoint: 87834 ns, At safepoint: 36635500 ns, Total: 36723334 ns
[2025-12-03T16:56:43.209+0000][7][safepoint   ] Safepoint "Cleanup", Time since last: 25043785261 ns, Reaching safepoint: 466000 ns, At safepoint: 8500 ns, Total: 474500 ns
[2025-12-03T16:56:54.436+0000][7][gc,start    ] GC(267) Pause Young (Concurrent Start) (G1 Evacuation Pause)
[2025-12-03T16:56:54.437+0000][7][gc,task     ] GC(267) Using 8 workers of 8 for evacuation
[2025-12-03T16:56:54.438+0000][7][gc,age      ] GC(267) Desired survivor size 16777216 bytes, new threshold 15 (max threshold 15)
[2025-12-03T16:56:54.465+0000][7][gc,age      ] GC(267) Age table with threshold 15 (max threshold 15)
[2025-12-03T16:56:54.466+0000][7][gc,age      ] GC(267) - age   1:    2401448 bytes,    2401448 total
[2025-12-03T16:56:54.466+0000][7][gc,age      ] GC(267) - age   2:     639232 bytes,    3040680 total
[2025-12-03T16:56:54.466+0000][7][gc,age      ] GC(267) - age   3:     208256 bytes,    3248936 total
[2025-12-03T16:56:54.466+0000][7][gc,age      ] GC(267) - age   4:       9072 bytes,    3258008 total
[2025-12-03T16:56:54.466+0000][7][gc,age      ] GC(267) - age   5:     141784 bytes,    3399792 total
[2025-12-03T16:56:54.466+0000][7][gc,age      ] GC(267) - age   6:     256288 bytes,    3656080 total
[2025-12-03T16:56:54.466+0000][7][gc,age      ] GC(267) - age   7:      86888 bytes,    3742968 total
[2025-12-03T16:56:54.466+0000][7][gc,age      ] GC(267) - age   8:     396528 bytes,    4139496 total
[2025-12-03T16:56:54.466+0000][7][gc,age      ] GC(267) - age   9:       8696 bytes,    4148192 total
[2025-12-03T16:56:54.466+0000][7][gc,age      ] GC(267) - age  10:    2631584 bytes,    6779776 total
[2025-12-03T16:56:54.466+0000][7][gc,age      ] GC(267) - age  11:      18144 bytes,    6797920 total
[2025-12-03T16:56:54.466+0000][7][gc,age      ] GC(267) - age  12:     656936 bytes,    7454856 total
[2025-12-03T16:56:54.466+0000][7][gc,age      ] GC(267) - age  13:      17056 bytes,    7471912 total
[2025-12-03T16:56:54.466+0000][7][gc,age      ] GC(267) - age  14:      73760 bytes,    7545672 total
[2025-12-03T16:56:54.466+0000][7][gc,age      ] GC(267) - age  15:      10320 bytes,    7555992 total
[2025-12-03T16:56:54.467+0000][7][gc,phases   ] GC(267)   Pre Evacuate Collection Set: 10.4ms
[2025-12-03T16:56:54.467+0000][7][gc,phases   ] GC(267)   Merge Heap Roots: 1.2ms
[2025-12-03T16:56:54.467+0000][7][gc,phases   ] GC(267)   Evacuate Collection Set: 14.1ms
[2025-12-03T16:56:54.467+0000][7][gc,phases   ] GC(267)   Post Evacuate Collection Set: 2.1ms
[2025-12-03T16:56:54.467+0000][7][gc,phases   ] GC(267)   Other: 3.5ms
[2025-12-03T16:56:54.467+0000][7][gc,heap     ] GC(267) Eden regions: 61->0(61)
[2025-12-03T16:56:54.467+0000][7][gc,heap     ] GC(267) Survivor regions: 2->2(8)
[2025-12-03T16:56:54.467+0000][7][gc,heap     ] GC(267) Old regions: 38->38
[2025-12-03T16:56:54.467+0000][7][gc,heap     ] GC(267) Archive regions: 2->2
[2025-12-03T16:56:54.467+0000][7][gc,heap     ] GC(267) Humongous regions: 2->2
[2025-12-03T16:56:54.467+0000][7][gc,metaspace] GC(267) Metaspace: 115848K(117568K)->115848K(117568K) NonClass: 101070K(102016K)->101070K(102016K) Class: 14778K(15552K)->14778K(15552K)
[2025-12-03T16:56:54.467+0000][7][gc          ] GC(267) Pause Young (Concurrent Start) (G1 Evacuation Pause) 413M->169M(512M) 31.669ms
[2025-12-03T16:56:54.467+0000][7][gc,cpu      ] GC(267) User=0.10s Sys=0.00s Real=0.03s
[2025-12-03T16:56:54.467+0000][7][safepoint   ] Safepoint "G1CollectForAllocation", Time since last: 11225494630 ns, Reaching safepoint: 539709 ns, At safepoint: 32091375 ns, Total: 32631084 ns
[2025-12-03T16:56:54.467+0000][7][gc          ] GC(268) Concurrent Mark Cycle
[2025-12-03T16:56:54.468+0000][7][gc,marking  ] GC(268) Concurrent Clear Claimed Marks
[2025-12-03T16:56:54.468+0000][7][gc,marking  ] GC(268) Concurrent Clear Claimed Marks 0.171ms
[2025-12-03T16:56:54.468+0000][7][gc,marking  ] GC(268) Concurrent Scan Root Regions
[2025-12-03T16:56:54.471+0000][7][gc,marking  ] GC(268) Concurrent Scan Root Regions 3.439ms
[2025-12-03T16:56:54.472+0000][7][gc,marking  ] GC(268) Concurrent Mark
[2025-12-03T16:56:54.472+0000][7][gc,marking  ] GC(268) Concurrent Mark From Roots
[2025-12-03T16:56:54.472+0000][7][gc,task     ] GC(268) Using 2 workers of 2 for marking
[2025-12-03T16:56:54.533+0000][7][gc,marking  ] GC(268) Concurrent Mark From Roots 61.532ms
[2025-12-03T16:56:54.533+0000][7][gc,marking  ] GC(268) Concurrent Preclean
[2025-12-03T16:56:54.533+0000][7][gc,marking  ] GC(268) Concurrent Preclean 0.267ms
[2025-12-03T16:56:54.534+0000][7][gc,start    ] GC(268) Pause Remark
[2025-12-03T16:56:54.567+0000][7][gc          ] GC(268) Pause Remark 170M->170M(512M) 33.378ms
[2025-12-03T16:56:54.567+0000][7][gc,cpu      ] GC(268) User=0.23s Sys=0.00s Real=0.03s
[2025-12-03T16:56:54.567+0000][7][safepoint   ] Safepoint "G1Concurrent", Time since last: 66183666 ns, Reaching safepoint: 59834 ns, At safepoint: 33716583 ns, Total: 33776417 ns
[2025-12-03T16:56:54.567+0000][7][gc,marking  ] GC(268) Concurrent Mark 95.940ms
[2025-12-03T16:56:54.568+0000][7][gc,marking  ] GC(268) Concurrent Rebuild Remembered Sets
[2025-12-03T16:56:54.600+0000][7][gc,marking  ] GC(268) Concurrent Rebuild Remembered Sets 32.987ms
[2025-12-03T16:56:54.601+0000][7][gc,start    ] GC(268) Pause Cleanup
[2025-12-03T16:56:54.601+0000][7][gc          ] GC(268) Pause Cleanup 170M->170M(512M) 0.138ms
[2025-12-03T16:56:54.601+0000][7][gc,cpu      ] GC(268) User=0.00s Sys=0.00s Real=0.00s
[2025-12-03T16:56:54.601+0000][7][safepoint   ] Safepoint "G1Concurrent", Time since last: 33274667 ns, Reaching safepoint: 71750 ns, At safepoint: 283833 ns, Total: 355583 ns
[2025-12-03T16:56:54.601+0000][7][gc,marking  ] GC(268) Concurrent Cleanup for Next Mark
[2025-12-03T16:56:54.603+0000][7][gc,marking  ] GC(268) Concurrent Cleanup for Next Mark 1.496ms
[2025-12-03T16:56:54.603+0000][7][gc          ] GC(268) Concurrent Mark Cycle 135.191ms
[2025-12-03T16:56:58.611+0000][7][safepoint   ] Safepoint "Cleanup", Time since last: 4010143127 ns, Reaching safepoint: 276083 ns, At safepoint: 14750 ns, Total: 290833 ns
[2025-12-03T16:57:33.688+0000][7][gc,start    ] GC(269) Pause Young (Normal) (G1 Evacuation Pause)
[2025-12-03T16:57:33.688+0000][7][gc,task     ] GC(269) Using 8 workers of 8 for evacuation
[2025-12-03T16:57:33.688+0000][7][gc,age      ] GC(269) Desired survivor size 16777216 bytes, new threshold 15 (max threshold 15)
[2025-12-03T16:57:33.711+0000][7][gc,age      ] GC(269) Age table with threshold 15 (max threshold 15)
[2025-12-03T16:57:33.711+0000][7][gc,age      ] GC(269) - age   1:    3621456 bytes,    3621456 total
[2025-12-03T16:57:33.711+0000][7][gc,age      ] GC(269) - age   2:     376392 bytes,    3997848 total
[2025-12-03T16:57:33.712+0000][7][gc,age      ] GC(269) - age   3:     636776 bytes,    4634624 total
[2025-12-03T16:57:33.712+0000][7][gc,age      ] GC(269) - age   4:     206792 bytes,    4841416 total
[2025-12-03T16:57:33.712+0000][7][gc,age      ] GC(269) - age   5:       8624 bytes,    4850040 total
[2025-12-03T16:57:33.712+0000][7][gc,age      ] GC(269) - age   6:     141656 bytes,    4991696 total
[2025-12-03T16:57:33.712+0000][7][gc,age      ] GC(269) - age   7:     255704 bytes,    5247400 total
[2025-12-03T16:57:33.712+0000][7][gc,age      ] GC(269) - age   8:      86824 bytes,    5334224 total
[2025-12-03T16:57:33.712+0000][7][gc,age      ] GC(269) - age   9:     396528 bytes,    5730752 total
[2025-12-03T16:57:33.712+0000][7][gc,age      ] GC(269) - age  10:       8696 bytes,    5739448 total
[2025-12-03T16:57:33.712+0000][7][gc,age      ] GC(269) - age  11:    2631520 bytes,    8370968 total
[2025-12-03T16:57:33.712+0000][7][gc,age      ] GC(269) - age  12:      18144 bytes,    8389112 total
[2025-12-03T16:57:33.712+0000][7][gc,age      ] GC(269) - age  13:     656936 bytes,    9046048 total
[2025-12-03T16:57:33.712+0000][7][gc,age      ] GC(269) - age  14:      17056 bytes,    9063104 total
[2025-12-03T16:57:33.712+0000][7][gc,age      ] GC(269) - age  15:      73760 bytes,    9136864 total
[2025-12-03T16:57:33.712+0000][7][gc,phases   ] GC(269)   Pre Evacuate Collection Set: 0.4ms
[2025-12-03T16:57:33.712+0000][7][gc,phases   ] GC(269)   Merge Heap Roots: 0.2ms
[2025-12-03T16:57:33.712+0000][7][gc,phases   ] GC(269)   Evacuate Collection Set: 20.3ms
[2025-12-03T16:57:33.713+0000][7][gc,phases   ] GC(269)   Post Evacuate Collection Set: 1.8ms
[2025-12-03T16:57:33.713+0000][7][gc,phases   ] GC(269)   Other: 2.0ms
[2025-12-03T16:57:33.713+0000][7][gc,heap     ] GC(269) Eden regions: 61->0(60)
[2025-12-03T16:57:33.713+0000][7][gc,heap     ] GC(269) Survivor regions: 2->3(8)
[2025-12-03T16:57:33.713+0000][7][gc,heap     ] GC(269) Old regions: 38->38
[2025-12-03T16:57:33.713+0000][7][gc,heap     ] GC(269) Archive regions: 2->2
[2025-12-03T16:57:33.713+0000][7][gc,heap     ] GC(269) Humongous regions: 2->2
[2025-12-03T16:57:33.713+0000][7][gc,metaspace] GC(269) Metaspace: 115848K(117568K)->115848K(117568K) NonClass: 101070K(102016K)->101070K(102016K) Class: 14778K(15552K)->14778K(15552K)
[2025-12-03T16:57:33.713+0000][7][gc          ] GC(269) Pause Young (Normal) (G1 Evacuation Pause) 413M->170M(512M) 25.244ms
[2025-12-03T16:57:33.713+0000][7][gc,cpu      ] GC(269) User=0.15s Sys=0.01s Real=0.02s
[2025-12-03T16:57:33.713+0000][7][safepoint   ] Safepoint "G1CollectForAllocation", Time since last: 35084726350 ns, Reaching safepoint: 269833 ns, At safepoint: 25514042 ns, Total: 25783875 ns
[2025-12-03T16:57:42.724+0000][7][safepoint   ] Safepoint "Cleanup", Time since last: 9010771379 ns, Reaching safepoint: 208458 ns, At safepoint: 9042 ns, Total: 217500 ns
[2025-12-03T16:58:07.757+0000][7][safepoint   ] Safepoint "Cleanup", Time since last: 25033173512 ns, Reaching safepoint: 319208 ns, At safepoint: 17500 ns, Total: 336708 ns
[2025-12-03T16:58:09.766+0000][7][safepoint   ] Safepoint "Cleanup", Time since last: 2008938126 ns, Reaching safepoint: 211375 ns, At safepoint: 7792 ns, Total: 219167 ns
[2025-12-03T16:58:10.773+0000][7][safepoint   ] Safepoint "Cleanup", Time since last: 1007099667 ns, Reaching safepoint: 161625 ns, At safepoint: 4875 ns, Total: 166500 ns
[2025-12-03T16:58:12.433+0000][7][gc,start    ] GC(270) Pause Young (Concurrent Start) (G1 Evacuation Pause)
[2025-12-03T16:58:12.433+0000][7][gc,task     ] GC(270) Using 8 workers of 8 for evacuation
[2025-12-03T16:58:12.434+0000][7][gc,age      ] GC(270) Desired survivor size 16777216 bytes, new threshold 15 (max threshold 15)
[2025-12-03T16:58:12.464+0000][7][gc,age      ] GC(270) Age table with threshold 15 (max threshold 15)
[2025-12-03T16:58:12.464+0000][7][gc,age      ] GC(270) - age   1:    1518568 bytes,    1518568 total
[2025-12-03T16:58:12.464+0000][7][gc,age      ] GC(270) - age   2:     302256 bytes,    1820824 total
[2025-12-03T16:58:12.464+0000][7][gc,age      ] GC(270) - age   3:     373632 bytes,    2194456 total
[2025-12-03T16:58:12.464+0000][7][gc,age      ] GC(270) - age   4:     636432 bytes,    2830888 total
[2025-12-03T16:58:12.464+0000][7][gc,age      ] GC(270) - age   5:      75200 bytes,    2906088 total
[2025-12-03T16:58:12.464+0000][7][gc,age      ] GC(270) - age   6:       8560 bytes,    2914648 total
[2025-12-03T16:58:12.464+0000][7][gc,age      ] GC(270) - age   7:      10296 bytes,    2924944 total
[2025-12-03T16:58:12.465+0000][7][gc,age      ] GC(270) - age   8:     255640 bytes,    3180584 total
[2025-12-03T16:58:12.465+0000][7][gc,age      ] GC(270) - age   9:      86312 bytes,    3266896 total
[2025-12-03T16:58:12.465+0000][7][gc,age      ] GC(270) - age  10:     396528 bytes,    3663424 total
[2025-12-03T16:58:12.465+0000][7][gc,age      ] GC(270) - age  11:       8696 bytes,    3672120 total
[2025-12-03T16:58:12.465+0000][7][gc,age      ] GC(270) - age  12:    2631520 bytes,    6303640 total
[2025-12-03T16:58:12.465+0000][7][gc,age      ] GC(270) - age  13:      18144 bytes,    6321784 total
[2025-12-03T16:58:12.465+0000][7][gc,age      ] GC(270) - age  14:     656936 bytes,    6978720 total
[2025-12-03T16:58:12.465+0000][7][gc,age      ] GC(270) - age  15:      17056 bytes,    6995776 total
[2025-12-03T16:58:12.465+0000][7][gc,phases   ] GC(270)   Pre Evacuate Collection Set: 2.2ms
[2025-12-03T16:58:12.465+0000][7][gc,phases   ] GC(270)   Merge Heap Roots: 0.2ms
[2025-12-03T16:58:12.465+0000][7][gc,phases   ] GC(270)   Evacuate Collection Set: 26.2ms
[2025-12-03T16:58:12.465+0000][7][gc,phases   ] GC(270)   Post Evacuate Collection Set: 1.8ms
[2025-12-03T16:58:12.465+0000][7][gc,phases   ] GC(270)   Other: 2.0ms
[2025-12-03T16:58:12.465+0000][7][gc,heap     ] GC(270) Eden regions: 60->0(61)
[2025-12-03T16:58:12.465+0000][7][gc,heap     ] GC(270) Survivor regions: 3->2(8)
[2025-12-03T16:58:12.465+0000][7][gc,heap     ] GC(270) Old regions: 38->38
[2025-12-03T16:58:12.465+0000][7][gc,heap     ] GC(270) Archive regions: 2->2
[2025-12-03T16:58:12.465+0000][7][gc,heap     ] GC(270) Humongous regions: 2->2
[2025-12-03T16:58:12.466+0000][7][gc,metaspace] GC(270) Metaspace: 115849K(117568K)->115849K(117568K) NonClass: 101070K(102016K)->101070K(102016K) Class: 14779K(15552K)->14779K(15552K)
[2025-12-03T16:58:12.466+0000][7][gc          ] GC(270) Pause Young (Concurrent Start) (G1 Evacuation Pause) 410M->169M(512M) 32.822ms
[2025-12-03T16:58:12.466+0000][7][gc,cpu      ] GC(270) User=0.17s Sys=0.00s Real=0.03s
[2025-12-03T16:58:12.466+0000][7][safepoint   ] Safepoint "G1CollectForAllocation", Time since last: 1659304376 ns, Reaching safepoint: 293666 ns, At safepoint: 33262667 ns, Total: 33556333 ns
[2025-12-03T16:58:12.466+0000][7][gc          ] GC(271) Concurrent Mark Cycle
[2025-12-03T16:58:12.466+0000][7][gc,marking  ] GC(271) Concurrent Clear Claimed Marks
[2025-12-03T16:58:12.466+0000][7][gc,marking  ] GC(271) Concurrent Clear Claimed Marks 0.202ms
[2025-12-03T16:58:12.466+0000][7][gc,marking  ] GC(271) Concurrent Scan Root Regions
[2025-12-03T16:58:12.470+0000][7][gc,marking  ] GC(271) Concurrent Scan Root Regions 3.186ms
[2025-12-03T16:58:12.470+0000][7][gc,marking  ] GC(271) Concurrent Mark
[2025-12-03T16:58:12.470+0000][7][gc,marking  ] GC(271) Concurrent Mark From Roots
[2025-12-03T16:58:12.470+0000][7][gc,task     ] GC(271) Using 2 workers of 2 for marking
[2025-12-03T16:58:12.542+0000][7][gc,marking  ] GC(271) Concurrent Mark From Roots 72.164ms
[2025-12-03T16:58:12.542+0000][7][gc,marking  ] GC(271) Concurrent Preclean
[2025-12-03T16:58:12.542+0000][7][gc,marking  ] GC(271) Concurrent Preclean 0.267ms
[2025-12-03T16:58:12.542+0000][7][gc,start    ] GC(271) Pause Remark
[2025-12-03T16:58:12.586+0000][7][gc          ] GC(271) Pause Remark 169M->169M(512M) 43.986ms
[2025-12-03T16:58:12.587+0000][7][gc,cpu      ] GC(271) User=0.30s Sys=0.00s Real=0.05s
[2025-12-03T16:58:12.587+0000][7][safepoint   ] Safepoint "G1Concurrent", Time since last: 76533167 ns, Reaching safepoint: 81333 ns, At safepoint: 44481417 ns, Total: 44562750 ns
[2025-12-03T16:58:12.588+0000][7][gc,marking  ] GC(271) Concurrent Mark 118.649ms
[2025-12-03T16:58:12.588+0000][7][gc,marking  ] GC(271) Concurrent Rebuild Remembered Sets
[2025-12-03T16:58:12.637+0000][7][gc,marking  ] GC(271) Concurrent Rebuild Remembered Sets 48.924ms
[2025-12-03T16:58:12.638+0000][7][gc,start    ] GC(271) Pause Cleanup
[2025-12-03T16:58:12.638+0000][7][gc          ] GC(271) Pause Cleanup 169M->169M(512M) 0.288ms
[2025-12-03T16:58:12.638+0000][7][gc,cpu      ] GC(271) User=0.00s Sys=0.00s Real=0.00s
[2025-12-03T16:58:12.638+0000][7][safepoint   ] Safepoint "G1Concurrent", Time since last: 50751958 ns, Reaching safepoint: 139125 ns, At safepoint: 503750 ns, Total: 642875 ns
[2025-12-03T16:58:12.638+0000][7][gc,marking  ] GC(271) Concurrent Cleanup for Next Mark
[2025-12-03T16:58:12.640+0000][7][gc,marking  ] GC(271) Concurrent Cleanup for Next Mark 2.009ms
[2025-12-03T16:58:12.641+0000][7][gc          ] GC(271) Concurrent Mark Cycle 174.938ms
[2025-12-03T16:58:19.716+0000][7][safepoint   ] Safepoint "Cleanup", Time since last: 7076882128 ns, Reaching safepoint: 732209 ns, At safepoint: 48666 ns, Total: 780875 ns
[2025-12-03T16:58:27.729+0000][7][safepoint   ] Safepoint "Cleanup", Time since last: 8012226671 ns, Reaching safepoint: 319875 ns, At safepoint: 14292 ns, Total: 334167 ns
[2025-12-03T16:58:43.752+0000][7][safepoint   ] Safepoint "Cleanup", Time since last: 16025958840 ns, Reaching safepoint: 92208 ns, At safepoint: 3792 ns, Total: 96000 ns
[2025-12-03T16:58:51.240+0000][7][gc,start    ] GC(272) Pause Young (Normal) (G1 Evacuation Pause)
[2025-12-03T16:58:51.241+0000][7][gc,task     ] GC(272) Using 8 workers of 8 for evacuation
[2025-12-03T16:58:51.241+0000][7][gc,age      ] GC(272) Desired survivor size 16777216 bytes, new threshold 15 (max threshold 15)
[2025-12-03T16:58:51.250+0000][7][gc,age      ] GC(272) Age table with threshold 15 (max threshold 15)
[2025-12-03T16:58:51.250+0000][7][gc,age      ] GC(272) - age   1:    2222808 bytes,    2222808 total
[2025-12-03T16:58:51.250+0000][7][gc,age      ] GC(272) - age   2:     320424 bytes,    2543232 total
[2025-12-03T16:58:51.250+0000][7][gc,age      ] GC(272) - age   3:     295928 bytes,    2839160 total
[2025-12-03T16:58:51.251+0000][7][gc,age      ] GC(272) - age   4:     371768 bytes,    3210928 total
[2025-12-03T16:58:51.251+0000][7][gc,age      ] GC(272) - age   5:       6856 bytes,    3217784 total
[2025-12-03T16:58:51.251+0000][7][gc,age      ] GC(272) - age   6:      74704 bytes,    3292488 total
[2025-12-03T16:58:51.251+0000][7][gc,age      ] GC(272) - age   7:       8432 bytes,    3300920 total
[2025-12-03T16:58:51.251+0000][7][gc,age      ] GC(272) - age   8:      10000 bytes,    3310920 total
[2025-12-03T16:58:51.251+0000][7][gc,age      ] GC(272) - age   9:     255640 bytes,    3566560 total
[2025-12-03T16:58:51.251+0000][7][gc,age      ] GC(272) - age  10:      86312 bytes,    3652872 total
[2025-12-03T16:58:51.251+0000][7][gc,age      ] GC(272) - age  11:     396528 bytes,    4049400 total
[2025-12-03T16:58:51.251+0000][7][gc,age      ] GC(272) - age  12:       8696 bytes,    4058096 total
[2025-12-03T16:58:51.251+0000][7][gc,age      ] GC(272) - age  13:    2631520 bytes,    6689616 total
[2025-12-03T16:58:51.251+0000][7][gc,age      ] GC(272) - age  14:      18144 bytes,    6707760 total
[2025-12-03T16:58:51.251+0000][7][gc,age      ] GC(272) - age  15:     656936 bytes,    7364696 total
[2025-12-03T16:58:51.251+0000][7][gc,phases   ] GC(272)   Pre Evacuate Collection Set: 0.2ms
[2025-12-03T16:58:51.251+0000][7][gc,phases   ] GC(272)   Merge Heap Roots: 0.2ms
[2025-12-03T16:58:51.251+0000][7][gc,phases   ] GC(272)   Evacuate Collection Set: 7.2ms
[2025-12-03T16:58:51.251+0000][7][gc,phases   ] GC(272)   Post Evacuate Collection Set: 1.8ms
[2025-12-03T16:58:51.251+0000][7][gc,phases   ] GC(272)   Other: 1.5ms
[2025-12-03T16:58:51.251+0000][7][gc,heap     ] GC(272) Eden regions: 61->0(61)
[2025-12-03T16:58:51.251+0000][7][gc,heap     ] GC(272) Survivor regions: 2->2(8)
[2025-12-03T16:58:51.251+0000][7][gc,heap     ] GC(272) Old regions: 38->38
[2025-12-03T16:58:51.251+0000][7][gc,heap     ] GC(272) Archive regions: 2->2
[2025-12-03T16:58:51.251+0000][7][gc,heap     ] GC(272) Humongous regions: 2->2
[2025-12-03T16:58:51.251+0000][7][gc,metaspace] GC(272) Metaspace: 115849K(117568K)->115849K(117568K) NonClass: 101070K(102016K)->101070K(102016K) Class: 14779K(15552K)->14779K(15552K)
[2025-12-03T16:58:51.251+0000][7][gc          ] GC(272) Pause Young (Normal) (G1 Evacuation Pause) 413M->169M(512M) 11.046ms
[2025-12-03T16:58:51.251+0000][7][gc,cpu      ] GC(272) User=0.06s Sys=0.00s Real=0.02s
[2025-12-03T16:58:51.251+0000][7][safepoint   ] Safepoint "G1CollectForAllocation", Time since last: 7487605045 ns, Reaching safepoint: 100875 ns, At safepoint: 11263833 ns, Total: 11364708 ns
[2025-12-03T16:59:03.264+0000][7][safepoint   ] Safepoint "Cleanup", Time since last: 12010346714 ns, Reaching safepoint: 256708 ns, At safepoint: 29375 ns, Total: 286083 ns
[2025-12-03T16:59:20.291+0000][7][safepoint   ] Safepoint "Cleanup", Time since last: 17025837425 ns, Reaching safepoint: 800041 ns, At safepoint: 10625 ns, Total: 810666 ns
[2025-12-03T16:59:30.390+0000][7][gc,start    ] GC(273) Pause Young (Concurrent Start) (G1 Evacuation Pause)
[2025-12-03T16:59:30.391+0000][7][gc,task     ] GC(273) Using 8 workers of 8 for evacuation
[2025-12-03T16:59:30.392+0000][7][gc,age      ] GC(273) Desired survivor size 16777216 bytes, new threshold 15 (max threshold 15)
[2025-12-03T16:59:30.430+0000][7][gc,age      ] GC(273) Age table with threshold 15 (max threshold 15)
[2025-12-03T16:59:30.431+0000][7][gc,age      ] GC(273) - age   1:    2615616 bytes,    2615616 total
[2025-12-03T16:59:30.431+0000][7][gc,age      ] GC(273) - age   2:     582856 bytes,    3198472 total
[2025-12-03T16:59:30.431+0000][7][gc,age      ] GC(273) - age   3:     316488 bytes,    3514960 total
[2025-12-03T16:59:30.431+0000][7][gc,age      ] GC(273) - age   4:     294816 bytes,    3809776 total
[2025-12-03T16:59:30.431+0000][7][gc,age      ] GC(273) - age   5:     371544 bytes,    4181320 total
[2025-12-03T16:59:30.431+0000][7][gc,age      ] GC(273) - age   6:       6792 bytes,    4188112 total
[2025-12-03T16:59:30.431+0000][7][gc,age      ] GC(273) - age   7:      74640 bytes,    4262752 total
[2025-12-03T16:59:30.431+0000][7][gc,age      ] GC(273) - age   8:       8432 bytes,    4271184 total
[2025-12-03T16:59:30.432+0000][7][gc,age      ] GC(273) - age   9:       9936 bytes,    4281120 total
[2025-12-03T16:59:30.432+0000][7][gc,age      ] GC(273) - age  10:     255640 bytes,    4536760 total
[2025-12-03T16:59:30.432+0000][7][gc,age      ] GC(273) - age  11:      86312 bytes,    4623072 total
[2025-12-03T16:59:30.432+0000][7][gc,age      ] GC(273) - age  12:     396528 bytes,    5019600 total
[2025-12-03T16:59:30.432+0000][7][gc,age      ] GC(273) - age  13:       8696 bytes,    5028296 total
[2025-12-03T16:59:30.432+0000][7][gc,age      ] GC(273) - age  14:    2631520 bytes,    7659816 total
[2025-12-03T16:59:30.432+0000][7][gc,age      ] GC(273) - age  15:      18144 bytes,    7677960 total
[2025-12-03T16:59:30.432+0000][7][gc,phases   ] GC(273)   Pre Evacuate Collection Set: 3.3ms
[2025-12-03T16:59:30.432+0000][7][gc,phases   ] GC(273)   Merge Heap Roots: 0.4ms
[2025-12-03T16:59:30.432+0000][7][gc,phases   ] GC(273)   Evacuate Collection Set: 28.9ms
[2025-12-03T16:59:30.432+0000][7][gc,phases   ] GC(273)   Post Evacuate Collection Set: 6.2ms
[2025-12-03T16:59:30.432+0000][7][gc,phases   ] GC(273)   Other: 2.8ms
[2025-12-03T16:59:30.433+0000][7][gc,heap     ] GC(273) Eden regions: 61->0(61)
[2025-12-03T16:59:30.433+0000][7][gc,heap     ] GC(273) Survivor regions: 2->2(8)
[2025-12-03T16:59:30.433+0000][7][gc,heap     ] GC(273) Old regions: 38->38
[2025-12-03T16:59:30.433+0000][7][gc,heap     ] GC(273) Archive regions: 2->2
[2025-12-03T16:59:30.433+0000][7][gc,heap     ] GC(273) Humongous regions: 2->2
[2025-12-03T16:59:30.433+0000][7][gc,metaspace] GC(273) Metaspace: 115850K(117568K)->115850K(117568K) NonClass: 101070K(102016K)->101070K(102016K) Class: 14779K(15552K)->14779K(15552K)
[2025-12-03T16:59:30.433+0000][7][gc          ] GC(273) Pause Young (Concurrent Start) (G1 Evacuation Pause) 413M->170M(512M) 42.371ms
[2025-12-03T16:59:30.433+0000][7][gc,cpu      ] GC(273) User=0.21s Sys=0.02s Real=0.04s
[2025-12-03T16:59:30.433+0000][7][safepoint   ] Safepoint "G1CollectForAllocation", Time since last: 10098679464 ns, Reaching safepoint: 409250 ns, At safepoint: 42776041 ns, Total: 43185291 ns
[2025-12-03T16:59:30.433+0000][7][gc          ] GC(274) Concurrent Mark Cycle
[2025-12-03T16:59:30.433+0000][7][gc,marking  ] GC(274) Concurrent Clear Claimed Marks
[2025-12-03T16:59:30.434+0000][7][gc,marking  ] GC(274) Concurrent Clear Claimed Marks 0.311ms
[2025-12-03T16:59:30.434+0000][7][gc,marking  ] GC(274) Concurrent Scan Root Regions
[2025-12-03T16:59:30.438+0000][7][gc,marking  ] GC(274) Concurrent Scan Root Regions 4.442ms
[2025-12-03T16:59:30.439+0000][7][gc,marking  ] GC(274) Concurrent Mark
[2025-12-03T16:59:30.439+0000][7][gc,marking  ] GC(274) Concurrent Mark From Roots
[2025-12-03T16:59:30.439+0000][7][gc,task     ] GC(274) Using 2 workers of 2 for marking
[2025-12-03T16:59:30.509+0000][7][gc,marking  ] GC(274) Concurrent Mark From Roots 69.866ms
[2025-12-03T16:59:30.509+0000][7][gc,marking  ] GC(274) Concurrent Preclean
[2025-12-03T16:59:30.509+0000][7][gc,marking  ] GC(274) Concurrent Preclean 0.262ms
[2025-12-03T16:59:30.509+0000][7][gc,start    ] GC(274) Pause Remark
[2025-12-03T16:59:30.533+0000][7][gc          ] GC(274) Pause Remark 174M->174M(512M) 23.914ms
[2025-12-03T16:59:30.533+0000][7][gc,cpu      ] GC(274) User=0.13s Sys=0.00s Real=0.03s
[2025-12-03T16:59:30.533+0000][7][safepoint   ] Safepoint "G1Concurrent", Time since last: 76080417 ns, Reaching safepoint: 139708 ns, At safepoint: 24191292 ns, Total: 24331000 ns
[2025-12-03T16:59:30.533+0000][7][gc,marking  ] GC(274) Concurrent Mark 94.923ms
[2025-12-03T16:59:30.534+0000][7][gc,marking  ] GC(274) Concurrent Rebuild Remembered Sets
[2025-12-03T16:59:30.567+0000][7][gc,marking  ] GC(274) Concurrent Rebuild Remembered Sets 33.313ms
[2025-12-03T16:59:30.567+0000][7][gc,start    ] GC(274) Pause Cleanup
[2025-12-03T16:59:30.568+0000][7][gc          ] GC(274) Pause Cleanup 174M->174M(512M) 0.355ms
[2025-12-03T16:59:30.568+0000][7][gc,cpu      ] GC(274) User=0.00s Sys=0.00s Real=0.00s
[2025-12-03T16:59:30.568+0000][7][safepoint   ] Safepoint "G1Concurrent", Time since last: 33656708 ns, Reaching safepoint: 86625 ns, At safepoint: 588167 ns, Total: 674792 ns
[2025-12-03T16:59:30.568+0000][7][gc,marking  ] GC(274) Concurrent Cleanup for Next Mark
[2025-12-03T16:59:30.570+0000][7][gc,marking  ] GC(274) Concurrent Cleanup for Next Mark 1.697ms
[2025-12-03T16:59:30.570+0000][7][gc          ] GC(274) Concurrent Mark Cycle 136.597ms
[2025-12-03T16:59:51.599+0000][7][safepoint   ] Safepoint "Cleanup", Time since last: 21029806218 ns, Reaching safepoint: 235750 ns, At safepoint: 16292 ns, Total: 252042 ns
[2025-12-03T17:00:02.634+0000][7][safepoint   ] Safepoint "Cleanup", Time since last: 11029246712 ns, Reaching safepoint: 4360250 ns, At safepoint: 90209 ns, Total: 4450459 ns
[2025-12-03T17:00:06.616+0000][7][gc,start    ] GC(275) Pause Young (Normal) (G1 Evacuation Pause)
[2025-12-03T17:00:06.617+0000][7][gc,task     ] GC(275) Using 8 workers of 8 for evacuation
[2025-12-03T17:00:06.617+0000][7][gc,age      ] GC(275) Desired survivor size 16777216 bytes, new threshold 15 (max threshold 15)
[2025-12-03T17:00:06.643+0000][7][gc,age      ] GC(275) Age table with threshold 15 (max threshold 15)
[2025-12-03T17:00:06.645+0000][7][gc,age      ] GC(275) - age   1:    3293440 bytes,    3293440 total
[2025-12-03T17:00:06.645+0000][7][gc,age      ] GC(275) - age   2:     624824 bytes,    3918264 total
[2025-12-03T17:00:06.646+0000][7][gc,age      ] GC(275) - age   3:     580504 bytes,    4498768 total
[2025-12-03T17:00:06.647+0000][7][gc,age      ] GC(275) - age   4:     315912 bytes,    4814680 total
[2025-12-03T17:00:06.647+0000][7][gc,age      ] GC(275) - age   5:      31784 bytes,    4846464 total
[2025-12-03T17:00:06.647+0000][7][gc,age      ] GC(275) - age   6:     371448 bytes,    5217912 total
[2025-12-03T17:00:06.647+0000][7][gc,age      ] GC(275) - age   7:       6536 bytes,    5224448 total
[2025-12-03T17:00:06.647+0000][7][gc,age      ] GC(275) - age   8:      74320 bytes,    5298768 total
[2025-12-03T17:00:06.648+0000][7][gc,age      ] GC(275) - age   9:       8432 bytes,    5307200 total
[2025-12-03T17:00:06.649+0000][7][gc,age      ] GC(275) - age  10:       9936 bytes,    5317136 total
[2025-12-03T17:00:06.649+0000][7][gc,age      ] GC(275) - age  11:     255640 bytes,    5572776 total
[2025-12-03T17:00:06.649+0000][7][gc,age      ] GC(275) - age  12:      86248 bytes,    5659024 total
[2025-12-03T17:00:06.649+0000][7][gc,age      ] GC(275) - age  13:     396528 bytes,    6055552 total
[2025-12-03T17:00:06.649+0000][7][gc,age      ] GC(275) - age  14:       8696 bytes,    6064248 total
[2025-12-03T17:00:06.649+0000][7][gc,age      ] GC(275) - age  15:    2631520 bytes,    8695768 total
[2025-12-03T17:00:06.649+0000][7][gc,phases   ] GC(275)   Pre Evacuate Collection Set: 0.4ms
[2025-12-03T17:00:06.649+0000][7][gc,phases   ] GC(275)   Merge Heap Roots: 0.2ms
[2025-12-03T17:00:06.649+0000][7][gc,phases   ] GC(275)   Evacuate Collection Set: 17.0ms
[2025-12-03T17:00:06.650+0000][7][gc,phases   ] GC(275)   Post Evacuate Collection Set: 7.5ms
[2025-12-03T17:00:06.650+0000][7][gc,phases   ] GC(275)   Other: 8.4ms
[2025-12-03T17:00:06.650+0000][7][gc,heap     ] GC(275) Eden regions: 61->0(60)
[2025-12-03T17:00:06.650+0000][7][gc,heap     ] GC(275) Survivor regions: 2->3(8)
[2025-12-03T17:00:06.650+0000][7][gc,heap     ] GC(275) Old regions: 38->38
[2025-12-03T17:00:06.651+0000][7][gc,heap     ] GC(275) Archive regions: 2->2
[2025-12-03T17:00:06.651+0000][7][gc,heap     ] GC(275) Humongous regions: 2->2
[2025-12-03T17:00:06.651+0000][7][gc,metaspace] GC(275) Metaspace: 115850K(117568K)->115850K(117568K) NonClass: 101070K(102016K)->101070K(102016K) Class: 14779K(15552K)->14779K(15552K)
[2025-12-03T17:00:06.651+0000][7][gc          ] GC(275) Pause Young (Normal) (G1 Evacuation Pause) 414M->171M(512M) 35.423ms
[2025-12-03T17:00:06.651+0000][7][gc,cpu      ] GC(275) User=0.09s Sys=0.00s Real=0.03s
[2025-12-03T17:00:06.652+0000][7][safepoint   ] Safepoint "G1CollectForAllocation", Time since last: 3981604752 ns, Reaching safepoint: 170125 ns, At safepoint: 35734833 ns, Total: 35904958 ns
[2025-12-03T17:00:07.653+0000][7][safepoint   ] Safepoint "Cleanup", Time since last: 1001493084 ns, Reaching safepoint: 118250 ns, At safepoint: 6541 ns, Total: 124791 ns
[2025-12-03T17:00:10.657+0000][7][safepoint   ] Safepoint "Cleanup", Time since last: 3003524627 ns, Reaching safepoint: 170583 ns, At safepoint: 4417 ns, Total: 175000 ns
[2025-12-03T17:00:15.662+0000][7][safepoint   ] Safepoint "Cleanup", Time since last: 5004957669 ns, Reaching safepoint: 366583 ns, At safepoint: 69459 ns, Total: 436042 ns
[2025-12-03T17:00:45.780+0000][7][gc,start    ] GC(276) Pause Young (Concurrent Start) (G1 Evacuation Pause)
[2025-12-03T17:00:45.782+0000][7][gc,task     ] GC(276) Using 8 workers of 8 for evacuation
[2025-12-03T17:00:45.782+0000][7][gc,age      ] GC(276) Desired survivor size 16777216 bytes, new threshold 15 (max threshold 15)
[2025-12-03T17:00:45.805+0000][7][gc,age      ] GC(276) Age table with threshold 15 (max threshold 15)
[2025-12-03T17:00:45.805+0000][7][gc,age      ] GC(276) - age   1:    1991144 bytes,    1991144 total
[2025-12-03T17:00:45.805+0000][7][gc,age      ] GC(276) - age   2:     365888 bytes,    2357032 total
[2025-12-03T17:00:45.805+0000][7][gc,age      ] GC(276) - age   3:     206448 bytes,    2563480 total
[2025-12-03T17:00:45.805+0000][7][gc,age      ] GC(276) - age   4:      80136 bytes,    2643616 total
[2025-12-03T17:00:45.806+0000][7][gc,age      ] GC(276) - age   5:     315600 bytes,    2959216 total
[2025-12-03T17:00:45.806+0000][7][gc,age      ] GC(276) - age   6:      31480 bytes,    2990696 total
[2025-12-03T17:00:45.806+0000][7][gc,age      ] GC(276) - age   7:     371384 bytes,    3362080 total
[2025-12-03T17:00:45.806+0000][7][gc,age      ] GC(276) - age   8:       6536 bytes,    3368616 total
[2025-12-03T17:00:45.806+0000][7][gc,age      ] GC(276) - age   9:      74256 bytes,    3442872 total
[2025-12-03T17:00:45.806+0000][7][gc,age      ] GC(276) - age  10:       8432 bytes,    3451304 total
[2025-12-03T17:00:45.806+0000][7][gc,age      ] GC(276) - age  11:       9936 bytes,    3461240 total
[2025-12-03T17:00:45.806+0000][7][gc,age      ] GC(276) - age  12:     255640 bytes,    3716880 total
[2025-12-03T17:00:45.806+0000][7][gc,age      ] GC(276) - age  13:      86248 bytes,    3803128 total
[2025-12-03T17:00:45.806+0000][7][gc,age      ] GC(276) - age  14:     396528 bytes,    4199656 total
[2025-12-03T17:00:45.806+0000][7][gc,age      ] GC(276) - age  15:       8696 bytes,    4208352 total
[2025-12-03T17:00:45.806+0000][7][gc,phases   ] GC(276)   Pre Evacuate Collection Set: 4.1ms
[2025-12-03T17:00:45.806+0000][7][gc,phases   ] GC(276)   Merge Heap Roots: 0.3ms
[2025-12-03T17:00:45.807+0000][7][gc,phases   ] GC(276)   Evacuate Collection Set: 14.8ms
[2025-12-03T17:00:45.807+0000][7][gc,phases   ] GC(276)   Post Evacuate Collection Set: 2.2ms
[2025-12-03T17:00:45.807+0000][7][gc,phases   ] GC(276)   Other: 5.3ms
[2025-12-03T17:00:45.807+0000][7][gc,heap     ] GC(276) Eden regions: 60->0(60)
[2025-12-03T17:00:45.807+0000][7][gc,heap     ] GC(276) Survivor regions: 3->2(8)
[2025-12-03T17:00:45.807+0000][7][gc,heap     ] GC(276) Old regions: 38->39
[2025-12-03T17:00:45.807+0000][7][gc,heap     ] GC(276) Archive regions: 2->2
[2025-12-03T17:00:45.807+0000][7][gc,heap     ] GC(276) Humongous regions: 2->2
[2025-12-03T17:00:45.807+0000][7][gc,metaspace] GC(276) Metaspace: 115855K(117568K)->115855K(117568K) NonClass: 101076K(102016K)->101076K(102016K) Class: 14779K(15552K)->14779K(15552K)
[2025-12-03T17:00:45.807+0000][7][gc          ] GC(276) Pause Young (Concurrent Start) (G1 Evacuation Pause) 411M->169M(512M) 27.209ms
[2025-12-03T17:00:45.807+0000][7][gc,cpu      ] GC(276) User=0.11s Sys=0.01s Real=0.03s
[2025-12-03T17:00:45.807+0000][7][safepoint   ] Safepoint "G1CollectForAllocation", Time since last: 30116358388 ns, Reaching safepoint: 514917 ns, At safepoint: 27780833 ns, Total: 28295750 ns
[2025-12-03T17:00:45.807+0000][7][gc          ] GC(277) Concurrent Mark Cycle
[2025-12-03T17:00:45.808+0000][7][gc,marking  ] GC(277) Concurrent Clear Claimed Marks
[2025-12-03T17:00:45.808+0000][7][gc,marking  ] GC(277) Concurrent Clear Claimed Marks 0.275ms
[2025-12-03T17:00:45.808+0000][7][gc,marking  ] GC(277) Concurrent Scan Root Regions
[2025-12-03T17:00:45.813+0000][7][gc,marking  ] GC(277) Concurrent Scan Root Regions 5.194ms
[2025-12-03T17:00:45.814+0000][7][gc,marking  ] GC(277) Concurrent Mark
[2025-12-03T17:00:45.814+0000][7][gc,marking  ] GC(277) Concurrent Mark From Roots
[2025-12-03T17:00:45.814+0000][7][gc,task     ] GC(277) Using 2 workers of 2 for marking
[2025-12-03T17:00:45.890+0000][7][gc,marking  ] GC(277) Concurrent Mark From Roots 76.572ms
[2025-12-03T17:00:45.890+0000][7][gc,marking  ] GC(277) Concurrent Preclean
[2025-12-03T17:00:45.891+0000][7][gc,marking  ] GC(277) Concurrent Preclean 0.266ms
[2025-12-03T17:00:45.891+0000][7][gc,start    ] GC(277) Pause Remark
[2025-12-03T17:00:45.914+0000][7][gc          ] GC(277) Pause Remark 172M->172M(512M) 22.859ms
[2025-12-03T17:00:45.914+0000][7][gc,cpu      ] GC(277) User=0.18s Sys=0.00s Real=0.02s
[2025-12-03T17:00:45.914+0000][7][safepoint   ] Safepoint "G1Concurrent", Time since last: 83348459 ns, Reaching safepoint: 77708 ns, At safepoint: 23098958 ns, Total: 23176666 ns
[2025-12-03T17:00:45.914+0000][7][gc,marking  ] GC(277) Concurrent Mark 100.446ms
[2025-12-03T17:00:45.914+0000][7][gc,marking  ] GC(277) Concurrent Rebuild Remembered Sets
[2025-12-03T17:00:45.942+0000][7][gc,marking  ] GC(277) Concurrent Rebuild Remembered Sets 28.133ms
[2025-12-03T17:00:45.942+0000][7][gc,start    ] GC(277) Pause Cleanup
[2025-12-03T17:00:45.943+0000][7][gc          ] GC(277) Pause Cleanup 172M->172M(512M) 0.119ms
[2025-12-03T17:00:45.943+0000][7][gc,cpu      ] GC(277) User=0.00s Sys=0.00s Real=0.00s
[2025-12-03T17:00:45.943+0000][7][safepoint   ] Safepoint "G1Concurrent", Time since last: 28399584 ns, Reaching safepoint: 100875 ns, At safepoint: 293500 ns, Total: 394375 ns
[2025-12-03T17:00:45.943+0000][7][gc,marking  ] GC(277) Concurrent Cleanup for Next Mark
[2025-12-03T17:00:45.944+0000][7][gc,marking  ] GC(277) Concurrent Cleanup for Next Mark 1.395ms
[2025-12-03T17:00:45.944+0000][7][gc          ] GC(277) Concurrent Mark Cycle 136.830ms
[2025-12-03T17:00:54.951+0000][7][safepoint   ] Safepoint "Cleanup", Time since last: 9008376754 ns, Reaching safepoint: 121750 ns, At safepoint: 4667 ns, Total: 126417 ns
[2025-12-03T17:00:58.957+0000][7][safepoint   ] Safepoint "Cleanup", Time since last: 4005084877 ns, Reaching safepoint: 226083 ns, At safepoint: 15083 ns, Total: 241166 ns
[2025-12-03T17:01:03.962+0000][7][safepoint   ] Safepoint "Cleanup", Time since last: 5004077335 ns, Reaching safepoint: 316000 ns, At safepoint: 9084 ns, Total: 325084 ns
[2025-12-03T17:01:10.975+0000][7][safepoint   ] Safepoint "Cleanup", Time since last: 7013240795 ns, Reaching safepoint: 408916 ns, At safepoint: 39250 ns, Total: 448166 ns
[2025-12-03T17:01:27.327+0000][7][gc,start    ] GC(278) Pause Young (Normal) (G1 Evacuation Pause)
[2025-12-03T17:01:27.328+0000][7][gc,task     ] GC(278) Using 8 workers of 8 for evacuation
[2025-12-03T17:01:27.328+0000][7][gc,age      ] GC(278) Desired survivor size 16777216 bytes, new threshold 15 (max threshold 15)
[2025-12-03T17:01:27.350+0000][7][gc,age      ] GC(278) Age table with threshold 15 (max threshold 15)
[2025-12-03T17:01:27.350+0000][7][gc,age      ] GC(278) - age   1:    3336880 bytes,    3336880 total
[2025-12-03T17:01:27.350+0000][7][gc,age      ] GC(278) - age   2:     643480 bytes,    3980360 total
[2025-12-03T17:01:27.351+0000][7][gc,age      ] GC(278) - age   3:     360200 bytes,    4340560 total
[2025-12-03T17:01:27.351+0000][7][gc,age      ] GC(278) - age   4:      74080 bytes,    4414640 total
[2025-12-03T17:01:27.351+0000][7][gc,age      ] GC(278) - age   5:      79432 bytes,    4494072 total
[2025-12-03T17:01:27.351+0000][7][gc,age      ] GC(278) - age   6:     315536 bytes,    4809608 total
[2025-12-03T17:01:27.351+0000][7][gc,age      ] GC(278) - age   7:      31480 bytes,    4841088 total
[2025-12-03T17:01:27.351+0000][7][gc,age      ] GC(278) - age   8:     371320 bytes,    5212408 total
[2025-12-03T17:01:27.352+0000][7][gc,age      ] GC(278) - age   9:       6536 bytes,    5218944 total
[2025-12-03T17:01:27.352+0000][7][gc,age      ] GC(278) - age  10:      74128 bytes,    5293072 total
[2025-12-03T17:01:27.352+0000][7][gc,age      ] GC(278) - age  11:       8368 bytes,    5301440 total
[2025-12-03T17:01:27.352+0000][7][gc,age      ] GC(278) - age  12:       9936 bytes,    5311376 total
[2025-12-03T17:01:27.352+0000][7][gc,age      ] GC(278) - age  13:     255640 bytes,    5567016 total
[2025-12-03T17:01:27.352+0000][7][gc,age      ] GC(278) - age  14:      86248 bytes,    5653264 total
[2025-12-03T17:01:27.352+0000][7][gc,age      ] GC(278) - age  15:     396528 bytes,    6049792 total
[2025-12-03T17:01:27.352+0000][7][gc,phases   ] GC(278)   Pre Evacuate Collection Set: 1.0ms
[2025-12-03T17:01:27.352+0000][7][gc,phases   ] GC(278)   Merge Heap Roots: 0.6ms
[2025-12-03T17:01:27.352+0000][7][gc,phases   ] GC(278)   Evacuate Collection Set: 17.3ms
[2025-12-03T17:01:27.353+0000][7][gc,phases   ] GC(278)   Post Evacuate Collection Set: 2.4ms
[2025-12-03T17:01:27.353+0000][7][gc,phases   ] GC(278)   Other: 4.6ms
[2025-12-03T17:01:27.353+0000][7][gc,heap     ] GC(278) Eden regions: 60->0(60)
[2025-12-03T17:01:27.353+0000][7][gc,heap     ] GC(278) Survivor regions: 2->2(8)
[2025-12-03T17:01:27.353+0000][7][gc,heap     ] GC(278) Old regions: 39->39
[2025-12-03T17:01:27.353+0000][7][gc,heap     ] GC(278) Archive regions: 2->2
[2025-12-03T17:01:27.353+0000][7][gc,heap     ] GC(278) Humongous regions: 2->2
[2025-12-03T17:01:27.353+0000][7][gc,metaspace] GC(278) Metaspace: 115859K(117568K)->115859K(117568K) NonClass: 101079K(102016K)->101079K(102016K) Class: 14779K(15552K)->14779K(15552K)
[2025-12-03T17:01:27.353+0000][7][gc          ] GC(278) Pause Young (Normal) (G1 Evacuation Pause) 409M->171M(512M) 26.212ms
[2025-12-03T17:01:27.353+0000][7][gc,cpu      ] GC(278) User=0.11s Sys=0.00s Real=0.03s
[2025-12-03T17:01:27.353+0000][7][safepoint   ] Safepoint "G1CollectForAllocation", Time since last: 16350201341 ns, Reaching safepoint: 753209 ns, At safepoint: 26730333 ns, Total: 27483542 ns
[2025-12-03T17:01:33.440+0000][7][safepoint   ] Safepoint "Cleanup", Time since last: 6084585960 ns, Reaching safepoint: 1360417 ns, At safepoint: 80125 ns, Total: 1440542 ns
[2025-12-03T17:01:55.489+0000][7][safepoint   ] Safepoint "Cleanup", Time since last: 22047962552 ns, Reaching safepoint: 792667 ns, At safepoint: 582917 ns, Total: 1375584 ns
[2025-12-03T17:01:57.493+0000][7][safepoint   ] Safepoint "Cleanup", Time since last: 2003394709 ns, Reaching safepoint: 99667 ns, At safepoint: 8708 ns, Total: 108375 ns
[2025-12-03T17:01:58.247+0000][7][gc,start    ] GC(279) Pause Young (Concurrent Start) (G1 Evacuation Pause)
[2025-12-03T17:01:58.248+0000][7][gc,task     ] GC(279) Using 8 workers of 8 for evacuation
[2025-12-03T17:01:58.249+0000][7][gc,age      ] GC(279) Desired survivor size 16777216 bytes, new threshold 15 (max threshold 15)
[2025-12-03T17:01:58.265+0000][7][gc,age      ] GC(279) Age table with threshold 15 (max threshold 15)
[2025-12-03T17:01:58.265+0000][7][gc,age      ] GC(279) - age   1:    1536104 bytes,    1536104 total
[2025-12-03T17:01:58.265+0000][7][gc,age      ] GC(279) - age   2:    2343928 bytes,    3880032 total
[2025-12-03T17:01:58.265+0000][7][gc,age      ] GC(279) - age   3:     641496 bytes,    4521528 total
[2025-12-03T17:01:58.265+0000][7][gc,age      ] GC(279) - age   4:      96872 bytes,    4618400 total
[2025-12-03T17:01:58.265+0000][7][gc,age      ] GC(279) - age   5:      73792 bytes,    4692192 total
[2025-12-03T17:01:58.265+0000][7][gc,age      ] GC(279) - age   6:      78840 bytes,    4771032 total
[2025-12-03T17:01:58.266+0000][7][gc,age      ] GC(279) - age   7:     315312 bytes,    5086344 total
[2025-12-03T17:01:58.266+0000][7][gc,age      ] GC(279) - age   8:      31352 bytes,    5117696 total
[2025-12-03T17:01:58.266+0000][7][gc,age      ] GC(279) - age   9:     371056 bytes,    5488752 total
[2025-12-03T17:01:58.266+0000][7][gc,age      ] GC(279) - age  10:       6536 bytes,    5495288 total
[2025-12-03T17:01:58.266+0000][7][gc,age      ] GC(279) - age  11:      74064 bytes,    5569352 total
[2025-12-03T17:01:58.266+0000][7][gc,age      ] GC(279) - age  12:       8368 bytes,    5577720 total
[2025-12-03T17:01:58.266+0000][7][gc,age      ] GC(279) - age  13:       9936 bytes,    5587656 total
[2025-12-03T17:01:58.267+0000][7][gc,age      ] GC(279) - age  14:     255640 bytes,    5843296 total
[2025-12-03T17:01:58.267+0000][7][gc,age      ] GC(279) - age  15:      86248 bytes,    5929544 total
[2025-12-03T17:01:58.267+0000][7][gc,phases   ] GC(279)   Pre Evacuate Collection Set: 3.4ms
[2025-12-03T17:01:58.267+0000][7][gc,phases   ] GC(279)   Merge Heap Roots: 0.2ms
[2025-12-03T17:01:58.267+0000][7][gc,phases   ] GC(279)   Evacuate Collection Set: 10.3ms
[2025-12-03T17:01:58.267+0000][7][gc,phases   ] GC(279)   Post Evacuate Collection Set: 2.1ms
[2025-12-03T17:01:58.267+0000][7][gc,phases   ] GC(279)   Other: 4.3ms
[2025-12-03T17:01:58.268+0000][7][gc,heap     ] GC(279) Eden regions: 60->0(60)
[2025-12-03T17:01:58.268+0000][7][gc,heap     ] GC(279) Survivor regions: 2->2(8)
[2025-12-03T17:01:58.268+0000][7][gc,heap     ] GC(279) Old regions: 39->39
[2025-12-03T17:01:58.268+0000][7][gc,heap     ] GC(279) Archive regions: 2->2
[2025-12-03T17:01:58.268+0000][7][gc,heap     ] GC(279) Humongous regions: 2->2
[2025-12-03T17:01:58.268+0000][7][gc,metaspace] GC(279) Metaspace: 115859K(117568K)->115859K(117568K) NonClass: 101079K(102016K)->101079K(102016K) Class: 14779K(15552K)->14779K(15552K)
[2025-12-03T17:01:58.268+0000][7][gc          ] GC(279) Pause Young (Concurrent Start) (G1 Evacuation Pause) 411M->171M(512M) 20.984ms
[2025-12-03T17:01:58.268+0000][7][gc,cpu      ] GC(279) User=0.05s Sys=0.00s Real=0.03s
[2025-12-03T17:01:58.269+0000][7][safepoint   ] Safepoint "G1CollectForAllocation", Time since last: 753511375 ns, Reaching safepoint: 38292 ns, At safepoint: 22331917 ns, Total: 22370209 ns
[2025-12-03T17:01:58.269+0000][7][gc          ] GC(280) Concurrent Mark Cycle
[2025-12-03T17:01:58.270+0000][7][gc,marking  ] GC(280) Concurrent Clear Claimed Marks
[2025-12-03T17:01:58.270+0000][7][gc,marking  ] GC(280) Concurrent Clear Claimed Marks 0.614ms
[2025-12-03T17:01:58.270+0000][7][gc,marking  ] GC(280) Concurrent Scan Root Regions
[2025-12-03T17:01:58.274+0000][7][gc,marking  ] GC(280) Concurrent Scan Root Regions 4.227ms
[2025-12-03T17:01:58.275+0000][7][gc,marking  ] GC(280) Concurrent Mark
[2025-12-03T17:01:58.275+0000][7][gc,marking  ] GC(280) Concurrent Mark From Roots
[2025-12-03T17:01:58.275+0000][7][gc,task     ] GC(280) Using 2 workers of 2 for marking
[2025-12-03T17:01:58.357+0000][7][gc,marking  ] GC(280) Concurrent Mark From Roots 82.360ms
[2025-12-03T17:01:58.357+0000][7][gc,marking  ] GC(280) Concurrent Preclean
[2025-12-03T17:01:58.358+0000][7][gc,marking  ] GC(280) Concurrent Preclean 0.344ms
[2025-12-03T17:01:58.358+0000][7][gc,start    ] GC(280) Pause Remark
[2025-12-03T17:01:58.392+0000][7][gc          ] GC(280) Pause Remark 173M->173M(512M) 33.947ms
[2025-12-03T17:01:58.392+0000][7][gc,cpu      ] GC(280) User=0.26s Sys=0.00s Real=0.03s
[2025-12-03T17:01:58.392+0000][7][safepoint   ] Safepoint "G1Concurrent", Time since last: 89106041 ns, Reaching safepoint: 98042 ns, At safepoint: 34238500 ns, Total: 34336542 ns
[2025-12-03T17:01:58.392+0000][7][gc,marking  ] GC(280) Concurrent Mark 117.496ms
[2025-12-03T17:01:58.392+0000][7][gc,marking  ] GC(280) Concurrent Rebuild Remembered Sets
[2025-12-03T17:01:58.421+0000][7][gc,marking  ] GC(280) Concurrent Rebuild Remembered Sets 28.796ms
[2025-12-03T17:01:58.421+0000][7][gc,start    ] GC(280) Pause Cleanup
[2025-12-03T17:01:58.421+0000][7][gc          ] GC(280) Pause Cleanup 173M->173M(512M) 0.120ms
[2025-12-03T17:01:58.421+0000][7][gc,cpu      ] GC(280) User=0.00s Sys=0.00s Real=0.00s
[2025-12-03T17:01:58.422+0000][7][safepoint   ] Safepoint "G1Concurrent", Time since last: 29102083 ns, Reaching safepoint: 90792 ns, At safepoint: 374875 ns, Total: 465667 ns
[2025-12-03T17:01:58.422+0000][7][gc,marking  ] GC(280) Concurrent Cleanup for Next Mark
[2025-12-03T17:01:58.428+0000][7][gc,marking  ] GC(280) Concurrent Cleanup for Next Mark 6.068ms
[2025-12-03T17:01:58.428+0000][7][gc          ] GC(280) Concurrent Mark Cycle 159.130ms
[2025-12-03T17:02:15.457+0000][7][safepoint   ] Safepoint "Cleanup", Time since last: 17035191508 ns, Reaching safepoint: 185666 ns, At safepoint: 2834 ns, Total: 188500 ns
[2025-12-03T17:02:18.464+0000][7][safepoint   ] Safepoint "Cleanup", Time since last: 3006304876 ns, Reaching safepoint: 45334 ns, At safepoint: 2083 ns, Total: 47417 ns
[2025-12-03T17:02:31.482+0000][7][safepoint   ] Safepoint "Cleanup", Time since last: 13017597381 ns, Reaching safepoint: 510458 ns, At safepoint: 41709 ns, Total: 552167 ns
[2025-12-03T17:02:39.473+0000][7][gc,start    ] GC(281) Pause Young (Normal) (G1 Evacuation Pause)
[2025-12-03T17:02:39.473+0000][7][gc,task     ] GC(281) Using 8 workers of 8 for evacuation
[2025-12-03T17:02:39.474+0000][7][gc,age      ] GC(281) Desired survivor size 16777216 bytes, new threshold 15 (max threshold 15)
[2025-12-03T17:02:39.484+0000][7][gc,age      ] GC(281) Age table with threshold 15 (max threshold 15)
[2025-12-03T17:02:39.484+0000][7][gc,age      ] GC(281) - age   1:    2920808 bytes,    2920808 total
[2025-12-03T17:02:39.484+0000][7][gc,age      ] GC(281) - age   2:      96136 bytes,    3016944 total
[2025-12-03T17:02:39.484+0000][7][gc,age      ] GC(281) - age   3:    2109752 bytes,    5126696 total
[2025-12-03T17:02:39.484+0000][7][gc,age      ] GC(281) - age   4:     142512 bytes,    5269208 total
[2025-12-03T17:02:39.484+0000][7][gc,age      ] GC(281) - age   5:      96520 bytes,    5365728 total
[2025-12-03T17:02:39.484+0000][7][gc,age      ] GC(281) - age   6:      73760 bytes,    5439488 total
[2025-12-03T17:02:39.484+0000][7][gc,age      ] GC(281) - age   7:      78776 bytes,    5518264 total
[2025-12-03T17:02:39.484+0000][7][gc,age      ] GC(281) - age   8:     314728 bytes,    5832992 total
[2025-12-03T17:02:39.484+0000][7][gc,age      ] GC(281) - age   9:      31352 bytes,    5864344 total
[2025-12-03T17:02:39.484+0000][7][gc,age      ] GC(281) - age  10:     371024 bytes,    6235368 total
[2025-12-03T17:02:39.484+0000][7][gc,age      ] GC(281) - age  11:       6536 bytes,    6241904 total
[2025-12-03T17:02:39.484+0000][7][gc,age      ] GC(281) - age  12:      74064 bytes,    6315968 total
[2025-12-03T17:02:39.484+0000][7][gc,age      ] GC(281) - age  13:       8368 bytes,    6324336 total
[2025-12-03T17:02:39.484+0000][7][gc,age      ] GC(281) - age  14:       9936 bytes,    6334272 total
[2025-12-03T17:02:39.484+0000][7][gc,age      ] GC(281) - age  15:     255640 bytes,    6589912 total
[2025-12-03T17:02:39.484+0000][7][gc,phases   ] GC(281)   Pre Evacuate Collection Set: 0.4ms
[2025-12-03T17:02:39.484+0000][7][gc,phases   ] GC(281)   Merge Heap Roots: 0.3ms
[2025-12-03T17:02:39.485+0000][7][gc,phases   ] GC(281)   Evacuate Collection Set: 7.4ms
[2025-12-03T17:02:39.485+0000][7][gc,phases   ] GC(281)   Post Evacuate Collection Set: 1.6ms
[2025-12-03T17:02:39.485+0000][7][gc,phases   ] GC(281)   Other: 1.9ms
[2025-12-03T17:02:39.485+0000][7][gc,heap     ] GC(281) Eden regions: 60->0(60)
[2025-12-03T17:02:39.485+0000][7][gc,heap     ] GC(281) Survivor regions: 2->2(8)
[2025-12-03T17:02:39.485+0000][7][gc,heap     ] GC(281) Old regions: 39->39
[2025-12-03T17:02:39.485+0000][7][gc,heap     ] GC(281) Archive regions: 2->2
[2025-12-03T17:02:39.485+0000][7][gc,heap     ] GC(281) Humongous regions: 2->2
[2025-12-03T17:02:39.485+0000][7][gc,metaspace] GC(281) Metaspace: 115859K(117568K)->115859K(117568K) NonClass: 101079K(102016K)->101079K(102016K) Class: 14779K(15552K)->14779K(15552K)
[2025-12-03T17:02:39.485+0000][7][gc          ] GC(281) Pause Young (Normal) (G1 Evacuation Pause) 411M->172M(512M) 12.038ms
[2025-12-03T17:02:39.485+0000][7][gc,cpu      ] GC(281) User=0.06s Sys=0.00s Real=0.01s
[2025-12-03T17:02:39.485+0000][7][safepoint   ] Safepoint "G1CollectForAllocation", Time since last: 7989044003 ns, Reaching safepoint: 187375 ns, At safepoint: 12393959 ns, Total: 12581334 ns
[2025-12-03T17:03:09.450+0000][7][gc,start    ] GC(282) Pause Young (Concurrent Start) (G1 Evacuation Pause)
[2025-12-03T17:03:09.451+0000][7][gc,task     ] GC(282) Using 8 workers of 8 for evacuation
[2025-12-03T17:03:09.451+0000][7][gc,age      ] GC(282) Desired survivor size 16777216 bytes, new threshold 15 (max threshold 15)
[2025-12-03T17:03:09.478+0000][7][gc,age      ] GC(282) Age table with threshold 15 (max threshold 15)
[2025-12-03T17:03:09.479+0000][7][gc,age      ] GC(282) - age   1:    2542312 bytes,    2542312 total
[2025-12-03T17:03:09.479+0000][7][gc,age      ] GC(282) - age   2:     859176 bytes,    3401488 total
[2025-12-03T17:03:09.479+0000][7][gc,age      ] GC(282) - age   3:      91800 bytes,    3493288 total
[2025-12-03T17:03:09.479+0000][7][gc,age      ] GC(282) - age   4:    2108312 bytes,    5601600 total
[2025-12-03T17:03:09.479+0000][7][gc,age      ] GC(282) - age   5:      11424 bytes,    5613024 total
[2025-12-03T17:03:09.479+0000][7][gc,age      ] GC(282) - age   6:      96184 bytes,    5709208 total
[2025-12-03T17:03:09.479+0000][7][gc,age      ] GC(282) - age   7:      73760 bytes,    5782968 total
[2025-12-03T17:03:09.479+0000][7][gc,age      ] GC(282) - age   8:      78776 bytes,    5861744 total
[2025-12-03T17:03:09.479+0000][7][gc,age      ] GC(282) - age   9:     314728 bytes,    6176472 total
[2025-12-03T17:03:09.479+0000][7][gc,age      ] GC(282) - age  10:      31352 bytes,    6207824 total
[2025-12-03T17:03:09.479+0000][7][gc,age      ] GC(282) - age  11:     371024 bytes,    6578848 total
[2025-12-03T17:03:09.479+0000][7][gc,age      ] GC(282) - age  12:       6536 bytes,    6585384 total
[2025-12-03T17:03:09.479+0000][7][gc,age      ] GC(282) - age  13:      74064 bytes,    6659448 total
[2025-12-03T17:03:09.479+0000][7][gc,age      ] GC(282) - age  14:       8368 bytes,    6667816 total
[2025-12-03T17:03:09.479+0000][7][gc,age      ] GC(282) - age  15:       9936 bytes,    6677752 total
[2025-12-03T17:03:09.479+0000][7][gc,phases   ] GC(282)   Pre Evacuate Collection Set: 1.9ms
[2025-12-03T17:03:09.479+0000][7][gc,phases   ] GC(282)   Merge Heap Roots: 0.2ms
[2025-12-03T17:03:09.480+0000][7][gc,phases   ] GC(282)   Evacuate Collection Set: 21.6ms
[2025-12-03T17:03:09.480+0000][7][gc,phases   ] GC(282)   Post Evacuate Collection Set: 4.0ms
[2025-12-03T17:03:09.480+0000][7][gc,phases   ] GC(282)   Other: 1.9ms
[2025-12-03T17:03:09.480+0000][7][gc,heap     ] GC(282) Eden regions: 60->0(60)
[2025-12-03T17:03:09.480+0000][7][gc,heap     ] GC(282) Survivor regions: 2->2(8)
[2025-12-03T17:03:09.480+0000][7][gc,heap     ] GC(282) Old regions: 39->39
[2025-12-03T17:03:09.480+0000][7][gc,heap     ] GC(282) Archive regions: 2->2
[2025-12-03T17:03:09.480+0000][7][gc,heap     ] GC(282) Humongous regions: 2->2
[2025-12-03T17:03:09.480+0000][7][gc,metaspace] GC(282) Metaspace: 115859K(117568K)->115859K(117568K) NonClass: 101079K(102016K)->101079K(102016K) Class: 14779K(15552K)->14779K(15552K)
[2025-12-03T17:03:09.480+0000][7][gc          ] GC(282) Pause Young (Concurrent Start) (G1 Evacuation Pause) 412M->172M(512M) 30.417ms
[2025-12-03T17:03:09.480+0000][7][gc,cpu      ] GC(282) User=0.17s Sys=0.00s Real=0.03s
[2025-12-03T17:03:09.481+0000][7][safepoint   ] Safepoint "G1CollectForAllocation", Time since last: 29965860514 ns, Reaching safepoint: 212166 ns, At safepoint: 30730042 ns, Total: 30942208 ns
[2025-12-03T17:03:09.481+0000][7][gc          ] GC(283) Concurrent Mark Cycle
[2025-12-03T17:03:09.481+0000][7][gc,marking  ] GC(283) Concurrent Clear Claimed Marks
[2025-12-03T17:03:09.481+0000][7][gc,marking  ] GC(283) Concurrent Clear Claimed Marks 0.310ms
[2025-12-03T17:03:09.481+0000][7][gc,marking  ] GC(283) Concurrent Scan Root Regions
[2025-12-03T17:03:09.485+0000][7][gc,marking  ] GC(283) Concurrent Scan Root Regions 3.661ms
[2025-12-03T17:03:09.485+0000][7][gc,marking  ] GC(283) Concurrent Mark
[2025-12-03T17:03:09.485+0000][7][gc,marking  ] GC(283) Concurrent Mark From Roots
[2025-12-03T17:03:09.485+0000][7][gc,task     ] GC(283) Using 2 workers of 2 for marking
[2025-12-03T17:03:09.545+0000][7][gc,marking  ] GC(283) Concurrent Mark From Roots 59.429ms
[2025-12-03T17:03:09.545+0000][7][gc,marking  ] GC(283) Concurrent Preclean
[2025-12-03T17:03:09.545+0000][7][gc,marking  ] GC(283) Concurrent Preclean 0.254ms
[2025-12-03T17:03:09.545+0000][7][gc,start    ] GC(283) Pause Remark
[2025-12-03T17:03:09.565+0000][7][gc          ] GC(283) Pause Remark 191M->191M(512M) 20.268ms
[2025-12-03T17:03:09.565+0000][7][gc,cpu      ] GC(283) User=0.15s Sys=0.00s Real=0.02s
[2025-12-03T17:03:09.566+0000][7][safepoint   ] Safepoint "G1Concurrent", Time since last: 64474125 ns, Reaching safepoint: 40333 ns, At safepoint: 20453459 ns, Total: 20493792 ns
[2025-12-03T17:03:09.566+0000][7][gc,marking  ] GC(283) Concurrent Mark 80.626ms
[2025-12-03T17:03:09.566+0000][7][gc,marking  ] GC(283) Concurrent Rebuild Remembered Sets
[2025-12-03T17:03:09.594+0000][7][gc,marking  ] GC(283) Concurrent Rebuild Remembered Sets 28.518ms
[2025-12-03T17:03:09.594+0000][7][gc,start    ] GC(283) Pause Cleanup
[2025-12-03T17:03:09.595+0000][7][gc          ] GC(283) Pause Cleanup 191M->191M(512M) 0.165ms
[2025-12-03T17:03:09.595+0000][7][gc,cpu      ] GC(283) User=0.00s Sys=0.00s Real=0.00s
[2025-12-03T17:03:09.595+0000][7][safepoint   ] Safepoint "G1Concurrent", Time since last: 28773750 ns, Reaching safepoint: 94541 ns, At safepoint: 286917 ns, Total: 381458 ns
[2025-12-03T17:03:09.595+0000][7][gc,marking  ] GC(283) Concurrent Cleanup for Next Mark
[2025-12-03T17:03:09.596+0000][7][gc,marking  ] GC(283) Concurrent Cleanup for Next Mark 1.258ms
[2025-12-03T17:03:09.596+0000][7][gc          ] GC(283) Concurrent Mark Cycle 115.463ms
[2025-12-03T17:03:30.625+0000][7][safepoint   ] Safepoint "Cleanup", Time since last: 21029708760 ns, Reaching safepoint: 107750 ns, At safepoint: 5750 ns, Total: 113500 ns
[2025-12-03T17:03:33.631+0000][7][safepoint   ] Safepoint "Cleanup", Time since last: 3003387709 ns, Reaching safepoint: 210292 ns, At safepoint: 9833 ns, Total: 220125 ns
[2025-12-03T17:03:48.187+0000][7][gc,start    ] GC(284) Pause Young (Normal) (G1 Evacuation Pause)
[2025-12-03T17:03:48.188+0000][7][gc,task     ] GC(284) Using 8 workers of 8 for evacuation
[2025-12-03T17:03:48.188+0000][7][gc,age      ] GC(284) Desired survivor size 16777216 bytes, new threshold 15 (max threshold 15)
[2025-12-03T17:03:48.199+0000][7][gc,age      ] GC(284) Age table with threshold 15 (max threshold 15)
[2025-12-03T17:03:48.199+0000][7][gc,age      ] GC(284) - age   1:    1097544 bytes,    1097544 total
[2025-12-03T17:03:48.199+0000][7][gc,age      ] GC(284) - age   2:     276104 bytes,    1373648 total
[2025-12-03T17:03:48.199+0000][7][gc,age      ] GC(284) - age   3:     723704 bytes,    2097352 total
[2025-12-03T17:03:48.199+0000][7][gc,age      ] GC(284) - age   4:      90152 bytes,    2187504 total
[2025-12-03T17:03:48.199+0000][7][gc,age      ] GC(284) - age   5:    2108088 bytes,    4295592 total
[2025-12-03T17:03:48.199+0000][7][gc,age      ] GC(284) - age   6:      11424 bytes,    4307016 total
[2025-12-03T17:03:48.200+0000][7][gc,age      ] GC(284) - age   7:      96184 bytes,    4403200 total
[2025-12-03T17:03:48.200+0000][7][gc,age      ] GC(284) - age   8:      73760 bytes,    4476960 total
[2025-12-03T17:03:48.200+0000][7][gc,age      ] GC(284) - age   9:      78480 bytes,    4555440 total
[2025-12-03T17:03:48.200+0000][7][gc,age      ] GC(284) - age  10:     183640 bytes,    4739080 total
[2025-12-03T17:03:48.200+0000][7][gc,age      ] GC(284) - age  11:      31352 bytes,    4770432 total
[2025-12-03T17:03:48.200+0000][7][gc,age      ] GC(284) - age  12:     371024 bytes,    5141456 total
[2025-12-03T17:03:48.200+0000][7][gc,age      ] GC(284) - age  13:       6536 bytes,    5147992 total
[2025-12-03T17:03:48.200+0000][7][gc,age      ] GC(284) - age  14:      74064 bytes,    5222056 total
[2025-12-03T17:03:48.200+0000][7][gc,age      ] GC(284) - age  15:       8368 bytes,    5230424 total
[2025-12-03T17:03:48.200+0000][7][gc,phases   ] GC(284)   Pre Evacuate Collection Set: 0.5ms
[2025-12-03T17:03:48.200+0000][7][gc,phases   ] GC(284)   Merge Heap Roots: 0.4ms
[2025-12-03T17:03:48.200+0000][7][gc,phases   ] GC(284)   Evacuate Collection Set: 8.0ms
[2025-12-03T17:03:48.200+0000][7][gc,phases   ] GC(284)   Post Evacuate Collection Set: 1.7ms
[2025-12-03T17:03:48.200+0000][7][gc,phases   ] GC(284)   Other: 2.4ms
[2025-12-03T17:03:48.200+0000][7][gc,heap     ] GC(284) Eden regions: 60->0(61)
[2025-12-03T17:03:48.200+0000][7][gc,heap     ] GC(284) Survivor regions: 2->2(8)
[2025-12-03T17:03:48.200+0000][7][gc,heap     ] GC(284) Old regions: 39->39
[2025-12-03T17:03:48.200+0000][7][gc,heap     ] GC(284) Archive regions: 2->2
[2025-12-03T17:03:48.200+0000][7][gc,heap     ] GC(284) Humongous regions: 2->2
[2025-12-03T17:03:48.200+0000][7][gc,metaspace] GC(284) Metaspace: 115859K(117568K)->115859K(117568K) NonClass: 101079K(102016K)->101079K(102016K) Class: 14779K(15552K)->14779K(15552K)
[2025-12-03T17:03:48.200+0000][7][gc          ] GC(284) Pause Young (Normal) (G1 Evacuation Pause) 412M->171M(512M) 13.415ms
[2025-12-03T17:03:48.200+0000][7][gc,cpu      ] GC(284) User=0.06s Sys=0.00s Real=0.01s
[2025-12-03T17:03:48.200+0000][7][safepoint   ] Safepoint "G1CollectForAllocation", Time since last: 14555645882 ns, Reaching safepoint: 166958 ns, At safepoint: 13676750 ns, Total: 13843708 ns
[2025-12-03T17:03:58.212+0000][7][safepoint   ] Safepoint "Cleanup", Time since last: 10011663255 ns, Reaching safepoint: 242208 ns, At safepoint: 7625 ns, Total: 249833 ns
[2025-12-03T17:04:27.475+0000][7][gc,start    ] GC(285) Pause Young (Concurrent Start) (G1 Evacuation Pause)
[2025-12-03T17:04:27.475+0000][7][gc,task     ] GC(285) Using 8 workers of 8 for evacuation
[2025-12-03T17:04:27.475+0000][7][gc,age      ] GC(285) Desired survivor size 16777216 bytes, new threshold 15 (max threshold 15)
[2025-12-03T17:04:27.486+0000][7][gc,age      ] GC(285) Age table with threshold 15 (max threshold 15)
[2025-12-03T17:04:27.486+0000][7][gc,age      ] GC(285) - age   1:    2134344 bytes,    2134344 total
[2025-12-03T17:04:27.486+0000][7][gc,age      ] GC(285) - age   2:      10608 bytes,    2144952 total
[2025-12-03T17:04:27.486+0000][7][gc,age      ] GC(285) - age   3:     270952 bytes,    2415904 total
[2025-12-03T17:04:27.486+0000][7][gc,age      ] GC(285) - age   4:     591048 bytes,    3006952 total
[2025-12-03T17:04:27.487+0000][7][gc,age      ] GC(285) - age   5:      89632 bytes,    3096584 total
[2025-12-03T17:04:27.487+0000][7][gc,age      ] GC(285) - age   6:    2107992 bytes,    5204576 total
[2025-12-03T17:04:27.487+0000][7][gc,age      ] GC(285) - age   7:      11152 bytes,    5215728 total
[2025-12-03T17:04:27.487+0000][7][gc,age      ] GC(285) - age   8:      96184 bytes,    5311912 total
[2025-12-03T17:04:27.487+0000][7][gc,age      ] GC(285) - age   9:      73760 bytes,    5385672 total
[2025-12-03T17:04:27.487+0000][7][gc,age      ] GC(285) - age  10:      78480 bytes,    5464152 total
[2025-12-03T17:04:27.487+0000][7][gc,age      ] GC(285) - age  11:     181792 bytes,    5645944 total
[2025-12-03T17:04:27.487+0000][7][gc,age      ] GC(285) - age  12:      31352 bytes,    5677296 total
[2025-12-03T17:04:27.487+0000][7][gc,age      ] GC(285) - age  13:     371024 bytes,    6048320 total
[2025-12-03T17:04:27.487+0000][7][gc,age      ] GC(285) - age  14:       6536 bytes,    6054856 total
[2025-12-03T17:04:27.487+0000][7][gc,age      ] GC(285) - age  15:      74064 bytes,    6128920 total
[2025-12-03T17:04:27.487+0000][7][gc,phases   ] GC(285)   Pre Evacuate Collection Set: 1.7ms
[2025-12-03T17:04:27.487+0000][7][gc,phases   ] GC(285)   Merge Heap Roots: 0.1ms
[2025-12-03T17:04:27.487+0000][7][gc,phases   ] GC(285)   Evacuate Collection Set: 7.3ms
[2025-12-03T17:04:27.487+0000][7][gc,phases   ] GC(285)   Post Evacuate Collection Set: 1.6ms
[2025-12-03T17:04:27.487+0000][7][gc,phases   ] GC(285)   Other: 1.6ms
[2025-12-03T17:04:27.487+0000][7][gc,heap     ] GC(285) Eden regions: 61->0(61)
[2025-12-03T17:04:27.487+0000][7][gc,heap     ] GC(285) Survivor regions: 2->2(8)
[2025-12-03T17:04:27.487+0000][7][gc,heap     ] GC(285) Old regions: 39->39
[2025-12-03T17:04:27.487+0000][7][gc,heap     ] GC(285) Archive regions: 2->2
[2025-12-03T17:04:27.487+0000][7][gc,heap     ] GC(285) Humongous regions: 2->2
[2025-12-03T17:04:27.487+0000][7][gc,metaspace] GC(285) Metaspace: 115870K(117568K)->115870K(117568K) NonClass: 101090K(102016K)->101090K(102016K) Class: 14779K(15552K)->14779K(15552K)
[2025-12-03T17:04:27.488+0000][7][gc          ] GC(285) Pause Young (Concurrent Start) (G1 Evacuation Pause) 415M->172M(512M) 12.682ms
[2025-12-03T17:04:27.488+0000][7][gc,cpu      ] GC(285) User=0.06s Sys=0.00s Real=0.01s
[2025-12-03T17:04:27.488+0000][7][safepoint   ] Safepoint "G1CollectForAllocation", Time since last: 29261341555 ns, Reaching safepoint: 129042 ns, At safepoint: 12894666 ns, Total: 13023708 ns
[2025-12-03T17:04:27.488+0000][7][gc          ] GC(286) Concurrent Mark Cycle
[2025-12-03T17:04:27.488+0000][7][gc,marking  ] GC(286) Concurrent Clear Claimed Marks
[2025-12-03T17:04:27.488+0000][7][gc,marking  ] GC(286) Concurrent Clear Claimed Marks 0.123ms
[2025-12-03T17:04:27.488+0000][7][gc,marking  ] GC(286) Concurrent Scan Root Regions
[2025-12-03T17:04:27.491+0000][7][gc,marking  ] GC(286) Concurrent Scan Root Regions 2.566ms
[2025-12-03T17:04:27.491+0000][7][gc,marking  ] GC(286) Concurrent Mark
[2025-12-03T17:04:27.491+0000][7][gc,marking  ] GC(286) Concurrent Mark From Roots
[2025-12-03T17:04:27.491+0000][7][gc,task     ] GC(286) Using 2 workers of 2 for marking
[2025-12-03T17:04:27.546+0000][7][gc,marking  ] GC(286) Concurrent Mark From Roots 55.855ms
[2025-12-03T17:04:27.547+0000][7][gc,marking  ] GC(286) Concurrent Preclean
[2025-12-03T17:04:27.547+0000][7][gc,marking  ] GC(286) Concurrent Preclean 0.335ms
[2025-12-03T17:04:27.547+0000][7][gc,start    ] GC(286) Pause Remark
[2025-12-03T17:04:27.573+0000][7][gc          ] GC(286) Pause Remark 174M->174M(512M) 25.663ms
[2025-12-03T17:04:27.573+0000][7][gc,cpu      ] GC(286) User=0.19s Sys=0.00s Real=0.03s
[2025-12-03T17:04:27.573+0000][7][safepoint   ] Safepoint "G1Concurrent", Time since last: 59317667 ns, Reaching safepoint: 108167 ns, At safepoint: 25847125 ns, Total: 25955292 ns
[2025-12-03T17:04:27.573+0000][7][gc,marking  ] GC(286) Concurrent Mark 82.430ms
[2025-12-03T17:04:27.573+0000][7][gc,marking  ] GC(286) Concurrent Rebuild Remembered Sets
[2025-12-03T17:04:27.601+0000][7][gc,marking  ] GC(286) Concurrent Rebuild Remembered Sets 27.885ms
[2025-12-03T17:04:27.601+0000][7][gc,start    ] GC(286) Pause Cleanup
[2025-12-03T17:04:27.601+0000][7][gc          ] GC(286) Pause Cleanup 174M->174M(512M) 0.121ms
[2025-12-03T17:04:27.601+0000][7][gc,cpu      ] GC(286) User=0.00s Sys=0.00s Real=0.00s
[2025-12-03T17:04:27.601+0000][7][safepoint   ] Safepoint "G1Concurrent", Time since last: 28127583 ns, Reaching safepoint: 64500 ns, At safepoint: 230584 ns, Total: 295084 ns
[2025-12-03T17:04:27.601+0000][7][gc,marking  ] GC(286) Concurrent Cleanup for Next Mark
[2025-12-03T17:04:27.603+0000][7][gc,marking  ] GC(286) Concurrent Cleanup for Next Mark 1.397ms
[2025-12-03T17:04:27.603+0000][7][gc          ] GC(286) Concurrent Mark Cycle 115.194ms
[2025-12-03T17:04:42.540+0000][7][safepoint   ] Safepoint "Cleanup", Time since last: 15032973173 ns, Reaching safepoint: 229791 ns, At safepoint: 15125 ns, Total: 244916 ns
[2025-12-03T17:04:51.551+0000][7][safepoint   ] Safepoint "Cleanup", Time since last: 9010718296 ns, Reaching safepoint: 143417 ns, At safepoint: 4625 ns, Total: 148042 ns
[2025-12-03T17:05:06.474+0000][7][gc,start    ] GC(287) Pause Young (Normal) (G1 Evacuation Pause)
[2025-12-03T17:05:06.475+0000][7][gc,task     ] GC(287) Using 8 workers of 8 for evacuation
[2025-12-03T17:05:06.475+0000][7][gc,age      ] GC(287) Desired survivor size 16777216 bytes, new threshold 15 (max threshold 15)
[2025-12-03T17:05:06.520+0000][7][gc,age      ] GC(287) Age table with threshold 15 (max threshold 15)
[2025-12-03T17:05:06.520+0000][7][gc,age      ] GC(287) - age   1:    2606576 bytes,    2606576 total
[2025-12-03T17:05:06.521+0000][7][gc,age      ] GC(287) - age   2:     667296 bytes,    3273872 total
[2025-12-03T17:05:06.521+0000][7][gc,age      ] GC(287) - age   3:       7960 bytes,    3281832 total
[2025-12-03T17:05:06.521+0000][7][gc,age      ] GC(287) - age   4:     270184 bytes,    3552016 total
[2025-12-03T17:05:06.521+0000][7][gc,age      ] GC(287) - age   5:      92120 bytes,    3644136 total
[2025-12-03T17:05:06.521+0000][7][gc,age      ] GC(287) - age   6:      89632 bytes,    3733768 total
[2025-12-03T17:05:06.521+0000][7][gc,age      ] GC(287) - age   7:    1976712 bytes,    5710480 total
[2025-12-03T17:05:06.521+0000][7][gc,age      ] GC(287) - age   8:      11088 bytes,    5721568 total
[2025-12-03T17:05:06.522+0000][7][gc,age      ] GC(287) - age   9:      96184 bytes,    5817752 total
[2025-12-03T17:05:06.522+0000][7][gc,age      ] GC(287) - age  10:      73760 bytes,    5891512 total
[2025-12-03T17:05:06.522+0000][7][gc,age      ] GC(287) - age  11:      78480 bytes,    5969992 total
[2025-12-03T17:05:06.522+0000][7][gc,age      ] GC(287) - age  12:     181792 bytes,    6151784 total
[2025-12-03T17:05:06.522+0000][7][gc,age      ] GC(287) - age  13:      31352 bytes,    6183136 total
[2025-12-03T17:05:06.522+0000][7][gc,age      ] GC(287) - age  14:     371024 bytes,    6554160 total
[2025-12-03T17:05:06.522+0000][7][gc,age      ] GC(287) - age  15:       6536 bytes,    6560696 total
[2025-12-03T17:05:06.522+0000][7][gc,phases   ] GC(287)   Pre Evacuate Collection Set: 0.4ms
[2025-12-03T17:05:06.522+0000][7][gc,phases   ] GC(287)   Merge Heap Roots: 0.3ms
[2025-12-03T17:05:06.522+0000][7][gc,phases   ] GC(287)   Evacuate Collection Set: 41.5ms
[2025-12-03T17:05:06.522+0000][7][gc,phases   ] GC(287)   Post Evacuate Collection Set: 2.4ms
[2025-12-03T17:05:06.522+0000][7][gc,phases   ] GC(287)   Other: 3.2ms
[2025-12-03T17:05:06.522+0000][7][gc,heap     ] GC(287) Eden regions: 61->0(60)
[2025-12-03T17:05:06.523+0000][7][gc,heap     ] GC(287) Survivor regions: 2->2(8)
[2025-12-03T17:05:06.523+0000][7][gc,heap     ] GC(287) Old regions: 39->39
[2025-12-03T17:05:06.523+0000][7][gc,heap     ] GC(287) Archive regions: 2->2
[2025-12-03T17:05:06.523+0000][7][gc,heap     ] GC(287) Humongous regions: 2->2
[2025-12-03T17:05:06.523+0000][7][gc,metaspace] GC(287) Metaspace: 115870K(117568K)->115870K(117568K) NonClass: 101091K(102016K)->101091K(102016K) Class: 14779K(15552K)->14779K(15552K)
[2025-12-03T17:05:06.523+0000][7][gc          ] GC(287) Pause Young (Normal) (G1 Evacuation Pause) 416M->172M(512M) 48.720ms
[2025-12-03T17:05:06.523+0000][7][gc,cpu      ] GC(287) User=0.24s Sys=0.02s Real=0.05s
[2025-12-03T17:05:06.523+0000][7][safepoint   ] Safepoint "G1CollectForAllocation", Time since last: 14827253173 ns, Reaching safepoint: 499416 ns, At safepoint: 49230542 ns, Total: 49729958 ns
[2025-12-03T17:05:10.531+0000][7][safepoint   ] Safepoint "Cleanup", Time since last: 4006899002 ns, Reaching safepoint: 216000 ns, At safepoint: 19333 ns, Total: 235333 ns
[2025-12-03T17:05:14.695+0000][7][safepoint   ] Safepoint "Cleanup", Time since last: 4156237252 ns, Reaching safepoint: 8124792 ns, At safepoint: 51958 ns, Total: 8176750 ns
[2025-12-03T17:05:17.699+0000][7][safepoint   ] Safepoint "Cleanup", Time since last: 3004259752 ns, Reaching safepoint: 91208 ns, At safepoint: 5667 ns, Total: 96875 ns
[2025-12-03T17:05:18.700+0000][7][safepoint   ] Safepoint "Cleanup", Time since last: 1000713209 ns, Reaching safepoint: 94791 ns, At safepoint: 3125 ns, Total: 97916 ns
[2025-12-03T17:05:28.714+0000][7][safepoint   ] Safepoint "Cleanup", Time since last: 10014146880 ns, Reaching safepoint: 190042 ns, At safepoint: 8291 ns, Total: 198333 ns
[2025-12-03T17:05:30.718+0000][7][safepoint   ] Safepoint "Cleanup", Time since last: 2003954168 ns, Reaching safepoint: 65292 ns, At safepoint: 2833 ns, Total: 68125 ns
[2025-12-03T17:05:43.537+0000][7][gc,start    ] GC(288) Pause Young (Concurrent Start) (G1 Evacuation Pause)
[2025-12-03T17:05:43.538+0000][7][gc,task     ] GC(288) Using 8 workers of 8 for evacuation
[2025-12-03T17:05:43.538+0000][7][gc,age      ] GC(288) Desired survivor size 16777216 bytes, new threshold 15 (max threshold 15)
[2025-12-03T17:05:43.550+0000][7][gc,age      ] GC(288) Age table with threshold 15 (max threshold 15)
[2025-12-03T17:05:43.550+0000][7][gc,age      ] GC(288) - age   1:    2452632 bytes,    2452632 total
[2025-12-03T17:05:43.550+0000][7][gc,age      ] GC(288) - age   2:     644024 bytes,    3096656 total
[2025-12-03T17:05:43.550+0000][7][gc,age      ] GC(288) - age   3:     499632 bytes,    3596288 total
[2025-12-03T17:05:43.550+0000][7][gc,age      ] GC(288) - age   4:       7160 bytes,    3603448 total
[2025-12-03T17:05:43.550+0000][7][gc,age      ] GC(288) - age   5:     269640 bytes,    3873088 total
[2025-12-03T17:05:43.550+0000][7][gc,age      ] GC(288) - age   6:      91960 bytes,    3965048 total
[2025-12-03T17:05:43.550+0000][7][gc,age      ] GC(288) - age   7:      89632 bytes,    4054680 total
[2025-12-03T17:05:43.550+0000][7][gc,age      ] GC(288) - age   8:    1976584 bytes,    6031264 total
[2025-12-03T17:05:43.551+0000][7][gc,age      ] GC(288) - age   9:      10752 bytes,    6042016 total
[2025-12-03T17:05:43.551+0000][7][gc,age      ] GC(288) - age  10:      96184 bytes,    6138200 total
[2025-12-03T17:05:43.551+0000][7][gc,age      ] GC(288) - age  11:      73760 bytes,    6211960 total
[2025-12-03T17:05:43.551+0000][7][gc,age      ] GC(288) - age  12:      78480 bytes,    6290440 total
[2025-12-03T17:05:43.551+0000][7][gc,age      ] GC(288) - age  13:     181792 bytes,    6472232 total
[2025-12-03T17:05:43.551+0000][7][gc,age      ] GC(288) - age  14:      31352 bytes,    6503584 total
[2025-12-03T17:05:43.551+0000][7][gc,age      ] GC(288) - age  15:     371024 bytes,    6874608 total
[2025-12-03T17:05:43.551+0000][7][gc,phases   ] GC(288)   Pre Evacuate Collection Set: 1.7ms
[2025-12-03T17:05:43.551+0000][7][gc,phases   ] GC(288)   Merge Heap Roots: 0.3ms
[2025-12-03T17:05:43.551+0000][7][gc,phases   ] GC(288)   Evacuate Collection Set: 7.4ms
[2025-12-03T17:05:43.551+0000][7][gc,phases   ] GC(288)   Post Evacuate Collection Set: 1.4ms
[2025-12-03T17:05:43.551+0000][7][gc,phases   ] GC(288)   Other: 3.6ms
[2025-12-03T17:05:43.551+0000][7][gc,heap     ] GC(288) Eden regions: 60->0(60)
[2025-12-03T17:05:43.551+0000][7][gc,heap     ] GC(288) Survivor regions: 2->2(8)
[2025-12-03T17:05:43.551+0000][7][gc,heap     ] GC(288) Old regions: 39->39
[2025-12-03T17:05:43.551+0000][7][gc,heap     ] GC(288) Archive regions: 2->2
[2025-12-03T17:05:43.552+0000][7][gc,heap     ] GC(288) Humongous regions: 2->2
[2025-12-03T17:05:43.552+0000][7][gc,metaspace] GC(288) Metaspace: 115874K(117568K)->115874K(117568K) NonClass: 101094K(102016K)->101094K(102016K) Class: 14779K(15552K)->14779K(15552K)
[2025-12-03T17:05:43.552+0000][7][gc          ] GC(288) Pause Young (Concurrent Start) (G1 Evacuation Pause) 412M->172M(512M) 14.977ms
[2025-12-03T17:05:43.552+0000][7][gc,cpu      ] GC(288) User=0.04s Sys=0.00s Real=0.01s
[2025-12-03T17:05:43.552+0000][7][safepoint   ] Safepoint "G1CollectForAllocation", Time since last: 12816869006 ns, Reaching safepoint: 157250 ns, At safepoint: 15332916 ns, Total: 15490166 ns
[2025-12-03T17:05:43.552+0000][7][gc          ] GC(289) Concurrent Mark Cycle
[2025-12-03T17:05:43.552+0000][7][gc,marking  ] GC(289) Concurrent Clear Claimed Marks
[2025-12-03T17:05:43.552+0000][7][gc,marking  ] GC(289) Concurrent Clear Claimed Marks 0.213ms
[2025-12-03T17:05:43.552+0000][7][gc,marking  ] GC(289) Concurrent Scan Root Regions
[2025-12-03T17:05:43.556+0000][7][gc,marking  ] GC(289) Concurrent Scan Root Regions 3.283ms
[2025-12-03T17:05:43.556+0000][7][gc,marking  ] GC(289) Concurrent Mark
[2025-12-03T17:05:43.556+0000][7][gc,marking  ] GC(289) Concurrent Mark From Roots
[2025-12-03T17:05:43.556+0000][7][gc,task     ] GC(289) Using 2 workers of 2 for marking
[2025-12-03T17:05:43.608+0000][7][gc,marking  ] GC(289) Concurrent Mark From Roots 52.353ms
[2025-12-03T17:05:43.608+0000][7][gc,marking  ] GC(289) Concurrent Preclean
[2025-12-03T17:05:43.609+0000][7][gc,marking  ] GC(289) Concurrent Preclean 0.411ms
[2025-12-03T17:05:43.609+0000][7][gc,start    ] GC(289) Pause Remark
[2025-12-03T17:05:43.630+0000][7][gc          ] GC(289) Pause Remark 175M->175M(512M) 21.266ms
[2025-12-03T17:05:43.630+0000][7][gc,cpu      ] GC(289) User=0.11s Sys=0.00s Real=0.02s
[2025-12-03T17:05:43.630+0000][7][safepoint   ] Safepoint "G1Concurrent", Time since last: 57004750 ns, Reaching safepoint: 47667 ns, At safepoint: 21583833 ns, Total: 21631500 ns
[2025-12-03T17:05:43.631+0000][7][gc,marking  ] GC(289) Concurrent Mark 74.862ms
[2025-12-03T17:05:43.631+0000][7][gc,marking  ] GC(289) Concurrent Rebuild Remembered Sets
[2025-12-03T17:05:43.660+0000][7][gc,marking  ] GC(289) Concurrent Rebuild Remembered Sets 29.131ms
[2025-12-03T17:05:43.660+0000][7][gc,start    ] GC(289) Pause Cleanup
[2025-12-03T17:05:43.660+0000][7][gc          ] GC(289) Pause Cleanup 175M->175M(512M) 0.144ms
[2025-12-03T17:05:43.660+0000][7][gc,cpu      ] GC(289) User=0.00s Sys=0.00s Real=0.00s
[2025-12-03T17:05:43.660+0000][7][safepoint   ] Safepoint "G1Concurrent", Time since last: 29423167 ns, Reaching safepoint: 43250 ns, At safepoint: 308167 ns, Total: 351417 ns
[2025-12-03T17:05:43.660+0000][7][gc,marking  ] GC(289) Concurrent Cleanup for Next Mark
[2025-12-03T17:05:43.662+0000][7][gc,marking  ] GC(289) Concurrent Cleanup for Next Mark 1.458ms
[2025-12-03T17:05:43.662+0000][7][gc          ] GC(289) Concurrent Mark Cycle 110.202ms
[2025-12-03T17:05:47.664+0000][7][safepoint   ] Safepoint "Cleanup", Time since last: 4003844002 ns, Reaching safepoint: 230083 ns, At safepoint: 19917 ns, Total: 250000 ns
[2025-12-03T17:06:17.741+0000][7][safepoint   ] Safepoint "Cleanup", Time since last: 30061985389 ns, Reaching safepoint: 12884875 ns, At safepoint: 294041 ns, Total: 13178916 ns
[2025-12-03T17:06:18.298+0000][7][gc,start    ] GC(290) Pause Young (Normal) (G1 Evacuation Pause)
[2025-12-03T17:06:18.298+0000][7][gc,task     ] GC(290) Using 8 workers of 8 for evacuation
[2025-12-03T17:06:18.299+0000][7][gc,age      ] GC(290) Desired survivor size 16777216 bytes, new threshold 15 (max threshold 15)
[2025-12-03T17:06:18.330+0000][7][gc,age      ] GC(290) Age table with threshold 15 (max threshold 15)
[2025-12-03T17:06:18.330+0000][7][gc,age      ] GC(290) - age   1:    1245504 bytes,    1245504 total
[2025-12-03T17:06:18.330+0000][7][gc,age      ] GC(290) - age   2:      77424 bytes,    1322928 total
[2025-12-03T17:06:18.330+0000][7][gc,age      ] GC(290) - age   3:     640280 bytes,    1963208 total
[2025-12-03T17:06:18.330+0000][7][gc,age      ] GC(290) - age   4:     366792 bytes,    2330000 total
[2025-12-03T17:06:18.330+0000][7][gc,age      ] GC(290) - age   5:       6840 bytes,    2336840 total
[2025-12-03T17:06:18.330+0000][7][gc,age      ] GC(290) - age   6:     269480 bytes,    2606320 total
[2025-12-03T17:06:18.330+0000][7][gc,age      ] GC(290) - age   7:      91960 bytes,    2698280 total
[2025-12-03T17:06:18.330+0000][7][gc,age      ] GC(290) - age   8:      89632 bytes,    2787912 total
[2025-12-03T17:06:18.330+0000][7][gc,age      ] GC(290) - age   9:    1976584 bytes,    4764496 total
[2025-12-03T17:06:18.330+0000][7][gc,age      ] GC(290) - age  10:      10752 bytes,    4775248 total
[2025-12-03T17:06:18.330+0000][7][gc,age      ] GC(290) - age  11:      39376 bytes,    4814624 total
[2025-12-03T17:06:18.330+0000][7][gc,age      ] GC(290) - age  12:      73760 bytes,    4888384 total
[2025-12-03T17:06:18.330+0000][7][gc,age      ] GC(290) - age  13:      78480 bytes,    4966864 total
[2025-12-03T17:06:18.331+0000][7][gc,age      ] GC(290) - age  14:     181792 bytes,    5148656 total
[2025-12-03T17:06:18.331+0000][7][gc,age      ] GC(290) - age  15:      31352 bytes,    5180008 total
[2025-12-03T17:06:18.331+0000][7][gc,phases   ] GC(290)   Pre Evacuate Collection Set: 0.4ms
[2025-12-03T17:06:18.331+0000][7][gc,phases   ] GC(290)   Merge Heap Roots: 0.2ms
[2025-12-03T17:06:18.331+0000][7][gc,phases   ] GC(290)   Evacuate Collection Set: 28.8ms
[2025-12-03T17:06:18.331+0000][7][gc,phases   ] GC(290)   Post Evacuate Collection Set: 1.9ms
[2025-12-03T17:06:18.331+0000][7][gc,phases   ] GC(290)   Other: 1.5ms
[2025-12-03T17:06:18.331+0000][7][gc,heap     ] GC(290) Eden regions: 60->0(61)
[2025-12-03T17:06:18.331+0000][7][gc,heap     ] GC(290) Survivor regions: 2->2(8)
[2025-12-03T17:06:18.331+0000][7][gc,heap     ] GC(290) Old regions: 39->39
[2025-12-03T17:06:18.331+0000][7][gc,heap     ] GC(290) Archive regions: 2->2
[2025-12-03T17:06:18.331+0000][7][gc,heap     ] GC(290) Humongous regions: 2->2
[2025-12-03T17:06:18.331+0000][7][gc,metaspace] GC(290) Metaspace: 115874K(117568K)->115874K(117568K) NonClass: 101094K(102016K)->101094K(102016K) Class: 14779K(15552K)->14779K(15552K)
[2025-12-03T17:06:18.331+0000][7][gc          ] GC(290) Pause Young (Normal) (G1 Evacuation Pause) 412M->171M(512M) 33.261ms
[2025-12-03T17:06:18.331+0000][7][gc,cpu      ] GC(290) User=0.22s Sys=0.00s Real=0.03s
[2025-12-03T17:06:18.331+0000][7][safepoint   ] Safepoint "G1CollectForAllocation", Time since last: 556640042 ns, Reaching safepoint: 109459 ns, At safepoint: 33603208 ns, Total: 33712667 ns
[2025-12-03T17:06:34.370+0000][7][safepoint   ] Safepoint "Cleanup", Time since last: 16037273716 ns, Reaching safepoint: 816458 ns, At safepoint: 112625 ns, Total: 929083 ns
[2025-12-03T17:07:03.552+0000][7][gc,start    ] GC(291) Pause Young (Concurrent Start) (G1 Evacuation Pause)
[2025-12-03T17:07:03.552+0000][7][gc,task     ] GC(291) Using 8 workers of 8 for evacuation
[2025-12-03T17:07:03.553+0000][7][gc,age      ] GC(291) Desired survivor size 16777216 bytes, new threshold 15 (max threshold 15)
[2025-12-03T17:07:03.563+0000][7][gc,age      ] GC(291) Age table with threshold 15 (max threshold 15)
[2025-12-03T17:07:03.563+0000][7][gc,age      ] GC(291) - age   1:    2955224 bytes,    2955224 total
[2025-12-03T17:07:03.563+0000][7][gc,age      ] GC(291) - age   2:     631688 bytes,    3586912 total
[2025-12-03T17:07:03.563+0000][7][gc,age      ] GC(291) - age   3:      73776 bytes,    3660688 total
[2025-12-03T17:07:03.563+0000][7][gc,age      ] GC(291) - age   4:       9784 bytes,    3670472 total
[2025-12-03T17:07:03.563+0000][7][gc,age      ] GC(291) - age   5:     366504 bytes,    4036976 total
[2025-12-03T17:07:03.563+0000][7][gc,age      ] GC(291) - age   6:       6584 bytes,    4043560 total
[2025-12-03T17:07:03.563+0000][7][gc,age      ] GC(291) - age   7:     137992 bytes,    4181552 total
[2025-12-03T17:07:03.563+0000][7][gc,age      ] GC(291) - age   8:      91928 bytes,    4273480 total
[2025-12-03T17:07:03.563+0000][7][gc,age      ] GC(291) - age   9:      89320 bytes,    4362800 total
[2025-12-03T17:07:03.564+0000][7][gc,age      ] GC(291) - age  10:    1976584 bytes,    6339384 total
[2025-12-03T17:07:03.564+0000][7][gc,age      ] GC(291) - age  11:      10752 bytes,    6350136 total
[2025-12-03T17:07:03.564+0000][7][gc,age      ] GC(291) - age  12:      39376 bytes,    6389512 total
[2025-12-03T17:07:03.564+0000][7][gc,age      ] GC(291) - age  13:      73760 bytes,    6463272 total
[2025-12-03T17:07:03.564+0000][7][gc,age      ] GC(291) - age  14:      78480 bytes,    6541752 total
[2025-12-03T17:07:03.564+0000][7][gc,age      ] GC(291) - age  15:     181792 bytes,    6723544 total
[2025-12-03T17:07:03.564+0000][7][gc,phases   ] GC(291)   Pre Evacuate Collection Set: 1.9ms
[2025-12-03T17:07:03.564+0000][7][gc,phases   ] GC(291)   Merge Heap Roots: 0.1ms
[2025-12-03T17:07:03.564+0000][7][gc,phases   ] GC(291)   Evacuate Collection Set: 6.9ms
[2025-12-03T17:07:03.564+0000][7][gc,phases   ] GC(291)   Post Evacuate Collection Set: 1.3ms
[2025-12-03T17:07:03.564+0000][7][gc,phases   ] GC(291)   Other: 1.6ms
[2025-12-03T17:07:03.564+0000][7][gc,heap     ] GC(291) Eden regions: 61->0(61)
[2025-12-03T17:07:03.564+0000][7][gc,heap     ] GC(291) Survivor regions: 2->2(8)
[2025-12-03T17:07:03.564+0000][7][gc,heap     ] GC(291) Old regions: 39->39
[2025-12-03T17:07:03.564+0000][7][gc,heap     ] GC(291) Archive regions: 2->2
[2025-12-03T17:07:03.564+0000][7][gc,heap     ] GC(291) Humongous regions: 2->2
[2025-12-03T17:07:03.564+0000][7][gc,metaspace] GC(291) Metaspace: 115874K(117568K)->115874K(117568K) NonClass: 101094K(102016K)->101094K(102016K) Class: 14779K(15552K)->14779K(15552K)
[2025-12-03T17:07:03.564+0000][7][gc          ] GC(291) Pause Young (Concurrent Start) (G1 Evacuation Pause) 415M->173M(512M) 12.259ms
[2025-12-03T17:07:03.564+0000][7][gc,cpu      ] GC(291) User=0.05s Sys=0.00s Real=0.01s
[2025-12-03T17:07:03.565+0000][7][safepoint   ] Safepoint "G1CollectForAllocation", Time since last: 29180797513 ns, Reaching safepoint: 273750 ns, At safepoint: 12482834 ns, Total: 12756584 ns
[2025-12-03T17:07:03.565+0000][7][gc          ] GC(292) Concurrent Mark Cycle
[2025-12-03T17:07:03.565+0000][7][gc,marking  ] GC(292) Concurrent Clear Claimed Marks
[2025-12-03T17:07:03.565+0000][7][gc,marking  ] GC(292) Concurrent Clear Claimed Marks 0.112ms
[2025-12-03T17:07:03.565+0000][7][gc,marking  ] GC(292) Concurrent Scan Root Regions
[2025-12-03T17:07:03.568+0000][7][gc,marking  ] GC(292) Concurrent Scan Root Regions 3.188ms
[2025-12-03T17:07:03.568+0000][7][gc,marking  ] GC(292) Concurrent Mark
[2025-12-03T17:07:03.568+0000][7][gc,marking  ] GC(292) Concurrent Mark From Roots
[2025-12-03T17:07:03.568+0000][7][gc,task     ] GC(292) Using 2 workers of 2 for marking
[2025-12-03T17:07:03.627+0000][7][gc,marking  ] GC(292) Concurrent Mark From Roots 58.488ms
[2025-12-03T17:07:03.627+0000][7][gc,marking  ] GC(292) Concurrent Preclean
[2025-12-03T17:07:03.627+0000][7][gc,marking  ] GC(292) Concurrent Preclean 0.214ms
[2025-12-03T17:07:03.627+0000][7][gc,start    ] GC(292) Pause Remark
[2025-12-03T17:07:03.645+0000][7][gc          ] GC(292) Pause Remark 179M->179M(512M) 18.289ms
[2025-12-03T17:07:03.645+0000][7][gc,cpu      ] GC(292) User=0.13s Sys=0.00s Real=0.01s
[2025-12-03T17:07:03.646+0000][7][safepoint   ] Safepoint "G1Concurrent", Time since last: 62541500 ns, Reaching safepoint: 45041 ns, At safepoint: 18483625 ns, Total: 18528666 ns
[2025-12-03T17:07:03.646+0000][7][gc,marking  ] GC(292) Concurrent Mark 77.594ms
[2025-12-03T17:07:03.646+0000][7][gc,marking  ] GC(292) Concurrent Rebuild Remembered Sets
[2025-12-03T17:07:03.678+0000][7][gc,marking  ] GC(292) Concurrent Rebuild Remembered Sets 32.567ms
[2025-12-03T17:07:03.679+0000][7][gc,start    ] GC(292) Pause Cleanup
[2025-12-03T17:07:03.679+0000][7][gc          ] GC(292) Pause Cleanup 181M->181M(512M) 0.131ms
[2025-12-03T17:07:03.679+0000][7][gc,cpu      ] GC(292) User=0.00s Sys=0.00s Real=0.00s
[2025-12-03T17:07:03.679+0000][7][safepoint   ] Safepoint "G1Concurrent", Time since last: 32860625 ns, Reaching safepoint: 73667 ns, At safepoint: 305208 ns, Total: 378875 ns
[2025-12-03T17:07:03.679+0000][7][gc,marking  ] GC(292) Concurrent Cleanup for Next Mark
[2025-12-03T17:07:03.680+0000][7][gc,marking  ] GC(292) Concurrent Cleanup for Next Mark 1.418ms
[2025-12-03T17:07:03.680+0000][7][gc          ] GC(292) Concurrent Mark Cycle 115.839ms
[2025-12-03T17:07:09.687+0000][7][safepoint   ] Safepoint "Cleanup", Time since last: 6008313878 ns, Reaching safepoint: 80542 ns, At safepoint: 3417 ns, Total: 83959 ns
[2025-12-03T17:07:10.688+0000][7][safepoint   ] Safepoint "Cleanup", Time since last: 1000845625 ns, Reaching safepoint: 78792 ns, At safepoint: 3125 ns, Total: 81917 ns
[2025-12-03T17:07:18.699+0000][7][safepoint   ] Safepoint "Cleanup", Time since last: 8010990504 ns, Reaching safepoint: 118208 ns, At safepoint: 9000 ns, Total: 127208 ns
[2025-12-03T17:07:38.838+0000][7][gc,start    ] GC(293) Pause Young (Normal) (G1 Evacuation Pause)
[2025-12-03T17:07:38.838+0000][7][gc,task     ] GC(293) Using 8 workers of 8 for evacuation
[2025-12-03T17:07:38.838+0000][7][gc,age      ] GC(293) Desired survivor size 16777216 bytes, new threshold 15 (max threshold 15)
[2025-12-03T17:07:38.858+0000][7][gc,age      ] GC(293) Age table with threshold 15 (max threshold 15)
[2025-12-03T17:07:38.858+0000][7][gc,age      ] GC(293) - age   1:    2002952 bytes,    2002952 total
[2025-12-03T17:07:38.858+0000][7][gc,age      ] GC(293) - age   2:     798504 bytes,    2801456 total
[2025-12-03T17:07:38.858+0000][7][gc,age      ] GC(293) - age   3:     349768 bytes,    3151224 total
[2025-12-03T17:07:38.858+0000][7][gc,age      ] GC(293) - age   4:      71792 bytes,    3223016 total
[2025-12-03T17:07:38.858+0000][7][gc,age      ] GC(293) - age   5:       9320 bytes,    3232336 total
[2025-12-03T17:07:38.859+0000][7][gc,age      ] GC(293) - age   6:     366080 bytes,    3598416 total
[2025-12-03T17:07:38.859+0000][7][gc,age      ] GC(293) - age   7:       6456 bytes,    3604872 total
[2025-12-03T17:07:38.859+0000][7][gc,age      ] GC(293) - age   8:     137992 bytes,    3742864 total
[2025-12-03T17:07:38.859+0000][7][gc,age      ] GC(293) - age   9:      91544 bytes,    3834408 total
[2025-12-03T17:07:38.859+0000][7][gc,age      ] GC(293) - age  10:      89320 bytes,    3923728 total
[2025-12-03T17:07:38.859+0000][7][gc,age      ] GC(293) - age  11:    1976584 bytes,    5900312 total
[2025-12-03T17:07:38.859+0000][7][gc,age      ] GC(293) - age  12:      10752 bytes,    5911064 total
[2025-12-03T17:07:38.859+0000][7][gc,age      ] GC(293) - age  13:      39376 bytes,    5950440 total
[2025-12-03T17:07:38.859+0000][7][gc,age      ] GC(293) - age  14:      73760 bytes,    6024200 total
[2025-12-03T17:07:38.859+0000][7][gc,age      ] GC(293) - age  15:      78480 bytes,    6102680 total
[2025-12-03T17:07:38.859+0000][7][gc,phases   ] GC(293)   Pre Evacuate Collection Set: 0.3ms
[2025-12-03T17:07:38.859+0000][7][gc,phases   ] GC(293)   Merge Heap Roots: 0.2ms
[2025-12-03T17:07:38.859+0000][7][gc,phases   ] GC(293)   Evacuate Collection Set: 17.1ms
[2025-12-03T17:07:38.859+0000][7][gc,phases   ] GC(293)   Post Evacuate Collection Set: 2.5ms
[2025-12-03T17:07:38.859+0000][7][gc,phases   ] GC(293)   Other: 1.5ms
[2025-12-03T17:07:38.859+0000][7][gc,heap     ] GC(293) Eden regions: 61->0(61)
[2025-12-03T17:07:38.859+0000][7][gc,heap     ] GC(293) Survivor regions: 2->2(8)
[2025-12-03T17:07:38.859+0000][7][gc,heap     ] GC(293) Old regions: 39->39
[2025-12-03T17:07:38.859+0000][7][gc,heap     ] GC(293) Archive regions: 2->2
[2025-12-03T17:07:38.859+0000][7][gc,heap     ] GC(293) Humongous regions: 2->2
[2025-12-03T17:07:38.859+0000][7][gc,metaspace] GC(293) Metaspace: 115878K(117568K)->115878K(117568K) NonClass: 101098K(102016K)->101098K(102016K) Class: 14779K(15552K)->14779K(15552K)
[2025-12-03T17:07:38.859+0000][7][gc          ] GC(293) Pause Young (Normal) (G1 Evacuation Pause) 417M->172M(512M) 21.875ms
[2025-12-03T17:07:38.859+0000][7][gc,cpu      ] GC(293) User=0.13s Sys=0.01s Real=0.03s
[2025-12-03T17:07:38.860+0000][7][safepoint   ] Safepoint "G1CollectForAllocation", Time since last: 20136615551 ns, Reaching safepoint: 287416 ns, At safepoint: 22041709 ns, Total: 22329125 ns
[2025-12-03T17:07:43.865+0000][7][safepoint   ] Safepoint "Cleanup", Time since last: 5005702127 ns, Reaching safepoint: 84250 ns, At safepoint: 2500 ns, Total: 86750 ns
[2025-12-03T17:07:58.898+0000][7][safepoint   ] Safepoint "Cleanup", Time since last: 15032150215 ns, Reaching safepoint: 338125 ns, At safepoint: 15417 ns, Total: 353542 ns
[2025-12-03T17:08:18.559+0000][7][gc,start    ] GC(294) Pause Young (Concurrent Start) (G1 Evacuation Pause)
[2025-12-03T17:08:18.560+0000][7][gc,task     ] GC(294) Using 8 workers of 8 for evacuation
[2025-12-03T17:08:18.560+0000][7][gc,age      ] GC(294) Desired survivor size 16777216 bytes, new threshold 15 (max threshold 15)
[2025-12-03T17:08:18.574+0000][7][gc,age      ] GC(294) Age table with threshold 15 (max threshold 15)
[2025-12-03T17:08:18.574+0000][7][gc,age      ] GC(294) - age   1:    4943752 bytes,    4943752 total
[2025-12-03T17:08:18.574+0000][7][gc,age      ] GC(294) - age   2:     156672 bytes,    5100424 total
[2025-12-03T17:08:18.574+0000][7][gc,age      ] GC(294) - age   3:     794504 bytes,    5894928 total
[2025-12-03T17:08:18.574+0000][7][gc,age      ] GC(294) - age   4:     348600 bytes,    6243528 total
[2025-12-03T17:08:18.574+0000][7][gc,age      ] GC(294) - age   5:      71352 bytes,    6314880 total
[2025-12-03T17:08:18.574+0000][7][gc,age      ] GC(294) - age   6:       8960 bytes,    6323840 total
[2025-12-03T17:08:18.574+0000][7][gc,age      ] GC(294) - age   7:     366080 bytes,    6689920 total
[2025-12-03T17:08:18.574+0000][7][gc,age      ] GC(294) - age   8:       6392 bytes,    6696312 total
[2025-12-03T17:08:18.574+0000][7][gc,age      ] GC(294) - age   9:     137928 bytes,    6834240 total
[2025-12-03T17:08:18.574+0000][7][gc,age      ] GC(294) - age  10:      91480 bytes,    6925720 total
[2025-12-03T17:08:18.574+0000][7][gc,age      ] GC(294) - age  11:      89320 bytes,    7015040 total
[2025-12-03T17:08:18.575+0000][7][gc,age      ] GC(294) - age  12:    1976520 bytes,    8991560 total
[2025-12-03T17:08:18.575+0000][7][gc,age      ] GC(294) - age  13:      10552 bytes,    9002112 total
[2025-12-03T17:08:18.575+0000][7][gc,age      ] GC(294) - age  14:      39376 bytes,    9041488 total
[2025-12-03T17:08:18.575+0000][7][gc,age      ] GC(294) - age  15:      73760 bytes,    9115248 total
[2025-12-03T17:08:18.575+0000][7][gc,phases   ] GC(294)   Pre Evacuate Collection Set: 2.2ms
[2025-12-03T17:08:18.575+0000][7][gc,phases   ] GC(294)   Merge Heap Roots: 0.1ms
[2025-12-03T17:08:18.575+0000][7][gc,phases   ] GC(294)   Evacuate Collection Set: 9.2ms
[2025-12-03T17:08:18.575+0000][7][gc,phases   ] GC(294)   Post Evacuate Collection Set: 1.7ms
[2025-12-03T17:08:18.575+0000][7][gc,phases   ] GC(294)   Other: 2.3ms
[2025-12-03T17:08:18.575+0000][7][gc,heap     ] GC(294) Eden regions: 61->0(59)
[2025-12-03T17:08:18.575+0000][7][gc,heap     ] GC(294) Survivor regions: 2->3(8)
[2025-12-03T17:08:18.575+0000][7][gc,heap     ] GC(294) Old regions: 39->39
[2025-12-03T17:08:18.575+0000][7][gc,heap     ] GC(294) Archive regions: 2->2
[2025-12-03T17:08:18.575+0000][7][gc,heap     ] GC(294) Humongous regions: 2->2
[2025-12-03T17:08:18.575+0000][7][gc,metaspace] GC(294) Metaspace: 115879K(117568K)->115879K(117568K) NonClass: 101100K(102016K)->101100K(102016K) Class: 14779K(15552K)->14779K(15552K)
[2025-12-03T17:08:18.575+0000][7][gc          ] GC(294) Pause Young (Concurrent Start) (G1 Evacuation Pause) 416M->175M(512M) 15.828ms
[2025-12-03T17:08:18.575+0000][7][gc,cpu      ] GC(294) User=0.07s Sys=0.00s Real=0.01s
[2025-12-03T17:08:18.575+0000][7][safepoint   ] Safepoint "G1CollectForAllocation", Time since last: 19660687842 ns, Reaching safepoint: 474292 ns, At safepoint: 16182083 ns, Total: 16656375 ns
[2025-12-03T17:08:18.575+0000][7][gc          ] GC(295) Concurrent Mark Cycle
[2025-12-03T17:08:18.576+0000][7][gc,marking  ] GC(295) Concurrent Clear Claimed Marks
[2025-12-03T17:08:18.576+0000][7][gc,marking  ] GC(295) Concurrent Clear Claimed Marks 0.178ms
[2025-12-03T17:08:18.576+0000][7][gc,marking  ] GC(295) Concurrent Scan Root Regions
[2025-12-03T17:08:18.595+0000][7][gc,marking  ] GC(295) Concurrent Scan Root Regions 19.200ms
[2025-12-03T17:08:18.595+0000][7][gc,marking  ] GC(295) Concurrent Mark
[2025-12-03T17:08:18.595+0000][7][gc,marking  ] GC(295) Concurrent Mark From Roots
[2025-12-03T17:08:18.595+0000][7][gc,task     ] GC(295) Using 2 workers of 2 for marking
[2025-12-03T17:08:18.722+0000][7][gc,marking  ] GC(295) Concurrent Mark From Roots 126.460ms
[2025-12-03T17:08:18.722+0000][7][gc,marking  ] GC(295) Concurrent Preclean
[2025-12-03T17:08:18.722+0000][7][gc,marking  ] GC(295) Concurrent Preclean 0.250ms
[2025-12-03T17:08:18.722+0000][7][gc,start    ] GC(295) Pause Remark
[2025-12-03T17:08:18.748+0000][7][gc          ] GC(295) Pause Remark 197M->197M(512M) 25.635ms
[2025-12-03T17:08:18.748+0000][7][gc,cpu      ] GC(295) User=0.12s Sys=0.00s Real=0.02s
[2025-12-03T17:08:18.748+0000][7][safepoint   ] Safepoint "G1Concurrent", Time since last: 146760292 ns, Reaching safepoint: 49167 ns, At safepoint: 25885208 ns, Total: 25934375 ns
[2025-12-03T17:08:18.748+0000][7][gc,marking  ] GC(295) Concurrent Mark 153.155ms
[2025-12-03T17:08:18.748+0000][7][gc,marking  ] GC(295) Concurrent Rebuild Remembered Sets
[2025-12-03T17:08:18.780+0000][7][gc,marking  ] GC(295) Concurrent Rebuild Remembered Sets 31.509ms
[2025-12-03T17:08:18.780+0000][7][gc,start    ] GC(295) Pause Cleanup
[2025-12-03T17:08:18.780+0000][7][gc          ] GC(295) Pause Cleanup 198M->198M(512M) 0.164ms
[2025-12-03T17:08:18.780+0000][7][gc,cpu      ] GC(295) User=0.00s Sys=0.00s Real=0.00s
[2025-12-03T17:08:18.780+0000][7][safepoint   ] Safepoint "G1Concurrent", Time since last: 31992750 ns, Reaching safepoint: 51958 ns, At safepoint: 319292 ns, Total: 371250 ns
[2025-12-03T17:08:18.780+0000][7][gc,marking  ] GC(295) Concurrent Cleanup for Next Mark
[2025-12-03T17:08:18.782+0000][7][gc,marking  ] GC(295) Concurrent Cleanup for Next Mark 1.419ms
[2025-12-03T17:08:18.782+0000][7][gc          ] GC(295) Concurrent Mark Cycle 206.553ms
[2025-12-03T17:08:35.804+0000][7][safepoint   ] Safepoint "Cleanup", Time since last: 17022276632 ns, Reaching safepoint: 205417 ns, At safepoint: 12292 ns, Total: 217709 ns
[2025-12-03T17:08:51.638+0000][7][gc,start    ] GC(296) Pause Young (Normal) (G1 Evacuation Pause)
[2025-12-03T17:08:51.638+0000][7][gc,task     ] GC(296) Using 8 workers of 8 for evacuation
[2025-12-03T17:08:51.638+0000][7][gc,age      ] GC(296) Desired survivor size 16777216 bytes, new threshold 15 (max threshold 15)
[2025-12-03T17:08:51.647+0000][7][gc,age      ] GC(296) Age table with threshold 15 (max threshold 15)
[2025-12-03T17:08:51.647+0000][7][gc,age      ] GC(296) - age   1:    1648680 bytes,    1648680 total
[2025-12-03T17:08:51.647+0000][7][gc,age      ] GC(296) - age   2:    2623120 bytes,    4271800 total
[2025-12-03T17:08:51.647+0000][7][gc,age      ] GC(296) - age   3:     153256 bytes,    4425056 total
[2025-12-03T17:08:51.647+0000][7][gc,age      ] GC(296) - age   4:     793080 bytes,    5218136 total
[2025-12-03T17:08:51.647+0000][7][gc,age      ] GC(296) - age   5:     216648 bytes,    5434784 total
[2025-12-03T17:08:51.647+0000][7][gc,age      ] GC(296) - age   6:      70856 bytes,    5505640 total
[2025-12-03T17:08:51.647+0000][7][gc,age      ] GC(296) - age   7:       8768 bytes,    5514408 total
[2025-12-03T17:08:51.647+0000][7][gc,age      ] GC(296) - age   8:     366016 bytes,    5880424 total
[2025-12-03T17:08:51.647+0000][7][gc,age      ] GC(296) - age   9:       6392 bytes,    5886816 total
[2025-12-03T17:08:51.647+0000][7][gc,age      ] GC(296) - age  10:     137656 bytes,    6024472 total
[2025-12-03T17:08:51.647+0000][7][gc,age      ] GC(296) - age  11:      91480 bytes,    6115952 total
[2025-12-03T17:08:51.647+0000][7][gc,age      ] GC(296) - age  12:      89320 bytes,    6205272 total
[2025-12-03T17:08:51.647+0000][7][gc,age      ] GC(296) - age  13:    1976520 bytes,    8181792 total
[2025-12-03T17:08:51.647+0000][7][gc,age      ] GC(296) - age  14:      10552 bytes,    8192344 total
[2025-12-03T17:08:51.647+0000][7][gc,age      ] GC(296) - age  15:      39376 bytes,    8231720 total
[2025-12-03T17:08:51.647+0000][7][gc,phases   ] GC(296)   Pre Evacuate Collection Set: 0.2ms
[2025-12-03T17:08:51.647+0000][7][gc,phases   ] GC(296)   Merge Heap Roots: 0.1ms
[2025-12-03T17:08:51.647+0000][7][gc,phases   ] GC(296)   Evacuate Collection Set: 6.6ms
[2025-12-03T17:08:51.647+0000][7][gc,phases   ] GC(296)   Post Evacuate Collection Set: 1.6ms
[2025-12-03T17:08:51.647+0000][7][gc,phases   ] GC(296)   Other: 0.8ms
[2025-12-03T17:08:51.647+0000][7][gc,heap     ] GC(296) Eden regions: 59->0(59)
[2025-12-03T17:08:51.647+0000][7][gc,heap     ] GC(296) Survivor regions: 3->3(8)
[2025-12-03T17:08:51.647+0000][7][gc,heap     ] GC(296) Old regions: 39->39
[2025-12-03T17:08:51.647+0000][7][gc,heap     ] GC(296) Archive regions: 2->2
[2025-12-03T17:08:51.647+0000][7][gc,heap     ] GC(296) Humongous regions: 2->2
[2025-12-03T17:08:51.647+0000][7][gc,metaspace] GC(296) Metaspace: 115879K(117568K)->115879K(117568K) NonClass: 101100K(102016K)->101100K(102016K) Class: 14779K(15552K)->14779K(15552K)
[2025-12-03T17:08:51.647+0000][7][gc          ] GC(296) Pause Young (Normal) (G1 Evacuation Pause) 411M->175M(512M) 9.554ms
[2025-12-03T17:08:51.647+0000][7][gc,cpu      ] GC(296) User=0.05s Sys=0.00s Real=0.01s
[2025-12-03T17:08:51.648+0000][7][safepoint   ] Safepoint "G1CollectForAllocation", Time since last: 15833612549 ns, Reaching safepoint: 203583 ns, At safepoint: 9679917 ns, Total: 9883500 ns
[2025-12-03T17:09:04.662+0000][7][safepoint   ] Safepoint "Cleanup", Time since last: 13013418172 ns, Reaching safepoint: 200542 ns, At safepoint: 14291 ns, Total: 214833 ns
[2025-12-03T17:09:30.575+0000][7][gc,start    ] GC(297) Pause Young (Concurrent Start) (G1 Evacuation Pause)
[2025-12-03T17:09:30.575+0000][7][gc,task     ] GC(297) Using 8 workers of 8 for evacuation
[2025-12-03T17:09:30.576+0000][7][gc,age      ] GC(297) Desired survivor size 16777216 bytes, new threshold 15 (max threshold 15)
[2025-12-03T17:09:30.592+0000][7][gc,age      ] GC(297) Age table with threshold 15 (max threshold 15)
[2025-12-03T17:09:30.593+0000][7][gc,age      ] GC(297) - age   1:    2978960 bytes,    2978960 total
[2025-12-03T17:09:30.593+0000][7][gc,age      ] GC(297) - age   2:     706216 bytes,    3685176 total
[2025-12-03T17:09:30.593+0000][7][gc,age      ] GC(297) - age   3:    2470688 bytes,    6155864 total
[2025-12-03T17:09:30.593+0000][7][gc,age      ] GC(297) - age   4:     150400 bytes,    6306264 total
[2025-12-03T17:09:30.593+0000][7][gc,age      ] GC(297) - age   5:     294344 bytes,    6600608 total
[2025-12-03T17:09:30.593+0000][7][gc,age      ] GC(297) - age   6:     216552 bytes,    6817160 total
[2025-12-03T17:09:30.593+0000][7][gc,age      ] GC(297) - age   7:      70568 bytes,    6887728 total
[2025-12-03T17:09:30.593+0000][7][gc,age      ] GC(297) - age   8:       8448 bytes,    6896176 total
[2025-12-03T17:09:30.593+0000][7][gc,age      ] GC(297) - age   9:     366016 bytes,    7262192 total
[2025-12-03T17:09:30.593+0000][7][gc,age      ] GC(297) - age  10:       6392 bytes,    7268584 total
[2025-12-03T17:09:30.593+0000][7][gc,age      ] GC(297) - age  11:     137656 bytes,    7406240 total
[2025-12-03T17:09:30.593+0000][7][gc,age      ] GC(297) - age  12:      91480 bytes,    7497720 total
[2025-12-03T17:09:30.593+0000][7][gc,age      ] GC(297) - age  13:      89320 bytes,    7587040 total
[2025-12-03T17:09:30.593+0000][7][gc,age      ] GC(297) - age  14:    1976520 bytes,    9563560 total
[2025-12-03T17:09:30.593+0000][7][gc,age      ] GC(297) - age  15:      10552 bytes,    9574112 total
[2025-12-03T17:09:30.593+0000][7][gc,phases   ] GC(297)   Pre Evacuate Collection Set: 1.8ms
[2025-12-03T17:09:30.593+0000][7][gc,phases   ] GC(297)   Merge Heap Roots: 0.1ms
[2025-12-03T17:09:30.593+0000][7][gc,phases   ] GC(297)   Evacuate Collection Set: 12.6ms
[2025-12-03T17:09:30.593+0000][7][gc,phases   ] GC(297)   Post Evacuate Collection Set: 2.2ms
[2025-12-03T17:09:30.593+0000][7][gc,phases   ] GC(297)   Other: 1.7ms
[2025-12-03T17:09:30.593+0000][7][gc,heap     ] GC(297) Eden regions: 59->0(59)
[2025-12-03T17:09:30.594+0000][7][gc,heap     ] GC(297) Survivor regions: 3->3(8)
[2025-12-03T17:09:30.594+0000][7][gc,heap     ] GC(297) Old regions: 39->39
[2025-12-03T17:09:30.594+0000][7][gc,heap     ] GC(297) Archive regions: 2->2
[2025-12-03T17:09:30.594+0000][7][gc,heap     ] GC(297) Humongous regions: 2->2
[2025-12-03T17:09:30.594+0000][7][gc,metaspace] GC(297) Metaspace: 115879K(117568K)->115879K(117568K) NonClass: 101100K(102016K)->101100K(102016K) Class: 14779K(15552K)->14779K(15552K)
[2025-12-03T17:09:30.594+0000][7][gc          ] GC(297) Pause Young (Concurrent Start) (G1 Evacuation Pause) 411M->176M(512M) 18.572ms
[2025-12-03T17:09:30.594+0000][7][gc,cpu      ] GC(297) User=0.08s Sys=0.00s Real=0.02s
[2025-12-03T17:09:30.594+0000][7][safepoint   ] Safepoint "G1CollectForAllocation", Time since last: 25913180304 ns, Reaching safepoint: 287125 ns, At safepoint: 18837334 ns, Total: 19124459 ns
[2025-12-03T17:09:30.594+0000][7][gc          ] GC(298) Concurrent Mark Cycle
[2025-12-03T17:09:30.594+0000][7][gc,marking  ] GC(298) Concurrent Clear Claimed Marks
[2025-12-03T17:09:30.595+0000][7][gc,marking  ] GC(298) Concurrent Clear Claimed Marks 0.254ms
[2025-12-03T17:09:30.595+0000][7][gc,marking  ] GC(298) Concurrent Scan Root Regions
[2025-12-03T17:09:30.598+0000][7][gc,marking  ] GC(298) Concurrent Scan Root Regions 3.003ms
[2025-12-03T17:09:30.598+0000][7][gc,marking  ] GC(298) Concurrent Mark
[2025-12-03T17:09:30.598+0000][7][gc,marking  ] GC(298) Concurrent Mark From Roots
[2025-12-03T17:09:30.598+0000][7][gc,task     ] GC(298) Using 2 workers of 2 for marking
[2025-12-03T17:09:30.693+0000][7][gc,marking  ] GC(298) Concurrent Mark From Roots 94.927ms
[2025-12-03T17:09:30.693+0000][7][gc,marking  ] GC(298) Concurrent Preclean
[2025-12-03T17:09:30.693+0000][7][gc,marking  ] GC(298) Concurrent Preclean 0.583ms
[2025-12-03T17:09:30.694+0000][7][gc,start    ] GC(298) Pause Remark
[2025-12-03T17:09:30.729+0000][7][gc          ] GC(298) Pause Remark 185M->185M(512M) 35.067ms
[2025-12-03T17:09:30.729+0000][7][gc,cpu      ] GC(298) User=0.17s Sys=0.01s Real=0.03s
[2025-12-03T17:09:30.729+0000][7][safepoint   ] Safepoint "G1Concurrent", Time since last: 99815500 ns, Reaching safepoint: 124250 ns, At safepoint: 35650083 ns, Total: 35774333 ns
[2025-12-03T17:09:30.730+0000][7][gc,marking  ] GC(298) Concurrent Mark 131.952ms
[2025-12-03T17:09:30.730+0000][7][gc,marking  ] GC(298) Concurrent Rebuild Remembered Sets
[2025-12-03T17:09:30.776+0000][7][gc,marking  ] GC(298) Concurrent Rebuild Remembered Sets 45.628ms
[2025-12-03T17:09:30.776+0000][7][gc,start    ] GC(298) Pause Cleanup
[2025-12-03T17:09:30.777+0000][7][gc          ] GC(298) Pause Cleanup 185M->185M(512M) 0.420ms
[2025-12-03T17:09:30.777+0000][7][gc,cpu      ] GC(298) User=0.00s Sys=0.00s Real=0.00s
[2025-12-03T17:09:30.777+0000][7][safepoint   ] Safepoint "G1Concurrent", Time since last: 46653333 ns, Reaching safepoint: 161625 ns, At safepoint: 865959 ns, Total: 1027584 ns
[2025-12-03T17:09:30.777+0000][7][gc,marking  ] GC(298) Concurrent Cleanup for Next Mark
[2025-12-03T17:09:30.779+0000][7][gc,marking  ] GC(298) Concurrent Cleanup for Next Mark 1.721ms
[2025-12-03T17:09:30.779+0000][7][gc          ] GC(298) Concurrent Mark Cycle 185.143ms
[2025-12-03T17:09:40.797+0000][7][safepoint   ] Safepoint "Cleanup", Time since last: 10018050503 ns, Reaching safepoint: 371084 ns, At safepoint: 3250 ns, Total: 374334 ns
[2025-12-03T17:10:10.035+0000][7][gc,start    ] GC(299) Pause Young (Prepare Mixed) (G1 Evacuation Pause)
[2025-12-03T17:10:10.038+0000][7][gc,task     ] GC(299) Using 8 workers of 8 for evacuation
[2025-12-03T17:10:10.039+0000][7][gc,age      ] GC(299) Desired survivor size 16777216 bytes, new threshold 15 (max threshold 15)
[2025-12-03T17:10:10.062+0000][7][gc,age      ] GC(299) Age table with threshold 15 (max threshold 15)
[2025-12-03T17:10:10.062+0000][7][gc,age      ] GC(299) - age   1:    2363496 bytes,    2363496 total
[2025-12-03T17:10:10.063+0000][7][gc,age      ] GC(299) - age   2:    1538488 bytes,    3901984 total
[2025-12-03T17:10:10.063+0000][7][gc,age      ] GC(299) - age   3:     699904 bytes,    4601888 total
[2025-12-03T17:10:10.063+0000][7][gc,age      ] GC(299) - age   4:    2319112 bytes,    6921000 total
[2025-12-03T17:10:10.063+0000][7][gc,age      ] GC(299) - age   5:      18432 bytes,    6939432 total
[2025-12-03T17:10:10.063+0000][7][gc,age      ] GC(299) - age   6:     162936 bytes,    7102368 total
[2025-12-03T17:10:10.063+0000][7][gc,age      ] GC(299) - age   7:     216552 bytes,    7318920 total
[2025-12-03T17:10:10.063+0000][7][gc,age      ] GC(299) - age   8:      70504 bytes,    7389424 total
[2025-12-03T17:10:10.063+0000][7][gc,age      ] GC(299) - age   9:       8448 bytes,    7397872 total
[2025-12-03T17:10:10.063+0000][7][gc,age      ] GC(299) - age  10:     366016 bytes,    7763888 total
[2025-12-03T17:10:10.063+0000][7][gc,age      ] GC(299) - age  11:       6392 bytes,    7770280 total
[2025-12-03T17:10:10.063+0000][7][gc,age      ] GC(299) - age  12:     137656 bytes,    7907936 total
[2025-12-03T17:10:10.063+0000][7][gc,age      ] GC(299) - age  13:      91480 bytes,    7999416 total
[2025-12-03T17:10:10.063+0000][7][gc,age      ] GC(299) - age  14:      89320 bytes,    8088736 total
[2025-12-03T17:10:10.063+0000][7][gc,age      ] GC(299) - age  15:    1976520 bytes,   10065256 total
[2025-12-03T17:10:10.063+0000][7][gc,phases   ] GC(299)   Pre Evacuate Collection Set: 0.9ms
[2025-12-03T17:10:10.064+0000][7][gc,phases   ] GC(299)   Merge Heap Roots: 0.4ms
[2025-12-03T17:10:10.064+0000][7][gc,phases   ] GC(299)   Evacuate Collection Set: 19.7ms
[2025-12-03T17:10:10.064+0000][7][gc,phases   ] GC(299)   Post Evacuate Collection Set: 2.8ms
[2025-12-03T17:10:10.064+0000][7][gc,phases   ] GC(299)   Other: 4.4ms
[2025-12-03T17:10:10.064+0000][7][gc,heap     ] GC(299) Eden regions: 59->0(3)
[2025-12-03T17:10:10.064+0000][7][gc,heap     ] GC(299) Survivor regions: 3->3(8)
[2025-12-03T17:10:10.064+0000][7][gc,heap     ] GC(299) Old regions: 39->39
[2025-12-03T17:10:10.064+0000][7][gc,heap     ] GC(299) Archive regions: 2->2
[2025-12-03T17:10:10.064+0000][7][gc,heap     ] GC(299) Humongous regions: 2->2
[2025-12-03T17:10:10.064+0000][7][gc,metaspace] GC(299) Metaspace: 115879K(117568K)->115879K(117568K) NonClass: 101100K(102016K)->101100K(102016K) Class: 14779K(15552K)->14779K(15552K)
[2025-12-03T17:10:10.064+0000][7][gc          ] GC(299) Pause Young (Prepare Mixed) (G1 Evacuation Pause) 412M->176M(512M) 28.764ms
[2025-12-03T17:10:10.064+0000][7][gc,cpu      ] GC(299) User=0.13s Sys=0.00s Real=0.03s
[2025-12-03T17:10:10.064+0000][7][safepoint   ] Safepoint "G1CollectForAllocation", Time since last: 29237102846 ns, Reaching safepoint: 493125 ns, At safepoint: 29201000 ns, Total: 29694125 ns
[2025-12-03T17:10:15.609+0000][7][gc,start    ] GC(300) Pause Young (Mixed) (G1 Evacuation Pause)
[2025-12-03T17:10:15.610+0000][7][gc,task     ] GC(300) Using 8 workers of 8 for evacuation
[2025-12-03T17:10:15.610+0000][7][gc,age      ] GC(300) Desired survivor size 2097152 bytes, new threshold 1 (max threshold 15)
[2025-12-03T17:10:15.699+0000][7][gc,age      ] GC(300) Age table with threshold 1 (max threshold 15)
[2025-12-03T17:10:15.699+0000][7][gc,age      ] GC(300) - age   1:    1340600 bytes,    1340600 total
[2025-12-03T17:10:15.699+0000][7][gc,phases   ] GC(300)   Pre Evacuate Collection Set: 0.1ms
[2025-12-03T17:10:15.699+0000][7][gc,phases   ] GC(300)   Merge Heap Roots: 0.2ms
[2025-12-03T17:10:15.699+0000][7][gc,phases   ] GC(300)   Evacuate Collection Set: 86.4ms
[2025-12-03T17:10:15.700+0000][7][gc,phases   ] GC(300)   Post Evacuate Collection Set: 2.6ms
[2025-12-03T17:10:15.700+0000][7][gc,phases   ] GC(300)   Other: 0.6ms
[2025-12-03T17:10:15.700+0000][7][gc,heap     ] GC(300) Eden regions: 3->0(65)
[2025-12-03T17:10:15.700+0000][7][gc,heap     ] GC(300) Survivor regions: 3->1(1)
[2025-12-03T17:10:15.700+0000][7][gc,heap     ] GC(300) Old regions: 39->35
[2025-12-03T17:10:15.700+0000][7][gc,heap     ] GC(300) Archive regions: 2->2
[2025-12-03T17:10:15.700+0000][7][gc,heap     ] GC(300) Humongous regions: 2->2
[2025-12-03T17:10:15.700+0000][7][gc,metaspace] GC(300) Metaspace: 115879K(117568K)->115879K(117568K) NonClass: 101100K(102016K)->101100K(102016K) Class: 14779K(15552K)->14779K(15552K)
[2025-12-03T17:10:15.700+0000][7][gc          ] GC(300) Pause Young (Mixed) (G1 Evacuation Pause) 188M->153M(512M) 90.464ms
[2025-12-03T17:10:15.700+0000][7][gc,cpu      ] GC(300) User=0.58s Sys=0.00s Real=0.09s
[2025-12-03T17:10:15.700+0000][7][safepoint   ] Safepoint "G1CollectForAllocation", Time since last: 5544889961 ns, Reaching safepoint: 41542 ns, At safepoint: 90624292 ns, Total: 90665834 ns
[2025-12-03T17:10:16.701+0000][7][safepoint   ] Safepoint "Cleanup", Time since last: 1001200750 ns, Reaching safepoint: 86167 ns, At safepoint: 5625 ns, Total: 91792 ns
[2025-12-03T17:10:18.705+0000][7][safepoint   ] Safepoint "Cleanup", Time since last: 2003945668 ns, Reaching safepoint: 64541 ns, At safepoint: 2917 ns, Total: 67458 ns
[2025-12-03T17:10:28.715+0000][7][safepoint   ] Safepoint "Cleanup", Time since last: 10009963296 ns, Reaching safepoint: 59459 ns, At safepoint: 4375 ns, Total: 63834 ns
[2025-12-03T17:10:52.744+0000][7][safepoint   ] Safepoint "Cleanup", Time since last: 24026957677 ns, Reaching safepoint: 300667 ns, At safepoint: 14875 ns, Total: 315542 ns
[2025-12-03T17:10:54.654+0000][7][gc,start    ] GC(301) Pause Young (Concurrent Start) (G1 Evacuation Pause)
[2025-12-03T17:10:54.654+0000][7][gc,task     ] GC(301) Using 8 workers of 8 for evacuation
[2025-12-03T17:10:54.655+0000][7][gc,age      ] GC(301) Desired survivor size 18874368 bytes, new threshold 15 (max threshold 15)
[2025-12-03T17:10:54.670+0000][7][gc,age      ] GC(301) Age table with threshold 15 (max threshold 15)
[2025-12-03T17:10:54.670+0000][7][gc,age      ] GC(301) - age   1:    2353848 bytes,    2353848 total
[2025-12-03T17:10:54.670+0000][7][gc,age      ] GC(301) - age   2:     188640 bytes,    2542488 total
[2025-12-03T17:10:54.671+0000][7][gc,phases   ] GC(301)   Pre Evacuate Collection Set: 2.9ms
[2025-12-03T17:10:54.671+0000][7][gc,phases   ] GC(301)   Merge Heap Roots: 0.2ms
[2025-12-03T17:10:54.671+0000][7][gc,phases   ] GC(301)   Evacuate Collection Set: 10.3ms
[2025-12-03T17:10:54.671+0000][7][gc,phases   ] GC(301)   Post Evacuate Collection Set: 2.1ms
[2025-12-03T17:10:54.671+0000][7][gc,phases   ] GC(301)   Other: 1.6ms
[2025-12-03T17:10:54.671+0000][7][gc,heap     ] GC(301) Eden regions: 65->0(65)
[2025-12-03T17:10:54.671+0000][7][gc,heap     ] GC(301) Survivor regions: 1->1(9)
[2025-12-03T17:10:54.671+0000][7][gc,heap     ] GC(301) Old regions: 35->35
[2025-12-03T17:10:54.671+0000][7][gc,heap     ] GC(301) Archive regions: 2->2
[2025-12-03T17:10:54.671+0000][7][gc,heap     ] GC(301) Humongous regions: 2->2
[2025-12-03T17:10:54.671+0000][7][gc,metaspace] GC(301) Metaspace: 115880K(117568K)->115880K(117568K) NonClass: 101101K(102016K)->101101K(102016K) Class: 14779K(15552K)->14779K(15552K)
[2025-12-03T17:10:54.671+0000][7][gc          ] GC(301) Pause Young (Concurrent Start) (G1 Evacuation Pause) 413M->153M(512M) 17.459ms
[2025-12-03T17:10:54.671+0000][7][gc,cpu      ] GC(301) User=0.07s Sys=0.00s Real=0.01s
[2025-12-03T17:10:54.671+0000][7][safepoint   ] Safepoint "G1CollectForAllocation", Time since last: 1909661334 ns, Reaching safepoint: 70500 ns, At safepoint: 17833084 ns, Total: 17903584 ns
[2025-12-03T17:10:54.671+0000][7][gc          ] GC(302) Concurrent Mark Cycle
[2025-12-03T17:10:54.671+0000][7][gc,marking  ] GC(302) Concurrent Clear Claimed Marks
[2025-12-03T17:10:54.672+0000][7][gc,marking  ] GC(302) Concurrent Clear Claimed Marks 0.206ms
[2025-12-03T17:10:54.672+0000][7][gc,marking  ] GC(302) Concurrent Scan Root Regions
[2025-12-03T17:10:54.675+0000][7][gc,marking  ] GC(302) Concurrent Scan Root Regions 2.811ms
[2025-12-03T17:10:54.675+0000][7][gc,marking  ] GC(302) Concurrent Mark
[2025-12-03T17:10:54.675+0000][7][gc,marking  ] GC(302) Concurrent Mark From Roots
[2025-12-03T17:10:54.675+0000][7][gc,task     ] GC(302) Using 2 workers of 2 for marking
[2025-12-03T17:10:54.754+0000][7][gc,marking  ] GC(302) Concurrent Mark From Roots 79.434ms
[2025-12-03T17:10:54.754+0000][7][gc,marking  ] GC(302) Concurrent Preclean
[2025-12-03T17:10:54.755+0000][7][gc,marking  ] GC(302) Concurrent Preclean 0.492ms
[2025-12-03T17:10:54.755+0000][7][gc,start    ] GC(302) Pause Remark
[2025-12-03T17:10:54.785+0000][7][gc          ] GC(302) Pause Remark 159M->159M(512M) 29.582ms
[2025-12-03T17:10:54.785+0000][7][gc,cpu      ] GC(302) User=0.17s Sys=0.01s Real=0.03s
[2025-12-03T17:10:54.785+0000][7][safepoint   ] Safepoint "G1Concurrent", Time since last: 83603500 ns, Reaching safepoint: 44125 ns, At safepoint: 29829166 ns, Total: 29873291 ns
[2025-12-03T17:10:54.785+0000][7][gc,marking  ] GC(302) Concurrent Mark 110.260ms
[2025-12-03T17:10:54.785+0000][7][gc,marking  ] GC(302) Concurrent Rebuild Remembered Sets
[2025-12-03T17:10:54.815+0000][7][gc,marking  ] GC(302) Concurrent Rebuild Remembered Sets 29.786ms
[2025-12-03T17:10:54.815+0000][7][gc,start    ] GC(302) Pause Cleanup
[2025-12-03T17:10:54.815+0000][7][gc          ] GC(302) Pause Cleanup 161M->161M(512M) 0.126ms
[2025-12-03T17:10:54.815+0000][7][gc,cpu      ] GC(302) User=0.00s Sys=0.00s Real=0.00s
[2025-12-03T17:10:54.815+0000][7][safepoint   ] Safepoint "G1Concurrent", Time since last: 30024042 ns, Reaching safepoint: 61375 ns, At safepoint: 265708 ns, Total: 327083 ns
[2025-12-03T17:10:54.815+0000][7][gc,marking  ] GC(302) Concurrent Cleanup for Next Mark
[2025-12-03T17:10:54.818+0000][7][gc,marking  ] GC(302) Concurrent Cleanup for Next Mark 3.002ms
[2025-12-03T17:10:54.818+0000][7][gc          ] GC(302) Concurrent Mark Cycle 146.937ms
[2025-12-03T17:10:57.819+0000][7][safepoint   ] Safepoint "Cleanup", Time since last: 3004247044 ns, Reaching safepoint: 44083 ns, At safepoint: 1958 ns, Total: 46041 ns
[2025-12-03T17:11:09.988+0000][7][safepoint   ] Safepoint "Cleanup", Time since last: 12019928547 ns, Reaching safepoint: 148450667 ns, At safepoint: 95292 ns, Total: 148545959 ns
[2025-12-03T17:11:11.011+0000][7][safepoint   ] Safepoint "Cleanup", Time since last: 1022819542 ns, Reaching safepoint: 561042 ns, At safepoint: 10833 ns, Total: 571875 ns
[2025-12-03T17:11:38.324+0000][7][gc,start    ] GC(303) Pause Young (Normal) (G1 Evacuation Pause)
[2025-12-03T17:11:38.324+0000][7][gc,task     ] GC(303) Using 8 workers of 8 for evacuation
[2025-12-03T17:11:38.325+0000][7][gc,age      ] GC(303) Desired survivor size 18874368 bytes, new threshold 15 (max threshold 15)
[2025-12-03T17:11:38.332+0000][7][gc,age      ] GC(303) Age table with threshold 15 (max threshold 15)
[2025-12-03T17:11:38.332+0000][7][gc,age      ] GC(303) - age   1:    2659456 bytes,    2659456 total
[2025-12-03T17:11:38.332+0000][7][gc,age      ] GC(303) - age   2:     609288 bytes,    3268744 total
[2025-12-03T17:11:38.332+0000][7][gc,age      ] GC(303) - age   3:       3280 bytes,    3272024 total
[2025-12-03T17:11:38.332+0000][7][gc,phases   ] GC(303)   Pre Evacuate Collection Set: 0.2ms
[2025-12-03T17:11:38.332+0000][7][gc,phases   ] GC(303)   Merge Heap Roots: 0.1ms
[2025-12-03T17:11:38.332+0000][7][gc,phases   ] GC(303)   Evacuate Collection Set: 5.6ms
[2025-12-03T17:11:38.332+0000][7][gc,phases   ] GC(303)   Post Evacuate Collection Set: 1.7ms
[2025-12-03T17:11:38.333+0000][7][gc,phases   ] GC(303)   Other: 1.0ms
[2025-12-03T17:11:38.333+0000][7][gc,heap     ] GC(303) Eden regions: 65->0(65)
[2025-12-03T17:11:38.333+0000][7][gc,heap     ] GC(303) Survivor regions: 1->1(9)
[2025-12-03T17:11:38.333+0000][7][gc,heap     ] GC(303) Old regions: 35->35
[2025-12-03T17:11:38.333+0000][7][gc,heap     ] GC(303) Archive regions: 2->2
[2025-12-03T17:11:38.333+0000][7][gc,heap     ] GC(303) Humongous regions: 2->2
[2025-12-03T17:11:38.333+0000][7][gc,metaspace] GC(303) Metaspace: 115881K(117568K)->115881K(117568K) NonClass: 101101K(102016K)->101101K(102016K) Class: 14779K(15552K)->14779K(15552K)
[2025-12-03T17:11:38.333+0000][7][gc          ] GC(303) Pause Young (Normal) (G1 Evacuation Pause) 413M->154M(512M) 8.915ms
[2025-12-03T17:11:38.333+0000][7][gc,cpu      ] GC(303) User=0.04s Sys=0.00s Real=0.01s
[2025-12-03T17:11:38.333+0000][7][safepoint   ] Safepoint "G1CollectForAllocation", Time since last: 27310560179 ns, Reaching safepoint: 157000 ns, At safepoint: 9177250 ns, Total: 9334250 ns
[2025-12-03T17:11:43.377+0000][7][safepoint   ] Safepoint "Cleanup", Time since last: 5043966002 ns, Reaching safepoint: 428250 ns, At safepoint: 13625 ns, Total: 441875 ns
[2025-12-03T17:11:58.405+0000][7][safepoint   ] Safepoint "Cleanup", Time since last: 15027567007 ns, Reaching safepoint: 268625 ns, At safepoint: 5875 ns, Total: 274500 ns
[2025-12-03T17:12:08.425+0000][7][safepoint   ] Safepoint "Cleanup", Time since last: 10019777629 ns, Reaching safepoint: 102959 ns, At safepoint: 3500 ns, Total: 106459 ns
[2025-12-03T17:12:13.435+0000][7][safepoint   ] Safepoint "Cleanup", Time since last: 5008740127 ns, Reaching safepoint: 519167 ns, At safepoint: 56041 ns, Total: 575208 ns
[2025-12-03T17:12:21.937+0000][7][gc,start    ] GC(304) Pause Young (Concurrent Start) (G1 Evacuation Pause)
[2025-12-03T17:12:21.938+0000][7][gc,task     ] GC(304) Using 8 workers of 8 for evacuation
[2025-12-03T17:12:21.938+0000][7][gc,age      ] GC(304) Desired survivor size 18874368 bytes, new threshold 15 (max threshold 15)
[2025-12-03T17:12:21.962+0000][7][gc,age      ] GC(304) Age table with threshold 15 (max threshold 15)
[2025-12-03T17:12:21.962+0000][7][gc,age      ] GC(304) - age   1:    3254152 bytes,    3254152 total
[2025-12-03T17:12:21.962+0000][7][gc,age      ] GC(304) - age   2:     954320 bytes,    4208472 total
[2025-12-03T17:12:21.962+0000][7][gc,age      ] GC(304) - age   3:     607264 bytes,    4815736 total
[2025-12-03T17:12:21.962+0000][7][gc,age      ] GC(304) - age   4:       3216 bytes,    4818952 total
[2025-12-03T17:12:21.963+0000][7][gc,phases   ] GC(304)   Pre Evacuate Collection Set: 2.2ms
[2025-12-03T17:12:21.963+0000][7][gc,phases   ] GC(304)   Merge Heap Roots: 0.1ms
[2025-12-03T17:12:21.963+0000][7][gc,phases   ] GC(304)   Evacuate Collection Set: 17.6ms
[2025-12-03T17:12:21.963+0000][7][gc,phases   ] GC(304)   Post Evacuate Collection Set: 3.6ms
[2025-12-03T17:12:21.963+0000][7][gc,phases   ] GC(304)   Other: 1.9ms
[2025-12-03T17:12:21.963+0000][7][gc,heap     ] GC(304) Eden regions: 65->0(64)
[2025-12-03T17:12:21.963+0000][7][gc,heap     ] GC(304) Survivor regions: 1->2(9)
[2025-12-03T17:12:21.963+0000][7][gc,heap     ] GC(304) Old regions: 35->35
[2025-12-03T17:12:21.963+0000][7][gc,heap     ] GC(304) Archive regions: 2->2
[2025-12-03T17:12:21.963+0000][7][gc,heap     ] GC(304) Humongous regions: 2->2
[2025-12-03T17:12:21.963+0000][7][gc,metaspace] GC(304) Metaspace: 115882K(117568K)->115882K(117568K) NonClass: 101102K(102016K)->101102K(102016K) Class: 14779K(15552K)->14779K(15552K)
[2025-12-03T17:12:21.963+0000][7][gc          ] GC(304) Pause Young (Concurrent Start) (G1 Evacuation Pause) 414M->155M(512M) 26.106ms
[2025-12-03T17:12:21.963+0000][7][gc,cpu      ] GC(304) User=0.10s Sys=0.00s Real=0.02s
[2025-12-03T17:12:21.964+0000][7][safepoint   ] Safepoint "G1CollectForAllocation", Time since last: 8502330421 ns, Reaching safepoint: 252833 ns, At safepoint: 26654750 ns, Total: 26907583 ns
[2025-12-03T17:12:21.964+0000][7][gc          ] GC(305) Concurrent Mark Cycle
[2025-12-03T17:12:21.964+0000][7][gc,marking  ] GC(305) Concurrent Clear Claimed Marks
[2025-12-03T17:12:21.964+0000][7][gc,marking  ] GC(305) Concurrent Clear Claimed Marks 0.121ms
[2025-12-03T17:12:21.964+0000][7][gc,marking  ] GC(305) Concurrent Scan Root Regions
[2025-12-03T17:12:21.969+0000][7][gc,marking  ] GC(305) Concurrent Scan Root Regions 4.296ms
[2025-12-03T17:12:21.969+0000][7][gc,marking  ] GC(305) Concurrent Mark
[2025-12-03T17:12:21.969+0000][7][gc,marking  ] GC(305) Concurrent Mark From Roots
[2025-12-03T17:12:21.969+0000][7][gc,task     ] GC(305) Using 2 workers of 2 for marking
[2025-12-03T17:12:22.035+0000][7][gc,marking  ] GC(305) Concurrent Mark From Roots 66.042ms
[2025-12-03T17:12:22.035+0000][7][gc,marking  ] GC(305) Concurrent Preclean
[2025-12-03T17:12:22.035+0000][7][gc,marking  ] GC(305) Concurrent Preclean 0.303ms
[2025-12-03T17:12:22.035+0000][7][gc,start    ] GC(305) Pause Remark
[2025-12-03T17:12:22.056+0000][7][gc          ] GC(305) Pause Remark 180M->180M(512M) 20.387ms
[2025-12-03T17:12:22.056+0000][7][gc,cpu      ] GC(305) User=0.14s Sys=0.00s Real=0.02s
[2025-12-03T17:12:22.056+0000][7][safepoint   ] Safepoint "G1Concurrent", Time since last: 71411459 ns, Reaching safepoint: 97291 ns, At safepoint: 20590167 ns, Total: 20687458 ns
[2025-12-03T17:12:22.056+0000][7][gc,marking  ] GC(305) Concurrent Mark 87.366ms
[2025-12-03T17:12:22.056+0000][7][gc,marking  ] GC(305) Concurrent Rebuild Remembered Sets
[2025-12-03T17:12:22.085+0000][7][gc,marking  ] GC(305) Concurrent Rebuild Remembered Sets 29.120ms
[2025-12-03T17:12:22.085+0000][7][gc,start    ] GC(305) Pause Cleanup
[2025-12-03T17:12:22.085+0000][7][gc          ] GC(305) Pause Cleanup 181M->181M(512M) 0.124ms
[2025-12-03T17:12:22.086+0000][7][gc,cpu      ] GC(305) User=0.00s Sys=0.00s Real=0.00s
[2025-12-03T17:12:22.086+0000][7][safepoint   ] Safepoint "G1Concurrent", Time since last: 29356167 ns, Reaching safepoint: 67416 ns, At safepoint: 263209 ns, Total: 330625 ns
[2025-12-03T17:12:22.086+0000][7][gc,marking  ] GC(305) Concurrent Cleanup for Next Mark
[2025-12-03T17:12:22.087+0000][7][gc,marking  ] GC(305) Concurrent Cleanup for Next Mark 1.471ms
[2025-12-03T17:12:22.087+0000][7][gc          ] GC(305) Concurrent Mark Cycle 123.356ms
[2025-12-03T17:12:57.793+0000][7][gc,start    ] GC(306) Pause Young (Normal) (G1 Evacuation Pause)
[2025-12-03T17:12:57.794+0000][7][gc,task     ] GC(306) Using 8 workers of 8 for evacuation
[2025-12-03T17:12:57.794+0000][7][gc,age      ] GC(306) Desired survivor size 18874368 bytes, new threshold 15 (max threshold 15)
[2025-12-03T17:12:57.814+0000][7][gc,age      ] GC(306) Age table with threshold 15 (max threshold 15)
[2025-12-03T17:12:57.814+0000][7][gc,age      ] GC(306) - age   1:    1549736 bytes,    1549736 total
[2025-12-03T17:12:57.814+0000][7][gc,age      ] GC(306) - age   2:     652768 bytes,    2202504 total
[2025-12-03T17:12:57.814+0000][7][gc,age      ] GC(306) - age   3:     800032 bytes,    3002536 total
[2025-12-03T17:12:57.814+0000][7][gc,age      ] GC(306) - age   4:     468688 bytes,    3471224 total
[2025-12-03T17:12:57.814+0000][7][gc,age      ] GC(306) - age   5:       2088 bytes,    3473312 total
[2025-12-03T17:12:57.815+0000][7][gc,phases   ] GC(306)   Pre Evacuate Collection Set: 1.0ms
[2025-12-03T17:12:57.815+0000][7][gc,phases   ] GC(306)   Merge Heap Roots: 1.1ms
[2025-12-03T17:12:57.815+0000][7][gc,phases   ] GC(306)   Evacuate Collection Set: 13.8ms
[2025-12-03T17:12:57.815+0000][7][gc,phases   ] GC(306)   Post Evacuate Collection Set: 4.0ms
[2025-12-03T17:12:57.815+0000][7][gc,phases   ] GC(306)   Other: 2.6ms
[2025-12-03T17:12:57.815+0000][7][gc,heap     ] GC(306) Eden regions: 64->0(65)
[2025-12-03T17:12:57.815+0000][7][gc,heap     ] GC(306) Survivor regions: 2->1(9)
[2025-12-03T17:12:57.815+0000][7][gc,heap     ] GC(306) Old regions: 35->35
[2025-12-03T17:12:57.815+0000][7][gc,heap     ] GC(306) Archive regions: 2->2
[2025-12-03T17:12:57.815+0000][7][gc,heap     ] GC(306) Humongous regions: 2->2
[2025-12-03T17:12:57.815+0000][7][gc,metaspace] GC(306) Metaspace: 115882K(117568K)->115882K(117568K) NonClass: 101102K(102016K)->101102K(102016K) Class: 14779K(15552K)->14779K(15552K)
[2025-12-03T17:12:57.815+0000][7][gc          ] GC(306) Pause Young (Normal) (G1 Evacuation Pause) 411M->154M(512M) 22.556ms
[2025-12-03T17:12:57.815+0000][7][gc,cpu      ] GC(306) User=0.13s Sys=0.00s Real=0.02s
[2025-12-03T17:12:57.815+0000][7][safepoint   ] Safepoint "G1CollectForAllocation", Time since last: 35829793724 ns, Reaching safepoint: 935709 ns, At safepoint: 23260291 ns, Total: 24196000 ns
[2025-12-03T17:13:21.851+0000][7][safepoint   ] Safepoint "Cleanup", Time since last: 24035587886 ns, Reaching safepoint: 253791 ns, At safepoint: 5250 ns, Total: 259041 ns
[2025-12-03T17:13:24.875+0000][7][safepoint   ] Safepoint "Cleanup", Time since last: 3022461877 ns, Reaching safepoint: 1230792 ns, At safepoint: 44208 ns, Total: 1275000 ns
[2025-12-03T17:13:29.215+0000][7][safepoint   ] Safepoint "Cleanup", Time since last: 4338969669 ns, Reaching safepoint: 790291 ns, At safepoint: 195584 ns, Total: 985875 ns
[2025-12-03T17:13:38.187+0000][7][gc,start    ] GC(307) Pause Young (Concurrent Start) (G1 Evacuation Pause)
[2025-12-03T17:13:38.188+0000][7][gc,task     ] GC(307) Using 8 workers of 8 for evacuation
[2025-12-03T17:13:38.189+0000][7][gc,age      ] GC(307) Desired survivor size 18874368 bytes, new threshold 15 (max threshold 15)
[2025-12-03T17:13:38.203+0000][7][gc,age      ] GC(307) Age table with threshold 15 (max threshold 15)
[2025-12-03T17:13:38.203+0000][7][gc,age      ] GC(307) - age   1:    3149736 bytes,    3149736 total
[2025-12-03T17:13:38.203+0000][7][gc,age      ] GC(307) - age   2:      72912 bytes,    3222648 total
[2025-12-03T17:13:38.203+0000][7][gc,age      ] GC(307) - age   3:     517088 bytes,    3739736 total
[2025-12-03T17:13:38.203+0000][7][gc,age      ] GC(307) - age   4:     299640 bytes,    4039376 total
[2025-12-03T17:13:38.203+0000][7][gc,age      ] GC(307) - age   5:     468224 bytes,    4507600 total
[2025-12-03T17:13:38.203+0000][7][gc,age      ] GC(307) - age   6:       1712 bytes,    4509312 total
[2025-12-03T17:13:38.203+0000][7][gc,phases   ] GC(307)   Pre Evacuate Collection Set: 3.4ms
[2025-12-03T17:13:38.203+0000][7][gc,phases   ] GC(307)   Merge Heap Roots: 0.3ms
[2025-12-03T17:13:38.204+0000][7][gc,phases   ] GC(307)   Evacuate Collection Set: 8.7ms
[2025-12-03T17:13:38.204+0000][7][gc,phases   ] GC(307)   Post Evacuate Collection Set: 1.6ms
[2025-12-03T17:13:38.204+0000][7][gc,phases   ] GC(307)   Other: 2.1ms
[2025-12-03T17:13:38.204+0000][7][gc,heap     ] GC(307) Eden regions: 65->0(64)
[2025-12-03T17:13:38.204+0000][7][gc,heap     ] GC(307) Survivor regions: 1->2(9)
[2025-12-03T17:13:38.204+0000][7][gc,heap     ] GC(307) Old regions: 35->35
[2025-12-03T17:13:38.204+0000][7][gc,heap     ] GC(307) Archive regions: 2->2
[2025-12-03T17:13:38.204+0000][7][gc,heap     ] GC(307) Humongous regions: 2->2
[2025-12-03T17:13:38.204+0000][7][gc,metaspace] GC(307) Metaspace: 115882K(117568K)->115882K(117568K) NonClass: 101103K(102016K)->101103K(102016K) Class: 14779K(15552K)->14779K(15552K)
[2025-12-03T17:13:38.204+0000][7][gc          ] GC(307) Pause Young (Concurrent Start) (G1 Evacuation Pause) 414M->155M(512M) 16.844ms
[2025-12-03T17:13:38.204+0000][7][gc,cpu      ] GC(307) User=0.04s Sys=0.00s Real=0.02s
[2025-12-03T17:13:38.204+0000][7][safepoint   ] Safepoint "G1CollectForAllocation", Time since last: 8972875087 ns, Reaching safepoint: 176208 ns, At safepoint: 17173292 ns, Total: 17349500 ns
[2025-12-03T17:13:38.205+0000][7][gc          ] GC(308) Concurrent Mark Cycle
[2025-12-03T17:13:38.205+0000][7][gc,marking  ] GC(308) Concurrent Clear Claimed Marks
[2025-12-03T17:13:38.205+0000][7][gc,marking  ] GC(308) Concurrent Clear Claimed Marks 0.120ms
[2025-12-03T17:13:38.205+0000][7][gc,marking  ] GC(308) Concurrent Scan Root Regions
[2025-12-03T17:13:38.208+0000][7][gc,marking  ] GC(308) Concurrent Scan Root Regions 3.525ms
[2025-12-03T17:13:38.209+0000][7][gc,marking  ] GC(308) Concurrent Mark
[2025-12-03T17:13:38.209+0000][7][gc,marking  ] GC(308) Concurrent Mark From Roots
[2025-12-03T17:13:38.209+0000][7][gc,task     ] GC(308) Using 2 workers of 2 for marking
[2025-12-03T17:13:38.279+0000][7][gc,marking  ] GC(308) Concurrent Mark From Roots 70.542ms
[2025-12-03T17:13:38.279+0000][7][gc,marking  ] GC(308) Concurrent Preclean
[2025-12-03T17:13:38.280+0000][7][gc,marking  ] GC(308) Concurrent Preclean 0.321ms
[2025-12-03T17:13:38.280+0000][7][gc,start    ] GC(308) Pause Remark
[2025-12-03T17:13:38.286+0000][7][gc          ] GC(308) Pause Remark 166M->166M(512M) 5.768ms
[2025-12-03T17:13:38.286+0000][7][gc,cpu      ] GC(308) User=0.04s Sys=0.01s Real=0.01s
[2025-12-03T17:13:38.286+0000][7][safepoint   ] Safepoint "G1Concurrent", Time since last: 75450791 ns, Reaching safepoint: 112584 ns, At safepoint: 5936250 ns, Total: 6048834 ns
[2025-12-03T17:13:38.286+0000][7][gc,marking  ] GC(308) Concurrent Mark 77.417ms
[2025-12-03T17:13:38.286+0000][7][gc,marking  ] GC(308) Concurrent Rebuild Remembered Sets
[2025-12-03T17:13:38.315+0000][7][gc,marking  ] GC(308) Concurrent Rebuild Remembered Sets 28.926ms
[2025-12-03T17:13:38.315+0000][7][gc,start    ] GC(308) Pause Cleanup
[2025-12-03T17:13:38.315+0000][7][gc          ] GC(308) Pause Cleanup 166M->166M(512M) 0.148ms
[2025-12-03T17:13:38.315+0000][7][gc,cpu      ] GC(308) User=0.00s Sys=0.00s Real=0.00s
[2025-12-03T17:13:38.315+0000][7][safepoint   ] Safepoint "G1Concurrent", Time since last: 29189250 ns, Reaching safepoint: 68791 ns, At safepoint: 282625 ns, Total: 351416 ns
[2025-12-03T17:13:38.316+0000][7][gc,marking  ] GC(308) Concurrent Cleanup for Next Mark
[2025-12-03T17:13:38.317+0000][7][gc,marking  ] GC(308) Concurrent Cleanup for Next Mark 1.301ms
[2025-12-03T17:13:38.317+0000][7][gc          ] GC(308) Concurrent Mark Cycle 112.393ms
[2025-12-03T17:13:40.319+0000][7][safepoint   ] Safepoint "Cleanup", Time since last: 2003377001 ns, Reaching safepoint: 416292 ns, At safepoint: 8542 ns, Total: 424834 ns
[2025-12-03T17:14:10.383+0000][7][safepoint   ] Safepoint "Cleanup", Time since last: 30063014722 ns, Reaching safepoint: 352750 ns, At safepoint: 4250 ns, Total: 357000 ns
[2025-12-03T17:14:10.574+0000][7][gc,start    ] GC(309) Pause Young (Normal) (G1 Evacuation Pause)
[2025-12-03T17:14:10.574+0000][7][gc,task     ] GC(309) Using 8 workers of 8 for evacuation
[2025-12-03T17:14:10.574+0000][7][gc,age      ] GC(309) Desired survivor size 18874368 bytes, new threshold 15 (max threshold 15)
[2025-12-03T17:14:10.585+0000][7][gc,age      ] GC(309) Age table with threshold 15 (max threshold 15)
[2025-12-03T17:14:10.586+0000][7][gc,age      ] GC(309) - age   1:    2266280 bytes,    2266280 total
[2025-12-03T17:14:10.586+0000][7][gc,age      ] GC(309) - age   2:    1105728 bytes,    3372008 total
[2025-12-03T17:14:10.586+0000][7][gc,age      ] GC(309) - age   3:      68944 bytes,    3440952 total
[2025-12-03T17:14:10.586+0000][7][gc,age      ] GC(309) - age   4:     515568 bytes,    3956520 total
[2025-12-03T17:14:10.586+0000][7][gc,age      ] GC(309) - age   5:     299368 bytes,    4255888 total
[2025-12-03T17:14:10.586+0000][7][gc,age      ] GC(309) - age   6:     468000 bytes,    4723888 total
[2025-12-03T17:14:10.586+0000][7][gc,age      ] GC(309) - age   7:       1536 bytes,    4725424 total
[2025-12-03T17:14:10.586+0000][7][gc,phases   ] GC(309)   Pre Evacuate Collection Set: 0.3ms
[2025-12-03T17:14:10.586+0000][7][gc,phases   ] GC(309)   Merge Heap Roots: 0.2ms
[2025-12-03T17:14:10.586+0000][7][gc,phases   ] GC(309)   Evacuate Collection Set: 7.9ms
[2025-12-03T17:14:10.586+0000][7][gc,phases   ] GC(309)   Post Evacuate Collection Set: 2.6ms
[2025-12-03T17:14:10.587+0000][7][gc,phases   ] GC(309)   Other: 1.5ms
[2025-12-03T17:14:10.587+0000][7][gc,heap     ] GC(309) Eden regions: 64->0(64)
[2025-12-03T17:14:10.587+0000][7][gc,heap     ] GC(309) Survivor regions: 2->2(9)
[2025-12-03T17:14:10.587+0000][7][gc,heap     ] GC(309) Old regions: 35->35
[2025-12-03T17:14:10.587+0000][7][gc,heap     ] GC(309) Archive regions: 2->2
[2025-12-03T17:14:10.587+0000][7][gc,heap     ] GC(309) Humongous regions: 2->2
[2025-12-03T17:14:10.587+0000][7][gc,metaspace] GC(309) Metaspace: 115894K(117568K)->115894K(117568K) NonClass: 101114K(102016K)->101114K(102016K) Class: 14779K(15552K)->14779K(15552K)
[2025-12-03T17:14:10.587+0000][7][gc          ] GC(309) Pause Young (Normal) (G1 Evacuation Pause) 411M->155M(512M) 13.454ms
[2025-12-03T17:14:10.587+0000][7][gc,cpu      ] GC(309) User=0.05s Sys=0.00s Real=0.01s
[2025-12-03T17:14:10.587+0000][7][safepoint   ] Safepoint "G1CollectForAllocation", Time since last: 190209208 ns, Reaching safepoint: 88334 ns, At safepoint: 13766333 ns, Total: 13854667 ns
[2025-12-03T17:14:46.642+0000][7][safepoint   ] Safepoint "Cleanup", Time since last: 36054289475 ns, Reaching safepoint: 329500 ns, At safepoint: 54666 ns, Total: 384166 ns
[2025-12-03T17:14:58.235+0000][7][gc,start    ] GC(310) Pause Young (Concurrent Start) (G1 Evacuation Pause)
[2025-12-03T17:14:58.236+0000][7][gc,task     ] GC(310) Using 8 workers of 8 for evacuation
[2025-12-03T17:14:58.236+0000][7][gc,age      ] GC(310) Desired survivor size 18874368 bytes, new threshold 15 (max threshold 15)
[2025-12-03T17:14:58.247+0000][7][gc,age      ] GC(310) Age table with threshold 15 (max threshold 15)
[2025-12-03T17:14:58.247+0000][7][gc,age      ] GC(310) - age   1:    3118440 bytes,    3118440 total
[2025-12-03T17:14:58.247+0000][7][gc,age      ] GC(310) - age   2:     280624 bytes,    3399064 total
[2025-12-03T17:14:58.247+0000][7][gc,age      ] GC(310) - age   3:     840184 bytes,    4239248 total
[2025-12-03T17:14:58.247+0000][7][gc,age      ] GC(310) - age   4:      68160 bytes,    4307408 total
[2025-12-03T17:14:58.247+0000][7][gc,age      ] GC(310) - age   5:     384224 bytes,    4691632 total
[2025-12-03T17:14:58.247+0000][7][gc,age      ] GC(310) - age   6:     168248 bytes,    4859880 total
[2025-12-03T17:14:58.247+0000][7][gc,age      ] GC(310) - age   7:     467632 bytes,    5327512 total
[2025-12-03T17:14:58.247+0000][7][gc,age      ] GC(310) - age   8:       1536 bytes,    5329048 total
[2025-12-03T17:14:58.247+0000][7][gc,phases   ] GC(310)   Pre Evacuate Collection Set: 2.0ms
[2025-12-03T17:14:58.247+0000][7][gc,phases   ] GC(310)   Merge Heap Roots: 0.1ms
[2025-12-03T17:14:58.247+0000][7][gc,phases   ] GC(310)   Evacuate Collection Set: 7.2ms
[2025-12-03T17:14:58.248+0000][7][gc,phases   ] GC(310)   Post Evacuate Collection Set: 1.5ms
[2025-12-03T17:14:58.248+0000][7][gc,phases   ] GC(310)   Other: 1.4ms
[2025-12-03T17:14:58.248+0000][7][gc,heap     ] GC(310) Eden regions: 64->0(64)
[2025-12-03T17:14:58.248+0000][7][gc,heap     ] GC(310) Survivor regions: 2->2(9)
[2025-12-03T17:14:58.248+0000][7][gc,heap     ] GC(310) Old regions: 35->35
[2025-12-03T17:14:58.248+0000][7][gc,heap     ] GC(310) Archive regions: 2->2
[2025-12-03T17:14:58.248+0000][7][gc,heap     ] GC(310) Humongous regions: 2->2
[2025-12-03T17:14:58.248+0000][7][gc,metaspace] GC(310) Metaspace: 115894K(117568K)->115894K(117568K) NonClass: 101114K(102016K)->101114K(102016K) Class: 14779K(15552K)->14779K(15552K)
[2025-12-03T17:14:58.248+0000][7][gc          ] GC(310) Pause Young (Concurrent Start) (G1 Evacuation Pause) 411M->156M(512M) 12.870ms
[2025-12-03T17:14:58.248+0000][7][gc,cpu      ] GC(310) User=0.05s Sys=0.00s Real=0.01s
[2025-12-03T17:14:58.248+0000][7][safepoint   ] Safepoint "G1CollectForAllocation", Time since last: 11592747047 ns, Reaching safepoint: 127625 ns, At safepoint: 13102792 ns, Total: 13230417 ns
[2025-12-03T17:14:58.248+0000][7][gc          ] GC(311) Concurrent Mark Cycle
[2025-12-03T17:14:58.249+0000][7][gc,marking  ] GC(311) Concurrent Clear Claimed Marks
[2025-12-03T17:14:58.249+0000][7][gc,marking  ] GC(311) Concurrent Clear Claimed Marks 0.320ms
[2025-12-03T17:14:58.249+0000][7][gc,marking  ] GC(311) Concurrent Scan Root Regions
[2025-12-03T17:14:58.255+0000][7][gc,marking  ] GC(311) Concurrent Scan Root Regions 5.588ms
[2025-12-03T17:14:58.255+0000][7][gc,marking  ] GC(311) Concurrent Mark
[2025-12-03T17:14:58.255+0000][7][gc,marking  ] GC(311) Concurrent Mark From Roots
[2025-12-03T17:14:58.255+0000][7][gc,task     ] GC(311) Using 2 workers of 2 for marking
[2025-12-03T17:14:58.321+0000][7][gc,marking  ] GC(311) Concurrent Mark From Roots 65.632ms
[2025-12-03T17:14:58.321+0000][7][gc,marking  ] GC(311) Concurrent Preclean
[2025-12-03T17:14:58.321+0000][7][gc,marking  ] GC(311) Concurrent Preclean 0.419ms
[2025-12-03T17:14:58.321+0000][7][gc,start    ] GC(311) Pause Remark
[2025-12-03T17:14:58.346+0000][7][gc          ] GC(311) Pause Remark 164M->164M(512M) 24.248ms
[2025-12-03T17:14:58.346+0000][7][gc,cpu      ] GC(311) User=0.18s Sys=0.00s Real=0.02s
[2025-12-03T17:14:58.346+0000][7][safepoint   ] Safepoint "G1Concurrent", Time since last: 73083000 ns, Reaching safepoint: 72792 ns, At safepoint: 24488292 ns, Total: 24561084 ns
[2025-12-03T17:14:58.346+0000][7][gc,marking  ] GC(311) Concurrent Mark 91.061ms
[2025-12-03T17:14:58.346+0000][7][gc,marking  ] GC(311) Concurrent Rebuild Remembered Sets
[2025-12-03T17:14:58.376+0000][7][gc,marking  ] GC(311) Concurrent Rebuild Remembered Sets 29.612ms
[2025-12-03T17:14:58.376+0000][7][gc,start    ] GC(311) Pause Cleanup
[2025-12-03T17:14:58.376+0000][7][gc          ] GC(311) Pause Cleanup 164M->164M(512M) 0.179ms
[2025-12-03T17:14:58.376+0000][7][gc,cpu      ] GC(311) User=0.00s Sys=0.00s Real=0.00s
[2025-12-03T17:14:58.376+0000][7][safepoint   ] Safepoint "G1Concurrent", Time since last: 29898833 ns, Reaching safepoint: 52500 ns, At safepoint: 333083 ns, Total: 385583 ns
[2025-12-03T17:14:58.376+0000][7][gc,marking  ] GC(311) Concurrent Cleanup for Next Mark
[2025-12-03T17:14:58.378+0000][7][gc,marking  ] GC(311) Concurrent Cleanup for Next Mark 1.368ms
[2025-12-03T17:14:58.378+0000][7][gc          ] GC(311) Concurrent Mark Cycle 129.404ms
[2025-12-03T17:15:38.427+0000][7][safepoint   ] Safepoint "Cleanup", Time since last: 40049655435 ns, Reaching safepoint: 513167 ns, At safepoint: 59208 ns, Total: 572375 ns
[2025-12-03T17:15:39.854+0000][7][gc,start    ] GC(312) Pause Young (Normal) (G1 Evacuation Pause)
[2025-12-03T17:15:39.854+0000][7][gc,task     ] GC(312) Using 8 workers of 8 for evacuation
[2025-12-03T17:15:39.854+0000][7][gc,age      ] GC(312) Desired survivor size 18874368 bytes, new threshold 15 (max threshold 15)
[2025-12-03T17:15:39.863+0000][7][gc,age      ] GC(312) Age table with threshold 15 (max threshold 15)
[2025-12-03T17:15:39.863+0000][7][gc,age      ] GC(312) - age   1:    2814440 bytes,    2814440 total
[2025-12-03T17:15:39.863+0000][7][gc,age      ] GC(312) - age   2:     426104 bytes,    3240544 total
[2025-12-03T17:15:39.863+0000][7][gc,age      ] GC(312) - age   3:     277000 bytes,    3517544 total
[2025-12-03T17:15:39.863+0000][7][gc,age      ] GC(312) - age   4:     341008 bytes,    3858552 total
[2025-12-03T17:15:39.863+0000][7][gc,age      ] GC(312) - age   5:      67592 bytes,    3926144 total
[2025-12-03T17:15:39.863+0000][7][gc,age      ] GC(312) - age   6:     384224 bytes,    4310368 total
[2025-12-03T17:15:39.863+0000][7][gc,age      ] GC(312) - age   7:     168248 bytes,    4478616 total
[2025-12-03T17:15:39.863+0000][7][gc,age      ] GC(312) - age   8:     467632 bytes,    4946248 total
[2025-12-03T17:15:39.863+0000][7][gc,age      ] GC(312) - age   9:       1536 bytes,    4947784 total
[2025-12-03T17:15:39.863+0000][7][gc,phases   ] GC(312)   Pre Evacuate Collection Set: 0.3ms
[2025-12-03T17:15:39.863+0000][7][gc,phases   ] GC(312)   Merge Heap Roots: 0.2ms
[2025-12-03T17:15:39.863+0000][7][gc,phases   ] GC(312)   Evacuate Collection Set: 5.8ms
[2025-12-03T17:15:39.863+0000][7][gc,phases   ] GC(312)   Post Evacuate Collection Set: 1.9ms
[2025-12-03T17:15:39.863+0000][7][gc,phases   ] GC(312)   Other: 1.2ms
[2025-12-03T17:15:39.863+0000][7][gc,heap     ] GC(312) Eden regions: 64->0(64)
[2025-12-03T17:15:39.863+0000][7][gc,heap     ] GC(312) Survivor regions: 2->2(9)
[2025-12-03T17:15:39.864+0000][7][gc,heap     ] GC(312) Old regions: 35->35
[2025-12-03T17:15:39.864+0000][7][gc,heap     ] GC(312) Archive regions: 2->2
[2025-12-03T17:15:39.864+0000][7][gc,heap     ] GC(312) Humongous regions: 2->2
[2025-12-03T17:15:39.864+0000][7][gc,metaspace] GC(312) Metaspace: 115894K(117568K)->115894K(117568K) NonClass: 101114K(102016K)->101114K(102016K) Class: 14779K(15552K)->14779K(15552K)
[2025-12-03T17:15:39.864+0000][7][gc          ] GC(312) Pause Young (Normal) (G1 Evacuation Pause) 412M->156M(512M) 9.839ms
[2025-12-03T17:15:39.864+0000][7][gc,cpu      ] GC(312) User=0.04s Sys=0.01s Real=0.01s
[2025-12-03T17:15:39.864+0000][7][safepoint   ] Safepoint "G1CollectForAllocation", Time since last: 1426856709 ns, Reaching safepoint: 45500 ns, At safepoint: 10072042 ns, Total: 10117542 ns
[2025-12-03T17:16:10.901+0000][7][safepoint   ] Safepoint "Cleanup", Time since last: 31036838556 ns, Reaching safepoint: 268917 ns, At safepoint: 12917 ns, Total: 281834 ns
[2025-12-03T17:16:18.236+0000][7][gc,start    ] GC(313) Pause Young (Concurrent Start) (G1 Evacuation Pause)
[2025-12-03T17:16:18.236+0000][7][gc,task     ] GC(313) Using 8 workers of 8 for evacuation
[2025-12-03T17:16:18.236+0000][7][gc,age      ] GC(313) Desired survivor size 18874368 bytes, new threshold 15 (max threshold 15)
[2025-12-03T17:16:18.250+0000][7][gc,age      ] GC(313) Age table with threshold 15 (max threshold 15)
[2025-12-03T17:16:18.250+0000][7][gc,age      ] GC(313) - age   1:    2238912 bytes,    2238912 total
[2025-12-03T17:16:18.250+0000][7][gc,age      ] GC(313) - age   2:     795632 bytes,    3034544 total
[2025-12-03T17:16:18.250+0000][7][gc,age      ] GC(313) - age   3:     272248 bytes,    3306792 total
[2025-12-03T17:16:18.250+0000][7][gc,age      ] GC(313) - age   4:     143168 bytes,    3449960 total
[2025-12-03T17:16:18.250+0000][7][gc,age      ] GC(313) - age   5:     337344 bytes,    3787304 total
[2025-12-03T17:16:18.250+0000][7][gc,age      ] GC(313) - age   6:      40264 bytes,    3827568 total
[2025-12-03T17:16:18.250+0000][7][gc,age      ] GC(313) - age   7:     327672 bytes,    4155240 total
[2025-12-03T17:16:18.250+0000][7][gc,age      ] GC(313) - age   8:     132256 bytes,    4287496 total
[2025-12-03T17:16:18.250+0000][7][gc,age      ] GC(313) - age   9:     467632 bytes,    4755128 total
[2025-12-03T17:16:18.250+0000][7][gc,age      ] GC(313) - age  10:       1536 bytes,    4756664 total
[2025-12-03T17:16:18.250+0000][7][gc,phases   ] GC(313)   Pre Evacuate Collection Set: 2.6ms
[2025-12-03T17:16:18.250+0000][7][gc,phases   ] GC(313)   Merge Heap Roots: 0.1ms
[2025-12-03T17:16:18.250+0000][7][gc,phases   ] GC(313)   Evacuate Collection Set: 9.0ms
[2025-12-03T17:16:18.250+0000][7][gc,phases   ] GC(313)   Post Evacuate Collection Set: 1.6ms
[2025-12-03T17:16:18.250+0000][7][gc,phases   ] GC(313)   Other: 1.3ms
[2025-12-03T17:16:18.250+0000][7][gc,heap     ] GC(313) Eden regions: 64->0(64)
[2025-12-03T17:16:18.250+0000][7][gc,heap     ] GC(313) Survivor regions: 2->2(9)
[2025-12-03T17:16:18.250+0000][7][gc,heap     ] GC(313) Old regions: 35->35
[2025-12-03T17:16:18.250+0000][7][gc,heap     ] GC(313) Archive regions: 2->2
[2025-12-03T17:16:18.250+0000][7][gc,heap     ] GC(313) Humongous regions: 2->2
[2025-12-03T17:16:18.250+0000][7][gc,metaspace] GC(313) Metaspace: 115894K(117568K)->115894K(117568K) NonClass: 101115K(102016K)->101115K(102016K) Class: 14779K(15552K)->14779K(15552K)
[2025-12-03T17:16:18.251+0000][7][gc          ] GC(313) Pause Young (Concurrent Start) (G1 Evacuation Pause) 412M->156M(512M) 14.913ms
[2025-12-03T17:16:18.251+0000][7][gc,cpu      ] GC(313) User=0.07s Sys=0.00s Real=0.01s
[2025-12-03T17:16:18.251+0000][7][safepoint   ] Safepoint "G1CollectForAllocation", Time since last: 7334402961 ns, Reaching safepoint: 65042 ns, At safepoint: 15188750 ns, Total: 15253792 ns
[2025-12-03T17:16:18.251+0000][7][gc          ] GC(314) Concurrent Mark Cycle
[2025-12-03T17:16:18.251+0000][7][gc,marking  ] GC(314) Concurrent Clear Claimed Marks
[2025-12-03T17:16:18.251+0000][7][gc,marking  ] GC(314) Concurrent Clear Claimed Marks 0.105ms
[2025-12-03T17:16:18.251+0000][7][gc,marking  ] GC(314) Concurrent Scan Root Regions
[2025-12-03T17:16:18.254+0000][7][gc,marking  ] GC(314) Concurrent Scan Root Regions 2.815ms
[2025-12-03T17:16:18.254+0000][7][gc,marking  ] GC(314) Concurrent Mark
[2025-12-03T17:16:18.254+0000][7][gc,marking  ] GC(314) Concurrent Mark From Roots
[2025-12-03T17:16:18.254+0000][7][gc,task     ] GC(314) Using 2 workers of 2 for marking
[2025-12-03T17:16:18.310+0000][7][gc,marking  ] GC(314) Concurrent Mark From Roots 56.162ms
[2025-12-03T17:16:18.310+0000][7][gc,marking  ] GC(314) Concurrent Preclean
[2025-12-03T17:16:18.311+0000][7][gc,marking  ] GC(314) Concurrent Preclean 0.307ms
[2025-12-03T17:16:18.311+0000][7][gc,start    ] GC(314) Pause Remark
[2025-12-03T17:16:18.329+0000][7][gc          ] GC(314) Pause Remark 164M->164M(512M) 17.746ms
[2025-12-03T17:16:18.329+0000][7][gc,cpu      ] GC(314) User=0.14s Sys=0.00s Real=0.02s
[2025-12-03T17:16:18.329+0000][7][safepoint   ] Safepoint "G1Concurrent", Time since last: 60001792 ns, Reaching safepoint: 71333 ns, At safepoint: 17957667 ns, Total: 18029000 ns
[2025-12-03T17:16:18.329+0000][7][gc,marking  ] GC(314) Concurrent Mark 74.821ms
[2025-12-03T17:16:18.329+0000][7][gc,marking  ] GC(314) Concurrent Rebuild Remembered Sets
[2025-12-03T17:16:18.357+0000][7][gc,marking  ] GC(314) Concurrent Rebuild Remembered Sets 28.120ms
[2025-12-03T17:16:18.357+0000][7][gc,start    ] GC(314) Pause Cleanup
[2025-12-03T17:16:18.357+0000][7][gc          ] GC(314) Pause Cleanup 164M->164M(512M) 0.104ms
[2025-12-03T17:16:18.357+0000][7][gc,cpu      ] GC(314) User=0.00s Sys=0.00s Real=0.00s
[2025-12-03T17:16:18.357+0000][7][safepoint   ] Safepoint "G1Concurrent", Time since last: 28368000 ns, Reaching safepoint: 66208 ns, At safepoint: 205333 ns, Total: 271541 ns
[2025-12-03T17:16:18.357+0000][7][gc,marking  ] GC(314) Concurrent Cleanup for Next Mark
[2025-12-03T17:16:18.359+0000][7][gc,marking  ] GC(314) Concurrent Cleanup for Next Mark 1.437ms
[2025-12-03T17:16:18.359+0000][7][gc          ] GC(314) Concurrent Mark Cycle 108.114ms
[2025-12-03T17:16:38.384+0000][7][safepoint   ] Safepoint "Cleanup", Time since last: 20026438384 ns, Reaching safepoint: 556125 ns, At safepoint: 7250 ns, Total: 563375 ns
[2025-12-03T17:16:45.390+0000][7][safepoint   ] Safepoint "Cleanup", Time since last: 7004586712 ns, Reaching safepoint: 749708 ns, At safepoint: 11000 ns, Total: 760708 ns
[2025-12-03T17:16:48.393+0000][7][safepoint   ] Safepoint "Cleanup", Time since last: 3003388668 ns, Reaching safepoint: 124458 ns, At safepoint: 14542 ns, Total: 139000 ns
[2025-12-03T17:16:57.872+0000][7][gc,start    ] GC(315) Pause Young (Normal) (G1 Evacuation Pause)
[2025-12-03T17:16:57.873+0000][7][gc,task     ] GC(315) Using 8 workers of 8 for evacuation
[2025-12-03T17:16:57.873+0000][7][gc,age      ] GC(315) Desired survivor size 18874368 bytes, new threshold 15 (max threshold 15)
[2025-12-03T17:16:57.883+0000][7][gc,age      ] GC(315) Age table with threshold 15 (max threshold 15)
[2025-12-03T17:16:57.883+0000][7][gc,age      ] GC(315) - age   1:    4192800 bytes,    4192800 total
[2025-12-03T17:16:57.883+0000][7][gc,age      ] GC(315) - age   2:     570112 bytes,    4762912 total
[2025-12-03T17:16:57.883+0000][7][gc,age      ] GC(315) - age   3:     511584 bytes,    5274496 total
[2025-12-03T17:16:57.884+0000][7][gc,age      ] GC(315) - age   4:     271736 bytes,    5546232 total
[2025-12-03T17:16:57.884+0000][7][gc,age      ] GC(315) - age   5:      11448 bytes,    5557680 total
[2025-12-03T17:16:57.884+0000][7][gc,age      ] GC(315) - age   6:     336752 bytes,    5894432 total
[2025-12-03T17:16:57.884+0000][7][gc,age      ] GC(315) - age   7:      40040 bytes,    5934472 total
[2025-12-03T17:16:57.884+0000][7][gc,age      ] GC(315) - age   8:     326776 bytes,    6261248 total
[2025-12-03T17:16:57.884+0000][7][gc,age      ] GC(315) - age   9:     131480 bytes,    6392728 total
[2025-12-03T17:16:57.884+0000][7][gc,age      ] GC(315) - age  10:     467632 bytes,    6860360 total
[2025-12-03T17:16:57.884+0000][7][gc,age      ] GC(315) - age  11:       1536 bytes,    6861896 total
[2025-12-03T17:16:57.884+0000][7][gc,phases   ] GC(315)   Pre Evacuate Collection Set: 0.3ms
[2025-12-03T17:16:57.884+0000][7][gc,phases   ] GC(315)   Merge Heap Roots: 0.2ms
[2025-12-03T17:16:57.884+0000][7][gc,phases   ] GC(315)   Evacuate Collection Set: 7.6ms
[2025-12-03T17:16:57.884+0000][7][gc,phases   ] GC(315)   Post Evacuate Collection Set: 2.1ms
[2025-12-03T17:16:57.884+0000][7][gc,phases   ] GC(315)   Other: 1.7ms
[2025-12-03T17:16:57.884+0000][7][gc,heap     ] GC(315) Eden regions: 64->0(64)
[2025-12-03T17:16:57.884+0000][7][gc,heap     ] GC(315) Survivor regions: 2->2(9)
[2025-12-03T17:16:57.884+0000][7][gc,heap     ] GC(315) Old regions: 35->35
[2025-12-03T17:16:57.884+0000][7][gc,heap     ] GC(315) Archive regions: 2->2
[2025-12-03T17:16:57.884+0000][7][gc,heap     ] GC(315) Humongous regions: 2->2
[2025-12-03T17:16:57.884+0000][7][gc,metaspace] GC(315) Metaspace: 115894K(117568K)->115894K(117568K) NonClass: 101115K(102016K)->101115K(102016K) Class: 14779K(15552K)->14779K(15552K)
[2025-12-03T17:16:57.885+0000][7][gc          ] GC(315) Pause Young (Normal) (G1 Evacuation Pause) 411M->157M(512M) 12.228ms
[2025-12-03T17:16:57.885+0000][7][gc,cpu      ] GC(315) User=0.06s Sys=0.00s Real=0.01s
[2025-12-03T17:16:57.885+0000][7][safepoint   ] Safepoint "G1CollectForAllocation", Time since last: 9479018630 ns, Reaching safepoint: 65458 ns, At safepoint: 12516167 ns, Total: 12581625 ns
[2025-12-03T17:17:33.968+0000][7][gc,start    ] GC(316) Pause Young (Concurrent Start) (G1 Evacuation Pause)
[2025-12-03T17:17:33.969+0000][7][gc,task     ] GC(316) Using 8 workers of 8 for evacuation
[2025-12-03T17:17:33.969+0000][7][gc,age      ] GC(316) Desired survivor size 18874368 bytes, new threshold 15 (max threshold 15)
[2025-12-03T17:17:33.986+0000][7][gc,age      ] GC(316) Age table with threshold 15 (max threshold 15)
[2025-12-03T17:17:33.986+0000][7][gc,age      ] GC(316) - age   1:    1122176 bytes,    1122176 total
[2025-12-03T17:17:33.986+0000][7][gc,age      ] GC(316) - age   2:     390752 bytes,    1512928 total
[2025-12-03T17:17:33.986+0000][7][gc,age      ] GC(316) - age   3:     565320 bytes,    2078248 total
[2025-12-03T17:17:33.986+0000][7][gc,age      ] GC(316) - age   4:     509840 bytes,    2588088 total
[2025-12-03T17:17:33.987+0000][7][gc,age      ] GC(316) - age   5:     271144 bytes,    2859232 total
[2025-12-03T17:17:33.987+0000][7][gc,age      ] GC(316) - age   6:      10384 bytes,    2869616 total
[2025-12-03T17:17:33.987+0000][7][gc,age      ] GC(316) - age   7:     336624 bytes,    3206240 total
[2025-12-03T17:17:33.987+0000][7][gc,age      ] GC(316) - age   8:      39848 bytes,    3246088 total
[2025-12-03T17:17:33.987+0000][7][gc,age      ] GC(316) - age   9:     326584 bytes,    3572672 total
[2025-12-03T17:17:33.987+0000][7][gc,age      ] GC(316) - age  10:     131048 bytes,    3703720 total
[2025-12-03T17:17:33.987+0000][7][gc,age      ] GC(316) - age  11:     467632 bytes,    4171352 total
[2025-12-03T17:17:33.987+0000][7][gc,age      ] GC(316) - age  12:       1536 bytes,    4172888 total
[2025-12-03T17:17:33.987+0000][7][gc,phases   ] GC(316)   Pre Evacuate Collection Set: 3.3ms
[2025-12-03T17:17:33.987+0000][7][gc,phases   ] GC(316)   Merge Heap Roots: 0.1ms
[2025-12-03T17:17:33.987+0000][7][gc,phases   ] GC(316)   Evacuate Collection Set: 11.7ms
[2025-12-03T17:17:33.987+0000][7][gc,phases   ] GC(316)   Post Evacuate Collection Set: 1.9ms
[2025-12-03T17:17:33.987+0000][7][gc,phases   ] GC(316)   Other: 2.6ms
[2025-12-03T17:17:33.987+0000][7][gc,heap     ] GC(316) Eden regions: 64->0(64)
[2025-12-03T17:17:33.987+0000][7][gc,heap     ] GC(316) Survivor regions: 2->2(9)
[2025-12-03T17:17:33.987+0000][7][gc,heap     ] GC(316) Old regions: 35->35
[2025-12-03T17:17:33.988+0000][7][gc,heap     ] GC(316) Archive regions: 2->2
[2025-12-03T17:17:33.988+0000][7][gc,heap     ] GC(316) Humongous regions: 2->2
[2025-12-03T17:17:33.988+0000][7][gc,metaspace] GC(316) Metaspace: 115894K(117568K)->115894K(117568K) NonClass: 101115K(102016K)->101115K(102016K) Class: 14779K(15552K)->14779K(15552K)
[2025-12-03T17:17:33.988+0000][7][gc          ] GC(316) Pause Young (Concurrent Start) (G1 Evacuation Pause) 413M->155M(512M) 19.951ms
[2025-12-03T17:17:33.988+0000][7][gc,cpu      ] GC(316) User=0.08s Sys=0.01s Real=0.02s
[2025-12-03T17:17:33.988+0000][7][safepoint   ] Safepoint "G1CollectForAllocation", Time since last: 36081963683 ns, Reaching safepoint: 450583 ns, At safepoint: 20479042 ns, Total: 20929625 ns
[2025-12-03T17:17:33.988+0000][7][gc          ] GC(317) Concurrent Mark Cycle
[2025-12-03T17:17:33.988+0000][7][gc,marking  ] GC(317) Concurrent Clear Claimed Marks
[2025-12-03T17:17:33.988+0000][7][gc,marking  ] GC(317) Concurrent Clear Claimed Marks 0.170ms
[2025-12-03T17:17:33.988+0000][7][gc,marking  ] GC(317) Concurrent Scan Root Regions
[2025-12-03T17:17:33.998+0000][7][gc,marking  ] GC(317) Concurrent Scan Root Regions 9.622ms
[2025-12-03T17:17:33.998+0000][7][gc,marking  ] GC(317) Concurrent Mark
[2025-12-03T17:17:33.998+0000][7][gc,marking  ] GC(317) Concurrent Mark From Roots
[2025-12-03T17:17:33.998+0000][7][gc,task     ] GC(317) Using 2 workers of 2 for marking
[2025-12-03T17:17:34.078+0000][7][gc,marking  ] GC(317) Concurrent Mark From Roots 80.347ms
[2025-12-03T17:17:34.080+0000][7][gc,marking  ] GC(317) Concurrent Preclean
[2025-12-03T17:17:34.080+0000][7][gc,marking  ] GC(317) Concurrent Preclean 0.400ms
[2025-12-03T17:17:34.080+0000][7][gc,start    ] GC(317) Pause Remark
[2025-12-03T17:17:34.117+0000][7][gc          ] GC(317) Pause Remark 155M->155M(512M) 36.925ms
[2025-12-03T17:17:34.117+0000][7][gc,cpu      ] GC(317) User=0.28s Sys=0.00s Real=0.04s
[2025-12-03T17:17:34.117+0000][7][safepoint   ] Safepoint "G1Concurrent", Time since last: 92355791 ns, Reaching safepoint: 74334 ns, At safepoint: 37168500 ns, Total: 37242834 ns
[2025-12-03T17:17:34.118+0000][7][gc,marking  ] GC(317) Concurrent Mark 119.599ms
[2025-12-03T17:17:34.118+0000][7][gc,marking  ] GC(317) Concurrent Rebuild Remembered Sets
[2025-12-03T17:17:34.150+0000][7][gc,marking  ] GC(317) Concurrent Rebuild Remembered Sets 31.982ms
[2025-12-03T17:17:34.150+0000][7][gc,start    ] GC(317) Pause Cleanup
[2025-12-03T17:17:34.150+0000][7][gc          ] GC(317) Pause Cleanup 162M->162M(512M) 0.135ms
[2025-12-03T17:17:34.150+0000][7][gc,cpu      ] GC(317) User=0.00s Sys=0.00s Real=0.00s
[2025-12-03T17:17:34.150+0000][7][safepoint   ] Safepoint "G1Concurrent", Time since last: 32249250 ns, Reaching safepoint: 69708 ns, At safepoint: 279833 ns, Total: 349541 ns
[2025-12-03T17:17:34.150+0000][7][gc,marking  ] GC(317) Concurrent Cleanup for Next Mark
[2025-12-03T17:17:34.152+0000][7][gc,marking  ] GC(317) Concurrent Cleanup for Next Mark 1.686ms
[2025-12-03T17:17:34.152+0000][7][gc          ] GC(317) Concurrent Mark Cycle 164.014ms
[2025-12-03T17:18:18.223+0000][7][gc,start    ] GC(318) Pause Young (Normal) (G1 Evacuation Pause)
[2025-12-03T17:18:18.224+0000][7][gc,task     ] GC(318) Using 8 workers of 8 for evacuation
[2025-12-03T17:18:18.224+0000][7][gc,age      ] GC(318) Desired survivor size 18874368 bytes, new threshold 15 (max threshold 15)
[2025-12-03T17:18:18.240+0000][7][gc,age      ] GC(318) Age table with threshold 15 (max threshold 15)
[2025-12-03T17:18:18.240+0000][7][gc,age      ] GC(318) - age   1:    2614840 bytes,    2614840 total
[2025-12-03T17:18:18.240+0000][7][gc,age      ] GC(318) - age   2:     237424 bytes,    2852264 total
[2025-12-03T17:18:18.240+0000][7][gc,age      ] GC(318) - age   3:     386264 bytes,    3238528 total
[2025-12-03T17:18:18.240+0000][7][gc,age      ] GC(318) - age   4:     432568 bytes,    3671096 total
[2025-12-03T17:18:18.240+0000][7][gc,age      ] GC(318) - age   5:      11112 bytes,    3682208 total
[2025-12-03T17:18:18.240+0000][7][gc,age      ] GC(318) - age   6:     139648 bytes,    3821856 total
[2025-12-03T17:18:18.240+0000][7][gc,age      ] GC(318) - age   7:      10192 bytes,    3832048 total
[2025-12-03T17:18:18.240+0000][7][gc,age      ] GC(318) - age   8:     336624 bytes,    4168672 total
[2025-12-03T17:18:18.240+0000][7][gc,age      ] GC(318) - age   9:      39848 bytes,    4208520 total
[2025-12-03T17:18:18.240+0000][7][gc,age      ] GC(318) - age  10:     326584 bytes,    4535104 total
[2025-12-03T17:18:18.241+0000][7][gc,age      ] GC(318) - age  11:     131048 bytes,    4666152 total
[2025-12-03T17:18:18.241+0000][7][gc,age      ] GC(318) - age  12:     467632 bytes,    5133784 total
[2025-12-03T17:18:18.241+0000][7][gc,age      ] GC(318) - age  13:       1536 bytes,    5135320 total
[2025-12-03T17:18:18.241+0000][7][gc,phases   ] GC(318)   Pre Evacuate Collection Set: 0.7ms
[2025-12-03T17:18:18.241+0000][7][gc,phases   ] GC(318)   Merge Heap Roots: 0.4ms
[2025-12-03T17:18:18.241+0000][7][gc,phases   ] GC(318)   Evacuate Collection Set: 11.4ms
[2025-12-03T17:18:18.241+0000][7][gc,phases   ] GC(318)   Post Evacuate Collection Set: 2.6ms
[2025-12-03T17:18:18.241+0000][7][gc,phases   ] GC(318)   Other: 3.3ms
[2025-12-03T17:18:18.241+0000][7][gc,heap     ] GC(318) Eden regions: 64->0(64)
[2025-12-03T17:18:18.241+0000][7][gc,heap     ] GC(318) Survivor regions: 2->2(9)
[2025-12-03T17:18:18.241+0000][7][gc,heap     ] GC(318) Old regions: 35->35
[2025-12-03T17:18:18.241+0000][7][gc,heap     ] GC(318) Archive regions: 2->2
[2025-12-03T17:18:18.241+0000][7][gc,heap     ] GC(318) Humongous regions: 2->2
[2025-12-03T17:18:18.241+0000][7][gc,metaspace] GC(318) Metaspace: 115894K(117568K)->115894K(117568K) NonClass: 101115K(102016K)->101115K(102016K) Class: 14779K(15552K)->14779K(15552K)
[2025-12-03T17:18:18.242+0000][7][gc          ] GC(318) Pause Young (Normal) (G1 Evacuation Pause) 411M->156M(512M) 18.793ms
[2025-12-03T17:18:18.242+0000][7][gc,cpu      ] GC(318) User=0.10s Sys=0.00s Real=0.01s
[2025-12-03T17:18:18.242+0000][7][safepoint   ] Safepoint "G1CollectForAllocation", Time since last: 44071995729 ns, Reaching safepoint: 392334 ns, At safepoint: 19088000 ns, Total: 19480334 ns
[2025-12-03T17:18:28.252+0000][7][safepoint   ] Safepoint "Cleanup", Time since last: 10010185796 ns, Reaching safepoint: 64250 ns, At safepoint: 13875 ns, Total: 78125 ns
[2025-12-03T17:18:58.223+0000][7][gc,start    ] GC(319) Pause Young (Concurrent Start) (G1 Evacuation Pause)
[2025-12-03T17:18:58.225+0000][7][gc,task     ] GC(319) Using 8 workers of 8 for evacuation
[2025-12-03T17:18:58.225+0000][7][gc,age      ] GC(319) Desired survivor size 18874368 bytes, new threshold 15 (max threshold 15)
[2025-12-03T17:18:58.237+0000][7][gc,age      ] GC(319) Age table with threshold 15 (max threshold 15)
[2025-12-03T17:18:58.237+0000][7][gc,age      ] GC(319) - age   1:    2265168 bytes,    2265168 total
[2025-12-03T17:18:58.237+0000][7][gc,age      ] GC(319) - age   2:     643960 bytes,    2909128 total
[2025-12-03T17:18:58.237+0000][7][gc,age      ] GC(319) - age   3:     235688 bytes,    3144816 total
[2025-12-03T17:18:58.237+0000][7][gc,age      ] GC(319) - age   4:     254248 bytes,    3399064 total
[2025-12-03T17:18:58.237+0000][7][gc,age      ] GC(319) - age   5:     432344 bytes,    3831408 total
[2025-12-03T17:18:58.237+0000][7][gc,age      ] GC(319) - age   6:      10384 bytes,    3841792 total
[2025-12-03T17:18:58.237+0000][7][gc,age      ] GC(319) - age   7:     139648 bytes,    3981440 total
[2025-12-03T17:18:58.237+0000][7][gc,age      ] GC(319) - age   8:      10128 bytes,    3991568 total
[2025-12-03T17:18:58.237+0000][7][gc,age      ] GC(319) - age   9:     336560 bytes,    4328128 total
[2025-12-03T17:18:58.237+0000][7][gc,age      ] GC(319) - age  10:      39848 bytes,    4367976 total
[2025-12-03T17:18:58.237+0000][7][gc,age      ] GC(319) - age  11:     326456 bytes,    4694432 total
[2025-12-03T17:18:58.237+0000][7][gc,age      ] GC(319) - age  12:     131048 bytes,    4825480 total
[2025-12-03T17:18:58.237+0000][7][gc,age      ] GC(319) - age  13:     467632 bytes,    5293112 total
[2025-12-03T17:18:58.238+0000][7][gc,age      ] GC(319) - age  14:       1536 bytes,    5294648 total
[2025-12-03T17:18:58.238+0000][7][gc,phases   ] GC(319)   Pre Evacuate Collection Set: 2.3ms
[2025-12-03T17:18:58.238+0000][7][gc,phases   ] GC(319)   Merge Heap Roots: 0.2ms
[2025-12-03T17:18:58.238+0000][7][gc,phases   ] GC(319)   Evacuate Collection Set: 7.7ms
[2025-12-03T17:18:58.238+0000][7][gc,phases   ] GC(319)   Post Evacuate Collection Set: 1.5ms
[2025-12-03T17:18:58.238+0000][7][gc,phases   ] GC(319)   Other: 2.7ms
[2025-12-03T17:18:58.238+0000][7][gc,heap     ] GC(319) Eden regions: 64->0(64)
[2025-12-03T17:18:58.238+0000][7][gc,heap     ] GC(319) Survivor regions: 2->2(9)
[2025-12-03T17:18:58.238+0000][7][gc,heap     ] GC(319) Old regions: 35->35
[2025-12-03T17:18:58.238+0000][7][gc,heap     ] GC(319) Archive regions: 2->2
[2025-12-03T17:18:58.238+0000][7][gc,heap     ] GC(319) Humongous regions: 2->2
[2025-12-03T17:18:58.238+0000][7][gc,metaspace] GC(319) Metaspace: 115894K(117568K)->115894K(117568K) NonClass: 101115K(102016K)->101115K(102016K) Class: 14779K(15552K)->14779K(15552K)
[2025-12-03T17:18:58.238+0000][7][gc          ] GC(319) Pause Young (Concurrent Start) (G1 Evacuation Pause) 412M->156M(512M) 14.874ms
[2025-12-03T17:18:58.238+0000][7][gc,cpu      ] GC(319) User=0.06s Sys=0.00s Real=0.01s
[2025-12-03T17:18:58.238+0000][7][safepoint   ] Safepoint "G1CollectForAllocation", Time since last: 29971738347 ns, Reaching safepoint: 217792 ns, At safepoint: 15148250 ns, Total: 15366042 ns
[2025-12-03T17:18:58.238+0000][7][gc          ] GC(320) Concurrent Mark Cycle
[2025-12-03T17:18:58.239+0000][7][gc,marking  ] GC(320) Concurrent Clear Claimed Marks
[2025-12-03T17:18:58.239+0000][7][gc,marking  ] GC(320) Concurrent Clear Claimed Marks 0.117ms
[2025-12-03T17:18:58.239+0000][7][gc,marking  ] GC(320) Concurrent Scan Root Regions
[2025-12-03T17:18:58.243+0000][7][gc,marking  ] GC(320) Concurrent Scan Root Regions 4.587ms
[2025-12-03T17:18:58.243+0000][7][gc,marking  ] GC(320) Concurrent Mark
[2025-12-03T17:18:58.244+0000][7][gc,marking  ] GC(320) Concurrent Mark From Roots
[2025-12-03T17:18:58.244+0000][7][gc,task     ] GC(320) Using 2 workers of 2 for marking
[2025-12-03T17:18:58.310+0000][7][gc,marking  ] GC(320) Concurrent Mark From Roots 66.448ms
[2025-12-03T17:18:58.310+0000][7][gc,marking  ] GC(320) Concurrent Preclean
[2025-12-03T17:18:58.310+0000][7][gc,marking  ] GC(320) Concurrent Preclean 0.326ms
[2025-12-03T17:18:58.311+0000][7][gc,start    ] GC(320) Pause Remark
[2025-12-03T17:18:58.330+0000][7][gc          ] GC(320) Pause Remark 167M->167M(512M) 19.156ms
[2025-12-03T17:18:58.330+0000][7][gc,cpu      ] GC(320) User=0.14s Sys=0.00s Real=0.02s
[2025-12-03T17:18:58.330+0000][7][safepoint   ] Safepoint "G1Concurrent", Time since last: 72237458 ns, Reaching safepoint: 98542 ns, At safepoint: 19398333 ns, Total: 19496875 ns
[2025-12-03T17:18:58.330+0000][7][gc,marking  ] GC(320) Concurrent Mark 86.766ms
[2025-12-03T17:18:58.330+0000][7][gc,marking  ] GC(320) Concurrent Rebuild Remembered Sets
[2025-12-03T17:18:58.359+0000][7][gc,marking  ] GC(320) Concurrent Rebuild Remembered Sets 29.162ms
[2025-12-03T17:18:58.360+0000][7][gc,start    ] GC(320) Pause Cleanup
[2025-12-03T17:18:58.360+0000][7][gc          ] GC(320) Pause Cleanup 167M->167M(512M) 0.126ms
[2025-12-03T17:18:58.360+0000][7][gc,cpu      ] GC(320) User=0.00s Sys=0.00s Real=0.00s
[2025-12-03T17:18:58.360+0000][7][safepoint   ] Safepoint "G1Concurrent", Time since last: 29500417 ns, Reaching safepoint: 80000 ns, At safepoint: 275833 ns, Total: 355833 ns
[2025-12-03T17:18:58.360+0000][7][gc,marking  ] GC(320) Concurrent Cleanup for Next Mark
[2025-12-03T17:18:58.361+0000][7][gc,marking  ] GC(320) Concurrent Cleanup for Next Mark 1.329ms
[2025-12-03T17:18:58.361+0000][7][gc          ] GC(320) Concurrent Mark Cycle 123.035ms
[2025-12-03T17:19:39.406+0000][7][safepoint   ] Safepoint "Cleanup", Time since last: 41044729476 ns, Reaching safepoint: 513000 ns, At safepoint: 12792 ns, Total: 525792 ns
[2025-12-03T17:19:40.252+0000][7][gc,start    ] GC(321) Pause Young (Normal) (G1 Evacuation Pause)
[2025-12-03T17:19:40.252+0000][7][gc,task     ] GC(321) Using 8 workers of 8 for evacuation
[2025-12-03T17:19:40.253+0000][7][gc,age      ] GC(321) Desired survivor size 18874368 bytes, new threshold 15 (max threshold 15)
[2025-12-03T17:19:40.274+0000][7][gc,age      ] GC(321) Age table with threshold 15 (max threshold 15)
[2025-12-03T17:19:40.275+0000][7][gc,age      ] GC(321) - age   1:    3023760 bytes,    3023760 total
[2025-12-03T17:19:40.275+0000][7][gc,age      ] GC(321) - age   2:     152864 bytes,    3176624 total
[2025-12-03T17:19:40.275+0000][7][gc,age      ] GC(321) - age   3:     640144 bytes,    3816768 total
[2025-12-03T17:19:40.275+0000][7][gc,age      ] GC(321) - age   4:     235184 bytes,    4051952 total
[2025-12-03T17:19:40.275+0000][7][gc,age      ] GC(321) - age   5:     253976 bytes,    4305928 total
[2025-12-03T17:19:40.275+0000][7][gc,age      ] GC(321) - age   6:     431768 bytes,    4737696 total
[2025-12-03T17:19:40.275+0000][7][gc,age      ] GC(321) - age   7:      10384 bytes,    4748080 total
[2025-12-03T17:19:40.275+0000][7][gc,age      ] GC(321) - age   8:       8560 bytes,    4756640 total
[2025-12-03T17:19:40.275+0000][7][gc,age      ] GC(321) - age   9:      10128 bytes,    4766768 total
[2025-12-03T17:19:40.275+0000][7][gc,age      ] GC(321) - age  10:     336496 bytes,    5103264 total
[2025-12-03T17:19:40.275+0000][7][gc,age      ] GC(321) - age  11:      39784 bytes,    5143048 total
[2025-12-03T17:19:40.275+0000][7][gc,age      ] GC(321) - age  12:     326424 bytes,    5469472 total
[2025-12-03T17:19:40.276+0000][7][gc,age      ] GC(321) - age  13:     131048 bytes,    5600520 total
[2025-12-03T17:19:40.276+0000][7][gc,age      ] GC(321) - age  14:     467632 bytes,    6068152 total
[2025-12-03T17:19:40.276+0000][7][gc,age      ] GC(321) - age  15:       1536 bytes,    6069688 total
[2025-12-03T17:19:40.276+0000][7][gc,phases   ] GC(321)   Pre Evacuate Collection Set: 0.5ms
[2025-12-03T17:19:40.276+0000][7][gc,phases   ] GC(321)   Merge Heap Roots: 0.4ms
[2025-12-03T17:19:40.276+0000][7][gc,phases   ] GC(321)   Evacuate Collection Set: 18.0ms
[2025-12-03T17:19:40.276+0000][7][gc,phases   ] GC(321)   Post Evacuate Collection Set: 2.6ms
[2025-12-03T17:19:40.276+0000][7][gc,phases   ] GC(321)   Other: 2.2ms
[2025-12-03T17:19:40.276+0000][7][gc,heap     ] GC(321) Eden regions: 64->0(64)
[2025-12-03T17:19:40.276+0000][7][gc,heap     ] GC(321) Survivor regions: 2->2(9)
[2025-12-03T17:19:40.276+0000][7][gc,heap     ] GC(321) Old regions: 35->35
[2025-12-03T17:19:40.276+0000][7][gc,heap     ] GC(321) Archive regions: 2->2
[2025-12-03T17:19:40.276+0000][7][gc,heap     ] GC(321) Humongous regions: 2->2
[2025-12-03T17:19:40.276+0000][7][gc,metaspace] GC(321) Metaspace: 115894K(117568K)->115894K(117568K) NonClass: 101115K(102016K)->101115K(102016K) Class: 14779K(15552K)->14779K(15552K)
[2025-12-03T17:19:40.277+0000][7][gc          ] GC(321) Pause Young (Normal) (G1 Evacuation Pause) 412M->157M(512M) 24.394ms
[2025-12-03T17:19:40.277+0000][7][gc,cpu      ] GC(321) User=0.13s Sys=0.00s Real=0.02s
[2025-12-03T17:19:40.277+0000][7][safepoint   ] Safepoint "G1CollectForAllocation", Time since last: 845770626 ns, Reaching safepoint: 113958 ns, At safepoint: 24785042 ns, Total: 24899000 ns
[2025-12-03T17:19:48.290+0000][7][safepoint   ] Safepoint "Cleanup", Time since last: 8012917628 ns, Reaching safepoint: 499042 ns, At safepoint: 6500 ns, Total: 505542 ns
[2025-12-03T17:20:19.522+0000][7][gc,start    ] GC(322) Pause Young (Concurrent Start) (G1 Evacuation Pause)
[2025-12-03T17:20:19.527+0000][7][gc,task     ] GC(322) Using 8 workers of 8 for evacuation
[2025-12-03T17:20:19.527+0000][7][gc,age      ] GC(322) Desired survivor size 18874368 bytes, new threshold 15 (max threshold 15)
[2025-12-03T17:20:19.546+0000][7][gc,age      ] GC(322) Age table with threshold 15 (max threshold 15)
[2025-12-03T17:20:19.546+0000][7][gc,age      ] GC(322) - age   1:    3790992 bytes,    3790992 total
[2025-12-03T17:20:19.546+0000][7][gc,age      ] GC(322) - age   2:     938728 bytes,    4729720 total
[2025-12-03T17:20:19.546+0000][7][gc,age      ] GC(322) - age   3:     149528 bytes,    4879248 total
[2025-12-03T17:20:19.546+0000][7][gc,age      ] GC(322) - age   4:     140856 bytes,    5020104 total
[2025-12-03T17:20:19.546+0000][7][gc,age      ] GC(322) - age   5:     234216 bytes,    5254320 total
[2025-12-03T17:20:19.546+0000][7][gc,age      ] GC(322) - age   6:     253976 bytes,    5508296 total
[2025-12-03T17:20:19.546+0000][7][gc,age      ] GC(322) - age   7:     431704 bytes,    5940000 total
[2025-12-03T17:20:19.546+0000][7][gc,age      ] GC(322) - age   8:      10112 bytes,    5950112 total
[2025-12-03T17:20:19.547+0000][7][gc,age      ] GC(322) - age   9:       8560 bytes,    5958672 total
[2025-12-03T17:20:19.547+0000][7][gc,age      ] GC(322) - age  10:       9968 bytes,    5968640 total
[2025-12-03T17:20:19.547+0000][7][gc,age      ] GC(322) - age  11:     336496 bytes,    6305136 total
[2025-12-03T17:20:19.547+0000][7][gc,age      ] GC(322) - age  12:      39784 bytes,    6344920 total
[2025-12-03T17:20:19.547+0000][7][gc,age      ] GC(322) - age  13:     326424 bytes,    6671344 total
[2025-12-03T17:20:19.547+0000][7][gc,age      ] GC(322) - age  14:     131048 bytes,    6802392 total
[2025-12-03T17:20:19.547+0000][7][gc,age      ] GC(322) - age  15:     467248 bytes,    7269640 total
[2025-12-03T17:20:19.547+0000][7][gc,phases   ] GC(322)   Pre Evacuate Collection Set: 5.9ms
[2025-12-03T17:20:19.547+0000][7][gc,phases   ] GC(322)   Merge Heap Roots: 0.2ms
[2025-12-03T17:20:19.547+0000][7][gc,phases   ] GC(322)   Evacuate Collection Set: 10.6ms
[2025-12-03T17:20:19.547+0000][7][gc,phases   ] GC(322)   Post Evacuate Collection Set: 1.8ms
[2025-12-03T17:20:19.547+0000][7][gc,phases   ] GC(322)   Other: 6.5ms
[2025-12-03T17:20:19.547+0000][7][gc,heap     ] GC(322) Eden regions: 64->0(64)
[2025-12-03T17:20:19.547+0000][7][gc,heap     ] GC(322) Survivor regions: 2->2(9)
[2025-12-03T17:20:19.547+0000][7][gc,heap     ] GC(322) Old regions: 35->35
[2025-12-03T17:20:19.547+0000][7][gc,heap     ] GC(322) Archive regions: 2->2
[2025-12-03T17:20:19.548+0000][7][gc,heap     ] GC(322) Humongous regions: 2->2
[2025-12-03T17:20:19.548+0000][7][gc,metaspace] GC(322) Metaspace: 115894K(117568K)->115894K(117568K) NonClass: 101115K(102016K)->101115K(102016K) Class: 14779K(15552K)->14779K(15552K)
[2025-12-03T17:20:19.548+0000][7][gc          ] GC(322) Pause Young (Concurrent Start) (G1 Evacuation Pause) 413M->158M(512M) 25.462ms
[2025-12-03T17:20:19.548+0000][7][gc,cpu      ] GC(322) User=0.08s Sys=0.01s Real=0.02s
[2025-12-03T17:20:19.548+0000][7][safepoint   ] Safepoint "G1CollectForAllocation", Time since last: 31231980306 ns, Reaching safepoint: 106833 ns, At safepoint: 25792250 ns, Total: 25899083 ns
[2025-12-03T17:20:19.548+0000][7][gc          ] GC(323) Concurrent Mark Cycle
[2025-12-03T17:20:19.548+0000][7][gc,marking  ] GC(323) Concurrent Clear Claimed Marks
[2025-12-03T17:20:19.548+0000][7][gc,marking  ] GC(323) Concurrent Clear Claimed Marks 0.329ms
[2025-12-03T17:20:19.548+0000][7][gc,marking  ] GC(323) Concurrent Scan Root Regions
[2025-12-03T17:20:19.552+0000][7][gc,marking  ] GC(323) Concurrent Scan Root Regions 3.136ms
[2025-12-03T17:20:19.552+0000][7][gc,marking  ] GC(323) Concurrent Mark
[2025-12-03T17:20:19.552+0000][7][gc,marking  ] GC(323) Concurrent Mark From Roots
[2025-12-03T17:20:19.552+0000][7][gc,task     ] GC(323) Using 2 workers of 2 for marking
[2025-12-03T17:20:19.605+0000][7][gc,marking  ] GC(323) Concurrent Mark From Roots 53.215ms
[2025-12-03T17:20:19.605+0000][7][gc,marking  ] GC(323) Concurrent Preclean
[2025-12-03T17:20:19.605+0000][7][gc,marking  ] GC(323) Concurrent Preclean 0.266ms
[2025-12-03T17:20:19.605+0000][7][gc,start    ] GC(323) Pause Remark
[2025-12-03T17:20:19.636+0000][7][gc          ] GC(323) Pause Remark 162M->162M(512M) 30.657ms
[2025-12-03T17:20:19.636+0000][7][gc,cpu      ] GC(323) User=0.23s Sys=0.00s Real=0.03s
[2025-12-03T17:20:19.636+0000][7][safepoint   ] Safepoint "G1Concurrent", Time since last: 57500083 ns, Reaching safepoint: 88292 ns, At safepoint: 30850583 ns, Total: 30938875 ns
[2025-12-03T17:20:19.636+0000][7][gc,marking  ] GC(323) Concurrent Mark 84.724ms
[2025-12-03T17:20:19.636+0000][7][gc,marking  ] GC(323) Concurrent Rebuild Remembered Sets
[2025-12-03T17:20:19.671+0000][7][gc,marking  ] GC(323) Concurrent Rebuild Remembered Sets 35.054ms
[2025-12-03T17:20:19.672+0000][7][gc,start    ] GC(323) Pause Cleanup
[2025-12-03T17:20:19.672+0000][7][gc          ] GC(323) Pause Cleanup 162M->162M(512M) 0.182ms
[2025-12-03T17:20:19.672+0000][7][gc,cpu      ] GC(323) User=0.00s Sys=0.00s Real=0.00s
[2025-12-03T17:20:19.672+0000][7][safepoint   ] Safepoint "G1Concurrent", Time since last: 35354917 ns, Reaching safepoint: 124250 ns, At safepoint: 396500 ns, Total: 520750 ns
[2025-12-03T17:20:19.672+0000][7][gc,marking  ] GC(323) Concurrent Cleanup for Next Mark
[2025-12-03T17:20:19.690+0000][7][gc,marking  ] GC(323) Concurrent Cleanup for Next Mark 17.314ms
[2025-12-03T17:20:19.690+0000][7][gc          ] GC(323) Concurrent Mark Cycle 141.802ms
[2025-12-03T17:21:07.719+0000][7][gc,start    ] GC(324) Pause Young (Normal) (G1 Evacuation Pause)
[2025-12-03T17:21:07.720+0000][7][gc,task     ] GC(324) Using 8 workers of 8 for evacuation
[2025-12-03T17:21:07.721+0000][7][gc,age      ] GC(324) Desired survivor size 18874368 bytes, new threshold 15 (max threshold 15)
[2025-12-03T17:21:07.738+0000][7][gc,age      ] GC(324) Age table with threshold 15 (max threshold 15)
[2025-12-03T17:21:07.738+0000][7][gc,age      ] GC(324) - age   1:    2133240 bytes,    2133240 total
[2025-12-03T17:21:07.738+0000][7][gc,age      ] GC(324) - age   2:     923416 bytes,    3056656 total
[2025-12-03T17:21:07.738+0000][7][gc,age      ] GC(324) - age   3:     673880 bytes,    3730536 total
[2025-12-03T17:21:07.738+0000][7][gc,age      ] GC(324) - age   4:     147920 bytes,    3878456 total
[2025-12-03T17:21:07.738+0000][7][gc,age      ] GC(324) - age   5:       9160 bytes,    3887616 total
[2025-12-03T17:21:07.739+0000][7][gc,age      ] GC(324) - age   6:     102768 bytes,    3990384 total
[2025-12-03T17:21:07.739+0000][7][gc,age      ] GC(324) - age   7:     253976 bytes,    4244360 total
[2025-12-03T17:21:07.739+0000][7][gc,age      ] GC(324) - age   8:     431640 bytes,    4676000 total
[2025-12-03T17:21:07.739+0000][7][gc,age      ] GC(324) - age   9:      10112 bytes,    4686112 total
[2025-12-03T17:21:07.739+0000][7][gc,age      ] GC(324) - age  10:       8384 bytes,    4694496 total
[2025-12-03T17:21:07.739+0000][7][gc,age      ] GC(324) - age  11:       9840 bytes,    4704336 total
[2025-12-03T17:21:07.739+0000][7][gc,age      ] GC(324) - age  12:     336496 bytes,    5040832 total
[2025-12-03T17:21:07.739+0000][7][gc,age      ] GC(324) - age  13:      39784 bytes,    5080616 total
[2025-12-03T17:21:07.739+0000][7][gc,age      ] GC(324) - age  14:     326360 bytes,    5406976 total
[2025-12-03T17:21:07.739+0000][7][gc,age      ] GC(324) - age  15:     131048 bytes,    5538024 total
[2025-12-03T17:21:07.739+0000][7][gc,phases   ] GC(324)   Pre Evacuate Collection Set: 0.5ms
[2025-12-03T17:21:07.739+0000][7][gc,phases   ] GC(324)   Merge Heap Roots: 0.7ms
[2025-12-03T17:21:07.739+0000][7][gc,phases   ] GC(324)   Evacuate Collection Set: 12.8ms
[2025-12-03T17:21:07.740+0000][7][gc,phases   ] GC(324)   Post Evacuate Collection Set: 3.3ms
[2025-12-03T17:21:07.740+0000][7][gc,phases   ] GC(324)   Other: 3.1ms
[2025-12-03T17:21:07.740+0000][7][gc,heap     ] GC(324) Eden regions: 64->0(64)
[2025-12-03T17:21:07.741+0000][7][gc,heap     ] GC(324) Survivor regions: 2->2(9)
[2025-12-03T17:21:07.741+0000][7][gc,heap     ] GC(324) Old regions: 35->35
[2025-12-03T17:21:07.741+0000][7][gc,heap     ] GC(324) Archive regions: 2->2
[2025-12-03T17:21:07.741+0000][7][gc,heap     ] GC(324) Humongous regions: 2->2
[2025-12-03T17:21:07.741+0000][7][gc,metaspace] GC(324) Metaspace: 115894K(117568K)->115894K(117568K) NonClass: 101115K(102016K)->101115K(102016K) Class: 14779K(15552K)->14779K(15552K)
[2025-12-03T17:21:07.741+0000][7][gc          ] GC(324) Pause Young (Normal) (G1 Evacuation Pause) 414M->157M(512M) 22.161ms
[2025-12-03T17:21:07.741+0000][7][gc,cpu      ] GC(324) User=0.10s Sys=0.00s Real=0.02s
[2025-12-03T17:21:07.741+0000][7][safepoint   ] Safepoint "G1CollectForAllocation", Time since last: 48046578522 ns, Reaching safepoint: 334625 ns, At safepoint: 22545666 ns, Total: 22880291 ns
[2025-12-03T17:21:48.306+0000][7][gc,start    ] GC(325) Pause Young (Concurrent Start) (G1 Evacuation Pause)
[2025-12-03T17:21:48.307+0000][7][gc,task     ] GC(325) Using 8 workers of 8 for evacuation
[2025-12-03T17:21:48.307+0000][7][gc,age      ] GC(325) Desired survivor size 18874368 bytes, new threshold 15 (max threshold 15)
[2025-12-03T17:21:48.330+0000][7][gc,age      ] GC(325) Age table with threshold 15 (max threshold 15)
[2025-12-03T17:21:48.330+0000][7][gc,age      ] GC(325) - age   1:    2541768 bytes,    2541768 total
[2025-12-03T17:21:48.330+0000][7][gc,age      ] GC(325) - age   2:     604096 bytes,    3145864 total
[2025-12-03T17:21:48.330+0000][7][gc,age      ] GC(325) - age   3:     656024 bytes,    3801888 total
[2025-12-03T17:21:48.330+0000][7][gc,age      ] GC(325) - age   4:     541264 bytes,    4343152 total
[2025-12-03T17:21:48.331+0000][7][gc,age      ] GC(325) - age   5:     147728 bytes,    4490880 total
[2025-12-03T17:21:48.331+0000][7][gc,age      ] GC(325) - age   6:       8616 bytes,    4499496 total
[2025-12-03T17:21:48.331+0000][7][gc,age      ] GC(325) - age   7:     102152 bytes,    4601648 total
[2025-12-03T17:21:48.331+0000][7][gc,age      ] GC(325) - age   8:     253528 bytes,    4855176 total
[2025-12-03T17:21:48.331+0000][7][gc,age      ] GC(325) - age   9:     431576 bytes,    5286752 total
[2025-12-03T17:21:48.331+0000][7][gc,age      ] GC(325) - age  10:      10112 bytes,    5296864 total
[2025-12-03T17:21:48.331+0000][7][gc,age      ] GC(325) - age  11:       8320 bytes,    5305184 total
[2025-12-03T17:21:48.331+0000][7][gc,age      ] GC(325) - age  12:       9840 bytes,    5315024 total
[2025-12-03T17:21:48.331+0000][7][gc,age      ] GC(325) - age  13:     336496 bytes,    5651520 total
[2025-12-03T17:21:48.331+0000][7][gc,age      ] GC(325) - age  14:      39784 bytes,    5691304 total
[2025-12-03T17:21:48.331+0000][7][gc,age      ] GC(325) - age  15:     326360 bytes,    6017664 total
[2025-12-03T17:21:48.331+0000][7][gc,phases   ] GC(325)   Pre Evacuate Collection Set: 1.6ms
[2025-12-03T17:21:48.331+0000][7][gc,phases   ] GC(325)   Merge Heap Roots: 0.1ms
[2025-12-03T17:21:48.331+0000][7][gc,phases   ] GC(325)   Evacuate Collection Set: 18.3ms
[2025-12-03T17:21:48.331+0000][7][gc,phases   ] GC(325)   Post Evacuate Collection Set: 2.8ms
[2025-12-03T17:21:48.331+0000][7][gc,phases   ] GC(325)   Other: 1.9ms
[2025-12-03T17:21:48.331+0000][7][gc,heap     ] GC(325) Eden regions: 64->0(64)
[2025-12-03T17:21:48.331+0000][7][gc,heap     ] GC(325) Survivor regions: 2->2(9)
[2025-12-03T17:21:48.331+0000][7][gc,heap     ] GC(325) Old regions: 35->35
[2025-12-03T17:21:48.331+0000][7][gc,heap     ] GC(325) Archive regions: 2->2
[2025-12-03T17:21:48.331+0000][7][gc,heap     ] GC(325) Humongous regions: 2->2
[2025-12-03T17:21:48.332+0000][7][gc,metaspace] GC(325) Metaspace: 115904K(117632K)->115904K(117632K) NonClass: 101125K(102080K)->101125K(102080K) Class: 14779K(15552K)->14779K(15552K)
[2025-12-03T17:21:48.332+0000][7][gc          ] GC(325) Pause Young (Concurrent Start) (G1 Evacuation Pause) 413M->157M(512M) 25.254ms
[2025-12-03T17:21:48.332+0000][7][gc,cpu      ] GC(325) User=0.14s Sys=0.00s Real=0.02s
[2025-12-03T17:21:48.332+0000][7][safepoint   ] Safepoint "G1CollectForAllocation", Time since last: 40564456269 ns, Reaching safepoint: 124958 ns, At safepoint: 25561167 ns, Total: 25686125 ns
[2025-12-03T17:21:48.332+0000][7][gc          ] GC(326) Concurrent Mark Cycle
[2025-12-03T17:21:48.332+0000][7][gc,marking  ] GC(326) Concurrent Clear Claimed Marks
[2025-12-03T17:21:48.332+0000][7][gc,marking  ] GC(326) Concurrent Clear Claimed Marks 0.245ms
[2025-12-03T17:21:48.332+0000][7][gc,marking  ] GC(326) Concurrent Scan Root Regions
[2025-12-03T17:21:48.338+0000][7][gc,marking  ] GC(326) Concurrent Scan Root Regions 5.348ms
[2025-12-03T17:21:48.338+0000][7][gc,marking  ] GC(326) Concurrent Mark
[2025-12-03T17:21:48.338+0000][7][gc,marking  ] GC(326) Concurrent Mark From Roots
[2025-12-03T17:21:48.338+0000][7][gc,task     ] GC(326) Using 2 workers of 2 for marking
[2025-12-03T17:21:48.386+0000][7][gc,marking  ] GC(326) Concurrent Mark From Roots 48.543ms
[2025-12-03T17:21:48.386+0000][7][gc,marking  ] GC(326) Concurrent Preclean
[2025-12-03T17:21:48.387+0000][7][gc,marking  ] GC(326) Concurrent Preclean 0.299ms
[2025-12-03T17:21:48.387+0000][7][gc,start    ] GC(326) Pause Remark
[2025-12-03T17:21:48.404+0000][7][gc          ] GC(326) Pause Remark 159M->159M(512M) 17.370ms
[2025-12-03T17:21:48.404+0000][7][gc,cpu      ] GC(326) User=0.13s Sys=0.00s Real=0.02s
[2025-12-03T17:21:48.405+0000][7][safepoint   ] Safepoint "G1Concurrent", Time since last: 55050042 ns, Reaching safepoint: 29458 ns, At safepoint: 17579375 ns, Total: 17608833 ns
[2025-12-03T17:21:48.405+0000][7][gc,marking  ] GC(326) Concurrent Mark 66.873ms
[2025-12-03T17:21:48.405+0000][7][gc,marking  ] GC(326) Concurrent Rebuild Remembered Sets
[2025-12-03T17:21:48.435+0000][7][gc,marking  ] GC(326) Concurrent Rebuild Remembered Sets 30.334ms
[2025-12-03T17:21:48.435+0000][7][gc,start    ] GC(326) Pause Cleanup
[2025-12-03T17:21:48.435+0000][7][gc          ] GC(326) Pause Cleanup 161M->161M(512M) 0.169ms
[2025-12-03T17:21:48.436+0000][7][gc,cpu      ] GC(326) User=0.00s Sys=0.00s Real=0.00s
[2025-12-03T17:21:48.436+0000][7][safepoint   ] Safepoint "G1Concurrent", Time since last: 30628625 ns, Reaching safepoint: 116958 ns, At safepoint: 309917 ns, Total: 426875 ns
[2025-12-03T17:21:48.436+0000][7][gc,marking  ] GC(326) Concurrent Cleanup for Next Mark
[2025-12-03T17:21:48.441+0000][7][gc,marking  ] GC(326) Concurrent Cleanup for Next Mark 5.601ms
[2025-12-03T17:21:48.441+0000][7][gc          ] GC(326) Concurrent Mark Cycle 109.431ms
[2025-12-03T17:22:08.476+0000][7][safepoint   ] Safepoint "Cleanup", Time since last: 20039725134 ns, Reaching safepoint: 182417 ns, At safepoint: 14083 ns, Total: 196500 ns
[2025-12-03T17:22:10.478+0000][7][safepoint   ] Safepoint "Cleanup", Time since last: 2002368168 ns, Reaching safepoint: 248416 ns, At safepoint: 7584 ns, Total: 256000 ns
[2025-12-03T17:22:28.064+0000][7][gc,start    ] GC(327) Pause Young (Normal) (G1 Evacuation Pause)
[2025-12-03T17:22:28.064+0000][7][gc,task     ] GC(327) Using 8 workers of 8 for evacuation
[2025-12-03T17:22:28.064+0000][7][gc,age      ] GC(327) Desired survivor size 18874368 bytes, new threshold 15 (max threshold 15)
[2025-12-03T17:22:28.071+0000][7][gc,age      ] GC(327) Age table with threshold 15 (max threshold 15)
[2025-12-03T17:22:28.071+0000][7][gc,age      ] GC(327) - age   1:    1536736 bytes,    1536736 total
[2025-12-03T17:22:28.071+0000][7][gc,age      ] GC(327) - age   2:     287752 bytes,    1824488 total
[2025-12-03T17:22:28.071+0000][7][gc,age      ] GC(327) - age   3:     338848 bytes,    2163336 total
[2025-12-03T17:22:28.071+0000][7][gc,age      ] GC(327) - age   4:     155536 bytes,    2318872 total
[2025-12-03T17:22:28.071+0000][7][gc,age      ] GC(327) - age   5:     540376 bytes,    2859248 total
[2025-12-03T17:22:28.071+0000][7][gc,age      ] GC(327) - age   6:     147344 bytes,    3006592 total
[2025-12-03T17:22:28.071+0000][7][gc,age      ] GC(327) - age   7:       8392 bytes,    3014984 total
[2025-12-03T17:22:28.071+0000][7][gc,age      ] GC(327) - age   8:     101864 bytes,    3116848 total
[2025-12-03T17:22:28.071+0000][7][gc,age      ] GC(327) - age   9:     253528 bytes,    3370376 total
[2025-12-03T17:22:28.071+0000][7][gc,age      ] GC(327) - age  10:     431480 bytes,    3801856 total
[2025-12-03T17:22:28.071+0000][7][gc,age      ] GC(327) - age  11:      10112 bytes,    3811968 total
[2025-12-03T17:22:28.072+0000][7][gc,age      ] GC(327) - age  12:       8320 bytes,    3820288 total
[2025-12-03T17:22:28.072+0000][7][gc,age      ] GC(327) - age  13:       9800 bytes,    3830088 total
[2025-12-03T17:22:28.072+0000][7][gc,age      ] GC(327) - age  14:     336496 bytes,    4166584 total
[2025-12-03T17:22:28.072+0000][7][gc,age      ] GC(327) - age  15:      39784 bytes,    4206368 total
[2025-12-03T17:22:28.072+0000][7][gc,phases   ] GC(327)   Pre Evacuate Collection Set: 0.2ms
[2025-12-03T17:22:28.072+0000][7][gc,phases   ] GC(327)   Merge Heap Roots: 0.2ms
[2025-12-03T17:22:28.072+0000][7][gc,phases   ] GC(327)   Evacuate Collection Set: 5.1ms
[2025-12-03T17:22:28.072+0000][7][gc,phases   ] GC(327)   Post Evacuate Collection Set: 1.6ms
[2025-12-03T17:22:28.072+0000][7][gc,phases   ] GC(327)   Other: 1.1ms
[2025-12-03T17:22:28.072+0000][7][gc,heap     ] GC(327) Eden regions: 64->0(63)
[2025-12-03T17:22:28.072+0000][7][gc,heap     ] GC(327) Survivor regions: 2->2(9)
[2025-12-03T17:22:28.072+0000][7][gc,heap     ] GC(327) Old regions: 35->36
[2025-12-03T17:22:28.072+0000][7][gc,heap     ] GC(327) Archive regions: 2->2
[2025-12-03T17:22:28.072+0000][7][gc,heap     ] GC(327) Humongous regions: 2->2
[2025-12-03T17:22:28.072+0000][7][gc,metaspace] GC(327) Metaspace: 115912K(117632K)->115912K(117632K) NonClass: 101133K(102080K)->101133K(102080K) Class: 14779K(15552K)->14779K(15552K)
[2025-12-03T17:22:28.072+0000][7][gc          ] GC(327) Pause Young (Normal) (G1 Evacuation Pause) 413M->156M(512M) 8.521ms
[2025-12-03T17:22:28.072+0000][7][gc,cpu      ] GC(327) User=0.05s Sys=0.00s Real=0.01s
[2025-12-03T17:22:28.072+0000][7][safepoint   ] Safepoint "G1CollectForAllocation", Time since last: 17585148258 ns, Reaching safepoint: 112833 ns, At safepoint: 8660042 ns, Total: 8772875 ns
[2025-12-03T17:23:08.274+0000][7][gc,start    ] GC(328) Pause Young (Concurrent Start) (G1 Evacuation Pause)
[2025-12-03T17:23:08.275+0000][7][gc,task     ] GC(328) Using 8 workers of 8 for evacuation
[2025-12-03T17:23:08.275+0000][7][gc,age      ] GC(328) Desired survivor size 18874368 bytes, new threshold 15 (max threshold 15)
[2025-12-03T17:23:08.288+0000][7][gc,age      ] GC(328) Age table with threshold 15 (max threshold 15)
[2025-12-03T17:23:08.289+0000][7][gc,age      ] GC(328) - age   1:    2379224 bytes,    2379224 total
[2025-12-03T17:23:08.289+0000][7][gc,age      ] GC(328) - age   2:     773664 bytes,    3152888 total
[2025-12-03T17:23:08.289+0000][7][gc,age      ] GC(328) - age   3:      22752 bytes,    3175640 total
[2025-12-03T17:23:08.289+0000][7][gc,age      ] GC(328) - age   4:     207088 bytes,    3382728 total
[2025-12-03T17:23:08.289+0000][7][gc,age      ] GC(328) - age   5:     154856 bytes,    3537584 total
[2025-12-03T17:23:08.289+0000][7][gc,age      ] GC(328) - age   6:     540184 bytes,    4077768 total
[2025-12-03T17:23:08.289+0000][7][gc,age      ] GC(328) - age   7:     147344 bytes,    4225112 total
[2025-12-03T17:23:08.289+0000][7][gc,age      ] GC(328) - age   8:       8392 bytes,    4233504 total
[2025-12-03T17:23:08.289+0000][7][gc,age      ] GC(328) - age   9:     101672 bytes,    4335176 total
[2025-12-03T17:23:08.289+0000][7][gc,age      ] GC(328) - age  10:     253528 bytes,    4588704 total
[2025-12-03T17:23:08.289+0000][7][gc,age      ] GC(328) - age  11:     431480 bytes,    5020184 total
[2025-12-03T17:23:08.289+0000][7][gc,age      ] GC(328) - age  12:      10112 bytes,    5030296 total
[2025-12-03T17:23:08.289+0000][7][gc,age      ] GC(328) - age  13:       8320 bytes,    5038616 total
[2025-12-03T17:23:08.289+0000][7][gc,age      ] GC(328) - age  14:       9800 bytes,    5048416 total
[2025-12-03T17:23:08.290+0000][7][gc,age      ] GC(328) - age  15:     336496 bytes,    5384912 total
[2025-12-03T17:23:08.290+0000][7][gc,phases   ] GC(328)   Pre Evacuate Collection Set: 2.2ms
[2025-12-03T17:23:08.290+0000][7][gc,phases   ] GC(328)   Merge Heap Roots: 0.2ms
[2025-12-03T17:23:08.290+0000][7][gc,phases   ] GC(328)   Evacuate Collection Set: 9.3ms
[2025-12-03T17:23:08.290+0000][7][gc,phases   ] GC(328)   Post Evacuate Collection Set: 1.8ms
[2025-12-03T17:23:08.290+0000][7][gc,phases   ] GC(328)   Other: 2.2ms
[2025-12-03T17:23:08.290+0000][7][gc,heap     ] GC(328) Eden regions: 63->0(63)
[2025-12-03T17:23:08.290+0000][7][gc,heap     ] GC(328) Survivor regions: 2->2(9)
[2025-12-03T17:23:08.290+0000][7][gc,heap     ] GC(328) Old regions: 36->36
[2025-12-03T17:23:08.290+0000][7][gc,heap     ] GC(328) Archive regions: 2->2
[2025-12-03T17:23:08.290+0000][7][gc,heap     ] GC(328) Humongous regions: 2->2
[2025-12-03T17:23:08.290+0000][7][gc,metaspace] GC(328) Metaspace: 115912K(117632K)->115912K(117632K) NonClass: 101133K(102080K)->101133K(102080K) Class: 14779K(15552K)->14779K(15552K)
[2025-12-03T17:23:08.290+0000][7][gc          ] GC(328) Pause Young (Concurrent Start) (G1 Evacuation Pause) 408M->157M(512M) 16.424ms
[2025-12-03T17:23:08.291+0000][7][gc,cpu      ] GC(328) User=0.08s Sys=0.00s Real=0.01s
[2025-12-03T17:23:08.291+0000][7][safepoint   ] Safepoint "G1CollectForAllocation", Time since last: 40201660310 ns, Reaching safepoint: 175875 ns, At safepoint: 16771708 ns, Total: 16947583 ns
[2025-12-03T17:23:08.291+0000][7][gc          ] GC(329) Concurrent Mark Cycle
[2025-12-03T17:23:08.291+0000][7][gc,marking  ] GC(329) Concurrent Clear Claimed Marks
[2025-12-03T17:23:08.291+0000][7][gc,marking  ] GC(329) Concurrent Clear Claimed Marks 0.189ms
[2025-12-03T17:23:08.291+0000][7][gc,marking  ] GC(329) Concurrent Scan Root Regions
[2025-12-03T17:23:08.295+0000][7][gc,marking  ] GC(329) Concurrent Scan Root Regions 3.851ms
[2025-12-03T17:23:08.295+0000][7][gc,marking  ] GC(329) Concurrent Mark
[2025-12-03T17:23:08.295+0000][7][gc,marking  ] GC(329) Concurrent Mark From Roots
[2025-12-03T17:23:08.295+0000][7][gc,task     ] GC(329) Using 2 workers of 2 for marking
[2025-12-03T17:23:08.353+0000][7][gc,marking  ] GC(329) Concurrent Mark From Roots 58.123ms
[2025-12-03T17:23:08.353+0000][7][gc,marking  ] GC(329) Concurrent Preclean
[2025-12-03T17:23:08.354+0000][7][gc,marking  ] GC(329) Concurrent Preclean 0.286ms
[2025-12-03T17:23:08.354+0000][7][gc,start    ] GC(329) Pause Remark
[2025-12-03T17:23:08.373+0000][7][gc          ] GC(329) Pause Remark 169M->169M(512M) 18.837ms
[2025-12-03T17:23:08.373+0000][7][gc,cpu      ] GC(329) User=0.12s Sys=0.00s Real=0.02s
[2025-12-03T17:23:08.373+0000][7][safepoint   ] Safepoint "G1Concurrent", Time since last: 63093334 ns, Reaching safepoint: 64666 ns, At safepoint: 19077709 ns, Total: 19142375 ns
[2025-12-03T17:23:08.373+0000][7][gc,marking  ] GC(329) Concurrent Mark 78.121ms
[2025-12-03T17:23:08.373+0000][7][gc,marking  ] GC(329) Concurrent Rebuild Remembered Sets
[2025-12-03T17:23:08.408+0000][7][gc,marking  ] GC(329) Concurrent Rebuild Remembered Sets 34.737ms
[2025-12-03T17:23:08.408+0000][7][gc,start    ] GC(329) Pause Cleanup
[2025-12-03T17:23:08.409+0000][7][gc          ] GC(329) Pause Cleanup 169M->169M(512M) 0.239ms
[2025-12-03T17:23:08.409+0000][7][gc,cpu      ] GC(329) User=0.00s Sys=0.00s Real=0.00s
[2025-12-03T17:23:08.409+0000][7][safepoint   ] Safepoint "G1Concurrent", Time since last: 35310791 ns, Reaching safepoint: 66917 ns, At safepoint: 460625 ns, Total: 527542 ns
[2025-12-03T17:23:08.409+0000][7][gc,marking  ] GC(329) Concurrent Cleanup for Next Mark
[2025-12-03T17:23:08.411+0000][7][gc,marking  ] GC(329) Concurrent Cleanup for Next Mark 1.808ms
[2025-12-03T17:23:08.411+0000][7][gc          ] GC(329) Concurrent Mark Cycle 120.159ms
[2025-12-03T17:23:28.440+0000][7][safepoint   ] Safepoint "Cleanup", Time since last: 20031227051 ns, Reaching safepoint: 86250 ns, At safepoint: 25459 ns, Total: 111709 ns
[2025-12-03T17:23:43.552+0000][7][gc,start    ] GC(330) Pause Young (Normal) (G1 Evacuation Pause)
[2025-12-03T17:23:43.553+0000][7][gc,task     ] GC(330) Using 8 workers of 8 for evacuation
[2025-12-03T17:23:43.553+0000][7][gc,age      ] GC(330) Desired survivor size 18874368 bytes, new threshold 15 (max threshold 15)
[2025-12-03T17:23:43.586+0000][7][gc,age      ] GC(330) Age table with threshold 15 (max threshold 15)
[2025-12-03T17:23:43.586+0000][7][gc,age      ] GC(330) - age   1:    3121688 bytes,    3121688 total
[2025-12-03T17:23:43.586+0000][7][gc,age      ] GC(330) - age   2:     277800 bytes,    3399488 total
[2025-12-03T17:23:43.586+0000][7][gc,age      ] GC(330) - age   3:     771208 bytes,    4170696 total
[2025-12-03T17:23:43.586+0000][7][gc,age      ] GC(330) - age   4:      21328 bytes,    4192024 total
[2025-12-03T17:23:43.586+0000][7][gc,age      ] GC(330) - age   5:      75048 bytes,    4267072 total
[2025-12-03T17:23:43.586+0000][7][gc,age      ] GC(330) - age   6:     154728 bytes,    4421800 total
[2025-12-03T17:23:43.586+0000][7][gc,age      ] GC(330) - age   7:     539848 bytes,    4961648 total
[2025-12-03T17:23:43.586+0000][7][gc,age      ] GC(330) - age   8:     147344 bytes,    5108992 total
[2025-12-03T17:23:43.586+0000][7][gc,age      ] GC(330) - age   9:       8392 bytes,    5117384 total
[2025-12-03T17:23:43.586+0000][7][gc,age      ] GC(330) - age  10:     101288 bytes,    5218672 total
[2025-12-03T17:23:43.586+0000][7][gc,age      ] GC(330) - age  11:     253528 bytes,    5472200 total
[2025-12-03T17:23:43.587+0000][7][gc,age      ] GC(330) - age  12:     431480 bytes,    5903680 total
[2025-12-03T17:23:43.587+0000][7][gc,age      ] GC(330) - age  13:      10112 bytes,    5913792 total
[2025-12-03T17:23:43.587+0000][7][gc,age      ] GC(330) - age  14:       8320 bytes,    5922112 total
[2025-12-03T17:23:43.587+0000][7][gc,age      ] GC(330) - age  15:       9800 bytes,    5931912 total
[2025-12-03T17:23:43.587+0000][7][gc,phases   ] GC(330)   Pre Evacuate Collection Set: 0.3ms
[2025-12-03T17:23:43.587+0000][7][gc,phases   ] GC(330)   Merge Heap Roots: 0.2ms
[2025-12-03T17:23:43.587+0000][7][gc,phases   ] GC(330)   Evacuate Collection Set: 26.9ms
[2025-12-03T17:23:43.587+0000][7][gc,phases   ] GC(330)   Post Evacuate Collection Set: 4.9ms
[2025-12-03T17:23:43.587+0000][7][gc,phases   ] GC(330)   Other: 2.9ms
[2025-12-03T17:23:43.587+0000][7][gc,heap     ] GC(330) Eden regions: 63->0(63)
[2025-12-03T17:23:43.588+0000][7][gc,heap     ] GC(330) Survivor regions: 2->2(9)
[2025-12-03T17:23:43.588+0000][7][gc,heap     ] GC(330) Old regions: 36->36
[2025-12-03T17:23:43.588+0000][7][gc,heap     ] GC(330) Archive regions: 2->2
[2025-12-03T17:23:43.588+0000][7][gc,heap     ] GC(330) Humongous regions: 2->2
[2025-12-03T17:23:43.588+0000][7][gc,metaspace] GC(330) Metaspace: 115915K(117632K)->115915K(117632K) NonClass: 101135K(102080K)->101135K(102080K) Class: 14779K(15552K)->14779K(15552K)
[2025-12-03T17:23:43.588+0000][7][gc          ] GC(330) Pause Young (Normal) (G1 Evacuation Pause) 409M->158M(512M) 36.240ms
[2025-12-03T17:23:43.588+0000][7][gc,cpu      ] GC(330) User=0.13s Sys=0.01s Real=0.04s
[2025-12-03T17:23:43.588+0000][7][safepoint   ] Safepoint "G1CollectForAllocation", Time since last: 15111060006 ns, Reaching safepoint: 218125 ns, At safepoint: 36583209 ns, Total: 36801334 ns
[2025-12-03T17:24:19.636+0000][7][safepoint   ] Safepoint "Cleanup", Time since last: 36047488224 ns, Reaching safepoint: 328667 ns, At safepoint: 15375 ns, Total: 344042 ns
[2025-12-03T17:24:22.252+0000][7][gc,start    ] GC(331) Pause Young (Concurrent Start) (G1 Evacuation Pause)
[2025-12-03T17:24:22.252+0000][7][gc,task     ] GC(331) Using 8 workers of 8 for evacuation
[2025-12-03T17:24:22.252+0000][7][gc,age      ] GC(331) Desired survivor size 18874368 bytes, new threshold 15 (max threshold 15)
[2025-12-03T17:24:22.275+0000][7][gc,age      ] GC(331) Age table with threshold 15 (max threshold 15)
[2025-12-03T17:24:22.275+0000][7][gc,age      ] GC(331) - age   1:    3154264 bytes,    3154264 total
[2025-12-03T17:24:22.275+0000][7][gc,age      ] GC(331) - age   2:      46136 bytes,    3200400 total
[2025-12-03T17:24:22.275+0000][7][gc,age      ] GC(331) - age   3:     274072 bytes,    3474472 total
[2025-12-03T17:24:22.275+0000][7][gc,age      ] GC(331) - age   4:     140624 bytes,    3615096 total
[2025-12-03T17:24:22.276+0000][7][gc,age      ] GC(331) - age   5:      20328 bytes,    3635424 total
[2025-12-03T17:24:22.276+0000][7][gc,age      ] GC(331) - age   6:      74624 bytes,    3710048 total
[2025-12-03T17:24:22.276+0000][7][gc,age      ] GC(331) - age   7:     154664 bytes,    3864712 total
[2025-12-03T17:24:22.276+0000][7][gc,age      ] GC(331) - age   8:     539576 bytes,    4404288 total
[2025-12-03T17:24:22.276+0000][7][gc,age      ] GC(331) - age   9:     147344 bytes,    4551632 total
[2025-12-03T17:24:22.276+0000][7][gc,age      ] GC(331) - age  10:       8392 bytes,    4560024 total
[2025-12-03T17:24:22.276+0000][7][gc,age      ] GC(331) - age  11:     101224 bytes,    4661248 total
[2025-12-03T17:24:22.276+0000][7][gc,age      ] GC(331) - age  12:     253528 bytes,    4914776 total
[2025-12-03T17:24:22.276+0000][7][gc,age      ] GC(331) - age  13:     431480 bytes,    5346256 total
[2025-12-03T17:24:22.276+0000][7][gc,age      ] GC(331) - age  14:      10112 bytes,    5356368 total
[2025-12-03T17:24:22.276+0000][7][gc,age      ] GC(331) - age  15:       8320 bytes,    5364688 total
[2025-12-03T17:24:22.276+0000][7][gc,phases   ] GC(331)   Pre Evacuate Collection Set: 1.5ms
[2025-12-03T17:24:22.276+0000][7][gc,phases   ] GC(331)   Merge Heap Roots: 0.1ms
[2025-12-03T17:24:22.276+0000][7][gc,phases   ] GC(331)   Evacuate Collection Set: 19.2ms
[2025-12-03T17:24:22.276+0000][7][gc,phases   ] GC(331)   Post Evacuate Collection Set: 2.2ms
[2025-12-03T17:24:22.276+0000][7][gc,phases   ] GC(331)   Other: 1.3ms
[2025-12-03T17:24:22.276+0000][7][gc,heap     ] GC(331) Eden regions: 63->0(63)
[2025-12-03T17:24:22.276+0000][7][gc,heap     ] GC(331) Survivor regions: 2->2(9)
[2025-12-03T17:24:22.276+0000][7][gc,heap     ] GC(331) Old regions: 36->36
[2025-12-03T17:24:22.276+0000][7][gc,heap     ] GC(331) Archive regions: 2->2
[2025-12-03T17:24:22.276+0000][7][gc,heap     ] GC(331) Humongous regions: 2->2
[2025-12-03T17:24:22.276+0000][7][gc,metaspace] GC(331) Metaspace: 115915K(117632K)->115915K(117632K) NonClass: 101135K(102080K)->101135K(102080K) Class: 14779K(15552K)->14779K(15552K)
[2025-12-03T17:24:22.276+0000][7][gc          ] GC(331) Pause Young (Concurrent Start) (G1 Evacuation Pause) 410M->157M(512M) 24.603ms
[2025-12-03T17:24:22.276+0000][7][gc,cpu      ] GC(331) User=0.13s Sys=0.00s Real=0.02s
[2025-12-03T17:24:22.277+0000][7][safepoint   ] Safepoint "G1CollectForAllocation", Time since last: 2616029501 ns, Reaching safepoint: 88875 ns, At safepoint: 24885792 ns, Total: 24974667 ns
[2025-12-03T17:24:22.277+0000][7][gc          ] GC(332) Concurrent Mark Cycle
[2025-12-03T17:24:22.277+0000][7][gc,marking  ] GC(332) Concurrent Clear Claimed Marks
[2025-12-03T17:24:22.277+0000][7][gc,marking  ] GC(332) Concurrent Clear Claimed Marks 0.156ms
[2025-12-03T17:24:22.277+0000][7][gc,marking  ] GC(332) Concurrent Scan Root Regions
[2025-12-03T17:24:22.283+0000][7][gc,marking  ] GC(332) Concurrent Scan Root Regions 6.263ms
[2025-12-03T17:24:22.283+0000][7][gc,marking  ] GC(332) Concurrent Mark
[2025-12-03T17:24:22.283+0000][7][gc,marking  ] GC(332) Concurrent Mark From Roots
[2025-12-03T17:24:22.283+0000][7][gc,task     ] GC(332) Using 2 workers of 2 for marking
[2025-12-03T17:24:22.354+0000][7][gc,marking  ] GC(332) Concurrent Mark From Roots 70.357ms
[2025-12-03T17:24:22.354+0000][7][gc,marking  ] GC(332) Concurrent Preclean
[2025-12-03T17:24:22.354+0000][7][gc,marking  ] GC(332) Concurrent Preclean 0.346ms
[2025-12-03T17:24:22.354+0000][7][gc,start    ] GC(332) Pause Remark
[2025-12-03T17:24:22.374+0000][7][gc          ] GC(332) Pause Remark 157M->157M(512M) 19.114ms
[2025-12-03T17:24:22.374+0000][7][gc,cpu      ] GC(332) User=0.15s Sys=0.00s Real=0.02s
[2025-12-03T17:24:22.374+0000][7][safepoint   ] Safepoint "G1Concurrent", Time since last: 77717208 ns, Reaching safepoint: 64959 ns, At safepoint: 19325916 ns, Total: 19390875 ns
[2025-12-03T17:24:22.374+0000][7][gc,marking  ] GC(332) Concurrent Mark 90.442ms
[2025-12-03T17:24:22.374+0000][7][gc,marking  ] GC(332) Concurrent Rebuild Remembered Sets
[2025-12-03T17:24:22.408+0000][7][gc,marking  ] GC(332) Concurrent Rebuild Remembered Sets 34.231ms
[2025-12-03T17:24:22.408+0000][7][gc,start    ] GC(332) Pause Cleanup
[2025-12-03T17:24:22.408+0000][7][gc          ] GC(332) Pause Cleanup 157M->157M(512M) 0.128ms
[2025-12-03T17:24:22.408+0000][7][gc,cpu      ] GC(332) User=0.00s Sys=0.00s Real=0.00s
[2025-12-03T17:24:22.409+0000][7][safepoint   ] Safepoint "G1Concurrent", Time since last: 34452167 ns, Reaching safepoint: 62458 ns, At safepoint: 276209 ns, Total: 338667 ns
[2025-12-03T17:24:22.409+0000][7][gc,marking  ] GC(332) Concurrent Cleanup for Next Mark
[2025-12-03T17:24:22.410+0000][7][gc,marking  ] GC(332) Concurrent Cleanup for Next Mark 1.459ms
[2025-12-03T17:24:22.410+0000][7][gc          ] GC(332) Concurrent Mark Cycle 133.446ms
[2025-12-03T17:25:08.298+0000][7][gc,start    ] GC(333) Pause Young (Normal) (G1 Evacuation Pause)
[2025-12-03T17:25:08.299+0000][7][gc,task     ] GC(333) Using 8 workers of 8 for evacuation
[2025-12-03T17:25:08.300+0000][7][gc,age      ] GC(333) Desired survivor size 18874368 bytes, new threshold 15 (max threshold 15)
[2025-12-03T17:25:08.329+0000][7][gc,age      ] GC(333) Age table with threshold 15 (max threshold 15)
[2025-12-03T17:25:08.329+0000][7][gc,age      ] GC(333) - age   1:    2726000 bytes,    2726000 total
[2025-12-03T17:25:08.329+0000][7][gc,age      ] GC(333) - age   2:     708856 bytes,    3434856 total
[2025-12-03T17:25:08.329+0000][7][gc,age      ] GC(333) - age   3:      42696 bytes,    3477552 total
[2025-12-03T17:25:08.329+0000][7][gc,age      ] GC(333) - age   4:     273440 bytes,    3750992 total
[2025-12-03T17:25:08.329+0000][7][gc,age      ] GC(333) - age   5:       9320 bytes,    3760312 total
[2025-12-03T17:25:08.329+0000][7][gc,age      ] GC(333) - age   6:      18952 bytes,    3779264 total
[2025-12-03T17:25:08.329+0000][7][gc,age      ] GC(333) - age   7:      74064 bytes,    3853328 total
[2025-12-03T17:25:08.329+0000][7][gc,age      ] GC(333) - age   8:     154440 bytes,    4007768 total
[2025-12-03T17:25:08.329+0000][7][gc,age      ] GC(333) - age   9:     539576 bytes,    4547344 total
[2025-12-03T17:25:08.329+0000][7][gc,age      ] GC(333) - age  10:     147344 bytes,    4694688 total
[2025-12-03T17:25:08.329+0000][7][gc,age      ] GC(333) - age  11:       8392 bytes,    4703080 total
[2025-12-03T17:25:08.329+0000][7][gc,age      ] GC(333) - age  12:     101224 bytes,    4804304 total
[2025-12-03T17:25:08.329+0000][7][gc,age      ] GC(333) - age  13:     253528 bytes,    5057832 total
[2025-12-03T17:25:08.329+0000][7][gc,age      ] GC(333) - age  14:     431480 bytes,    5489312 total
[2025-12-03T17:25:08.329+0000][7][gc,age      ] GC(333) - age  15:      10112 bytes,    5499424 total
[2025-12-03T17:25:08.330+0000][7][gc,phases   ] GC(333)   Pre Evacuate Collection Set: 0.7ms
[2025-12-03T17:25:08.330+0000][7][gc,phases   ] GC(333)   Merge Heap Roots: 0.9ms
[2025-12-03T17:25:08.330+0000][7][gc,phases   ] GC(333)   Evacuate Collection Set: 23.2ms
[2025-12-03T17:25:08.330+0000][7][gc,phases   ] GC(333)   Post Evacuate Collection Set: 3.9ms
[2025-12-03T17:25:08.330+0000][7][gc,phases   ] GC(333)   Other: 2.6ms
[2025-12-03T17:25:08.330+0000][7][gc,heap     ] GC(333) Eden regions: 63->0(63)
[2025-12-03T17:25:08.330+0000][7][gc,heap     ] GC(333) Survivor regions: 2->2(9)
[2025-12-03T17:25:08.330+0000][7][gc,heap     ] GC(333) Old regions: 36->36
[2025-12-03T17:25:08.330+0000][7][gc,heap     ] GC(333) Archive regions: 2->2
[2025-12-03T17:25:08.330+0000][7][gc,heap     ] GC(333) Humongous regions: 2->2
[2025-12-03T17:25:08.330+0000][7][gc,metaspace] GC(333) Metaspace: 115915K(117632K)->115915K(117632K) NonClass: 101135K(102080K)->101135K(102080K) Class: 14779K(15552K)->14779K(15552K)
[2025-12-03T17:25:08.330+0000][7][gc          ] GC(333) Pause Young (Normal) (G1 Evacuation Pause) 409M->158M(512M) 31.779ms
[2025-12-03T17:25:08.330+0000][7][gc,cpu      ] GC(333) User=0.19s Sys=0.00s Real=0.03s
[2025-12-03T17:25:08.330+0000][7][safepoint   ] Safepoint "G1CollectForAllocation", Time since last: 45890210061 ns, Reaching safepoint: 448542 ns, At safepoint: 32132917 ns, Total: 32581459 ns
[2025-12-03T17:25:10.332+0000][7][safepoint   ] Safepoint "Cleanup", Time since last: 2001673084 ns, Reaching safepoint: 75208 ns, At safepoint: 3792 ns, Total: 79000 ns
[2025-12-03T17:25:11.334+0000][7][safepoint   ] Safepoint "Cleanup", Time since last: 1001294834 ns, Reaching safepoint: 155875 ns, At safepoint: 6166 ns, Total: 162041 ns
[2025-12-03T17:25:28.386+0000][7][safepoint   ] Safepoint "Cleanup", Time since last: 17052437925 ns, Reaching safepoint: 280958 ns, At safepoint: 8000 ns, Total: 288958 ns
[2025-12-03T17:25:43.383+0000][7][gc,start    ] GC(334) Pause Young (Concurrent Start) (G1 Evacuation Pause)
[2025-12-03T17:25:43.384+0000][7][gc,task     ] GC(334) Using 8 workers of 8 for evacuation
[2025-12-03T17:25:43.384+0000][7][gc,age      ] GC(334) Desired survivor size 18874368 bytes, new threshold 15 (max threshold 15)
[2025-12-03T17:25:43.398+0000][7][gc,age      ] GC(334) Age table with threshold 15 (max threshold 15)
[2025-12-03T17:25:43.398+0000][7][gc,age      ] GC(334) - age   1:    1146944 bytes,    1146944 total
[2025-12-03T17:25:43.399+0000][7][gc,age      ] GC(334) - age   2:     349152 bytes,    1496096 total
[2025-12-03T17:25:43.399+0000][7][gc,age      ] GC(334) - age   3:     706944 bytes,    2203040 total
[2025-12-03T17:25:43.399+0000][7][gc,age      ] GC(334) - age   4:      41472 bytes,    2244512 total
[2025-12-03T17:25:43.399+0000][7][gc,age      ] GC(334) - age   5:     271120 bytes,    2515632 total
[2025-12-03T17:25:43.399+0000][7][gc,age      ] GC(334) - age   6:       9128 bytes,    2524760 total
[2025-12-03T17:25:43.399+0000][7][gc,age      ] GC(334) - age   7:      18696 bytes,    2543456 total
[2025-12-03T17:25:43.399+0000][7][gc,age      ] GC(334) - age   8:      74000 bytes,    2617456 total
[2025-12-03T17:25:43.399+0000][7][gc,age      ] GC(334) - age   9:     154440 bytes,    2771896 total
[2025-12-03T17:25:43.399+0000][7][gc,age      ] GC(334) - age  10:     539576 bytes,    3311472 total
[2025-12-03T17:25:43.399+0000][7][gc,age      ] GC(334) - age  11:     147344 bytes,    3458816 total
[2025-12-03T17:25:43.399+0000][7][gc,age      ] GC(334) - age  12:       8392 bytes,    3467208 total
[2025-12-03T17:25:43.399+0000][7][gc,age      ] GC(334) - age  13:     101224 bytes,    3568432 total
[2025-12-03T17:25:43.399+0000][7][gc,age      ] GC(334) - age  14:     253528 bytes,    3821960 total
[2025-12-03T17:25:43.399+0000][7][gc,age      ] GC(334) - age  15:     431480 bytes,    4253440 total
[2025-12-03T17:25:43.399+0000][7][gc,phases   ] GC(334)   Pre Evacuate Collection Set: 3.6ms
[2025-12-03T17:25:43.399+0000][7][gc,phases   ] GC(334)   Merge Heap Roots: 0.2ms
[2025-12-03T17:25:43.399+0000][7][gc,phases   ] GC(334)   Evacuate Collection Set: 8.7ms
[2025-12-03T17:25:43.399+0000][7][gc,phases   ] GC(334)   Post Evacuate Collection Set: 1.8ms
[2025-12-03T17:25:43.399+0000][7][gc,phases   ] GC(334)   Other: 2.7ms
[2025-12-03T17:25:43.399+0000][7][gc,heap     ] GC(334) Eden regions: 63->0(63)
[2025-12-03T17:25:43.400+0000][7][gc,heap     ] GC(334) Survivor regions: 2->2(9)
[2025-12-03T17:25:43.400+0000][7][gc,heap     ] GC(334) Old regions: 36->36
[2025-12-03T17:25:43.400+0000][7][gc,heap     ] GC(334) Archive regions: 2->2
[2025-12-03T17:25:43.400+0000][7][gc,heap     ] GC(334) Humongous regions: 2->2
[2025-12-03T17:25:43.400+0000][7][gc,metaspace] GC(334) Metaspace: 115916K(117632K)->115916K(117632K) NonClass: 101136K(102080K)->101136K(102080K) Class: 14779K(15552K)->14779K(15552K)
[2025-12-03T17:25:43.400+0000][7][gc          ] GC(334) Pause Young (Concurrent Start) (G1 Evacuation Pause) 410M->156M(512M) 17.245ms
[2025-12-03T17:25:43.400+0000][7][gc,cpu      ] GC(334) User=0.06s Sys=0.00s Real=0.01s
[2025-12-03T17:25:43.400+0000][7][safepoint   ] Safepoint "G1CollectForAllocation", Time since last: 14993270090 ns, Reaching safepoint: 867750 ns, At safepoint: 17869542 ns, Total: 18737292 ns
[2025-12-03T17:25:43.400+0000][7][gc          ] GC(335) Concurrent Mark Cycle
[2025-12-03T17:25:43.400+0000][7][gc,marking  ] GC(335) Concurrent Clear Claimed Marks
[2025-12-03T17:25:43.400+0000][7][gc,marking  ] GC(335) Concurrent Clear Claimed Marks 0.139ms
[2025-12-03T17:25:43.400+0000][7][gc,marking  ] GC(335) Concurrent Scan Root Regions
[2025-12-03T17:25:43.403+0000][7][gc,marking  ] GC(335) Concurrent Scan Root Regions 2.972ms
[2025-12-03T17:25:43.403+0000][7][gc,marking  ] GC(335) Concurrent Mark
[2025-12-03T17:25:43.403+0000][7][gc,marking  ] GC(335) Concurrent Mark From Roots
[2025-12-03T17:25:43.404+0000][7][gc,task     ] GC(335) Using 2 workers of 2 for marking
[2025-12-03T17:25:43.491+0000][7][gc,marking  ] GC(335) Concurrent Mark From Roots 87.328ms
[2025-12-03T17:25:43.491+0000][7][gc,marking  ] GC(335) Concurrent Preclean
[2025-12-03T17:25:43.491+0000][7][gc,marking  ] GC(335) Concurrent Preclean 0.363ms
[2025-12-03T17:25:43.492+0000][7][gc,start    ] GC(335) Pause Remark
[2025-12-03T17:25:43.515+0000][7][gc          ] GC(335) Pause Remark 158M->158M(512M) 23.657ms
[2025-12-03T17:25:43.515+0000][7][gc,cpu      ] GC(335) User=0.11s Sys=0.00s Real=0.03s
[2025-12-03T17:25:43.515+0000][7][safepoint   ] Safepoint "G1Concurrent", Time since last: 91413958 ns, Reaching safepoint: 47500 ns, At safepoint: 23935834 ns, Total: 23983334 ns
[2025-12-03T17:25:43.516+0000][7][gc,marking  ] GC(335) Concurrent Mark 112.092ms
[2025-12-03T17:25:43.516+0000][7][gc,marking  ] GC(335) Concurrent Rebuild Remembered Sets
[2025-12-03T17:25:43.547+0000][7][gc,marking  ] GC(335) Concurrent Rebuild Remembered Sets 31.883ms
[2025-12-03T17:25:43.548+0000][7][gc,start    ] GC(335) Pause Cleanup
[2025-12-03T17:25:43.548+0000][7][gc          ] GC(335) Pause Cleanup 158M->158M(512M) 0.370ms
[2025-12-03T17:25:43.548+0000][7][gc,cpu      ] GC(335) User=0.00s Sys=0.00s Real=0.00s
[2025-12-03T17:25:43.548+0000][7][safepoint   ] Safepoint "G1Concurrent", Time since last: 32181125 ns, Reaching safepoint: 190625 ns, At safepoint: 511625 ns, Total: 702250 ns
[2025-12-03T17:25:43.548+0000][7][gc,marking  ] GC(335) Concurrent Cleanup for Next Mark
[2025-12-03T17:25:43.550+0000][7][gc,marking  ] GC(335) Concurrent Cleanup for Next Mark 1.474ms
[2025-12-03T17:25:43.550+0000][7][gc          ] GC(335) Concurrent Mark Cycle 149.930ms
[2025-12-03T17:26:22.578+0000][7][gc,start    ] GC(336) Pause Young (Normal) (G1 Evacuation Pause)
[2025-12-03T17:26:22.578+0000][7][gc,task     ] GC(336) Using 8 workers of 8 for evacuation
[2025-12-03T17:26:22.579+0000][7][gc,age      ] GC(336) Desired survivor size 18874368 bytes, new threshold 15 (max threshold 15)
[2025-12-03T17:26:22.591+0000][7][gc,age      ] GC(336) Age table with threshold 15 (max threshold 15)
[2025-12-03T17:26:22.591+0000][7][gc,age      ] GC(336) - age   1:    2269512 bytes,    2269512 total
[2025-12-03T17:26:22.591+0000][7][gc,age      ] GC(336) - age   2:     143640 bytes,    2413152 total
[2025-12-03T17:26:22.591+0000][7][gc,age      ] GC(336) - age   3:     343544 bytes,    2756696 total
[2025-12-03T17:26:22.591+0000][7][gc,age      ] GC(336) - age   4:     704856 bytes,    3461552 total
[2025-12-03T17:26:22.591+0000][7][gc,age      ] GC(336) - age   5:      41280 bytes,    3502832 total
[2025-12-03T17:26:22.591+0000][7][gc,age      ] GC(336) - age   6:     139872 bytes,    3642704 total
[2025-12-03T17:26:22.591+0000][7][gc,age      ] GC(336) - age   7:       9128 bytes,    3651832 total
[2025-12-03T17:26:22.592+0000][7][gc,age      ] GC(336) - age   8:      18312 bytes,    3670144 total
[2025-12-03T17:26:22.592+0000][7][gc,age      ] GC(336) - age   9:      73936 bytes,    3744080 total
[2025-12-03T17:26:22.592+0000][7][gc,age      ] GC(336) - age  10:      97656 bytes,    3841736 total
[2025-12-03T17:26:22.592+0000][7][gc,age      ] GC(336) - age  11:     539576 bytes,    4381312 total
[2025-12-03T17:26:22.592+0000][7][gc,age      ] GC(336) - age  12:     147344 bytes,    4528656 total
[2025-12-03T17:26:22.592+0000][7][gc,age      ] GC(336) - age  13:       8192 bytes,    4536848 total
[2025-12-03T17:26:22.592+0000][7][gc,age      ] GC(336) - age  14:     101144 bytes,    4637992 total
[2025-12-03T17:26:22.592+0000][7][gc,age      ] GC(336) - age  15:     253528 bytes,    4891520 total
[2025-12-03T17:26:22.592+0000][7][gc,phases   ] GC(336)   Pre Evacuate Collection Set: 0.6ms
[2025-12-03T17:26:22.592+0000][7][gc,phases   ] GC(336)   Merge Heap Roots: 0.4ms
[2025-12-03T17:26:22.592+0000][7][gc,phases   ] GC(336)   Evacuate Collection Set: 8.7ms
[2025-12-03T17:26:22.592+0000][7][gc,phases   ] GC(336)   Post Evacuate Collection Set: 2.3ms
[2025-12-03T17:26:22.593+0000][7][gc,phases   ] GC(336)   Other: 2.4ms
[2025-12-03T17:26:22.593+0000][7][gc,heap     ] GC(336) Eden regions: 63->0(63)
[2025-12-03T17:26:22.593+0000][7][gc,heap     ] GC(336) Survivor regions: 2->2(9)
[2025-12-03T17:26:22.593+0000][7][gc,heap     ] GC(336) Old regions: 36->36
[2025-12-03T17:26:22.593+0000][7][gc,heap     ] GC(336) Archive regions: 2->2
[2025-12-03T17:26:22.593+0000][7][gc,heap     ] GC(336) Humongous regions: 2->2
[2025-12-03T17:26:22.593+0000][7][gc,metaspace] GC(336) Metaspace: 115917K(117632K)->115917K(117632K) NonClass: 101138K(102080K)->101138K(102080K) Class: 14779K(15552K)->14779K(15552K)
[2025-12-03T17:26:22.593+0000][7][gc          ] GC(336) Pause Young (Normal) (G1 Evacuation Pause) 408M->157M(512M) 15.217ms
[2025-12-03T17:26:22.593+0000][7][gc,cpu      ] GC(336) User=0.06s Sys=0.00s Real=0.02s
[2025-12-03T17:26:22.593+0000][7][safepoint   ] Safepoint "G1CollectForAllocation", Time since last: 39028873976 ns, Reaching safepoint: 489584 ns, At safepoint: 15497541 ns, Total: 15987125 ns
[2025-12-03T17:27:04.350+0000][7][gc,start    ] GC(337) Pause Young (Concurrent Start) (G1 Evacuation Pause)
[2025-12-03T17:27:04.350+0000][7][gc,task     ] GC(337) Using 8 workers of 8 for evacuation
[2025-12-03T17:27:04.351+0000][7][gc,age      ] GC(337) Desired survivor size 18874368 bytes, new threshold 15 (max threshold 15)
[2025-12-03T17:27:04.362+0000][7][gc,age      ] GC(337) Age table with threshold 15 (max threshold 15)
[2025-12-03T17:27:04.362+0000][7][gc,age      ] GC(337) - age   1:    3962824 bytes,    3962824 total
[2025-12-03T17:27:04.362+0000][7][gc,age      ] GC(337) - age   2:     170248 bytes,    4133072 total
[2025-12-03T17:27:04.362+0000][7][gc,age      ] GC(337) - age   3:     141448 bytes,    4274520 total
[2025-12-03T17:27:04.362+0000][7][gc,age      ] GC(337) - age   4:     342656 bytes,    4617176 total
[2025-12-03T17:27:04.362+0000][7][gc,age      ] GC(337) - age   5:     205768 bytes,    4822944 total
[2025-12-03T17:27:04.362+0000][7][gc,age      ] GC(337) - age   6:      41248 bytes,    4864192 total
[2025-12-03T17:27:04.362+0000][7][gc,age      ] GC(337) - age   7:       8512 bytes,    4872704 total
[2025-12-03T17:27:04.362+0000][7][gc,age      ] GC(337) - age   8:       9128 bytes,    4881832 total
[2025-12-03T17:27:04.362+0000][7][gc,age      ] GC(337) - age   9:      18312 bytes,    4900144 total
[2025-12-03T17:27:04.363+0000][7][gc,age      ] GC(337) - age  10:      73936 bytes,    4974080 total
[2025-12-03T17:27:04.363+0000][7][gc,age      ] GC(337) - age  11:      97656 bytes,    5071736 total
[2025-12-03T17:27:04.363+0000][7][gc,age      ] GC(337) - age  12:     539576 bytes,    5611312 total
[2025-12-03T17:27:04.363+0000][7][gc,age      ] GC(337) - age  13:     147344 bytes,    5758656 total
[2025-12-03T17:27:04.363+0000][7][gc,age      ] GC(337) - age  14:       8192 bytes,    5766848 total
[2025-12-03T17:27:04.363+0000][7][gc,age      ] GC(337) - age  15:     101144 bytes,    5867992 total
[2025-12-03T17:27:04.363+0000][7][gc,phases   ] GC(337)   Pre Evacuate Collection Set: 1.9ms
[2025-12-03T17:27:04.363+0000][7][gc,phases   ] GC(337)   Merge Heap Roots: 0.1ms
[2025-12-03T17:27:04.363+0000][7][gc,phases   ] GC(337)   Evacuate Collection Set: 7.8ms
[2025-12-03T17:27:04.363+0000][7][gc,phases   ] GC(337)   Post Evacuate Collection Set: 1.4ms
[2025-12-03T17:27:04.363+0000][7][gc,phases   ] GC(337)   Other: 1.7ms
[2025-12-03T17:27:04.363+0000][7][gc,heap     ] GC(337) Eden regions: 63->0(63)
[2025-12-03T17:27:04.363+0000][7][gc,heap     ] GC(337) Survivor regions: 2->2(9)
[2025-12-03T17:27:04.363+0000][7][gc,heap     ] GC(337) Old regions: 36->36
[2025-12-03T17:27:04.363+0000][7][gc,heap     ] GC(337) Archive regions: 2->2
[2025-12-03T17:27:04.363+0000][7][gc,heap     ] GC(337) Humongous regions: 2->2
[2025-12-03T17:27:04.363+0000][7][gc,metaspace] GC(337) Metaspace: 115918K(117632K)->115918K(117632K) NonClass: 101138K(102080K)->101138K(102080K) Class: 14779K(15552K)->14779K(15552K)
[2025-12-03T17:27:04.364+0000][7][gc          ] GC(337) Pause Young (Concurrent Start) (G1 Evacuation Pause) 409M->159M(512M) 13.539ms
[2025-12-03T17:27:04.364+0000][7][gc,cpu      ] GC(337) User=0.05s Sys=0.00s Real=0.02s
[2025-12-03T17:27:04.364+0000][7][safepoint   ] Safepoint "G1CollectForAllocation", Time since last: 41756076394 ns, Reaching safepoint: 298375 ns, At safepoint: 13738375 ns, Total: 14036750 ns
[2025-12-03T17:27:04.364+0000][7][gc          ] GC(338) Concurrent Mark Cycle
[2025-12-03T17:27:04.364+0000][7][gc,marking  ] GC(338) Concurrent Clear Claimed Marks
[2025-12-03T17:27:04.364+0000][7][gc,marking  ] GC(338) Concurrent Clear Claimed Marks 0.145ms
[2025-12-03T17:27:04.364+0000][7][gc,marking  ] GC(338) Concurrent Scan Root Regions
[2025-12-03T17:27:04.367+0000][7][gc,marking  ] GC(338) Concurrent Scan Root Regions 3.278ms
[2025-12-03T17:27:04.367+0000][7][gc,marking  ] GC(338) Concurrent Mark
[2025-12-03T17:27:04.367+0000][7][gc,marking  ] GC(338) Concurrent Mark From Roots
[2025-12-03T17:27:04.367+0000][7][gc,task     ] GC(338) Using 2 workers of 2 for marking
[2025-12-03T17:27:04.440+0000][7][gc,marking  ] GC(338) Concurrent Mark From Roots 72.749ms
[2025-12-03T17:27:04.440+0000][7][gc,marking  ] GC(338) Concurrent Preclean
[2025-12-03T17:27:04.441+0000][7][gc,marking  ] GC(338) Concurrent Preclean 0.291ms
[2025-12-03T17:27:04.441+0000][7][gc,start    ] GC(338) Pause Remark
[2025-12-03T17:27:04.469+0000][7][gc          ] GC(338) Pause Remark 167M->167M(512M) 28.139ms
[2025-12-03T17:27:04.469+0000][7][gc,cpu      ] GC(338) User=0.21s Sys=0.00s Real=0.03s
[2025-12-03T17:27:04.469+0000][7][safepoint   ] Safepoint "G1Concurrent", Time since last: 76932208 ns, Reaching safepoint: 77750 ns, At safepoint: 28376042 ns, Total: 28453792 ns
[2025-12-03T17:27:04.469+0000][7][gc,marking  ] GC(338) Concurrent Mark 101.798ms
[2025-12-03T17:27:04.469+0000][7][gc,marking  ] GC(338) Concurrent Rebuild Remembered Sets
[2025-12-03T17:27:04.498+0000][7][gc,marking  ] GC(338) Concurrent Rebuild Remembered Sets 28.692ms
[2025-12-03T17:27:04.498+0000][7][gc,start    ] GC(338) Pause Cleanup
[2025-12-03T17:27:04.498+0000][7][gc          ] GC(338) Pause Cleanup 167M->167M(512M) 0.144ms
[2025-12-03T17:27:04.498+0000][7][gc,cpu      ] GC(338) User=0.00s Sys=0.00s Real=0.00s
[2025-12-03T17:27:04.498+0000][7][safepoint   ] Safepoint "G1Concurrent", Time since last: 28933083 ns, Reaching safepoint: 90125 ns, At safepoint: 285167 ns, Total: 375292 ns
[2025-12-03T17:27:04.498+0000][7][gc,marking  ] GC(338) Concurrent Cleanup for Next Mark
[2025-12-03T17:27:04.500+0000][7][gc,marking  ] GC(338) Concurrent Cleanup for Next Mark 1.519ms
[2025-12-03T17:27:04.500+0000][7][gc          ] GC(338) Concurrent Mark Cycle 136.289ms
[2025-12-03T17:27:18.523+0000][7][safepoint   ] Safepoint "Cleanup", Time since last: 14023864798 ns, Reaching safepoint: 486875 ns, At safepoint: 39875 ns, Total: 526750 ns
[2025-12-03T17:27:40.602+0000][7][safepoint   ] Safepoint "Cleanup", Time since last: 22056251260 ns, Reaching safepoint: 237958 ns, At safepoint: 5542 ns, Total: 243500 ns
[2025-12-03T17:27:43.275+0000][7][gc,start    ] GC(339) Pause Young (Normal) (G1 Evacuation Pause)
[2025-12-03T17:27:43.276+0000][7][gc,task     ] GC(339) Using 8 workers of 8 for evacuation
[2025-12-03T17:27:43.276+0000][7][gc,age      ] GC(339) Desired survivor size 18874368 bytes, new threshold 15 (max threshold 15)
[2025-12-03T17:27:43.284+0000][7][gc,age      ] GC(339) Age table with threshold 15 (max threshold 15)
[2025-12-03T17:27:43.285+0000][7][gc,age      ] GC(339) - age   1:    1885960 bytes,    1885960 total
[2025-12-03T17:27:43.285+0000][7][gc,age      ] GC(339) - age   2:     645064 bytes,    2531024 total
[2025-12-03T17:27:43.285+0000][7][gc,age      ] GC(339) - age   3:     166072 bytes,    2697096 total
[2025-12-03T17:27:43.285+0000][7][gc,age      ] GC(339) - age   4:       9520 bytes,    2706616 total
[2025-12-03T17:27:43.285+0000][7][gc,age      ] GC(339) - age   5:     342040 bytes,    3048656 total
[2025-12-03T17:27:43.285+0000][7][gc,age      ] GC(339) - age   6:     205448 bytes,    3254104 total
[2025-12-03T17:27:43.285+0000][7][gc,age      ] GC(339) - age   7:      40848 bytes,    3294952 total
[2025-12-03T17:27:43.285+0000][7][gc,age      ] GC(339) - age   8:       8448 bytes,    3303400 total
[2025-12-03T17:27:43.285+0000][7][gc,age      ] GC(339) - age   9:       9128 bytes,    3312528 total
[2025-12-03T17:27:43.285+0000][7][gc,age      ] GC(339) - age  10:      18248 bytes,    3330776 total
[2025-12-03T17:27:43.285+0000][7][gc,age      ] GC(339) - age  11:      73936 bytes,    3404712 total
[2025-12-03T17:27:43.285+0000][7][gc,age      ] GC(339) - age  12:      97656 bytes,    3502368 total
[2025-12-03T17:27:43.285+0000][7][gc,age      ] GC(339) - age  13:     539576 bytes,    4041944 total
[2025-12-03T17:27:43.285+0000][7][gc,age      ] GC(339) - age  14:     147344 bytes,    4189288 total
[2025-12-03T17:27:43.285+0000][7][gc,age      ] GC(339) - age  15:       8192 bytes,    4197480 total
[2025-12-03T17:27:43.285+0000][7][gc,phases   ] GC(339)   Pre Evacuate Collection Set: 0.3ms
[2025-12-03T17:27:43.285+0000][7][gc,phases   ] GC(339)   Merge Heap Roots: 0.1ms
[2025-12-03T17:27:43.285+0000][7][gc,phases   ] GC(339)   Evacuate Collection Set: 6.5ms
[2025-12-03T17:27:43.285+0000][7][gc,phases   ] GC(339)   Post Evacuate Collection Set: 1.8ms
[2025-12-03T17:27:43.285+0000][7][gc,phases   ] GC(339)   Other: 1.0ms
[2025-12-03T17:27:43.285+0000][7][gc,heap     ] GC(339) Eden regions: 63->0(63)
[2025-12-03T17:27:43.285+0000][7][gc,heap     ] GC(339) Survivor regions: 2->2(9)
[2025-12-03T17:27:43.285+0000][7][gc,heap     ] GC(339) Old regions: 36->36
[2025-12-03T17:27:43.285+0000][7][gc,heap     ] GC(339) Archive regions: 2->2
[2025-12-03T17:27:43.285+0000][7][gc,heap     ] GC(339) Humongous regions: 2->2
[2025-12-03T17:27:43.286+0000][7][gc,metaspace] GC(339) Metaspace: 115918K(117632K)->115918K(117632K) NonClass: 101138K(102080K)->101138K(102080K) Class: 14779K(15552K)->14779K(15552K)
[2025-12-03T17:27:43.286+0000][7][gc          ] GC(339) Pause Young (Normal) (G1 Evacuation Pause) 410M->157M(512M) 10.147ms
[2025-12-03T17:27:43.286+0000][7][gc,cpu      ] GC(339) User=0.06s Sys=0.00s Real=0.02s
[2025-12-03T17:27:43.286+0000][7][safepoint   ] Safepoint "G1CollectForAllocation", Time since last: 2673467210 ns, Reaching safepoint: 71625 ns, At safepoint: 10300291 ns, Total: 10371916 ns
[2025-12-03T17:28:22.322+0000][7][gc,start    ] GC(340) Pause Young (Concurrent Start) (G1 Evacuation Pause)
[2025-12-03T17:28:22.323+0000][7][gc,task     ] GC(340) Using 8 workers of 8 for evacuation
[2025-12-03T17:28:22.323+0000][7][gc,age      ] GC(340) Desired survivor size 18874368 bytes, new threshold 15 (max threshold 15)
[2025-12-03T17:28:22.334+0000][7][gc,age      ] GC(340) Age table with threshold 15 (max threshold 15)
[2025-12-03T17:28:22.334+0000][7][gc,age      ] GC(340) - age   1:    4823288 bytes,    4823288 total
[2025-12-03T17:28:22.334+0000][7][gc,age      ] GC(340) - age   2:     342504 bytes,    5165792 total
[2025-12-03T17:28:22.335+0000][7][gc,age      ] GC(340) - age   3:     641152 bytes,    5806944 total
[2025-12-03T17:28:22.335+0000][7][gc,age      ] GC(340) - age   4:      33200 bytes,    5840144 total
[2025-12-03T17:28:22.335+0000][7][gc,age      ] GC(340) - age   5:       9072 bytes,    5849216 total
[2025-12-03T17:28:22.335+0000][7][gc,age      ] GC(340) - age   6:     341976 bytes,    6191192 total
[2025-12-03T17:28:22.335+0000][7][gc,age      ] GC(340) - age   7:     205112 bytes,    6396304 total
[2025-12-03T17:28:22.335+0000][7][gc,age      ] GC(340) - age   8:      40784 bytes,    6437088 total
[2025-12-03T17:28:22.335+0000][7][gc,age      ] GC(340) - age   9:       8384 bytes,    6445472 total
[2025-12-03T17:28:22.335+0000][7][gc,age      ] GC(340) - age  10:       9096 bytes,    6454568 total
[2025-12-03T17:28:22.335+0000][7][gc,age      ] GC(340) - age  11:      18248 bytes,    6472816 total
[2025-12-03T17:28:22.335+0000][7][gc,age      ] GC(340) - age  12:      73936 bytes,    6546752 total
[2025-12-03T17:28:22.335+0000][7][gc,age      ] GC(340) - age  13:      97624 bytes,    6644376 total
[2025-12-03T17:28:22.335+0000][7][gc,age      ] GC(340) - age  14:     539512 bytes,    7183888 total
[2025-12-03T17:28:22.335+0000][7][gc,age      ] GC(340) - age  15:     147344 bytes,    7331232 total
[2025-12-03T17:28:22.335+0000][7][gc,phases   ] GC(340)   Pre Evacuate Collection Set: 1.8ms
[2025-12-03T17:28:22.335+0000][7][gc,phases   ] GC(340)   Merge Heap Roots: 0.1ms
[2025-12-03T17:28:22.335+0000][7][gc,phases   ] GC(340)   Evacuate Collection Set: 8.1ms
[2025-12-03T17:28:22.335+0000][7][gc,phases   ] GC(340)   Post Evacuate Collection Set: 1.3ms
[2025-12-03T17:28:22.335+0000][7][gc,phases   ] GC(340)   Other: 1.7ms
[2025-12-03T17:28:22.336+0000][7][gc,heap     ] GC(340) Eden regions: 63->0(63)
[2025-12-03T17:28:22.336+0000][7][gc,heap     ] GC(340) Survivor regions: 2->2(9)
[2025-12-03T17:28:22.336+0000][7][gc,heap     ] GC(340) Old regions: 36->36
[2025-12-03T17:28:22.336+0000][7][gc,heap     ] GC(340) Archive regions: 2->2
[2025-12-03T17:28:22.336+0000][7][gc,heap     ] GC(340) Humongous regions: 2->2
[2025-12-03T17:28:22.336+0000][7][gc,metaspace] GC(340) Metaspace: 115918K(117632K)->115918K(117632K) NonClass: 101138K(102080K)->101138K(102080K) Class: 14779K(15552K)->14779K(15552K)
[2025-12-03T17:28:22.336+0000][7][gc          ] GC(340) Pause Young (Concurrent Start) (G1 Evacuation Pause) 409M->160M(512M) 13.548ms
[2025-12-03T17:28:22.336+0000][7][gc,cpu      ] GC(340) User=0.06s Sys=0.00s Real=0.02s
[2025-12-03T17:28:22.336+0000][7][safepoint   ] Safepoint "G1CollectForAllocation", Time since last: 39029366435 ns, Reaching safepoint: 230083 ns, At safepoint: 13749417 ns, Total: 13979500 ns
[2025-12-03T17:28:22.336+0000][7][gc          ] GC(341) Concurrent Mark Cycle
[2025-12-03T17:28:22.336+0000][7][gc,marking  ] GC(341) Concurrent Clear Claimed Marks
[2025-12-03T17:28:22.336+0000][7][gc,marking  ] GC(341) Concurrent Clear Claimed Marks 0.107ms
[2025-12-03T17:28:22.336+0000][7][gc,marking  ] GC(341) Concurrent Scan Root Regions
[2025-12-03T17:28:22.339+0000][7][gc,marking  ] GC(341) Concurrent Scan Root Regions 2.925ms
[2025-12-03T17:28:22.339+0000][7][gc,marking  ] GC(341) Concurrent Mark
[2025-12-03T17:28:22.339+0000][7][gc,marking  ] GC(341) Concurrent Mark From Roots
[2025-12-03T17:28:22.339+0000][7][gc,task     ] GC(341) Using 2 workers of 2 for marking
[2025-12-03T17:28:22.391+0000][7][gc,marking  ] GC(341) Concurrent Mark From Roots 51.732ms
[2025-12-03T17:28:22.391+0000][7][gc,marking  ] GC(341) Concurrent Preclean
[2025-12-03T17:28:22.391+0000][7][gc,marking  ] GC(341) Concurrent Preclean 0.259ms
[2025-12-03T17:28:22.392+0000][7][gc,start    ] GC(341) Pause Remark
[2025-12-03T17:28:22.410+0000][7][gc          ] GC(341) Pause Remark 167M->167M(512M) 18.352ms
[2025-12-03T17:28:22.410+0000][7][gc,cpu      ] GC(341) User=0.13s Sys=0.00s Real=0.02s
[2025-12-03T17:28:22.410+0000][7][safepoint   ] Safepoint "G1Concurrent", Time since last: 55444083 ns, Reaching safepoint: 57750 ns, At safepoint: 18504834 ns, Total: 18562584 ns
[2025-12-03T17:28:22.410+0000][7][gc,marking  ] GC(341) Concurrent Mark 70.829ms
[2025-12-03T17:28:22.410+0000][7][gc,marking  ] GC(341) Concurrent Rebuild Remembered Sets
[2025-12-03T17:28:22.439+0000][7][gc,marking  ] GC(341) Concurrent Rebuild Remembered Sets 28.878ms
[2025-12-03T17:28:22.439+0000][7][gc,start    ] GC(341) Pause Cleanup
[2025-12-03T17:28:22.439+0000][7][gc          ] GC(341) Pause Cleanup 168M->168M(512M) 0.121ms
[2025-12-03T17:28:22.439+0000][7][gc,cpu      ] GC(341) User=0.00s Sys=0.00s Real=0.00s
[2025-12-03T17:28:22.440+0000][7][safepoint   ] Safepoint "G1Concurrent", Time since last: 29116666 ns, Reaching safepoint: 41209 ns, At safepoint: 279750 ns, Total: 320959 ns
[2025-12-03T17:28:22.440+0000][7][gc,marking  ] GC(341) Concurrent Cleanup for Next Mark
[2025-12-03T17:28:22.441+0000][7][gc,marking  ] GC(341) Concurrent Cleanup for Next Mark 1.375ms
[2025-12-03T17:28:22.441+0000][7][gc          ] GC(341) Concurrent Mark Cycle 104.905ms
[2025-12-03T17:29:04.418+0000][7][gc,start    ] GC(342) Pause Young (Normal) (G1 Evacuation Pause)
[2025-12-03T17:29:04.418+0000][7][gc,task     ] GC(342) Using 8 workers of 8 for evacuation
[2025-12-03T17:29:04.418+0000][7][gc,age      ] GC(342) Desired survivor size 18874368 bytes, new threshold 15 (max threshold 15)
[2025-12-03T17:29:04.441+0000][7][gc,age      ] GC(342) Age table with threshold 15 (max threshold 15)
[2025-12-03T17:29:04.441+0000][7][gc,age      ] GC(342) - age   1:    3598216 bytes,    3598216 total
[2025-12-03T17:29:04.441+0000][7][gc,age      ] GC(342) - age   2:    2809272 bytes,    6407488 total
[2025-12-03T17:29:04.441+0000][7][gc,age      ] GC(342) - age   3:     339480 bytes,    6746968 total
[2025-12-03T17:29:04.441+0000][7][gc,age      ] GC(342) - age   4:     140336 bytes,    6887304 total
[2025-12-03T17:29:04.441+0000][7][gc,age      ] GC(342) - age   5:      33008 bytes,    6920312 total
[2025-12-03T17:29:04.441+0000][7][gc,age      ] GC(342) - age   6:       8704 bytes,    6929016 total
[2025-12-03T17:29:04.441+0000][7][gc,age      ] GC(342) - age   7:     341664 bytes,    7270680 total
[2025-12-03T17:29:04.441+0000][7][gc,age      ] GC(342) - age   8:      74024 bytes,    7344704 total
[2025-12-03T17:29:04.441+0000][7][gc,age      ] GC(342) - age   9:      40784 bytes,    7385488 total
[2025-12-03T17:29:04.441+0000][7][gc,age      ] GC(342) - age  10:       8320 bytes,    7393808 total
[2025-12-03T17:29:04.441+0000][7][gc,age      ] GC(342) - age  11:       9096 bytes,    7402904 total
[2025-12-03T17:29:04.441+0000][7][gc,age      ] GC(342) - age  12:      18184 bytes,    7421088 total
[2025-12-03T17:29:04.441+0000][7][gc,age      ] GC(342) - age  13:      73936 bytes,    7495024 total
[2025-12-03T17:29:04.442+0000][7][gc,age      ] GC(342) - age  14:      97624 bytes,    7592648 total
[2025-12-03T17:29:04.442+0000][7][gc,age      ] GC(342) - age  15:     539512 bytes,    8132160 total
[2025-12-03T17:29:04.442+0000][7][gc,phases   ] GC(342)   Pre Evacuate Collection Set: 0.4ms
[2025-12-03T17:29:04.442+0000][7][gc,phases   ] GC(342)   Merge Heap Roots: 0.3ms
[2025-12-03T17:29:04.442+0000][7][gc,phases   ] GC(342)   Evacuate Collection Set: 17.7ms
[2025-12-03T17:29:04.442+0000][7][gc,phases   ] GC(342)   Post Evacuate Collection Set: 3.6ms
[2025-12-03T17:29:04.442+0000][7][gc,phases   ] GC(342)   Other: 1.9ms
[2025-12-03T17:29:04.442+0000][7][gc,heap     ] GC(342) Eden regions: 63->0(63)
[2025-12-03T17:29:04.442+0000][7][gc,heap     ] GC(342) Survivor regions: 2->2(9)
[2025-12-03T17:29:04.442+0000][7][gc,heap     ] GC(342) Old regions: 36->36
[2025-12-03T17:29:04.442+0000][7][gc,heap     ] GC(342) Archive regions: 2->2
[2025-12-03T17:29:04.442+0000][7][gc,heap     ] GC(342) Humongous regions: 2->2
[2025-12-03T17:29:04.442+0000][7][gc,metaspace] GC(342) Metaspace: 115918K(117632K)->115918K(117632K) NonClass: 101138K(102080K)->101138K(102080K) Class: 14779K(15552K)->14779K(15552K)
[2025-12-03T17:29:04.442+0000][7][gc          ] GC(342) Pause Young (Normal) (G1 Evacuation Pause) 412M->161M(512M) 24.257ms
[2025-12-03T17:29:04.442+0000][7][gc,cpu      ] GC(342) User=0.13s Sys=0.00s Real=0.02s
[2025-12-03T17:29:04.442+0000][7][safepoint   ] Safepoint "G1CollectForAllocation", Time since last: 41975864810 ns, Reaching safepoint: 188792 ns, At safepoint: 24591875 ns, Total: 24780667 ns
[2025-12-03T17:29:40.732+0000][7][gc,start    ] GC(343) Pause Young (Concurrent Start) (G1 Evacuation Pause)
[2025-12-03T17:29:40.734+0000][7][gc,task     ] GC(343) Using 8 workers of 8 for evacuation
[2025-12-03T17:29:40.734+0000][7][gc,age      ] GC(343) Desired survivor size 18874368 bytes, new threshold 15 (max threshold 15)
[2025-12-03T17:29:40.782+0000][7][gc,age      ] GC(343) Age table with threshold 15 (max threshold 15)
[2025-12-03T17:29:40.782+0000][7][gc,age      ] GC(343) - age   1:    2299648 bytes,    2299648 total
[2025-12-03T17:29:40.782+0000][7][gc,age      ] GC(343) - age   2:     776432 bytes,    3076080 total
[2025-12-03T17:29:40.783+0000][7][gc,age      ] GC(343) - age   3:    2805720 bytes,    5881800 total
[2025-12-03T17:29:40.783+0000][7][gc,age      ] GC(343) - age   4:     206936 bytes,    6088736 total
[2025-12-03T17:29:40.783+0000][7][gc,age      ] GC(343) - age   5:       8800 bytes,    6097536 total
[2025-12-03T17:29:40.783+0000][7][gc,age      ] GC(343) - age   6:      32560 bytes,    6130096 total
[2025-12-03T17:29:40.783+0000][7][gc,age      ] GC(343) - age   7:       8672 bytes,    6138768 total
[2025-12-03T17:29:40.783+0000][7][gc,age      ] GC(343) - age   8:     341664 bytes,    6480432 total
[2025-12-03T17:29:40.783+0000][7][gc,age      ] GC(343) - age   9:      73960 bytes,    6554392 total
[2025-12-03T17:29:40.783+0000][7][gc,age      ] GC(343) - age  10:      40784 bytes,    6595176 total
[2025-12-03T17:29:40.783+0000][7][gc,age      ] GC(343) - age  11:       8320 bytes,    6603496 total
[2025-12-03T17:29:40.783+0000][7][gc,age      ] GC(343) - age  12:       9096 bytes,    6612592 total
[2025-12-03T17:29:40.784+0000][7][gc,age      ] GC(343) - age  13:      18184 bytes,    6630776 total
[2025-12-03T17:29:40.784+0000][7][gc,age      ] GC(343) - age  14:      73936 bytes,    6704712 total
[2025-12-03T17:29:40.784+0000][7][gc,age      ] GC(343) - age  15:      97624 bytes,    6802336 total
[2025-12-03T17:29:40.784+0000][7][gc,phases   ] GC(343)   Pre Evacuate Collection Set: 10.5ms
[2025-12-03T17:29:40.784+0000][7][gc,phases   ] GC(343)   Merge Heap Roots: 0.5ms
[2025-12-03T17:29:40.785+0000][7][gc,phases   ] GC(343)   Evacuate Collection Set: 24.3ms
[2025-12-03T17:29:40.785+0000][7][gc,phases   ] GC(343)   Post Evacuate Collection Set: 12.5ms
[2025-12-03T17:29:40.785+0000][7][gc,phases   ] GC(343)   Other: 5.0ms
[2025-12-03T17:29:40.785+0000][7][gc,heap     ] GC(343) Eden regions: 63->0(63)
[2025-12-03T17:29:40.785+0000][7][gc,heap     ] GC(343) Survivor regions: 2->2(9)
[2025-12-03T17:29:40.785+0000][7][gc,heap     ] GC(343) Old regions: 36->36
[2025-12-03T17:29:40.785+0000][7][gc,heap     ] GC(343) Archive regions: 2->2
[2025-12-03T17:29:40.785+0000][7][gc,heap     ] GC(343) Humongous regions: 2->2
[2025-12-03T17:29:40.785+0000][7][gc,metaspace] GC(343) Metaspace: 115918K(117632K)->115918K(117632K) NonClass: 101138K(102080K)->101138K(102080K) Class: 14779K(15552K)->14779K(15552K)
[2025-12-03T17:29:40.786+0000][7][gc          ] GC(343) Pause Young (Concurrent Start) (G1 Evacuation Pause) 413M->160M(512M) 53.895ms
[2025-12-03T17:29:40.786+0000][7][gc,cpu      ] GC(343) User=0.19s Sys=0.00s Real=0.06s
[2025-12-03T17:29:40.786+0000][7][safepoint   ] Safepoint "G1CollectForAllocation", Time since last: 36289335058 ns, Reaching safepoint: 211083 ns, At safepoint: 54531125 ns, Total: 54742208 ns
[2025-12-03T17:29:40.786+0000][7][gc          ] GC(344) Concurrent Mark Cycle
[2025-12-03T17:29:40.787+0000][7][gc,marking  ] GC(344) Concurrent Clear Claimed Marks
[2025-12-03T17:29:40.787+0000][7][gc,marking  ] GC(344) Concurrent Clear Claimed Marks 0.453ms
[2025-12-03T17:29:40.787+0000][7][gc,marking  ] GC(344) Concurrent Scan Root Regions
[2025-12-03T17:29:40.802+0000][7][gc,marking  ] GC(344) Concurrent Scan Root Regions 14.616ms
[2025-12-03T17:29:40.802+0000][7][gc,marking  ] GC(344) Concurrent Mark
[2025-12-03T17:29:40.802+0000][7][gc,marking  ] GC(344) Concurrent Mark From Roots
[2025-12-03T17:29:40.802+0000][7][gc,task     ] GC(344) Using 2 workers of 2 for marking
[2025-12-03T17:29:40.888+0000][7][gc,marking  ] GC(344) Concurrent Mark From Roots 86.092ms
[2025-12-03T17:29:40.888+0000][7][gc,marking  ] GC(344) Concurrent Preclean
[2025-12-03T17:29:40.888+0000][7][gc,marking  ] GC(344) Concurrent Preclean 0.383ms
[2025-12-03T17:29:40.889+0000][7][gc,start    ] GC(344) Pause Remark
[2025-12-03T17:29:40.907+0000][7][gc          ] GC(344) Pause Remark 161M->161M(512M) 18.769ms
[2025-12-03T17:29:40.908+0000][7][gc,cpu      ] GC(344) User=0.12s Sys=0.00s Real=0.02s
[2025-12-03T17:29:40.908+0000][7][safepoint   ] Safepoint "G1Concurrent", Time since last: 102488167 ns, Reaching safepoint: 52958 ns, At safepoint: 18956625 ns, Total: 19009583 ns
[2025-12-03T17:29:40.908+0000][7][gc,marking  ] GC(344) Concurrent Mark 105.813ms
[2025-12-03T17:29:40.908+0000][7][gc,marking  ] GC(344) Concurrent Rebuild Remembered Sets
[2025-12-03T17:29:40.937+0000][7][gc,marking  ] GC(344) Concurrent Rebuild Remembered Sets 29.070ms
[2025-12-03T17:29:40.937+0000][7][gc,start    ] GC(344) Pause Cleanup
[2025-12-03T17:29:40.937+0000][7][gc          ] GC(344) Pause Cleanup 161M->161M(512M) 0.214ms
[2025-12-03T17:29:40.937+0000][7][gc,cpu      ] GC(344) User=0.00s Sys=0.00s Real=0.00s
[2025-12-03T17:29:40.938+0000][7][safepoint   ] Safepoint "G1Concurrent", Time since last: 29421959 ns, Reaching safepoint: 98666 ns, At safepoint: 450167 ns, Total: 548833 ns
[2025-12-03T17:29:40.938+0000][7][gc,marking  ] GC(344) Concurrent Cleanup for Next Mark
[2025-12-03T17:29:40.939+0000][7][gc,marking  ] GC(344) Concurrent Cleanup for Next Mark 1.769ms
[2025-12-03T17:29:40.939+0000][7][gc          ] GC(344) Concurrent Mark Cycle 153.372ms
[2025-12-03T17:30:23.011+0000][7][gc,start    ] GC(345) Pause Young (Normal) (G1 Evacuation Pause)
[2025-12-03T17:30:23.012+0000][7][gc,task     ] GC(345) Using 8 workers of 8 for evacuation
[2025-12-03T17:30:23.012+0000][7][gc,age      ] GC(345) Desired survivor size 18874368 bytes, new threshold 15 (max threshold 15)
[2025-12-03T17:30:23.023+0000][7][gc,age      ] GC(345) Age table with threshold 15 (max threshold 15)
[2025-12-03T17:30:23.023+0000][7][gc,age      ] GC(345) - age   1:    2408616 bytes,    2408616 total
[2025-12-03T17:30:23.023+0000][7][gc,age      ] GC(345) - age   2:    1134328 bytes,    3542944 total
[2025-12-03T17:30:23.023+0000][7][gc,age      ] GC(345) - age   3:     770048 bytes,    4312992 total
[2025-12-03T17:30:23.023+0000][7][gc,age      ] GC(345) - age   4:    2804368 bytes,    7117360 total
[2025-12-03T17:30:23.023+0000][7][gc,age      ] GC(345) - age   5:     206584 bytes,    7323944 total
[2025-12-03T17:30:23.023+0000][7][gc,age      ] GC(345) - age   6:       8528 bytes,    7332472 total
[2025-12-03T17:30:23.023+0000][7][gc,age      ] GC(345) - age   7:      32056 bytes,    7364528 total
[2025-12-03T17:30:23.023+0000][7][gc,age      ] GC(345) - age   8:       8672 bytes,    7373200 total
[2025-12-03T17:30:23.023+0000][7][gc,age      ] GC(345) - age   9:     341664 bytes,    7714864 total
[2025-12-03T17:30:23.023+0000][7][gc,age      ] GC(345) - age  10:      73960 bytes,    7788824 total
[2025-12-03T17:30:23.023+0000][7][gc,age      ] GC(345) - age  11:      40784 bytes,    7829608 total
[2025-12-03T17:30:23.023+0000][7][gc,age      ] GC(345) - age  12:       8320 bytes,    7837928 total
[2025-12-03T17:30:23.023+0000][7][gc,age      ] GC(345) - age  13:       9096 bytes,    7847024 total
[2025-12-03T17:30:23.023+0000][7][gc,age      ] GC(345) - age  14:      18184 bytes,    7865208 total
[2025-12-03T17:30:23.023+0000][7][gc,age      ] GC(345) - age  15:      73936 bytes,    7939144 total
[2025-12-03T17:30:23.024+0000][7][gc,phases   ] GC(345)   Pre Evacuate Collection Set: 0.3ms
[2025-12-03T17:30:23.024+0000][7][gc,phases   ] GC(345)   Merge Heap Roots: 0.2ms
[2025-12-03T17:30:23.024+0000][7][gc,phases   ] GC(345)   Evacuate Collection Set: 8.5ms
[2025-12-03T17:30:23.024+0000][7][gc,phases   ] GC(345)   Post Evacuate Collection Set: 1.8ms
[2025-12-03T17:30:23.024+0000][7][gc,phases   ] GC(345)   Other: 1.7ms
[2025-12-03T17:30:23.024+0000][7][gc,heap     ] GC(345) Eden regions: 63->0(63)
[2025-12-03T17:30:23.024+0000][7][gc,heap     ] GC(345) Survivor regions: 2->2(9)
[2025-12-03T17:30:23.024+0000][7][gc,heap     ] GC(345) Old regions: 36->36
[2025-12-03T17:30:23.024+0000][7][gc,heap     ] GC(345) Archive regions: 2->2
[2025-12-03T17:30:23.024+0000][7][gc,heap     ] GC(345) Humongous regions: 2->2
[2025-12-03T17:30:23.024+0000][7][gc,metaspace] GC(345) Metaspace: 115919K(117632K)->115919K(117632K) NonClass: 101140K(102080K)->101140K(102080K) Class: 14779K(15552K)->14779K(15552K)
[2025-12-03T17:30:23.024+0000][7][gc          ] GC(345) Pause Young (Normal) (G1 Evacuation Pause) 412M->161M(512M) 12.834ms
[2025-12-03T17:30:23.024+0000][7][gc,cpu      ] GC(345) User=0.06s Sys=0.00s Real=0.01s
[2025-12-03T17:30:23.024+0000][7][safepoint   ] Safepoint "G1CollectForAllocation", Time since last: 42072114686 ns, Reaching safepoint: 338500 ns, At safepoint: 13148708 ns, Total: 13487208 ns
[2025-12-03T17:30:39.041+0000][7][safepoint   ] Safepoint "Cleanup", Time since last: 16017005007 ns, Reaching safepoint: 773750 ns, At safepoint: 62917 ns, Total: 836667 ns
[2025-12-03T17:30:53.065+0000][7][safepoint   ] Safepoint "Cleanup", Time since last: 14023597590 ns, Reaching safepoint: 107166 ns, At safepoint: 35875 ns, Total: 143041 ns
[2025-12-03T17:31:08.240+0000][7][gc,start    ] GC(346) Pause Young (Concurrent Start) (G1 Evacuation Pause)
[2025-12-03T17:31:08.241+0000][7][gc,task     ] GC(346) Using 8 workers of 8 for evacuation
[2025-12-03T17:31:08.242+0000][7][gc,age      ] GC(346) Desired survivor size 18874368 bytes, new threshold 15 (max threshold 15)
[2025-12-03T17:31:08.264+0000][7][gc,age      ] GC(346) Age table with threshold 15 (max threshold 15)
[2025-12-03T17:31:08.265+0000][7][gc,age      ] GC(346) - age   1:    3078800 bytes,    3078800 total
[2025-12-03T17:31:08.265+0000][7][gc,age      ] GC(346) - age   2:     982944 bytes,    4061744 total
[2025-12-03T17:31:08.265+0000][7][gc,age      ] GC(346) - age   3:     983784 bytes,    5045528 total
[2025-12-03T17:31:08.265+0000][7][gc,age      ] GC(346) - age   4:     139600 bytes,    5185128 total
[2025-12-03T17:31:08.265+0000][7][gc,age      ] GC(346) - age   5:    2672832 bytes,    7857960 total
[2025-12-03T17:31:08.265+0000][7][gc,age      ] GC(346) - age   6:     206584 bytes,    8064544 total
[2025-12-03T17:31:08.265+0000][7][gc,age      ] GC(346) - age   7:       8256 bytes,    8072800 total
[2025-12-03T17:31:08.265+0000][7][gc,age      ] GC(346) - age   8:      31608 bytes,    8104408 total
[2025-12-03T17:31:08.265+0000][7][gc,age      ] GC(346) - age   9:       8672 bytes,    8113080 total
[2025-12-03T17:31:08.265+0000][7][gc,age      ] GC(346) - age  10:     341600 bytes,    8454680 total
[2025-12-03T17:31:08.265+0000][7][gc,age      ] GC(346) - age  11:      73960 bytes,    8528640 total
[2025-12-03T17:31:08.265+0000][7][gc,age      ] GC(346) - age  12:      40784 bytes,    8569424 total
[2025-12-03T17:31:08.265+0000][7][gc,age      ] GC(346) - age  13:       8320 bytes,    8577744 total
[2025-12-03T17:31:08.265+0000][7][gc,age      ] GC(346) - age  14:       9096 bytes,    8586840 total
[2025-12-03T17:31:08.265+0000][7][gc,age      ] GC(346) - age  15:      18184 bytes,    8605024 total
[2025-12-03T17:31:08.266+0000][7][gc,phases   ] GC(346)   Pre Evacuate Collection Set: 4.2ms
[2025-12-03T17:31:08.266+0000][7][gc,phases   ] GC(346)   Merge Heap Roots: 0.2ms
[2025-12-03T17:31:08.266+0000][7][gc,phases   ] GC(346)   Evacuate Collection Set: 15.3ms
[2025-12-03T17:31:08.266+0000][7][gc,phases   ] GC(346)   Post Evacuate Collection Set: 2.0ms
[2025-12-03T17:31:08.266+0000][7][gc,phases   ] GC(346)   Other: 4.6ms
[2025-12-03T17:31:08.266+0000][7][gc,heap     ] GC(346) Eden regions: 63->0(62)
[2025-12-03T17:31:08.266+0000][7][gc,heap     ] GC(346) Survivor regions: 2->3(9)
[2025-12-03T17:31:08.266+0000][7][gc,heap     ] GC(346) Old regions: 36->36
[2025-12-03T17:31:08.266+0000][7][gc,heap     ] GC(346) Archive regions: 2->2
[2025-12-03T17:31:08.266+0000][7][gc,heap     ] GC(346) Humongous regions: 2->2
[2025-12-03T17:31:08.266+0000][7][gc,metaspace] GC(346) Metaspace: 115919K(117632K)->115919K(117632K) NonClass: 101140K(102080K)->101140K(102080K) Class: 14779K(15552K)->14779K(15552K)
[2025-12-03T17:31:08.266+0000][7][gc          ] GC(346) Pause Young (Concurrent Start) (G1 Evacuation Pause) 413M->162M(512M) 26.865ms
[2025-12-03T17:31:08.266+0000][7][gc,cpu      ] GC(346) User=0.10s Sys=0.00s Real=0.03s
[2025-12-03T17:31:08.267+0000][7][safepoint   ] Safepoint "G1CollectForAllocation", Time since last: 15172738965 ns, Reaching safepoint: 634167 ns, At safepoint: 27332458 ns, Total: 27966625 ns
[2025-12-03T17:31:08.267+0000][7][gc          ] GC(347) Concurrent Mark Cycle
[2025-12-03T17:31:08.268+0000][7][gc,marking  ] GC(347) Concurrent Clear Claimed Marks
[2025-12-03T17:31:08.268+0000][7][gc,marking  ] GC(347) Concurrent Clear Claimed Marks 0.162ms
[2025-12-03T17:31:08.268+0000][7][gc,marking  ] GC(347) Concurrent Scan Root Regions
[2025-12-03T17:31:08.272+0000][7][gc,marking  ] GC(347) Concurrent Scan Root Regions 3.854ms
[2025-12-03T17:31:08.272+0000][7][gc,marking  ] GC(347) Concurrent Mark
[2025-12-03T17:31:08.272+0000][7][gc,marking  ] GC(347) Concurrent Mark From Roots
[2025-12-03T17:31:08.272+0000][7][gc,task     ] GC(347) Using 2 workers of 2 for marking
[2025-12-03T17:31:08.343+0000][7][gc,marking  ] GC(347) Concurrent Mark From Roots 71.334ms
[2025-12-03T17:31:08.343+0000][7][gc,marking  ] GC(347) Concurrent Preclean
[2025-12-03T17:31:08.344+0000][7][gc,marking  ] GC(347) Concurrent Preclean 0.319ms
[2025-12-03T17:31:08.344+0000][7][gc,start    ] GC(347) Pause Remark
[2025-12-03T17:31:08.364+0000][7][gc          ] GC(347) Pause Remark 184M->184M(512M) 20.332ms
[2025-12-03T17:31:08.364+0000][7][gc,cpu      ] GC(347) User=0.16s Sys=0.00s Real=0.02s
[2025-12-03T17:31:08.364+0000][7][safepoint   ] Safepoint "G1Concurrent", Time since last: 77341834 ns, Reaching safepoint: 78958 ns, At safepoint: 20551125 ns, Total: 20630083 ns
[2025-12-03T17:31:08.365+0000][7][gc,marking  ] GC(347) Concurrent Mark 92.641ms
[2025-12-03T17:31:08.365+0000][7][gc,marking  ] GC(347) Concurrent Rebuild Remembered Sets
[2025-12-03T17:31:08.393+0000][7][gc,marking  ] GC(347) Concurrent Rebuild Remembered Sets 28.369ms
[2025-12-03T17:31:08.393+0000][7][gc,start    ] GC(347) Pause Cleanup
[2025-12-03T17:31:08.393+0000][7][gc          ] GC(347) Pause Cleanup 184M->184M(512M) 0.130ms
[2025-12-03T17:31:08.393+0000][7][gc,cpu      ] GC(347) User=0.00s Sys=0.00s Real=0.00s
[2025-12-03T17:31:08.393+0000][7][safepoint   ] Safepoint "G1Concurrent", Time since last: 28614292 ns, Reaching safepoint: 63791 ns, At safepoint: 281500 ns, Total: 345291 ns
[2025-12-03T17:31:08.394+0000][7][gc,marking  ] GC(347) Concurrent Cleanup for Next Mark
[2025-12-03T17:31:08.395+0000][7][gc,marking  ] GC(347) Concurrent Cleanup for Next Mark 1.355ms
[2025-12-03T17:31:08.395+0000][7][gc          ] GC(347) Concurrent Mark Cycle 128.389ms
