[2025-12-03T14:09:51.836+0000][6][gc] Using G1
[2025-12-03T14:09:52.214+0000][6][gc,init] Version: 16.0.2+7 (release)
[2025-12-03T14:09:52.214+0000][6][gc,init] CPUs: 8 total, 8 available
[2025-12-03T14:09:52.214+0000][6][gc,init] Memory: 7837M
[2025-12-03T14:09:52.215+0000][6][gc,init] Large Page Support: Disabled
[2025-12-03T14:09:52.215+0000][6][gc,init] NUMA Support: Disabled
[2025-12-03T14:09:52.215+0000][6][gc,init] Compressed Oops: Enabled (32-bit)
[2025-12-03T14:09:52.215+0000][6][gc,init] Heap Region Size: 4M
[2025-12-03T14:09:52.215+0000][6][gc,init] Heap Min Capacity: 512M
[2025-12-03T14:09:52.215+0000][6][gc,init] Heap Initial Capacity: 512M
[2025-12-03T14:09:52.215+0000][6][gc,init] Heap Max Capacity: 512M
[2025-12-03T14:09:52.215+0000][6][gc,init] Pre-touch: Enabled
[2025-12-03T14:09:52.215+0000][6][gc,init] Parallel Workers: 8
[2025-12-03T14:09:52.215+0000][6][gc,init] Concurrent Workers: 2
[2025-12-03T14:09:52.215+0000][6][gc,init] Concurrent Refinement Workers: 8
[2025-12-03T14:09:52.215+0000][6][gc,init] Periodic GC: Disabled
[2025-12-03T14:09:52.215+0000][6][gc,metaspace] CDS archive(s) mapped at: [0x0000000800000000-0x0000000800beb000-0x0000000800beb000), size 12496896, SharedBaseAddress: 0x0000000800000000, ArchiveRelocationMode: 0.
[2025-12-03T14:09:52.215+0000][6][gc,metaspace] Compressed class space mapped at: 0x0000000800c00000-0x0000000840c00000, reserved size: 1073741824
[2025-12-03T14:09:52.215+0000][6][gc,metaspace] Narrow klass base: 0x0000000800000000, Narrow klass shift: 3, Narrow klass range: 0x100000000
[2025-12-03T14:09:52.514+0000][6][safepoint   ] Safepoint "ICBufferFull", Time since last: 293409209 ns, Reaching safepoint: 981792 ns, At safepoint: 5791 ns, Total: 987583 ns
[2025-12-03T14:09:52.619+0000][6][safepoint   ] Safepoint "ICBufferFull", Time since last: 104781834 ns, Reaching safepoint: 81916 ns, At safepoint: 2250 ns, Total: 84166 ns
[2025-12-03T14:09:52.733+0000][6][safepoint   ] Safepoint "ICBufferFull", Time since last: 113135334 ns, Reaching safepoint: 65791 ns, At safepoint: 13959 ns, Total: 79750 ns
[2025-12-03T14:09:52.891+0000][6][gc,start    ] GC(0) Pause Young (Normal) (G1 Evacuation Pause)
[2025-12-03T14:09:52.891+0000][6][gc,task     ] GC(0) Using 8 workers of 8 for evacuation
[2025-12-03T14:09:52.892+0000][6][gc,age      ] GC(0) Desired survivor size 2097152 bytes, new threshold 15 (max threshold 15)
[2025-12-03T14:09:52.895+0000][6][gc,age      ] GC(0) Age table with threshold 15 (max threshold 15)
[2025-12-03T14:09:52.895+0000][6][gc,age      ] GC(0) - age   1:    4174968 bytes,    4174968 total
[2025-12-03T14:09:52.895+0000][6][gc,phases   ] GC(0)   Pre Evacuate Collection Set: 0.1ms
[2025-12-03T14:09:52.896+0000][6][gc,phases   ] GC(0)   Merge Heap Roots: 0.1ms
[2025-12-03T14:09:52.896+0000][6][gc,phases   ] GC(0)   Evacuate Collection Set: 1.6ms
[2025-12-03T14:09:52.896+0000][6][gc,phases   ] GC(0)   Post Evacuate Collection Set: 1.2ms
[2025-12-03T14:09:52.896+0000][6][gc,phases   ] GC(0)   Other: 1.4ms
[2025-12-03T14:09:52.896+0000][6][gc,heap     ] GC(0) Eden regions: 6->0(6)
[2025-12-03T14:09:52.896+0000][6][gc,heap     ] GC(0) Survivor regions: 0->1(1)
[2025-12-03T14:09:52.896+0000][6][gc,heap     ] GC(0) Old regions: 0->1
[2025-12-03T14:09:52.898+0000][6][gc,heap     ] GC(0) Archive regions: 2->2
[2025-12-03T14:09:52.898+0000][6][gc,heap     ] GC(0) Humongous regions: 0->0
[2025-12-03T14:09:52.898+0000][6][gc,metaspace] GC(0) Metaspace: 8096K(8256K)->8096K(8256K) NonClass: 7201K(7296K)->7201K(7296K) Class: 895K(960K)->895K(960K)
[2025-12-03T14:09:52.898+0000][6][gc          ] GC(0) Pause Young (Normal) (G1 Evacuation Pause) 27M->8M(512M) 7.239ms
[2025-12-03T14:09:52.898+0000][6][gc,cpu      ] GC(0) User=0.01s Sys=0.00s Real=0.01s
[2025-12-03T14:09:52.899+0000][6][safepoint   ] Safepoint "G1CollectForAllocation", Time since last: 158236750 ns, Reaching safepoint: 105583 ns, At safepoint: 7729167 ns, Total: 7834750 ns
[2025-12-03T14:09:53.271+0000][6][safepoint   ] Safepoint "ICBufferFull", Time since last: 371408375 ns, Reaching safepoint: 666083 ns, At safepoint: 29667 ns, Total: 695750 ns
[2025-12-03T14:09:53.443+0000][6][gc,start    ] GC(1) Pause Young (Normal) (G1 Evacuation Pause)
[2025-12-03T14:09:53.443+0000][6][gc,task     ] GC(1) Using 8 workers of 8 for evacuation
[2025-12-03T14:09:53.443+0000][6][gc,age      ] GC(1) Desired survivor size 2097152 bytes, new threshold 1 (max threshold 15)
[2025-12-03T14:09:53.451+0000][6][gc,age      ] GC(1) Age table with threshold 1 (max threshold 15)
[2025-12-03T14:09:53.451+0000][6][gc,age      ] GC(1) - age   1:    2065264 bytes,    2065264 total
[2025-12-03T14:09:53.451+0000][6][gc,phases   ] GC(1)   Pre Evacuate Collection Set: 0.1ms
[2025-12-03T14:09:53.451+0000][6][gc,phases   ] GC(1)   Merge Heap Roots: 0.4ms
[2025-12-03T14:09:53.451+0000][6][gc,phases   ] GC(1)   Evacuate Collection Set: 7.0ms
[2025-12-03T14:09:53.451+0000][6][gc,phases   ] GC(1)   Post Evacuate Collection Set: 0.4ms
[2025-12-03T14:09:53.451+0000][6][gc,phases   ] GC(1)   Other: 0.5ms
[2025-12-03T14:09:53.451+0000][6][gc,heap     ] GC(1) Eden regions: 6->0(12)
[2025-12-03T14:09:53.451+0000][6][gc,heap     ] GC(1) Survivor regions: 1->1(1)
[2025-12-03T14:09:53.451+0000][6][gc,heap     ] GC(1) Old regions: 1->2
[2025-12-03T14:09:53.451+0000][6][gc,heap     ] GC(1) Archive regions: 2->2
[2025-12-03T14:09:53.451+0000][6][gc,heap     ] GC(1) Humongous regions: 0->0
[2025-12-03T14:09:53.451+0000][6][gc,metaspace] GC(1) Metaspace: 12422K(12672K)->12422K(12672K) NonClass: 10963K(11072K)->10963K(11072K) Class: 1458K(1600K)->1458K(1600K)
[2025-12-03T14:09:53.451+0000][6][gc          ] GC(1) Pause Young (Normal) (G1 Evacuation Pause) 32M->10M(512M) 8.793ms
[2025-12-03T14:09:53.451+0000][6][gc,cpu      ] GC(1) User=0.01s Sys=0.00s Real=0.01s
[2025-12-03T14:09:53.452+0000][6][safepoint   ] Safepoint "G1CollectForAllocation", Time since last: 171836083 ns, Reaching safepoint: 104250 ns, At safepoint: 8869542 ns, Total: 8973792 ns
[2025-12-03T14:09:53.863+0000][6][safepoint   ] Safepoint "ICBufferFull", Time since last: 411619209 ns, Reaching safepoint: 257583 ns, At safepoint: 3250 ns, Total: 260833 ns
[2025-12-03T14:09:54.166+0000][6][safepoint   ] Safepoint "ICBufferFull", Time since last: 302067292 ns, Reaching safepoint: 130750 ns, At safepoint: 2541 ns, Total: 133291 ns
[2025-12-03T14:09:54.224+0000][6][safepoint   ] Safepoint "ICBufferFull", Time since last: 58206917 ns, Reaching safepoint: 508958 ns, At safepoint: 17709 ns, Total: 526667 ns
[2025-12-03T14:09:54.231+0000][6][gc,start    ] GC(2) Pause Young (Normal) (G1 Evacuation Pause)
[2025-12-03T14:09:54.231+0000][6][gc,task     ] GC(2) Using 8 workers of 8 for evacuation
[2025-12-03T14:09:54.231+0000][6][gc,age      ] GC(2) Desired survivor size 4194304 bytes, new threshold 15 (max threshold 15)
[2025-12-03T14:09:54.242+0000][6][gc,age      ] GC(2) Age table with threshold 15 (max threshold 15)
[2025-12-03T14:09:54.242+0000][6][gc,age      ] GC(2) - age   1:    1217960 bytes,    1217960 total
[2025-12-03T14:09:54.242+0000][6][gc,age      ] GC(2) - age   2:    2039704 bytes,    3257664 total
[2025-12-03T14:09:54.242+0000][6][gc,phases   ] GC(2)   Pre Evacuate Collection Set: 0.1ms
[2025-12-03T14:09:54.242+0000][6][gc,phases   ] GC(2)   Merge Heap Roots: 0.0ms
[2025-12-03T14:09:54.242+0000][6][gc,phases   ] GC(2)   Evacuate Collection Set: 6.2ms
[2025-12-03T14:09:54.242+0000][6][gc,phases   ] GC(2)   Post Evacuate Collection Set: 4.8ms
[2025-12-03T14:09:54.242+0000][6][gc,phases   ] GC(2)   Other: 0.9ms
[2025-12-03T14:09:54.242+0000][6][gc,heap     ] GC(2) Eden regions: 12->0(60)
[2025-12-03T14:09:54.242+0000][6][gc,heap     ] GC(2) Survivor regions: 1->1(2)
[2025-12-03T14:09:54.243+0000][6][gc,heap     ] GC(2) Old regions: 2->2
[2025-12-03T14:09:54.243+0000][6][gc,heap     ] GC(2) Archive regions: 2->2
[2025-12-03T14:09:54.243+0000][6][gc,heap     ] GC(2) Humongous regions: 0->0
[2025-12-03T14:09:54.243+0000][6][gc,metaspace] GC(2) Metaspace: 14672K(14976K)->14672K(14976K) NonClass: 13009K(13184K)->13009K(13184K) Class: 1663K(1792K)->1663K(1792K)
[2025-12-03T14:09:54.243+0000][6][gc          ] GC(2) Pause Young (Normal) (G1 Evacuation Pause) 58M->11M(512M) 12.058ms
[2025-12-03T14:09:54.243+0000][6][gc,cpu      ] GC(2) User=0.02s Sys=0.00s Real=0.01s
[2025-12-03T14:09:54.243+0000][6][safepoint   ] Safepoint "G1CollectForAllocation", Time since last: 5033083 ns, Reaching safepoint: 1014208 ns, At safepoint: 12454834 ns, Total: 13469042 ns
[2025-12-03T14:09:54.457+0000][6][safepoint   ] Safepoint "ICBufferFull", Time since last: 213993500 ns, Reaching safepoint: 53041 ns, At safepoint: 2042 ns, Total: 55083 ns
[2025-12-03T14:09:54.458+0000][6][safepoint   ] Safepoint "ICBufferFull", Time since last: 858333 ns, Reaching safepoint: 17209 ns, At safepoint: 916 ns, Total: 18125 ns
[2025-12-03T14:09:54.461+0000][6][safepoint   ] Safepoint "ICBufferFull", Time since last: 3193459 ns, Reaching safepoint: 204125 ns, At safepoint: 4750 ns, Total: 208875 ns
[2025-12-03T14:09:54.462+0000][6][safepoint   ] Safepoint "ICBufferFull", Time since last: 655208 ns, Reaching safepoint: 15917 ns, At safepoint: 1000 ns, Total: 16917 ns
[2025-12-03T14:09:54.463+0000][6][safepoint   ] Safepoint "ICBufferFull", Time since last: 1042916 ns, Reaching safepoint: 240084 ns, At safepoint: 114333 ns, Total: 354417 ns
[2025-12-03T14:09:54.464+0000][6][safepoint   ] Safepoint "ICBufferFull", Time since last: 798875 ns, Reaching safepoint: 30708 ns, At safepoint: 1167 ns, Total: 31875 ns
[2025-12-03T14:09:54.466+0000][6][safepoint   ] Safepoint "ICBufferFull", Time since last: 1671292 ns, Reaching safepoint: 462333 ns, At safepoint: 20333 ns, Total: 482666 ns
[2025-12-03T14:09:54.469+0000][6][safepoint   ] Safepoint "ICBufferFull", Time since last: 2088417 ns, Reaching safepoint: 887125 ns, At safepoint: 4625 ns, Total: 891750 ns
[2025-12-03T14:09:54.472+0000][6][safepoint   ] Safepoint "ICBufferFull", Time since last: 2513792 ns, Reaching safepoint: 23000 ns, At safepoint: 1000 ns, Total: 24000 ns
[2025-12-03T14:09:54.473+0000][6][safepoint   ] Safepoint "ICBufferFull", Time since last: 1331291 ns, Reaching safepoint: 54334 ns, At safepoint: 1833 ns, Total: 56167 ns
[2025-12-03T14:09:54.476+0000][6][safepoint   ] Safepoint "ICBufferFull", Time since last: 2159500 ns, Reaching safepoint: 565792 ns, At safepoint: 3208 ns, Total: 569000 ns
[2025-12-03T14:09:54.477+0000][6][safepoint   ] Safepoint "ICBufferFull", Time since last: 1034125 ns, Reaching safepoint: 94292 ns, At safepoint: 2083 ns, Total: 96375 ns
[2025-12-03T14:09:54.479+0000][6][safepoint   ] Safepoint "ICBufferFull", Time since last: 1733042 ns, Reaching safepoint: 25542 ns, At safepoint: 833 ns, Total: 26375 ns
[2025-12-03T14:09:54.480+0000][6][safepoint   ] Safepoint "ICBufferFull", Time since last: 1208250 ns, Reaching safepoint: 70042 ns, At safepoint: 1666 ns, Total: 71708 ns
[2025-12-03T14:09:54.481+0000][6][safepoint   ] Safepoint "ICBufferFull", Time since last: 569084 ns, Reaching safepoint: 30583 ns, At safepoint: 1125 ns, Total: 31708 ns
[2025-12-03T14:09:54.483+0000][6][safepoint   ] Safepoint "ICBufferFull", Time since last: 1513833 ns, Reaching safepoint: 1245959 ns, At safepoint: 2750 ns, Total: 1248709 ns
[2025-12-03T14:09:54.485+0000][6][safepoint   ] Safepoint "ICBufferFull", Time since last: 1202375 ns, Reaching safepoint: 47500 ns, At safepoint: 1625 ns, Total: 49125 ns
[2025-12-03T14:09:54.488+0000][6][safepoint   ] Safepoint "ICBufferFull", Time since last: 3285708 ns, Reaching safepoint: 29958 ns, At safepoint: 1167 ns, Total: 31125 ns
[2025-12-03T14:09:54.489+0000][6][safepoint   ] Safepoint "ICBufferFull", Time since last: 972292 ns, Reaching safepoint: 47958 ns, At safepoint: 1833 ns, Total: 49791 ns
[2025-12-03T14:09:54.493+0000][6][safepoint   ] Safepoint "ICBufferFull", Time since last: 4028875 ns, Reaching safepoint: 55167 ns, At safepoint: 3083 ns, Total: 58250 ns
[2025-12-03T14:09:54.496+0000][6][safepoint   ] Safepoint "ICBufferFull", Time since last: 2921584 ns, Reaching safepoint: 58666 ns, At safepoint: 2292 ns, Total: 60958 ns
[2025-12-03T14:09:54.497+0000][6][safepoint   ] Safepoint "ICBufferFull", Time since last: 1055042 ns, Reaching safepoint: 35750 ns, At safepoint: 1291 ns, Total: 37041 ns
[2025-12-03T14:09:54.498+0000][6][safepoint   ] Safepoint "ICBufferFull", Time since last: 960709 ns, Reaching safepoint: 24416 ns, At safepoint: 1167 ns, Total: 25583 ns
[2025-12-03T14:09:54.500+0000][6][safepoint   ] Safepoint "ICBufferFull", Time since last: 1406958 ns, Reaching safepoint: 44167 ns, At safepoint: 1833 ns, Total: 46000 ns
[2025-12-03T14:09:54.500+0000][6][safepoint   ] Safepoint "ICBufferFull", Time since last: 620625 ns, Reaching safepoint: 74334 ns, At safepoint: 2833 ns, Total: 77167 ns
[2025-12-03T14:09:54.501+0000][6][safepoint   ] Safepoint "ICBufferFull", Time since last: 581208 ns, Reaching safepoint: 263750 ns, At safepoint: 2542 ns, Total: 266292 ns
[2025-12-03T14:09:54.502+0000][6][safepoint   ] Safepoint "ICBufferFull", Time since last: 1034125 ns, Reaching safepoint: 29708 ns, At safepoint: 1250 ns, Total: 30958 ns
[2025-12-03T14:09:54.505+0000][6][safepoint   ] Safepoint "ICBufferFull", Time since last: 2315959 ns, Reaching safepoint: 38000 ns, At safepoint: 2291 ns, Total: 40291 ns
[2025-12-03T14:09:54.506+0000][6][safepoint   ] Safepoint "ICBufferFull", Time since last: 1816417 ns, Reaching safepoint: 44208 ns, At safepoint: 3459 ns, Total: 47667 ns
[2025-12-03T14:09:54.880+0000][6][safepoint   ] Safepoint "ICBufferFull", Time since last: 372935375 ns, Reaching safepoint: 257541 ns, At safepoint: 2959 ns, Total: 260500 ns
[2025-12-03T14:09:55.135+0000][6][gc,start    ] GC(3) Pause Young (Normal) (G1 Evacuation Pause)
[2025-12-03T14:09:55.135+0000][6][gc,task     ] GC(3) Using 8 workers of 8 for evacuation
[2025-12-03T14:09:55.135+0000][6][gc,age      ] GC(3) Desired survivor size 16777216 bytes, new threshold 15 (max threshold 15)
[2025-12-03T14:09:55.146+0000][6][gc,age      ] GC(3) Age table with threshold 15 (max threshold 15)
[2025-12-03T14:09:55.146+0000][6][gc,age      ] GC(3) - age   1:    5067144 bytes,    5067144 total
[2025-12-03T14:09:55.146+0000][6][gc,age      ] GC(3) - age   2:    1194744 bytes,    6261888 total
[2025-12-03T14:09:55.146+0000][6][gc,age      ] GC(3) - age   3:    2025128 bytes,    8287016 total
[2025-12-03T14:09:55.147+0000][6][gc,phases   ] GC(3)   Pre Evacuate Collection Set: 0.3ms
[2025-12-03T14:09:55.148+0000][6][gc,phases   ] GC(3)   Merge Heap Roots: 0.0ms
[2025-12-03T14:09:55.148+0000][6][gc,phases   ] GC(3)   Evacuate Collection Set: 10.0ms
[2025-12-03T14:09:55.148+0000][6][gc,phases   ] GC(3)   Post Evacuate Collection Set: 0.5ms
[2025-12-03T14:09:55.148+0000][6][gc,phases   ] GC(3)   Other: 0.7ms
[2025-12-03T14:09:55.148+0000][6][gc,heap     ] GC(3) Eden regions: 60->0(73)
[2025-12-03T14:09:55.148+0000][6][gc,heap     ] GC(3) Survivor regions: 1->3(8)
[2025-12-03T14:09:55.148+0000][6][gc,heap     ] GC(3) Old regions: 2->2
[2025-12-03T14:09:55.148+0000][6][gc,heap     ] GC(3) Archive regions: 2->2
[2025-12-03T14:09:55.148+0000][6][gc,heap     ] GC(3) Humongous regions: 0->0
[2025-12-03T14:09:55.148+0000][6][gc,metaspace] GC(3) Metaspace: 18558K(18816K)->18558K(18816K) NonClass: 16335K(16448K)->16335K(16448K) Class: 2223K(2368K)->2223K(2368K)
[2025-12-03T14:09:55.148+0000][6][gc          ] GC(3) Pause Young (Normal) (G1 Evacuation Pause) 251M->16M(512M) 13.090ms
[2025-12-03T14:09:55.148+0000][6][gc,cpu      ] GC(3) User=0.02s Sys=0.00s Real=0.02s
[2025-12-03T14:09:55.148+0000][6][safepoint   ] Safepoint "G1CollectForAllocation", Time since last: 254700458 ns, Reaching safepoint: 98000 ns, At safepoint: 13227292 ns, Total: 13325292 ns
[2025-12-03T14:09:55.490+0000][6][gc,start    ] GC(4) Pause Young (Normal) (G1 Evacuation Pause)
[2025-12-03T14:09:55.490+0000][6][gc,task     ] GC(4) Using 8 workers of 8 for evacuation
[2025-12-03T14:09:55.490+0000][6][gc,age      ] GC(4) Desired survivor size 20971520 bytes, new threshold 15 (max threshold 15)
[2025-12-03T14:09:55.499+0000][6][gc,age      ] GC(4) Age table with threshold 15 (max threshold 15)
[2025-12-03T14:09:55.499+0000][6][gc,age      ] GC(4) - age   1:    3941584 bytes,    3941584 total
[2025-12-03T14:09:55.500+0000][6][gc,age      ] GC(4) - age   2:    5013872 bytes,    8955456 total
[2025-12-03T14:09:55.500+0000][6][gc,age      ] GC(4) - age   3:    1194744 bytes,   10150200 total
[2025-12-03T14:09:55.500+0000][6][gc,age      ] GC(4) - age   4:    2025128 bytes,   12175328 total
[2025-12-03T14:09:55.500+0000][6][gc,phases   ] GC(4)   Pre Evacuate Collection Set: 0.1ms
[2025-12-03T14:09:55.500+0000][6][gc,phases   ] GC(4)   Merge Heap Roots: 0.1ms
[2025-12-03T14:09:55.500+0000][6][gc,phases   ] GC(4)   Evacuate Collection Set: 8.3ms
[2025-12-03T14:09:55.500+0000][6][gc,phases   ] GC(4)   Post Evacuate Collection Set: 0.7ms
[2025-12-03T14:09:55.500+0000][6][gc,phases   ] GC(4)   Other: 1.0ms
[2025-12-03T14:09:55.500+0000][6][gc,heap     ] GC(4) Eden regions: 73->0(72)
[2025-12-03T14:09:55.500+0000][6][gc,heap     ] GC(4) Survivor regions: 3->4(10)
[2025-12-03T14:09:55.500+0000][6][gc,heap     ] GC(4) Old regions: 2->2
[2025-12-03T14:09:55.500+0000][6][gc,heap     ] GC(4) Archive regions: 2->2
[2025-12-03T14:09:55.500+0000][6][gc,heap     ] GC(4) Humongous regions: 0->0
[2025-12-03T14:09:55.500+0000][6][gc,metaspace] GC(4) Metaspace: 19296K(19648K)->19296K(19648K) NonClass: 16965K(17152K)->16965K(17152K) Class: 2330K(2496K)->2330K(2496K)
[2025-12-03T14:09:55.500+0000][6][gc          ] GC(4) Pause Young (Normal) (G1 Evacuation Pause) 308M->20M(512M) 10.610ms
[2025-12-03T14:09:55.500+0000][6][gc,cpu      ] GC(4) User=0.01s Sys=0.00s Real=0.01s
[2025-12-03T14:09:55.500+0000][6][safepoint   ] Safepoint "G1CollectForAllocation", Time since last: 341341250 ns, Reaching safepoint: 89375 ns, At safepoint: 10724625 ns, Total: 10814000 ns
[2025-12-03T14:09:55.728+0000][6][gc,start    ] GC(5) Pause Young (Normal) (G1 Evacuation Pause)
[2025-12-03T14:09:55.728+0000][6][gc,task     ] GC(5) Using 8 workers of 8 for evacuation
[2025-12-03T14:09:55.728+0000][6][gc,age      ] GC(5) Desired survivor size 20971520 bytes, new threshold 15 (max threshold 15)
[2025-12-03T14:09:55.735+0000][6][gc,age      ] GC(5) Age table with threshold 15 (max threshold 15)
[2025-12-03T14:09:55.735+0000][6][gc,age      ] GC(5) - age   1:    1301784 bytes,    1301784 total
[2025-12-03T14:09:55.735+0000][6][gc,age      ] GC(5) - age   2:    2926408 bytes,    4228192 total
[2025-12-03T14:09:55.735+0000][6][gc,age      ] GC(5) - age   3:    5013504 bytes,    9241696 total
[2025-12-03T14:09:55.735+0000][6][gc,age      ] GC(5) - age   4:    1187176 bytes,   10428872 total
[2025-12-03T14:09:55.735+0000][6][gc,age      ] GC(5) - age   5:    2025128 bytes,   12454000 total
[2025-12-03T14:09:55.735+0000][6][gc,phases   ] GC(5)   Pre Evacuate Collection Set: 0.1ms
[2025-12-03T14:09:55.735+0000][6][gc,phases   ] GC(5)   Merge Heap Roots: 0.1ms
[2025-12-03T14:09:55.735+0000][6][gc,phases   ] GC(5)   Evacuate Collection Set: 5.7ms
[2025-12-03T14:09:55.735+0000][6][gc,phases   ] GC(5)   Post Evacuate Collection Set: 0.8ms
[2025-12-03T14:09:55.735+0000][6][gc,phases   ] GC(5)   Other: 0.5ms
[2025-12-03T14:09:55.735+0000][6][gc,heap     ] GC(5) Eden regions: 72->0(72)
[2025-12-03T14:09:55.735+0000][6][gc,heap     ] GC(5) Survivor regions: 4->4(10)
[2025-12-03T14:09:55.735+0000][6][gc,heap     ] GC(5) Old regions: 2->2
[2025-12-03T14:09:55.735+0000][6][gc,heap     ] GC(5) Archive regions: 2->2
[2025-12-03T14:09:55.735+0000][6][gc,heap     ] GC(5) Humongous regions: 0->0
[2025-12-03T14:09:55.735+0000][6][gc,metaspace] GC(5) Metaspace: 20005K(20352K)->20005K(20352K) NonClass: 17572K(17792K)->17572K(17792K) Class: 2433K(2560K)->2433K(2560K)
[2025-12-03T14:09:55.735+0000][6][gc          ] GC(5) Pause Young (Normal) (G1 Evacuation Pause) 308M->21M(512M) 7.557ms
[2025-12-03T14:09:55.735+0000][6][gc,cpu      ] GC(5) User=0.03s Sys=0.00s Real=0.00s
[2025-12-03T14:09:55.735+0000][6][safepoint   ] Safepoint "G1CollectForAllocation", Time since last: 227328083 ns, Reaching safepoint: 75792 ns, At safepoint: 7665833 ns, Total: 7741625 ns
[2025-12-03T14:09:55.978+0000][6][gc,start    ] GC(6) Pause Young (Concurrent Start) (Metadata GC Threshold)
[2025-12-03T14:09:55.978+0000][6][gc,task     ] GC(6) Using 8 workers of 8 for evacuation
[2025-12-03T14:09:55.979+0000][6][gc,age      ] GC(6) Desired survivor size 20971520 bytes, new threshold 15 (max threshold 15)
[2025-12-03T14:09:55.989+0000][6][gc,age      ] GC(6) Age table with threshold 15 (max threshold 15)
[2025-12-03T14:09:55.989+0000][6][gc,age      ] GC(6) - age   1:    1851800 bytes,    1851800 total
[2025-12-03T14:09:55.989+0000][6][gc,age      ] GC(6) - age   2:     798904 bytes,    2650704 total
[2025-12-03T14:09:55.989+0000][6][gc,age      ] GC(6) - age   3:    2925368 bytes,    5576072 total
[2025-12-03T14:09:55.989+0000][6][gc,age      ] GC(6) - age   4:    5013328 bytes,   10589400 total
[2025-12-03T14:09:55.989+0000][6][gc,age      ] GC(6) - age   5:    1186920 bytes,   11776320 total
[2025-12-03T14:09:55.990+0000][6][gc,age      ] GC(6) - age   6:    2024712 bytes,   13801032 total
[2025-12-03T14:09:55.990+0000][6][gc,phases   ] GC(6)   Pre Evacuate Collection Set: 0.2ms
[2025-12-03T14:09:55.991+0000][6][gc,phases   ] GC(6)   Merge Heap Roots: 0.1ms
[2025-12-03T14:09:55.991+0000][6][gc,phases   ] GC(6)   Evacuate Collection Set: 8.0ms
[2025-12-03T14:09:55.991+0000][6][gc,phases   ] GC(6)   Post Evacuate Collection Set: 0.7ms
[2025-12-03T14:09:55.991+0000][6][gc,phases   ] GC(6)   Other: 3.1ms
[2025-12-03T14:09:55.991+0000][6][gc,heap     ] GC(6) Eden regions: 64->0(72)
[2025-12-03T14:09:55.991+0000][6][gc,heap     ] GC(6) Survivor regions: 4->4(10)
[2025-12-03T14:09:55.991+0000][6][gc,heap     ] GC(6) Old regions: 2->2
[2025-12-03T14:09:55.991+0000][6][gc,heap     ] GC(6) Archive regions: 2->2
[2025-12-03T14:09:55.991+0000][6][gc,heap     ] GC(6) Humongous regions: 0->0
[2025-12-03T14:09:55.991+0000][6][gc,metaspace] GC(6) Metaspace: 20824K(21248K)->20824K(21248K) NonClass: 18275K(18560K)->18275K(18560K) Class: 2548K(2688K)->2548K(2688K)
[2025-12-03T14:09:55.991+0000][6][gc          ] GC(6) Pause Young (Concurrent Start) (Metadata GC Threshold) 275M->21M(512M) 13.765ms
[2025-12-03T14:09:55.991+0000][6][gc,cpu      ] GC(6) User=0.04s Sys=0.00s Real=0.02s
[2025-12-03T14:09:55.992+0000][6][gc          ] GC(7) Concurrent Mark Cycle
[2025-12-03T14:09:55.992+0000][6][gc,marking  ] GC(7) Concurrent Clear Claimed Marks
[2025-12-03T14:09:55.993+0000][6][gc,marking  ] GC(7) Concurrent Clear Claimed Marks 0.825ms
[2025-12-03T14:09:55.993+0000][6][gc,marking  ] GC(7) Concurrent Scan Root Regions
[2025-12-03T14:09:55.992+0000][6][safepoint   ] Safepoint "CollectForMetadataAllocation", Time since last: 241913959 ns, Reaching safepoint: 181791 ns, At safepoint: 14200875 ns, Total: 14382666 ns
[2025-12-03T14:09:55.996+0000][6][gc,marking  ] GC(7) Concurrent Scan Root Regions 3.190ms
[2025-12-03T14:09:55.997+0000][6][gc,marking  ] GC(7) Concurrent Mark
[2025-12-03T14:09:55.997+0000][6][gc,marking  ] GC(7) Concurrent Mark From Roots
[2025-12-03T14:09:55.997+0000][6][gc,task     ] GC(7) Using 2 workers of 2 for marking
[2025-12-03T14:09:56.002+0000][6][gc,marking  ] GC(7) Concurrent Mark From Roots 4.523ms
[2025-12-03T14:09:56.002+0000][6][gc,marking  ] GC(7) Concurrent Preclean
[2025-12-03T14:09:56.002+0000][6][gc,marking  ] GC(7) Concurrent Preclean 0.164ms
[2025-12-03T14:09:56.002+0000][6][gc,start    ] GC(7) Pause Remark
[2025-12-03T14:09:56.005+0000][6][gc          ] GC(7) Pause Remark 23M->23M(512M) 2.368ms
[2025-12-03T14:09:56.005+0000][6][gc,cpu      ] GC(7) User=0.01s Sys=0.00s Real=0.00s
[2025-12-03T14:09:56.005+0000][6][safepoint   ] Safepoint "G1Concurrent", Time since last: 10583042 ns, Reaching safepoint: 146750 ns, At safepoint: 2763958 ns, Total: 2910708 ns
[2025-12-03T14:09:56.006+0000][6][gc,marking  ] GC(7) Concurrent Mark 9.039ms
[2025-12-03T14:09:56.006+0000][6][gc,marking  ] GC(7) Concurrent Rebuild Remembered Sets
[2025-12-03T14:09:56.008+0000][6][gc,marking  ] GC(7) Concurrent Rebuild Remembered Sets 1.767ms
[2025-12-03T14:09:56.009+0000][6][gc,start    ] GC(7) Pause Cleanup
[2025-12-03T14:09:56.009+0000][6][gc          ] GC(7) Pause Cleanup 23M->23M(512M) 0.143ms
[2025-12-03T14:09:56.009+0000][6][gc,cpu      ] GC(7) User=0.00s Sys=0.00s Real=0.00s
[2025-12-03T14:09:56.009+0000][6][safepoint   ] Safepoint "G1Concurrent", Time since last: 2583625 ns, Reaching safepoint: 1135834 ns, At safepoint: 268250 ns, Total: 1404084 ns
[2025-12-03T14:09:56.009+0000][6][gc,marking  ] GC(7) Concurrent Cleanup for Next Mark
[2025-12-03T14:09:56.010+0000][6][gc,marking  ] GC(7) Concurrent Cleanup for Next Mark 0.292ms
[2025-12-03T14:09:56.010+0000][6][gc          ] GC(7) Concurrent Mark Cycle 18.119ms
[2025-12-03T14:09:56.386+0000][6][gc,start    ] GC(8) Pause Young (Normal) (G1 Evacuation Pause)
[2025-12-03T14:09:56.386+0000][6][gc,task     ] GC(8) Using 8 workers of 8 for evacuation
[2025-12-03T14:09:56.386+0000][6][gc,age      ] GC(8) Desired survivor size 20971520 bytes, new threshold 15 (max threshold 15)
[2025-12-03T14:09:56.390+0000][6][gc,age      ] GC(8) Age table with threshold 15 (max threshold 15)
[2025-12-03T14:09:56.392+0000][6][gc,age      ] GC(8) - age   1:    1390424 bytes,    1390424 total
[2025-12-03T14:09:56.392+0000][6][gc,age      ] GC(8) - age   2:    1821216 bytes,    3211640 total
[2025-12-03T14:09:56.392+0000][6][gc,age      ] GC(8) - age   3:     796824 bytes,    4008464 total
[2025-12-03T14:09:56.392+0000][6][gc,age      ] GC(8) - age   4:    2925304 bytes,    6933768 total
[2025-12-03T14:09:56.392+0000][6][gc,age      ] GC(8) - age   5:    5012784 bytes,   11946552 total
[2025-12-03T14:09:56.392+0000][6][gc,age      ] GC(8) - age   6:    1186584 bytes,   13133136 total
[2025-12-03T14:09:56.392+0000][6][gc,age      ] GC(8) - age   7:    2022504 bytes,   15155640 total
[2025-12-03T14:09:56.392+0000][6][gc,phases   ] GC(8)   Pre Evacuate Collection Set: 0.1ms
[2025-12-03T14:09:56.392+0000][6][gc,phases   ] GC(8)   Merge Heap Roots: 0.1ms
[2025-12-03T14:09:56.392+0000][6][gc,phases   ] GC(8)   Evacuate Collection Set: 3.2ms
[2025-12-03T14:09:56.392+0000][6][gc,phases   ] GC(8)   Post Evacuate Collection Set: 0.6ms
[2025-12-03T14:09:56.392+0000][6][gc,phases   ] GC(8)   Other: 2.2ms
[2025-12-03T14:09:56.392+0000][6][gc,heap     ] GC(8) Eden regions: 72->0(72)
[2025-12-03T14:09:56.392+0000][6][gc,heap     ] GC(8) Survivor regions: 4->4(10)
[2025-12-03T14:09:56.392+0000][6][gc,heap     ] GC(8) Old regions: 2->2
[2025-12-03T14:09:56.392+0000][6][gc,heap     ] GC(8) Archive regions: 2->2
[2025-12-03T14:09:56.392+0000][6][gc,heap     ] GC(8) Humongous regions: 0->0
[2025-12-03T14:09:56.392+0000][6][gc,metaspace] GC(8) Metaspace: 21372K(21952K)->21372K(21952K) NonClass: 18753K(19136K)->18753K(19136K) Class: 2618K(2816K)->2618K(2816K)
[2025-12-03T14:09:56.392+0000][6][gc          ] GC(8) Pause Young (Normal) (G1 Evacuation Pause) 309M->23M(512M) 6.541ms
[2025-12-03T14:09:56.393+0000][6][gc,cpu      ] GC(8) User=0.02s Sys=0.00s Real=0.01s
[2025-12-03T14:09:56.393+0000][6][safepoint   ] Safepoint "G1CollectForAllocation", Time since last: 375680791 ns, Reaching safepoint: 947584 ns, At safepoint: 6698250 ns, Total: 7645834 ns
[2025-12-03T14:09:56.712+0000][6][safepoint   ] Safepoint "ICBufferFull", Time since last: 319134250 ns, Reaching safepoint: 123292 ns, At safepoint: 2750 ns, Total: 126042 ns
[2025-12-03T14:09:57.118+0000][6][safepoint   ] Safepoint "ICBufferFull", Time since last: 405894416 ns, Reaching safepoint: 427250 ns, At safepoint: 11250 ns, Total: 438500 ns
[2025-12-03T14:09:57.229+0000][6][gc,start    ] GC(9) Pause Young (Normal) (G1 Evacuation Pause)
[2025-12-03T14:09:57.230+0000][6][gc,task     ] GC(9) Using 8 workers of 8 for evacuation
[2025-12-03T14:09:57.230+0000][6][gc,age      ] GC(9) Desired survivor size 20971520 bytes, new threshold 15 (max threshold 15)
[2025-12-03T14:09:57.247+0000][6][gc,age      ] GC(9) Age table with threshold 15 (max threshold 15)
[2025-12-03T14:09:57.248+0000][6][gc,age      ] GC(9) - age   1:    7185008 bytes,    7185008 total
[2025-12-03T14:09:57.248+0000][6][gc,age      ] GC(9) - age   2:     996864 bytes,    8181872 total
[2025-12-03T14:09:57.248+0000][6][gc,age      ] GC(9) - age   3:    1797400 bytes,    9979272 total
[2025-12-03T14:09:57.248+0000][6][gc,age      ] GC(9) - age   4:     781368 bytes,   10760640 total
[2025-12-03T14:09:57.248+0000][6][gc,age      ] GC(9) - age   5:    2906920 bytes,   13667560 total
[2025-12-03T14:09:57.248+0000][6][gc,age      ] GC(9) - age   6:    4940424 bytes,   18607984 total
[2025-12-03T14:09:57.248+0000][6][gc,age      ] GC(9) - age   7:    1150848 bytes,   19758832 total
[2025-12-03T14:09:57.248+0000][6][gc,age      ] GC(9) - age   8:    2014120 bytes,   21772952 total
[2025-12-03T14:09:57.249+0000][6][gc,phases   ] GC(9)   Pre Evacuate Collection Set: 0.1ms
[2025-12-03T14:09:57.249+0000][6][gc,phases   ] GC(9)   Merge Heap Roots: 0.1ms
[2025-12-03T14:09:57.249+0000][6][gc,phases   ] GC(9)   Evacuate Collection Set: 9.9ms
[2025-12-03T14:09:57.249+0000][6][gc,phases   ] GC(9)   Post Evacuate Collection Set: 7.5ms
[2025-12-03T14:09:57.249+0000][6][gc,phases   ] GC(9)   Other: 1.5ms
[2025-12-03T14:09:57.249+0000][6][gc,heap     ] GC(9) Eden regions: 72->0(70)
[2025-12-03T14:09:57.249+0000][6][gc,heap     ] GC(9) Survivor regions: 4->6(10)
[2025-12-03T14:09:57.249+0000][6][gc,heap     ] GC(9) Old regions: 2->2
[2025-12-03T14:09:57.249+0000][6][gc,heap     ] GC(9) Archive regions: 2->2
[2025-12-03T14:09:57.249+0000][6][gc,heap     ] GC(9) Humongous regions: 0->0
[2025-12-03T14:09:57.249+0000][6][gc,metaspace] GC(9) Metaspace: 29584K(30464K)->29584K(30464K) NonClass: 25863K(26368K)->25863K(26368K) Class: 3720K(4096K)->3720K(4096K)
[2025-12-03T14:09:57.249+0000][6][gc          ] GC(9) Pause Young (Normal) (G1 Evacuation Pause) 311M->30M(512M) 19.766ms
[2025-12-03T14:09:57.249+0000][6][gc,cpu      ] GC(9) User=0.03s Sys=0.00s Real=0.02s
[2025-12-03T14:09:57.249+0000][6][safepoint   ] Safepoint "G1CollectForAllocation", Time since last: 111120376 ns, Reaching safepoint: 133750 ns, At safepoint: 19924000 ns, Total: 20057750 ns
[2025-12-03T14:09:57.559+0000][6][safepoint   ] Safepoint "ICBufferFull", Time since last: 306512000 ns, Reaching safepoint: 1273500 ns, At safepoint: 1457583 ns, Total: 2731083 ns
[2025-12-03T14:09:57.988+0000][6][safepoint   ] Safepoint "ICBufferFull", Time since last: 429131959 ns, Reaching safepoint: 651208 ns, At safepoint: 11583 ns, Total: 662791 ns
[2025-12-03T14:09:58.483+0000][6][safepoint   ] Safepoint "ICBufferFull", Time since last: 494069542 ns, Reaching safepoint: 92750 ns, At safepoint: 2042 ns, Total: 94792 ns
[2025-12-03T14:09:58.733+0000][6][gc,start    ] GC(10) Pause Young (Concurrent Start) (Metadata GC Threshold)
[2025-12-03T14:09:58.733+0000][6][gc,task     ] GC(10) Using 8 workers of 8 for evacuation
[2025-12-03T14:09:58.733+0000][6][gc,age      ] GC(10) Desired survivor size 20971520 bytes, new threshold 8 (max threshold 15)
[2025-12-03T14:09:58.767+0000][6][gc,age      ] GC(10) Age table with threshold 8 (max threshold 15)
[2025-12-03T14:09:58.767+0000][6][gc,age      ] GC(10) - age   1:   22404888 bytes,   22404888 total
[2025-12-03T14:09:58.768+0000][6][gc,age      ] GC(10) - age   2:    6907840 bytes,   29312728 total
[2025-12-03T14:09:58.768+0000][6][gc,age      ] GC(10) - age   3:     996680 bytes,   30309408 total
[2025-12-03T14:09:58.768+0000][6][gc,age      ] GC(10) - age   4:    1796776 bytes,   32106184 total
[2025-12-03T14:09:58.768+0000][6][gc,age      ] GC(10) - age   5:     770248 bytes,   32876432 total
[2025-12-03T14:09:58.768+0000][6][gc,age      ] GC(10) - age   6:    2903544 bytes,   35779976 total
[2025-12-03T14:09:58.768+0000][6][gc,age      ] GC(10) - age   7:    4936000 bytes,   40715976 total
[2025-12-03T14:09:58.768+0000][6][gc,age      ] GC(10) - age   8:    1150560 bytes,   41866536 total
[2025-12-03T14:09:58.768+0000][6][gc,phases   ] GC(10)   Pre Evacuate Collection Set: 0.1ms
[2025-12-03T14:09:58.768+0000][6][gc,phases   ] GC(10)   Merge Heap Roots: 0.1ms
[2025-12-03T14:09:58.768+0000][6][gc,phases   ] GC(10)   Evacuate Collection Set: 30.4ms
[2025-12-03T14:09:58.768+0000][6][gc,phases   ] GC(10)   Post Evacuate Collection Set: 3.3ms
[2025-12-03T14:09:58.768+0000][6][gc,phases   ] GC(10)   Other: 1.2ms
[2025-12-03T14:09:58.768+0000][6][gc,heap     ] GC(10) Eden regions: 64->0(66)
[2025-12-03T14:09:58.768+0000][6][gc,heap     ] GC(10) Survivor regions: 6->10(10)
[2025-12-03T14:09:58.769+0000][6][gc,heap     ] GC(10) Old regions: 2->5
[2025-12-03T14:09:58.770+0000][6][gc,heap     ] GC(10) Archive regions: 2->2
[2025-12-03T14:09:58.770+0000][6][gc,heap     ] GC(10) Humongous regions: 0->0
[2025-12-03T14:09:58.770+0000][6][gc,metaspace] GC(10) Metaspace: 34608K(35520K)->34608K(35520K) NonClass: 30141K(30656K)->30141K(30656K) Class: 4467K(4864K)->4467K(4864K)
[2025-12-03T14:09:58.770+0000][6][gc          ] GC(10) Pause Young (Concurrent Start) (Metadata GC Threshold) 286M->61M(512M) 37.405ms
[2025-12-03T14:09:58.770+0000][6][gc,cpu      ] GC(10) User=0.14s Sys=0.01s Real=0.04s
[2025-12-03T14:09:58.770+0000][6][gc          ] GC(11) Concurrent Mark Cycle
[2025-12-03T14:09:58.771+0000][6][gc,marking  ] GC(11) Concurrent Clear Claimed Marks
[2025-12-03T14:09:58.771+0000][6][gc,marking  ] GC(11) Concurrent Clear Claimed Marks 0.172ms
[2025-12-03T14:09:58.771+0000][6][gc,marking  ] GC(11) Concurrent Scan Root Regions
[2025-12-03T14:09:58.774+0000][6][safepoint   ] Safepoint "CollectForMetadataAllocation", Time since last: 250219500 ns, Reaching safepoint: 113333 ns, At safepoint: 40851000 ns, Total: 40964333 ns
[2025-12-03T14:09:58.805+0000][6][gc,marking  ] GC(11) Concurrent Scan Root Regions 34.311ms
[2025-12-03T14:09:58.805+0000][6][gc,marking  ] GC(11) Concurrent Mark
[2025-12-03T14:09:58.806+0000][6][gc,marking  ] GC(11) Concurrent Mark From Roots
[2025-12-03T14:09:58.806+0000][6][gc,task     ] GC(11) Using 2 workers of 2 for marking
[2025-12-03T14:09:58.811+0000][6][gc,marking  ] GC(11) Concurrent Mark From Roots 5.800ms
[2025-12-03T14:09:58.811+0000][6][gc,marking  ] GC(11) Concurrent Preclean
[2025-12-03T14:09:58.812+0000][6][gc,marking  ] GC(11) Concurrent Preclean 0.124ms
[2025-12-03T14:09:58.813+0000][6][gc,start    ] GC(11) Pause Remark
[2025-12-03T14:09:58.815+0000][6][gc          ] GC(11) Pause Remark 63M->63M(512M) 1.911ms
[2025-12-03T14:09:58.815+0000][6][gc,cpu      ] GC(11) User=0.00s Sys=0.00s Real=0.00s
[2025-12-03T14:09:58.815+0000][6][safepoint   ] Safepoint "G1Concurrent", Time since last: 38274334 ns, Reaching safepoint: 970458 ns, At safepoint: 2367500 ns, Total: 3337958 ns
[2025-12-03T14:09:58.818+0000][6][gc,marking  ] GC(11) Concurrent Mark 12.302ms
[2025-12-03T14:09:58.825+0000][6][gc,marking  ] GC(11) Concurrent Rebuild Remembered Sets
[2025-12-03T14:09:58.840+0000][6][gc,marking  ] GC(11) Concurrent Rebuild Remembered Sets 14.566ms
[2025-12-03T14:09:58.840+0000][6][gc,start    ] GC(11) Pause Cleanup
[2025-12-03T14:09:58.840+0000][6][gc          ] GC(11) Pause Cleanup 63M->63M(512M) 0.101ms
[2025-12-03T14:09:58.840+0000][6][gc,cpu      ] GC(11) User=0.00s Sys=0.00s Real=0.00s
[2025-12-03T14:09:58.840+0000][6][safepoint   ] Safepoint "G1Concurrent", Time since last: 24362833 ns, Reaching safepoint: 29500 ns, At safepoint: 198250 ns, Total: 227750 ns
[2025-12-03T14:09:58.840+0000][6][gc,marking  ] GC(11) Concurrent Cleanup for Next Mark
[2025-12-03T14:09:58.842+0000][6][gc,marking  ] GC(11) Concurrent Cleanup for Next Mark 1.958ms
[2025-12-03T14:09:58.843+0000][6][gc          ] GC(11) Concurrent Mark Cycle 72.083ms
[2025-12-03T14:09:59.113+0000][6][safepoint   ] Safepoint "ICBufferFull", Time since last: 273277959 ns, Reaching safepoint: 156541 ns, At safepoint: 3917 ns, Total: 160458 ns
[2025-12-03T14:09:59.708+0000][6][safepoint   ] Safepoint "ICBufferFull", Time since last: 594434542 ns, Reaching safepoint: 201917 ns, At safepoint: 12458 ns, Total: 214375 ns
[2025-12-03T14:09:59.957+0000][6][safepoint   ] Safepoint "ICBufferFull", Time since last: 248509583 ns, Reaching safepoint: 153250 ns, At safepoint: 48417 ns, Total: 201667 ns
[2025-12-03T14:09:59.969+0000][6][safepoint   ] Safepoint "ICBufferFull", Time since last: 11947042 ns, Reaching safepoint: 224791 ns, At safepoint: 3167 ns, Total: 227958 ns
[2025-12-03T14:10:00.096+0000][6][gc,start    ] GC(12) Pause Young (Normal) (G1 Evacuation Pause)
[2025-12-03T14:10:00.096+0000][6][gc,task     ] GC(12) Using 8 workers of 8 for evacuation
[2025-12-03T14:10:00.096+0000][6][gc,age      ] GC(12) Desired survivor size 20971520 bytes, new threshold 1 (max threshold 15)
[2025-12-03T14:10:00.150+0000][6][gc,age      ] GC(12) Age table with threshold 1 (max threshold 15)
[2025-12-03T14:10:00.150+0000][6][gc,age      ] GC(12) - age   1:    6416504 bytes,    6416504 total
[2025-12-03T14:10:00.150+0000][6][gc,phases   ] GC(12)   Pre Evacuate Collection Set: 0.1ms
[2025-12-03T14:10:00.150+0000][6][gc,phases   ] GC(12)   Merge Heap Roots: 0.2ms
[2025-12-03T14:10:00.150+0000][6][gc,phases   ] GC(12)   Evacuate Collection Set: 49.9ms
[2025-12-03T14:10:00.150+0000][6][gc,phases   ] GC(12)   Post Evacuate Collection Set: 3.2ms
[2025-12-03T14:10:00.150+0000][6][gc,phases   ] GC(12)   Other: 0.7ms
[2025-12-03T14:10:00.150+0000][6][gc,heap     ] GC(12) Eden regions: 66->0(73)
[2025-12-03T14:10:00.150+0000][6][gc,heap     ] GC(12) Survivor regions: 10->3(10)
[2025-12-03T14:10:00.150+0000][6][gc,heap     ] GC(12) Old regions: 5->15
[2025-12-03T14:10:00.151+0000][6][gc,heap     ] GC(12) Archive regions: 2->2
[2025-12-03T14:10:00.151+0000][6][gc,heap     ] GC(12) Humongous regions: 0->0
[2025-12-03T14:10:00.151+0000][6][gc,metaspace] GC(12) Metaspace: 52185K(53312K)->52185K(53312K) NonClass: 45291K(45952K)->45291K(45952K) Class: 6893K(7360K)->6893K(7360K)
[2025-12-03T14:10:00.151+0000][6][gc          ] GC(12) Pause Young (Normal) (G1 Evacuation Pause) 325M->71M(512M) 54.579ms
[2025-12-03T14:10:00.151+0000][6][gc,cpu      ] GC(12) User=0.27s Sys=0.00s Real=0.06s
[2025-12-03T14:10:00.151+0000][6][safepoint   ] Safepoint "G1CollectForAllocation", Time since last: 126979792 ns, Reaching safepoint: 152375 ns, At safepoint: 54749167 ns, Total: 54901542 ns
[2025-12-03T14:10:00.582+0000][6][safepoint   ] Safepoint "ICBufferFull", Time since last: 430234500 ns, Reaching safepoint: 830208 ns, At safepoint: 4042 ns, Total: 834250 ns
[2025-12-03T14:10:00.718+0000][6][gc,start    ] GC(13) Pause Young (Concurrent Start) (Metadata GC Threshold)
[2025-12-03T14:10:00.718+0000][6][gc,task     ] GC(13) Using 8 workers of 8 for evacuation
[2025-12-03T14:10:00.718+0000][6][gc,age      ] GC(13) Desired survivor size 20971520 bytes, new threshold 15 (max threshold 15)
[2025-12-03T14:10:00.730+0000][6][gc,age      ] GC(13) Age table with threshold 15 (max threshold 15)
[2025-12-03T14:10:00.730+0000][6][gc,age      ] GC(13) - age   1:    3791512 bytes,    3791512 total
[2025-12-03T14:10:00.730+0000][6][gc,age      ] GC(13) - age   2:    6270928 bytes,   10062440 total
[2025-12-03T14:10:00.731+0000][6][gc,phases   ] GC(13)   Pre Evacuate Collection Set: 0.1ms
[2025-12-03T14:10:00.731+0000][6][gc,phases   ] GC(13)   Merge Heap Roots: 0.0ms
[2025-12-03T14:10:00.731+0000][6][gc,phases   ] GC(13)   Evacuate Collection Set: 6.8ms
[2025-12-03T14:10:00.731+0000][6][gc,phases   ] GC(13)   Post Evacuate Collection Set: 5.6ms
[2025-12-03T14:10:00.731+0000][6][gc,phases   ] GC(13)   Other: 0.6ms
[2025-12-03T14:10:00.731+0000][6][gc,heap     ] GC(13) Eden regions: 28->0(73)
[2025-12-03T14:10:00.731+0000][6][gc,heap     ] GC(13) Survivor regions: 3->3(10)
[2025-12-03T14:10:00.731+0000][6][gc,heap     ] GC(13) Old regions: 15->15
[2025-12-03T14:10:00.731+0000][6][gc,heap     ] GC(13) Archive regions: 2->2
[2025-12-03T14:10:00.731+0000][6][gc,heap     ] GC(13) Humongous regions: 0->0
[2025-12-03T14:10:00.731+0000][6][gc,metaspace] GC(13) Metaspace: 58508K(59648K)->58508K(59648K) NonClass: 50743K(51392K)->50743K(51392K) Class: 7765K(8256K)->7765K(8256K)
[2025-12-03T14:10:00.731+0000][6][gc          ] GC(13) Pause Young (Concurrent Start) (Metadata GC Threshold) 181M->72M(512M) 13.964ms
[2025-12-03T14:10:00.732+0000][6][gc,cpu      ] GC(13) User=0.04s Sys=0.00s Real=0.02s
[2025-12-03T14:10:00.732+0000][6][gc          ] GC(14) Concurrent Mark Cycle
[2025-12-03T14:10:00.732+0000][6][safepoint   ] Safepoint "CollectForMetadataAllocation", Time since last: 135515000 ns, Reaching safepoint: 126542 ns, At safepoint: 14213833 ns, Total: 14340375 ns
[2025-12-03T14:10:00.732+0000][6][gc,marking  ] GC(14) Concurrent Clear Claimed Marks
[2025-12-03T14:10:00.734+0000][6][gc,marking  ] GC(14) Concurrent Clear Claimed Marks 2.067ms
[2025-12-03T14:10:00.734+0000][6][gc,marking  ] GC(14) Concurrent Scan Root Regions
[2025-12-03T14:10:00.737+0000][6][gc,marking  ] GC(14) Concurrent Scan Root Regions 2.908ms
[2025-12-03T14:10:00.737+0000][6][gc,marking  ] GC(14) Concurrent Mark
[2025-12-03T14:10:00.737+0000][6][gc,marking  ] GC(14) Concurrent Mark From Roots
[2025-12-03T14:10:00.737+0000][6][gc,task     ] GC(14) Using 2 workers of 2 for marking
[2025-12-03T14:10:00.765+0000][6][safepoint   ] Safepoint "CollectForMetadataAllocation", Time since last: 33002583 ns, Reaching safepoint: 125084 ns, At safepoint: 101958 ns, Total: 227042 ns
[2025-12-03T14:10:00.770+0000][6][gc,marking  ] GC(14) Concurrent Mark From Roots 32.910ms
[2025-12-03T14:10:00.770+0000][6][gc,marking  ] GC(14) Concurrent Preclean
[2025-12-03T14:10:00.770+0000][6][gc,marking  ] GC(14) Concurrent Preclean 0.207ms
[2025-12-03T14:10:00.772+0000][6][gc,start    ] GC(14) Pause Remark
[2025-12-03T14:10:00.774+0000][6][gc          ] GC(14) Pause Remark 74M->74M(512M) 2.358ms
[2025-12-03T14:10:00.775+0000][6][gc,cpu      ] GC(14) User=0.00s Sys=0.00s Real=0.00s
[2025-12-03T14:10:00.775+0000][6][safepoint   ] Safepoint "G1Concurrent", Time since last: 5763792 ns, Reaching safepoint: 1130375 ns, At safepoint: 3106375 ns, Total: 4236750 ns
[2025-12-03T14:10:00.777+0000][6][gc,marking  ] GC(14) Concurrent Mark 40.259ms
[2025-12-03T14:10:00.777+0000][6][gc,marking  ] GC(14) Concurrent Rebuild Remembered Sets
[2025-12-03T14:10:00.800+0000][6][gc,marking  ] GC(14) Concurrent Rebuild Remembered Sets 22.520ms
[2025-12-03T14:10:00.801+0000][6][gc,start    ] GC(14) Pause Cleanup
[2025-12-03T14:10:00.801+0000][6][gc          ] GC(14) Pause Cleanup 76M->76M(512M) 0.102ms
[2025-12-03T14:10:00.801+0000][6][gc,cpu      ] GC(14) User=0.00s Sys=0.00s Real=0.00s
[2025-12-03T14:10:00.801+0000][6][safepoint   ] Safepoint "G1Concurrent", Time since last: 25144708 ns, Reaching safepoint: 683792 ns, At safepoint: 247333 ns, Total: 931125 ns
[2025-12-03T14:10:00.801+0000][6][gc,marking  ] GC(14) Concurrent Cleanup for Next Mark
[2025-12-03T14:10:00.805+0000][6][gc,marking  ] GC(14) Concurrent Cleanup for Next Mark 4.190ms
[2025-12-03T14:10:00.805+0000][6][gc          ] GC(14) Concurrent Mark Cycle 73.719ms
[2025-12-03T14:10:01.368+0000][6][safepoint   ] Safepoint "ICBufferFull", Time since last: 567123500 ns, Reaching safepoint: 182000 ns, At safepoint: 2750 ns, Total: 184750 ns
[2025-12-03T14:10:01.513+0000][6][safepoint   ] Safepoint "ICBufferFull", Time since last: 144234667 ns, Reaching safepoint: 107375 ns, At safepoint: 3208 ns, Total: 110583 ns
[2025-12-03T14:10:01.900+0000][6][safepoint   ] Safepoint "ICBufferFull", Time since last: 387244875 ns, Reaching safepoint: 105875 ns, At safepoint: 3167 ns, Total: 109042 ns
[2025-12-03T14:10:02.045+0000][6][safepoint   ] Safepoint "ICBufferFull", Time since last: 144178875 ns, Reaching safepoint: 388875 ns, At safepoint: 10000 ns, Total: 398875 ns
[2025-12-03T14:10:02.269+0000][6][safepoint   ] Safepoint "ICBufferFull", Time since last: 224607542 ns, Reaching safepoint: 169333 ns, At safepoint: 5042 ns, Total: 174375 ns
[2025-12-03T14:10:02.542+0000][6][safepoint   ] Safepoint "ICBufferFull", Time since last: 272358625 ns, Reaching safepoint: 140708 ns, At safepoint: 5792 ns, Total: 146500 ns
[2025-12-03T14:10:02.681+0000][6][safepoint   ] Safepoint "ICBufferFull", Time since last: 137779333 ns, Reaching safepoint: 1137625 ns, At safepoint: 10000 ns, Total: 1147625 ns
[2025-12-03T14:10:02.906+0000][6][safepoint   ] Safepoint "ICBufferFull", Time since last: 222889376 ns, Reaching safepoint: 1898666 ns, At safepoint: 5667 ns, Total: 1904333 ns
[2025-12-03T14:10:02.907+0000][6][safepoint   ] Safepoint "ICBufferFull", Time since last: 1646917 ns, Reaching safepoint: 189458 ns, At safepoint: 2208 ns, Total: 191666 ns
[2025-12-03T14:10:03.142+0000][6][safepoint   ] Safepoint "ICBufferFull", Time since last: 234671875 ns, Reaching safepoint: 279542 ns, At safepoint: 7125 ns, Total: 286667 ns
[2025-12-03T14:10:03.271+0000][6][safepoint   ] Safepoint "ICBufferFull", Time since last: 128414333 ns, Reaching safepoint: 188417 ns, At safepoint: 8083 ns, Total: 196500 ns
[2025-12-03T14:10:03.366+0000][6][safepoint   ] Safepoint "ICBufferFull", Time since last: 91701917 ns, Reaching safepoint: 1323542 ns, At safepoint: 1521333 ns, Total: 2844875 ns
[2025-12-03T14:10:03.515+0000][6][safepoint   ] Safepoint "ICBufferFull", Time since last: 149493292 ns, Reaching safepoint: 146458 ns, At safepoint: 5250 ns, Total: 151708 ns
[2025-12-03T14:10:03.594+0000][6][safepoint   ] Safepoint "ICBufferFull", Time since last: 78409709 ns, Reaching safepoint: 172125 ns, At safepoint: 3583 ns, Total: 175708 ns
[2025-12-03T14:10:03.746+0000][6][safepoint   ] Safepoint "ICBufferFull", Time since last: 150971708 ns, Reaching safepoint: 1367209 ns, At safepoint: 8541 ns, Total: 1375750 ns
[2025-12-03T14:10:03.937+0000][6][safepoint   ] Safepoint "ICBufferFull", Time since last: 190303500 ns, Reaching safepoint: 93792 ns, At safepoint: 6958 ns, Total: 100750 ns
[2025-12-03T14:10:04.197+0000][6][safepoint   ] Safepoint "ICBufferFull", Time since last: 259911209 ns, Reaching safepoint: 120500 ns, At safepoint: 9458 ns, Total: 129958 ns
[2025-12-03T14:10:04.261+0000][6][gc,start    ] GC(15) Pause Young (Concurrent Start) (G1 Evacuation Pause)
[2025-12-03T14:10:04.261+0000][6][gc,task     ] GC(15) Using 8 workers of 8 for evacuation
[2025-12-03T14:10:04.261+0000][6][gc,age      ] GC(15) Desired survivor size 20971520 bytes, new threshold 15 (max threshold 15)
[2025-12-03T14:10:04.278+0000][6][gc,age      ] GC(15) Age table with threshold 15 (max threshold 15)
[2025-12-03T14:10:04.278+0000][6][gc,age      ] GC(15) - age   1:   13214600 bytes,   13214600 total
[2025-12-03T14:10:04.278+0000][6][gc,age      ] GC(15) - age   2:    3684864 bytes,   16899464 total
[2025-12-03T14:10:04.278+0000][6][gc,age      ] GC(15) - age   3:    6192240 bytes,   23091704 total
[2025-12-03T14:10:04.278+0000][6][gc,phases   ] GC(15)   Pre Evacuate Collection Set: 0.9ms
[2025-12-03T14:10:04.278+0000][6][gc,phases   ] GC(15)   Merge Heap Roots: 0.3ms
[2025-12-03T14:10:04.278+0000][6][gc,phases   ] GC(15)   Evacuate Collection Set: 14.3ms
[2025-12-03T14:10:04.278+0000][6][gc,phases   ] GC(15)   Post Evacuate Collection Set: 1.2ms
[2025-12-03T14:10:04.278+0000][6][gc,phases   ] GC(15)   Other: 1.0ms
[2025-12-03T14:10:04.278+0000][6][gc,heap     ] GC(15) Eden regions: 73->0(70)
[2025-12-03T14:10:04.278+0000][6][gc,heap     ] GC(15) Survivor regions: 3->6(10)
[2025-12-03T14:10:04.278+0000][6][gc,heap     ] GC(15) Old regions: 15->15
[2025-12-03T14:10:04.278+0000][6][gc,heap     ] GC(15) Archive regions: 2->2
[2025-12-03T14:10:04.278+0000][6][gc,heap     ] GC(15) Humongous regions: 2->2
[2025-12-03T14:10:04.279+0000][6][gc,metaspace] GC(15) Metaspace: 91948K(93440K)->91948K(93440K) NonClass: 79560K(80448K)->79560K(80448K) Class: 12388K(12992K)->12388K(12992K)
[2025-12-03T14:10:04.279+0000][6][gc          ] GC(15) Pause Young (Concurrent Start) (G1 Evacuation Pause) 372M->92M(512M) 17.831ms
[2025-12-03T14:10:04.279+0000][6][gc,cpu      ] GC(15) User=0.07s Sys=0.00s Real=0.02s
[2025-12-03T14:10:04.279+0000][6][gc          ] GC(16) Concurrent Mark Cycle
[2025-12-03T14:10:04.279+0000][6][safepoint   ] Safepoint "G1CollectForAllocation", Time since last: 63726084 ns, Reaching safepoint: 292041 ns, At safepoint: 18046500 ns, Total: 18338541 ns
[2025-12-03T14:10:04.280+0000][6][gc,marking  ] GC(16) Concurrent Clear Claimed Marks
[2025-12-03T14:10:04.281+0000][6][gc,marking  ] GC(16) Concurrent Clear Claimed Marks 0.979ms
[2025-12-03T14:10:04.282+0000][6][gc,marking  ] GC(16) Concurrent Scan Root Regions
[2025-12-03T14:10:04.293+0000][6][gc,marking  ] GC(16) Concurrent Scan Root Regions 10.908ms
[2025-12-03T14:10:04.293+0000][6][gc,marking  ] GC(16) Concurrent Mark
[2025-12-03T14:10:04.294+0000][6][gc,marking  ] GC(16) Concurrent Mark From Roots
[2025-12-03T14:10:04.294+0000][6][gc,task     ] GC(16) Using 2 workers of 2 for marking
[2025-12-03T14:10:04.324+0000][6][gc,marking  ] GC(16) Concurrent Mark From Roots 30.672ms
[2025-12-03T14:10:04.324+0000][6][gc,marking  ] GC(16) Concurrent Preclean
[2025-12-03T14:10:04.325+0000][6][gc,marking  ] GC(16) Concurrent Preclean 0.519ms
[2025-12-03T14:10:04.326+0000][6][gc,start    ] GC(16) Pause Remark
[2025-12-03T14:10:04.329+0000][6][gc          ] GC(16) Pause Remark 102M->102M(512M) 2.727ms
[2025-12-03T14:10:04.329+0000][6][gc,cpu      ] GC(16) User=0.01s Sys=0.00s Real=0.01s
[2025-12-03T14:10:04.329+0000][6][safepoint   ] Safepoint "G1Concurrent", Time since last: 46462834 ns, Reaching safepoint: 794791 ns, At safepoint: 2981334 ns, Total: 3776125 ns
[2025-12-03T14:10:04.329+0000][6][gc,marking  ] GC(16) Concurrent Mark 35.576ms
[2025-12-03T14:10:04.329+0000][6][gc,marking  ] GC(16) Concurrent Rebuild Remembered Sets
[2025-12-03T14:10:04.348+0000][6][gc,marking  ] GC(16) Concurrent Rebuild Remembered Sets 18.612ms
[2025-12-03T14:10:04.348+0000][6][gc,start    ] GC(16) Pause Cleanup
[2025-12-03T14:10:04.348+0000][6][gc          ] GC(16) Pause Cleanup 102M->102M(512M) 0.216ms
[2025-12-03T14:10:04.348+0000][6][gc,cpu      ] GC(16) User=0.00s Sys=0.00s Real=0.00s
[2025-12-03T14:10:04.349+0000][6][safepoint   ] Safepoint "G1Concurrent", Time since last: 19110666 ns, Reaching safepoint: 97167 ns, At safepoint: 489167 ns, Total: 586334 ns
[2025-12-03T14:10:04.349+0000][6][gc,marking  ] GC(16) Concurrent Cleanup for Next Mark
[2025-12-03T14:10:04.350+0000][6][gc,marking  ] GC(16) Concurrent Cleanup for Next Mark 1.566ms
[2025-12-03T14:10:04.350+0000][6][gc          ] GC(16) Concurrent Mark Cycle 71.729ms
[2025-12-03T14:10:04.571+0000][6][safepoint   ] Safepoint "ICBufferFull", Time since last: 221242208 ns, Reaching safepoint: 1304667 ns, At safepoint: 8916 ns, Total: 1313583 ns
[2025-12-03T14:10:04.628+0000][6][safepoint   ] Safepoint "ICBufferFull", Time since last: 56294959 ns, Reaching safepoint: 79500 ns, At safepoint: 2791 ns, Total: 82291 ns
[2025-12-03T14:10:04.709+0000][6][safepoint   ] Safepoint "ICBufferFull", Time since last: 81435917 ns, Reaching safepoint: 121583 ns, At safepoint: 3125 ns, Total: 124708 ns
[2025-12-03T14:10:05.014+0000][6][safepoint   ] Safepoint "ICBufferFull", Time since last: 304821334 ns, Reaching safepoint: 81875 ns, At safepoint: 2875 ns, Total: 84750 ns
[2025-12-03T14:10:05.554+0000][6][safepoint   ] Safepoint "ICBufferFull", Time since last: 539601708 ns, Reaching safepoint: 380209 ns, At safepoint: 19583 ns, Total: 399792 ns
[2025-12-03T14:10:05.586+0000][6][safepoint   ] Safepoint "ICBufferFull", Time since last: 30939667 ns, Reaching safepoint: 1153166 ns, At safepoint: 26875 ns, Total: 1180041 ns
[2025-12-03T14:10:05.731+0000][6][safepoint   ] Safepoint "ICBufferFull", Time since last: 144015084 ns, Reaching safepoint: 776208 ns, At safepoint: 106167 ns, Total: 882375 ns
[2025-12-03T14:10:05.735+0000][6][safepoint   ] Safepoint "ICBufferFull", Time since last: 2846667 ns, Reaching safepoint: 1296583 ns, At safepoint: 46833 ns, Total: 1343416 ns
[2025-12-03T14:10:05.741+0000][6][safepoint   ] Safepoint "ICBufferFull", Time since last: 4449584 ns, Reaching safepoint: 1359625 ns, At safepoint: 25500 ns, Total: 1385125 ns
[2025-12-03T14:10:05.838+0000][6][safepoint   ] Safepoint "ICBufferFull", Time since last: 96528500 ns, Reaching safepoint: 197583 ns, At safepoint: 19583 ns, Total: 217166 ns
[2025-12-03T14:10:05.907+0000][6][safepoint   ] Safepoint "ICBufferFull", Time since last: 68081084 ns, Reaching safepoint: 1610166 ns, At safepoint: 18042 ns, Total: 1628208 ns
[2025-12-03T14:10:05.915+0000][6][safepoint   ] Safepoint "ICBufferFull", Time since last: 4189458 ns, Reaching safepoint: 1673709 ns, At safepoint: 2130541 ns, Total: 3804250 ns
[2025-12-03T14:10:06.016+0000][6][safepoint   ] Safepoint "ICBufferFull", Time since last: 99950000 ns, Reaching safepoint: 509375 ns, At safepoint: 91209 ns, Total: 600584 ns
[2025-12-03T14:10:06.150+0000][6][safepoint   ] Safepoint "ICBufferFull", Time since last: 133405791 ns, Reaching safepoint: 1033584 ns, At safepoint: 34500 ns, Total: 1068084 ns
[2025-12-03T14:10:06.776+0000][6][safepoint   ] Safepoint "ICBufferFull", Time since last: 618769792 ns, Reaching safepoint: 6662916 ns, At safepoint: 61917 ns, Total: 6724833 ns
[2025-12-03T14:10:07.155+0000][6][safepoint   ] Safepoint "ICBufferFull", Time since last: 376111334 ns, Reaching safepoint: 2859791 ns, At safepoint: 10125 ns, Total: 2869916 ns
[2025-12-03T14:10:07.330+0000][6][safepoint   ] Safepoint "ICBufferFull", Time since last: 175083292 ns, Reaching safepoint: 141667 ns, At safepoint: 3125 ns, Total: 144792 ns
[2025-12-03T14:10:07.610+0000][6][safepoint   ] Safepoint "ICBufferFull", Time since last: 271193666 ns, Reaching safepoint: 8308209 ns, At safepoint: 26708 ns, Total: 8334917 ns
[2025-12-03T14:10:07.931+0000][6][gc,start    ] GC(17) Pause Young (Normal) (G1 Evacuation Pause)
[2025-12-03T14:10:07.932+0000][6][gc,task     ] GC(17) Using 8 workers of 8 for evacuation
[2025-12-03T14:10:07.934+0000][6][gc,age      ] GC(17) Desired survivor size 20971520 bytes, new threshold 3 (max threshold 15)
[2025-12-03T14:10:08.012+0000][6][gc,age      ] GC(17) Age table with threshold 3 (max threshold 15)
[2025-12-03T14:10:08.012+0000][6][gc,age      ] GC(17) - age   1:   22303496 bytes,   22303496 total
[2025-12-03T14:10:08.013+0000][6][gc,age      ] GC(17) - age   2:   12533280 bytes,   34836776 total
[2025-12-03T14:10:08.013+0000][6][gc,age      ] GC(17) - age   3:    3677664 bytes,   38514440 total
[2025-12-03T14:10:08.013+0000][6][gc,phases   ] GC(17)   Pre Evacuate Collection Set: 2.4ms
[2025-12-03T14:10:08.014+0000][6][gc,phases   ] GC(17)   Merge Heap Roots: 0.2ms
[2025-12-03T14:10:08.014+0000][6][gc,phases   ] GC(17)   Evacuate Collection Set: 74.0ms
[2025-12-03T14:10:08.014+0000][6][gc,phases   ] GC(17)   Post Evacuate Collection Set: 2.8ms
[2025-12-03T14:10:08.015+0000][6][gc,phases   ] GC(17)   Other: 2.4ms
[2025-12-03T14:10:08.015+0000][6][gc,heap     ] GC(17) Eden regions: 70->0(66)
[2025-12-03T14:10:08.015+0000][6][gc,heap     ] GC(17) Survivor regions: 6->10(10)
[2025-12-03T14:10:08.015+0000][6][gc,heap     ] GC(17) Old regions: 15->16
[2025-12-03T14:10:08.015+0000][6][gc,heap     ] GC(17) Archive regions: 2->2
[2025-12-03T14:10:08.015+0000][6][gc,heap     ] GC(17) Humongous regions: 2->2
[2025-12-03T14:10:08.015+0000][6][gc,metaspace] GC(17) Metaspace: 103470K(104960K)->103470K(104960K) NonClass: 89438K(90304K)->89438K(90304K) Class: 14031K(14656K)->14031K(14656K)
[2025-12-03T14:10:08.015+0000][6][gc          ] GC(17) Pause Young (Normal) (G1 Evacuation Pause) 372M->114M(512M) 84.084ms
[2025-12-03T14:10:08.016+0000][6][gc,cpu      ] GC(17) User=0.15s Sys=0.03s Real=0.08s
[2025-12-03T14:10:08.018+0000][6][safepoint   ] Safepoint "G1CollectForAllocation", Time since last: 321435084 ns, Reaching safepoint: 123375 ns, At safepoint: 86737833 ns, Total: 86861208 ns
[2025-12-03T14:10:08.158+0000][6][safepoint   ] Safepoint "ICBufferFull", Time since last: 139496208 ns, Reaching safepoint: 517042 ns, At safepoint: 8875 ns, Total: 525917 ns
[2025-12-03T14:10:08.546+0000][6][safepoint   ] Safepoint "ICBufferFull", Time since last: 387627917 ns, Reaching safepoint: 443667 ns, At safepoint: 17625 ns, Total: 461292 ns
[2025-12-03T14:10:08.548+0000][6][safepoint   ] Safepoint "ICBufferFull", Time since last: 790375 ns, Reaching safepoint: 912125 ns, At safepoint: 9333 ns, Total: 921458 ns
[2025-12-03T14:10:08.726+0000][6][safepoint   ] Safepoint "ICBufferFull", Time since last: 178321250 ns, Reaching safepoint: 170250 ns, At safepoint: 28708 ns, Total: 198958 ns
[2025-12-03T14:10:09.027+0000][6][safepoint   ] Safepoint "ICBufferFull", Time since last: 298585459 ns, Reaching safepoint: 1491708 ns, At safepoint: 56125 ns, Total: 1547833 ns
[2025-12-03T14:10:09.154+0000][6][safepoint   ] Safepoint "ICBufferFull", Time since last: 127031292 ns, Reaching safepoint: 122167 ns, At safepoint: 4333 ns, Total: 126500 ns
[2025-12-03T14:10:09.285+0000][6][safepoint   ] Safepoint "ICBufferFull", Time since last: 130308583 ns, Reaching safepoint: 1398375 ns, At safepoint: 42584 ns, Total: 1440959 ns
[2025-12-03T14:10:09.467+0000][6][safepoint   ] Safepoint "ICBufferFull", Time since last: 181099291 ns, Reaching safepoint: 667542 ns, At safepoint: 10500 ns, Total: 678042 ns
[2025-12-03T14:10:09.754+0000][6][safepoint   ] Safepoint "ICBufferFull", Time since last: 286950208 ns, Reaching safepoint: 190500 ns, At safepoint: 13834 ns, Total: 204334 ns
[2025-12-03T14:10:09.847+0000][6][safepoint   ] Safepoint "ICBufferFull", Time since last: 93003125 ns, Reaching safepoint: 119417 ns, At safepoint: 4583 ns, Total: 124000 ns
[2025-12-03T14:10:10.077+0000][6][gc,start    ] GC(18) Pause Young (Normal) (G1 Evacuation Pause)
[2025-12-03T14:10:10.077+0000][6][gc,task     ] GC(18) Using 8 workers of 8 for evacuation
[2025-12-03T14:10:10.077+0000][6][gc,age      ] GC(18) Desired survivor size 20971520 bytes, new threshold 1 (max threshold 15)
[2025-12-03T14:10:10.101+0000][6][gc,age      ] GC(18) Age table with threshold 1 (max threshold 15)
[2025-12-03T14:10:10.101+0000][6][gc,age      ] GC(18) - age   1:    9838800 bytes,    9838800 total
[2025-12-03T14:10:10.101+0000][6][gc,phases   ] GC(18)   Pre Evacuate Collection Set: 0.1ms
[2025-12-03T14:10:10.101+0000][6][gc,phases   ] GC(18)   Merge Heap Roots: 0.1ms
[2025-12-03T14:10:10.101+0000][6][gc,phases   ] GC(18)   Evacuate Collection Set: 19.0ms
[2025-12-03T14:10:10.102+0000][6][gc,phases   ] GC(18)   Post Evacuate Collection Set: 4.2ms
[2025-12-03T14:10:10.102+0000][6][gc,phases   ] GC(18)   Other: 0.8ms
[2025-12-03T14:10:10.102+0000][6][gc,heap     ] GC(18) Eden regions: 66->0(65)
[2025-12-03T14:10:10.102+0000][6][gc,heap     ] GC(18) Survivor regions: 10->4(10)
[2025-12-03T14:10:10.102+0000][6][gc,heap     ] GC(18) Old regions: 16->24
[2025-12-03T14:10:10.103+0000][6][gc,heap     ] GC(18) Archive regions: 2->2
[2025-12-03T14:10:10.103+0000][6][gc,heap     ] GC(18) Humongous regions: 2->2
[2025-12-03T14:10:10.104+0000][6][gc,metaspace] GC(18) Metaspace: 107100K(108800K)->107100K(108800K) NonClass: 92583K(93568K)->92583K(93568K) Class: 14517K(15232K)->14517K(15232K)
[2025-12-03T14:10:10.105+0000][6][gc          ] GC(18) Pause Young (Normal) (G1 Evacuation Pause) 378M->120M(512M) 27.435ms
[2025-12-03T14:10:10.105+0000][6][gc,cpu      ] GC(18) User=0.13s Sys=0.00s Real=0.03s
[2025-12-03T14:10:10.106+0000][6][safepoint   ] Safepoint "G1CollectForAllocation", Time since last: 228419792 ns, Reaching safepoint: 1096791 ns, At safepoint: 29122750 ns, Total: 30219541 ns
[2025-12-03T14:10:10.440+0000][6][safepoint   ] Safepoint "ICBufferFull", Time since last: 334006375 ns, Reaching safepoint: 165709 ns, At safepoint: 7208 ns, Total: 172917 ns
[2025-12-03T14:10:11.344+0000][6][safepoint   ] Safepoint "ICBufferFull", Time since last: 903326709 ns, Reaching safepoint: 396750 ns, At safepoint: 35208 ns, Total: 431958 ns
[2025-12-03T14:10:11.464+0000][6][safepoint   ] Safepoint "ICBufferFull", Time since last: 117915042 ns, Reaching safepoint: 2417250 ns, At safepoint: 12917 ns, Total: 2430167 ns
[2025-12-03T14:10:11.476+0000][6][safepoint   ] Safepoint "ICBufferFull", Time since last: 5616875 ns, Reaching safepoint: 5925333 ns, At safepoint: 14292 ns, Total: 5939625 ns
[2025-12-03T14:10:11.647+0000][6][safepoint   ] Safepoint "ICBufferFull", Time since last: 170570708 ns, Reaching safepoint: 375292 ns, At safepoint: 11916 ns, Total: 387208 ns
[2025-12-03T14:10:11.772+0000][6][safepoint   ] Safepoint "ICBufferFull", Time since last: 124169959 ns, Reaching safepoint: 908583 ns, At safepoint: 10875 ns, Total: 919458 ns
[2025-12-03T14:10:12.008+0000][6][safepoint   ] Safepoint "ICBufferFull", Time since last: 236117667 ns, Reaching safepoint: 93417 ns, At safepoint: 6541 ns, Total: 99958 ns
[2025-12-03T14:10:12.336+0000][6][safepoint   ] Safepoint "ICBufferFull", Time since last: 323223292 ns, Reaching safepoint: 822750 ns, At safepoint: 3437917 ns, Total: 4260667 ns
[2025-12-03T14:10:12.486+0000][6][gc,start    ] GC(19) Pause Young (Normal) (G1 Evacuation Pause)
[2025-12-03T14:10:12.486+0000][6][gc,task     ] GC(19) Using 8 workers of 8 for evacuation
[2025-12-03T14:10:12.486+0000][6][gc,age      ] GC(19) Desired survivor size 18874368 bytes, new threshold 15 (max threshold 15)
[2025-12-03T14:10:12.503+0000][6][gc,age      ] GC(19) Age table with threshold 15 (max threshold 15)
[2025-12-03T14:10:12.503+0000][6][gc,age      ] GC(19) - age   1:   10680904 bytes,   10680904 total
[2025-12-03T14:10:12.504+0000][6][gc,age      ] GC(19) - age   2:    7408208 bytes,   18089112 total
[2025-12-03T14:10:12.504+0000][6][gc,phases   ] GC(19)   Pre Evacuate Collection Set: 0.2ms
[2025-12-03T14:10:12.504+0000][6][gc,phases   ] GC(19)   Merge Heap Roots: 0.1ms
[2025-12-03T14:10:12.504+0000][6][gc,phases   ] GC(19)   Evacuate Collection Set: 15.3ms
[2025-12-03T14:10:12.504+0000][6][gc,phases   ] GC(19)   Post Evacuate Collection Set: 1.2ms
[2025-12-03T14:10:12.504+0000][6][gc,phases   ] GC(19)   Other: 0.9ms
[2025-12-03T14:10:12.504+0000][6][gc,heap     ] GC(19) Eden regions: 65->0(64)
[2025-12-03T14:10:12.504+0000][6][gc,heap     ] GC(19) Survivor regions: 4->5(9)
[2025-12-03T14:10:12.504+0000][6][gc,heap     ] GC(19) Old regions: 24->24
[2025-12-03T14:10:12.504+0000][6][gc,heap     ] GC(19) Archive regions: 2->2
[2025-12-03T14:10:12.504+0000][6][gc,heap     ] GC(19) Humongous regions: 2->2
[2025-12-03T14:10:12.504+0000][6][gc,metaspace] GC(19) Metaspace: 108661K(110336K)->108661K(110336K) NonClass: 94017K(94976K)->94017K(94976K) Class: 14643K(15360K)->14643K(15360K)
[2025-12-03T14:10:12.504+0000][6][gc          ] GC(19) Pause Young (Normal) (G1 Evacuation Pause) 380M->125M(512M) 18.203ms
[2025-12-03T14:10:12.504+0000][6][gc,cpu      ] GC(19) User=0.04s Sys=0.01s Real=0.02s
[2025-12-03T14:10:12.505+0000][6][safepoint   ] Safepoint "G1CollectForAllocation", Time since last: 149775541 ns, Reaching safepoint: 522542 ns, At safepoint: 18705750 ns, Total: 19228292 ns
[2025-12-03T14:10:12.943+0000][6][safepoint   ] Safepoint "ICBufferFull", Time since last: 437904334 ns, Reaching safepoint: 178708 ns, At safepoint: 3417 ns, Total: 182125 ns
[2025-12-03T14:10:13.573+0000][6][safepoint   ] Safepoint "ICBufferFull", Time since last: 630362708 ns, Reaching safepoint: 179709 ns, At safepoint: 3083 ns, Total: 182792 ns
[2025-12-03T14:10:13.671+0000][6][gc,start    ] GC(20) Pause Young (Normal) (G1 Evacuation Pause)
[2025-12-03T14:10:13.671+0000][6][gc,task     ] GC(20) Using 8 workers of 8 for evacuation
[2025-12-03T14:10:13.671+0000][6][gc,age      ] GC(20) Desired survivor size 18874368 bytes, new threshold 15 (max threshold 15)
[2025-12-03T14:10:13.681+0000][6][gc,age      ] GC(20) Age table with threshold 15 (max threshold 15)
[2025-12-03T14:10:13.681+0000][6][gc,age      ] GC(20) - age   1:    2288120 bytes,    2288120 total
[2025-12-03T14:10:13.681+0000][6][gc,age      ] GC(20) - age   2:    2112520 bytes,    4400640 total
[2025-12-03T14:10:13.681+0000][6][gc,age      ] GC(20) - age   3:    6949048 bytes,   11349688 total
[2025-12-03T14:10:13.681+0000][6][gc,phases   ] GC(20)   Pre Evacuate Collection Set: 0.1ms
[2025-12-03T14:10:13.682+0000][6][gc,phases   ] GC(20)   Merge Heap Roots: 0.0ms
[2025-12-03T14:10:13.682+0000][6][gc,phases   ] GC(20)   Evacuate Collection Set: 7.6ms
[2025-12-03T14:10:13.682+0000][6][gc,phases   ] GC(20)   Post Evacuate Collection Set: 0.8ms
[2025-12-03T14:10:13.682+0000][6][gc,phases   ] GC(20)   Other: 2.6ms
[2025-12-03T14:10:13.682+0000][6][gc,heap     ] GC(20) Eden regions: 64->0(68)
[2025-12-03T14:10:13.682+0000][6][gc,heap     ] GC(20) Survivor regions: 5->3(9)
[2025-12-03T14:10:13.682+0000][6][gc,heap     ] GC(20) Old regions: 24->24
[2025-12-03T14:10:13.682+0000][6][gc,heap     ] GC(20) Archive regions: 2->2
[2025-12-03T14:10:13.682+0000][6][gc,heap     ] GC(20) Humongous regions: 2->2
[2025-12-03T14:10:13.682+0000][6][gc,metaspace] GC(20) Metaspace: 108977K(110656K)->108977K(110656K) NonClass: 94322K(95296K)->94322K(95296K) Class: 14654K(15360K)->14654K(15360K)
[2025-12-03T14:10:13.682+0000][6][gc          ] GC(20) Pause Young (Normal) (G1 Evacuation Pause) 381M->119M(512M) 11.617ms
[2025-12-03T14:10:13.682+0000][6][gc,cpu      ] GC(20) User=0.03s Sys=0.00s Real=0.01s
[2025-12-03T14:10:13.682+0000][6][safepoint   ] Safepoint "G1CollectForAllocation", Time since last: 96939958 ns, Reaching safepoint: 182667 ns, At safepoint: 11826292 ns, Total: 12008959 ns
[2025-12-03T14:10:14.451+0000][6][safepoint   ] Safepoint "ICBufferFull", Time since last: 768112875 ns, Reaching safepoint: 201125 ns, At safepoint: 8792 ns, Total: 209917 ns
[2025-12-03T14:10:15.452+0000][6][safepoint   ] Safepoint "Cleanup", Time since last: 1001147875 ns, Reaching safepoint: 99500 ns, At safepoint: 13834 ns, Total: 113334 ns
[2025-12-03T14:10:16.456+0000][6][safepoint   ] Safepoint "Cleanup", Time since last: 1003658250 ns, Reaching safepoint: 316708 ns, At safepoint: 6625 ns, Total: 323333 ns
[2025-12-03T14:10:17.457+0000][6][safepoint   ] Safepoint "Cleanup", Time since last: 1000894334 ns, Reaching safepoint: 129708 ns, At safepoint: 12625 ns, Total: 142333 ns
[2025-12-03T14:10:18.347+0000][6][gc,start    ] GC(21) Pause Young (Normal) (G1 Evacuation Pause)
[2025-12-03T14:10:18.348+0000][6][gc,task     ] GC(21) Using 8 workers of 8 for evacuation
[2025-12-03T14:10:18.349+0000][6][gc,age      ] GC(21) Desired survivor size 18874368 bytes, new threshold 15 (max threshold 15)
[2025-12-03T14:10:18.362+0000][6][gc,age      ] GC(21) Age table with threshold 15 (max threshold 15)
[2025-12-03T14:10:18.362+0000][6][gc,age      ] GC(21) - age   1:    2437192 bytes,    2437192 total
[2025-12-03T14:10:18.362+0000][6][gc,age      ] GC(21) - age   2:    1335152 bytes,    3772344 total
[2025-12-03T14:10:18.362+0000][6][gc,age      ] GC(21) - age   3:    2094440 bytes,    5866784 total
[2025-12-03T14:10:18.362+0000][6][gc,age      ] GC(21) - age   4:    6943048 bytes,   12809832 total
[2025-12-03T14:10:18.362+0000][6][gc,phases   ] GC(21)   Pre Evacuate Collection Set: 0.4ms
[2025-12-03T14:10:18.362+0000][6][gc,phases   ] GC(21)   Merge Heap Roots: 0.1ms
[2025-12-03T14:10:18.363+0000][6][gc,phases   ] GC(21)   Evacuate Collection Set: 11.3ms
[2025-12-03T14:10:18.363+0000][6][gc,phases   ] GC(21)   Post Evacuate Collection Set: 1.1ms
[2025-12-03T14:10:18.363+0000][6][gc,phases   ] GC(21)   Other: 2.4ms
[2025-12-03T14:10:18.363+0000][6][gc,heap     ] GC(21) Eden regions: 68->0(68)
[2025-12-03T14:10:18.363+0000][6][gc,heap     ] GC(21) Survivor regions: 3->4(9)
[2025-12-03T14:10:18.363+0000][6][gc,heap     ] GC(21) Old regions: 24->24
[2025-12-03T14:10:18.363+0000][6][gc,heap     ] GC(21) Archive regions: 2->2
[2025-12-03T14:10:18.363+0000][6][gc,heap     ] GC(21) Humongous regions: 2->2
[2025-12-03T14:10:18.364+0000][6][gc,metaspace] GC(21) Metaspace: 109301K(110976K)->109301K(110976K) NonClass: 94640K(95616K)->94640K(95616K) Class: 14660K(15360K)->14660K(15360K)
[2025-12-03T14:10:18.364+0000][6][gc          ] GC(21) Pause Young (Normal) (G1 Evacuation Pause) 391M->120M(512M) 16.664ms
[2025-12-03T14:10:18.364+0000][6][gc,cpu      ] GC(21) User=0.05s Sys=0.00s Real=0.02s
[2025-12-03T14:10:18.364+0000][6][safepoint   ] Safepoint "G1CollectForAllocation", Time since last: 889487209 ns, Reaching safepoint: 461709 ns, At safepoint: 17029833 ns, Total: 17491542 ns
[2025-12-03T14:10:19.366+0000][6][safepoint   ] Safepoint "Cleanup", Time since last: 1002022959 ns, Reaching safepoint: 343500 ns, At safepoint: 52916 ns, Total: 396416 ns
[2025-12-03T14:10:21.370+0000][6][safepoint   ] Safepoint "Cleanup", Time since last: 2003155251 ns, Reaching safepoint: 105750 ns, At safepoint: 3959 ns, Total: 109709 ns
[2025-12-03T14:10:22.370+0000][6][safepoint   ] Safepoint "Cleanup", Time since last: 1000218750 ns, Reaching safepoint: 142583 ns, At safepoint: 3667 ns, Total: 146250 ns
[2025-12-03T14:10:23.372+0000][6][safepoint   ] Safepoint "Cleanup", Time since last: 1001662709 ns, Reaching safepoint: 692417 ns, At safepoint: 19708 ns, Total: 712125 ns
[2025-12-03T14:10:24.374+0000][6][safepoint   ] Safepoint "Cleanup", Time since last: 1001428750 ns, Reaching safepoint: 159084 ns, At safepoint: 2958 ns, Total: 162042 ns
[2025-12-03T14:10:25.466+0000][6][safepoint   ] Safepoint "Cleanup", Time since last: 1005921834 ns, Reaching safepoint: 159958 ns, At safepoint: 11208 ns, Total: 171166 ns
[2025-12-03T14:10:26.467+0000][6][safepoint   ] Safepoint "Cleanup", Time since last: 1001195584 ns, Reaching safepoint: 106917 ns, At safepoint: 4666 ns, Total: 111583 ns
[2025-12-03T14:10:27.468+0000][6][safepoint   ] Safepoint "Cleanup", Time since last: 1000560834 ns, Reaching safepoint: 467292 ns, At safepoint: 25708 ns, Total: 493000 ns
[2025-12-03T14:10:28.742+0000][6][safepoint   ] Safepoint "Cleanup", Time since last: 1273691834 ns, Reaching safepoint: 531792 ns, At safepoint: 12083 ns, Total: 543875 ns
[2025-12-03T14:10:29.745+0000][6][safepoint   ] Safepoint "Cleanup", Time since last: 1002212209 ns, Reaching safepoint: 390167 ns, At safepoint: 15833 ns, Total: 406000 ns
[2025-12-03T14:10:30.747+0000][6][safepoint   ] Safepoint "Cleanup", Time since last: 1002070667 ns, Reaching safepoint: 71042 ns, At safepoint: 3583 ns, Total: 74625 ns
[2025-12-03T14:10:32.579+0000][6][safepoint   ] Safepoint "ICBufferFull", Time since last: 1831693043 ns, Reaching safepoint: 160500 ns, At safepoint: 6916 ns, Total: 167416 ns
[2025-12-03T14:10:33.580+0000][6][safepoint   ] Safepoint "Cleanup", Time since last: 1000621167 ns, Reaching safepoint: 203709 ns, At safepoint: 13333 ns, Total: 217042 ns
[2025-12-03T14:10:34.585+0000][6][safepoint   ] Safepoint "Cleanup", Time since last: 1004670167 ns, Reaching safepoint: 118834 ns, At safepoint: 5291 ns, Total: 124125 ns
[2025-12-03T14:10:35.581+0000][6][safepoint   ] Safepoint "ICBufferFull", Time since last: 995300792 ns, Reaching safepoint: 841834 ns, At safepoint: 11833 ns, Total: 853667 ns
[2025-12-03T14:10:36.303+0000][6][safepoint   ] Safepoint "ICBufferFull", Time since last: 722316625 ns, Reaching safepoint: 137500 ns, At safepoint: 3792 ns, Total: 141292 ns
[2025-12-03T14:10:37.305+0000][6][safepoint   ] Safepoint "Cleanup", Time since last: 1001954959 ns, Reaching safepoint: 234167 ns, At safepoint: 9041 ns, Total: 243208 ns
[2025-12-03T14:10:38.318+0000][6][safepoint   ] Safepoint "Cleanup", Time since last: 1006873209 ns, Reaching safepoint: 5421250 ns, At safepoint: 14708 ns, Total: 5435958 ns
[2025-12-03T14:10:39.319+0000][6][safepoint   ] Safepoint "Cleanup", Time since last: 1000917584 ns, Reaching safepoint: 623125 ns, At safepoint: 20542 ns, Total: 643667 ns
[2025-12-03T14:10:40.322+0000][6][safepoint   ] Safepoint "Cleanup", Time since last: 1002393417 ns, Reaching safepoint: 181875 ns, At safepoint: 6542 ns, Total: 188417 ns
[2025-12-03T14:10:41.323+0000][6][safepoint   ] Safepoint "Cleanup", Time since last: 1001099209 ns, Reaching safepoint: 226750 ns, At safepoint: 9625 ns, Total: 236375 ns
[2025-12-03T14:10:42.325+0000][6][safepoint   ] Safepoint "Cleanup", Time since last: 1001985042 ns, Reaching safepoint: 79000 ns, At safepoint: 3208 ns, Total: 82208 ns
[2025-12-03T14:10:43.326+0000][6][safepoint   ] Safepoint "Cleanup", Time since last: 1000663542 ns, Reaching safepoint: 37583 ns, At safepoint: 1959 ns, Total: 39542 ns
[2025-12-03T14:10:45.327+0000][6][safepoint   ] Safepoint "Cleanup", Time since last: 2000757417 ns, Reaching safepoint: 243417 ns, At safepoint: 8250 ns, Total: 251667 ns
[2025-12-03T14:10:46.328+0000][6][safepoint   ] Safepoint "Cleanup", Time since last: 1000747917 ns, Reaching safepoint: 217000 ns, At safepoint: 7875 ns, Total: 224875 ns
[2025-12-03T14:10:48.332+0000][6][safepoint   ] Safepoint "Cleanup", Time since last: 2003780460 ns, Reaching safepoint: 581583 ns, At safepoint: 27167 ns, Total: 608750 ns
[2025-12-03T14:10:49.336+0000][6][safepoint   ] Safepoint "Cleanup", Time since last: 1002005625 ns, Reaching safepoint: 1669958 ns, At safepoint: 32542 ns, Total: 1702500 ns
[2025-12-03T14:10:51.339+0000][6][safepoint   ] Safepoint "Cleanup", Time since last: 2002534168 ns, Reaching safepoint: 504958 ns, At safepoint: 20875 ns, Total: 525833 ns
[2025-12-03T14:10:51.638+0000][6][gc,start    ] GC(22) Pause Young (Normal) (G1 Evacuation Pause)
[2025-12-03T14:10:51.638+0000][6][gc,task     ] GC(22) Using 8 workers of 8 for evacuation
[2025-12-03T14:10:51.638+0000][6][gc,age      ] GC(22) Desired survivor size 18874368 bytes, new threshold 15 (max threshold 15)
[2025-12-03T14:10:51.671+0000][6][gc,age      ] GC(22) Age table with threshold 15 (max threshold 15)
[2025-12-03T14:10:51.671+0000][6][gc,age      ] GC(22) - age   1:   13888560 bytes,   13888560 total
[2025-12-03T14:10:51.671+0000][6][gc,age      ] GC(22) - age   2:    1320792 bytes,   15209352 total
[2025-12-03T14:10:51.671+0000][6][gc,age      ] GC(22) - age   3:    1329520 bytes,   16538872 total
[2025-12-03T14:10:51.671+0000][6][gc,age      ] GC(22) - age   4:    1963552 bytes,   18502424 total
[2025-12-03T14:10:51.671+0000][6][gc,age      ] GC(22) - age   5:    6891280 bytes,   25393704 total
[2025-12-03T14:10:51.671+0000][6][gc,phases   ] GC(22)   Pre Evacuate Collection Set: 0.2ms
[2025-12-03T14:10:51.672+0000][6][gc,phases   ] GC(22)   Merge Heap Roots: 0.2ms
[2025-12-03T14:10:51.672+0000][6][gc,phases   ] GC(22)   Evacuate Collection Set: 30.7ms
[2025-12-03T14:10:51.672+0000][6][gc,phases   ] GC(22)   Post Evacuate Collection Set: 1.4ms
[2025-12-03T14:10:51.672+0000][6][gc,phases   ] GC(22)   Other: 1.0ms
[2025-12-03T14:10:51.672+0000][6][gc,heap     ] GC(22) Eden regions: 68->0(64)
[2025-12-03T14:10:51.672+0000][6][gc,heap     ] GC(22) Survivor regions: 4->7(9)
[2025-12-03T14:10:51.672+0000][6][gc,heap     ] GC(22) Old regions: 24->24
[2025-12-03T14:10:51.672+0000][6][gc,heap     ] GC(22) Archive regions: 2->2
[2025-12-03T14:10:51.672+0000][6][gc,heap     ] GC(22) Humongous regions: 2->2
[2025-12-03T14:10:51.672+0000][6][gc,metaspace] GC(22) Metaspace: 110509K(112128K)->110509K(112128K) NonClass: 95834K(96768K)->95834K(96768K) Class: 14674K(15360K)->14674K(15360K)
[2025-12-03T14:10:51.672+0000][6][gc          ] GC(22) Pause Young (Normal) (G1 Evacuation Pause) 392M->132M(512M) 34.019ms
[2025-12-03T14:10:51.672+0000][6][gc,cpu      ] GC(22) User=0.24s Sys=0.01s Real=0.03s
[2025-12-03T14:10:51.672+0000][6][safepoint   ] Safepoint "G1CollectForAllocation", Time since last: 298745500 ns, Reaching safepoint: 57375 ns, At safepoint: 34247708 ns, Total: 34305083 ns
[2025-12-03T14:10:52.675+0000][6][safepoint   ] Safepoint "Cleanup", Time since last: 1002611751 ns, Reaching safepoint: 353333 ns, At safepoint: 7500 ns, Total: 360833 ns
[2025-12-03T14:10:53.676+0000][6][safepoint   ] Safepoint "Cleanup", Time since last: 1000685251 ns, Reaching safepoint: 143458 ns, At safepoint: 10708 ns, Total: 154166 ns
[2025-12-03T14:10:55.679+0000][6][safepoint   ] Safepoint "Cleanup", Time since last: 2001776042 ns, Reaching safepoint: 535042 ns, At safepoint: 25583 ns, Total: 560625 ns
[2025-12-03T14:10:56.681+0000][6][safepoint   ] Safepoint "Cleanup", Time since last: 1002160292 ns, Reaching safepoint: 98625 ns, At safepoint: 6625 ns, Total: 105250 ns
[2025-12-03T14:10:57.683+0000][6][safepoint   ] Safepoint "Cleanup", Time since last: 1001045292 ns, Reaching safepoint: 66292 ns, At safepoint: 3417 ns, Total: 69709 ns
[2025-12-03T14:10:58.684+0000][6][safepoint   ] Safepoint "Cleanup", Time since last: 1001437583 ns, Reaching safepoint: 199125 ns, At safepoint: 9792 ns, Total: 208917 ns
[2025-12-03T14:10:59.685+0000][6][safepoint   ] Safepoint "Cleanup", Time since last: 1000425001 ns, Reaching safepoint: 153875 ns, At safepoint: 3708 ns, Total: 157583 ns
[2025-12-03T14:11:00.686+0000][6][safepoint   ] Safepoint "Cleanup", Time since last: 1001234375 ns, Reaching safepoint: 416667 ns, At safepoint: 4750 ns, Total: 421417 ns
[2025-12-03T14:11:01.688+0000][6][safepoint   ] Safepoint "Cleanup", Time since last: 1001782917 ns, Reaching safepoint: 180125 ns, At safepoint: 15292 ns, Total: 195417 ns
[2025-12-03T14:11:02.690+0000][6][safepoint   ] Safepoint "Cleanup", Time since last: 1001020084 ns, Reaching safepoint: 161458 ns, At safepoint: 28292 ns, Total: 189750 ns
[2025-12-03T14:11:03.691+0000][6][safepoint   ] Safepoint "Cleanup", Time since last: 1000949375 ns, Reaching safepoint: 105375 ns, At safepoint: 5375 ns, Total: 110750 ns
[2025-12-03T14:11:04.692+0000][6][safepoint   ] Safepoint "Cleanup", Time since last: 1000843876 ns, Reaching safepoint: 124333 ns, At safepoint: 3667 ns, Total: 128000 ns
[2025-12-03T14:11:05.692+0000][6][safepoint   ] Safepoint "Cleanup", Time since last: 1000705292 ns, Reaching safepoint: 101541 ns, At safepoint: 3334 ns, Total: 104875 ns
[2025-12-03T14:11:06.694+0000][6][safepoint   ] Safepoint "Cleanup", Time since last: 1001080667 ns, Reaching safepoint: 249083 ns, At safepoint: 13625 ns, Total: 262708 ns
[2025-12-03T14:11:07.696+0000][6][safepoint   ] Safepoint "Cleanup", Time since last: 1001555542 ns, Reaching safepoint: 338959 ns, At safepoint: 15083 ns, Total: 354042 ns
[2025-12-03T14:11:08.698+0000][6][safepoint   ] Safepoint "Cleanup", Time since last: 1002228834 ns, Reaching safepoint: 110917 ns, At safepoint: 5500 ns, Total: 116417 ns
[2025-12-03T14:11:09.699+0000][6][safepoint   ] Safepoint "Cleanup", Time since last: 1000553458 ns, Reaching safepoint: 283792 ns, At safepoint: 14167 ns, Total: 297959 ns
[2025-12-03T14:11:10.702+0000][6][safepoint   ] Safepoint "Cleanup", Time since last: 1002861500 ns, Reaching safepoint: 59792 ns, At safepoint: 3083 ns, Total: 62875 ns
[2025-12-03T14:11:11.703+0000][6][safepoint   ] Safepoint "Cleanup", Time since last: 1001006542 ns, Reaching safepoint: 177542 ns, At safepoint: 6750 ns, Total: 184292 ns
[2025-12-03T14:11:12.705+0000][6][safepoint   ] Safepoint "Cleanup", Time since last: 1001866459 ns, Reaching safepoint: 139083 ns, At safepoint: 5334 ns, Total: 144417 ns
[2025-12-03T14:11:13.706+0000][6][safepoint   ] Safepoint "Cleanup", Time since last: 1000789167 ns, Reaching safepoint: 116833 ns, At safepoint: 4542 ns, Total: 121375 ns
[2025-12-03T14:11:14.706+0000][6][safepoint   ] Safepoint "Cleanup", Time since last: 1000441000 ns, Reaching safepoint: 98083 ns, At safepoint: 3209 ns, Total: 101292 ns
[2025-12-03T14:11:15.708+0000][6][safepoint   ] Safepoint "Cleanup", Time since last: 1001018709 ns, Reaching safepoint: 165291 ns, At safepoint: 7875 ns, Total: 173166 ns
[2025-12-03T14:11:16.709+0000][6][safepoint   ] Safepoint "Cleanup", Time since last: 1001253209 ns, Reaching safepoint: 141042 ns, At safepoint: 6083 ns, Total: 147125 ns
[2025-12-03T14:11:18.717+0000][6][safepoint   ] Safepoint "Cleanup", Time since last: 2007267668 ns, Reaching safepoint: 159833 ns, At safepoint: 19125 ns, Total: 178958 ns
[2025-12-03T14:11:20.723+0000][6][safepoint   ] Safepoint "Cleanup", Time since last: 2006262251 ns, Reaching safepoint: 84375 ns, At safepoint: 3500 ns, Total: 87875 ns
[2025-12-03T14:11:21.724+0000][6][safepoint   ] Safepoint "Cleanup", Time since last: 1000665709 ns, Reaching safepoint: 72416 ns, At safepoint: 3500 ns, Total: 75916 ns
[2025-12-03T14:11:22.725+0000][6][safepoint   ] Safepoint "Cleanup", Time since last: 1001515209 ns, Reaching safepoint: 245792 ns, At safepoint: 7875 ns, Total: 253667 ns
[2025-12-03T14:11:23.727+0000][6][safepoint   ] Safepoint "Cleanup", Time since last: 1001241417 ns, Reaching safepoint: 121000 ns, At safepoint: 4708 ns, Total: 125708 ns
[2025-12-03T14:11:24.730+0000][6][safepoint   ] Safepoint "Cleanup", Time since last: 1002331751 ns, Reaching safepoint: 414958 ns, At safepoint: 29250 ns, Total: 444208 ns
[2025-12-03T14:11:25.734+0000][6][safepoint   ] Safepoint "Cleanup", Time since last: 1002842541 ns, Reaching safepoint: 212500 ns, At safepoint: 13625 ns, Total: 226125 ns
[2025-12-03T14:11:26.735+0000][6][safepoint   ] Safepoint "Cleanup", Time since last: 1001357918 ns, Reaching safepoint: 152750 ns, At safepoint: 7500 ns, Total: 160250 ns
[2025-12-03T14:11:27.736+0000][6][safepoint   ] Safepoint "Cleanup", Time since last: 1000712958 ns, Reaching safepoint: 100334 ns, At safepoint: 5250 ns, Total: 105584 ns
[2025-12-03T14:11:28.737+0000][6][safepoint   ] Safepoint "Cleanup", Time since last: 1000679042 ns, Reaching safepoint: 283042 ns, At safepoint: 14708 ns, Total: 297750 ns
[2025-12-03T14:11:29.740+0000][6][safepoint   ] Safepoint "Cleanup", Time since last: 1002474125 ns, Reaching safepoint: 223875 ns, At safepoint: 10417 ns, Total: 234292 ns
[2025-12-03T14:11:30.742+0000][6][safepoint   ] Safepoint "Cleanup", Time since last: 1001924834 ns, Reaching safepoint: 95666 ns, At safepoint: 3375 ns, Total: 99041 ns
[2025-12-03T14:11:32.148+0000][6][gc,start    ] GC(23) Pause Young (Normal) (G1 Evacuation Pause)
[2025-12-03T14:11:32.148+0000][6][gc,task     ] GC(23) Using 8 workers of 8 for evacuation
[2025-12-03T14:11:32.148+0000][6][gc,age      ] GC(23) Desired survivor size 18874368 bytes, new threshold 5 (max threshold 15)
[2025-12-03T14:11:32.176+0000][6][gc,age      ] GC(23) Age table with threshold 5 (max threshold 15)
[2025-12-03T14:11:32.176+0000][6][gc,age      ] GC(23) - age   1:    1444024 bytes,    1444024 total
[2025-12-03T14:11:32.176+0000][6][gc,age      ] GC(23) - age   2:   11912832 bytes,   13356856 total
[2025-12-03T14:11:32.176+0000][6][gc,age      ] GC(23) - age   3:    1320352 bytes,   14677208 total
[2025-12-03T14:11:32.176+0000][6][gc,age      ] GC(23) - age   4:    1329520 bytes,   16006728 total
[2025-12-03T14:11:32.176+0000][6][gc,age      ] GC(23) - age   5:    1853424 bytes,   17860152 total
[2025-12-03T14:11:32.176+0000][6][gc,phases   ] GC(23)   Pre Evacuate Collection Set: 0.1ms
[2025-12-03T14:11:32.177+0000][6][gc,phases   ] GC(23)   Merge Heap Roots: 0.1ms
[2025-12-03T14:11:32.177+0000][6][gc,phases   ] GC(23)   Evacuate Collection Set: 22.3ms
[2025-12-03T14:11:32.177+0000][6][gc,phases   ] GC(23)   Post Evacuate Collection Set: 4.9ms
[2025-12-03T14:11:32.177+0000][6][gc,phases   ] GC(23)   Other: 0.9ms
[2025-12-03T14:11:32.177+0000][6][gc,heap     ] GC(23) Eden regions: 64->0(65)
[2025-12-03T14:11:32.177+0000][6][gc,heap     ] GC(23) Survivor regions: 7->5(9)
[2025-12-03T14:11:32.177+0000][6][gc,heap     ] GC(23) Old regions: 24->26
[2025-12-03T14:11:32.177+0000][6][gc,heap     ] GC(23) Archive regions: 2->2
[2025-12-03T14:11:32.177+0000][6][gc,heap     ] GC(23) Humongous regions: 2->2
[2025-12-03T14:11:32.177+0000][6][gc,metaspace] GC(23) Metaspace: 111415K(113152K)->111415K(113152K) NonClass: 96729K(97728K)->96729K(97728K) Class: 14686K(15424K)->14686K(15424K)
[2025-12-03T14:11:32.177+0000][6][gc          ] GC(23) Pause Young (Normal) (G1 Evacuation Pause) 388M->132M(512M) 29.046ms
[2025-12-03T14:11:32.177+0000][6][gc,cpu      ] GC(23) User=0.14s Sys=0.00s Real=0.03s
[2025-12-03T14:11:32.177+0000][6][safepoint   ] Safepoint "G1CollectForAllocation", Time since last: 1406383834 ns, Reaching safepoint: 42459 ns, At safepoint: 29240541 ns, Total: 29283000 ns
[2025-12-03T14:11:33.178+0000][6][safepoint   ] Safepoint "Cleanup", Time since last: 1000264501 ns, Reaching safepoint: 321958 ns, At safepoint: 14459 ns, Total: 336417 ns
[2025-12-03T14:11:34.180+0000][6][safepoint   ] Safepoint "Cleanup", Time since last: 1001890083 ns, Reaching safepoint: 326750 ns, At safepoint: 15917 ns, Total: 342667 ns
[2025-12-03T14:11:36.183+0000][6][safepoint   ] Safepoint "Cleanup", Time since last: 2002345084 ns, Reaching safepoint: 116292 ns, At safepoint: 8583 ns, Total: 124875 ns
[2025-12-03T14:11:37.185+0000][6][safepoint   ] Safepoint "Cleanup", Time since last: 1002006584 ns, Reaching safepoint: 141084 ns, At safepoint: 6541 ns, Total: 147625 ns
[2025-12-03T14:11:38.187+0000][6][safepoint   ] Safepoint "Cleanup", Time since last: 1002359709 ns, Reaching safepoint: 169833 ns, At safepoint: 32792 ns, Total: 202625 ns
[2025-12-03T14:11:39.848+0000][6][safepoint   ] Safepoint "Cleanup", Time since last: 1660384459 ns, Reaching safepoint: 546792 ns, At safepoint: 8250 ns, Total: 555042 ns
[2025-12-03T14:11:40.852+0000][6][safepoint   ] Safepoint "Cleanup", Time since last: 1002278584 ns, Reaching safepoint: 1192958 ns, At safepoint: 16208 ns, Total: 1209166 ns
[2025-12-03T14:11:41.853+0000][6][safepoint   ] Safepoint "Cleanup", Time since last: 1001139292 ns, Reaching safepoint: 309000 ns, At safepoint: 27250 ns, Total: 336250 ns
[2025-12-03T14:11:43.114+0000][6][safepoint   ] Safepoint "Cleanup", Time since last: 1260263543 ns, Reaching safepoint: 92625 ns, At safepoint: 7708 ns, Total: 100333 ns
[2025-12-03T14:11:45.117+0000][6][safepoint   ] Safepoint "Cleanup", Time since last: 2002483584 ns, Reaching safepoint: 526000 ns, At safepoint: 15500 ns, Total: 541500 ns
[2025-12-03T14:11:46.120+0000][6][safepoint   ] Safepoint "Cleanup", Time since last: 1002761459 ns, Reaching safepoint: 292792 ns, At safepoint: 13666 ns, Total: 306458 ns
[2025-12-03T14:11:47.122+0000][6][safepoint   ] Safepoint "Cleanup", Time since last: 1001842251 ns, Reaching safepoint: 259667 ns, At safepoint: 12416 ns, Total: 272083 ns
[2025-12-03T14:11:48.124+0000][6][safepoint   ] Safepoint "Cleanup", Time since last: 1002012501 ns, Reaching safepoint: 213958 ns, At safepoint: 11583 ns, Total: 225541 ns
[2025-12-03T14:11:51.129+0000][6][safepoint   ] Safepoint "Cleanup", Time since last: 3004391627 ns, Reaching safepoint: 394958 ns, At safepoint: 14625 ns, Total: 409583 ns
[2025-12-03T14:11:52.130+0000][6][safepoint   ] Safepoint "Cleanup", Time since last: 1001553584 ns, Reaching safepoint: 81750 ns, At safepoint: 6917 ns, Total: 88667 ns
[2025-12-03T14:11:53.133+0000][6][safepoint   ] Safepoint "Cleanup", Time since last: 1002277958 ns, Reaching safepoint: 71000 ns, At safepoint: 3250 ns, Total: 74250 ns
[2025-12-03T14:11:54.135+0000][6][safepoint   ] Safepoint "Cleanup", Time since last: 1001537834 ns, Reaching safepoint: 472334 ns, At safepoint: 16083 ns, Total: 488417 ns
[2025-12-03T14:11:56.143+0000][6][safepoint   ] Safepoint "Cleanup", Time since last: 2006961042 ns, Reaching safepoint: 200958 ns, At safepoint: 13333 ns, Total: 214291 ns
[2025-12-03T14:11:57.145+0000][6][safepoint   ] Safepoint "Cleanup", Time since last: 1001987126 ns, Reaching safepoint: 322000 ns, At safepoint: 7750 ns, Total: 329750 ns
[2025-12-03T14:11:58.148+0000][6][safepoint   ] Safepoint "Cleanup", Time since last: 1002866167 ns, Reaching safepoint: 203875 ns, At safepoint: 8958 ns, Total: 212833 ns
[2025-12-03T14:11:59.149+0000][6][safepoint   ] Safepoint "Cleanup", Time since last: 1000929167 ns, Reaching safepoint: 133250 ns, At safepoint: 4167 ns, Total: 137417 ns
[2025-12-03T14:12:00.151+0000][6][safepoint   ] Safepoint "Cleanup", Time since last: 1001060542 ns, Reaching safepoint: 156542 ns, At safepoint: 4167 ns, Total: 160709 ns
[2025-12-03T14:12:01.156+0000][6][safepoint   ] Safepoint "Cleanup", Time since last: 1004735042 ns, Reaching safepoint: 210250 ns, At safepoint: 9333 ns, Total: 219583 ns
[2025-12-03T14:12:02.158+0000][6][safepoint   ] Safepoint "Cleanup", Time since last: 1002730042 ns, Reaching safepoint: 150875 ns, At safepoint: 4750 ns, Total: 155625 ns
[2025-12-03T14:12:03.161+0000][6][safepoint   ] Safepoint "Cleanup", Time since last: 1001977834 ns, Reaching safepoint: 183250 ns, At safepoint: 6500 ns, Total: 189750 ns
[2025-12-03T14:12:04.163+0000][6][safepoint   ] Safepoint "Cleanup", Time since last: 1002021542 ns, Reaching safepoint: 471542 ns, At safepoint: 17125 ns, Total: 488667 ns
[2025-12-03T14:12:06.166+0000][6][safepoint   ] Safepoint "Cleanup", Time since last: 2002571417 ns, Reaching safepoint: 215500 ns, At safepoint: 9125 ns, Total: 224625 ns
[2025-12-03T14:12:07.170+0000][6][safepoint   ] Safepoint "Cleanup", Time since last: 1003800084 ns, Reaching safepoint: 275417 ns, At safepoint: 14083 ns, Total: 289500 ns
[2025-12-03T14:12:08.173+0000][6][safepoint   ] Safepoint "Cleanup", Time since last: 1002523126 ns, Reaching safepoint: 298333 ns, At safepoint: 14958 ns, Total: 313291 ns
[2025-12-03T14:12:09.176+0000][6][safepoint   ] Safepoint "Cleanup", Time since last: 1003049626 ns, Reaching safepoint: 492000 ns, At safepoint: 31625 ns, Total: 523625 ns
[2025-12-03T14:12:11.180+0000][6][safepoint   ] Safepoint "Cleanup", Time since last: 2003487001 ns, Reaching safepoint: 472166 ns, At safepoint: 16792 ns, Total: 488958 ns
[2025-12-03T14:12:12.183+0000][6][safepoint   ] Safepoint "Cleanup", Time since last: 1002524959 ns, Reaching safepoint: 102875 ns, At safepoint: 4167 ns, Total: 107042 ns
[2025-12-03T14:12:13.184+0000][6][safepoint   ] Safepoint "Cleanup", Time since last: 1001364292 ns, Reaching safepoint: 72875 ns, At safepoint: 2208 ns, Total: 75083 ns
[2025-12-03T14:12:14.595+0000][6][gc,start    ] GC(24) Pause Young (Normal) (G1 Evacuation Pause)
[2025-12-03T14:12:14.595+0000][6][gc,task     ] GC(24) Using 8 workers of 8 for evacuation
[2025-12-03T14:12:14.595+0000][6][gc,age      ] GC(24) Desired survivor size 18874368 bytes, new threshold 15 (max threshold 15)
[2025-12-03T14:12:14.608+0000][6][gc,age      ] GC(24) Age table with threshold 15 (max threshold 15)
[2025-12-03T14:12:14.608+0000][6][gc,age      ] GC(24) - age   1:    2090144 bytes,    2090144 total
[2025-12-03T14:12:14.608+0000][6][gc,age      ] GC(24) - age   2:     657080 bytes,    2747224 total
[2025-12-03T14:12:14.608+0000][6][gc,age      ] GC(24) - age   3:   11901072 bytes,   14648296 total
[2025-12-03T14:12:14.609+0000][6][gc,age      ] GC(24) - age   4:    1319872 bytes,   15968168 total
[2025-12-03T14:12:14.609+0000][6][gc,age      ] GC(24) - age   5:    1329520 bytes,   17297688 total
[2025-12-03T14:12:14.609+0000][6][gc,age      ] GC(24) - age   6:    1853392 bytes,   19151080 total
[2025-12-03T14:12:14.609+0000][6][gc,phases   ] GC(24)   Pre Evacuate Collection Set: 0.2ms
[2025-12-03T14:12:14.609+0000][6][gc,phases   ] GC(24)   Merge Heap Roots: 0.1ms
[2025-12-03T14:12:14.609+0000][6][gc,phases   ] GC(24)   Evacuate Collection Set: 11.3ms
[2025-12-03T14:12:14.609+0000][6][gc,phases   ] GC(24)   Post Evacuate Collection Set: 1.5ms
[2025-12-03T14:12:14.609+0000][6][gc,phases   ] GC(24)   Other: 0.9ms
[2025-12-03T14:12:14.609+0000][6][gc,heap     ] GC(24) Eden regions: 65->0(67)
[2025-12-03T14:12:14.609+0000][6][gc,heap     ] GC(24) Survivor regions: 5->5(9)
[2025-12-03T14:12:14.609+0000][6][gc,heap     ] GC(24) Old regions: 26->26
[2025-12-03T14:12:14.609+0000][6][gc,heap     ] GC(24) Archive regions: 2->2
[2025-12-03T14:12:14.609+0000][6][gc,heap     ] GC(24) Humongous regions: 2->2
[2025-12-03T14:12:14.609+0000][6][gc,metaspace] GC(24) Metaspace: 111948K(113664K)->111948K(113664K) NonClass: 97262K(98240K)->97262K(98240K) Class: 14686K(15424K)->14686K(15424K)
[2025-12-03T14:12:14.609+0000][6][gc          ] GC(24) Pause Young (Normal) (G1 Evacuation Pause) 391M->133M(512M) 14.452ms
[2025-12-03T14:12:14.609+0000][6][gc,cpu      ] GC(24) User=0.08s Sys=0.00s Real=0.02s
[2025-12-03T14:12:14.609+0000][6][safepoint   ] Safepoint "G1CollectForAllocation", Time since last: 1410129209 ns, Reaching safepoint: 131333 ns, At safepoint: 14671292 ns, Total: 14802625 ns
[2025-12-03T14:12:15.070+0000][6][safepoint   ] Safepoint "ICBufferFull", Time since last: 460824459 ns, Reaching safepoint: 162000 ns, At safepoint: 16583 ns, Total: 178583 ns
[2025-12-03T14:12:16.073+0000][6][safepoint   ] Safepoint "Cleanup", Time since last: 1002274167 ns, Reaching safepoint: 210458 ns, At safepoint: 9959 ns, Total: 220417 ns
[2025-12-03T14:12:17.074+0000][6][safepoint   ] Safepoint "Cleanup", Time since last: 1000640792 ns, Reaching safepoint: 316083 ns, At safepoint: 16125 ns, Total: 332208 ns
[2025-12-03T14:12:18.076+0000][6][safepoint   ] Safepoint "Cleanup", Time since last: 1001400501 ns, Reaching safepoint: 263333 ns, At safepoint: 15292 ns, Total: 278625 ns
[2025-12-03T14:12:19.081+0000][6][safepoint   ] Safepoint "Cleanup", Time since last: 1005671000 ns, Reaching safepoint: 269500 ns, At safepoint: 12209 ns, Total: 281709 ns
[2025-12-03T14:12:21.087+0000][6][safepoint   ] Safepoint "Cleanup", Time since last: 2004693459 ns, Reaching safepoint: 392250 ns, At safepoint: 15500 ns, Total: 407750 ns
[2025-12-03T14:12:22.088+0000][6][safepoint   ] Safepoint "Cleanup", Time since last: 1001624542 ns, Reaching safepoint: 116083 ns, At safepoint: 3584 ns, Total: 119667 ns
[2025-12-03T14:12:23.093+0000][6][safepoint   ] Safepoint "Cleanup", Time since last: 1003673125 ns, Reaching safepoint: 608917 ns, At safepoint: 17125 ns, Total: 626042 ns
[2025-12-03T14:12:24.096+0000][6][safepoint   ] Safepoint "Cleanup", Time since last: 1002691584 ns, Reaching safepoint: 665083 ns, At safepoint: 50000 ns, Total: 715083 ns
[2025-12-03T14:12:25.097+0000][6][safepoint   ] Safepoint "Cleanup", Time since last: 1001268584 ns, Reaching safepoint: 118750 ns, At safepoint: 3333 ns, Total: 122083 ns
[2025-12-03T14:12:26.104+0000][6][safepoint   ] Safepoint "Cleanup", Time since last: 1005911250 ns, Reaching safepoint: 272667 ns, At safepoint: 13416 ns, Total: 286083 ns
[2025-12-03T14:12:27.106+0000][6][safepoint   ] Safepoint "Cleanup", Time since last: 1001668917 ns, Reaching safepoint: 256542 ns, At safepoint: 13375 ns, Total: 269917 ns
[2025-12-03T14:12:28.107+0000][6][safepoint   ] Safepoint "Cleanup", Time since last: 1000671584 ns, Reaching safepoint: 108958 ns, At safepoint: 7709 ns, Total: 116667 ns
[2025-12-03T14:12:30.109+0000][6][safepoint   ] Safepoint "Cleanup", Time since last: 2002028417 ns, Reaching safepoint: 341708 ns, At safepoint: 4584 ns, Total: 346292 ns
[2025-12-03T14:12:31.114+0000][6][safepoint   ] Safepoint "Cleanup", Time since last: 1004005334 ns, Reaching safepoint: 348500 ns, At safepoint: 17958 ns, Total: 366458 ns
[2025-12-03T14:12:32.116+0000][6][safepoint   ] Safepoint "Cleanup", Time since last: 1001137417 ns, Reaching safepoint: 1072708 ns, At safepoint: 12334 ns, Total: 1085042 ns
[2025-12-03T14:12:33.117+0000][6][safepoint   ] Safepoint "Cleanup", Time since last: 1001490167 ns, Reaching safepoint: 230458 ns, At safepoint: 8625 ns, Total: 239083 ns
[2025-12-03T14:12:34.119+0000][6][safepoint   ] Safepoint "Cleanup", Time since last: 1001350001 ns, Reaching safepoint: 118541 ns, At safepoint: 7042 ns, Total: 125583 ns
[2025-12-03T14:12:36.174+0000][6][safepoint   ] Safepoint "Cleanup", Time since last: 2049674918 ns, Reaching safepoint: 5761250 ns, At safepoint: 25583 ns, Total: 5786833 ns
[2025-12-03T14:12:37.235+0000][6][safepoint   ] Safepoint "Cleanup", Time since last: 1060515792 ns, Reaching safepoint: 259042 ns, At safepoint: 5500 ns, Total: 264542 ns
[2025-12-03T14:12:38.236+0000][6][safepoint   ] Safepoint "Cleanup", Time since last: 1000861792 ns, Reaching safepoint: 353500 ns, At safepoint: 25875 ns, Total: 379375 ns
[2025-12-03T14:12:39.242+0000][6][safepoint   ] Safepoint "Cleanup", Time since last: 1005326417 ns, Reaching safepoint: 349375 ns, At safepoint: 4917 ns, Total: 354292 ns
[2025-12-03T14:12:40.294+0000][6][safepoint   ] Safepoint "Cleanup", Time since last: 1050832834 ns, Reaching safepoint: 642000 ns, At safepoint: 82875 ns, Total: 724875 ns
[2025-12-03T14:12:41.295+0000][6][safepoint   ] Safepoint "Cleanup", Time since last: 1001288333 ns, Reaching safepoint: 185500 ns, At safepoint: 13084 ns, Total: 198584 ns
[2025-12-03T14:12:42.297+0000][6][safepoint   ] Safepoint "Cleanup", Time since last: 1001737000 ns, Reaching safepoint: 220959 ns, At safepoint: 8833 ns, Total: 229792 ns
[2025-12-03T14:12:43.300+0000][6][safepoint   ] Safepoint "Cleanup", Time since last: 1002845667 ns, Reaching safepoint: 247792 ns, At safepoint: 11125 ns, Total: 258917 ns
[2025-12-03T14:12:45.307+0000][6][safepoint   ] Safepoint "Cleanup", Time since last: 2005543042 ns, Reaching safepoint: 722459 ns, At safepoint: 185791 ns, Total: 908250 ns
[2025-12-03T14:12:46.309+0000][6][safepoint   ] Safepoint "Cleanup", Time since last: 1002417793 ns, Reaching safepoint: 300500 ns, At safepoint: 11083 ns, Total: 311583 ns
[2025-12-03T14:12:48.313+0000][6][safepoint   ] Safepoint "Cleanup", Time since last: 2003752793 ns, Reaching safepoint: 266708 ns, At safepoint: 5250 ns, Total: 271958 ns
[2025-12-03T14:12:49.315+0000][6][safepoint   ] Safepoint "Cleanup", Time since last: 1001282917 ns, Reaching safepoint: 112458 ns, At safepoint: 3667 ns, Total: 116125 ns
[2025-12-03T14:12:51.319+0000][6][safepoint   ] Safepoint "Cleanup", Time since last: 2003625668 ns, Reaching safepoint: 171958 ns, At safepoint: 4208 ns, Total: 176166 ns
[2025-12-03T14:12:52.364+0000][6][safepoint   ] Safepoint "Cleanup", Time since last: 1040745751 ns, Reaching safepoint: 4187083 ns, At safepoint: 17875 ns, Total: 4204958 ns
[2025-12-03T14:12:53.375+0000][6][safepoint   ] Safepoint "Cleanup", Time since last: 1009018251 ns, Reaching safepoint: 2517250 ns, At safepoint: 5875 ns, Total: 2523125 ns
[2025-12-03T14:12:54.377+0000][6][safepoint   ] Safepoint "Cleanup", Time since last: 1001041500 ns, Reaching safepoint: 901833 ns, At safepoint: 33625 ns, Total: 935458 ns
[2025-12-03T14:12:56.381+0000][6][safepoint   ] Safepoint "Cleanup", Time since last: 2001844501 ns, Reaching safepoint: 225208 ns, At safepoint: 6875 ns, Total: 232083 ns
[2025-12-03T14:12:57.382+0000][6][safepoint   ] Safepoint "Cleanup", Time since last: 1001249251 ns, Reaching safepoint: 251208 ns, At safepoint: 12000 ns, Total: 263208 ns
[2025-12-03T14:12:57.583+0000][6][gc,start    ] GC(25) Pause Young (Normal) (G1 Evacuation Pause)
[2025-12-03T14:12:57.584+0000][6][gc,task     ] GC(25) Using 8 workers of 8 for evacuation
[2025-12-03T14:12:57.591+0000][6][gc,age      ] GC(25) Desired survivor size 18874368 bytes, new threshold 6 (max threshold 15)
[2025-12-03T14:12:57.623+0000][6][gc,age      ] GC(25) Age table with threshold 6 (max threshold 15)
[2025-12-03T14:12:57.623+0000][6][gc,age      ] GC(25) - age   1:    2557784 bytes,    2557784 total
[2025-12-03T14:12:57.624+0000][6][gc,age      ] GC(25) - age   2:      87576 bytes,    2645360 total
[2025-12-03T14:12:57.624+0000][6][gc,age      ] GC(25) - age   3:     407456 bytes,    3052816 total
[2025-12-03T14:12:57.624+0000][6][gc,age      ] GC(25) - age   4:   11870760 bytes,   14923576 total
[2025-12-03T14:12:57.624+0000][6][gc,age      ] GC(25) - age   5:    1308280 bytes,   16231856 total
[2025-12-03T14:12:57.624+0000][6][gc,age      ] GC(25) - age   6:    1209752 bytes,   17441608 total
[2025-12-03T14:12:57.624+0000][6][gc,phases   ] GC(25)   Pre Evacuate Collection Set: 4.9ms
[2025-12-03T14:12:57.624+0000][6][gc,phases   ] GC(25)   Merge Heap Roots: 0.6ms
[2025-12-03T14:12:57.624+0000][6][gc,phases   ] GC(25)   Evacuate Collection Set: 27.0ms
[2025-12-03T14:12:57.624+0000][6][gc,phases   ] GC(25)   Post Evacuate Collection Set: 3.6ms
[2025-12-03T14:12:57.624+0000][6][gc,phases   ] GC(25)   Other: 9.0ms
[2025-12-03T14:12:57.624+0000][6][gc,heap     ] GC(25) Eden regions: 67->0(67)
[2025-12-03T14:12:57.624+0000][6][gc,heap     ] GC(25) Survivor regions: 5->5(9)
[2025-12-03T14:12:57.624+0000][6][gc,heap     ] GC(25) Old regions: 26->26
[2025-12-03T14:12:57.624+0000][6][gc,heap     ] GC(25) Archive regions: 2->2
[2025-12-03T14:12:57.624+0000][6][gc,heap     ] GC(25) Humongous regions: 2->2
[2025-12-03T14:12:57.624+0000][6][gc,metaspace] GC(25) Metaspace: 112548K(114240K)->112548K(114240K) NonClass: 97855K(98816K)->97855K(98816K) Class: 14692K(15424K)->14692K(15424K)
[2025-12-03T14:12:57.624+0000][6][gc          ] GC(25) Pause Young (Normal) (G1 Evacuation Pause) 401M->134M(512M) 41.656ms
[2025-12-03T14:12:57.624+0000][6][gc,cpu      ] GC(25) User=0.17s Sys=0.00s Real=0.04s
[2025-12-03T14:12:57.625+0000][6][safepoint   ] Safepoint "G1CollectForAllocation", Time since last: 195756208 ns, Reaching safepoint: 52959 ns, At safepoint: 46448000 ns, Total: 46500959 ns
[2025-12-03T14:12:58.644+0000][6][safepoint   ] Safepoint "Cleanup", Time since last: 1019533208 ns, Reaching safepoint: 254084 ns, At safepoint: 18166 ns, Total: 272250 ns
[2025-12-03T14:12:59.646+0000][6][safepoint   ] Safepoint "Cleanup", Time since last: 1000950209 ns, Reaching safepoint: 225125 ns, At safepoint: 12250 ns, Total: 237375 ns
[2025-12-03T14:13:00.646+0000][6][safepoint   ] Safepoint "Cleanup", Time since last: 1000718001 ns, Reaching safepoint: 93708 ns, At safepoint: 6833 ns, Total: 100541 ns
[2025-12-03T14:13:02.649+0000][6][safepoint   ] Safepoint "Cleanup", Time since last: 2002874793 ns, Reaching safepoint: 73333 ns, At safepoint: 3917 ns, Total: 77250 ns
[2025-12-03T14:13:03.651+0000][6][safepoint   ] Safepoint "Cleanup", Time since last: 1001413376 ns, Reaching safepoint: 61083 ns, At safepoint: 2708 ns, Total: 63791 ns
[2025-12-03T14:13:04.651+0000][6][safepoint   ] Safepoint "Cleanup", Time since last: 1000483084 ns, Reaching safepoint: 145625 ns, At safepoint: 6750 ns, Total: 152375 ns
[2025-12-03T14:13:05.652+0000][6][safepoint   ] Safepoint "Cleanup", Time since last: 1000529375 ns, Reaching safepoint: 101000 ns, At safepoint: 3792 ns, Total: 104792 ns
[2025-12-03T14:13:06.657+0000][6][safepoint   ] Safepoint "Cleanup", Time since last: 1004288667 ns, Reaching safepoint: 302917 ns, At safepoint: 9250 ns, Total: 312167 ns
[2025-12-03T14:13:08.659+0000][6][safepoint   ] Safepoint "Cleanup", Time since last: 2001800709 ns, Reaching safepoint: 98625 ns, At safepoint: 4500 ns, Total: 103125 ns
[2025-12-03T14:13:09.662+0000][6][safepoint   ] Safepoint "Cleanup", Time since last: 1003518417 ns, Reaching safepoint: 110792 ns, At safepoint: 6167 ns, Total: 116959 ns
[2025-12-03T14:13:10.663+0000][6][safepoint   ] Safepoint "Cleanup", Time since last: 1001086167 ns, Reaching safepoint: 134875 ns, At safepoint: 2583 ns, Total: 137458 ns
[2025-12-03T14:13:11.667+0000][6][safepoint   ] Safepoint "Cleanup", Time since last: 1002890251 ns, Reaching safepoint: 491833 ns, At safepoint: 149292 ns, Total: 641125 ns
[2025-12-03T14:13:12.669+0000][6][safepoint   ] Safepoint "Cleanup", Time since last: 1001771000 ns, Reaching safepoint: 127542 ns, At safepoint: 5500 ns, Total: 133042 ns
[2025-12-03T14:13:13.669+0000][6][safepoint   ] Safepoint "Cleanup", Time since last: 1000382250 ns, Reaching safepoint: 59959 ns, At safepoint: 3291 ns, Total: 63250 ns
[2025-12-03T14:13:14.672+0000][6][safepoint   ] Safepoint "Cleanup", Time since last: 1002199126 ns, Reaching safepoint: 114458 ns, At safepoint: 6792 ns, Total: 121250 ns
[2025-12-03T14:13:15.673+0000][6][safepoint   ] Safepoint "Cleanup", Time since last: 1001193292 ns, Reaching safepoint: 142250 ns, At safepoint: 5583 ns, Total: 147833 ns
[2025-12-03T14:13:16.674+0000][6][safepoint   ] Safepoint "Cleanup", Time since last: 1000877209 ns, Reaching safepoint: 168250 ns, At safepoint: 7750 ns, Total: 176000 ns
[2025-12-03T14:13:17.679+0000][6][safepoint   ] Safepoint "Cleanup", Time since last: 1004943834 ns, Reaching safepoint: 127375 ns, At safepoint: 4125 ns, Total: 131500 ns
[2025-12-03T14:13:18.686+0000][6][safepoint   ] Safepoint "Cleanup", Time since last: 1003245917 ns, Reaching safepoint: 3462208 ns, At safepoint: 10917 ns, Total: 3473125 ns
[2025-12-03T14:13:19.688+0000][6][safepoint   ] Safepoint "Cleanup", Time since last: 1001808917 ns, Reaching safepoint: 164375 ns, At safepoint: 12667 ns, Total: 177042 ns
[2025-12-03T14:13:20.690+0000][6][safepoint   ] Safepoint "Cleanup", Time since last: 1002106375 ns, Reaching safepoint: 54084 ns, At safepoint: 2375 ns, Total: 56459 ns
[2025-12-03T14:13:21.695+0000][6][safepoint   ] Safepoint "Cleanup", Time since last: 1003467792 ns, Reaching safepoint: 1258000 ns, At safepoint: 19916 ns, Total: 1277916 ns
[2025-12-03T14:13:22.698+0000][6][safepoint   ] Safepoint "Cleanup", Time since last: 1002788251 ns, Reaching safepoint: 112792 ns, At safepoint: 5208 ns, Total: 118000 ns
[2025-12-03T14:13:23.699+0000][6][safepoint   ] Safepoint "Cleanup", Time since last: 1000854834 ns, Reaching safepoint: 115166 ns, At safepoint: 3209 ns, Total: 118375 ns
[2025-12-03T14:13:24.700+0000][6][safepoint   ] Safepoint "Cleanup", Time since last: 1001085959 ns, Reaching safepoint: 125416 ns, At safepoint: 9417 ns, Total: 134833 ns
[2025-12-03T14:13:25.701+0000][6][safepoint   ] Safepoint "Cleanup", Time since last: 1000721375 ns, Reaching safepoint: 166792 ns, At safepoint: 5166 ns, Total: 171958 ns
[2025-12-03T14:13:27.627+0000][6][safepoint   ] Safepoint "Cleanup", Time since last: 1925213585 ns, Reaching safepoint: 476041 ns, At safepoint: 17792 ns, Total: 493833 ns
[2025-12-03T14:13:28.629+0000][6][safepoint   ] Safepoint "Cleanup", Time since last: 1001327667 ns, Reaching safepoint: 153958 ns, At safepoint: 11000 ns, Total: 164958 ns
[2025-12-03T14:13:29.630+0000][6][safepoint   ] Safepoint "Cleanup", Time since last: 1001354959 ns, Reaching safepoint: 111167 ns, At safepoint: 39458 ns, Total: 150625 ns
[2025-12-03T14:13:31.634+0000][6][safepoint   ] Safepoint "Cleanup", Time since last: 2003953710 ns, Reaching safepoint: 185333 ns, At safepoint: 10833 ns, Total: 196166 ns
[2025-12-03T14:13:32.635+0000][6][safepoint   ] Safepoint "Cleanup", Time since last: 1000673959 ns, Reaching safepoint: 134958 ns, At safepoint: 6042 ns, Total: 141000 ns
[2025-12-03T14:13:33.636+0000][6][safepoint   ] Safepoint "Cleanup", Time since last: 1000983292 ns, Reaching safepoint: 248667 ns, At safepoint: 18583 ns, Total: 267250 ns
[2025-12-03T14:13:35.640+0000][6][safepoint   ] Safepoint "Cleanup", Time since last: 2003483543 ns, Reaching safepoint: 135583 ns, At safepoint: 8750 ns, Total: 144333 ns
[2025-12-03T14:13:36.645+0000][6][safepoint   ] Safepoint "Cleanup", Time since last: 1004527792 ns, Reaching safepoint: 443084 ns, At safepoint: 23958 ns, Total: 467042 ns
[2025-12-03T14:13:38.648+0000][6][safepoint   ] Safepoint "Cleanup", Time since last: 2003225501 ns, Reaching safepoint: 73375 ns, At safepoint: 2917 ns, Total: 76292 ns
[2025-12-03T14:13:40.347+0000][6][safepoint   ] Safepoint "Cleanup", Time since last: 1698757500 ns, Reaching safepoint: 369709 ns, At safepoint: 8750 ns, Total: 378459 ns
[2025-12-03T14:13:41.350+0000][6][safepoint   ] Safepoint "Cleanup", Time since last: 1002256209 ns, Reaching safepoint: 186041 ns, At safepoint: 22667 ns, Total: 208708 ns
[2025-12-03T14:13:41.639+0000][6][gc,start    ] GC(26) Pause Young (Normal) (G1 Evacuation Pause)
[2025-12-03T14:13:41.639+0000][6][gc,task     ] GC(26) Using 8 workers of 8 for evacuation
[2025-12-03T14:13:41.639+0000][6][gc,age      ] GC(26) Desired survivor size 18874368 bytes, new threshold 15 (max threshold 15)
[2025-12-03T14:13:41.655+0000][6][gc,age      ] GC(26) Age table with threshold 15 (max threshold 15)
[2025-12-03T14:13:41.656+0000][6][gc,age      ] GC(26) - age   1:     785136 bytes,     785136 total
[2025-12-03T14:13:41.656+0000][6][gc,age      ] GC(26) - age   2:    1089168 bytes,    1874304 total
[2025-12-03T14:13:41.656+0000][6][gc,age      ] GC(26) - age   3:      77968 bytes,    1952272 total
[2025-12-03T14:13:41.656+0000][6][gc,age      ] GC(26) - age   4:     406720 bytes,    2358992 total
[2025-12-03T14:13:41.656+0000][6][gc,age      ] GC(26) - age   5:   11867608 bytes,   14226600 total
[2025-12-03T14:13:41.656+0000][6][gc,age      ] GC(26) - age   6:    1308152 bytes,   15534752 total
[2025-12-03T14:13:41.656+0000][6][gc,age      ] GC(26) - age   7:    1209752 bytes,   16744504 total
[2025-12-03T14:13:41.656+0000][6][gc,phases   ] GC(26)   Pre Evacuate Collection Set: 0.3ms
[2025-12-03T14:13:41.656+0000][6][gc,phases   ] GC(26)   Merge Heap Roots: 0.2ms
[2025-12-03T14:13:41.656+0000][6][gc,phases   ] GC(26)   Evacuate Collection Set: 13.6ms
[2025-12-03T14:13:41.656+0000][6][gc,phases   ] GC(26)   Post Evacuate Collection Set: 1.8ms
[2025-12-03T14:13:41.656+0000][6][gc,phases   ] GC(26)   Other: 1.4ms
[2025-12-03T14:13:41.656+0000][6][gc,heap     ] GC(26) Eden regions: 67->0(68)
[2025-12-03T14:13:41.656+0000][6][gc,heap     ] GC(26) Survivor regions: 5->5(9)
[2025-12-03T14:13:41.657+0000][6][gc,heap     ] GC(26) Old regions: 26->26
[2025-12-03T14:13:41.657+0000][6][gc,heap     ] GC(26) Archive regions: 2->2
[2025-12-03T14:13:41.657+0000][6][gc,heap     ] GC(26) Humongous regions: 2->2
[2025-12-03T14:13:41.657+0000][6][gc,metaspace] GC(26) Metaspace: 112883K(114560K)->112883K(114560K) NonClass: 98184K(99136K)->98184K(99136K) Class: 14698K(15424K)->14698K(15424K)
[2025-12-03T14:13:41.657+0000][6][gc          ] GC(26) Pause Young (Normal) (G1 Evacuation Pause) 402M->133M(512M) 17.880ms
[2025-12-03T14:13:41.657+0000][6][gc,cpu      ] GC(26) User=0.10s Sys=0.00s Real=0.01s
[2025-12-03T14:13:41.657+0000][6][safepoint   ] Safepoint "G1CollectForAllocation", Time since last: 288923917 ns, Reaching safepoint: 62375 ns, At safepoint: 18209291 ns, Total: 18271666 ns
[2025-12-03T14:13:42.661+0000][6][safepoint   ] Safepoint "Cleanup", Time since last: 1004176751 ns, Reaching safepoint: 154833 ns, At safepoint: 5708 ns, Total: 160541 ns
[2025-12-03T14:13:43.662+0000][6][safepoint   ] Safepoint "Cleanup", Time since last: 1000668168 ns, Reaching safepoint: 81750 ns, At safepoint: 3666 ns, Total: 85416 ns
[2025-12-03T14:13:44.663+0000][6][safepoint   ] Safepoint "Cleanup", Time since last: 1000929542 ns, Reaching safepoint: 68792 ns, At safepoint: 4792 ns, Total: 73584 ns
[2025-12-03T14:13:45.666+0000][6][safepoint   ] Safepoint "Cleanup", Time since last: 1003009417 ns, Reaching safepoint: 358083 ns, At safepoint: 8792 ns, Total: 366875 ns
[2025-12-03T14:13:46.668+0000][6][safepoint   ] Safepoint "Cleanup", Time since last: 1000845459 ns, Reaching safepoint: 199083 ns, At safepoint: 18250 ns, Total: 217333 ns
[2025-12-03T14:13:47.669+0000][6][safepoint   ] Safepoint "Cleanup", Time since last: 1001481709 ns, Reaching safepoint: 108792 ns, At safepoint: 15708 ns, Total: 124500 ns
[2025-12-03T14:13:48.672+0000][6][safepoint   ] Safepoint "Cleanup", Time since last: 1002713709 ns, Reaching safepoint: 362500 ns, At safepoint: 13333 ns, Total: 375833 ns
[2025-12-03T14:13:50.675+0000][6][safepoint   ] Safepoint "Cleanup", Time since last: 2002666043 ns, Reaching safepoint: 132125 ns, At safepoint: 4625 ns, Total: 136750 ns
[2025-12-03T14:13:51.679+0000][6][safepoint   ] Safepoint "Cleanup", Time since last: 1004081958 ns, Reaching safepoint: 90625 ns, At safepoint: 4000 ns, Total: 94625 ns
[2025-12-03T14:13:52.680+0000][6][safepoint   ] Safepoint "Cleanup", Time since last: 1000766418 ns, Reaching safepoint: 126875 ns, At safepoint: 5208 ns, Total: 132083 ns
[2025-12-03T14:13:53.681+0000][6][safepoint   ] Safepoint "Cleanup", Time since last: 1000801875 ns, Reaching safepoint: 39959 ns, At safepoint: 1791 ns, Total: 41750 ns
[2025-12-03T14:13:56.685+0000][6][safepoint   ] Safepoint "Cleanup", Time since last: 3002941460 ns, Reaching safepoint: 112541 ns, At safepoint: 10709 ns, Total: 123250 ns
[2025-12-03T14:13:57.687+0000][6][safepoint   ] Safepoint "Cleanup", Time since last: 1001395625 ns, Reaching safepoint: 417042 ns, At safepoint: 16666 ns, Total: 433708 ns
[2025-12-03T14:13:58.689+0000][6][safepoint   ] Safepoint "Cleanup", Time since last: 1001943626 ns, Reaching safepoint: 196625 ns, At safepoint: 11541 ns, Total: 208166 ns
[2025-12-03T14:13:59.692+0000][6][safepoint   ] Safepoint "Cleanup", Time since last: 1002710251 ns, Reaching safepoint: 365125 ns, At safepoint: 22833 ns, Total: 387958 ns
[2025-12-03T14:14:00.693+0000][6][safepoint   ] Safepoint "Cleanup", Time since last: 1000821251 ns, Reaching safepoint: 79750 ns, At safepoint: 3416 ns, Total: 83166 ns
[2025-12-03T14:14:02.699+0000][6][safepoint   ] Safepoint "Cleanup", Time since last: 2005463251 ns, Reaching safepoint: 121625 ns, At safepoint: 4542 ns, Total: 126167 ns
[2025-12-03T14:14:03.699+0000][6][safepoint   ] Safepoint "Cleanup", Time since last: 1000364167 ns, Reaching safepoint: 58417 ns, At safepoint: 2500 ns, Total: 60917 ns
[2025-12-03T14:14:05.701+0000][6][safepoint   ] Safepoint "Cleanup", Time since last: 2001732917 ns, Reaching safepoint: 108875 ns, At safepoint: 15750 ns, Total: 124625 ns
[2025-12-03T14:14:06.703+0000][6][safepoint   ] Safepoint "Cleanup", Time since last: 1001629126 ns, Reaching safepoint: 213500 ns, At safepoint: 18042 ns, Total: 231542 ns
[2025-12-03T14:14:08.705+0000][6][safepoint   ] Safepoint "Cleanup", Time since last: 2002340501 ns, Reaching safepoint: 48333 ns, At safepoint: 2500 ns, Total: 50833 ns
[2025-12-03T14:14:09.708+0000][6][safepoint   ] Safepoint "Cleanup", Time since last: 1002254834 ns, Reaching safepoint: 131333 ns, At safepoint: 6708 ns, Total: 138041 ns
[2025-12-03T14:14:10.708+0000][6][safepoint   ] Safepoint "Cleanup", Time since last: 1000619084 ns, Reaching safepoint: 325917 ns, At safepoint: 4833 ns, Total: 330750 ns
[2025-12-03T14:14:11.710+0000][6][safepoint   ] Safepoint "Cleanup", Time since last: 1001455417 ns, Reaching safepoint: 117417 ns, At safepoint: 6583 ns, Total: 124000 ns
[2025-12-03T14:14:12.710+0000][6][safepoint   ] Safepoint "Cleanup", Time since last: 1000306292 ns, Reaching safepoint: 90417 ns, At safepoint: 3708 ns, Total: 94125 ns
[2025-12-03T14:14:13.711+0000][6][safepoint   ] Safepoint "Cleanup", Time since last: 1000450209 ns, Reaching safepoint: 58042 ns, At safepoint: 2792 ns, Total: 60834 ns
[2025-12-03T14:14:14.713+0000][6][safepoint   ] Safepoint "Cleanup", Time since last: 1001370167 ns, Reaching safepoint: 380875 ns, At safepoint: 15125 ns, Total: 396000 ns
[2025-12-03T14:14:15.714+0000][6][safepoint   ] Safepoint "Cleanup", Time since last: 1001290625 ns, Reaching safepoint: 67792 ns, At safepoint: 3667 ns, Total: 71459 ns
[2025-12-03T14:14:16.720+0000][6][safepoint   ] Safepoint "Cleanup", Time since last: 1005893875 ns, Reaching safepoint: 217875 ns, At safepoint: 11000 ns, Total: 228875 ns
[2025-12-03T14:14:17.723+0000][6][safepoint   ] Safepoint "Cleanup", Time since last: 1002780667 ns, Reaching safepoint: 52125 ns, At safepoint: 3542 ns, Total: 55667 ns
[2025-12-03T14:14:18.724+0000][6][safepoint   ] Safepoint "Cleanup", Time since last: 1000967042 ns, Reaching safepoint: 163625 ns, At safepoint: 11083 ns, Total: 174708 ns
[2025-12-03T14:14:20.727+0000][6][safepoint   ] Safepoint "Cleanup", Time since last: 2002906001 ns, Reaching safepoint: 82000 ns, At safepoint: 3334 ns, Total: 85334 ns
[2025-12-03T14:14:21.728+0000][6][safepoint   ] Safepoint "Cleanup", Time since last: 1000917583 ns, Reaching safepoint: 136959 ns, At safepoint: 7041 ns, Total: 144000 ns
[2025-12-03T14:14:22.729+0000][6][safepoint   ] Safepoint "Cleanup", Time since last: 1001092584 ns, Reaching safepoint: 115709 ns, At safepoint: 5083 ns, Total: 120792 ns
[2025-12-03T14:14:23.730+0000][6][safepoint   ] Safepoint "Cleanup", Time since last: 1000672084 ns, Reaching safepoint: 91375 ns, At safepoint: 3333 ns, Total: 94708 ns
[2025-12-03T14:14:24.731+0000][6][safepoint   ] Safepoint "Cleanup", Time since last: 1000726459 ns, Reaching safepoint: 179292 ns, At safepoint: 3166 ns, Total: 182458 ns
[2025-12-03T14:14:25.733+0000][6][safepoint   ] Safepoint "Cleanup", Time since last: 1000926750 ns, Reaching safepoint: 292500 ns, At safepoint: 12875 ns, Total: 305375 ns
[2025-12-03T14:14:26.734+0000][6][safepoint   ] Safepoint "Cleanup", Time since last: 1001110918 ns, Reaching safepoint: 166583 ns, At safepoint: 3542 ns, Total: 170125 ns
[2025-12-03T14:14:27.736+0000][6][safepoint   ] Safepoint "Cleanup", Time since last: 1001488667 ns, Reaching safepoint: 289958 ns, At safepoint: 42458 ns, Total: 332416 ns
[2025-12-03T14:14:28.737+0000][6][safepoint   ] Safepoint "Cleanup", Time since last: 1000614001 ns, Reaching safepoint: 307208 ns, At safepoint: 22333 ns, Total: 329541 ns
[2025-12-03T14:14:29.641+0000][6][gc,start    ] GC(27) Pause Young (Normal) (G1 Evacuation Pause)
[2025-12-03T14:14:29.641+0000][6][gc,task     ] GC(27) Using 8 workers of 8 for evacuation
[2025-12-03T14:14:29.642+0000][6][gc,age      ] GC(27) Desired survivor size 20971520 bytes, new threshold 15 (max threshold 15)
[2025-12-03T14:14:29.661+0000][6][gc,age      ] GC(27) Age table with threshold 15 (max threshold 15)
[2025-12-03T14:14:29.661+0000][6][gc,age      ] GC(27) - age   1:    1938184 bytes,    1938184 total
[2025-12-03T14:14:29.661+0000][6][gc,age      ] GC(27) - age   2:      35336 bytes,    1973520 total
[2025-12-03T14:14:29.661+0000][6][gc,age      ] GC(27) - age   3:    1068256 bytes,    3041776 total
[2025-12-03T14:14:29.661+0000][6][gc,age      ] GC(27) - age   4:      76000 bytes,    3117776 total
[2025-12-03T14:14:29.661+0000][6][gc,age      ] GC(27) - age   5:     406656 bytes,    3524432 total
[2025-12-03T14:14:29.661+0000][6][gc,age      ] GC(27) - age   6:   11867480 bytes,   15391912 total
[2025-12-03T14:14:29.661+0000][6][gc,age      ] GC(27) - age   7:    1308152 bytes,   16700064 total
[2025-12-03T14:14:29.662+0000][6][gc,age      ] GC(27) - age   8:    1209752 bytes,   17909816 total
[2025-12-03T14:14:29.662+0000][6][gc,phases   ] GC(27)   Pre Evacuate Collection Set: 0.5ms
[2025-12-03T14:14:29.662+0000][6][gc,phases   ] GC(27)   Merge Heap Roots: 0.3ms
[2025-12-03T14:14:29.662+0000][6][gc,phases   ] GC(27)   Evacuate Collection Set: 15.9ms
[2025-12-03T14:14:29.662+0000][6][gc,phases   ] GC(27)   Post Evacuate Collection Set: 2.4ms
[2025-12-03T14:14:29.662+0000][6][gc,phases   ] GC(27)   Other: 2.2ms
[2025-12-03T14:14:29.662+0000][6][gc,heap     ] GC(27) Eden regions: 68->0(68)
[2025-12-03T14:14:29.662+0000][6][gc,heap     ] GC(27) Survivor regions: 5->5(10)
[2025-12-03T14:14:29.662+0000][6][gc,heap     ] GC(27) Old regions: 26->26
[2025-12-03T14:14:29.662+0000][6][gc,heap     ] GC(27) Archive regions: 2->2
[2025-12-03T14:14:29.662+0000][6][gc,heap     ] GC(27) Humongous regions: 2->2
[2025-12-03T14:14:29.663+0000][6][gc,metaspace] GC(27) Metaspace: 113259K(114944K)->113259K(114944K) NonClass: 98561K(99520K)->98561K(99520K) Class: 14698K(15424K)->14698K(15424K)
[2025-12-03T14:14:29.663+0000][6][gc          ] GC(27) Pause Young (Normal) (G1 Evacuation Pause) 405M->135M(512M) 22.183ms
[2025-12-03T14:14:29.663+0000][6][gc,cpu      ] GC(27) User=0.12s Sys=0.00s Real=0.02s
[2025-12-03T14:14:29.663+0000][6][safepoint   ] Safepoint "G1CollectForAllocation", Time since last: 903172251 ns, Reaching safepoint: 146292 ns, At safepoint: 22687166 ns, Total: 22833458 ns
[2025-12-03T14:14:31.665+0000][6][safepoint   ] Safepoint "Cleanup", Time since last: 2001770168 ns, Reaching safepoint: 181792 ns, At safepoint: 11458 ns, Total: 193250 ns
[2025-12-03T14:14:32.666+0000][6][safepoint   ] Safepoint "Cleanup", Time since last: 1000601834 ns, Reaching safepoint: 103250 ns, At safepoint: 6875 ns, Total: 110125 ns
[2025-12-03T14:14:33.667+0000][6][safepoint   ] Safepoint "Cleanup", Time since last: 1000907250 ns, Reaching safepoint: 131334 ns, At safepoint: 4958 ns, Total: 136292 ns
[2025-12-03T14:14:34.668+0000][6][safepoint   ] Safepoint "Cleanup", Time since last: 1001278667 ns, Reaching safepoint: 432458 ns, At safepoint: 13959 ns, Total: 446417 ns
[2025-12-03T14:14:35.670+0000][6][safepoint   ] Safepoint "Cleanup", Time since last: 1001642833 ns, Reaching safepoint: 52292 ns, At safepoint: 2792 ns, Total: 55084 ns
[2025-12-03T14:14:36.673+0000][6][safepoint   ] Safepoint "Cleanup", Time since last: 1001105459 ns, Reaching safepoint: 1466875 ns, At safepoint: 14333 ns, Total: 1481208 ns
[2025-12-03T14:14:37.676+0000][6][safepoint   ] Safepoint "Cleanup", Time since last: 1003168917 ns, Reaching safepoint: 103458 ns, At safepoint: 6584 ns, Total: 110042 ns
[2025-12-03T14:14:38.677+0000][6][safepoint   ] Safepoint "Cleanup", Time since last: 1000599084 ns, Reaching safepoint: 260541 ns, At safepoint: 11000 ns, Total: 271541 ns
[2025-12-03T14:14:39.679+0000][6][safepoint   ] Safepoint "Cleanup", Time since last: 1002008709 ns, Reaching safepoint: 523333 ns, At safepoint: 16042 ns, Total: 539375 ns
[2025-12-03T14:14:40.681+0000][6][safepoint   ] Safepoint "Cleanup", Time since last: 1001207834 ns, Reaching safepoint: 102000 ns, At safepoint: 4208 ns, Total: 106208 ns
[2025-12-03T14:14:41.682+0000][6][safepoint   ] Safepoint "Cleanup", Time since last: 1000756584 ns, Reaching safepoint: 149583 ns, At safepoint: 4500 ns, Total: 154083 ns
[2025-12-03T14:14:42.683+0000][6][safepoint   ] Safepoint "Cleanup", Time since last: 1000889251 ns, Reaching safepoint: 135500 ns, At safepoint: 8125 ns, Total: 143625 ns
[2025-12-03T14:14:43.684+0000][6][safepoint   ] Safepoint "Cleanup", Time since last: 1001157000 ns, Reaching safepoint: 168250 ns, At safepoint: 9250 ns, Total: 177500 ns
[2025-12-03T14:14:44.686+0000][6][safepoint   ] Safepoint "Cleanup", Time since last: 1002179751 ns, Reaching safepoint: 142875 ns, At safepoint: 19250 ns, Total: 162125 ns
[2025-12-03T14:14:45.692+0000][6][safepoint   ] Safepoint "Cleanup", Time since last: 1005712000 ns, Reaching safepoint: 215334 ns, At safepoint: 17583 ns, Total: 232917 ns
[2025-12-03T14:14:46.694+0000][6][safepoint   ] Safepoint "Cleanup", Time since last: 1001876209 ns, Reaching safepoint: 169750 ns, At safepoint: 6375 ns, Total: 176125 ns
[2025-12-03T14:14:47.696+0000][6][safepoint   ] Safepoint "Cleanup", Time since last: 1001965000 ns, Reaching safepoint: 158375 ns, At safepoint: 5334 ns, Total: 163709 ns
[2025-12-03T14:14:48.698+0000][6][safepoint   ] Safepoint "Cleanup", Time since last: 1001090917 ns, Reaching safepoint: 130833 ns, At safepoint: 4542 ns, Total: 135375 ns
[2025-12-03T14:14:49.699+0000][6][safepoint   ] Safepoint "Cleanup", Time since last: 1000787292 ns, Reaching safepoint: 88583 ns, At safepoint: 4375 ns, Total: 92958 ns
[2025-12-03T14:14:50.703+0000][6][safepoint   ] Safepoint "Cleanup", Time since last: 1002879834 ns, Reaching safepoint: 1091208 ns, At safepoint: 18625 ns, Total: 1109833 ns
[2025-12-03T14:14:51.705+0000][6][safepoint   ] Safepoint "Cleanup", Time since last: 1002453501 ns, Reaching safepoint: 180958 ns, At safepoint: 6125 ns, Total: 187083 ns
[2025-12-03T14:14:52.706+0000][6][safepoint   ] Safepoint "Cleanup", Time since last: 1000494751 ns, Reaching safepoint: 107666 ns, At safepoint: 4584 ns, Total: 112250 ns
[2025-12-03T14:14:53.707+0000][6][safepoint   ] Safepoint "Cleanup", Time since last: 1000720417 ns, Reaching safepoint: 72583 ns, At safepoint: 3333 ns, Total: 75916 ns
[2025-12-03T14:14:56.711+0000][6][safepoint   ] Safepoint "Cleanup", Time since last: 3003041959 ns, Reaching safepoint: 72709 ns, At safepoint: 4000 ns, Total: 76709 ns
[2025-12-03T14:14:57.713+0000][6][safepoint   ] Safepoint "Cleanup", Time since last: 1001039542 ns, Reaching safepoint: 306083 ns, At safepoint: 31417 ns, Total: 337500 ns
[2025-12-03T14:14:58.714+0000][6][safepoint   ] Safepoint "Cleanup", Time since last: 1001596292 ns, Reaching safepoint: 118333 ns, At safepoint: 7792 ns, Total: 126125 ns
[2025-12-03T14:14:59.715+0000][6][safepoint   ] Safepoint "Cleanup", Time since last: 1000692084 ns, Reaching safepoint: 88166 ns, At safepoint: 3959 ns, Total: 92125 ns
[2025-12-03T14:15:00.716+0000][6][safepoint   ] Safepoint "Cleanup", Time since last: 1000862417 ns, Reaching safepoint: 56000 ns, At safepoint: 9041 ns, Total: 65041 ns
[2025-12-03T14:15:02.719+0000][6][safepoint   ] Safepoint "Cleanup", Time since last: 2002357043 ns, Reaching safepoint: 481583 ns, At safepoint: 33042 ns, Total: 514625 ns
[2025-12-03T14:15:03.720+0000][6][safepoint   ] Safepoint "Cleanup", Time since last: 1001138876 ns, Reaching safepoint: 101208 ns, At safepoint: 5000 ns, Total: 106208 ns
[2025-12-03T14:15:04.721+0000][6][safepoint   ] Safepoint "Cleanup", Time since last: 1001054959 ns, Reaching safepoint: 101583 ns, At safepoint: 7542 ns, Total: 109125 ns
[2025-12-03T14:15:05.722+0000][6][safepoint   ] Safepoint "Cleanup", Time since last: 1000592958 ns, Reaching safepoint: 125500 ns, At safepoint: 3500 ns, Total: 129000 ns
[2025-12-03T14:15:06.727+0000][6][safepoint   ] Safepoint "Cleanup", Time since last: 1004431209 ns, Reaching safepoint: 595000 ns, At safepoint: 10875 ns, Total: 605875 ns
[2025-12-03T14:15:08.282+0000][6][safepoint   ] Safepoint "ICBufferFull", Time since last: 1552821668 ns, Reaching safepoint: 1602833 ns, At safepoint: 104583 ns, Total: 1707416 ns
[2025-12-03T14:15:08.285+0000][6][safepoint   ] Safepoint "ICBufferFull", Time since last: 3023084 ns, Reaching safepoint: 148750 ns, At safepoint: 29375 ns, Total: 178125 ns
[2025-12-03T14:15:08.289+0000][6][safepoint   ] Safepoint "ICBufferFull", Time since last: 3366541 ns, Reaching safepoint: 847959 ns, At safepoint: 14291 ns, Total: 862250 ns
[2025-12-03T14:15:08.295+0000][6][safepoint   ] Safepoint "ICBufferFull", Time since last: 6001667 ns, Reaching safepoint: 118208 ns, At safepoint: 13792 ns, Total: 132000 ns
[2025-12-03T14:15:08.301+0000][6][safepoint   ] Safepoint "ICBufferFull", Time since last: 5478542 ns, Reaching safepoint: 192250 ns, At safepoint: 22208 ns, Total: 214458 ns
[2025-12-03T14:15:08.401+0000][6][safepoint   ] Safepoint "ICBufferFull", Time since last: 98334167 ns, Reaching safepoint: 1197125 ns, At safepoint: 626583 ns, Total: 1823708 ns
[2025-12-03T14:15:08.493+0000][6][safepoint   ] Safepoint "ICBufferFull", Time since last: 91490417 ns, Reaching safepoint: 256291 ns, At safepoint: 4834 ns, Total: 261125 ns
[2025-12-03T14:15:08.535+0000][6][safepoint   ] Safepoint "ICBufferFull", Time since last: 41652875 ns, Reaching safepoint: 246208 ns, At safepoint: 9417 ns, Total: 255625 ns
[2025-12-03T14:15:08.557+0000][6][safepoint   ] Safepoint "ICBufferFull", Time since last: 21748125 ns, Reaching safepoint: 173792 ns, At safepoint: 6375 ns, Total: 180167 ns
[2025-12-03T14:15:08.788+0000][6][gc,start    ] GC(28) Pause Young (Normal) (G1 Evacuation Pause)
[2025-12-03T14:15:08.788+0000][6][gc,task     ] GC(28) Using 8 workers of 8 for evacuation
[2025-12-03T14:15:08.788+0000][6][gc,age      ] GC(28) Desired survivor size 20971520 bytes, new threshold 15 (max threshold 15)
[2025-12-03T14:15:08.799+0000][6][gc,age      ] GC(28) Age table with threshold 15 (max threshold 15)
[2025-12-03T14:15:08.799+0000][6][gc,age      ] GC(28) - age   1:    5761056 bytes,    5761056 total
[2025-12-03T14:15:08.799+0000][6][gc,age      ] GC(28) - age   2:      82216 bytes,    5843272 total
[2025-12-03T14:15:08.799+0000][6][gc,age      ] GC(28) - age   3:      32128 bytes,    5875400 total
[2025-12-03T14:15:08.799+0000][6][gc,age      ] GC(28) - age   4:    1065392 bytes,    6940792 total
[2025-12-03T14:15:08.799+0000][6][gc,age      ] GC(28) - age   5:      73288 bytes,    7014080 total
[2025-12-03T14:15:08.799+0000][6][gc,age      ] GC(28) - age   6:     304760 bytes,    7318840 total
[2025-12-03T14:15:08.799+0000][6][gc,age      ] GC(28) - age   7:   11867256 bytes,   19186096 total
[2025-12-03T14:15:08.800+0000][6][gc,age      ] GC(28) - age   8:    1297576 bytes,   20483672 total
[2025-12-03T14:15:08.800+0000][6][gc,age      ] GC(28) - age   9:    1209120 bytes,   21692792 total
[2025-12-03T14:15:08.800+0000][6][gc,phases   ] GC(28)   Pre Evacuate Collection Set: 0.2ms
[2025-12-03T14:15:08.800+0000][6][gc,phases   ] GC(28)   Merge Heap Roots: 0.1ms
[2025-12-03T14:15:08.800+0000][6][gc,phases   ] GC(28)   Evacuate Collection Set: 9.7ms
[2025-12-03T14:15:08.800+0000][6][gc,phases   ] GC(28)   Post Evacuate Collection Set: 1.1ms
[2025-12-03T14:15:08.800+0000][6][gc,phases   ] GC(28)   Other: 1.0ms
[2025-12-03T14:15:08.800+0000][6][gc,heap     ] GC(28) Eden regions: 68->0(66)
[2025-12-03T14:15:08.800+0000][6][gc,heap     ] GC(28) Survivor regions: 5->6(10)
[2025-12-03T14:15:08.800+0000][6][gc,heap     ] GC(28) Old regions: 26->26
[2025-12-03T14:15:08.800+0000][6][gc,heap     ] GC(28) Archive regions: 2->2
[2025-12-03T14:15:08.800+0000][6][gc,heap     ] GC(28) Humongous regions: 2->2
[2025-12-03T14:15:08.800+0000][6][gc,metaspace] GC(28) Metaspace: 114580K(116224K)->114580K(116224K) NonClass: 99719K(100608K)->99719K(100608K) Class: 14861K(15616K)->14861K(15616K)
[2025-12-03T14:15:08.800+0000][6][gc          ] GC(28) Pause Young (Normal) (G1 Evacuation Pause) 407M->138M(512M) 12.561ms
[2025-12-03T14:15:08.800+0000][6][gc,cpu      ] GC(28) User=0.07s Sys=0.00s Real=0.01s
[2025-12-03T14:15:08.800+0000][6][safepoint   ] Safepoint "G1CollectForAllocation", Time since last: 230721541 ns, Reaching safepoint: 136917 ns, At safepoint: 12788708 ns, Total: 12925625 ns
[2025-12-03T14:15:08.878+0000][6][safepoint   ] Safepoint "ICBufferFull", Time since last: 77589334 ns, Reaching safepoint: 182416 ns, At safepoint: 9792 ns, Total: 192208 ns
[2025-12-03T14:15:08.881+0000][6][safepoint   ] Safepoint "ICBufferFull", Time since last: 3140417 ns, Reaching safepoint: 197958 ns, At safepoint: 9000 ns, Total: 206958 ns
[2025-12-03T14:15:08.907+0000][6][safepoint   ] Safepoint "ICBufferFull", Time since last: 25334542 ns, Reaching safepoint: 379875 ns, At safepoint: 8875 ns, Total: 388750 ns
[2025-12-03T14:15:08.914+0000][6][safepoint   ] Safepoint "ICBufferFull", Time since last: 6326708 ns, Reaching safepoint: 772458 ns, At safepoint: 20625 ns, Total: 793083 ns
[2025-12-03T14:15:09.409+0000][6][safepoint   ] Safepoint "ICBufferFull", Time since last: 494376876 ns, Reaching safepoint: 149208 ns, At safepoint: 4083 ns, Total: 153291 ns
[2025-12-03T14:15:10.410+0000][6][safepoint   ] Safepoint "Cleanup", Time since last: 1000739376 ns, Reaching safepoint: 463791 ns, At safepoint: 28042 ns, Total: 491833 ns
[2025-12-03T14:15:10.718+0000][6][safepoint   ] Safepoint "ICBufferFull", Time since last: 308120625 ns, Reaching safepoint: 229959 ns, At safepoint: 3833 ns, Total: 233792 ns
[2025-12-03T14:15:11.721+0000][6][safepoint   ] Safepoint "Cleanup", Time since last: 1001951084 ns, Reaching safepoint: 929416 ns, At safepoint: 7959 ns, Total: 937375 ns
[2025-12-03T14:15:12.728+0000][6][safepoint   ] Safepoint "Cleanup", Time since last: 1006589583 ns, Reaching safepoint: 293042 ns, At safepoint: 8792 ns, Total: 301834 ns
[2025-12-03T14:15:13.765+0000][6][safepoint   ] Safepoint "Cleanup", Time since last: 1006714834 ns, Reaching safepoint: 30028541 ns, At safepoint: 22584 ns, Total: 30051125 ns
[2025-12-03T14:15:14.768+0000][6][safepoint   ] Safepoint "Cleanup", Time since last: 1002725375 ns, Reaching safepoint: 116625 ns, At safepoint: 3542 ns, Total: 120167 ns
[2025-12-03T14:15:15.769+0000][6][safepoint   ] Safepoint "Cleanup", Time since last: 1001577792 ns, Reaching safepoint: 58583 ns, At safepoint: 2917 ns, Total: 61500 ns
[2025-12-03T14:15:16.777+0000][6][safepoint   ] Safepoint "Cleanup", Time since last: 1006152500 ns, Reaching safepoint: 924917 ns, At safepoint: 20000 ns, Total: 944917 ns
[2025-12-03T14:15:18.780+0000][6][safepoint   ] Safepoint "Cleanup", Time since last: 2003740418 ns, Reaching safepoint: 98291 ns, At safepoint: 5125 ns, Total: 103416 ns
[2025-12-03T14:15:20.782+0000][6][safepoint   ] Safepoint "Cleanup", Time since last: 2001859335 ns, Reaching safepoint: 69833 ns, At safepoint: 3625 ns, Total: 73458 ns
[2025-12-03T14:15:22.786+0000][6][safepoint   ] Safepoint "Cleanup", Time since last: 2002941584 ns, Reaching safepoint: 396500 ns, At safepoint: 11542 ns, Total: 408042 ns
[2025-12-03T14:15:23.786+0000][6][safepoint   ] Safepoint "Cleanup", Time since last: 1000516917 ns, Reaching safepoint: 217708 ns, At safepoint: 4250 ns, Total: 221958 ns
[2025-12-03T14:15:25.788+0000][6][safepoint   ] Safepoint "Cleanup", Time since last: 2001641626 ns, Reaching safepoint: 76541 ns, At safepoint: 3209 ns, Total: 79750 ns
[2025-12-03T14:15:26.789+0000][6][safepoint   ] Safepoint "Cleanup", Time since last: 1001108834 ns, Reaching safepoint: 98708 ns, At safepoint: 3042 ns, Total: 101750 ns
[2025-12-03T14:15:27.792+0000][6][safepoint   ] Safepoint "Cleanup", Time since last: 1002104417 ns, Reaching safepoint: 74083 ns, At safepoint: 2917 ns, Total: 77000 ns
[2025-12-03T14:15:28.793+0000][6][safepoint   ] Safepoint "Cleanup", Time since last: 1000806750 ns, Reaching safepoint: 193459 ns, At safepoint: 22750 ns, Total: 216209 ns
[2025-12-03T14:15:29.794+0000][6][safepoint   ] Safepoint "Cleanup", Time since last: 1000778583 ns, Reaching safepoint: 93167 ns, At safepoint: 5167 ns, Total: 98334 ns
[2025-12-03T14:15:30.794+0000][6][safepoint   ] Safepoint "Cleanup", Time since last: 1000647417 ns, Reaching safepoint: 166750 ns, At safepoint: 14375 ns, Total: 181125 ns
[2025-12-03T14:15:32.683+0000][6][gc,start    ] GC(29) Pause Young (Normal) (G1 Evacuation Pause)
[2025-12-03T14:15:32.684+0000][6][gc,task     ] GC(29) Using 8 workers of 8 for evacuation
[2025-12-03T14:15:32.684+0000][6][gc,age      ] GC(29) Desired survivor size 18874368 bytes, new threshold 7 (max threshold 15)
[2025-12-03T14:15:32.697+0000][6][gc,age      ] GC(29) Age table with threshold 7 (max threshold 15)
[2025-12-03T14:15:32.697+0000][6][gc,age      ] GC(29) - age   1:   11905560 bytes,   11905560 total
[2025-12-03T14:15:32.697+0000][6][gc,age      ] GC(29) - age   2:    1857304 bytes,   13762864 total
[2025-12-03T14:15:32.697+0000][6][gc,age      ] GC(29) - age   3:      38736 bytes,   13801600 total
[2025-12-03T14:15:32.697+0000][6][gc,age      ] GC(29) - age   4:      13840 bytes,   13815440 total
[2025-12-03T14:15:32.697+0000][6][gc,age      ] GC(29) - age   5:      38624 bytes,   13854064 total
[2025-12-03T14:15:32.697+0000][6][gc,age      ] GC(29) - age   6:      37352 bytes,   13891416 total
[2025-12-03T14:15:32.697+0000][6][gc,age      ] GC(29) - age   7:     221272 bytes,   14112688 total
[2025-12-03T14:15:32.697+0000][6][gc,phases   ] GC(29)   Pre Evacuate Collection Set: 0.3ms
[2025-12-03T14:15:32.697+0000][6][gc,phases   ] GC(29)   Merge Heap Roots: 0.2ms
[2025-12-03T14:15:32.697+0000][6][gc,phases   ] GC(29)   Evacuate Collection Set: 11.1ms
[2025-12-03T14:15:32.698+0000][6][gc,phases   ] GC(29)   Post Evacuate Collection Set: 1.5ms
[2025-12-03T14:15:32.698+0000][6][gc,phases   ] GC(29)   Other: 1.0ms
[2025-12-03T14:15:32.698+0000][6][gc,heap     ] GC(29) Eden regions: 66->0(67)
[2025-12-03T14:15:32.698+0000][6][gc,heap     ] GC(29) Survivor regions: 6->4(9)
[2025-12-03T14:15:32.698+0000][6][gc,heap     ] GC(29) Old regions: 26->27
[2025-12-03T14:15:32.698+0000][6][gc,heap     ] GC(29) Archive regions: 2->2
[2025-12-03T14:15:32.698+0000][6][gc,heap     ] GC(29) Humongous regions: 2->2
[2025-12-03T14:15:32.698+0000][6][gc,metaspace] GC(29) Metaspace: 114872K(116544K)->114872K(116544K) NonClass: 99982K(100928K)->99982K(100928K) Class: 14890K(15616K)->14890K(15616K)
[2025-12-03T14:15:32.698+0000][6][gc          ] GC(29) Pause Young (Normal) (G1 Evacuation Pause) 402M->134M(512M) 14.602ms
[2025-12-03T14:15:32.698+0000][6][gc,cpu      ] GC(29) User=0.08s Sys=0.00s Real=0.01s
[2025-12-03T14:15:32.698+0000][6][safepoint   ] Safepoint "G1CollectForAllocation", Time since last: 1888878709 ns, Reaching safepoint: 68750 ns, At safepoint: 14826708 ns, Total: 14895458 ns
[2025-12-03T14:15:33.700+0000][6][safepoint   ] Safepoint "Cleanup", Time since last: 1001765793 ns, Reaching safepoint: 350416 ns, At safepoint: 13417 ns, Total: 363833 ns
[2025-12-03T14:15:35.703+0000][6][safepoint   ] Safepoint "Cleanup", Time since last: 2003097876 ns, Reaching safepoint: 58416 ns, At safepoint: 2917 ns, Total: 61333 ns
[2025-12-03T14:15:36.706+0000][6][safepoint   ] Safepoint "Cleanup", Time since last: 1002142084 ns, Reaching safepoint: 283542 ns, At safepoint: 8750 ns, Total: 292292 ns
[2025-12-03T14:15:38.711+0000][6][safepoint   ] Safepoint "Cleanup", Time since last: 2002744042 ns, Reaching safepoint: 1957250 ns, At safepoint: 13167 ns, Total: 1970417 ns
[2025-12-03T14:15:39.712+0000][6][safepoint   ] Safepoint "Cleanup", Time since last: 1001204084 ns, Reaching safepoint: 459750 ns, At safepoint: 14708 ns, Total: 474458 ns
[2025-12-03T14:15:41.714+0000][6][safepoint   ] Safepoint "Cleanup", Time since last: 2001578001 ns, Reaching safepoint: 65458 ns, At safepoint: 3625 ns, Total: 69083 ns
[2025-12-03T14:15:42.716+0000][6][safepoint   ] Safepoint "Cleanup", Time since last: 1001604459 ns, Reaching safepoint: 71458 ns, At safepoint: 3500 ns, Total: 74958 ns
[2025-12-03T14:15:43.717+0000][6][safepoint   ] Safepoint "Cleanup", Time since last: 1001191709 ns, Reaching safepoint: 301459 ns, At safepoint: 15916 ns, Total: 317375 ns
[2025-12-03T14:15:44.718+0000][6][safepoint   ] Safepoint "Cleanup", Time since last: 1001101667 ns, Reaching safepoint: 139667 ns, At safepoint: 8500 ns, Total: 148167 ns
[2025-12-03T14:15:45.722+0000][6][safepoint   ] Safepoint "Cleanup", Time since last: 1003186167 ns, Reaching safepoint: 115334 ns, At safepoint: 7166 ns, Total: 122500 ns
[2025-12-03T14:15:46.723+0000][6][safepoint   ] Safepoint "Cleanup", Time since last: 1000668209 ns, Reaching safepoint: 350375 ns, At safepoint: 16625 ns, Total: 367000 ns
[2025-12-03T14:15:47.724+0000][6][safepoint   ] Safepoint "Cleanup", Time since last: 1001618917 ns, Reaching safepoint: 130250 ns, At safepoint: 7417 ns, Total: 137667 ns
[2025-12-03T14:15:48.726+0000][6][safepoint   ] Safepoint "Cleanup", Time since last: 1001122792 ns, Reaching safepoint: 283542 ns, At safepoint: 11125 ns, Total: 294667 ns
[2025-12-03T14:15:50.729+0000][6][safepoint   ] Safepoint "Cleanup", Time since last: 2003305459 ns, Reaching safepoint: 97583 ns, At safepoint: 9834 ns, Total: 107417 ns
[2025-12-03T14:15:51.733+0000][6][safepoint   ] Safepoint "Cleanup", Time since last: 1003380833 ns, Reaching safepoint: 87167 ns, At safepoint: 5375 ns, Total: 92542 ns
[2025-12-03T14:15:52.734+0000][6][safepoint   ] Safepoint "Cleanup", Time since last: 1001130417 ns, Reaching safepoint: 87334 ns, At safepoint: 3791 ns, Total: 91125 ns
[2025-12-03T14:15:53.735+0000][6][safepoint   ] Safepoint "Cleanup", Time since last: 1001206709 ns, Reaching safepoint: 94667 ns, At safepoint: 4625 ns, Total: 99292 ns
[2025-12-03T14:15:56.741+0000][6][safepoint   ] Safepoint "Cleanup", Time since last: 3002955501 ns, Reaching safepoint: 1620458 ns, At safepoint: 13792 ns, Total: 1634250 ns
[2025-12-03T14:15:57.744+0000][6][safepoint   ] Safepoint "Cleanup", Time since last: 1001832042 ns, Reaching safepoint: 637416 ns, At safepoint: 12209 ns, Total: 649625 ns
[2025-12-03T14:15:58.747+0000][6][safepoint   ] Safepoint "Cleanup", Time since last: 1002703792 ns, Reaching safepoint: 323458 ns, At safepoint: 23125 ns, Total: 346583 ns
[2025-12-03T14:15:59.748+0000][6][safepoint   ] Safepoint "Cleanup", Time since last: 1000761542 ns, Reaching safepoint: 114875 ns, At safepoint: 4167 ns, Total: 119042 ns
[2025-12-03T14:16:00.749+0000][6][safepoint   ] Safepoint "Cleanup", Time since last: 1000887959 ns, Reaching safepoint: 74083 ns, At safepoint: 2458 ns, Total: 76541 ns
[2025-12-03T14:16:01.751+0000][6][safepoint   ] Safepoint "Cleanup", Time since last: 1001716293 ns, Reaching safepoint: 206875 ns, At safepoint: 17250 ns, Total: 224125 ns
[2025-12-03T14:16:02.752+0000][6][safepoint   ] Safepoint "Cleanup", Time since last: 1000832250 ns, Reaching safepoint: 85042 ns, At safepoint: 3750 ns, Total: 88792 ns
[2025-12-03T14:16:03.752+0000][6][safepoint   ] Safepoint "Cleanup", Time since last: 1000559459 ns, Reaching safepoint: 267000 ns, At safepoint: 7666 ns, Total: 274666 ns
[2025-12-03T14:16:05.756+0000][6][safepoint   ] Safepoint "Cleanup", Time since last: 2002232501 ns, Reaching safepoint: 1394208 ns, At safepoint: 10917 ns, Total: 1405125 ns
[2025-12-03T14:16:06.758+0000][6][safepoint   ] Safepoint "Cleanup", Time since last: 1001825292 ns, Reaching safepoint: 156959 ns, At safepoint: 10083 ns, Total: 167042 ns
[2025-12-03T14:16:08.760+0000][6][safepoint   ] Safepoint "Cleanup", Time since last: 2001829626 ns, Reaching safepoint: 52083 ns, At safepoint: 3167 ns, Total: 55250 ns
[2025-12-03T14:16:09.761+0000][6][safepoint   ] Safepoint "Cleanup", Time since last: 1000961542 ns, Reaching safepoint: 186333 ns, At safepoint: 14542 ns, Total: 200875 ns
[2025-12-03T14:16:10.762+0000][6][safepoint   ] Safepoint "Cleanup", Time since last: 1000587417 ns, Reaching safepoint: 51042 ns, At safepoint: 2375 ns, Total: 53417 ns
[2025-12-03T14:16:11.763+0000][6][safepoint   ] Safepoint "Cleanup", Time since last: 1001008792 ns, Reaching safepoint: 96333 ns, At safepoint: 4792 ns, Total: 101125 ns
[2025-12-03T14:16:11.778+0000][6][gc,start    ] GC(30) Pause Young (Normal) (G1 Evacuation Pause)
[2025-12-03T14:16:11.778+0000][6][gc,task     ] GC(30) Using 8 workers of 8 for evacuation
[2025-12-03T14:16:11.778+0000][6][gc,age      ] GC(30) Desired survivor size 18874368 bytes, new threshold 15 (max threshold 15)
[2025-12-03T14:16:11.795+0000][6][gc,age      ] GC(30) Age table with threshold 15 (max threshold 15)
[2025-12-03T14:16:11.795+0000][6][gc,age      ] GC(30) - age   1:   13425144 bytes,   13425144 total
[2025-12-03T14:16:11.795+0000][6][gc,age      ] GC(30) - age   2:    2141752 bytes,   15566896 total
[2025-12-03T14:16:11.795+0000][6][gc,age      ] GC(30) - age   3:    1841320 bytes,   17408216 total
[2025-12-03T14:16:11.795+0000][6][gc,age      ] GC(30) - age   4:      35792 bytes,   17444008 total
[2025-12-03T14:16:11.795+0000][6][gc,age      ] GC(30) - age   5:      13456 bytes,   17457464 total
[2025-12-03T14:16:11.795+0000][6][gc,age      ] GC(30) - age   6:      38224 bytes,   17495688 total
[2025-12-03T14:16:11.795+0000][6][gc,age      ] GC(30) - age   7:      36592 bytes,   17532280 total
[2025-12-03T14:16:11.796+0000][6][gc,age      ] GC(30) - age   8:     221128 bytes,   17753408 total
[2025-12-03T14:16:11.796+0000][6][gc,phases   ] GC(30)   Pre Evacuate Collection Set: 0.3ms
[2025-12-03T14:16:11.796+0000][6][gc,phases   ] GC(30)   Merge Heap Roots: 0.2ms
[2025-12-03T14:16:11.796+0000][6][gc,phases   ] GC(30)   Evacuate Collection Set: 12.3ms
[2025-12-03T14:16:11.796+0000][6][gc,phases   ] GC(30)   Post Evacuate Collection Set: 3.6ms
[2025-12-03T14:16:11.796+0000][6][gc,phases   ] GC(30)   Other: 1.4ms
[2025-12-03T14:16:11.796+0000][6][gc,heap     ] GC(30) Eden regions: 67->0(63)
[2025-12-03T14:16:11.796+0000][6][gc,heap     ] GC(30) Survivor regions: 4->5(9)
[2025-12-03T14:16:11.797+0000][6][gc,heap     ] GC(30) Old regions: 27->27
[2025-12-03T14:16:11.797+0000][6][gc,heap     ] GC(30) Archive regions: 2->2
[2025-12-03T14:16:11.797+0000][6][gc,heap     ] GC(30) Humongous regions: 2->2
[2025-12-03T14:16:11.797+0000][6][gc,metaspace] GC(30) Metaspace: 115083K(116736K)->115083K(116736K) NonClass: 100190K(101120K)->100190K(101120K) Class: 14892K(15616K)->14892K(15616K)
[2025-12-03T14:16:11.797+0000][6][gc          ] GC(30) Pause Young (Normal) (G1 Evacuation Pause) 402M->138M(512M) 19.298ms
[2025-12-03T14:16:11.797+0000][6][gc,cpu      ] GC(30) User=0.08s Sys=0.00s Real=0.02s
[2025-12-03T14:16:11.798+0000][6][safepoint   ] Safepoint "G1CollectForAllocation", Time since last: 15018958 ns, Reaching safepoint: 35709 ns, At safepoint: 19978750 ns, Total: 20014459 ns
[2025-12-03T14:16:12.799+0000][6][safepoint   ] Safepoint "Cleanup", Time since last: 1001127875 ns, Reaching safepoint: 230667 ns, At safepoint: 14792 ns, Total: 245459 ns
[2025-12-03T14:16:13.800+0000][6][safepoint   ] Safepoint "Cleanup", Time since last: 1000771292 ns, Reaching safepoint: 264666 ns, At safepoint: 23584 ns, Total: 288250 ns
[2025-12-03T14:16:14.803+0000][6][safepoint   ] Safepoint "Cleanup", Time since last: 1002150292 ns, Reaching safepoint: 470666 ns, At safepoint: 5584 ns, Total: 476250 ns
[2025-12-03T14:16:15.804+0000][6][safepoint   ] Safepoint "Cleanup", Time since last: 1001410667 ns, Reaching safepoint: 70708 ns, At safepoint: 3667 ns, Total: 74375 ns
[2025-12-03T14:16:17.218+0000][6][safepoint   ] Safepoint "Cleanup", Time since last: 1413268542 ns, Reaching safepoint: 228084 ns, At safepoint: 6208 ns, Total: 234292 ns
[2025-12-03T14:16:19.220+0000][6][safepoint   ] Safepoint "Cleanup", Time since last: 2001870334 ns, Reaching safepoint: 161667 ns, At safepoint: 10917 ns, Total: 172584 ns
[2025-12-03T14:16:21.222+0000][6][safepoint   ] Safepoint "Cleanup", Time since last: 2001858042 ns, Reaching safepoint: 293334 ns, At safepoint: 11666 ns, Total: 305000 ns
[2025-12-03T14:16:22.224+0000][6][safepoint   ] Safepoint "Cleanup", Time since last: 1001853501 ns, Reaching safepoint: 74583 ns, At safepoint: 3125 ns, Total: 77708 ns
[2025-12-03T14:16:24.228+0000][6][safepoint   ] Safepoint "Cleanup", Time since last: 2004121959 ns, Reaching safepoint: 212625 ns, At safepoint: 10792 ns, Total: 223417 ns
[2025-12-03T14:16:25.230+0000][6][safepoint   ] Safepoint "Cleanup", Time since last: 1001336500 ns, Reaching safepoint: 496417 ns, At safepoint: 18375 ns, Total: 514792 ns
[2025-12-03T14:16:26.233+0000][6][safepoint   ] Safepoint "Cleanup", Time since last: 1001437750 ns, Reaching safepoint: 263250 ns, At safepoint: 15334 ns, Total: 278584 ns
[2025-12-03T14:16:27.233+0000][6][safepoint   ] Safepoint "Cleanup", Time since last: 1000690375 ns, Reaching safepoint: 155042 ns, At safepoint: 7166 ns, Total: 162208 ns
[2025-12-03T14:16:29.236+0000][6][safepoint   ] Safepoint "Cleanup", Time since last: 2002188460 ns, Reaching safepoint: 284500 ns, At safepoint: 16791 ns, Total: 301291 ns
[2025-12-03T14:16:30.238+0000][6][safepoint   ] Safepoint "Cleanup", Time since last: 1001395959 ns, Reaching safepoint: 254584 ns, At safepoint: 11583 ns, Total: 266167 ns
[2025-12-03T14:16:31.240+0000][6][safepoint   ] Safepoint "Cleanup", Time since last: 1001818834 ns, Reaching safepoint: 169875 ns, At safepoint: 8625 ns, Total: 178500 ns
[2025-12-03T14:16:32.240+0000][6][safepoint   ] Safepoint "Cleanup", Time since last: 1000660292 ns, Reaching safepoint: 81500 ns, At safepoint: 4083 ns, Total: 85583 ns
[2025-12-03T14:16:33.242+0000][6][safepoint   ] Safepoint "Cleanup", Time since last: 1000947167 ns, Reaching safepoint: 243417 ns, At safepoint: 10042 ns, Total: 253459 ns
[2025-12-03T14:16:34.243+0000][6][safepoint   ] Safepoint "Cleanup", Time since last: 1000773625 ns, Reaching safepoint: 168750 ns, At safepoint: 10083 ns, Total: 178833 ns
[2025-12-03T14:16:36.245+0000][6][safepoint   ] Safepoint "Cleanup", Time since last: 2002220293 ns, Reaching safepoint: 124667 ns, At safepoint: 13125 ns, Total: 137792 ns
[2025-12-03T14:16:37.246+0000][6][safepoint   ] Safepoint "Cleanup", Time since last: 1000631584 ns, Reaching safepoint: 248541 ns, At safepoint: 9000 ns, Total: 257541 ns
[2025-12-03T14:16:39.248+0000][6][safepoint   ] Safepoint "Cleanup", Time since last: 2001598584 ns, Reaching safepoint: 281834 ns, At safepoint: 6500 ns, Total: 288334 ns
[2025-12-03T14:16:41.250+0000][6][safepoint   ] Safepoint "Cleanup", Time since last: 2001714167 ns, Reaching safepoint: 136584 ns, At safepoint: 7375 ns, Total: 143959 ns
[2025-12-03T14:16:42.251+0000][6][safepoint   ] Safepoint "Cleanup", Time since last: 1001014750 ns, Reaching safepoint: 93292 ns, At safepoint: 6042 ns, Total: 99334 ns
[2025-12-03T14:16:44.252+0000][6][safepoint   ] Safepoint "Cleanup", Time since last: 2001681084 ns, Reaching safepoint: 79333 ns, At safepoint: 4750 ns, Total: 84083 ns
[2025-12-03T14:16:45.254+0000][6][safepoint   ] Safepoint "Cleanup", Time since last: 1000929542 ns, Reaching safepoint: 241667 ns, At safepoint: 22958 ns, Total: 264625 ns
[2025-12-03T14:16:46.256+0000][6][safepoint   ] Safepoint "Cleanup", Time since last: 1001972876 ns, Reaching safepoint: 128583 ns, At safepoint: 7834 ns, Total: 136417 ns
[2025-12-03T14:16:48.258+0000][6][safepoint   ] Safepoint "Cleanup", Time since last: 2001724000 ns, Reaching safepoint: 346667 ns, At safepoint: 13542 ns, Total: 360209 ns
[2025-12-03T14:16:49.261+0000][6][safepoint   ] Safepoint "Cleanup", Time since last: 1002706084 ns, Reaching safepoint: 177458 ns, At safepoint: 14583 ns, Total: 192041 ns
[2025-12-03T14:16:51.262+0000][6][safepoint   ] Safepoint "Cleanup", Time since last: 2001082126 ns, Reaching safepoint: 194167 ns, At safepoint: 13417 ns, Total: 207584 ns
[2025-12-03T14:16:54.267+0000][6][safepoint   ] Safepoint "Cleanup", Time since last: 3004540709 ns, Reaching safepoint: 852084 ns, At safepoint: 21000 ns, Total: 873084 ns
[2025-12-03T14:16:56.270+0000][6][safepoint   ] Safepoint "Cleanup", Time since last: 2001284417 ns, Reaching safepoint: 143708 ns, At safepoint: 6417 ns, Total: 150125 ns
[2025-12-03T14:16:59.273+0000][6][safepoint   ] Safepoint "Cleanup", Time since last: 3003471959 ns, Reaching safepoint: 65084 ns, At safepoint: 4375 ns, Total: 69459 ns
[2025-12-03T14:16:59.744+0000][6][gc,start    ] GC(31) Pause Young (Normal) (G1 Evacuation Pause)
[2025-12-03T14:16:59.744+0000][6][gc,task     ] GC(31) Using 8 workers of 8 for evacuation
[2025-12-03T14:16:59.744+0000][6][gc,age      ] GC(31) Desired survivor size 18874368 bytes, new threshold 15 (max threshold 15)
[2025-12-03T14:16:59.759+0000][6][gc,age      ] GC(31) Age table with threshold 15 (max threshold 15)
[2025-12-03T14:16:59.759+0000][6][gc,age      ] GC(31) - age   1:    2269784 bytes,    2269784 total
[2025-12-03T14:16:59.759+0000][6][gc,age      ] GC(31) - age   2:   11547616 bytes,   13817400 total
[2025-12-03T14:16:59.759+0000][6][gc,age      ] GC(31) - age   3:    1986552 bytes,   15803952 total
[2025-12-03T14:16:59.759+0000][6][gc,age      ] GC(31) - age   4:    1840064 bytes,   17644016 total
[2025-12-03T14:16:59.759+0000][6][gc,age      ] GC(31) - age   5:      35176 bytes,   17679192 total
[2025-12-03T14:16:59.759+0000][6][gc,age      ] GC(31) - age   6:      13328 bytes,   17692520 total
[2025-12-03T14:16:59.759+0000][6][gc,age      ] GC(31) - age   7:      38168 bytes,   17730688 total
[2025-12-03T14:16:59.759+0000][6][gc,age      ] GC(31) - age   8:      36528 bytes,   17767216 total
[2025-12-03T14:16:59.759+0000][6][gc,age      ] GC(31) - age   9:     221064 bytes,   17988280 total
[2025-12-03T14:16:59.759+0000][6][gc,phases   ] GC(31)   Pre Evacuate Collection Set: 0.3ms
[2025-12-03T14:16:59.759+0000][6][gc,phases   ] GC(31)   Merge Heap Roots: 0.1ms
[2025-12-03T14:16:59.759+0000][6][gc,phases   ] GC(31)   Evacuate Collection Set: 11.8ms
[2025-12-03T14:16:59.759+0000][6][gc,phases   ] GC(31)   Post Evacuate Collection Set: 2.1ms
[2025-12-03T14:16:59.759+0000][6][gc,phases   ] GC(31)   Other: 1.3ms
[2025-12-03T14:16:59.759+0000][6][gc,heap     ] GC(31) Eden regions: 63->0(65)
[2025-12-03T14:16:59.760+0000][6][gc,heap     ] GC(31) Survivor regions: 5->5(9)
[2025-12-03T14:16:59.760+0000][6][gc,heap     ] GC(31) Old regions: 27->27
[2025-12-03T14:16:59.760+0000][6][gc,heap     ] GC(31) Archive regions: 2->2
[2025-12-03T14:16:59.760+0000][6][gc,heap     ] GC(31) Humongous regions: 2->2
[2025-12-03T14:16:59.760+0000][6][gc,metaspace] GC(31) Metaspace: 115324K(117056K)->115324K(117056K) NonClass: 100432K(101440K)->100432K(101440K) Class: 14892K(15616K)->14892K(15616K)
[2025-12-03T14:16:59.760+0000][6][gc          ] GC(31) Pause Young (Normal) (G1 Evacuation Pause) 390M->137M(512M) 16.205ms
[2025-12-03T14:16:59.760+0000][6][gc,cpu      ] GC(31) User=0.10s Sys=0.00s Real=0.02s
[2025-12-03T14:16:59.760+0000][6][safepoint   ] Safepoint "G1CollectForAllocation", Time since last: 468898500 ns, Reaching safepoint: 1312750 ns, At safepoint: 16512000 ns, Total: 17824750 ns
[2025-12-03T14:17:01.763+0000][6][safepoint   ] Safepoint "Cleanup", Time since last: 2002617459 ns, Reaching safepoint: 346834 ns, At safepoint: 37125 ns, Total: 383959 ns
[2025-12-03T14:17:02.765+0000][6][safepoint   ] Safepoint "Cleanup", Time since last: 1002166083 ns, Reaching safepoint: 116500 ns, At safepoint: 3334 ns, Total: 119834 ns
[2025-12-03T14:17:03.768+0000][6][safepoint   ] Safepoint "Cleanup", Time since last: 1002305125 ns, Reaching safepoint: 262917 ns, At safepoint: 18000 ns, Total: 280917 ns
[2025-12-03T14:17:04.770+0000][6][safepoint   ] Safepoint "Cleanup", Time since last: 1002074250 ns, Reaching safepoint: 175750 ns, At safepoint: 10125 ns, Total: 185875 ns
[2025-12-03T14:17:05.774+0000][6][safepoint   ] Safepoint "Cleanup", Time since last: 1003315043 ns, Reaching safepoint: 148166 ns, At safepoint: 3750 ns, Total: 151916 ns
[2025-12-03T14:17:06.775+0000][6][safepoint   ] Safepoint "Cleanup", Time since last: 1001025834 ns, Reaching safepoint: 100458 ns, At safepoint: 2542 ns, Total: 103000 ns
[2025-12-03T14:17:08.775+0000][6][safepoint   ] Safepoint "Cleanup", Time since last: 2000600209 ns, Reaching safepoint: 61959 ns, At safepoint: 13666 ns, Total: 75625 ns
[2025-12-03T14:17:11.779+0000][6][safepoint   ] Safepoint "Cleanup", Time since last: 3003380210 ns, Reaching safepoint: 101625 ns, At safepoint: 3833 ns, Total: 105458 ns
[2025-12-03T14:17:12.781+0000][6][safepoint   ] Safepoint "Cleanup", Time since last: 1001601043 ns, Reaching safepoint: 357958 ns, At safepoint: 10458 ns, Total: 368416 ns
[2025-12-03T14:17:13.783+0000][6][safepoint   ] Safepoint "Cleanup", Time since last: 1002153126 ns, Reaching safepoint: 344250 ns, At safepoint: 12750 ns, Total: 357000 ns
[2025-12-03T14:17:14.786+0000][6][safepoint   ] Safepoint "Cleanup", Time since last: 1002782667 ns, Reaching safepoint: 69958 ns, At safepoint: 2458 ns, Total: 72416 ns
[2025-12-03T14:17:16.789+0000][6][safepoint   ] Safepoint "Cleanup", Time since last: 2002564293 ns, Reaching safepoint: 361708 ns, At safepoint: 31084 ns, Total: 392792 ns
[2025-12-03T14:17:18.794+0000][6][safepoint   ] Safepoint "Cleanup", Time since last: 2003436751 ns, Reaching safepoint: 1148458 ns, At safepoint: 32583 ns, Total: 1181041 ns
[2025-12-03T14:17:20.796+0000][6][safepoint   ] Safepoint "Cleanup", Time since last: 2002476085 ns, Reaching safepoint: 83458 ns, At safepoint: 3167 ns, Total: 86625 ns
[2025-12-03T14:17:22.799+0000][6][safepoint   ] Safepoint "Cleanup", Time since last: 2002178251 ns, Reaching safepoint: 184000 ns, At safepoint: 7166 ns, Total: 191166 ns
[2025-12-03T14:17:23.799+0000][6][safepoint   ] Safepoint "Cleanup", Time since last: 1000472876 ns, Reaching safepoint: 71291 ns, At safepoint: 3667 ns, Total: 74958 ns
[2025-12-03T14:17:24.802+0000][6][safepoint   ] Safepoint "Cleanup", Time since last: 1002642251 ns, Reaching safepoint: 399083 ns, At safepoint: 23417 ns, Total: 422500 ns
[2025-12-03T14:17:25.807+0000][6][safepoint   ] Safepoint "Cleanup", Time since last: 1003398166 ns, Reaching safepoint: 94209 ns, At safepoint: 10000 ns, Total: 104209 ns
[2025-12-03T14:17:26.809+0000][6][safepoint   ] Safepoint "Cleanup", Time since last: 1001971042 ns, Reaching safepoint: 95167 ns, At safepoint: 3375 ns, Total: 98542 ns
[2025-12-03T14:17:28.814+0000][6][safepoint   ] Safepoint "Cleanup", Time since last: 2003926209 ns, Reaching safepoint: 490000 ns, At safepoint: 14208 ns, Total: 504208 ns
[2025-12-03T14:17:29.816+0000][6][safepoint   ] Safepoint "Cleanup", Time since last: 1002096459 ns, Reaching safepoint: 79333 ns, At safepoint: 3959 ns, Total: 83292 ns
[2025-12-03T14:17:30.817+0000][6][safepoint   ] Safepoint "Cleanup", Time since last: 1000751458 ns, Reaching safepoint: 96417 ns, At safepoint: 4208 ns, Total: 100625 ns
[2025-12-03T14:17:32.819+0000][6][safepoint   ] Safepoint "Cleanup", Time since last: 2001822543 ns, Reaching safepoint: 168083 ns, At safepoint: 4625 ns, Total: 172708 ns
[2025-12-03T14:17:33.820+0000][6][safepoint   ] Safepoint "Cleanup", Time since last: 1001100334 ns, Reaching safepoint: 175750 ns, At safepoint: 10959 ns, Total: 186709 ns
[2025-12-03T14:17:35.822+0000][6][safepoint   ] Safepoint "Cleanup", Time since last: 2001552417 ns, Reaching safepoint: 60250 ns, At safepoint: 13750 ns, Total: 74000 ns
[2025-12-03T14:17:36.823+0000][6][safepoint   ] Safepoint "Cleanup", Time since last: 1000936751 ns, Reaching safepoint: 97083 ns, At safepoint: 7208 ns, Total: 104291 ns
[2025-12-03T14:17:38.826+0000][6][safepoint   ] Safepoint "Cleanup", Time since last: 2002926876 ns, Reaching safepoint: 77250 ns, At safepoint: 3000 ns, Total: 80250 ns
[2025-12-03T14:17:40.829+0000][6][safepoint   ] Safepoint "Cleanup", Time since last: 2002857876 ns, Reaching safepoint: 97250 ns, At safepoint: 3167 ns, Total: 100417 ns
[2025-12-03T14:17:41.830+0000][6][safepoint   ] Safepoint "Cleanup", Time since last: 1001641375 ns, Reaching safepoint: 131959 ns, At safepoint: 4541 ns, Total: 136500 ns
[2025-12-03T14:17:42.832+0000][6][safepoint   ] Safepoint "Cleanup", Time since last: 1001616584 ns, Reaching safepoint: 211500 ns, At safepoint: 20917 ns, Total: 232417 ns
[2025-12-03T14:17:43.833+0000][6][safepoint   ] Safepoint "Cleanup", Time since last: 1000399334 ns, Reaching safepoint: 262833 ns, At safepoint: 15333 ns, Total: 278166 ns
[2025-12-03T14:17:44.835+0000][6][safepoint   ] Safepoint "Cleanup", Time since last: 1002321876 ns, Reaching safepoint: 50416 ns, At safepoint: 2542 ns, Total: 52958 ns
[2025-12-03T14:17:45.836+0000][6][safepoint   ] Safepoint "Cleanup", Time since last: 1000466501 ns, Reaching safepoint: 43791 ns, At safepoint: 1917 ns, Total: 45708 ns
[2025-12-03T14:17:46.837+0000][6][safepoint   ] Safepoint "Cleanup", Time since last: 1001339875 ns, Reaching safepoint: 229084 ns, At safepoint: 18583 ns, Total: 247667 ns
[2025-12-03T14:17:47.839+0000][6][safepoint   ] Safepoint "Cleanup", Time since last: 1001376459 ns, Reaching safepoint: 107250 ns, At safepoint: 5750 ns, Total: 113000 ns
[2025-12-03T14:17:48.842+0000][6][safepoint   ] Safepoint "Cleanup", Time since last: 1001442917 ns, Reaching safepoint: 2070667 ns, At safepoint: 9791 ns, Total: 2080458 ns
[2025-12-03T14:17:50.845+0000][6][safepoint   ] Safepoint "Cleanup", Time since last: 2002147543 ns, Reaching safepoint: 199000 ns, At safepoint: 19250 ns, Total: 218250 ns
[2025-12-03T14:17:51.846+0000][6][safepoint   ] Safepoint "Cleanup", Time since last: 1000840042 ns, Reaching safepoint: 191708 ns, At safepoint: 11875 ns, Total: 203583 ns
[2025-12-03T14:17:52.847+0000][6][safepoint   ] Safepoint "Cleanup", Time since last: 1001091668 ns, Reaching safepoint: 311500 ns, At safepoint: 7583 ns, Total: 319083 ns
[2025-12-03T14:17:53.767+0000][6][gc,start    ] GC(32) Pause Young (Normal) (G1 Evacuation Pause)
[2025-12-03T14:17:53.767+0000][6][gc,task     ] GC(32) Using 8 workers of 8 for evacuation
[2025-12-03T14:17:53.768+0000][6][gc,age      ] GC(32) Desired survivor size 18874368 bytes, new threshold 15 (max threshold 15)
[2025-12-03T14:17:53.786+0000][6][gc,age      ] GC(32) Age table with threshold 15 (max threshold 15)
[2025-12-03T14:17:53.786+0000][6][gc,age      ] GC(32) - age   1:    3911952 bytes,    3911952 total
[2025-12-03T14:17:53.786+0000][6][gc,age      ] GC(32) - age   2:     111656 bytes,    4023608 total
[2025-12-03T14:17:53.786+0000][6][gc,age      ] GC(32) - age   3:   11525320 bytes,   15548928 total
[2025-12-03T14:17:53.786+0000][6][gc,age      ] GC(32) - age   4:    1985952 bytes,   17534880 total
[2025-12-03T14:17:53.786+0000][6][gc,age      ] GC(32) - age   5:    1839304 bytes,   19374184 total
[2025-12-03T14:17:53.786+0000][6][gc,age      ] GC(32) - age   6:      35016 bytes,   19409200 total
[2025-12-03T14:17:53.787+0000][6][gc,age      ] GC(32) - age   7:      13296 bytes,   19422496 total
[2025-12-03T14:17:53.787+0000][6][gc,age      ] GC(32) - age   8:      38168 bytes,   19460664 total
[2025-12-03T14:17:53.787+0000][6][gc,age      ] GC(32) - age   9:      36528 bytes,   19497192 total
[2025-12-03T14:17:53.787+0000][6][gc,age      ] GC(32) - age  10:     221064 bytes,   19718256 total
[2025-12-03T14:17:53.787+0000][6][gc,phases   ] GC(32)   Pre Evacuate Collection Set: 0.5ms
[2025-12-03T14:17:53.787+0000][6][gc,phases   ] GC(32)   Merge Heap Roots: 0.2ms
[2025-12-03T14:17:53.787+0000][6][gc,phases   ] GC(32)   Evacuate Collection Set: 15.3ms
[2025-12-03T14:17:53.787+0000][6][gc,phases   ] GC(32)   Post Evacuate Collection Set: 2.3ms
[2025-12-03T14:17:53.787+0000][6][gc,phases   ] GC(32)   Other: 1.5ms
[2025-12-03T14:17:53.787+0000][6][gc,heap     ] GC(32) Eden regions: 65->0(65)
[2025-12-03T14:17:53.787+0000][6][gc,heap     ] GC(32) Survivor regions: 5->6(9)
[2025-12-03T14:17:53.787+0000][6][gc,heap     ] GC(32) Old regions: 27->27
[2025-12-03T14:17:53.787+0000][6][gc,heap     ] GC(32) Archive regions: 2->2
[2025-12-03T14:17:53.787+0000][6][gc,heap     ] GC(32) Humongous regions: 2->2
[2025-12-03T14:17:53.787+0000][6][gc,metaspace] GC(32) Metaspace: 115581K(117312K)->115581K(117312K) NonClass: 100688K(101696K)->100688K(101696K) Class: 14893K(15616K)->14893K(15616K)
[2025-12-03T14:17:53.788+0000][6][gc          ] GC(32) Pause Young (Normal) (G1 Evacuation Pause) 397M->139M(512M) 20.398ms
[2025-12-03T14:17:53.788+0000][6][gc,cpu      ] GC(32) User=0.11s Sys=0.00s Real=0.02s
[2025-12-03T14:17:53.788+0000][6][safepoint   ] Safepoint "G1CollectForAllocation", Time since last: 918202042 ns, Reaching safepoint: 1479292 ns, At safepoint: 20679666 ns, Total: 22158958 ns
[2025-12-03T14:17:54.789+0000][6][safepoint   ] Safepoint "Cleanup", Time since last: 1001083376 ns, Reaching safepoint: 328750 ns, At safepoint: 10875 ns, Total: 339625 ns
[2025-12-03T14:17:56.797+0000][6][safepoint   ] Safepoint "Cleanup", Time since last: 2007506542 ns, Reaching safepoint: 80542 ns, At safepoint: 4083 ns, Total: 84625 ns
[2025-12-03T14:17:58.805+0000][6][safepoint   ] Safepoint "Cleanup", Time since last: 2002419043 ns, Reaching safepoint: 5064541 ns, At safepoint: 32875 ns, Total: 5097416 ns
[2025-12-03T14:17:59.808+0000][6][safepoint   ] Safepoint "Cleanup", Time since last: 1003372667 ns, Reaching safepoint: 55584 ns, At safepoint: 3541 ns, Total: 59125 ns
[2025-12-03T14:18:00.809+0000][6][safepoint   ] Safepoint "Cleanup", Time since last: 1000243292 ns, Reaching safepoint: 71834 ns, At safepoint: 3458 ns, Total: 75292 ns
[2025-12-03T14:18:01.815+0000][6][safepoint   ] Safepoint "Cleanup", Time since last: 1005215917 ns, Reaching safepoint: 688167 ns, At safepoint: 16208 ns, Total: 704375 ns
[2025-12-03T14:18:02.819+0000][6][safepoint   ] Safepoint "Cleanup", Time since last: 1004802584 ns, Reaching safepoint: 107958 ns, At safepoint: 4542 ns, Total: 112500 ns
[2025-12-03T14:18:03.822+0000][6][safepoint   ] Safepoint "Cleanup", Time since last: 1002006084 ns, Reaching safepoint: 106292 ns, At safepoint: 4750 ns, Total: 111042 ns
[2025-12-03T14:18:05.824+0000][6][safepoint   ] Safepoint "Cleanup", Time since last: 2001960792 ns, Reaching safepoint: 438959 ns, At safepoint: 8416 ns, Total: 447375 ns
[2025-12-03T14:18:06.829+0000][6][safepoint   ] Safepoint "Cleanup", Time since last: 1004301126 ns, Reaching safepoint: 398208 ns, At safepoint: 15792 ns, Total: 414000 ns
[2025-12-03T14:18:08.832+0000][6][safepoint   ] Safepoint "Cleanup", Time since last: 2002849626 ns, Reaching safepoint: 111125 ns, At safepoint: 20500 ns, Total: 131625 ns
[2025-12-03T14:18:11.855+0000][6][safepoint   ] Safepoint "Cleanup", Time since last: 3015079251 ns, Reaching safepoint: 7761667 ns, At safepoint: 47583 ns, Total: 7809250 ns
[2025-12-03T14:18:12.859+0000][6][safepoint   ] Safepoint "Cleanup", Time since last: 1003903626 ns, Reaching safepoint: 112708 ns, At safepoint: 3792 ns, Total: 116500 ns
[2025-12-03T14:18:13.860+0000][6][safepoint   ] Safepoint "Cleanup", Time since last: 1000907000 ns, Reaching safepoint: 161583 ns, At safepoint: 9042 ns, Total: 170625 ns
[2025-12-03T14:18:14.861+0000][6][safepoint   ] Safepoint "Cleanup", Time since last: 1000893000 ns, Reaching safepoint: 107792 ns, At safepoint: 11458 ns, Total: 119250 ns
[2025-12-03T14:18:15.861+0000][6][safepoint   ] Safepoint "Cleanup", Time since last: 1000630668 ns, Reaching safepoint: 106333 ns, At safepoint: 5000 ns, Total: 111333 ns
[2025-12-03T14:18:16.862+0000][6][safepoint   ] Safepoint "Cleanup", Time since last: 1000484959 ns, Reaching safepoint: 63208 ns, At safepoint: 2208 ns, Total: 65416 ns
[2025-12-03T14:18:17.863+0000][6][safepoint   ] Safepoint "Cleanup", Time since last: 1000382418 ns, Reaching safepoint: 138666 ns, At safepoint: 4959 ns, Total: 143625 ns
[2025-12-03T14:18:18.864+0000][6][safepoint   ] Safepoint "Cleanup", Time since last: 1001076917 ns, Reaching safepoint: 297375 ns, At safepoint: 17916 ns, Total: 315291 ns
[2025-12-03T14:18:20.866+0000][6][safepoint   ] Safepoint "Cleanup", Time since last: 2002424335 ns, Reaching safepoint: 52583 ns, At safepoint: 3000 ns, Total: 55583 ns
[2025-12-03T14:18:22.869+0000][6][safepoint   ] Safepoint "Cleanup", Time since last: 2002622543 ns, Reaching safepoint: 273166 ns, At safepoint: 10209 ns, Total: 283375 ns
[2025-12-03T14:18:23.871+0000][6][safepoint   ] Safepoint "Cleanup", Time since last: 1001430125 ns, Reaching safepoint: 152125 ns, At safepoint: 7917 ns, Total: 160042 ns
[2025-12-03T14:18:25.873+0000][6][safepoint   ] Safepoint "Cleanup", Time since last: 2001660708 ns, Reaching safepoint: 81584 ns, At safepoint: 4916 ns, Total: 86500 ns
[2025-12-03T14:18:26.875+0000][6][safepoint   ] Safepoint "Cleanup", Time since last: 1001591334 ns, Reaching safepoint: 93959 ns, At safepoint: 5791 ns, Total: 99750 ns
[2025-12-03T14:18:28.877+0000][6][safepoint   ] Safepoint "Cleanup", Time since last: 2002215751 ns, Reaching safepoint: 125959 ns, At safepoint: 8500 ns, Total: 134459 ns
[2025-12-03T14:18:29.879+0000][6][safepoint   ] Safepoint "Cleanup", Time since last: 1000644292 ns, Reaching safepoint: 1292041 ns, At safepoint: 12750 ns, Total: 1304791 ns
[2025-12-03T14:18:30.882+0000][6][safepoint   ] Safepoint "Cleanup", Time since last: 1003114001 ns, Reaching safepoint: 103166 ns, At safepoint: 3667 ns, Total: 106833 ns
[2025-12-03T14:18:32.884+0000][6][safepoint   ] Safepoint "Cleanup", Time since last: 2001504834 ns, Reaching safepoint: 110667 ns, At safepoint: 3375 ns, Total: 114042 ns
[2025-12-03T14:18:33.885+0000][6][safepoint   ] Safepoint "Cleanup", Time since last: 1001016501 ns, Reaching safepoint: 109041 ns, At safepoint: 4125 ns, Total: 113166 ns
[2025-12-03T14:18:35.887+0000][6][safepoint   ] Safepoint "Cleanup", Time since last: 2001935835 ns, Reaching safepoint: 67166 ns, At safepoint: 3584 ns, Total: 70750 ns
[2025-12-03T14:18:36.890+0000][6][safepoint   ] Safepoint "Cleanup", Time since last: 1002245750 ns, Reaching safepoint: 237083 ns, At safepoint: 16834 ns, Total: 253917 ns
[2025-12-03T14:18:38.894+0000][6][safepoint   ] Safepoint "Cleanup", Time since last: 2004275001 ns, Reaching safepoint: 55541 ns, At safepoint: 3042 ns, Total: 58583 ns
[2025-12-03T14:18:40.897+0000][6][safepoint   ] Safepoint "Cleanup", Time since last: 2003100751 ns, Reaching safepoint: 58125 ns, At safepoint: 3208 ns, Total: 61333 ns
[2025-12-03T14:18:41.898+0000][6][safepoint   ] Safepoint "Cleanup", Time since last: 1000762001 ns, Reaching safepoint: 45458 ns, At safepoint: 12375 ns, Total: 57833 ns
[2025-12-03T14:18:42.540+0000][6][gc,start    ] GC(33) Pause Young (Normal) (G1 Evacuation Pause)
[2025-12-03T14:18:42.540+0000][6][gc,task     ] GC(33) Using 8 workers of 8 for evacuation
[2025-12-03T14:18:42.540+0000][6][gc,age      ] GC(33) Desired survivor size 18874368 bytes, new threshold 5 (max threshold 15)
[2025-12-03T14:18:42.558+0000][6][gc,age      ] GC(33) Age table with threshold 5 (max threshold 15)
[2025-12-03T14:18:42.558+0000][6][gc,age      ] GC(33) - age   1:    3177480 bytes,    3177480 total
[2025-12-03T14:18:42.559+0000][6][gc,age      ] GC(33) - age   2:    1068288 bytes,    4245768 total
[2025-12-03T14:18:42.559+0000][6][gc,age      ] GC(33) - age   3:     104184 bytes,    4349952 total
[2025-12-03T14:18:42.559+0000][6][gc,age      ] GC(33) - age   4:   11522208 bytes,   15872160 total
[2025-12-03T14:18:42.559+0000][6][gc,age      ] GC(33) - age   5:    1985952 bytes,   17858112 total
[2025-12-03T14:18:42.559+0000][6][gc,phases   ] GC(33)   Pre Evacuate Collection Set: 0.2ms
[2025-12-03T14:18:42.559+0000][6][gc,phases   ] GC(33)   Merge Heap Roots: 0.1ms
[2025-12-03T14:18:42.559+0000][6][gc,phases   ] GC(33)   Evacuate Collection Set: 15.3ms
[2025-12-03T14:18:42.559+0000][6][gc,phases   ] GC(33)   Post Evacuate Collection Set: 2.3ms
[2025-12-03T14:18:42.559+0000][6][gc,phases   ] GC(33)   Other: 1.1ms
[2025-12-03T14:18:42.559+0000][6][gc,heap     ] GC(33) Eden regions: 65->0(65)
[2025-12-03T14:18:42.559+0000][6][gc,heap     ] GC(33) Survivor regions: 6->5(9)
[2025-12-03T14:18:42.560+0000][6][gc,heap     ] GC(33) Old regions: 27->28
[2025-12-03T14:18:42.560+0000][6][gc,heap     ] GC(33) Archive regions: 2->2
[2025-12-03T14:18:42.560+0000][6][gc,heap     ] GC(33) Humongous regions: 2->2
[2025-12-03T14:18:42.560+0000][6][gc,metaspace] GC(33) Metaspace: 115741K(117440K)->115741K(117440K) NonClass: 100847K(101824K)->100847K(101824K) Class: 14893K(15616K)->14893K(15616K)
[2025-12-03T14:18:42.560+0000][6][gc          ] GC(33) Pause Young (Normal) (G1 Evacuation Pause) 399M->140M(512M) 19.947ms
[2025-12-03T14:18:42.560+0000][6][gc,cpu      ] GC(33) User=0.10s Sys=0.00s Real=0.02s
[2025-12-03T14:18:42.560+0000][6][safepoint   ] Safepoint "G1CollectForAllocation", Time since last: 641737250 ns, Reaching safepoint: 69500 ns, At safepoint: 20189292 ns, Total: 20258792 ns
[2025-12-03T14:18:43.562+0000][6][safepoint   ] Safepoint "Cleanup", Time since last: 1001782459 ns, Reaching safepoint: 360458 ns, At safepoint: 23000 ns, Total: 383458 ns
[2025-12-03T14:18:45.564+0000][6][safepoint   ] Safepoint "Cleanup", Time since last: 2002012293 ns, Reaching safepoint: 268791 ns, At safepoint: 16500 ns, Total: 285291 ns
[2025-12-03T14:18:46.567+0000][6][safepoint   ] Safepoint "Cleanup", Time since last: 1001822834 ns, Reaching safepoint: 423834 ns, At safepoint: 20166 ns, Total: 444000 ns
[2025-12-03T14:18:48.570+0000][6][safepoint   ] Safepoint "Cleanup", Time since last: 2002717460 ns, Reaching safepoint: 119666 ns, At safepoint: 6875 ns, Total: 126541 ns
[2025-12-03T14:18:51.578+0000][6][safepoint   ] Safepoint "Cleanup", Time since last: 3007668877 ns, Reaching safepoint: 1163708 ns, At safepoint: 16375 ns, Total: 1180083 ns
[2025-12-03T14:18:52.580+0000][6][safepoint   ] Safepoint "Cleanup", Time since last: 1001654376 ns, Reaching safepoint: 75375 ns, At safepoint: 3375 ns, Total: 78750 ns
[2025-12-03T14:18:54.582+0000][6][safepoint   ] Safepoint "Cleanup", Time since last: 2002162042 ns, Reaching safepoint: 62750 ns, At safepoint: 3208 ns, Total: 65958 ns
[2025-12-03T14:18:55.584+0000][6][safepoint   ] Safepoint "Cleanup", Time since last: 1000859750 ns, Reaching safepoint: 121042 ns, At safepoint: 7000 ns, Total: 128042 ns
[2025-12-03T14:18:56.587+0000][6][safepoint   ] Safepoint "Cleanup", Time since last: 1002650792 ns, Reaching safepoint: 77958 ns, At safepoint: 4584 ns, Total: 82542 ns
[2025-12-03T14:18:58.590+0000][6][safepoint   ] Safepoint "Cleanup", Time since last: 2002859001 ns, Reaching safepoint: 177166 ns, At safepoint: 8042 ns, Total: 185208 ns
[2025-12-03T14:19:00.593+0000][6][safepoint   ] Safepoint "Cleanup", Time since last: 2002492418 ns, Reaching safepoint: 130625 ns, At safepoint: 9416 ns, Total: 140041 ns
[2025-12-03T14:19:01.594+0000][6][safepoint   ] Safepoint "Cleanup", Time since last: 1000428542 ns, Reaching safepoint: 217417 ns, At safepoint: 30917 ns, Total: 248334 ns
[2025-12-03T14:19:03.597+0000][6][safepoint   ] Safepoint "Cleanup", Time since last: 2003379626 ns, Reaching safepoint: 274125 ns, At safepoint: 122833 ns, Total: 396958 ns
[2025-12-03T14:19:05.600+0000][6][safepoint   ] Safepoint "Cleanup", Time since last: 2003067834 ns, Reaching safepoint: 66500 ns, At safepoint: 3875 ns, Total: 70375 ns
[2025-12-03T14:19:06.604+0000][6][safepoint   ] Safepoint "Cleanup", Time since last: 1003045334 ns, Reaching safepoint: 133959 ns, At safepoint: 7666 ns, Total: 141625 ns
[2025-12-03T14:19:07.608+0000][6][safepoint   ] Safepoint "Cleanup", Time since last: 1003795709 ns, Reaching safepoint: 65750 ns, At safepoint: 3625 ns, Total: 69375 ns
[2025-12-03T14:19:08.608+0000][6][safepoint   ] Safepoint "Cleanup", Time since last: 1000614167 ns, Reaching safepoint: 87750 ns, At safepoint: 2792 ns, Total: 90542 ns
[2025-12-03T14:19:09.609+0000][6][safepoint   ] Safepoint "Cleanup", Time since last: 1000993209 ns, Reaching safepoint: 216291 ns, At safepoint: 10292 ns, Total: 226583 ns
[2025-12-03T14:19:11.622+0000][6][safepoint   ] Safepoint "Cleanup", Time since last: 2012053918 ns, Reaching safepoint: 170083 ns, At safepoint: 21583 ns, Total: 191666 ns
[2025-12-03T14:19:12.623+0000][6][safepoint   ] Safepoint "Cleanup", Time since last: 1001404042 ns, Reaching safepoint: 99834 ns, At safepoint: 3458 ns, Total: 103292 ns
[2025-12-03T14:19:13.629+0000][6][safepoint   ] Safepoint "Cleanup", Time since last: 1005793292 ns, Reaching safepoint: 105042 ns, At safepoint: 5417 ns, Total: 110459 ns
[2025-12-03T14:19:15.633+0000][6][safepoint   ] Safepoint "Cleanup", Time since last: 2003169042 ns, Reaching safepoint: 627167 ns, At safepoint: 26750 ns, Total: 653917 ns
[2025-12-03T14:19:16.638+0000][6][safepoint   ] Safepoint "Cleanup", Time since last: 1005330209 ns, Reaching safepoint: 171541 ns, At safepoint: 11667 ns, Total: 183208 ns
[2025-12-03T14:19:18.641+0000][6][safepoint   ] Safepoint "Cleanup", Time since last: 2002585293 ns, Reaching safepoint: 68000 ns, At safepoint: 2541 ns, Total: 70541 ns
[2025-12-03T14:19:19.643+0000][6][safepoint   ] Safepoint "Cleanup", Time since last: 1001358209 ns, Reaching safepoint: 307417 ns, At safepoint: 28958 ns, Total: 336375 ns
[2025-12-03T14:19:21.652+0000][6][safepoint   ] Safepoint "Cleanup", Time since last: 2009030959 ns, Reaching safepoint: 237084 ns, At safepoint: 33708 ns, Total: 270792 ns
[2025-12-03T14:19:24.656+0000][6][safepoint   ] Safepoint "Cleanup", Time since last: 3004169751 ns, Reaching safepoint: 134250 ns, At safepoint: 5000 ns, Total: 139250 ns
[2025-12-03T14:19:25.660+0000][6][safepoint   ] Safepoint "Cleanup", Time since last: 1001906583 ns, Reaching safepoint: 166584 ns, At safepoint: 10250 ns, Total: 176834 ns
[2025-12-03T14:19:26.661+0000][6][safepoint   ] Safepoint "Cleanup", Time since last: 1001060000 ns, Reaching safepoint: 141375 ns, At safepoint: 9208 ns, Total: 150583 ns
[2025-12-03T14:19:27.667+0000][6][safepoint   ] Safepoint "Cleanup", Time since last: 1005918876 ns, Reaching safepoint: 181167 ns, At safepoint: 14375 ns, Total: 195542 ns
[2025-12-03T14:19:28.877+0000][6][safepoint   ] Safepoint "Cleanup", Time since last: 1210380500 ns, Reaching safepoint: 107750 ns, At safepoint: 3542 ns, Total: 111292 ns
[2025-12-03T14:19:29.878+0000][6][safepoint   ] Safepoint "Cleanup", Time since last: 1000845250 ns, Reaching safepoint: 79750 ns, At safepoint: 4417 ns, Total: 84167 ns
[2025-12-03T14:19:30.879+0000][6][safepoint   ] Safepoint "Cleanup", Time since last: 1000975500 ns, Reaching safepoint: 58209 ns, At safepoint: 3291 ns, Total: 61500 ns
[2025-12-03T14:19:31.880+0000][6][safepoint   ] Safepoint "Cleanup", Time since last: 1000805043 ns, Reaching safepoint: 177166 ns, At safepoint: 9917 ns, Total: 187083 ns
[2025-12-03T14:19:32.882+0000][6][safepoint   ] Safepoint "Cleanup", Time since last: 1001141125 ns, Reaching safepoint: 61125 ns, At safepoint: 2334 ns, Total: 63459 ns
[2025-12-03T14:19:33.883+0000][6][safepoint   ] Safepoint "Cleanup", Time since last: 1000945125 ns, Reaching safepoint: 66709 ns, At safepoint: 4291 ns, Total: 71000 ns
[2025-12-03T14:19:34.883+0000][6][safepoint   ] Safepoint "Cleanup", Time since last: 1000508001 ns, Reaching safepoint: 79666 ns, At safepoint: 6459 ns, Total: 86125 ns
[2025-12-03T14:19:35.886+0000][6][safepoint   ] Safepoint "Cleanup", Time since last: 1002365417 ns, Reaching safepoint: 55542 ns, At safepoint: 3583 ns, Total: 59125 ns
[2025-12-03T14:19:36.887+0000][6][safepoint   ] Safepoint "Cleanup", Time since last: 1000698125 ns, Reaching safepoint: 267250 ns, At safepoint: 10459 ns, Total: 277709 ns
[2025-12-03T14:19:38.842+0000][6][gc,start    ] GC(34) Pause Young (Normal) (G1 Evacuation Pause)
[2025-12-03T14:19:38.842+0000][6][gc,task     ] GC(34) Using 8 workers of 8 for evacuation
[2025-12-03T14:19:38.842+0000][6][gc,age      ] GC(34) Desired survivor size 18874368 bytes, new threshold 15 (max threshold 15)
[2025-12-03T14:19:38.851+0000][6][gc,age      ] GC(34) Age table with threshold 15 (max threshold 15)
[2025-12-03T14:19:38.851+0000][6][gc,age      ] GC(34) - age   1:    1404984 bytes,    1404984 total
[2025-12-03T14:19:38.851+0000][6][gc,age      ] GC(34) - age   2:      37248 bytes,    1442232 total
[2025-12-03T14:19:38.851+0000][6][gc,age      ] GC(34) - age   3:    1044208 bytes,    2486440 total
[2025-12-03T14:19:38.851+0000][6][gc,age      ] GC(34) - age   4:     102784 bytes,    2589224 total
[2025-12-03T14:19:38.851+0000][6][gc,age      ] GC(34) - age   5:   11522080 bytes,   14111304 total
[2025-12-03T14:19:38.851+0000][6][gc,age      ] GC(34) - age   6:    1985856 bytes,   16097160 total
[2025-12-03T14:19:38.851+0000][6][gc,phases   ] GC(34)   Pre Evacuate Collection Set: 0.1ms
[2025-12-03T14:19:38.851+0000][6][gc,phases   ] GC(34)   Merge Heap Roots: 0.1ms
[2025-12-03T14:19:38.852+0000][6][gc,phases   ] GC(34)   Evacuate Collection Set: 7.4ms
[2025-12-03T14:19:38.852+0000][6][gc,phases   ] GC(34)   Post Evacuate Collection Set: 1.1ms
[2025-12-03T14:19:38.852+0000][6][gc,phases   ] GC(34)   Other: 1.0ms
[2025-12-03T14:19:38.852+0000][6][gc,heap     ] GC(34) Eden regions: 65->0(66)
[2025-12-03T14:19:38.852+0000][6][gc,heap     ] GC(34) Survivor regions: 5->5(9)
[2025-12-03T14:19:38.852+0000][6][gc,heap     ] GC(34) Old regions: 28->28
[2025-12-03T14:19:38.852+0000][6][gc,heap     ] GC(34) Archive regions: 2->2
[2025-12-03T14:19:38.852+0000][6][gc,heap     ] GC(34) Humongous regions: 2->2
[2025-12-03T14:19:38.852+0000][6][gc,metaspace] GC(34) Metaspace: 115904K(117568K)->115904K(117568K) NonClass: 101011K(101952K)->101011K(101952K) Class: 14893K(15616K)->14893K(15616K)
[2025-12-03T14:19:38.852+0000][6][gc          ] GC(34) Pause Young (Normal) (G1 Evacuation Pause) 400M->138M(512M) 10.043ms
[2025-12-03T14:19:38.852+0000][6][gc,cpu      ] GC(34) User=0.06s Sys=0.00s Real=0.01s
[2025-12-03T14:19:38.852+0000][6][safepoint   ] Safepoint "G1CollectForAllocation", Time since last: 1954914251 ns, Reaching safepoint: 137166 ns, At safepoint: 10258625 ns, Total: 10395791 ns
[2025-12-03T14:19:39.853+0000][6][safepoint   ] Safepoint "Cleanup", Time since last: 1001044209 ns, Reaching safepoint: 152708 ns, At safepoint: 10375 ns, Total: 163083 ns
[2025-12-03T14:19:41.856+0000][6][safepoint   ] Safepoint "Cleanup", Time since last: 2002474210 ns, Reaching safepoint: 141750 ns, At safepoint: 14708 ns, Total: 156458 ns
[2025-12-03T14:19:43.016+0000][6][safepoint   ] Safepoint "Cleanup", Time since last: 1159488334 ns, Reaching safepoint: 440833 ns, At safepoint: 21417 ns, Total: 462250 ns
[2025-12-03T14:19:44.018+0000][6][safepoint   ] Safepoint "Cleanup", Time since last: 1002093709 ns, Reaching safepoint: 118000 ns, At safepoint: 3666 ns, Total: 121666 ns
[2025-12-03T14:19:45.019+0000][6][safepoint   ] Safepoint "Cleanup", Time since last: 1000531376 ns, Reaching safepoint: 523375 ns, At safepoint: 37833 ns, Total: 561208 ns
[2025-12-03T14:19:46.022+0000][6][safepoint   ] Safepoint "Cleanup", Time since last: 1002192334 ns, Reaching safepoint: 350333 ns, At safepoint: 20125 ns, Total: 370458 ns
[2025-12-03T14:19:47.023+0000][6][safepoint   ] Safepoint "Cleanup", Time since last: 1001439376 ns, Reaching safepoint: 245625 ns, At safepoint: 11583 ns, Total: 257208 ns
[2025-12-03T14:19:48.024+0000][6][safepoint   ] Safepoint "Cleanup", Time since last: 1001057376 ns, Reaching safepoint: 87458 ns, At safepoint: 4917 ns, Total: 92375 ns
[2025-12-03T14:19:49.025+0000][6][safepoint   ] Safepoint "Cleanup", Time since last: 1000917000 ns, Reaching safepoint: 58208 ns, At safepoint: 2292 ns, Total: 60500 ns
[2025-12-03T14:19:50.921+0000][6][safepoint   ] Safepoint "Cleanup", Time since last: 1895123251 ns, Reaching safepoint: 808583 ns, At safepoint: 5125 ns, Total: 813708 ns
[2025-12-03T14:19:51.923+0000][6][safepoint   ] Safepoint "Cleanup", Time since last: 1001081001 ns, Reaching safepoint: 170333 ns, At safepoint: 10000 ns, Total: 180333 ns
[2025-12-03T14:19:52.930+0000][6][safepoint   ] Safepoint "Cleanup", Time since last: 1006578834 ns, Reaching safepoint: 359458 ns, At safepoint: 19750 ns, Total: 379208 ns
[2025-12-03T14:19:53.931+0000][6][safepoint   ] Safepoint "Cleanup", Time since last: 1001557917 ns, Reaching safepoint: 76875 ns, At safepoint: 3292 ns, Total: 80167 ns
[2025-12-03T14:19:54.933+0000][6][safepoint   ] Safepoint "Cleanup", Time since last: 1001614751 ns, Reaching safepoint: 391625 ns, At safepoint: 8125 ns, Total: 399750 ns
[2025-12-03T14:19:55.939+0000][6][safepoint   ] Safepoint "Cleanup", Time since last: 1004947916 ns, Reaching safepoint: 152583 ns, At safepoint: 9250 ns, Total: 161833 ns
[2025-12-03T14:19:56.942+0000][6][safepoint   ] Safepoint "Cleanup", Time since last: 1002885126 ns, Reaching safepoint: 136166 ns, At safepoint: 7334 ns, Total: 143500 ns
[2025-12-03T14:19:58.948+0000][6][safepoint   ] Safepoint "Cleanup", Time since last: 2005834751 ns, Reaching safepoint: 196750 ns, At safepoint: 12083 ns, Total: 208833 ns
[2025-12-03T14:19:59.949+0000][6][safepoint   ] Safepoint "Cleanup", Time since last: 1001197417 ns, Reaching safepoint: 62250 ns, At safepoint: 15042 ns, Total: 77292 ns
[2025-12-03T14:20:00.950+0000][6][safepoint   ] Safepoint "Cleanup", Time since last: 1000757834 ns, Reaching safepoint: 66375 ns, At safepoint: 3750 ns, Total: 70125 ns
[2025-12-03T14:20:02.958+0000][6][safepoint   ] Safepoint "Cleanup", Time since last: 2007560000 ns, Reaching safepoint: 211459 ns, At safepoint: 7250 ns, Total: 218709 ns
[2025-12-03T14:20:03.959+0000][6][safepoint   ] Safepoint "Cleanup", Time since last: 1000848209 ns, Reaching safepoint: 42041 ns, At safepoint: 1917 ns, Total: 43958 ns
[2025-12-03T14:20:05.966+0000][6][safepoint   ] Safepoint "Cleanup", Time since last: 2006945168 ns, Reaching safepoint: 121583 ns, At safepoint: 7125 ns, Total: 128708 ns
[2025-12-03T14:20:06.969+0000][6][safepoint   ] Safepoint "Cleanup", Time since last: 1002999500 ns, Reaching safepoint: 221917 ns, At safepoint: 10042 ns, Total: 231959 ns
[2025-12-03T14:20:08.973+0000][6][safepoint   ] Safepoint "Cleanup", Time since last: 2003570001 ns, Reaching safepoint: 393041 ns, At safepoint: 19542 ns, Total: 412583 ns
[2025-12-03T14:20:10.978+0000][6][safepoint   ] Safepoint "Cleanup", Time since last: 2005105251 ns, Reaching safepoint: 47208 ns, At safepoint: 1917 ns, Total: 49125 ns
[2025-12-03T14:20:11.979+0000][6][safepoint   ] Safepoint "Cleanup", Time since last: 1000856625 ns, Reaching safepoint: 67750 ns, At safepoint: 6959 ns, Total: 74709 ns
[2025-12-03T14:20:12.980+0000][6][safepoint   ] Safepoint "Cleanup", Time since last: 1000924417 ns, Reaching safepoint: 245125 ns, At safepoint: 14417 ns, Total: 259542 ns
[2025-12-03T14:20:13.982+0000][6][safepoint   ] Safepoint "Cleanup", Time since last: 1001379417 ns, Reaching safepoint: 76750 ns, At safepoint: 3750 ns, Total: 80500 ns
[2025-12-03T14:20:14.984+0000][6][safepoint   ] Safepoint "Cleanup", Time since last: 1002168125 ns, Reaching safepoint: 132125 ns, At safepoint: 8459 ns, Total: 140584 ns
[2025-12-03T14:20:15.985+0000][6][safepoint   ] Safepoint "Cleanup", Time since last: 1000824208 ns, Reaching safepoint: 335042 ns, At safepoint: 15083 ns, Total: 350125 ns
[2025-12-03T14:20:16.988+0000][6][safepoint   ] Safepoint "Cleanup", Time since last: 1002475209 ns, Reaching safepoint: 158750 ns, At safepoint: 7625 ns, Total: 166375 ns
[2025-12-03T14:20:17.991+0000][6][safepoint   ] Safepoint "Cleanup", Time since last: 1002296876 ns, Reaching safepoint: 161458 ns, At safepoint: 6708 ns, Total: 168166 ns
[2025-12-03T14:20:18.996+0000][6][safepoint   ] Safepoint "Cleanup", Time since last: 1005130001 ns, Reaching safepoint: 364916 ns, At safepoint: 16417 ns, Total: 381333 ns
[2025-12-03T14:20:20.999+0000][6][safepoint   ] Safepoint "Cleanup", Time since last: 2002866084 ns, Reaching safepoint: 47500 ns, At safepoint: 1834 ns, Total: 49334 ns
[2025-12-03T14:20:23.000+0000][6][safepoint   ] Safepoint "Cleanup", Time since last: 2001136167 ns, Reaching safepoint: 165167 ns, At safepoint: 15167 ns, Total: 180334 ns
[2025-12-03T14:20:24.001+0000][6][safepoint   ] Safepoint "Cleanup", Time since last: 1000644459 ns, Reaching safepoint: 125083 ns, At safepoint: 12250 ns, Total: 137333 ns
[2025-12-03T14:20:25.003+0000][6][safepoint   ] Safepoint "Cleanup", Time since last: 1001326875 ns, Reaching safepoint: 196209 ns, At safepoint: 17958 ns, Total: 214167 ns
[2025-12-03T14:20:26.006+0000][6][safepoint   ] Safepoint "Cleanup", Time since last: 1001901499 ns, Reaching safepoint: 500875 ns, At safepoint: 22500 ns, Total: 523375 ns
[2025-12-03T14:20:27.007+0000][6][safepoint   ] Safepoint "Cleanup", Time since last: 1001351376 ns, Reaching safepoint: 157500 ns, At safepoint: 8792 ns, Total: 166292 ns
[2025-12-03T14:20:29.010+0000][6][safepoint   ] Safepoint "Cleanup", Time since last: 2002684167 ns, Reaching safepoint: 119875 ns, At safepoint: 9125 ns, Total: 129000 ns
[2025-12-03T14:20:30.011+0000][6][safepoint   ] Safepoint "Cleanup", Time since last: 1001088417 ns, Reaching safepoint: 53209 ns, At safepoint: 2916 ns, Total: 56125 ns
[2025-12-03T14:20:30.087+0000][6][gc,start    ] GC(35) Pause Young (Normal) (G1 Evacuation Pause)
[2025-12-03T14:20:30.088+0000][6][gc,task     ] GC(35) Using 8 workers of 8 for evacuation
[2025-12-03T14:20:30.088+0000][6][gc,age      ] GC(35) Desired survivor size 18874368 bytes, new threshold 15 (max threshold 15)
[2025-12-03T14:20:30.107+0000][6][gc,age      ] GC(35) Age table with threshold 15 (max threshold 15)
[2025-12-03T14:20:30.107+0000][6][gc,age      ] GC(35) - age   1:    2675048 bytes,    2675048 total
[2025-12-03T14:20:30.107+0000][6][gc,age      ] GC(35) - age   2:     117024 bytes,    2792072 total
[2025-12-03T14:20:30.107+0000][6][gc,age      ] GC(35) - age   3:      24680 bytes,    2816752 total
[2025-12-03T14:20:30.107+0000][6][gc,age      ] GC(35) - age   4:     548912 bytes,    3365664 total
[2025-12-03T14:20:30.107+0000][6][gc,age      ] GC(35) - age   5:      25480 bytes,    3391144 total
[2025-12-03T14:20:30.107+0000][6][gc,age      ] GC(35) - age   6:   11521368 bytes,   14912512 total
[2025-12-03T14:20:30.107+0000][6][gc,age      ] GC(35) - age   7:    1951256 bytes,   16863768 total
[2025-12-03T14:20:30.108+0000][6][gc,phases   ] GC(35)   Pre Evacuate Collection Set: 0.6ms
[2025-12-03T14:20:30.108+0000][6][gc,phases   ] GC(35)   Merge Heap Roots: 0.5ms
[2025-12-03T14:20:30.108+0000][6][gc,phases   ] GC(35)   Evacuate Collection Set: 14.9ms
[2025-12-03T14:20:30.108+0000][6][gc,phases   ] GC(35)   Post Evacuate Collection Set: 2.4ms
[2025-12-03T14:20:30.108+0000][6][gc,phases   ] GC(35)   Other: 2.1ms
[2025-12-03T14:20:30.108+0000][6][gc,heap     ] GC(35) Eden regions: 66->0(66)
[2025-12-03T14:20:30.108+0000][6][gc,heap     ] GC(35) Survivor regions: 5->5(9)
[2025-12-03T14:20:30.108+0000][6][gc,heap     ] GC(35) Old regions: 28->28
[2025-12-03T14:20:30.108+0000][6][gc,heap     ] GC(35) Archive regions: 2->2
[2025-12-03T14:20:30.108+0000][6][gc,heap     ] GC(35) Humongous regions: 2->2
[2025-12-03T14:20:30.108+0000][6][gc,metaspace] GC(35) Metaspace: 116049K(117696K)->116049K(117696K) NonClass: 101154K(102080K)->101154K(102080K) Class: 14895K(15616K)->14895K(15616K)
[2025-12-03T14:20:30.109+0000][6][gc          ] GC(35) Pause Young (Normal) (G1 Evacuation Pause) 402M->138M(512M) 21.271ms
[2025-12-03T14:20:30.109+0000][6][gc,cpu      ] GC(35) User=0.12s Sys=0.00s Real=0.02s
[2025-12-03T14:20:30.109+0000][6][safepoint   ] Safepoint "G1CollectForAllocation", Time since last: 74700167 ns, Reaching safepoint: 962125 ns, At safepoint: 21667000 ns, Total: 22629125 ns
[2025-12-03T14:20:31.110+0000][6][safepoint   ] Safepoint "Cleanup", Time since last: 1001132542 ns, Reaching safepoint: 160792 ns, At safepoint: 8750 ns, Total: 169542 ns
[2025-12-03T14:20:33.115+0000][6][safepoint   ] Safepoint "Cleanup", Time since last: 2004696168 ns, Reaching safepoint: 279291 ns, At safepoint: 10209 ns, Total: 289500 ns
[2025-12-03T14:20:34.116+0000][6][safepoint   ] Safepoint "Cleanup", Time since last: 1000939083 ns, Reaching safepoint: 190625 ns, At safepoint: 5625 ns, Total: 196250 ns
[2025-12-03T14:20:36.119+0000][6][safepoint   ] Safepoint "Cleanup", Time since last: 2002365376 ns, Reaching safepoint: 128750 ns, At safepoint: 6959 ns, Total: 135709 ns
[2025-12-03T14:20:39.125+0000][6][safepoint   ] Safepoint "Cleanup", Time since last: 3006126834 ns, Reaching safepoint: 75042 ns, At safepoint: 3667 ns, Total: 78709 ns
[2025-12-03T14:20:41.128+0000][6][safepoint   ] Safepoint "Cleanup", Time since last: 2003099584 ns, Reaching safepoint: 279708 ns, At safepoint: 15167 ns, Total: 294875 ns
[2025-12-03T14:20:42.130+0000][6][safepoint   ] Safepoint "Cleanup", Time since last: 1001704376 ns, Reaching safepoint: 214916 ns, At safepoint: 10667 ns, Total: 225583 ns
[2025-12-03T14:20:43.134+0000][6][safepoint   ] Safepoint "Cleanup", Time since last: 1002692542 ns, Reaching safepoint: 968583 ns, At safepoint: 13709 ns, Total: 982292 ns
[2025-12-03T14:20:44.135+0000][6][safepoint   ] Safepoint "Cleanup", Time since last: 1001155208 ns, Reaching safepoint: 189250 ns, At safepoint: 10584 ns, Total: 199834 ns
[2025-12-03T14:20:45.136+0000][6][safepoint   ] Safepoint "Cleanup", Time since last: 1000925125 ns, Reaching safepoint: 206334 ns, At safepoint: 11625 ns, Total: 217959 ns
[2025-12-03T14:20:46.139+0000][6][safepoint   ] Safepoint "Cleanup", Time since last: 1002559500 ns, Reaching safepoint: 157458 ns, At safepoint: 10250 ns, Total: 167708 ns
[2025-12-03T14:20:47.142+0000][6][safepoint   ] Safepoint "Cleanup", Time since last: 1002046626 ns, Reaching safepoint: 359833 ns, At safepoint: 22125 ns, Total: 381958 ns
[2025-12-03T14:20:49.148+0000][6][safepoint   ] Safepoint "Cleanup", Time since last: 2005772168 ns, Reaching safepoint: 316417 ns, At safepoint: 14208 ns, Total: 330625 ns
[2025-12-03T14:20:51.150+0000][6][safepoint   ] Safepoint "Cleanup", Time since last: 2002380876 ns, Reaching safepoint: 239125 ns, At safepoint: 21875 ns, Total: 261000 ns
[2025-12-03T14:20:54.161+0000][6][safepoint   ] Safepoint "Cleanup", Time since last: 3010527960 ns, Reaching safepoint: 77916 ns, At safepoint: 3334 ns, Total: 81250 ns
[2025-12-03T14:20:55.162+0000][6][safepoint   ] Safepoint "Cleanup", Time since last: 1001090292 ns, Reaching safepoint: 110125 ns, At safepoint: 7333 ns, Total: 117458 ns
[2025-12-03T14:20:56.165+0000][6][safepoint   ] Safepoint "Cleanup", Time since last: 1001333333 ns, Reaching safepoint: 212250 ns, At safepoint: 14875 ns, Total: 227125 ns
[2025-12-03T14:20:57.166+0000][6][safepoint   ] Safepoint "Cleanup", Time since last: 1001488792 ns, Reaching safepoint: 155917 ns, At safepoint: 9416 ns, Total: 165333 ns
[2025-12-03T14:20:59.170+0000][6][safepoint   ] Safepoint "Cleanup", Time since last: 2003620085 ns, Reaching safepoint: 556541 ns, At safepoint: 21667 ns, Total: 578208 ns
[2025-12-03T14:21:00.172+0000][6][safepoint   ] Safepoint "Cleanup", Time since last: 1001607292 ns, Reaching safepoint: 137333 ns, At safepoint: 6792 ns, Total: 144125 ns
[2025-12-03T14:21:01.176+0000][6][safepoint   ] Safepoint "Cleanup", Time since last: 1003039501 ns, Reaching safepoint: 265375 ns, At safepoint: 19291 ns, Total: 284666 ns
[2025-12-03T14:21:03.183+0000][6][safepoint   ] Safepoint "Cleanup", Time since last: 2007027418 ns, Reaching safepoint: 359083 ns, At safepoint: 16625 ns, Total: 375708 ns
[2025-12-03T14:21:04.189+0000][6][safepoint   ] Safepoint "Cleanup", Time since last: 1005861667 ns, Reaching safepoint: 137625 ns, At safepoint: 7584 ns, Total: 145209 ns
[2025-12-03T14:21:06.193+0000][6][safepoint   ] Safepoint "Cleanup", Time since last: 2003480251 ns, Reaching safepoint: 364333 ns, At safepoint: 14500 ns, Total: 378833 ns
[2025-12-03T14:21:09.196+0000][6][safepoint   ] Safepoint "Cleanup", Time since last: 3003155710 ns, Reaching safepoint: 201041 ns, At safepoint: 8000 ns, Total: 209041 ns
[2025-12-03T14:21:11.198+0000][6][safepoint   ] Safepoint "Cleanup", Time since last: 2001684960 ns, Reaching safepoint: 180125 ns, At safepoint: 9000 ns, Total: 189125 ns
[2025-12-03T14:21:12.201+0000][6][safepoint   ] Safepoint "Cleanup", Time since last: 1003053959 ns, Reaching safepoint: 379208 ns, At safepoint: 14208 ns, Total: 393416 ns
[2025-12-03T14:21:14.205+0000][6][safepoint   ] Safepoint "Cleanup", Time since last: 2003044626 ns, Reaching safepoint: 102959 ns, At safepoint: 10791 ns, Total: 113750 ns
[2025-12-03T14:21:15.207+0000][6][safepoint   ] Safepoint "Cleanup", Time since last: 1002418834 ns, Reaching safepoint: 346167 ns, At safepoint: 10333 ns, Total: 356500 ns
[2025-12-03T14:21:16.208+0000][6][safepoint   ] Safepoint "Cleanup", Time since last: 1000743625 ns, Reaching safepoint: 190334 ns, At safepoint: 13291 ns, Total: 203625 ns
[2025-12-03T14:21:17.211+0000][6][safepoint   ] Safepoint "Cleanup", Time since last: 1002562001 ns, Reaching safepoint: 150333 ns, At safepoint: 11959 ns, Total: 162292 ns
[2025-12-03T14:21:18.212+0000][6][safepoint   ] Safepoint "Cleanup", Time since last: 1000741542 ns, Reaching safepoint: 156541 ns, At safepoint: 12000 ns, Total: 168541 ns
[2025-12-03T14:21:19.219+0000][6][safepoint   ] Safepoint "Cleanup", Time since last: 1006261001 ns, Reaching safepoint: 589208 ns, At safepoint: 21167 ns, Total: 610375 ns
[2025-12-03T14:21:21.223+0000][6][safepoint   ] Safepoint "Cleanup", Time since last: 2002514584 ns, Reaching safepoint: 1262834 ns, At safepoint: 17250 ns, Total: 1280084 ns
[2025-12-03T14:21:23.225+0000][6][safepoint   ] Safepoint "Cleanup", Time since last: 2002073709 ns, Reaching safepoint: 400791 ns, At safepoint: 20500 ns, Total: 421291 ns
[2025-12-03T14:21:23.904+0000][6][gc,start    ] GC(36) Pause Young (Normal) (G1 Evacuation Pause)
[2025-12-03T14:21:23.904+0000][6][gc,task     ] GC(36) Using 8 workers of 8 for evacuation
[2025-12-03T14:21:23.905+0000][6][gc,age      ] GC(36) Desired survivor size 18874368 bytes, new threshold 15 (max threshold 15)
[2025-12-03T14:21:23.923+0000][6][gc,age      ] GC(36) Age table with threshold 15 (max threshold 15)
[2025-12-03T14:21:23.923+0000][6][gc,age      ] GC(36) - age   1:    1962328 bytes,    1962328 total
[2025-12-03T14:21:23.923+0000][6][gc,age      ] GC(36) - age   2:     917696 bytes,    2880024 total
[2025-12-03T14:21:23.923+0000][6][gc,age      ] GC(36) - age   3:      90608 bytes,    2970632 total
[2025-12-03T14:21:23.923+0000][6][gc,age      ] GC(36) - age   4:      19256 bytes,    2989888 total
[2025-12-03T14:21:23.924+0000][6][gc,age      ] GC(36) - age   5:     548912 bytes,    3538800 total
[2025-12-03T14:21:23.924+0000][6][gc,age      ] GC(36) - age   6:      25384 bytes,    3564184 total
[2025-12-03T14:21:23.924+0000][6][gc,age      ] GC(36) - age   7:   11521272 bytes,   15085456 total
[2025-12-03T14:21:23.924+0000][6][gc,age      ] GC(36) - age   8:    1950872 bytes,   17036328 total
[2025-12-03T14:21:23.924+0000][6][gc,phases   ] GC(36)   Pre Evacuate Collection Set: 0.3ms
[2025-12-03T14:21:23.924+0000][6][gc,phases   ] GC(36)   Merge Heap Roots: 0.1ms
[2025-12-03T14:21:23.924+0000][6][gc,phases   ] GC(36)   Evacuate Collection Set: 15.0ms
[2025-12-03T14:21:23.924+0000][6][gc,phases   ] GC(36)   Post Evacuate Collection Set: 3.0ms
[2025-12-03T14:21:23.924+0000][6][gc,phases   ] GC(36)   Other: 1.2ms
[2025-12-03T14:21:23.924+0000][6][gc,heap     ] GC(36) Eden regions: 66->0(66)
[2025-12-03T14:21:23.924+0000][6][gc,heap     ] GC(36) Survivor regions: 5->5(9)
[2025-12-03T14:21:23.924+0000][6][gc,heap     ] GC(36) Old regions: 28->28
[2025-12-03T14:21:23.924+0000][6][gc,heap     ] GC(36) Archive regions: 2->2
[2025-12-03T14:21:23.924+0000][6][gc,heap     ] GC(36) Humongous regions: 2->2
[2025-12-03T14:21:23.924+0000][6][gc,metaspace] GC(36) Metaspace: 116125K(117760K)->116125K(117760K) NonClass: 101229K(102144K)->101229K(102144K) Class: 14895K(15616K)->14895K(15616K)
[2025-12-03T14:21:23.925+0000][6][gc          ] GC(36) Pause Young (Normal) (G1 Evacuation Pause) 402M->139M(512M) 20.174ms
[2025-12-03T14:21:23.925+0000][6][gc,cpu      ] GC(36) User=0.12s Sys=0.00s Real=0.02s
[2025-12-03T14:21:23.925+0000][6][safepoint   ] Safepoint "G1CollectForAllocation", Time since last: 678989792 ns, Reaching safepoint: 81834 ns, At safepoint: 20400166 ns, Total: 20482000 ns
[2025-12-03T14:21:24.927+0000][6][safepoint   ] Safepoint "Cleanup", Time since last: 1001472084 ns, Reaching safepoint: 678459 ns, At safepoint: 19708 ns, Total: 698167 ns
[2025-12-03T14:21:26.930+0000][6][safepoint   ] Safepoint "Cleanup", Time since last: 2002251292 ns, Reaching safepoint: 995667 ns, At safepoint: 11958 ns, Total: 1007625 ns
[2025-12-03T14:21:28.937+0000][6][safepoint   ] Safepoint "Cleanup", Time since last: 2006790168 ns, Reaching safepoint: 215666 ns, At safepoint: 16709 ns, Total: 232375 ns
[2025-12-03T14:21:29.938+0000][6][safepoint   ] Safepoint "Cleanup", Time since last: 1000644375 ns, Reaching safepoint: 91208 ns, At safepoint: 5417 ns, Total: 96625 ns
[2025-12-03T14:21:30.941+0000][6][safepoint   ] Safepoint "Cleanup", Time since last: 1002559751 ns, Reaching safepoint: 51125 ns, At safepoint: 3250 ns, Total: 54375 ns
[2025-12-03T14:21:31.941+0000][6][safepoint   ] Safepoint "Cleanup", Time since last: 1000412292 ns, Reaching safepoint: 96083 ns, At safepoint: 4083 ns, Total: 100166 ns
[2025-12-03T14:21:32.942+0000][6][safepoint   ] Safepoint "Cleanup", Time since last: 1000894751 ns, Reaching safepoint: 236083 ns, At safepoint: 8167 ns, Total: 244250 ns
[2025-12-03T14:21:33.944+0000][6][safepoint   ] Safepoint "Cleanup", Time since last: 1001511125 ns, Reaching safepoint: 80292 ns, At safepoint: 4875 ns, Total: 85167 ns
[2025-12-03T14:21:35.947+0000][6][safepoint   ] Safepoint "Cleanup", Time since last: 2003139584 ns, Reaching safepoint: 65875 ns, At safepoint: 3084 ns, Total: 68959 ns
[2025-12-03T14:21:36.948+0000][6][safepoint   ] Safepoint "Cleanup", Time since last: 1001030875 ns, Reaching safepoint: 87750 ns, At safepoint: 7250 ns, Total: 95000 ns
[2025-12-03T14:21:38.954+0000][6][safepoint   ] Safepoint "Cleanup", Time since last: 2006118793 ns, Reaching safepoint: 127583 ns, At safepoint: 9542 ns, Total: 137125 ns
[2025-12-03T14:21:41.958+0000][6][safepoint   ] Safepoint "Cleanup", Time since last: 3003952959 ns, Reaching safepoint: 131875 ns, At safepoint: 5250 ns, Total: 137125 ns
[2025-12-03T14:21:43.962+0000][6][safepoint   ] Safepoint "Cleanup", Time since last: 2003623751 ns, Reaching safepoint: 180042 ns, At safepoint: 16542 ns, Total: 196584 ns
[2025-12-03T14:21:44.971+0000][6][safepoint   ] Safepoint "Cleanup", Time since last: 1008797709 ns, Reaching safepoint: 80166 ns, At safepoint: 4167 ns, Total: 84333 ns
[2025-12-03T14:21:46.973+0000][6][safepoint   ] Safepoint "Cleanup", Time since last: 2000946709 ns, Reaching safepoint: 1112958 ns, At safepoint: 146959 ns, Total: 1259917 ns
[2025-12-03T14:21:47.975+0000][6][safepoint   ] Safepoint "Cleanup", Time since last: 1001235667 ns, Reaching safepoint: 237333 ns, At safepoint: 10792 ns, Total: 248125 ns
[2025-12-03T14:21:48.980+0000][6][safepoint   ] Safepoint "Cleanup", Time since last: 1004999459 ns, Reaching safepoint: 192250 ns, At safepoint: 7750 ns, Total: 200000 ns
[2025-12-03T14:21:50.986+0000][6][safepoint   ] Safepoint "Cleanup", Time since last: 2005570792 ns, Reaching safepoint: 73709 ns, At safepoint: 3125 ns, Total: 76834 ns
[2025-12-03T14:21:52.987+0000][6][safepoint   ] Safepoint "Cleanup", Time since last: 2001394584 ns, Reaching safepoint: 292875 ns, At safepoint: 24917 ns, Total: 317792 ns
[2025-12-03T14:21:53.988+0000][6][safepoint   ] Safepoint "Cleanup", Time since last: 1000451375 ns, Reaching safepoint: 93708 ns, At safepoint: 10750 ns, Total: 104458 ns
[2025-12-03T14:21:55.992+0000][6][safepoint   ] Safepoint "Cleanup", Time since last: 2002057209 ns, Reaching safepoint: 221458 ns, At safepoint: 8542 ns, Total: 230000 ns
[2025-12-03T14:21:56.994+0000][6][safepoint   ] Safepoint "Cleanup", Time since last: 1001810667 ns, Reaching safepoint: 116792 ns, At safepoint: 6250 ns, Total: 123042 ns
[2025-12-03T14:21:58.996+0000][6][safepoint   ] Safepoint "Cleanup", Time since last: 2001144417 ns, Reaching safepoint: 684167 ns, At safepoint: 29583 ns, Total: 713750 ns
[2025-12-03T14:21:59.997+0000][6][safepoint   ] Safepoint "Cleanup", Time since last: 1001184459 ns, Reaching safepoint: 46958 ns, At safepoint: 3542 ns, Total: 50500 ns
[2025-12-03T14:22:00.999+0000][6][safepoint   ] Safepoint "Cleanup", Time since last: 1002231292 ns, Reaching safepoint: 74209 ns, At safepoint: 2833 ns, Total: 77042 ns
[2025-12-03T14:22:03.002+0000][6][safepoint   ] Safepoint "Cleanup", Time since last: 2002474751 ns, Reaching safepoint: 145458 ns, At safepoint: 6042 ns, Total: 151500 ns
[2025-12-03T14:22:04.003+0000][6][safepoint   ] Safepoint "Cleanup", Time since last: 1000683375 ns, Reaching safepoint: 92917 ns, At safepoint: 6792 ns, Total: 99709 ns
[2025-12-03T14:22:06.005+0000][6][safepoint   ] Safepoint "Cleanup", Time since last: 2002110251 ns, Reaching safepoint: 80833 ns, At safepoint: 3542 ns, Total: 84375 ns
[2025-12-03T14:22:08.007+0000][6][safepoint   ] Safepoint "Cleanup", Time since last: 2001866376 ns, Reaching safepoint: 157958 ns, At safepoint: 81000 ns, Total: 238958 ns
[2025-12-03T14:22:09.009+0000][6][safepoint   ] Safepoint "Cleanup", Time since last: 1001552334 ns, Reaching safepoint: 103250 ns, At safepoint: 7333 ns, Total: 110583 ns
[2025-12-03T14:22:11.015+0000][6][safepoint   ] Safepoint "Cleanup", Time since last: 2005895709 ns, Reaching safepoint: 46667 ns, At safepoint: 2458 ns, Total: 49125 ns
[2025-12-03T14:22:12.017+0000][6][safepoint   ] Safepoint "Cleanup", Time since last: 1002491584 ns, Reaching safepoint: 93667 ns, At safepoint: 4708 ns, Total: 98375 ns
[2025-12-03T14:22:13.019+0000][6][safepoint   ] Safepoint "Cleanup", Time since last: 1001119126 ns, Reaching safepoint: 278208 ns, At safepoint: 15042 ns, Total: 293250 ns
[2025-12-03T14:22:14.020+0000][6][safepoint   ] Safepoint "Cleanup", Time since last: 1000985708 ns, Reaching safepoint: 126417 ns, At safepoint: 11167 ns, Total: 137584 ns
[2025-12-03T14:22:15.021+0000][6][safepoint   ] Safepoint "Cleanup", Time since last: 1001472292 ns, Reaching safepoint: 84125 ns, At safepoint: 3208 ns, Total: 87333 ns
[2025-12-03T14:22:16.023+0000][6][safepoint   ] Safepoint "Cleanup", Time since last: 1001653126 ns, Reaching safepoint: 207875 ns, At safepoint: 10666 ns, Total: 218541 ns
[2025-12-03T14:22:17.028+0000][6][safepoint   ] Safepoint "Cleanup", Time since last: 1004236876 ns, Reaching safepoint: 281042 ns, At safepoint: 19541 ns, Total: 300583 ns
[2025-12-03T14:22:17.931+0000][6][gc,start    ] GC(37) Pause Young (Normal) (G1 Evacuation Pause)
[2025-12-03T14:22:17.931+0000][6][gc,task     ] GC(37) Using 8 workers of 8 for evacuation
[2025-12-03T14:22:17.931+0000][6][gc,age      ] GC(37) Desired survivor size 18874368 bytes, new threshold 15 (max threshold 15)
[2025-12-03T14:22:17.943+0000][6][gc,age      ] GC(37) Age table with threshold 15 (max threshold 15)
[2025-12-03T14:22:17.943+0000][6][gc,age      ] GC(37) - age   1:    2494592 bytes,    2494592 total
[2025-12-03T14:22:17.943+0000][6][gc,age      ] GC(37) - age   2:      78576 bytes,    2573168 total
[2025-12-03T14:22:17.944+0000][6][gc,age      ] GC(37) - age   3:     725480 bytes,    3298648 total
[2025-12-03T14:22:17.944+0000][6][gc,age      ] GC(37) - age   4:      90256 bytes,    3388904 total
[2025-12-03T14:22:17.944+0000][6][gc,age      ] GC(37) - age   5:      18896 bytes,    3407800 total
[2025-12-03T14:22:17.944+0000][6][gc,age      ] GC(37) - age   6:     548912 bytes,    3956712 total
[2025-12-03T14:22:17.944+0000][6][gc,age      ] GC(37) - age   7:      25384 bytes,    3982096 total
[2025-12-03T14:22:17.944+0000][6][gc,age      ] GC(37) - age   8:   11521272 bytes,   15503368 total
[2025-12-03T14:22:17.944+0000][6][gc,age      ] GC(37) - age   9:    1770696 bytes,   17274064 total
[2025-12-03T14:22:17.944+0000][6][gc,phases   ] GC(37)   Pre Evacuate Collection Set: 0.4ms
[2025-12-03T14:22:17.944+0000][6][gc,phases   ] GC(37)   Merge Heap Roots: 0.2ms
[2025-12-03T14:22:17.944+0000][6][gc,phases   ] GC(37)   Evacuate Collection Set: 9.8ms
[2025-12-03T14:22:17.944+0000][6][gc,phases   ] GC(37)   Post Evacuate Collection Set: 1.6ms
[2025-12-03T14:22:17.944+0000][6][gc,phases   ] GC(37)   Other: 1.3ms
[2025-12-03T14:22:17.944+0000][6][gc,heap     ] GC(37) Eden regions: 66->0(66)
[2025-12-03T14:22:17.944+0000][6][gc,heap     ] GC(37) Survivor regions: 5->5(9)
[2025-12-03T14:22:17.944+0000][6][gc,heap     ] GC(37) Old regions: 28->28
[2025-12-03T14:22:17.944+0000][6][gc,heap     ] GC(37) Archive regions: 2->2
[2025-12-03T14:22:17.944+0000][6][gc,heap     ] GC(37) Humongous regions: 2->2
[2025-12-03T14:22:17.944+0000][6][gc,metaspace] GC(37) Metaspace: 116181K(117824K)->116181K(117824K) NonClass: 101285K(102208K)->101285K(102208K) Class: 14895K(15616K)->14895K(15616K)
[2025-12-03T14:22:17.945+0000][6][gc          ] GC(37) Pause Young (Normal) (G1 Evacuation Pause) 403M->139M(512M) 13.784ms
[2025-12-03T14:22:17.945+0000][6][gc,cpu      ] GC(37) User=0.08s Sys=0.00s Real=0.02s
[2025-12-03T14:22:17.945+0000][6][safepoint   ] Safepoint "G1CollectForAllocation", Time since last: 902730542 ns, Reaching safepoint: 159792 ns, At safepoint: 14083083 ns, Total: 14242875 ns
[2025-12-03T14:22:18.947+0000][6][safepoint   ] Safepoint "Cleanup", Time since last: 1002099751 ns, Reaching safepoint: 187416 ns, At safepoint: 5584 ns, Total: 193000 ns
[2025-12-03T14:22:20.949+0000][6][safepoint   ] Safepoint "Cleanup", Time since last: 2001588292 ns, Reaching safepoint: 52167 ns, At safepoint: 6042 ns, Total: 58209 ns
[2025-12-03T14:22:21.950+0000][6][safepoint   ] Safepoint "Cleanup", Time since last: 1000945959 ns, Reaching safepoint: 157708 ns, At safepoint: 7083 ns, Total: 164791 ns
[2025-12-03T14:22:23.955+0000][6][safepoint   ] Safepoint "Cleanup", Time since last: 2004812334 ns, Reaching safepoint: 76375 ns, At safepoint: 3459 ns, Total: 79834 ns
[2025-12-03T14:22:26.960+0000][6][safepoint   ] Safepoint "Cleanup", Time since last: 3004513959 ns, Reaching safepoint: 53500 ns, At safepoint: 3708 ns, Total: 57208 ns
[2025-12-03T14:22:28.962+0000][6][safepoint   ] Safepoint "Cleanup", Time since last: 2001833335 ns, Reaching safepoint: 139375 ns, At safepoint: 15250 ns, Total: 154625 ns
[2025-12-03T14:22:29.964+0000][6][safepoint   ] Safepoint "Cleanup", Time since last: 1001125250 ns, Reaching safepoint: 86417 ns, At safepoint: 5291 ns, Total: 91708 ns
[2025-12-03T14:22:31.974+0000][6][safepoint   ] Safepoint "Cleanup", Time since last: 2010204585 ns, Reaching safepoint: 618666 ns, At safepoint: 16084 ns, Total: 634750 ns
[2025-12-03T14:22:32.976+0000][6][safepoint   ] Safepoint "Cleanup", Time since last: 1001547000 ns, Reaching safepoint: 71792 ns, At safepoint: 4375 ns, Total: 76167 ns
[2025-12-03T14:22:33.977+0000][6][safepoint   ] Safepoint "Cleanup", Time since last: 1000870209 ns, Reaching safepoint: 181916 ns, At safepoint: 6667 ns, Total: 188583 ns
[2025-12-03T14:22:35.979+0000][6][safepoint   ] Safepoint "Cleanup", Time since last: 2002046626 ns, Reaching safepoint: 92958 ns, At safepoint: 4042 ns, Total: 97000 ns
[2025-12-03T14:22:36.981+0000][6][safepoint   ] Safepoint "Cleanup", Time since last: 1001529209 ns, Reaching safepoint: 131083 ns, At safepoint: 6875 ns, Total: 137958 ns
[2025-12-03T14:22:38.983+0000][6][safepoint   ] Safepoint "Cleanup", Time since last: 2001853668 ns, Reaching safepoint: 217958 ns, At safepoint: 10375 ns, Total: 228333 ns
[2025-12-03T14:22:41.985+0000][6][safepoint   ] Safepoint "Cleanup", Time since last: 3001767543 ns, Reaching safepoint: 170958 ns, At safepoint: 16542 ns, Total: 187500 ns
[2025-12-03T14:22:42.987+0000][6][safepoint   ] Safepoint "Cleanup", Time since last: 1002087626 ns, Reaching safepoint: 92583 ns, At safepoint: 4750 ns, Total: 97333 ns
[2025-12-03T14:22:43.989+0000][6][safepoint   ] Safepoint "Cleanup", Time since last: 1001400000 ns, Reaching safepoint: 212667 ns, At safepoint: 14833 ns, Total: 227500 ns
[2025-12-03T14:22:44.990+0000][6][safepoint   ] Safepoint "Cleanup", Time since last: 1001206918 ns, Reaching safepoint: 142083 ns, At safepoint: 5792 ns, Total: 147875 ns
[2025-12-03T14:22:45.991+0000][6][safepoint   ] Safepoint "Cleanup", Time since last: 1000764708 ns, Reaching safepoint: 123750 ns, At safepoint: 7375 ns, Total: 131125 ns
[2025-12-03T14:22:46.995+0000][6][safepoint   ] Safepoint "Cleanup", Time since last: 1003842001 ns, Reaching safepoint: 323416 ns, At safepoint: 12334 ns, Total: 335750 ns
[2025-12-03T14:22:47.996+0000][6][safepoint   ] Safepoint "Cleanup", Time since last: 1000581667 ns, Reaching safepoint: 129167 ns, At safepoint: 5000 ns, Total: 134167 ns
[2025-12-03T14:22:48.997+0000][6][safepoint   ] Safepoint "Cleanup", Time since last: 1001108292 ns, Reaching safepoint: 119666 ns, At safepoint: 6959 ns, Total: 126625 ns
[2025-12-03T14:22:51.000+0000][6][safepoint   ] Safepoint "Cleanup", Time since last: 2003101792 ns, Reaching safepoint: 87417 ns, At safepoint: 4417 ns, Total: 91834 ns
[2025-12-03T14:22:52.001+0000][6][safepoint   ] Safepoint "Cleanup", Time since last: 1000468500 ns, Reaching safepoint: 191459 ns, At safepoint: 6000 ns, Total: 197459 ns
[2025-12-03T14:22:53.002+0000][6][safepoint   ] Safepoint "Cleanup", Time since last: 1001063625 ns, Reaching safepoint: 218333 ns, At safepoint: 9209 ns, Total: 227542 ns
[2025-12-03T14:22:54.003+0000][6][safepoint   ] Safepoint "Cleanup", Time since last: 1000438250 ns, Reaching safepoint: 185250 ns, At safepoint: 5333 ns, Total: 190583 ns
[2025-12-03T14:22:57.008+0000][6][safepoint   ] Safepoint "Cleanup", Time since last: 3004262293 ns, Reaching safepoint: 72875 ns, At safepoint: 5042 ns, Total: 77917 ns
[2025-12-03T14:22:59.011+0000][6][safepoint   ] Safepoint "Cleanup", Time since last: 2002848793 ns, Reaching safepoint: 266125 ns, At safepoint: 14875 ns, Total: 281000 ns
[2025-12-03T14:23:00.013+0000][6][safepoint   ] Safepoint "Cleanup", Time since last: 1001333458 ns, Reaching safepoint: 1075667 ns, At safepoint: 6458 ns, Total: 1082125 ns
[2025-12-03T14:23:02.022+0000][6][safepoint   ] Safepoint "Cleanup", Time since last: 2008412460 ns, Reaching safepoint: 162791 ns, At safepoint: 11459 ns, Total: 174250 ns
[2025-12-03T14:23:03.024+0000][6][safepoint   ] Safepoint "Cleanup", Time since last: 1001500042 ns, Reaching safepoint: 230958 ns, At safepoint: 12583 ns, Total: 243541 ns
[2025-12-03T14:23:04.027+0000][6][safepoint   ] Safepoint "Cleanup", Time since last: 1003286209 ns, Reaching safepoint: 158625 ns, At safepoint: 13084 ns, Total: 171709 ns
[2025-12-03T14:23:06.031+0000][6][safepoint   ] Safepoint "Cleanup", Time since last: 2004150459 ns, Reaching safepoint: 108792 ns, At safepoint: 14125 ns, Total: 122917 ns
[2025-12-03T14:23:06.103+0000][6][gc,start    ] GC(38) Pause Young (Normal) (G1 Evacuation Pause)
[2025-12-03T14:23:06.103+0000][6][gc,task     ] GC(38) Using 8 workers of 8 for evacuation
[2025-12-03T14:23:06.103+0000][6][gc,age      ] GC(38) Desired survivor size 18874368 bytes, new threshold 15 (max threshold 15)
[2025-12-03T14:23:06.113+0000][6][gc,age      ] GC(38) Age table with threshold 15 (max threshold 15)
[2025-12-03T14:23:06.113+0000][6][gc,age      ] GC(38) - age   1:    3550040 bytes,    3550040 total
[2025-12-03T14:23:06.113+0000][6][gc,age      ] GC(38) - age   2:     361784 bytes,    3911824 total
[2025-12-03T14:23:06.113+0000][6][gc,age      ] GC(38) - age   3:      70152 bytes,    3981976 total
[2025-12-03T14:23:06.113+0000][6][gc,age      ] GC(38) - age   4:     231072 bytes,    4213048 total
[2025-12-03T14:23:06.113+0000][6][gc,age      ] GC(38) - age   5:      90256 bytes,    4303304 total
[2025-12-03T14:23:06.113+0000][6][gc,age      ] GC(38) - age   6:      18864 bytes,    4322168 total
[2025-12-03T14:23:06.113+0000][6][gc,age      ] GC(38) - age   7:     548912 bytes,    4871080 total
[2025-12-03T14:23:06.113+0000][6][gc,age      ] GC(38) - age   8:      25320 bytes,    4896400 total
[2025-12-03T14:23:06.113+0000][6][gc,age      ] GC(38) - age   9:   11521272 bytes,   16417672 total
[2025-12-03T14:23:06.113+0000][6][gc,age      ] GC(38) - age  10:    1770560 bytes,   18188232 total
[2025-12-03T14:23:06.113+0000][6][gc,phases   ] GC(38)   Pre Evacuate Collection Set: 0.1ms
[2025-12-03T14:23:06.113+0000][6][gc,phases   ] GC(38)   Merge Heap Roots: 0.1ms
[2025-12-03T14:23:06.113+0000][6][gc,phases   ] GC(38)   Evacuate Collection Set: 7.8ms
[2025-12-03T14:23:06.113+0000][6][gc,phases   ] GC(38)   Post Evacuate Collection Set: 1.1ms
[2025-12-03T14:23:06.113+0000][6][gc,phases   ] GC(38)   Other: 0.8ms
[2025-12-03T14:23:06.113+0000][6][gc,heap     ] GC(38) Eden regions: 66->0(66)
[2025-12-03T14:23:06.113+0000][6][gc,heap     ] GC(38) Survivor regions: 5->5(9)
[2025-12-03T14:23:06.113+0000][6][gc,heap     ] GC(38) Old regions: 28->28
[2025-12-03T14:23:06.113+0000][6][gc,heap     ] GC(38) Archive regions: 2->2
[2025-12-03T14:23:06.113+0000][6][gc,heap     ] GC(38) Humongous regions: 2->2
[2025-12-03T14:23:06.113+0000][6][gc,metaspace] GC(38) Metaspace: 116378K(118080K)->116378K(118080K) NonClass: 101482K(102464K)->101482K(102464K) Class: 14895K(15616K)->14895K(15616K)
[2025-12-03T14:23:06.113+0000][6][gc          ] GC(38) Pause Young (Normal) (G1 Evacuation Pause) 403M->140M(512M) 10.247ms
[2025-12-03T14:23:06.114+0000][6][gc,cpu      ] GC(38) User=0.06s Sys=0.00s Real=0.01s
[2025-12-03T14:23:06.114+0000][6][safepoint   ] Safepoint "G1CollectForAllocation", Time since last: 71688958 ns, Reaching safepoint: 60208 ns, At safepoint: 10429334 ns, Total: 10489542 ns
[2025-12-03T14:23:07.115+0000][6][safepoint   ] Safepoint "Cleanup", Time since last: 1001555458 ns, Reaching safepoint: 156209 ns, At safepoint: 9208 ns, Total: 165417 ns
[2025-12-03T14:23:09.118+0000][6][safepoint   ] Safepoint "Cleanup", Time since last: 2002972543 ns, Reaching safepoint: 115125 ns, At safepoint: 7958 ns, Total: 123083 ns
[2025-12-03T14:23:11.122+0000][6][safepoint   ] Safepoint "Cleanup", Time since last: 2003129793 ns, Reaching safepoint: 111500 ns, At safepoint: 6208 ns, Total: 117708 ns
[2025-12-03T14:23:12.123+0000][6][safepoint   ] Safepoint "Cleanup", Time since last: 1001376459 ns, Reaching safepoint: 97041 ns, At safepoint: 4500 ns, Total: 101541 ns
[2025-12-03T14:23:13.127+0000][6][safepoint   ] Safepoint "Cleanup", Time since last: 1003159376 ns, Reaching safepoint: 240500 ns, At safepoint: 20250 ns, Total: 260750 ns
[2025-12-03T14:23:14.128+0000][6][safepoint   ] Safepoint "Cleanup", Time since last: 1000916167 ns, Reaching safepoint: 48708 ns, At safepoint: 2625 ns, Total: 51333 ns
[2025-12-03T14:23:15.128+0000][6][safepoint   ] Safepoint "Cleanup", Time since last: 1000838668 ns, Reaching safepoint: 77541 ns, At safepoint: 3084 ns, Total: 80625 ns
[2025-12-03T14:23:16.131+0000][6][safepoint   ] Safepoint "Cleanup", Time since last: 1001869250 ns, Reaching safepoint: 433500 ns, At safepoint: 15167 ns, Total: 448667 ns
[2025-12-03T14:23:17.133+0000][6][safepoint   ] Safepoint "Cleanup", Time since last: 1001767250 ns, Reaching safepoint: 217750 ns, At safepoint: 12459 ns, Total: 230209 ns
[2025-12-03T14:23:18.134+0000][6][safepoint   ] Safepoint "Cleanup", Time since last: 1000642583 ns, Reaching safepoint: 102875 ns, At safepoint: 4084 ns, Total: 106959 ns
[2025-12-03T14:23:19.135+0000][6][safepoint   ] Safepoint "Cleanup", Time since last: 1001095750 ns, Reaching safepoint: 289000 ns, At safepoint: 8500 ns, Total: 297500 ns
[2025-12-03T14:23:21.142+0000][6][safepoint   ] Safepoint "Cleanup", Time since last: 2006641668 ns, Reaching safepoint: 97041 ns, At safepoint: 5500 ns, Total: 102541 ns
[2025-12-03T14:23:23.148+0000][6][safepoint   ] Safepoint "Cleanup", Time since last: 2006145626 ns, Reaching safepoint: 186292 ns, At safepoint: 7250 ns, Total: 193542 ns
[2025-12-03T14:23:24.150+0000][6][safepoint   ] Safepoint "Cleanup", Time since last: 1001520042 ns, Reaching safepoint: 129542 ns, At safepoint: 3167 ns, Total: 132709 ns
[2025-12-03T14:23:26.155+0000][6][safepoint   ] Safepoint "Cleanup", Time since last: 2004110500 ns, Reaching safepoint: 205750 ns, At safepoint: 13625 ns, Total: 219375 ns
[2025-12-03T14:23:27.156+0000][6][safepoint   ] Safepoint "Cleanup", Time since last: 1001404750 ns, Reaching safepoint: 73458 ns, At safepoint: 4959 ns, Total: 78417 ns
[2025-12-03T14:23:29.161+0000][6][safepoint   ] Safepoint "Cleanup", Time since last: 2004408167 ns, Reaching safepoint: 166959 ns, At safepoint: 9291 ns, Total: 176250 ns
[2025-12-03T14:23:30.958+0000][6][safepoint   ] Safepoint "Cleanup", Time since last: 1796440835 ns, Reaching safepoint: 225291 ns, At safepoint: 3709 ns, Total: 229000 ns
[2025-12-03T14:23:31.958+0000][6][safepoint   ] Safepoint "Cleanup", Time since last: 1000818375 ns, Reaching safepoint: 113417 ns, At safepoint: 4458 ns, Total: 117875 ns
[2025-12-03T14:23:32.960+0000][6][safepoint   ] Safepoint "Cleanup", Time since last: 1001430875 ns, Reaching safepoint: 77334 ns, At safepoint: 3541 ns, Total: 80875 ns
[2025-12-03T14:23:33.961+0000][6][safepoint   ] Safepoint "Cleanup", Time since last: 1001305876 ns, Reaching safepoint: 149125 ns, At safepoint: 7958 ns, Total: 157083 ns
[2025-12-03T14:23:35.969+0000][6][safepoint   ] Safepoint "Cleanup", Time since last: 2007090710 ns, Reaching safepoint: 71291 ns, At safepoint: 3917 ns, Total: 75208 ns
[2025-12-03T14:23:36.973+0000][6][safepoint   ] Safepoint "Cleanup", Time since last: 1004265292 ns, Reaching safepoint: 215042 ns, At safepoint: 10166 ns, Total: 225208 ns
[2025-12-03T14:23:37.977+0000][6][safepoint   ] Safepoint "Cleanup", Time since last: 1004044668 ns, Reaching safepoint: 98791 ns, At safepoint: 5792 ns, Total: 104583 ns
[2025-12-03T14:23:38.978+0000][6][safepoint   ] Safepoint "Cleanup", Time since last: 1000932292 ns, Reaching safepoint: 114000 ns, At safepoint: 12542 ns, Total: 126542 ns
[2025-12-03T14:23:41.983+0000][6][safepoint   ] Safepoint "Cleanup", Time since last: 3005007293 ns, Reaching safepoint: 123541 ns, At safepoint: 4459 ns, Total: 128000 ns
[2025-12-03T14:23:43.987+0000][6][safepoint   ] Safepoint "Cleanup", Time since last: 2003111751 ns, Reaching safepoint: 257458 ns, At safepoint: 9833 ns, Total: 267291 ns
[2025-12-03T14:23:44.987+0000][6][safepoint   ] Safepoint "Cleanup", Time since last: 1000483543 ns, Reaching safepoint: 63666 ns, At safepoint: 2417 ns, Total: 66083 ns
[2025-12-03T14:23:46.990+0000][6][safepoint   ] Safepoint "Cleanup", Time since last: 2001996292 ns, Reaching safepoint: 238334 ns, At safepoint: 32583 ns, Total: 270917 ns
[2025-12-03T14:23:47.991+0000][6][safepoint   ] Safepoint "Cleanup", Time since last: 1001741584 ns, Reaching safepoint: 37625 ns, At safepoint: 2000 ns, Total: 39625 ns
[2025-12-03T14:23:48.993+0000][6][safepoint   ] Safepoint "Cleanup", Time since last: 1001045125 ns, Reaching safepoint: 401375 ns, At safepoint: 15000 ns, Total: 416375 ns
[2025-12-03T14:23:50.997+0000][6][safepoint   ] Safepoint "Cleanup", Time since last: 2003907085 ns, Reaching safepoint: 56333 ns, At safepoint: 2958 ns, Total: 59291 ns
[2025-12-03T14:23:51.998+0000][6][safepoint   ] Safepoint "Cleanup", Time since last: 1000519418 ns, Reaching safepoint: 129958 ns, At safepoint: 6583 ns, Total: 136541 ns
[2025-12-03T14:23:52.998+0000][6][safepoint   ] Safepoint "Cleanup", Time since last: 1000627334 ns, Reaching safepoint: 184208 ns, At safepoint: 11625 ns, Total: 195833 ns
[2025-12-03T14:23:53.999+0000][6][safepoint   ] Safepoint "Cleanup", Time since last: 1000830834 ns, Reaching safepoint: 142542 ns, At safepoint: 2791 ns, Total: 145333 ns
[2025-12-03T14:23:57.006+0000][6][safepoint   ] Safepoint "Cleanup", Time since last: 3005880002 ns, Reaching safepoint: 244541 ns, At safepoint: 5084 ns, Total: 249625 ns
[2025-12-03T14:23:59.008+0000][6][safepoint   ] Safepoint "Cleanup", Time since last: 2001196959 ns, Reaching safepoint: 264833 ns, At safepoint: 10750 ns, Total: 275583 ns
[2025-12-03T14:23:59.949+0000][6][gc,start    ] GC(39) Pause Young (Normal) (G1 Evacuation Pause)
[2025-12-03T14:23:59.949+0000][6][gc,task     ] GC(39) Using 8 workers of 8 for evacuation
[2025-12-03T14:23:59.950+0000][6][gc,age      ] GC(39) Desired survivor size 18874368 bytes, new threshold 15 (max threshold 15)
[2025-12-03T14:23:59.979+0000][6][gc,age      ] GC(39) Age table with threshold 15 (max threshold 15)
[2025-12-03T14:23:59.979+0000][6][gc,age      ] GC(39) - age   1:    1793272 bytes,    1793272 total
[2025-12-03T14:23:59.979+0000][6][gc,age      ] GC(39) - age   2:     597056 bytes,    2390328 total
[2025-12-03T14:23:59.979+0000][6][gc,age      ] GC(39) - age   3:      82808 bytes,    2473136 total
[2025-12-03T14:23:59.979+0000][6][gc,age      ] GC(39) - age   4:      69016 bytes,    2542152 total
[2025-12-03T14:23:59.979+0000][6][gc,age      ] GC(39) - age   5:     225664 bytes,    2767816 total
[2025-12-03T14:23:59.979+0000][6][gc,age      ] GC(39) - age   6:      89808 bytes,    2857624 total
[2025-12-03T14:23:59.979+0000][6][gc,age      ] GC(39) - age   7:      18480 bytes,    2876104 total
[2025-12-03T14:23:59.979+0000][6][gc,age      ] GC(39) - age   8:     548208 bytes,    3424312 total
[2025-12-03T14:23:59.979+0000][6][gc,age      ] GC(39) - age   9:      24872 bytes,    3449184 total
[2025-12-03T14:23:59.979+0000][6][gc,age      ] GC(39) - age  10:   11521048 bytes,   14970232 total
[2025-12-03T14:23:59.979+0000][6][gc,age      ] GC(39) - age  11:    1770560 bytes,   16740792 total
[2025-12-03T14:23:59.980+0000][6][gc,phases   ] GC(39)   Pre Evacuate Collection Set: 0.5ms
[2025-12-03T14:23:59.980+0000][6][gc,phases   ] GC(39)   Merge Heap Roots: 0.2ms
[2025-12-03T14:23:59.980+0000][6][gc,phases   ] GC(39)   Evacuate Collection Set: 26.4ms
[2025-12-03T14:23:59.980+0000][6][gc,phases   ] GC(39)   Post Evacuate Collection Set: 1.7ms
[2025-12-03T14:23:59.980+0000][6][gc,phases   ] GC(39)   Other: 2.0ms
[2025-12-03T14:23:59.980+0000][6][gc,heap     ] GC(39) Eden regions: 66->0(66)
[2025-12-03T14:23:59.980+0000][6][gc,heap     ] GC(39) Survivor regions: 5->5(9)
[2025-12-03T14:23:59.980+0000][6][gc,heap     ] GC(39) Old regions: 28->28
[2025-12-03T14:23:59.980+0000][6][gc,heap     ] GC(39) Archive regions: 2->2
[2025-12-03T14:23:59.980+0000][6][gc,heap     ] GC(39) Humongous regions: 2->2
[2025-12-03T14:23:59.980+0000][6][gc,metaspace] GC(39) Metaspace: 116416K(118144K)->116416K(118144K) NonClass: 101521K(102528K)->101521K(102528K) Class: 14895K(15616K)->14895K(15616K)
[2025-12-03T14:23:59.980+0000][6][gc          ] GC(39) Pause Young (Normal) (G1 Evacuation Pause) 404M->139M(512M) 31.089ms
[2025-12-03T14:23:59.980+0000][6][gc,cpu      ] GC(39) User=0.22s Sys=0.00s Real=0.03s
[2025-12-03T14:23:59.980+0000][6][safepoint   ] Safepoint "G1CollectForAllocation", Time since last: 940850792 ns, Reaching safepoint: 149917 ns, At safepoint: 31506458 ns, Total: 31656375 ns
[2025-12-03T14:24:00.982+0000][6][safepoint   ] Safepoint "Cleanup", Time since last: 1000910001 ns, Reaching safepoint: 840542 ns, At safepoint: 7958 ns, Total: 848500 ns
[2025-12-03T14:24:01.986+0000][6][safepoint   ] Safepoint "Cleanup", Time since last: 1003752417 ns, Reaching safepoint: 271083 ns, At safepoint: 14292 ns, Total: 285375 ns
[2025-12-03T14:24:02.990+0000][6][safepoint   ] Safepoint "Cleanup", Time since last: 1003489875 ns, Reaching safepoint: 101584 ns, At safepoint: 5500 ns, Total: 107084 ns
[2025-12-03T14:24:03.991+0000][6][safepoint   ] Safepoint "Cleanup", Time since last: 1001374667 ns, Reaching safepoint: 165583 ns, At safepoint: 20042 ns, Total: 185625 ns
[2025-12-03T14:24:05.995+0000][6][safepoint   ] Safepoint "Cleanup", Time since last: 2003332334 ns, Reaching safepoint: 96000 ns, At safepoint: 4875 ns, Total: 100875 ns
[2025-12-03T14:24:06.996+0000][6][safepoint   ] Safepoint "Cleanup", Time since last: 1001209459 ns, Reaching safepoint: 95458 ns, At safepoint: 6125 ns, Total: 101583 ns
[2025-12-03T14:24:08.998+0000][6][safepoint   ] Safepoint "Cleanup", Time since last: 2002088835 ns, Reaching safepoint: 80875 ns, At safepoint: 3583 ns, Total: 84458 ns
[2025-12-03T14:24:12.001+0000][6][safepoint   ] Safepoint "Cleanup", Time since last: 3002923585 ns, Reaching safepoint: 126750 ns, At safepoint: 3958 ns, Total: 130708 ns
[2025-12-03T14:24:13.003+0000][6][safepoint   ] Safepoint "Cleanup", Time since last: 1001327334 ns, Reaching safepoint: 431958 ns, At safepoint: 14667 ns, Total: 446625 ns
[2025-12-03T14:24:14.009+0000][6][safepoint   ] Safepoint "Cleanup", Time since last: 1005631042 ns, Reaching safepoint: 186833 ns, At safepoint: 12500 ns, Total: 199333 ns
[2025-12-03T14:24:15.010+0000][6][safepoint   ] Safepoint "Cleanup", Time since last: 1001362418 ns, Reaching safepoint: 276666 ns, At safepoint: 15334 ns, Total: 292000 ns
[2025-12-03T14:24:17.014+0000][6][safepoint   ] Safepoint "Cleanup", Time since last: 2003055167 ns, Reaching safepoint: 110417 ns, At safepoint: 10541 ns, Total: 120958 ns
[2025-12-03T14:24:19.017+0000][6][safepoint   ] Safepoint "Cleanup", Time since last: 2002738043 ns, Reaching safepoint: 895875 ns, At safepoint: 31667 ns, Total: 927542 ns
[2025-12-03T14:24:21.020+0000][6][safepoint   ] Safepoint "Cleanup", Time since last: 2002888917 ns, Reaching safepoint: 43584 ns, At safepoint: 3333 ns, Total: 46917 ns
[2025-12-03T14:24:22.021+0000][6][safepoint   ] Safepoint "Cleanup", Time since last: 1000969126 ns, Reaching safepoint: 181958 ns, At safepoint: 6958 ns, Total: 188916 ns
[2025-12-03T14:24:23.022+0000][6][safepoint   ] Safepoint "Cleanup", Time since last: 1000906751 ns, Reaching safepoint: 51208 ns, At safepoint: 2250 ns, Total: 53458 ns
[2025-12-03T14:24:24.023+0000][6][safepoint   ] Safepoint "Cleanup", Time since last: 1000843000 ns, Reaching safepoint: 38209 ns, At safepoint: 2208 ns, Total: 40417 ns
[2025-12-03T14:24:27.037+0000][6][safepoint   ] Safepoint "Cleanup", Time since last: 3012072501 ns, Reaching safepoint: 893625 ns, At safepoint: 19250 ns, Total: 912875 ns
[2025-12-03T14:24:29.040+0000][6][safepoint   ] Safepoint "Cleanup", Time since last: 2003158334 ns, Reaching safepoint: 59250 ns, At safepoint: 3417 ns, Total: 62667 ns
[2025-12-03T14:24:30.041+0000][6][safepoint   ] Safepoint "Cleanup", Time since last: 1000761500 ns, Reaching safepoint: 124000 ns, At safepoint: 4000 ns, Total: 128000 ns
[2025-12-03T14:24:32.043+0000][6][safepoint   ] Safepoint "Cleanup", Time since last: 2001873085 ns, Reaching safepoint: 240208 ns, At safepoint: 19458 ns, Total: 259666 ns
[2025-12-03T14:24:33.045+0000][6][safepoint   ] Safepoint "Cleanup", Time since last: 1001615876 ns, Reaching safepoint: 94333 ns, At safepoint: 4250 ns, Total: 98583 ns
[2025-12-03T14:24:34.046+0000][6][safepoint   ] Safepoint "Cleanup", Time since last: 1000905709 ns, Reaching safepoint: 46375 ns, At safepoint: 2417 ns, Total: 48792 ns
[2025-12-03T14:24:36.048+0000][6][safepoint   ] Safepoint "Cleanup", Time since last: 2002074751 ns, Reaching safepoint: 54166 ns, At safepoint: 2375 ns, Total: 56541 ns
[2025-12-03T14:24:37.049+0000][6][safepoint   ] Safepoint "Cleanup", Time since last: 1000995167 ns, Reaching safepoint: 97042 ns, At safepoint: 6833 ns, Total: 103875 ns
[2025-12-03T14:24:38.050+0000][6][safepoint   ] Safepoint "Cleanup", Time since last: 1000934501 ns, Reaching safepoint: 282333 ns, At safepoint: 22834 ns, Total: 305167 ns
[2025-12-03T14:24:39.053+0000][6][safepoint   ] Safepoint "Cleanup", Time since last: 1001422542 ns, Reaching safepoint: 917000 ns, At safepoint: 27916 ns, Total: 944916 ns
[2025-12-03T14:24:40.058+0000][6][safepoint   ] Safepoint "Cleanup", Time since last: 1003120793 ns, Reaching safepoint: 2352416 ns, At safepoint: 60875 ns, Total: 2413291 ns
[2025-12-03T14:24:42.061+0000][6][safepoint   ] Safepoint "Cleanup", Time since last: 2001597668 ns, Reaching safepoint: 1125708 ns, At safepoint: 27500 ns, Total: 1153208 ns
[2025-12-03T14:24:43.062+0000][6][safepoint   ] Safepoint "Cleanup", Time since last: 1001193709 ns, Reaching safepoint: 96000 ns, At safepoint: 33458 ns, Total: 129458 ns
[2025-12-03T14:24:44.063+0000][6][safepoint   ] Safepoint "Cleanup", Time since last: 1000787584 ns, Reaching safepoint: 81125 ns, At safepoint: 19875 ns, Total: 101000 ns
[2025-12-03T14:24:45.065+0000][6][safepoint   ] Safepoint "Cleanup", Time since last: 1001593084 ns, Reaching safepoint: 59083 ns, At safepoint: 3167 ns, Total: 62250 ns
[2025-12-03T14:24:47.069+0000][6][safepoint   ] Safepoint "Cleanup", Time since last: 2003928084 ns, Reaching safepoint: 135709 ns, At safepoint: 18291 ns, Total: 154000 ns
[2025-12-03T14:24:49.072+0000][6][safepoint   ] Safepoint "Cleanup", Time since last: 2002829459 ns, Reaching safepoint: 211334 ns, At safepoint: 15750 ns, Total: 227084 ns
[2025-12-03T14:24:51.074+0000][6][safepoint   ] Safepoint "Cleanup", Time since last: 2001698084 ns, Reaching safepoint: 108250 ns, At safepoint: 6042 ns, Total: 114292 ns
[2025-12-03T14:24:52.078+0000][6][safepoint   ] Safepoint "Cleanup", Time since last: 1003977375 ns, Reaching safepoint: 116584 ns, At safepoint: 8250 ns, Total: 124834 ns
[2025-12-03T14:24:52.315+0000][6][gc,start    ] GC(40) Pause Young (Normal) (G1 Evacuation Pause)
[2025-12-03T14:24:52.315+0000][6][gc,task     ] GC(40) Using 8 workers of 8 for evacuation
[2025-12-03T14:24:52.316+0000][6][gc,age      ] GC(40) Desired survivor size 18874368 bytes, new threshold 15 (max threshold 15)
[2025-12-03T14:24:52.327+0000][6][gc,age      ] GC(40) Age table with threshold 15 (max threshold 15)
[2025-12-03T14:24:52.327+0000][6][gc,age      ] GC(40) - age   1:    1681376 bytes,    1681376 total
[2025-12-03T14:24:52.327+0000][6][gc,age      ] GC(40) - age   2:     377528 bytes,    2058904 total
[2025-12-03T14:24:52.327+0000][6][gc,age      ] GC(40) - age   3:     524328 bytes,    2583232 total
[2025-12-03T14:24:52.327+0000][6][gc,age      ] GC(40) - age   4:      81120 bytes,    2664352 total
[2025-12-03T14:24:52.327+0000][6][gc,age      ] GC(40) - age   5:      68664 bytes,    2733016 total
[2025-12-03T14:24:52.327+0000][6][gc,age      ] GC(40) - age   6:     225376 bytes,    2958392 total
[2025-12-03T14:24:52.327+0000][6][gc,age      ] GC(40) - age   7:      89808 bytes,    3048200 total
[2025-12-03T14:24:52.327+0000][6][gc,age      ] GC(40) - age   8:      18480 bytes,    3066680 total
[2025-12-03T14:24:52.327+0000][6][gc,age      ] GC(40) - age   9:     548208 bytes,    3614888 total
[2025-12-03T14:24:52.327+0000][6][gc,age      ] GC(40) - age  10:      24872 bytes,    3639760 total
[2025-12-03T14:24:52.327+0000][6][gc,age      ] GC(40) - age  11:   11521048 bytes,   15160808 total
[2025-12-03T14:24:52.327+0000][6][gc,age      ] GC(40) - age  12:    1770560 bytes,   16931368 total
[2025-12-03T14:24:52.327+0000][6][gc,phases   ] GC(40)   Pre Evacuate Collection Set: 0.3ms
[2025-12-03T14:24:52.327+0000][6][gc,phases   ] GC(40)   Merge Heap Roots: 0.1ms
[2025-12-03T14:24:52.327+0000][6][gc,phases   ] GC(40)   Evacuate Collection Set: 8.9ms
[2025-12-03T14:24:52.327+0000][6][gc,phases   ] GC(40)   Post Evacuate Collection Set: 1.8ms
[2025-12-03T14:24:52.327+0000][6][gc,phases   ] GC(40)   Other: 1.0ms
[2025-12-03T14:24:52.327+0000][6][gc,heap     ] GC(40) Eden regions: 66->0(66)
[2025-12-03T14:24:52.327+0000][6][gc,heap     ] GC(40) Survivor regions: 5->5(9)
[2025-12-03T14:24:52.327+0000][6][gc,heap     ] GC(40) Old regions: 28->28
[2025-12-03T14:24:52.327+0000][6][gc,heap     ] GC(40) Archive regions: 2->2
[2025-12-03T14:24:52.328+0000][6][gc,heap     ] GC(40) Humongous regions: 2->2
[2025-12-03T14:24:52.328+0000][6][gc,metaspace] GC(40) Metaspace: 116458K(118144K)->116458K(118144K) NonClass: 101562K(102528K)->101562K(102528K) Class: 14895K(15616K)->14895K(15616K)
[2025-12-03T14:24:52.328+0000][6][gc          ] GC(40) Pause Young (Normal) (G1 Evacuation Pause) 403M->139M(512M) 12.466ms
[2025-12-03T14:24:52.328+0000][6][gc,cpu      ] GC(40) User=0.07s Sys=0.00s Real=0.01s
[2025-12-03T14:24:52.328+0000][6][safepoint   ] Safepoint "G1CollectForAllocation", Time since last: 237103416 ns, Reaching safepoint: 54125 ns, At safepoint: 12667125 ns, Total: 12721250 ns
[2025-12-03T14:24:54.331+0000][6][safepoint   ] Safepoint "Cleanup", Time since last: 2003084751 ns, Reaching safepoint: 267584 ns, At safepoint: 9666 ns, Total: 277250 ns
[2025-12-03T14:24:56.336+0000][6][safepoint   ] Safepoint "Cleanup", Time since last: 2003572876 ns, Reaching safepoint: 51166 ns, At safepoint: 3750 ns, Total: 54916 ns
[2025-12-03T14:24:59.341+0000][6][safepoint   ] Safepoint "Cleanup", Time since last: 3004530502 ns, Reaching safepoint: 258458 ns, At safepoint: 10917 ns, Total: 269375 ns
[2025-12-03T14:25:00.343+0000][6][safepoint   ] Safepoint "Cleanup", Time since last: 1002394709 ns, Reaching safepoint: 213458 ns, At safepoint: 11083 ns, Total: 224541 ns
[2025-12-03T14:25:01.346+0000][6][safepoint   ] Safepoint "Cleanup", Time since last: 1001774084 ns, Reaching safepoint: 473375 ns, At safepoint: 17125 ns, Total: 490500 ns
[2025-12-03T14:25:03.350+0000][6][safepoint   ] Safepoint "Cleanup", Time since last: 2004208793 ns, Reaching safepoint: 298000 ns, At safepoint: 13916 ns, Total: 311916 ns
[2025-12-03T14:25:04.351+0000][6][safepoint   ] Safepoint "Cleanup", Time since last: 1000890042 ns, Reaching safepoint: 134584 ns, At safepoint: 8000 ns, Total: 142584 ns
[2025-12-03T14:25:05.353+0000][6][safepoint   ] Safepoint "Cleanup", Time since last: 1001678084 ns, Reaching safepoint: 307125 ns, At safepoint: 16333 ns, Total: 323458 ns
[2025-12-03T14:25:06.355+0000][6][safepoint   ] Safepoint "Cleanup", Time since last: 1001243209 ns, Reaching safepoint: 266958 ns, At safepoint: 16875 ns, Total: 283833 ns
[2025-12-03T14:25:09.363+0000][6][safepoint   ] Safepoint "Cleanup", Time since last: 3007038002 ns, Reaching safepoint: 754041 ns, At safepoint: 21209 ns, Total: 775250 ns
[2025-12-03T14:25:11.365+0000][6][safepoint   ] Safepoint "Cleanup", Time since last: 2002440167 ns, Reaching safepoint: 76042 ns, At safepoint: 3916 ns, Total: 79958 ns
[2025-12-03T14:25:12.366+0000][6][safepoint   ] Safepoint "Cleanup", Time since last: 1001274584 ns, Reaching safepoint: 55292 ns, At safepoint: 2667 ns, Total: 57959 ns
[2025-12-03T14:25:14.368+0000][6][safepoint   ] Safepoint "Cleanup", Time since last: 2001704251 ns, Reaching safepoint: 413250 ns, At safepoint: 13500 ns, Total: 426750 ns
[2025-12-03T14:25:15.370+0000][6][safepoint   ] Safepoint "Cleanup", Time since last: 1000821125 ns, Reaching safepoint: 349458 ns, At safepoint: 15084 ns, Total: 364542 ns
[2025-12-03T14:25:16.372+0000][6][safepoint   ] Safepoint "Cleanup", Time since last: 1001486667 ns, Reaching safepoint: 368292 ns, At safepoint: 19208 ns, Total: 387500 ns
[2025-12-03T14:25:18.375+0000][6][safepoint   ] Safepoint "Cleanup", Time since last: 2002749792 ns, Reaching safepoint: 377375 ns, At safepoint: 21250 ns, Total: 398625 ns
[2025-12-03T14:25:19.377+0000][6][safepoint   ] Safepoint "Cleanup", Time since last: 1002432751 ns, Reaching safepoint: 188500 ns, At safepoint: 13667 ns, Total: 202167 ns
[2025-12-03T14:25:21.379+0000][6][safepoint   ] Safepoint "Cleanup", Time since last: 2001604251 ns, Reaching safepoint: 239708 ns, At safepoint: 14292 ns, Total: 254000 ns
[2025-12-03T14:25:24.381+0000][6][safepoint   ] Safepoint "Cleanup", Time since last: 3001927876 ns, Reaching safepoint: 172583 ns, At safepoint: 9417 ns, Total: 182000 ns
[2025-12-03T14:25:26.387+0000][6][safepoint   ] Safepoint "Cleanup", Time since last: 2004806334 ns, Reaching safepoint: 247667 ns, At safepoint: 6208 ns, Total: 253875 ns
[2025-12-03T14:25:27.388+0000][6][safepoint   ] Safepoint "Cleanup", Time since last: 1001065375 ns, Reaching safepoint: 154334 ns, At safepoint: 6583 ns, Total: 160917 ns
[2025-12-03T14:25:29.390+0000][6][safepoint   ] Safepoint "Cleanup", Time since last: 2001684876 ns, Reaching safepoint: 473583 ns, At safepoint: 16625 ns, Total: 490208 ns
[2025-12-03T14:25:30.397+0000][6][safepoint   ] Safepoint "Cleanup", Time since last: 1004224043 ns, Reaching safepoint: 2285166 ns, At safepoint: 16834 ns, Total: 2302000 ns
[2025-12-03T14:25:31.399+0000][6][safepoint   ] Safepoint "Cleanup", Time since last: 1001717875 ns, Reaching safepoint: 141917 ns, At safepoint: 9000 ns, Total: 150917 ns
[2025-12-03T14:25:32.401+0000][6][safepoint   ] Safepoint "Cleanup", Time since last: 1001879167 ns, Reaching safepoint: 93583 ns, At safepoint: 6167 ns, Total: 99750 ns
[2025-12-03T14:25:33.408+0000][6][safepoint   ] Safepoint "Cleanup", Time since last: 1003176167 ns, Reaching safepoint: 3967333 ns, At safepoint: 119375 ns, Total: 4086708 ns
[2025-12-03T14:25:34.414+0000][6][safepoint   ] Safepoint "Cleanup", Time since last: 1001324001 ns, Reaching safepoint: 4727750 ns, At safepoint: 27750 ns, Total: 4755500 ns
[2025-12-03T14:25:36.420+0000][6][safepoint   ] Safepoint "Cleanup", Time since last: 2005621001 ns, Reaching safepoint: 540333 ns, At safepoint: 88208 ns, Total: 628541 ns
[2025-12-03T14:25:39.427+0000][6][safepoint   ] Safepoint "Cleanup", Time since last: 3005864210 ns, Reaching safepoint: 296292 ns, At safepoint: 26500 ns, Total: 322792 ns
[2025-12-03T14:25:41.431+0000][6][safepoint   ] Safepoint "Cleanup", Time since last: 2003575209 ns, Reaching safepoint: 793958 ns, At safepoint: 14459 ns, Total: 808417 ns
[2025-12-03T14:25:42.435+0000][6][safepoint   ] Safepoint "Cleanup", Time since last: 1003775167 ns, Reaching safepoint: 131875 ns, At safepoint: 11917 ns, Total: 143792 ns
[2025-12-03T14:25:44.439+0000][6][safepoint   ] Safepoint "Cleanup", Time since last: 2003907792 ns, Reaching safepoint: 163500 ns, At safepoint: 10125 ns, Total: 173625 ns
[2025-12-03T14:25:45.440+0000][6][safepoint   ] Safepoint "Cleanup", Time since last: 1001052834 ns, Reaching safepoint: 45458 ns, At safepoint: 1917 ns, Total: 47375 ns
[2025-12-03T14:25:46.441+0000][6][safepoint   ] Safepoint "Cleanup", Time since last: 1000517459 ns, Reaching safepoint: 43333 ns, At safepoint: 3167 ns, Total: 46500 ns
[2025-12-03T14:25:48.016+0000][6][gc,start    ] GC(41) Pause Young (Normal) (G1 Evacuation Pause)
[2025-12-03T14:25:48.017+0000][6][gc,task     ] GC(41) Using 8 workers of 8 for evacuation
[2025-12-03T14:25:48.017+0000][6][gc,age      ] GC(41) Desired survivor size 18874368 bytes, new threshold 15 (max threshold 15)
[2025-12-03T14:25:48.029+0000][6][gc,age      ] GC(41) Age table with threshold 15 (max threshold 15)
[2025-12-03T14:25:48.029+0000][6][gc,age      ] GC(41) - age   1:    2855424 bytes,    2855424 total
[2025-12-03T14:25:48.029+0000][6][gc,age      ] GC(41) - age   2:     160552 bytes,    3015976 total
[2025-12-03T14:25:48.029+0000][6][gc,age      ] GC(41) - age   3:     104720 bytes,    3120696 total
[2025-12-03T14:25:48.029+0000][6][gc,age      ] GC(41) - age   4:      26008 bytes,    3146704 total
[2025-12-03T14:25:48.029+0000][6][gc,age      ] GC(41) - age   5:      81016 bytes,    3227720 total
[2025-12-03T14:25:48.029+0000][6][gc,age      ] GC(41) - age   6:      68280 bytes,    3296000 total
[2025-12-03T14:25:48.029+0000][6][gc,age      ] GC(41) - age   7:     224680 bytes,    3520680 total
[2025-12-03T14:25:48.029+0000][6][gc,age      ] GC(41) - age   8:      89808 bytes,    3610488 total
[2025-12-03T14:25:48.029+0000][6][gc,age      ] GC(41) - age   9:      18480 bytes,    3628968 total
[2025-12-03T14:25:48.029+0000][6][gc,age      ] GC(41) - age  10:     548208 bytes,    4177176 total
[2025-12-03T14:25:48.029+0000][6][gc,age      ] GC(41) - age  11:      24872 bytes,    4202048 total
[2025-12-03T14:25:48.029+0000][6][gc,age      ] GC(41) - age  12:   11521048 bytes,   15723096 total
[2025-12-03T14:25:48.029+0000][6][gc,age      ] GC(41) - age  13:    1770240 bytes,   17493336 total
[2025-12-03T14:25:48.030+0000][6][gc,phases   ] GC(41)   Pre Evacuate Collection Set: 0.3ms
[2025-12-03T14:25:48.030+0000][6][gc,phases   ] GC(41)   Merge Heap Roots: 0.1ms
[2025-12-03T14:25:48.030+0000][6][gc,phases   ] GC(41)   Evacuate Collection Set: 9.3ms
[2025-12-03T14:25:48.030+0000][6][gc,phases   ] GC(41)   Post Evacuate Collection Set: 1.9ms
[2025-12-03T14:25:48.030+0000][6][gc,phases   ] GC(41)   Other: 1.4ms
[2025-12-03T14:25:48.030+0000][6][gc,heap     ] GC(41) Eden regions: 66->0(66)
[2025-12-03T14:25:48.030+0000][6][gc,heap     ] GC(41) Survivor regions: 5->5(9)
[2025-12-03T14:25:48.030+0000][6][gc,heap     ] GC(41) Old regions: 28->28
[2025-12-03T14:25:48.030+0000][6][gc,heap     ] GC(41) Archive regions: 2->2
[2025-12-03T14:25:48.030+0000][6][gc,heap     ] GC(41) Humongous regions: 2->2
[2025-12-03T14:25:48.030+0000][6][gc,metaspace] GC(41) Metaspace: 116511K(118208K)->116511K(118208K) NonClass: 101612K(102592K)->101612K(102592K) Class: 14899K(15616K)->14899K(15616K)
[2025-12-03T14:25:48.030+0000][6][gc          ] GC(41) Pause Young (Normal) (G1 Evacuation Pause) 403M->139M(512M) 13.681ms
[2025-12-03T14:25:48.030+0000][6][gc,cpu      ] GC(41) User=0.07s Sys=0.00s Real=0.01s
[2025-12-03T14:25:48.030+0000][6][safepoint   ] Safepoint "G1CollectForAllocation", Time since last: 1575603917 ns, Reaching safepoint: 136292 ns, At safepoint: 14005583 ns, Total: 14141875 ns
[2025-12-03T14:25:49.031+0000][6][safepoint   ] Safepoint "Cleanup", Time since last: 1000950709 ns, Reaching safepoint: 137542 ns, At safepoint: 7958 ns, Total: 145500 ns
[2025-12-03T14:25:51.037+0000][6][safepoint   ] Safepoint "Cleanup", Time since last: 2005146209 ns, Reaching safepoint: 67875 ns, At safepoint: 3125 ns, Total: 71000 ns
[2025-12-03T14:25:52.039+0000][6][safepoint   ] Safepoint "Cleanup", Time since last: 1001871793 ns, Reaching safepoint: 132041 ns, At safepoint: 11292 ns, Total: 143333 ns
[2025-12-03T14:25:54.044+0000][6][safepoint   ] Safepoint "Cleanup", Time since last: 2004778917 ns, Reaching safepoint: 66125 ns, At safepoint: 2917 ns, Total: 69042 ns
[2025-12-03T14:25:55.049+0000][6][safepoint   ] Safepoint "Cleanup", Time since last: 1005498501 ns, Reaching safepoint: 127208 ns, At safepoint: 4750 ns, Total: 131958 ns
[2025-12-03T14:25:57.050+0000][6][safepoint   ] Safepoint "Cleanup", Time since last: 2000647625 ns, Reaching safepoint: 96500 ns, At safepoint: 4875 ns, Total: 101375 ns
[2025-12-03T14:25:58.052+0000][6][safepoint   ] Safepoint "Cleanup", Time since last: 1001315709 ns, Reaching safepoint: 265250 ns, At safepoint: 34333 ns, Total: 299583 ns
[2025-12-03T14:25:59.057+0000][6][safepoint   ] Safepoint "Cleanup", Time since last: 1005270293 ns, Reaching safepoint: 182291 ns, At safepoint: 11542 ns, Total: 193833 ns
[2025-12-03T14:26:00.058+0000][6][safepoint   ] Safepoint "Cleanup", Time since last: 1001009042 ns, Reaching safepoint: 86167 ns, At safepoint: 4125 ns, Total: 90292 ns
[2025-12-03T14:26:02.060+0000][6][safepoint   ] Safepoint "Cleanup", Time since last: 2001707167 ns, Reaching safepoint: 299250 ns, At safepoint: 13000 ns, Total: 312250 ns
[2025-12-03T14:26:03.061+0000][6][safepoint   ] Safepoint "Cleanup", Time since last: 1000636667 ns, Reaching safepoint: 82875 ns, At safepoint: 12417 ns, Total: 95292 ns
[2025-12-03T14:26:04.062+0000][6][safepoint   ] Safepoint "Cleanup", Time since last: 1001189959 ns, Reaching safepoint: 77000 ns, At safepoint: 3208 ns, Total: 80208 ns
[2025-12-03T14:26:06.065+0000][6][safepoint   ] Safepoint "Cleanup", Time since last: 2002684960 ns, Reaching safepoint: 126500 ns, At safepoint: 4791 ns, Total: 131291 ns
[2025-12-03T14:26:07.068+0000][6][safepoint   ] Safepoint "Cleanup", Time since last: 1002684167 ns, Reaching safepoint: 157542 ns, At safepoint: 10500 ns, Total: 168042 ns
[2025-12-03T14:26:09.075+0000][6][safepoint   ] Safepoint "Cleanup", Time since last: 2006492001 ns, Reaching safepoint: 143917 ns, At safepoint: 4458 ns, Total: 148375 ns
[2025-12-03T14:26:11.079+0000][6][safepoint   ] Safepoint "Cleanup", Time since last: 2004320793 ns, Reaching safepoint: 69625 ns, At safepoint: 3458 ns, Total: 73083 ns
[2025-12-03T14:26:12.080+0000][6][safepoint   ] Safepoint "Cleanup", Time since last: 1000755500 ns, Reaching safepoint: 80417 ns, At safepoint: 3750 ns, Total: 84167 ns
[2025-12-03T14:26:13.081+0000][6][safepoint   ] Safepoint "Cleanup", Time since last: 1000719126 ns, Reaching safepoint: 272916 ns, At safepoint: 15459 ns, Total: 288375 ns
[2025-12-03T14:26:14.082+0000][6][safepoint   ] Safepoint "Cleanup", Time since last: 1000901417 ns, Reaching safepoint: 67625 ns, At safepoint: 5500 ns, Total: 73125 ns
[2025-12-03T14:26:15.088+0000][6][safepoint   ] Safepoint "Cleanup", Time since last: 1005942042 ns, Reaching safepoint: 97542 ns, At safepoint: 5416 ns, Total: 102958 ns
[2025-12-03T14:26:17.094+0000][6][safepoint   ] Safepoint "Cleanup", Time since last: 2005878543 ns, Reaching safepoint: 334833 ns, At safepoint: 23209 ns, Total: 358042 ns
[2025-12-03T14:26:19.098+0000][6][safepoint   ] Safepoint "Cleanup", Time since last: 2003862917 ns, Reaching safepoint: 202083 ns, At safepoint: 8042 ns, Total: 210125 ns
[2025-12-03T14:26:21.104+0000][6][safepoint   ] Safepoint "Cleanup", Time since last: 2005112584 ns, Reaching safepoint: 79834 ns, At safepoint: 3791 ns, Total: 83625 ns
[2025-12-03T14:26:22.104+0000][6][safepoint   ] Safepoint "Cleanup", Time since last: 1000576084 ns, Reaching safepoint: 134834 ns, At safepoint: 9291 ns, Total: 144125 ns
[2025-12-03T14:26:23.106+0000][6][safepoint   ] Safepoint "Cleanup", Time since last: 1001278084 ns, Reaching safepoint: 163667 ns, At safepoint: 10083 ns, Total: 173750 ns
[2025-12-03T14:26:24.107+0000][6][safepoint   ] Safepoint "Cleanup", Time since last: 1001391626 ns, Reaching safepoint: 96791 ns, At safepoint: 2875 ns, Total: 99666 ns
[2025-12-03T14:26:27.122+0000][6][safepoint   ] Safepoint "Cleanup", Time since last: 3013306042 ns, Reaching safepoint: 259084 ns, At safepoint: 11208 ns, Total: 270292 ns
[2025-12-03T14:26:29.125+0000][6][safepoint   ] Safepoint "Cleanup", Time since last: 2002515293 ns, Reaching safepoint: 72000 ns, At safepoint: 5458 ns, Total: 77458 ns
[2025-12-03T14:26:30.125+0000][6][safepoint   ] Safepoint "Cleanup", Time since last: 1000623959 ns, Reaching safepoint: 48000 ns, At safepoint: 1541 ns, Total: 49541 ns
[2025-12-03T14:26:31.127+0000][6][safepoint   ] Safepoint "Cleanup", Time since last: 1001220834 ns, Reaching safepoint: 81917 ns, At safepoint: 4500 ns, Total: 86417 ns
[2025-12-03T14:26:33.131+0000][6][safepoint   ] Safepoint "Cleanup", Time since last: 2004642751 ns, Reaching safepoint: 90250 ns, At safepoint: 6917 ns, Total: 97167 ns
[2025-12-03T14:26:34.133+0000][6][safepoint   ] Safepoint "Cleanup", Time since last: 1001453708 ns, Reaching safepoint: 158917 ns, At safepoint: 8042 ns, Total: 166959 ns
[2025-12-03T14:26:36.136+0000][6][safepoint   ] Safepoint "Cleanup", Time since last: 2003052584 ns, Reaching safepoint: 166667 ns, At safepoint: 4833 ns, Total: 171500 ns
[2025-12-03T14:26:37.138+0000][6][safepoint   ] Safepoint "Cleanup", Time since last: 1001403167 ns, Reaching safepoint: 199667 ns, At safepoint: 15000 ns, Total: 214667 ns
[2025-12-03T14:26:38.139+0000][6][safepoint   ] Safepoint "Cleanup", Time since last: 1001355459 ns, Reaching safepoint: 128958 ns, At safepoint: 6458 ns, Total: 135416 ns
[2025-12-03T14:26:39.141+0000][6][safepoint   ] Safepoint "Cleanup", Time since last: 1001176667 ns, Reaching safepoint: 140000 ns, At safepoint: 6167 ns, Total: 146167 ns
[2025-12-03T14:26:41.145+0000][6][safepoint   ] Safepoint "Cleanup", Time since last: 2004267043 ns, Reaching safepoint: 140208 ns, At safepoint: 4083 ns, Total: 144291 ns
[2025-12-03T14:26:42.015+0000][6][gc,start    ] GC(42) Pause Young (Normal) (G1 Evacuation Pause)
[2025-12-03T14:26:42.016+0000][6][gc,task     ] GC(42) Using 8 workers of 8 for evacuation
[2025-12-03T14:26:42.016+0000][6][gc,age      ] GC(42) Desired survivor size 18874368 bytes, new threshold 15 (max threshold 15)
[2025-12-03T14:26:42.035+0000][6][gc,age      ] GC(42) Age table with threshold 15 (max threshold 15)
[2025-12-03T14:26:42.035+0000][6][gc,age      ] GC(42) - age   1:    2294912 bytes,    2294912 total
[2025-12-03T14:26:42.035+0000][6][gc,age      ] GC(42) - age   2:     604744 bytes,    2899656 total
[2025-12-03T14:26:42.035+0000][6][gc,age      ] GC(42) - age   3:      31584 bytes,    2931240 total
[2025-12-03T14:26:42.035+0000][6][gc,age      ] GC(42) - age   4:     103432 bytes,    3034672 total
[2025-12-03T14:26:42.036+0000][6][gc,age      ] GC(42) - age   5:      25744 bytes,    3060416 total
[2025-12-03T14:26:42.036+0000][6][gc,age      ] GC(42) - age   6:      80480 bytes,    3140896 total
[2025-12-03T14:26:42.036+0000][6][gc,age      ] GC(42) - age   7:      59032 bytes,    3199928 total
[2025-12-03T14:26:42.036+0000][6][gc,age      ] GC(42) - age   8:     224680 bytes,    3424608 total
[2025-12-03T14:26:42.036+0000][6][gc,age      ] GC(42) - age   9:      89808 bytes,    3514416 total
[2025-12-03T14:26:42.036+0000][6][gc,age      ] GC(42) - age  10:      18480 bytes,    3532896 total
[2025-12-03T14:26:42.036+0000][6][gc,age      ] GC(42) - age  11:     548208 bytes,    4081104 total
[2025-12-03T14:26:42.036+0000][6][gc,age      ] GC(42) - age  12:      24872 bytes,    4105976 total
[2025-12-03T14:26:42.036+0000][6][gc,age      ] GC(42) - age  13:   11521048 bytes,   15627024 total
[2025-12-03T14:26:42.037+0000][6][gc,age      ] GC(42) - age  14:    1770240 bytes,   17397264 total
[2025-12-03T14:26:42.037+0000][6][gc,phases   ] GC(42)   Pre Evacuate Collection Set: 0.5ms
[2025-12-03T14:26:42.037+0000][6][gc,phases   ] GC(42)   Merge Heap Roots: 0.2ms
[2025-12-03T14:26:42.037+0000][6][gc,phases   ] GC(42)   Evacuate Collection Set: 15.7ms
[2025-12-03T14:26:42.037+0000][6][gc,phases   ] GC(42)   Post Evacuate Collection Set: 2.4ms
[2025-12-03T14:26:42.037+0000][6][gc,phases   ] GC(42)   Other: 2.6ms
[2025-12-03T14:26:42.037+0000][6][gc,heap     ] GC(42) Eden regions: 66->0(66)
[2025-12-03T14:26:42.037+0000][6][gc,heap     ] GC(42) Survivor regions: 5->5(9)
[2025-12-03T14:26:42.037+0000][6][gc,heap     ] GC(42) Old regions: 28->28
[2025-12-03T14:26:42.037+0000][6][gc,heap     ] GC(42) Archive regions: 2->2
[2025-12-03T14:26:42.037+0000][6][gc,heap     ] GC(42) Humongous regions: 2->2
[2025-12-03T14:26:42.037+0000][6][gc,metaspace] GC(42) Metaspace: 116548K(118272K)->116548K(118272K) NonClass: 101649K(102656K)->101649K(102656K) Class: 14899K(15616K)->14899K(15616K)
[2025-12-03T14:26:42.038+0000][6][gc          ] GC(42) Pause Young (Normal) (G1 Evacuation Pause) 403M->139M(512M) 22.044ms
[2025-12-03T14:26:42.038+0000][6][gc,cpu      ] GC(42) User=0.13s Sys=0.00s Real=0.02s
[2025-12-03T14:26:42.038+0000][6][safepoint   ] Safepoint "G1CollectForAllocation", Time since last: 870095001 ns, Reaching safepoint: 91416 ns, At safepoint: 22465167 ns, Total: 22556583 ns
[2025-12-03T14:26:43.041+0000][6][safepoint   ] Safepoint "Cleanup", Time since last: 1002854376 ns, Reaching safepoint: 250791 ns, At safepoint: 11459 ns, Total: 262250 ns
[2025-12-03T14:26:44.045+0000][6][safepoint   ] Safepoint "Cleanup", Time since last: 1004501417 ns, Reaching safepoint: 89208 ns, At safepoint: 3708 ns, Total: 92916 ns
[2025-12-03T14:26:45.047+0000][6][safepoint   ] Safepoint "Cleanup", Time since last: 1001536043 ns, Reaching safepoint: 247375 ns, At safepoint: 19416 ns, Total: 266791 ns
[2025-12-03T14:26:47.060+0000][6][safepoint   ] Safepoint "Cleanup", Time since last: 2012399918 ns, Reaching safepoint: 174125 ns, At safepoint: 15083 ns, Total: 189208 ns
[2025-12-03T14:26:48.063+0000][6][safepoint   ] Safepoint "Cleanup", Time since last: 1002748459 ns, Reaching safepoint: 58750 ns, At safepoint: 2083 ns, Total: 60833 ns
[2025-12-03T14:26:49.065+0000][6][safepoint   ] Safepoint "Cleanup", Time since last: 1001938542 ns, Reaching safepoint: 120459 ns, At safepoint: 8875 ns, Total: 129334 ns
[2025-12-03T14:26:51.068+0000][6][safepoint   ] Safepoint "Cleanup", Time since last: 2003521084 ns, Reaching safepoint: 60292 ns, At safepoint: 3333 ns, Total: 63625 ns
[2025-12-03T14:26:52.069+0000][6][safepoint   ] Safepoint "Cleanup", Time since last: 1000656667 ns, Reaching safepoint: 253084 ns, At safepoint: 12625 ns, Total: 265709 ns
[2025-12-03T14:26:54.073+0000][6][safepoint   ] Safepoint "Cleanup", Time since last: 2003494709 ns, Reaching safepoint: 66042 ns, At safepoint: 3666 ns, Total: 69708 ns
[2025-12-03T14:26:57.091+0000][6][safepoint   ] Safepoint "Cleanup", Time since last: 3017216834 ns, Reaching safepoint: 52167 ns, At safepoint: 1625 ns, Total: 53792 ns
[2025-12-03T14:26:59.100+0000][6][safepoint   ] Safepoint "Cleanup", Time since last: 2008804459 ns, Reaching safepoint: 157000 ns, At safepoint: 10375 ns, Total: 167375 ns
[2025-12-03T14:27:00.103+0000][6][safepoint   ] Safepoint "Cleanup", Time since last: 1002428167 ns, Reaching safepoint: 94667 ns, At safepoint: 3542 ns, Total: 98209 ns
[2025-12-03T14:27:02.105+0000][6][safepoint   ] Safepoint "Cleanup", Time since last: 2001941417 ns, Reaching safepoint: 219209 ns, At safepoint: 6083 ns, Total: 225292 ns
[2025-12-03T14:27:03.106+0000][6][safepoint   ] Safepoint "Cleanup", Time since last: 1001356917 ns, Reaching safepoint: 71792 ns, At safepoint: 2375 ns, Total: 74167 ns
[2025-12-03T14:27:04.108+0000][6][safepoint   ] Safepoint "Cleanup", Time since last: 1001306250 ns, Reaching safepoint: 679375 ns, At safepoint: 254250 ns, Total: 933625 ns
[2025-12-03T14:27:06.114+0000][6][safepoint   ] Safepoint "Cleanup", Time since last: 2005397668 ns, Reaching safepoint: 79000 ns, At safepoint: 6167 ns, Total: 85167 ns
[2025-12-03T14:27:07.116+0000][6][safepoint   ] Safepoint "Cleanup", Time since last: 1001961792 ns, Reaching safepoint: 219958 ns, At safepoint: 6667 ns, Total: 226625 ns
[2025-12-03T14:27:08.118+0000][6][safepoint   ] Safepoint "Cleanup", Time since last: 1001725792 ns, Reaching safepoint: 190458 ns, At safepoint: 11000 ns, Total: 201458 ns
[2025-12-03T14:27:09.120+0000][6][safepoint   ] Safepoint "Cleanup", Time since last: 1001510709 ns, Reaching safepoint: 134417 ns, At safepoint: 4916 ns, Total: 139333 ns
[2025-12-03T14:27:12.128+0000][6][safepoint   ] Safepoint "Cleanup", Time since last: 3008228252 ns, Reaching safepoint: 34291 ns, At safepoint: 1834 ns, Total: 36125 ns
[2025-12-03T14:27:13.129+0000][6][safepoint   ] Safepoint "Cleanup", Time since last: 1000591459 ns, Reaching safepoint: 106791 ns, At safepoint: 4000 ns, Total: 110791 ns
[2025-12-03T14:27:14.132+0000][6][safepoint   ] Safepoint "Cleanup", Time since last: 1003399459 ns, Reaching safepoint: 134458 ns, At safepoint: 7459 ns, Total: 141917 ns
[2025-12-03T14:27:15.134+0000][6][safepoint   ] Safepoint "Cleanup", Time since last: 1001903667 ns, Reaching safepoint: 73667 ns, At safepoint: 4750 ns, Total: 78417 ns
[2025-12-03T14:27:17.138+0000][6][safepoint   ] Safepoint "Cleanup", Time since last: 2004186126 ns, Reaching safepoint: 123125 ns, At safepoint: 5583 ns, Total: 128708 ns
[2025-12-03T14:27:19.147+0000][6][safepoint   ] Safepoint "Cleanup", Time since last: 2007791292 ns, Reaching safepoint: 297542 ns, At safepoint: 14667 ns, Total: 312209 ns
[2025-12-03T14:27:21.152+0000][6][safepoint   ] Safepoint "Cleanup", Time since last: 2005562584 ns, Reaching safepoint: 110792 ns, At safepoint: 5250 ns, Total: 116042 ns
[2025-12-03T14:27:22.155+0000][6][safepoint   ] Safepoint "Cleanup", Time since last: 1002636750 ns, Reaching safepoint: 400209 ns, At safepoint: 20666 ns, Total: 420875 ns
[2025-12-03T14:27:24.166+0000][6][safepoint   ] Safepoint "Cleanup", Time since last: 2010571876 ns, Reaching safepoint: 142417 ns, At safepoint: 5792 ns, Total: 148209 ns
[2025-12-03T14:27:26.176+0000][6][safepoint   ] Safepoint "Cleanup", Time since last: 2008470458 ns, Reaching safepoint: 397792 ns, At safepoint: 20333 ns, Total: 418125 ns
[2025-12-03T14:27:27.185+0000][6][safepoint   ] Safepoint "Cleanup", Time since last: 1009250959 ns, Reaching safepoint: 89000 ns, At safepoint: 2625 ns, Total: 91625 ns
[2025-12-03T14:27:29.190+0000][6][safepoint   ] Safepoint "Cleanup", Time since last: 2004547084 ns, Reaching safepoint: 93917 ns, At safepoint: 11166 ns, Total: 105083 ns
[2025-12-03T14:27:30.190+0000][6][safepoint   ] Safepoint "Cleanup", Time since last: 1000578542 ns, Reaching safepoint: 94084 ns, At safepoint: 4958 ns, Total: 99042 ns
[2025-12-03T14:27:31.191+0000][6][safepoint   ] Safepoint "Cleanup", Time since last: 1000976126 ns, Reaching safepoint: 83916 ns, At safepoint: 3417 ns, Total: 87333 ns
[2025-12-03T14:27:33.196+0000][6][safepoint   ] Safepoint "Cleanup", Time since last: 2003937668 ns, Reaching safepoint: 116250 ns, At safepoint: 7416 ns, Total: 123666 ns
[2025-12-03T14:27:34.197+0000][6][safepoint   ] Safepoint "Cleanup", Time since last: 1001766792 ns, Reaching safepoint: 133167 ns, At safepoint: 6917 ns, Total: 140084 ns
[2025-12-03T14:27:36.068+0000][6][gc,start    ] GC(43) Pause Young (Normal) (G1 Evacuation Pause)
[2025-12-03T14:27:36.068+0000][6][gc,task     ] GC(43) Using 8 workers of 8 for evacuation
[2025-12-03T14:27:36.069+0000][6][gc,age      ] GC(43) Desired survivor size 18874368 bytes, new threshold 15 (max threshold 15)
[2025-12-03T14:27:36.081+0000][6][gc,age      ] GC(43) Age table with threshold 15 (max threshold 15)
[2025-12-03T14:27:36.082+0000][6][gc,age      ] GC(43) - age   1:    2897288 bytes,    2897288 total
[2025-12-03T14:27:36.082+0000][6][gc,age      ] GC(43) - age   2:     390472 bytes,    3287760 total
[2025-12-03T14:27:36.082+0000][6][gc,age      ] GC(43) - age   3:      40184 bytes,    3327944 total
[2025-12-03T14:27:36.082+0000][6][gc,age      ] GC(43) - age   4:      30992 bytes,    3358936 total
[2025-12-03T14:27:36.082+0000][6][gc,age      ] GC(43) - age   5:     103368 bytes,    3462304 total
[2025-12-03T14:27:36.082+0000][6][gc,age      ] GC(43) - age   6:      25744 bytes,    3488048 total
[2025-12-03T14:27:36.082+0000][6][gc,age      ] GC(43) - age   7:      80480 bytes,    3568528 total
[2025-12-03T14:27:36.082+0000][6][gc,age      ] GC(43) - age   8:      59032 bytes,    3627560 total
[2025-12-03T14:27:36.082+0000][6][gc,age      ] GC(43) - age   9:     224584 bytes,    3852144 total
[2025-12-03T14:27:36.082+0000][6][gc,age      ] GC(43) - age  10:      89808 bytes,    3941952 total
[2025-12-03T14:27:36.082+0000][6][gc,age      ] GC(43) - age  11:      18400 bytes,    3960352 total
[2025-12-03T14:27:36.082+0000][6][gc,age      ] GC(43) - age  12:     548208 bytes,    4508560 total
[2025-12-03T14:27:36.082+0000][6][gc,age      ] GC(43) - age  13:      24872 bytes,    4533432 total
[2025-12-03T14:27:36.082+0000][6][gc,age      ] GC(43) - age  14:   11521048 bytes,   16054480 total
[2025-12-03T14:27:36.082+0000][6][gc,age      ] GC(43) - age  15:    1770240 bytes,   17824720 total
[2025-12-03T14:27:36.082+0000][6][gc,phases   ] GC(43)   Pre Evacuate Collection Set: 0.3ms
[2025-12-03T14:27:36.083+0000][6][gc,phases   ] GC(43)   Merge Heap Roots: 0.2ms
[2025-12-03T14:27:36.083+0000][6][gc,phases   ] GC(43)   Evacuate Collection Set: 9.9ms
[2025-12-03T14:27:36.083+0000][6][gc,phases   ] GC(43)   Post Evacuate Collection Set: 2.3ms
[2025-12-03T14:27:36.083+0000][6][gc,phases   ] GC(43)   Other: 1.6ms
[2025-12-03T14:27:36.083+0000][6][gc,heap     ] GC(43) Eden regions: 66->0(66)
[2025-12-03T14:27:36.083+0000][6][gc,heap     ] GC(43) Survivor regions: 5->5(9)
[2025-12-03T14:27:36.083+0000][6][gc,heap     ] GC(43) Old regions: 28->28
[2025-12-03T14:27:36.083+0000][6][gc,heap     ] GC(43) Archive regions: 2->2
[2025-12-03T14:27:36.083+0000][6][gc,heap     ] GC(43) Humongous regions: 2->2
[2025-12-03T14:27:36.083+0000][6][gc,metaspace] GC(43) Metaspace: 116579K(118272K)->116579K(118272K) NonClass: 101679K(102656K)->101679K(102656K) Class: 14899K(15616K)->14899K(15616K)
[2025-12-03T14:27:36.083+0000][6][gc          ] GC(43) Pause Young (Normal) (G1 Evacuation Pause) 403M->140M(512M) 14.857ms
[2025-12-03T14:27:36.083+0000][6][gc,cpu      ] GC(43) User=0.07s Sys=0.01s Real=0.01s
[2025-12-03T14:27:36.083+0000][6][safepoint   ] Safepoint "G1CollectForAllocation", Time since last: 1870466209 ns, Reaching safepoint: 98750 ns, At safepoint: 15104792 ns, Total: 15203542 ns
[2025-12-03T14:27:37.092+0000][6][safepoint   ] Safepoint "Cleanup", Time since last: 1008051542 ns, Reaching safepoint: 648041 ns, At safepoint: 14417 ns, Total: 662458 ns
[2025-12-03T14:27:39.097+0000][6][safepoint   ] Safepoint "Cleanup", Time since last: 2005315043 ns, Reaching safepoint: 175208 ns, At safepoint: 12167 ns, Total: 187375 ns
[2025-12-03T14:27:42.101+0000][6][safepoint   ] Safepoint "Cleanup", Time since last: 3003705876 ns, Reaching safepoint: 80542 ns, At safepoint: 3916 ns, Total: 84458 ns
[2025-12-03T14:27:44.106+0000][6][safepoint   ] Safepoint "Cleanup", Time since last: 2004212751 ns, Reaching safepoint: 322834 ns, At safepoint: 16208 ns, Total: 339042 ns
[2025-12-03T14:27:45.107+0000][6][safepoint   ] Safepoint "Cleanup", Time since last: 1001498959 ns, Reaching safepoint: 82125 ns, At safepoint: 4250 ns, Total: 86375 ns
[2025-12-03T14:27:47.109+0000][6][safepoint   ] Safepoint "Cleanup", Time since last: 2001932168 ns, Reaching safepoint: 80875 ns, At safepoint: 2750 ns, Total: 83625 ns
[2025-12-03T14:27:48.111+0000][6][safepoint   ] Safepoint "Cleanup", Time since last: 1001204042 ns, Reaching safepoint: 94666 ns, At safepoint: 8500 ns, Total: 103166 ns
[2025-12-03T14:27:49.112+0000][6][safepoint   ] Safepoint "Cleanup", Time since last: 1001132501 ns, Reaching safepoint: 548000 ns, At safepoint: 18916 ns, Total: 566916 ns
[2025-12-03T14:27:51.116+0000][6][safepoint   ] Safepoint "Cleanup", Time since last: 2003555043 ns, Reaching safepoint: 99667 ns, At safepoint: 4791 ns, Total: 104458 ns
[2025-12-03T14:27:52.117+0000][6][safepoint   ] Safepoint "Cleanup", Time since last: 1001217626 ns, Reaching safepoint: 190083 ns, At safepoint: 14292 ns, Total: 204375 ns
[2025-12-03T14:27:53.123+0000][6][safepoint   ] Safepoint "Cleanup", Time since last: 1005714292 ns, Reaching safepoint: 116542 ns, At safepoint: 3791 ns, Total: 120333 ns
[2025-12-03T14:27:54.129+0000][6][safepoint   ] Safepoint "Cleanup", Time since last: 1006014584 ns, Reaching safepoint: 74834 ns, At safepoint: 3583 ns, Total: 78417 ns
[2025-12-03T14:27:57.135+0000][6][safepoint   ] Safepoint "Cleanup", Time since last: 3003932668 ns, Reaching safepoint: 60958 ns, At safepoint: 3250 ns, Total: 64208 ns
[2025-12-03T14:27:58.137+0000][6][safepoint   ] Safepoint "Cleanup", Time since last: 1001506084 ns, Reaching safepoint: 545875 ns, At safepoint: 17625 ns, Total: 563500 ns
[2025-12-03T14:27:59.141+0000][6][safepoint   ] Safepoint "Cleanup", Time since last: 1003839000 ns, Reaching safepoint: 214084 ns, At safepoint: 15125 ns, Total: 229209 ns
[2025-12-03T14:28:00.142+0000][6][safepoint   ] Safepoint "Cleanup", Time since last: 1001302917 ns, Reaching safepoint: 78791 ns, At safepoint: 4084 ns, Total: 82875 ns
[2025-12-03T14:28:02.146+0000][6][safepoint   ] Safepoint "Cleanup", Time since last: 2003793584 ns, Reaching safepoint: 195542 ns, At safepoint: 10291 ns, Total: 205833 ns
[2025-12-03T14:28:03.147+0000][6][safepoint   ] Safepoint "Cleanup", Time since last: 1000550668 ns, Reaching safepoint: 91750 ns, At safepoint: 3958 ns, Total: 95708 ns
[2025-12-03T14:28:04.148+0000][6][safepoint   ] Safepoint "Cleanup", Time since last: 1000887959 ns, Reaching safepoint: 196250 ns, At safepoint: 9000 ns, Total: 205250 ns
[2025-12-03T14:28:06.151+0000][6][safepoint   ] Safepoint "Cleanup", Time since last: 2002855834 ns, Reaching safepoint: 118958 ns, At safepoint: 4209 ns, Total: 123167 ns
[2025-12-03T14:28:07.153+0000][6][safepoint   ] Safepoint "Cleanup", Time since last: 1000796167 ns, Reaching safepoint: 1028041 ns, At safepoint: 76917 ns, Total: 1104958 ns
[2025-12-03T14:28:09.162+0000][6][safepoint   ] Safepoint "Cleanup", Time since last: 2008824793 ns, Reaching safepoint: 111708 ns, At safepoint: 5833 ns, Total: 117541 ns
[2025-12-03T14:28:12.166+0000][6][safepoint   ] Safepoint "Cleanup", Time since last: 3003767460 ns, Reaching safepoint: 104208 ns, At safepoint: 3500 ns, Total: 107708 ns
[2025-12-03T14:28:13.167+0000][6][safepoint   ] Safepoint "Cleanup", Time since last: 1000805543 ns, Reaching safepoint: 107291 ns, At safepoint: 4875 ns, Total: 112166 ns
[2025-12-03T14:28:14.168+0000][6][safepoint   ] Safepoint "Cleanup", Time since last: 1001047709 ns, Reaching safepoint: 199208 ns, At safepoint: 7042 ns, Total: 206250 ns
[2025-12-03T14:28:15.169+0000][6][safepoint   ] Safepoint "Cleanup", Time since last: 1000853209 ns, Reaching safepoint: 177500 ns, At safepoint: 7208 ns, Total: 184708 ns
[2025-12-03T14:28:17.173+0000][6][safepoint   ] Safepoint "Cleanup", Time since last: 2003946668 ns, Reaching safepoint: 263875 ns, At safepoint: 15625 ns, Total: 279500 ns
[2025-12-03T14:28:18.336+0000][6][gc,start    ] GC(44) Pause Young (Normal) (G1 Evacuation Pause)
[2025-12-03T14:28:18.337+0000][6][gc,task     ] GC(44) Using 8 workers of 8 for evacuation
[2025-12-03T14:28:18.337+0000][6][gc,age      ] GC(44) Desired survivor size 18874368 bytes, new threshold 15 (max threshold 15)
[2025-12-03T14:28:18.353+0000][6][gc,age      ] GC(44) Age table with threshold 15 (max threshold 15)
[2025-12-03T14:28:18.353+0000][6][gc,age      ] GC(44) - age   1:    2202248 bytes,    2202248 total
[2025-12-03T14:28:18.353+0000][6][gc,age      ] GC(44) - age   2:     806536 bytes,    3008784 total
[2025-12-03T14:28:18.353+0000][6][gc,age      ] GC(44) - age   3:      72984 bytes,    3081768 total
[2025-12-03T14:28:18.354+0000][6][gc,age      ] GC(44) - age   4:      38888 bytes,    3120656 total
[2025-12-03T14:28:18.354+0000][6][gc,age      ] GC(44) - age   5:      30608 bytes,    3151264 total
[2025-12-03T14:28:18.354+0000][6][gc,age      ] GC(44) - age   6:     103368 bytes,    3254632 total
[2025-12-03T14:28:18.354+0000][6][gc,age      ] GC(44) - age   7:      25744 bytes,    3280376 total
[2025-12-03T14:28:18.354+0000][6][gc,age      ] GC(44) - age   8:      80480 bytes,    3360856 total
[2025-12-03T14:28:18.354+0000][6][gc,age      ] GC(44) - age   9:      59032 bytes,    3419888 total
[2025-12-03T14:28:18.354+0000][6][gc,age      ] GC(44) - age  10:     224584 bytes,    3644472 total
[2025-12-03T14:28:18.354+0000][6][gc,age      ] GC(44) - age  11:      89808 bytes,    3734280 total
[2025-12-03T14:28:18.354+0000][6][gc,age      ] GC(44) - age  12:      18400 bytes,    3752680 total
[2025-12-03T14:28:18.354+0000][6][gc,age      ] GC(44) - age  13:     548208 bytes,    4300888 total
[2025-12-03T14:28:18.354+0000][6][gc,age      ] GC(44) - age  14:      24872 bytes,    4325760 total
[2025-12-03T14:28:18.354+0000][6][gc,age      ] GC(44) - age  15:   11521048 bytes,   15846808 total
[2025-12-03T14:28:18.354+0000][6][gc,phases   ] GC(44)   Pre Evacuate Collection Set: 0.3ms
[2025-12-03T14:28:18.354+0000][6][gc,phases   ] GC(44)   Merge Heap Roots: 0.3ms
[2025-12-03T14:28:18.354+0000][6][gc,phases   ] GC(44)   Evacuate Collection Set: 13.5ms
[2025-12-03T14:28:18.355+0000][6][gc,phases   ] GC(44)   Post Evacuate Collection Set: 1.9ms
[2025-12-03T14:28:18.355+0000][6][gc,phases   ] GC(44)   Other: 2.8ms
[2025-12-03T14:28:18.355+0000][6][gc,heap     ] GC(44) Eden regions: 66->0(66)
[2025-12-03T14:28:18.355+0000][6][gc,heap     ] GC(44) Survivor regions: 5->5(9)
[2025-12-03T14:28:18.355+0000][6][gc,heap     ] GC(44) Old regions: 28->28
[2025-12-03T14:28:18.355+0000][6][gc,heap     ] GC(44) Archive regions: 2->2
[2025-12-03T14:28:18.355+0000][6][gc,heap     ] GC(44) Humongous regions: 2->2
[2025-12-03T14:28:18.355+0000][6][gc,metaspace] GC(44) Metaspace: 116657K(118336K)->116657K(118336K) NonClass: 101757K(102720K)->101757K(102720K) Class: 14899K(15616K)->14899K(15616K)
[2025-12-03T14:28:18.355+0000][6][gc          ] GC(44) Pause Young (Normal) (G1 Evacuation Pause) 404M->139M(512M) 19.480ms
[2025-12-03T14:28:18.355+0000][6][gc,cpu      ] GC(44) User=0.09s Sys=0.00s Real=0.01s
[2025-12-03T14:28:18.355+0000][6][safepoint   ] Safepoint "G1CollectForAllocation", Time since last: 1161863542 ns, Reaching safepoint: 330583 ns, At safepoint: 19869959 ns, Total: 20200542 ns
[2025-12-03T14:28:19.361+0000][6][safepoint   ] Safepoint "Cleanup", Time since last: 1005440292 ns, Reaching safepoint: 185000 ns, At safepoint: 13458 ns, Total: 198458 ns
[2025-12-03T14:28:21.377+0000][6][safepoint   ] Safepoint "Cleanup", Time since last: 2015747585 ns, Reaching safepoint: 165458 ns, At safepoint: 17375 ns, Total: 182833 ns
[2025-12-03T14:28:22.408+0000][6][safepoint   ] Safepoint "Cleanup", Time since last: 1029624542 ns, Reaching safepoint: 1316375 ns, At safepoint: 254958 ns, Total: 1571333 ns
[2025-12-03T14:28:23.413+0000][6][safepoint   ] Safepoint "Cleanup", Time since last: 1004626459 ns, Reaching safepoint: 310542 ns, At safepoint: 11250 ns, Total: 321792 ns
[2025-12-03T14:28:24.416+0000][6][safepoint   ] Safepoint "Cleanup", Time since last: 1002636750 ns, Reaching safepoint: 119167 ns, At safepoint: 6292 ns, Total: 125459 ns
[2025-12-03T14:28:26.424+0000][6][safepoint   ] Safepoint "Cleanup", Time since last: 2007630583 ns, Reaching safepoint: 714708 ns, At safepoint: 33917 ns, Total: 748625 ns
[2025-12-03T14:28:28.431+0000][6][safepoint   ] Safepoint "Cleanup", Time since last: 2004493209 ns, Reaching safepoint: 1686542 ns, At safepoint: 14250 ns, Total: 1700792 ns
[2025-12-03T14:28:29.432+0000][6][safepoint   ] Safepoint "Cleanup", Time since last: 1001596250 ns, Reaching safepoint: 98125 ns, At safepoint: 7334 ns, Total: 105459 ns
[2025-12-03T14:28:30.439+0000][6][safepoint   ] Safepoint "Cleanup", Time since last: 1006342417 ns, Reaching safepoint: 57667 ns, At safepoint: 3291 ns, Total: 60958 ns
[2025-12-03T14:28:31.441+0000][6][safepoint   ] Safepoint "Cleanup", Time since last: 1001847876 ns, Reaching safepoint: 119833 ns, At safepoint: 4708 ns, Total: 124541 ns
[2025-12-03T14:28:32.441+0000][6][safepoint   ] Safepoint "Cleanup", Time since last: 1000224251 ns, Reaching safepoint: 94375 ns, At safepoint: 2792 ns, Total: 97167 ns
[2025-12-03T14:28:33.442+0000][6][safepoint   ] Safepoint "Cleanup", Time since last: 1000935958 ns, Reaching safepoint: 198459 ns, At safepoint: 14333 ns, Total: 212792 ns
[2025-12-03T14:28:34.443+0000][6][safepoint   ] Safepoint "Cleanup", Time since last: 1000746667 ns, Reaching safepoint: 429208 ns, At safepoint: 11125 ns, Total: 440333 ns
[2025-12-03T14:28:36.447+0000][6][safepoint   ] Safepoint "Cleanup", Time since last: 2002587168 ns, Reaching safepoint: 1093875 ns, At safepoint: 27500 ns, Total: 1121375 ns
[2025-12-03T14:28:39.454+0000][6][safepoint   ] Safepoint "Cleanup", Time since last: 3006297793 ns, Reaching safepoint: 275959 ns, At safepoint: 15125 ns, Total: 291084 ns
[2025-12-03T14:28:41.457+0000][6][safepoint   ] Safepoint "Cleanup", Time since last: 2002688625 ns, Reaching safepoint: 311959 ns, At safepoint: 19833 ns, Total: 331792 ns
[2025-12-03T14:28:42.458+0000][6][safepoint   ] Safepoint "Cleanup", Time since last: 1001256834 ns, Reaching safepoint: 51958 ns, At safepoint: 8250 ns, Total: 60208 ns
[2025-12-03T14:28:44.465+0000][6][safepoint   ] Safepoint "Cleanup", Time since last: 2006998751 ns, Reaching safepoint: 112417 ns, At safepoint: 10375 ns, Total: 122792 ns
[2025-12-03T14:28:45.467+0000][6][safepoint   ] Safepoint "Cleanup", Time since last: 1002279459 ns, Reaching safepoint: 123583 ns, At safepoint: 6917 ns, Total: 130500 ns
[2025-12-03T14:28:46.469+0000][6][safepoint   ] Safepoint "Cleanup", Time since last: 1001593334 ns, Reaching safepoint: 69541 ns, At safepoint: 2709 ns, Total: 72250 ns
[2025-12-03T14:28:49.472+0000][6][safepoint   ] Safepoint "Cleanup", Time since last: 3002981876 ns, Reaching safepoint: 202875 ns, At safepoint: 9250 ns, Total: 212125 ns
[2025-12-03T14:28:51.476+0000][6][safepoint   ] Safepoint "Cleanup", Time since last: 2003398251 ns, Reaching safepoint: 105500 ns, At safepoint: 7292 ns, Total: 112792 ns
[2025-12-03T14:28:54.487+0000][6][safepoint   ] Safepoint "Cleanup", Time since last: 3010700168 ns, Reaching safepoint: 158500 ns, At safepoint: 4458 ns, Total: 162958 ns
[2025-12-03T14:28:56.493+0000][6][safepoint   ] Safepoint "Cleanup", Time since last: 2006673209 ns, Reaching safepoint: 172042 ns, At safepoint: 7583 ns, Total: 179625 ns
[2025-12-03T14:28:59.500+0000][6][safepoint   ] Safepoint "Cleanup", Time since last: 3006913376 ns, Reaching safepoint: 400584 ns, At safepoint: 13750 ns, Total: 414334 ns
[2025-12-03T14:29:00.507+0000][6][safepoint   ] Safepoint "Cleanup", Time since last: 1006234167 ns, Reaching safepoint: 1083583 ns, At safepoint: 8792 ns, Total: 1092375 ns
[2025-12-03T14:29:01.509+0000][6][safepoint   ] Safepoint "Cleanup", Time since last: 1001480750 ns, Reaching safepoint: 275875 ns, At safepoint: 10250 ns, Total: 286125 ns
[2025-12-03T14:29:02.512+0000][6][safepoint   ] Safepoint "Cleanup", Time since last: 1003150834 ns, Reaching safepoint: 87292 ns, At safepoint: 8750 ns, Total: 96042 ns
[2025-12-03T14:29:03.516+0000][6][safepoint   ] Safepoint "Cleanup", Time since last: 1003615709 ns, Reaching safepoint: 97041 ns, At safepoint: 9125 ns, Total: 106166 ns
[2025-12-03T14:29:04.517+0000][6][safepoint   ] Safepoint "Cleanup", Time since last: 1000927251 ns, Reaching safepoint: 87083 ns, At safepoint: 2542 ns, Total: 89625 ns
[2025-12-03T14:29:06.331+0000][6][safepoint   ] Safepoint "Cleanup", Time since last: 1814147084 ns, Reaching safepoint: 90625 ns, At safepoint: 7958 ns, Total: 98583 ns
[2025-12-03T14:29:07.337+0000][6][safepoint   ] Safepoint "Cleanup", Time since last: 1004442584 ns, Reaching safepoint: 700292 ns, At safepoint: 32375 ns, Total: 732667 ns
[2025-12-03T14:29:09.341+0000][6][safepoint   ] Safepoint "Cleanup", Time since last: 2003656542 ns, Reaching safepoint: 283125 ns, At safepoint: 6167 ns, Total: 289292 ns
[2025-12-03T14:29:11.343+0000][6][safepoint   ] Safepoint "Cleanup", Time since last: 2002356959 ns, Reaching safepoint: 332500 ns, At safepoint: 14292 ns, Total: 346792 ns
[2025-12-03T14:29:12.345+0000][6][safepoint   ] Safepoint "Cleanup", Time since last: 1001907084 ns, Reaching safepoint: 99625 ns, At safepoint: 3667 ns, Total: 103292 ns
[2025-12-03T14:29:13.350+0000][6][safepoint   ] Safepoint "Cleanup", Time since last: 1004101208 ns, Reaching safepoint: 808500 ns, At safepoint: 21167 ns, Total: 829667 ns
[2025-12-03T14:29:14.352+0000][6][safepoint   ] Safepoint "Cleanup", Time since last: 1001913959 ns, Reaching safepoint: 78250 ns, At safepoint: 2500 ns, Total: 80750 ns
[2025-12-03T14:29:15.087+0000][6][gc,start    ] GC(45) Pause Young (Normal) (G1 Evacuation Pause)
[2025-12-03T14:29:15.087+0000][6][gc,task     ] GC(45) Using 8 workers of 8 for evacuation
[2025-12-03T14:29:15.088+0000][6][gc,age      ] GC(45) Desired survivor size 18874368 bytes, new threshold 15 (max threshold 15)
[2025-12-03T14:29:15.105+0000][6][gc,age      ] GC(45) Age table with threshold 15 (max threshold 15)
[2025-12-03T14:29:15.105+0000][6][gc,age      ] GC(45) - age   1:    1741080 bytes,    1741080 total
[2025-12-03T14:29:15.105+0000][6][gc,age      ] GC(45) - age   2:     134352 bytes,    1875432 total
[2025-12-03T14:29:15.105+0000][6][gc,age      ] GC(45) - age   3:     548480 bytes,    2423912 total
[2025-12-03T14:29:15.105+0000][6][gc,age      ] GC(45) - age   4:      42080 bytes,    2465992 total
[2025-12-03T14:29:15.105+0000][6][gc,age      ] GC(45) - age   5:      30960 bytes,    2496952 total
[2025-12-03T14:29:15.106+0000][6][gc,age      ] GC(45) - age   6:      22504 bytes,    2519456 total
[2025-12-03T14:29:15.106+0000][6][gc,age      ] GC(45) - age   7:      94600 bytes,    2614056 total
[2025-12-03T14:29:15.106+0000][6][gc,age      ] GC(45) - age   8:      20264 bytes,    2634320 total
[2025-12-03T14:29:15.106+0000][6][gc,age      ] GC(45) - age   9:      71712 bytes,    2706032 total
[2025-12-03T14:29:15.106+0000][6][gc,age      ] GC(45) - age  10:      52456 bytes,    2758488 total
[2025-12-03T14:29:15.106+0000][6][gc,age      ] GC(45) - age  11:     216912 bytes,    2975400 total
[2025-12-03T14:29:15.106+0000][6][gc,age      ] GC(45) - age  12:      81040 bytes,    3056440 total
[2025-12-03T14:29:15.106+0000][6][gc,age      ] GC(45) - age  13:      11824 bytes,    3068264 total
[2025-12-03T14:29:15.106+0000][6][gc,age      ] GC(45) - age  14:     540536 bytes,    3608800 total
[2025-12-03T14:29:15.106+0000][6][gc,age      ] GC(45) - age  15:      17200 bytes,    3626000 total
[2025-12-03T14:29:15.106+0000][6][gc,phases   ] GC(45)   Pre Evacuate Collection Set: 0.6ms
[2025-12-03T14:29:15.106+0000][6][gc,phases   ] GC(45)   Merge Heap Roots: 0.3ms
[2025-12-03T14:29:15.106+0000][6][gc,phases   ] GC(45)   Evacuate Collection Set: 13.6ms
[2025-12-03T14:29:15.107+0000][6][gc,phases   ] GC(45)   Post Evacuate Collection Set: 2.4ms
[2025-12-03T14:29:15.107+0000][6][gc,phases   ] GC(45)   Other: 2.4ms
[2025-12-03T14:29:15.107+0000][6][gc,heap     ] GC(45) Eden regions: 66->0(68)
[2025-12-03T14:29:15.107+0000][6][gc,heap     ] GC(45) Survivor regions: 5->2(9)
[2025-12-03T14:29:15.107+0000][6][gc,heap     ] GC(45) Old regions: 28->31
[2025-12-03T14:29:15.107+0000][6][gc,heap     ] GC(45) Archive regions: 2->2
[2025-12-03T14:29:15.107+0000][6][gc,heap     ] GC(45) Humongous regions: 2->2
[2025-12-03T14:29:15.107+0000][6][gc,metaspace] GC(45) Metaspace: 116689K(118336K)->116689K(118336K) NonClass: 101789K(102720K)->101789K(102720K) Class: 14899K(15616K)->14899K(15616K)
[2025-12-03T14:29:15.107+0000][6][gc          ] GC(45) Pause Young (Normal) (G1 Evacuation Pause) 403M->139M(512M) 19.883ms
[2025-12-03T14:29:15.107+0000][6][gc,cpu      ] GC(45) User=0.10s Sys=0.00s Real=0.02s
[2025-12-03T14:29:15.107+0000][6][safepoint   ] Safepoint "G1CollectForAllocation", Time since last: 734594209 ns, Reaching safepoint: 200458 ns, At safepoint: 20330000 ns, Total: 20530458 ns
[2025-12-03T14:29:16.109+0000][6][safepoint   ] Safepoint "Cleanup", Time since last: 1000992875 ns, Reaching safepoint: 345125 ns, At safepoint: 19792 ns, Total: 364917 ns
[2025-12-03T14:29:17.111+0000][6][safepoint   ] Safepoint "Cleanup", Time since last: 1001578584 ns, Reaching safepoint: 246500 ns, At safepoint: 11833 ns, Total: 258333 ns
[2025-12-03T14:29:19.115+0000][6][safepoint   ] Safepoint "Cleanup", Time since last: 2003402834 ns, Reaching safepoint: 575667 ns, At safepoint: 19083 ns, Total: 594750 ns
[2025-12-03T14:29:21.119+0000][6][safepoint   ] Safepoint "Cleanup", Time since last: 2004710543 ns, Reaching safepoint: 48333 ns, At safepoint: 1917 ns, Total: 50250 ns
[2025-12-03T14:29:22.121+0000][6][safepoint   ] Safepoint "Cleanup", Time since last: 1001066584 ns, Reaching safepoint: 322167 ns, At safepoint: 21166 ns, Total: 343333 ns
[2025-12-03T14:29:24.125+0000][6][safepoint   ] Safepoint "Cleanup", Time since last: 2003840751 ns, Reaching safepoint: 804167 ns, At safepoint: 25333 ns, Total: 829500 ns
[2025-12-03T14:29:26.295+0000][6][safepoint   ] Safepoint "Cleanup", Time since last: 2166495126 ns, Reaching safepoint: 90333 ns, At safepoint: 7084 ns, Total: 97417 ns
[2025-12-03T14:29:27.296+0000][6][safepoint   ] Safepoint "Cleanup", Time since last: 1001135042 ns, Reaching safepoint: 301875 ns, At safepoint: 13041 ns, Total: 314916 ns
[2025-12-03T14:29:29.298+0000][6][safepoint   ] Safepoint "Cleanup", Time since last: 2001793835 ns, Reaching safepoint: 76250 ns, At safepoint: 3750 ns, Total: 80000 ns
[2025-12-03T14:29:30.300+0000][6][safepoint   ] Safepoint "Cleanup", Time since last: 1001680875 ns, Reaching safepoint: 98833 ns, At safepoint: 5500 ns, Total: 104333 ns
[2025-12-03T14:29:31.303+0000][6][safepoint   ] Safepoint "Cleanup", Time since last: 1002877501 ns, Reaching safepoint: 89083 ns, At safepoint: 4250 ns, Total: 93333 ns
[2025-12-03T14:29:32.342+0000][6][safepoint   ] Safepoint "Cleanup", Time since last: 1038128792 ns, Reaching safepoint: 1137500 ns, At safepoint: 12375 ns, Total: 1149875 ns
[2025-12-03T14:29:33.343+0000][6][safepoint   ] Safepoint "Cleanup", Time since last: 1000736459 ns, Reaching safepoint: 103375 ns, At safepoint: 5959 ns, Total: 109334 ns
[2025-12-03T14:29:34.352+0000][6][safepoint   ] Safepoint "Cleanup", Time since last: 1008996542 ns, Reaching safepoint: 57125 ns, At safepoint: 3625 ns, Total: 60750 ns
[2025-12-03T14:29:36.371+0000][6][safepoint   ] Safepoint "Cleanup", Time since last: 2019066751 ns, Reaching safepoint: 81500 ns, At safepoint: 4083 ns, Total: 85583 ns
[2025-12-03T14:29:38.377+0000][6][safepoint   ] Safepoint "Cleanup", Time since last: 2002607459 ns, Reaching safepoint: 3090584 ns, At safepoint: 30000 ns, Total: 3120584 ns
[2025-12-03T14:29:39.379+0000][6][safepoint   ] Safepoint "Cleanup", Time since last: 1001394833 ns, Reaching safepoint: 470459 ns, At safepoint: 9791 ns, Total: 480250 ns
[2025-12-03T14:29:41.382+0000][6][safepoint   ] Safepoint "Cleanup", Time since last: 2003529251 ns, Reaching safepoint: 123000 ns, At safepoint: 7125 ns, Total: 130125 ns
[2025-12-03T14:29:42.383+0000][6][safepoint   ] Safepoint "Cleanup", Time since last: 1000658626 ns, Reaching safepoint: 88083 ns, At safepoint: 4292 ns, Total: 92375 ns
[2025-12-03T14:29:44.384+0000][6][safepoint   ] Safepoint "Cleanup", Time since last: 2000979293 ns, Reaching safepoint: 82916 ns, At safepoint: 4584 ns, Total: 87500 ns
[2025-12-03T14:29:45.386+0000][6][safepoint   ] Safepoint "Cleanup", Time since last: 1001676375 ns, Reaching safepoint: 84500 ns, At safepoint: 4042 ns, Total: 88542 ns
[2025-12-03T14:29:46.387+0000][6][safepoint   ] Safepoint "Cleanup", Time since last: 1001223250 ns, Reaching safepoint: 114167 ns, At safepoint: 7333 ns, Total: 121500 ns
[2025-12-03T14:29:49.391+0000][6][safepoint   ] Safepoint "Cleanup", Time since last: 3003417877 ns, Reaching safepoint: 308916 ns, At safepoint: 114667 ns, Total: 423583 ns
[2025-12-03T14:29:51.394+0000][6][safepoint   ] Safepoint "Cleanup", Time since last: 2002845376 ns, Reaching safepoint: 364667 ns, At safepoint: 12375 ns, Total: 377042 ns
[2025-12-03T14:29:54.400+0000][6][safepoint   ] Safepoint "Cleanup", Time since last: 3005670584 ns, Reaching safepoint: 87209 ns, At safepoint: 7875 ns, Total: 95084 ns
[2025-12-03T14:29:56.403+0000][6][safepoint   ] Safepoint "Cleanup", Time since last: 2002098541 ns, Reaching safepoint: 165459 ns, At safepoint: 11916 ns, Total: 177375 ns
[2025-12-03T14:29:57.418+0000][6][safepoint   ] Safepoint "Cleanup", Time since last: 1014882209 ns, Reaching safepoint: 203792 ns, At safepoint: 9458 ns, Total: 213250 ns
[2025-12-03T14:29:59.421+0000][6][safepoint   ] Safepoint "Cleanup", Time since last: 2002629876 ns, Reaching safepoint: 126958 ns, At safepoint: 5917 ns, Total: 132875 ns
[2025-12-03T14:30:00.422+0000][6][safepoint   ] Safepoint "Cleanup", Time since last: 1000822501 ns, Reaching safepoint: 75083 ns, At safepoint: 3417 ns, Total: 78500 ns
[2025-12-03T14:30:01.423+0000][6][safepoint   ] Safepoint "Cleanup", Time since last: 1000921625 ns, Reaching safepoint: 100833 ns, At safepoint: 7834 ns, Total: 108667 ns
[2025-12-03T14:30:03.426+0000][6][safepoint   ] Safepoint "Cleanup", Time since last: 2002691626 ns, Reaching safepoint: 375000 ns, At safepoint: 30541 ns, Total: 405541 ns
[2025-12-03T14:30:04.428+0000][6][safepoint   ] Safepoint "Cleanup", Time since last: 1001570376 ns, Reaching safepoint: 53458 ns, At safepoint: 28542 ns, Total: 82000 ns
[2025-12-03T14:30:05.430+0000][6][safepoint   ] Safepoint "Cleanup", Time since last: 1001959500 ns, Reaching safepoint: 374959 ns, At safepoint: 13916 ns, Total: 388875 ns
[2025-12-03T14:30:06.432+0000][6][safepoint   ] Safepoint "Cleanup", Time since last: 1001205376 ns, Reaching safepoint: 139875 ns, At safepoint: 8125 ns, Total: 148000 ns
[2025-12-03T14:30:09.122+0000][6][gc,start    ] GC(46) Pause Young (Normal) (G1 Evacuation Pause)
[2025-12-03T14:30:09.122+0000][6][gc,task     ] GC(46) Using 8 workers of 8 for evacuation
[2025-12-03T14:30:09.123+0000][6][gc,age      ] GC(46) Desired survivor size 18874368 bytes, new threshold 15 (max threshold 15)
[2025-12-03T14:30:09.129+0000][6][gc,age      ] GC(46) Age table with threshold 15 (max threshold 15)
[2025-12-03T14:30:09.129+0000][6][gc,age      ] GC(46) - age   1:    2763704 bytes,    2763704 total
[2025-12-03T14:30:09.130+0000][6][gc,age      ] GC(46) - age   2:     441040 bytes,    3204744 total
[2025-12-03T14:30:09.130+0000][6][gc,age      ] GC(46) - age   3:      78440 bytes,    3283184 total
[2025-12-03T14:30:09.130+0000][6][gc,age      ] GC(46) - age   4:      18224 bytes,    3301408 total
[2025-12-03T14:30:09.130+0000][6][gc,age      ] GC(46) - age   5:      41504 bytes,    3342912 total
[2025-12-03T14:30:09.130+0000][6][gc,age      ] GC(46) - age   6:      30800 bytes,    3373712 total
[2025-12-03T14:30:09.130+0000][6][gc,age      ] GC(46) - age   7:      22504 bytes,    3396216 total
[2025-12-03T14:30:09.130+0000][6][gc,age      ] GC(46) - age   8:      94600 bytes,    3490816 total
[2025-12-03T14:30:09.130+0000][6][gc,age      ] GC(46) - age   9:      20264 bytes,    3511080 total
[2025-12-03T14:30:09.130+0000][6][gc,age      ] GC(46) - age  10:      71712 bytes,    3582792 total
[2025-12-03T14:30:09.130+0000][6][gc,age      ] GC(46) - age  11:      52456 bytes,    3635248 total
[2025-12-03T14:30:09.130+0000][6][gc,age      ] GC(46) - age  12:     215568 bytes,    3850816 total
[2025-12-03T14:30:09.130+0000][6][gc,age      ] GC(46) - age  13:      81040 bytes,    3931856 total
[2025-12-03T14:30:09.130+0000][6][gc,age      ] GC(46) - age  14:      11824 bytes,    3943680 total
[2025-12-03T14:30:09.130+0000][6][gc,age      ] GC(46) - age  15:     540536 bytes,    4484216 total
[2025-12-03T14:30:09.130+0000][6][gc,phases   ] GC(46)   Pre Evacuate Collection Set: 0.2ms
[2025-12-03T14:30:09.130+0000][6][gc,phases   ] GC(46)   Merge Heap Roots: 0.1ms
[2025-12-03T14:30:09.130+0000][6][gc,phases   ] GC(46)   Evacuate Collection Set: 4.8ms
[2025-12-03T14:30:09.130+0000][6][gc,phases   ] GC(46)   Post Evacuate Collection Set: 1.6ms
[2025-12-03T14:30:09.130+0000][6][gc,phases   ] GC(46)   Other: 1.2ms
[2025-12-03T14:30:09.130+0000][6][gc,heap     ] GC(46) Eden regions: 68->0(68)
[2025-12-03T14:30:09.130+0000][6][gc,heap     ] GC(46) Survivor regions: 2->2(9)
[2025-12-03T14:30:09.131+0000][6][gc,heap     ] GC(46) Old regions: 31->31
[2025-12-03T14:30:09.131+0000][6][gc,heap     ] GC(46) Archive regions: 2->2
[2025-12-03T14:30:09.131+0000][6][gc,heap     ] GC(46) Humongous regions: 2->2
[2025-12-03T14:30:09.131+0000][6][gc,metaspace] GC(46) Metaspace: 116722K(118400K)->116722K(118400K) NonClass: 101822K(102784K)->101822K(102784K) Class: 14899K(15616K)->14899K(15616K)
[2025-12-03T14:30:09.131+0000][6][gc          ] GC(46) Pause Young (Normal) (G1 Evacuation Pause) 411M->139M(512M) 8.501ms
[2025-12-03T14:30:09.131+0000][6][gc,cpu      ] GC(46) User=0.05s Sys=0.00s Real=0.01s
[2025-12-03T14:30:09.131+0000][6][safepoint   ] Safepoint "G1CollectForAllocation", Time since last: 2690518126 ns, Reaching safepoint: 86708 ns, At safepoint: 8706459 ns, Total: 8793167 ns
[2025-12-03T14:30:10.132+0000][6][safepoint   ] Safepoint "Cleanup", Time since last: 1001252750 ns, Reaching safepoint: 343125 ns, At safepoint: 20709 ns, Total: 363834 ns
[2025-12-03T14:30:12.136+0000][6][safepoint   ] Safepoint "Cleanup", Time since last: 2002437292 ns, Reaching safepoint: 1018167 ns, At safepoint: 15791 ns, Total: 1033958 ns
[2025-12-03T14:30:13.137+0000][6][safepoint   ] Safepoint "Cleanup", Time since last: 1000764043 ns, Reaching safepoint: 140625 ns, At safepoint: 6583 ns, Total: 147208 ns
[2025-12-03T14:30:14.140+0000][6][safepoint   ] Safepoint "Cleanup", Time since last: 1002500875 ns, Reaching safepoint: 280500 ns, At safepoint: 37584 ns, Total: 318084 ns
[2025-12-03T14:30:15.143+0000][6][safepoint   ] Safepoint "Cleanup", Time since last: 1003128792 ns, Reaching safepoint: 159917 ns, At safepoint: 7333 ns, Total: 167250 ns
[2025-12-03T14:30:17.149+0000][6][safepoint   ] Safepoint "Cleanup", Time since last: 2005800668 ns, Reaching safepoint: 97708 ns, At safepoint: 6250 ns, Total: 103958 ns
[2025-12-03T14:30:19.156+0000][6][safepoint   ] Safepoint "Cleanup", Time since last: 2006926626 ns, Reaching safepoint: 198750 ns, At safepoint: 13166 ns, Total: 211916 ns
[2025-12-03T14:30:21.159+0000][6][safepoint   ] Safepoint "Cleanup", Time since last: 2002720585 ns, Reaching safepoint: 60416 ns, At safepoint: 3750 ns, Total: 64166 ns
[2025-12-03T14:30:22.161+0000][6][safepoint   ] Safepoint "Cleanup", Time since last: 1001982001 ns, Reaching safepoint: 202125 ns, At safepoint: 11750 ns, Total: 213875 ns
[2025-12-03T14:30:23.164+0000][6][safepoint   ] Safepoint "Cleanup", Time since last: 1002817584 ns, Reaching safepoint: 147291 ns, At safepoint: 10834 ns, Total: 158125 ns
[2025-12-03T14:30:24.167+0000][6][safepoint   ] Safepoint "Cleanup", Time since last: 1002952125 ns, Reaching safepoint: 171000 ns, At safepoint: 3459 ns, Total: 174459 ns
[2025-12-03T14:30:27.194+0000][6][safepoint   ] Safepoint "Cleanup", Time since last: 3025771667 ns, Reaching safepoint: 82375 ns, At safepoint: 4500 ns, Total: 86875 ns
[2025-12-03T14:30:28.195+0000][6][safepoint   ] Safepoint "Cleanup", Time since last: 1000841250 ns, Reaching safepoint: 82959 ns, At safepoint: 5875 ns, Total: 88834 ns
[2025-12-03T14:30:29.196+0000][6][safepoint   ] Safepoint "Cleanup", Time since last: 1000922750 ns, Reaching safepoint: 101084 ns, At safepoint: 4250 ns, Total: 105334 ns
[2025-12-03T14:30:30.198+0000][6][safepoint   ] Safepoint "Cleanup", Time since last: 1002089625 ns, Reaching safepoint: 52083 ns, At safepoint: 2209 ns, Total: 54292 ns
[2025-12-03T14:30:32.200+0000][6][safepoint   ] Safepoint "Cleanup", Time since last: 2001836084 ns, Reaching safepoint: 231000 ns, At safepoint: 13542 ns, Total: 244542 ns
[2025-12-03T14:30:33.204+0000][6][safepoint   ] Safepoint "Cleanup", Time since last: 1001863125 ns, Reaching safepoint: 1928875 ns, At safepoint: 6709 ns, Total: 1935584 ns
[2025-12-03T14:30:34.205+0000][6][safepoint   ] Safepoint "Cleanup", Time since last: 1001013958 ns, Reaching safepoint: 62000 ns, At safepoint: 2834 ns, Total: 64834 ns
[2025-12-03T14:30:36.207+0000][6][safepoint   ] Safepoint "Cleanup", Time since last: 2001673084 ns, Reaching safepoint: 107625 ns, At safepoint: 3792 ns, Total: 111417 ns
[2025-12-03T14:30:37.210+0000][6][safepoint   ] Safepoint "Cleanup", Time since last: 1003122208 ns, Reaching safepoint: 258459 ns, At safepoint: 20708 ns, Total: 279167 ns
[2025-12-03T14:30:38.215+0000][6][safepoint   ] Safepoint "Cleanup", Time since last: 1003187084 ns, Reaching safepoint: 1255458 ns, At safepoint: 57917 ns, Total: 1313375 ns
[2025-12-03T14:30:39.216+0000][6][safepoint   ] Safepoint "Cleanup", Time since last: 1001197292 ns, Reaching safepoint: 215292 ns, At safepoint: 8833 ns, Total: 224125 ns
[2025-12-03T14:30:42.219+0000][6][safepoint   ] Safepoint "Cleanup", Time since last: 3002776835 ns, Reaching safepoint: 61416 ns, At safepoint: 3292 ns, Total: 64708 ns
[2025-12-03T14:30:43.220+0000][6][safepoint   ] Safepoint "Cleanup", Time since last: 1000818126 ns, Reaching safepoint: 129500 ns, At safepoint: 12458 ns, Total: 141958 ns
[2025-12-03T14:30:44.223+0000][6][safepoint   ] Safepoint "Cleanup", Time since last: 1002400750 ns, Reaching safepoint: 157834 ns, At safepoint: 12333 ns, Total: 170167 ns
[2025-12-03T14:30:45.224+0000][6][safepoint   ] Safepoint "Cleanup", Time since last: 1001229084 ns, Reaching safepoint: 64250 ns, At safepoint: 3917 ns, Total: 68167 ns
[2025-12-03T14:30:47.242+0000][6][safepoint   ] Safepoint "Cleanup", Time since last: 2017514501 ns, Reaching safepoint: 199125 ns, At safepoint: 8458 ns, Total: 207583 ns
[2025-12-03T14:30:48.244+0000][6][safepoint   ] Safepoint "Cleanup", Time since last: 1001365667 ns, Reaching safepoint: 1144292 ns, At safepoint: 8416 ns, Total: 1152708 ns
[2025-12-03T14:30:49.246+0000][6][safepoint   ] Safepoint "Cleanup", Time since last: 1002262376 ns, Reaching safepoint: 165458 ns, At safepoint: 11375 ns, Total: 176833 ns
[2025-12-03T14:30:51.249+0000][6][safepoint   ] Safepoint "Cleanup", Time since last: 2002513626 ns, Reaching safepoint: 166042 ns, At safepoint: 11375 ns, Total: 177417 ns
[2025-12-03T14:30:52.250+0000][6][safepoint   ] Safepoint "Cleanup", Time since last: 1000892042 ns, Reaching safepoint: 173458 ns, At safepoint: 12167 ns, Total: 185625 ns
[2025-12-03T14:30:54.252+0000][6][safepoint   ] Safepoint "Cleanup", Time since last: 2001567709 ns, Reaching safepoint: 394334 ns, At safepoint: 5416 ns, Total: 399750 ns
[2025-12-03T14:30:55.254+0000][6][safepoint   ] Safepoint "Cleanup", Time since last: 1001909667 ns, Reaching safepoint: 140667 ns, At safepoint: 14875 ns, Total: 155542 ns
[2025-12-03T14:30:57.259+0000][6][safepoint   ] Safepoint "Cleanup", Time since last: 2003643667 ns, Reaching safepoint: 78625 ns, At safepoint: 4584 ns, Total: 83209 ns
[2025-12-03T14:30:59.260+0000][6][safepoint   ] Safepoint "Cleanup", Time since last: 2000838167 ns, Reaching safepoint: 180792 ns, At safepoint: 11375 ns, Total: 192167 ns
[2025-12-03T14:31:00.261+0000][6][safepoint   ] Safepoint "Cleanup", Time since last: 1001395334 ns, Reaching safepoint: 88833 ns, At safepoint: 3292 ns, Total: 92125 ns
[2025-12-03T14:31:02.264+0000][6][safepoint   ] Safepoint "Cleanup", Time since last: 2002215209 ns, Reaching safepoint: 147875 ns, At safepoint: 11167 ns, Total: 159042 ns
[2025-12-03T14:31:03.265+0000][6][safepoint   ] Safepoint "Cleanup", Time since last: 1001037667 ns, Reaching safepoint: 89417 ns, At safepoint: 5291 ns, Total: 94708 ns
[2025-12-03T14:31:04.266+0000][6][safepoint   ] Safepoint "Cleanup", Time since last: 1001134084 ns, Reaching safepoint: 84542 ns, At safepoint: 3625 ns, Total: 88167 ns
[2025-12-03T14:31:05.588+0000][6][gc,start    ] GC(47) Pause Young (Normal) (G1 Evacuation Pause)
[2025-12-03T14:31:05.589+0000][6][gc,task     ] GC(47) Using 8 workers of 8 for evacuation
[2025-12-03T14:31:05.589+0000][6][gc,age      ] GC(47) Desired survivor size 18874368 bytes, new threshold 15 (max threshold 15)
[2025-12-03T14:31:05.603+0000][6][gc,age      ] GC(47) Age table with threshold 15 (max threshold 15)
[2025-12-03T14:31:05.603+0000][6][gc,age      ] GC(47) - age   1:    2330472 bytes,    2330472 total
[2025-12-03T14:31:05.603+0000][6][gc,age      ] GC(47) - age   2:     664672 bytes,    2995144 total
[2025-12-03T14:31:05.603+0000][6][gc,age      ] GC(47) - age   3:     132040 bytes,    3127184 total
[2025-12-03T14:31:05.603+0000][6][gc,age      ] GC(47) - age   4:      78152 bytes,    3205336 total
[2025-12-03T14:31:05.603+0000][6][gc,age      ] GC(47) - age   5:      18160 bytes,    3223496 total
[2025-12-03T14:31:05.603+0000][6][gc,age      ] GC(47) - age   6:      41504 bytes,    3265000 total
[2025-12-03T14:31:05.603+0000][6][gc,age      ] GC(47) - age   7:      30240 bytes,    3295240 total
[2025-12-03T14:31:05.603+0000][6][gc,age      ] GC(47) - age   8:      22504 bytes,    3317744 total
[2025-12-03T14:31:05.603+0000][6][gc,age      ] GC(47) - age   9:      94600 bytes,    3412344 total
[2025-12-03T14:31:05.603+0000][6][gc,age      ] GC(47) - age  10:      20264 bytes,    3432608 total
[2025-12-03T14:31:05.603+0000][6][gc,age      ] GC(47) - age  11:      71712 bytes,    3504320 total
[2025-12-03T14:31:05.603+0000][6][gc,age      ] GC(47) - age  12:      52456 bytes,    3556776 total
[2025-12-03T14:31:05.604+0000][6][gc,age      ] GC(47) - age  13:     215184 bytes,    3771960 total
[2025-12-03T14:31:05.604+0000][6][gc,age      ] GC(47) - age  14:      81040 bytes,    3853000 total
[2025-12-03T14:31:05.604+0000][6][gc,age      ] GC(47) - age  15:      11824 bytes,    3864824 total
[2025-12-03T14:31:05.604+0000][6][gc,phases   ] GC(47)   Pre Evacuate Collection Set: 0.6ms
[2025-12-03T14:31:05.604+0000][6][gc,phases   ] GC(47)   Merge Heap Roots: 0.2ms
[2025-12-03T14:31:05.604+0000][6][gc,phases   ] GC(47)   Evacuate Collection Set: 9.6ms
[2025-12-03T14:31:05.604+0000][6][gc,phases   ] GC(47)   Post Evacuate Collection Set: 2.7ms
[2025-12-03T14:31:05.604+0000][6][gc,phases   ] GC(47)   Other: 2.9ms
[2025-12-03T14:31:05.604+0000][6][gc,heap     ] GC(47) Eden regions: 68->0(68)
[2025-12-03T14:31:05.604+0000][6][gc,heap     ] GC(47) Survivor regions: 2->2(9)
[2025-12-03T14:31:05.604+0000][6][gc,heap     ] GC(47) Old regions: 31->31
[2025-12-03T14:31:05.604+0000][6][gc,heap     ] GC(47) Archive regions: 2->2
[2025-12-03T14:31:05.604+0000][6][gc,heap     ] GC(47) Humongous regions: 2->2
[2025-12-03T14:31:05.604+0000][6][gc,metaspace] GC(47) Metaspace: 116756K(118400K)->116756K(118400K) NonClass: 101856K(102784K)->101856K(102784K) Class: 14899K(15616K)->14899K(15616K)
[2025-12-03T14:31:05.604+0000][6][gc          ] GC(47) Pause Young (Normal) (G1 Evacuation Pause) 411M->139M(512M) 16.532ms
[2025-12-03T14:31:05.605+0000][6][gc,cpu      ] GC(47) User=0.08s Sys=0.00s Real=0.02s
[2025-12-03T14:31:05.605+0000][6][safepoint   ] Safepoint "G1CollectForAllocation", Time since last: 1321391125 ns, Reaching safepoint: 238500 ns, At safepoint: 16821500 ns, Total: 17060000 ns
[2025-12-03T14:31:06.606+0000][6][safepoint   ] Safepoint "Cleanup", Time since last: 1001612792 ns, Reaching safepoint: 134042 ns, At safepoint: 6958 ns, Total: 141000 ns
[2025-12-03T14:31:07.609+0000][6][safepoint   ] Safepoint "Cleanup", Time since last: 1002498751 ns, Reaching safepoint: 242375 ns, At safepoint: 13625 ns, Total: 256000 ns
[2025-12-03T14:31:09.612+0000][6][safepoint   ] Safepoint "Cleanup", Time since last: 2002875418 ns, Reaching safepoint: 328958 ns, At safepoint: 14250 ns, Total: 343208 ns
[2025-12-03T14:31:11.615+0000][6][safepoint   ] Safepoint "Cleanup", Time since last: 2002737084 ns, Reaching safepoint: 155417 ns, At safepoint: 8333 ns, Total: 163750 ns
[2025-12-03T14:31:12.621+0000][6][safepoint   ] Safepoint "Cleanup", Time since last: 1005508501 ns, Reaching safepoint: 166375 ns, At safepoint: 7583 ns, Total: 173958 ns
[2025-12-03T14:31:14.627+0000][6][safepoint   ] Safepoint "Cleanup", Time since last: 2005917334 ns, Reaching safepoint: 183459 ns, At safepoint: 5166 ns, Total: 188625 ns
[2025-12-03T14:31:15.628+0000][6][safepoint   ] Safepoint "Cleanup", Time since last: 1000907917 ns, Reaching safepoint: 119000 ns, At safepoint: 5584 ns, Total: 124584 ns
[2025-12-03T14:31:16.629+0000][6][safepoint   ] Safepoint "Cleanup", Time since last: 1001142084 ns, Reaching safepoint: 83083 ns, At safepoint: 3417 ns, Total: 86500 ns
[2025-12-03T14:31:18.631+0000][6][safepoint   ] Safepoint "Cleanup", Time since last: 2001311167 ns, Reaching safepoint: 99834 ns, At safepoint: 3791 ns, Total: 103625 ns
[2025-12-03T14:31:19.632+0000][6][safepoint   ] Safepoint "Cleanup", Time since last: 1001085959 ns, Reaching safepoint: 78500 ns, At safepoint: 4542 ns, Total: 83042 ns
[2025-12-03T14:31:21.636+0000][6][safepoint   ] Safepoint "Cleanup", Time since last: 2002826876 ns, Reaching safepoint: 1760416 ns, At safepoint: 13792 ns, Total: 1774208 ns
[2025-12-03T14:31:22.638+0000][6][safepoint   ] Safepoint "Cleanup", Time since last: 1001414792 ns, Reaching safepoint: 253042 ns, At safepoint: 9916 ns, Total: 262958 ns
[2025-12-03T14:31:24.640+0000][6][safepoint   ] Safepoint "Cleanup", Time since last: 2001789043 ns, Reaching safepoint: 93083 ns, At safepoint: 3959 ns, Total: 97042 ns
[2025-12-03T14:31:26.644+0000][6][safepoint   ] Safepoint "Cleanup", Time since last: 2002598334 ns, Reaching safepoint: 198083 ns, At safepoint: 11625 ns, Total: 209708 ns
[2025-12-03T14:31:29.648+0000][6][safepoint   ] Safepoint "Cleanup", Time since last: 3003895001 ns, Reaching safepoint: 280125 ns, At safepoint: 24125 ns, Total: 304250 ns
[2025-12-03T14:31:30.649+0000][6][safepoint   ] Safepoint "Cleanup", Time since last: 1000772751 ns, Reaching safepoint: 100708 ns, At safepoint: 4292 ns, Total: 105000 ns
[2025-12-03T14:31:31.650+0000][6][safepoint   ] Safepoint "Cleanup", Time since last: 1000927834 ns, Reaching safepoint: 86583 ns, At safepoint: 5083 ns, Total: 91666 ns
[2025-12-03T14:31:32.651+0000][6][safepoint   ] Safepoint "Cleanup", Time since last: 1000914459 ns, Reaching safepoint: 154417 ns, At safepoint: 3917 ns, Total: 158334 ns
[2025-12-03T14:31:33.653+0000][6][safepoint   ] Safepoint "Cleanup", Time since last: 1001604958 ns, Reaching safepoint: 57042 ns, At safepoint: 2458 ns, Total: 59500 ns
[2025-12-03T14:31:34.654+0000][6][safepoint   ] Safepoint "Cleanup", Time since last: 1001045293 ns, Reaching safepoint: 152916 ns, At safepoint: 8334 ns, Total: 161250 ns
[2025-12-03T14:31:36.657+0000][6][safepoint   ] Safepoint "Cleanup", Time since last: 2002437251 ns, Reaching safepoint: 465291 ns, At safepoint: 22375 ns, Total: 487666 ns
[2025-12-03T14:31:39.660+0000][6][safepoint   ] Safepoint "Cleanup", Time since last: 3003198335 ns, Reaching safepoint: 340708 ns, At safepoint: 16917 ns, Total: 357625 ns
[2025-12-03T14:31:41.663+0000][6][safepoint   ] Safepoint "Cleanup", Time since last: 2002388918 ns, Reaching safepoint: 385375 ns, At safepoint: 35250 ns, Total: 420625 ns
[2025-12-03T14:31:42.664+0000][6][safepoint   ] Safepoint "Cleanup", Time since last: 1000733375 ns, Reaching safepoint: 408917 ns, At safepoint: 11125 ns, Total: 420042 ns
[2025-12-03T14:31:44.667+0000][6][safepoint   ] Safepoint "Cleanup", Time since last: 2002347126 ns, Reaching safepoint: 263750 ns, At safepoint: 16375 ns, Total: 280125 ns
[2025-12-03T14:31:45.668+0000][6][safepoint   ] Safepoint "Cleanup", Time since last: 1000808958 ns, Reaching safepoint: 288292 ns, At safepoint: 16417 ns, Total: 304709 ns
[2025-12-03T14:31:46.674+0000][6][safepoint   ] Safepoint "Cleanup", Time since last: 1005633250 ns, Reaching safepoint: 190084 ns, At safepoint: 7958 ns, Total: 198042 ns
[2025-12-03T14:31:48.677+0000][6][safepoint   ] Safepoint "Cleanup", Time since last: 2002824876 ns, Reaching safepoint: 73042 ns, At safepoint: 3208 ns, Total: 76250 ns
[2025-12-03T14:31:49.678+0000][6][safepoint   ] Safepoint "Cleanup", Time since last: 1000799584 ns, Reaching safepoint: 74875 ns, At safepoint: 4375 ns, Total: 79250 ns
[2025-12-03T14:31:51.680+0000][6][safepoint   ] Safepoint "Cleanup", Time since last: 2002323084 ns, Reaching safepoint: 392750 ns, At safepoint: 39042 ns, Total: 431792 ns
[2025-12-03T14:31:54.687+0000][6][safepoint   ] Safepoint "Cleanup", Time since last: 3006561126 ns, Reaching safepoint: 283958 ns, At safepoint: 23542 ns, Total: 307500 ns
[2025-12-03T14:31:56.693+0000][6][safepoint   ] Safepoint "Cleanup", Time since last: 2004217876 ns, Reaching safepoint: 292333 ns, At safepoint: 17292 ns, Total: 309625 ns
[2025-12-03T14:31:57.164+0000][6][gc,start    ] GC(48) Pause Young (Normal) (G1 Evacuation Pause)
[2025-12-03T14:31:57.164+0000][6][gc,task     ] GC(48) Using 8 workers of 8 for evacuation
[2025-12-03T14:31:57.164+0000][6][gc,age      ] GC(48) Desired survivor size 18874368 bytes, new threshold 15 (max threshold 15)
[2025-12-03T14:31:57.172+0000][6][gc,age      ] GC(48) Age table with threshold 15 (max threshold 15)
[2025-12-03T14:31:57.172+0000][6][gc,age      ] GC(48) - age   1:    1621008 bytes,    1621008 total
[2025-12-03T14:31:57.172+0000][6][gc,age      ] GC(48) - age   2:     373856 bytes,    1994864 total
[2025-12-03T14:31:57.172+0000][6][gc,age      ] GC(48) - age   3:      67872 bytes,    2062736 total
[2025-12-03T14:31:57.172+0000][6][gc,age      ] GC(48) - age   4:     129200 bytes,    2191936 total
[2025-12-03T14:31:57.172+0000][6][gc,age      ] GC(48) - age   5:      77688 bytes,    2269624 total
[2025-12-03T14:31:57.172+0000][6][gc,age      ] GC(48) - age   6:      18160 bytes,    2287784 total
[2025-12-03T14:31:57.172+0000][6][gc,age      ] GC(48) - age   7:      41504 bytes,    2329288 total
[2025-12-03T14:31:57.172+0000][6][gc,age      ] GC(48) - age   8:      28208 bytes,    2357496 total
[2025-12-03T14:31:57.172+0000][6][gc,age      ] GC(48) - age   9:      22472 bytes,    2379968 total
[2025-12-03T14:31:57.173+0000][6][gc,age      ] GC(48) - age  10:      94600 bytes,    2474568 total
[2025-12-03T14:31:57.173+0000][6][gc,age      ] GC(48) - age  11:      20264 bytes,    2494832 total
[2025-12-03T14:31:57.173+0000][6][gc,age      ] GC(48) - age  12:      71616 bytes,    2566448 total
[2025-12-03T14:31:57.173+0000][6][gc,age      ] GC(48) - age  13:      52456 bytes,    2618904 total
[2025-12-03T14:31:57.173+0000][6][gc,age      ] GC(48) - age  14:     215184 bytes,    2834088 total
[2025-12-03T14:31:57.173+0000][6][gc,age      ] GC(48) - age  15:      81040 bytes,    2915128 total
[2025-12-03T14:31:57.173+0000][6][gc,phases   ] GC(48)   Pre Evacuate Collection Set: 0.2ms
[2025-12-03T14:31:57.173+0000][6][gc,phases   ] GC(48)   Merge Heap Roots: 0.1ms
[2025-12-03T14:31:57.173+0000][6][gc,phases   ] GC(48)   Evacuate Collection Set: 5.2ms
[2025-12-03T14:31:57.173+0000][6][gc,phases   ] GC(48)   Post Evacuate Collection Set: 1.8ms
[2025-12-03T14:31:57.173+0000][6][gc,phases   ] GC(48)   Other: 1.7ms
[2025-12-03T14:31:57.173+0000][6][gc,heap     ] GC(48) Eden regions: 68->0(69)
[2025-12-03T14:31:57.173+0000][6][gc,heap     ] GC(48) Survivor regions: 2->1(9)
[2025-12-03T14:31:57.174+0000][6][gc,heap     ] GC(48) Old regions: 31->31
[2025-12-03T14:31:57.174+0000][6][gc,heap     ] GC(48) Archive regions: 2->2
[2025-12-03T14:31:57.174+0000][6][gc,heap     ] GC(48) Humongous regions: 2->2
[2025-12-03T14:31:57.174+0000][6][gc,metaspace] GC(48) Metaspace: 116839K(118528K)->116839K(118528K) NonClass: 101939K(102912K)->101939K(102912K) Class: 14900K(15616K)->14900K(15616K)
[2025-12-03T14:31:57.174+0000][6][gc          ] GC(48) Pause Young (Normal) (G1 Evacuation Pause) 411M->138M(512M) 10.072ms
[2025-12-03T14:31:57.174+0000][6][gc,cpu      ] GC(48) User=0.03s Sys=0.00s Real=0.01s
[2025-12-03T14:31:57.174+0000][6][safepoint   ] Safepoint "G1CollectForAllocation", Time since last: 471470750 ns, Reaching safepoint: 47125 ns, At safepoint: 10352125 ns, Total: 10399250 ns
[2025-12-03T14:31:59.177+0000][6][safepoint   ] Safepoint "Cleanup", Time since last: 2002109084 ns, Reaching safepoint: 180625 ns, At safepoint: 13459 ns, Total: 194084 ns
[2025-12-03T14:32:00.179+0000][6][safepoint   ] Safepoint "Cleanup", Time since last: 1000666500 ns, Reaching safepoint: 1159583 ns, At safepoint: 6334 ns, Total: 1165917 ns
[2025-12-03T14:32:02.181+0000][6][safepoint   ] Safepoint "Cleanup", Time since last: 2002007876 ns, Reaching safepoint: 157125 ns, At safepoint: 9333 ns, Total: 166458 ns
[2025-12-03T14:32:03.181+0000][6][safepoint   ] Safepoint "Cleanup", Time since last: 1000619042 ns, Reaching safepoint: 132000 ns, At safepoint: 5667 ns, Total: 137667 ns
[2025-12-03T14:32:04.185+0000][6][safepoint   ] Safepoint "Cleanup", Time since last: 1002787417 ns, Reaching safepoint: 313750 ns, At safepoint: 18125 ns, Total: 331875 ns
[2025-12-03T14:32:06.187+0000][6][safepoint   ] Safepoint "Cleanup", Time since last: 2001965126 ns, Reaching safepoint: 130917 ns, At safepoint: 15000 ns, Total: 145917 ns
[2025-12-03T14:32:07.189+0000][6][safepoint   ] Safepoint "Cleanup", Time since last: 1001336917 ns, Reaching safepoint: 589666 ns, At safepoint: 40625 ns, Total: 630291 ns
[2025-12-03T14:32:09.191+0000][6][safepoint   ] Safepoint "Cleanup", Time since last: 2001672210 ns, Reaching safepoint: 269291 ns, At safepoint: 16959 ns, Total: 286250 ns
[2025-12-03T14:32:12.197+0000][6][safepoint   ] Safepoint "Cleanup", Time since last: 3004670209 ns, Reaching safepoint: 1236792 ns, At safepoint: 10292 ns, Total: 1247084 ns
[2025-12-03T14:32:14.199+0000][6][safepoint   ] Safepoint "Cleanup", Time since last: 2001880501 ns, Reaching safepoint: 251583 ns, At safepoint: 15000 ns, Total: 266583 ns
[2025-12-03T14:32:15.200+0000][6][safepoint   ] Safepoint "Cleanup", Time since last: 1000800459 ns, Reaching safepoint: 90917 ns, At safepoint: 14916 ns, Total: 105833 ns
[2025-12-03T14:32:16.202+0000][6][safepoint   ] Safepoint "Cleanup", Time since last: 1001649251 ns, Reaching safepoint: 366875 ns, At safepoint: 48166 ns, Total: 415041 ns
[2025-12-03T14:32:17.205+0000][6][safepoint   ] Safepoint "Cleanup", Time since last: 1002397418 ns, Reaching safepoint: 794041 ns, At safepoint: 295625 ns, Total: 1089666 ns
[2025-12-03T14:32:19.209+0000][6][safepoint   ] Safepoint "Cleanup", Time since last: 2003164459 ns, Reaching safepoint: 705417 ns, At safepoint: 8542 ns, Total: 713959 ns
[2025-12-03T14:32:21.212+0000][6][safepoint   ] Safepoint "Cleanup", Time since last: 2002419626 ns, Reaching safepoint: 124083 ns, At safepoint: 10333 ns, Total: 134416 ns
[2025-12-03T14:32:22.213+0000][6][safepoint   ] Safepoint "Cleanup", Time since last: 1000851709 ns, Reaching safepoint: 368417 ns, At safepoint: 29292 ns, Total: 397709 ns
[2025-12-03T14:32:24.216+0000][6][safepoint   ] Safepoint "Cleanup", Time since last: 2002703042 ns, Reaching safepoint: 309292 ns, At safepoint: 7708 ns, Total: 317000 ns
[2025-12-03T14:32:27.221+0000][6][safepoint   ] Safepoint "Cleanup", Time since last: 3004436960 ns, Reaching safepoint: 62208 ns, At safepoint: 4333 ns, Total: 66541 ns
[2025-12-03T14:32:29.225+0000][6][safepoint   ] Safepoint "Cleanup", Time since last: 2003587626 ns, Reaching safepoint: 204667 ns, At safepoint: 16958 ns, Total: 221625 ns
[2025-12-03T14:32:30.227+0000][6][safepoint   ] Safepoint "Cleanup", Time since last: 1001347334 ns, Reaching safepoint: 1034292 ns, At safepoint: 14666 ns, Total: 1048958 ns
[2025-12-03T14:32:31.228+0000][6][safepoint   ] Safepoint "Cleanup", Time since last: 1000810043 ns, Reaching safepoint: 68000 ns, At safepoint: 2625 ns, Total: 70625 ns
[2025-12-03T14:32:32.229+0000][6][safepoint   ] Safepoint "Cleanup", Time since last: 1001023167 ns, Reaching safepoint: 234000 ns, At safepoint: 12875 ns, Total: 246875 ns
[2025-12-03T14:32:33.231+0000][6][safepoint   ] Safepoint "Cleanup", Time since last: 1001054834 ns, Reaching safepoint: 131125 ns, At safepoint: 4916 ns, Total: 136041 ns
[2025-12-03T14:32:34.231+0000][6][safepoint   ] Safepoint "Cleanup", Time since last: 1000612334 ns, Reaching safepoint: 215958 ns, At safepoint: 12292 ns, Total: 228250 ns
[2025-12-03T14:32:36.233+0000][6][safepoint   ] Safepoint "Cleanup", Time since last: 2001822418 ns, Reaching safepoint: 85208 ns, At safepoint: 3167 ns, Total: 88375 ns
[2025-12-03T14:32:37.236+0000][6][safepoint   ] Safepoint "Cleanup", Time since last: 1002227958 ns, Reaching safepoint: 777542 ns, At safepoint: 26958 ns, Total: 804500 ns
[2025-12-03T14:32:39.238+0000][6][safepoint   ] Safepoint "Cleanup", Time since last: 2001848876 ns, Reaching safepoint: 80667 ns, At safepoint: 3417 ns, Total: 84084 ns
[2025-12-03T14:32:42.241+0000][6][safepoint   ] Safepoint "Cleanup", Time since last: 3002708334 ns, Reaching safepoint: 209125 ns, At safepoint: 6417 ns, Total: 215542 ns
[2025-12-03T14:32:44.243+0000][6][safepoint   ] Safepoint "Cleanup", Time since last: 2001777418 ns, Reaching safepoint: 65416 ns, At safepoint: 3500 ns, Total: 68916 ns
[2025-12-03T14:32:45.244+0000][6][safepoint   ] Safepoint "Cleanup", Time since last: 1001103126 ns, Reaching safepoint: 50958 ns, At safepoint: 3542 ns, Total: 54500 ns
[2025-12-03T14:32:47.248+0000][6][safepoint   ] Safepoint "Cleanup", Time since last: 2002118126 ns, Reaching safepoint: 1747542 ns, At safepoint: 16541 ns, Total: 1764083 ns
[2025-12-03T14:32:48.518+0000][6][gc,start    ] GC(49) Pause Young (Normal) (G1 Evacuation Pause)
[2025-12-03T14:32:48.518+0000][6][gc,task     ] GC(49) Using 8 workers of 8 for evacuation
[2025-12-03T14:32:48.518+0000][6][gc,age      ] GC(49) Desired survivor size 18874368 bytes, new threshold 15 (max threshold 15)
[2025-12-03T14:32:48.526+0000][6][gc,age      ] GC(49) Age table with threshold 15 (max threshold 15)
[2025-12-03T14:32:48.527+0000][6][gc,age      ] GC(49) - age   1:    2098080 bytes,    2098080 total
[2025-12-03T14:32:48.527+0000][6][gc,age      ] GC(49) - age   2:     860552 bytes,    2958632 total
[2025-12-03T14:32:48.527+0000][6][gc,age      ] GC(49) - age   3:      47968 bytes,    3006600 total
[2025-12-03T14:32:48.527+0000][6][gc,age      ] GC(49) - age   4:      53952 bytes,    3060552 total
[2025-12-03T14:32:48.527+0000][6][gc,age      ] GC(49) - age   5:     128848 bytes,    3189400 total
[2025-12-03T14:32:48.527+0000][6][gc,age      ] GC(49) - age   6:      77656 bytes,    3267056 total
[2025-12-03T14:32:48.527+0000][6][gc,age      ] GC(49) - age   7:      17872 bytes,    3284928 total
[2025-12-03T14:32:48.527+0000][6][gc,age      ] GC(49) - age   8:      40952 bytes,    3325880 total
[2025-12-03T14:32:48.527+0000][6][gc,age      ] GC(49) - age   9:      27728 bytes,    3353608 total
[2025-12-03T14:32:48.527+0000][6][gc,age      ] GC(49) - age  10:      22248 bytes,    3375856 total
[2025-12-03T14:32:48.527+0000][6][gc,age      ] GC(49) - age  11:      85144 bytes,    3461000 total
[2025-12-03T14:32:48.527+0000][6][gc,age      ] GC(49) - age  12:      19816 bytes,    3480816 total
[2025-12-03T14:32:48.527+0000][6][gc,age      ] GC(49) - age  13:      71328 bytes,    3552144 total
[2025-12-03T14:32:48.527+0000][6][gc,age      ] GC(49) - age  14:      51880 bytes,    3604024 total
[2025-12-03T14:32:48.528+0000][6][gc,age      ] GC(49) - age  15:     214224 bytes,    3818248 total
[2025-12-03T14:32:48.528+0000][6][gc,phases   ] GC(49)   Pre Evacuate Collection Set: 0.3ms
[2025-12-03T14:32:48.528+0000][6][gc,phases   ] GC(49)   Merge Heap Roots: 0.2ms
[2025-12-03T14:32:48.528+0000][6][gc,phases   ] GC(49)   Evacuate Collection Set: 5.9ms
[2025-12-03T14:32:48.528+0000][6][gc,phases   ] GC(49)   Post Evacuate Collection Set: 2.1ms
[2025-12-03T14:32:48.528+0000][6][gc,phases   ] GC(49)   Other: 1.6ms
[2025-12-03T14:32:48.528+0000][6][gc,heap     ] GC(49) Eden regions: 69->0(69)
[2025-12-03T14:32:48.528+0000][6][gc,heap     ] GC(49) Survivor regions: 1->1(9)
[2025-12-03T14:32:48.528+0000][6][gc,heap     ] GC(49) Old regions: 31->31
[2025-12-03T14:32:48.528+0000][6][gc,heap     ] GC(49) Archive regions: 2->2
[2025-12-03T14:32:48.528+0000][6][gc,heap     ] GC(49) Humongous regions: 2->2
[2025-12-03T14:32:48.528+0000][6][gc,metaspace] GC(49) Metaspace: 116870K(118528K)->116870K(118528K) NonClass: 101970K(102912K)->101970K(102912K) Class: 14900K(15616K)->14900K(15616K)
[2025-12-03T14:32:48.528+0000][6][gc          ] GC(49) Pause Young (Normal) (G1 Evacuation Pause) 414M->139M(512M) 10.697ms
[2025-12-03T14:32:48.528+0000][6][gc,cpu      ] GC(49) User=0.03s Sys=0.01s Real=0.01s
[2025-12-03T14:32:48.528+0000][6][safepoint   ] Safepoint "G1CollectForAllocation", Time since last: 1269155126 ns, Reaching safepoint: 102000 ns, At safepoint: 10929083 ns, Total: 11031083 ns
[2025-12-03T14:32:49.529+0000][6][safepoint   ] Safepoint "Cleanup", Time since last: 1000702917 ns, Reaching safepoint: 50709 ns, At safepoint: 2291 ns, Total: 53000 ns
[2025-12-03T14:32:51.534+0000][6][safepoint   ] Safepoint "Cleanup", Time since last: 2004344126 ns, Reaching safepoint: 441959 ns, At safepoint: 26958 ns, Total: 468917 ns
[2025-12-03T14:32:54.542+0000][6][safepoint   ] Safepoint "Cleanup", Time since last: 3007766001 ns, Reaching safepoint: 112417 ns, At safepoint: 3333 ns, Total: 115750 ns
[2025-12-03T14:32:56.551+0000][6][safepoint   ] Safepoint "Cleanup", Time since last: 2007491959 ns, Reaching safepoint: 186958 ns, At safepoint: 19000 ns, Total: 205958 ns
[2025-12-03T14:32:59.554+0000][6][safepoint   ] Safepoint "Cleanup", Time since last: 3002946126 ns, Reaching safepoint: 115834 ns, At safepoint: 6333 ns, Total: 122167 ns
[2025-12-03T14:33:00.556+0000][6][safepoint   ] Safepoint "Cleanup", Time since last: 1001912209 ns, Reaching safepoint: 61958 ns, At safepoint: 3000 ns, Total: 64958 ns
[2025-12-03T14:33:01.558+0000][6][safepoint   ] Safepoint "Cleanup", Time since last: 1001930542 ns, Reaching safepoint: 79125 ns, At safepoint: 7959 ns, Total: 87084 ns
[2025-12-03T14:33:03.560+0000][6][safepoint   ] Safepoint "Cleanup", Time since last: 2001712917 ns, Reaching safepoint: 314209 ns, At safepoint: 5250 ns, Total: 319459 ns
[2025-12-03T14:33:04.561+0000][6][safepoint   ] Safepoint "Cleanup", Time since last: 1000660250 ns, Reaching safepoint: 686708 ns, At safepoint: 15042 ns, Total: 701750 ns
[2025-12-03T14:33:06.565+0000][6][safepoint   ] Safepoint "Cleanup", Time since last: 2002294084 ns, Reaching safepoint: 1370042 ns, At safepoint: 8083 ns, Total: 1378125 ns
[2025-12-03T14:33:09.570+0000][6][safepoint   ] Safepoint "Cleanup", Time since last: 3004189127 ns, Reaching safepoint: 649292 ns, At safepoint: 22958 ns, Total: 672250 ns
[2025-12-03T14:33:11.572+0000][6][safepoint   ] Safepoint "Cleanup", Time since last: 2001769293 ns, Reaching safepoint: 165458 ns, At safepoint: 11292 ns, Total: 176750 ns
[2025-12-03T14:33:12.573+0000][6][safepoint   ] Safepoint "Cleanup", Time since last: 1001720875 ns, Reaching safepoint: 78167 ns, At safepoint: 4416 ns, Total: 82583 ns
[2025-12-03T14:33:14.575+0000][6][safepoint   ] Safepoint "Cleanup", Time since last: 2001820168 ns, Reaching safepoint: 140708 ns, At safepoint: 8875 ns, Total: 149583 ns
[2025-12-03T14:33:15.577+0000][6][safepoint   ] Safepoint "Cleanup", Time since last: 1001550209 ns, Reaching safepoint: 139292 ns, At safepoint: 6125 ns, Total: 145417 ns
[2025-12-03T14:33:16.579+0000][6][safepoint   ] Safepoint "Cleanup", Time since last: 1001855667 ns, Reaching safepoint: 513667 ns, At safepoint: 7333 ns, Total: 521000 ns
[2025-12-03T14:33:18.582+0000][6][safepoint   ] Safepoint "Cleanup", Time since last: 2001937126 ns, Reaching safepoint: 290167 ns, At safepoint: 10500 ns, Total: 300667 ns
[2025-12-03T14:33:19.585+0000][6][safepoint   ] Safepoint "Cleanup", Time since last: 1003010917 ns, Reaching safepoint: 274375 ns, At safepoint: 9375 ns, Total: 283750 ns
[2025-12-03T14:33:21.591+0000][6][safepoint   ] Safepoint "Cleanup", Time since last: 2005417042 ns, Reaching safepoint: 186584 ns, At safepoint: 10500 ns, Total: 197084 ns
[2025-12-03T14:33:24.602+0000][6][safepoint   ] Safepoint "Cleanup", Time since last: 3005101501 ns, Reaching safepoint: 6418625 ns, At safepoint: 21958 ns, Total: 6440583 ns
[2025-12-03T14:33:25.604+0000][6][safepoint   ] Safepoint "Cleanup", Time since last: 1001198042 ns, Reaching safepoint: 133000 ns, At safepoint: 6208 ns, Total: 139208 ns
[2025-12-03T14:33:26.606+0000][6][safepoint   ] Safepoint "Cleanup", Time since last: 1001473792 ns, Reaching safepoint: 103959 ns, At safepoint: 8250 ns, Total: 112209 ns
[2025-12-03T14:33:27.607+0000][6][safepoint   ] Safepoint "Cleanup", Time since last: 1001471750 ns, Reaching safepoint: 389709 ns, At safepoint: 17083 ns, Total: 406792 ns
[2025-12-03T14:33:29.612+0000][6][safepoint   ] Safepoint "Cleanup", Time since last: 2004051792 ns, Reaching safepoint: 84792 ns, At safepoint: 6583 ns, Total: 91375 ns
[2025-12-03T14:33:30.612+0000][6][safepoint   ] Safepoint "Cleanup", Time since last: 1000366251 ns, Reaching safepoint: 118792 ns, At safepoint: 2500 ns, Total: 121292 ns
[2025-12-03T14:33:31.613+0000][6][safepoint   ] Safepoint "Cleanup", Time since last: 1000850125 ns, Reaching safepoint: 80917 ns, At safepoint: 8625 ns, Total: 89542 ns
[2025-12-03T14:33:33.615+0000][6][safepoint   ] Safepoint "Cleanup", Time since last: 2002166167 ns, Reaching safepoint: 248875 ns, At safepoint: 11667 ns, Total: 260542 ns
[2025-12-03T14:33:34.617+0000][6][safepoint   ] Safepoint "Cleanup", Time since last: 1001333209 ns, Reaching safepoint: 158458 ns, At safepoint: 8834 ns, Total: 167292 ns
[2025-12-03T14:33:36.619+0000][6][safepoint   ] Safepoint "Cleanup", Time since last: 2002246042 ns, Reaching safepoint: 83167 ns, At safepoint: 8583 ns, Total: 91750 ns
[2025-12-03T14:33:39.625+0000][6][safepoint   ] Safepoint "Cleanup", Time since last: 3004875543 ns, Reaching safepoint: 1136625 ns, At safepoint: 33875 ns, Total: 1170500 ns
[2025-12-03T14:33:41.630+0000][6][safepoint   ] Safepoint "Cleanup", Time since last: 2004617001 ns, Reaching safepoint: 358542 ns, At safepoint: 17250 ns, Total: 375792 ns
[2025-12-03T14:33:42.632+0000][6][safepoint   ] Safepoint "Cleanup", Time since last: 1001871875 ns, Reaching safepoint: 169084 ns, At safepoint: 13291 ns, Total: 182375 ns
[2025-12-03T14:33:44.637+0000][6][safepoint   ] Safepoint "Cleanup", Time since last: 2004132210 ns, Reaching safepoint: 319791 ns, At safepoint: 6500 ns, Total: 326291 ns
[2025-12-03T14:33:45.638+0000][6][safepoint   ] Safepoint "Cleanup", Time since last: 1001396626 ns, Reaching safepoint: 81458 ns, At safepoint: 6958 ns, Total: 88416 ns
[2025-12-03T14:33:46.639+0000][6][safepoint   ] Safepoint "Cleanup", Time since last: 1000410334 ns, Reaching safepoint: 64750 ns, At safepoint: 8125 ns, Total: 72875 ns
[2025-12-03T14:33:48.254+0000][6][gc,start    ] GC(50) Pause Young (Normal) (G1 Evacuation Pause)
[2025-12-03T14:33:48.254+0000][6][gc,task     ] GC(50) Using 8 workers of 8 for evacuation
[2025-12-03T14:33:48.255+0000][6][gc,age      ] GC(50) Desired survivor size 18874368 bytes, new threshold 15 (max threshold 15)
[2025-12-03T14:33:48.267+0000][6][gc,age      ] GC(50) Age table with threshold 15 (max threshold 15)
[2025-12-03T14:33:48.267+0000][6][gc,age      ] GC(50) - age   1:    2162560 bytes,    2162560 total
[2025-12-03T14:33:48.267+0000][6][gc,age      ] GC(50) - age   2:     694448 bytes,    2857008 total
[2025-12-03T14:33:48.267+0000][6][gc,age      ] GC(50) - age   3:     638832 bytes,    3495840 total
[2025-12-03T14:33:48.267+0000][6][gc,age      ] GC(50) - age   4:      21856 bytes,    3517696 total
[2025-12-03T14:33:48.267+0000][6][gc,age      ] GC(50) - age   5:      53824 bytes,    3571520 total
[2025-12-03T14:33:48.267+0000][6][gc,age      ] GC(50) - age   6:     128256 bytes,    3699776 total
[2025-12-03T14:33:48.267+0000][6][gc,age      ] GC(50) - age   7:      77528 bytes,    3777304 total
[2025-12-03T14:33:48.267+0000][6][gc,age      ] GC(50) - age   8:      17872 bytes,    3795176 total
[2025-12-03T14:33:48.267+0000][6][gc,age      ] GC(50) - age   9:      40952 bytes,    3836128 total
[2025-12-03T14:33:48.267+0000][6][gc,age      ] GC(50) - age  10:      27728 bytes,    3863856 total
[2025-12-03T14:33:48.267+0000][6][gc,age      ] GC(50) - age  11:      22248 bytes,    3886104 total
[2025-12-03T14:33:48.268+0000][6][gc,age      ] GC(50) - age  12:      85144 bytes,    3971248 total
[2025-12-03T14:33:48.268+0000][6][gc,age      ] GC(50) - age  13:      19744 bytes,    3990992 total
[2025-12-03T14:33:48.268+0000][6][gc,age      ] GC(50) - age  14:      71328 bytes,    4062320 total
[2025-12-03T14:33:48.268+0000][6][gc,age      ] GC(50) - age  15:      51880 bytes,    4114200 total
[2025-12-03T14:33:48.268+0000][6][gc,phases   ] GC(50)   Pre Evacuate Collection Set: 0.4ms
[2025-12-03T14:33:48.268+0000][6][gc,phases   ] GC(50)   Merge Heap Roots: 0.2ms
[2025-12-03T14:33:48.268+0000][6][gc,phases   ] GC(50)   Evacuate Collection Set: 9.7ms
[2025-12-03T14:33:48.268+0000][6][gc,phases   ] GC(50)   Post Evacuate Collection Set: 2.1ms
[2025-12-03T14:33:48.268+0000][6][gc,phases   ] GC(50)   Other: 1.7ms
[2025-12-03T14:33:48.268+0000][6][gc,heap     ] GC(50) Eden regions: 69->0(69)
[2025-12-03T14:33:48.268+0000][6][gc,heap     ] GC(50) Survivor regions: 1->2(9)
[2025-12-03T14:33:48.268+0000][6][gc,heap     ] GC(50) Old regions: 31->31
[2025-12-03T14:33:48.268+0000][6][gc,heap     ] GC(50) Archive regions: 2->2
[2025-12-03T14:33:48.268+0000][6][gc,heap     ] GC(50) Humongous regions: 2->2
[2025-12-03T14:33:48.268+0000][6][gc,metaspace] GC(50) Metaspace: 116908K(118592K)->116908K(118592K) NonClass: 102008K(102976K)->102008K(102976K) Class: 14900K(15616K)->14900K(15616K)
[2025-12-03T14:33:48.268+0000][6][gc          ] GC(50) Pause Young (Normal) (G1 Evacuation Pause) 415M->139M(512M) 14.509ms
[2025-12-03T14:33:48.268+0000][6][gc,cpu      ] GC(50) User=0.06s Sys=0.00s Real=0.02s
[2025-12-03T14:33:48.268+0000][6][safepoint   ] Safepoint "G1CollectForAllocation", Time since last: 1614548543 ns, Reaching safepoint: 205000 ns, At safepoint: 14867500 ns, Total: 15072500 ns
[2025-12-03T14:33:49.269+0000][6][safepoint   ] Safepoint "Cleanup", Time since last: 1000626417 ns, Reaching safepoint: 153708 ns, At safepoint: 10417 ns, Total: 164125 ns
[2025-12-03T14:33:51.273+0000][6][safepoint   ] Safepoint "Cleanup", Time since last: 2003769542 ns, Reaching safepoint: 74875 ns, At safepoint: 4542 ns, Total: 79417 ns
[2025-12-03T14:33:52.274+0000][6][safepoint   ] Safepoint "Cleanup", Time since last: 1001066584 ns, Reaching safepoint: 79875 ns, At safepoint: 4417 ns, Total: 84292 ns
[2025-12-03T14:33:54.278+0000][6][safepoint   ] Safepoint "Cleanup", Time since last: 2001973334 ns, Reaching safepoint: 1855417 ns, At safepoint: 17000 ns, Total: 1872417 ns
[2025-12-03T14:33:55.282+0000][6][safepoint   ] Safepoint "Cleanup", Time since last: 1003255667 ns, Reaching safepoint: 199875 ns, At safepoint: 23416 ns, Total: 223291 ns
[2025-12-03T14:33:57.287+0000][6][safepoint   ] Safepoint "Cleanup", Time since last: 2003113959 ns, Reaching safepoint: 618042 ns, At safepoint: 11333 ns, Total: 629375 ns
[2025-12-03T14:33:59.289+0000][6][safepoint   ] Safepoint "Cleanup", Time since last: 2001934834 ns, Reaching safepoint: 727584 ns, At safepoint: 13375 ns, Total: 740959 ns
[2025-12-03T14:34:00.295+0000][6][safepoint   ] Safepoint "Cleanup", Time since last: 1002740542 ns, Reaching safepoint: 3459750 ns, At safepoint: 9625 ns, Total: 3469375 ns
[2025-12-03T14:34:02.297+0000][6][safepoint   ] Safepoint "Cleanup", Time since last: 2001579251 ns, Reaching safepoint: 155458 ns, At safepoint: 5750 ns, Total: 161208 ns
[2025-12-03T14:34:03.303+0000][6][safepoint   ] Safepoint "Cleanup", Time since last: 1005512292 ns, Reaching safepoint: 85375 ns, At safepoint: 8875 ns, Total: 94250 ns
[2025-12-03T14:34:04.304+0000][6][safepoint   ] Safepoint "Cleanup", Time since last: 1001036292 ns, Reaching safepoint: 104792 ns, At safepoint: 43000 ns, Total: 147792 ns
[2025-12-03T14:34:06.307+0000][6][safepoint   ] Safepoint "Cleanup", Time since last: 2002499126 ns, Reaching safepoint: 58667 ns, At safepoint: 3291 ns, Total: 61958 ns
[2025-12-03T14:34:07.309+0000][6][safepoint   ] Safepoint "Cleanup", Time since last: 1001744459 ns, Reaching safepoint: 230208 ns, At safepoint: 5167 ns, Total: 235375 ns
[2025-12-03T14:34:09.312+0000][6][safepoint   ] Safepoint "Cleanup", Time since last: 2003193418 ns, Reaching safepoint: 73625 ns, At safepoint: 3708 ns, Total: 77333 ns
[2025-12-03T14:34:12.319+0000][6][safepoint   ] Safepoint "Cleanup", Time since last: 3006898918 ns, Reaching safepoint: 80500 ns, At safepoint: 2917 ns, Total: 83417 ns
[2025-12-03T14:34:13.320+0000][6][safepoint   ] Safepoint "Cleanup", Time since last: 1000695959 ns, Reaching safepoint: 193000 ns, At safepoint: 13250 ns, Total: 206250 ns
[2025-12-03T14:34:14.321+0000][6][safepoint   ] Safepoint "Cleanup", Time since last: 1001542625 ns, Reaching safepoint: 118875 ns, At safepoint: 3542 ns, Total: 122417 ns
[2025-12-03T14:34:15.322+0000][6][safepoint   ] Safepoint "Cleanup", Time since last: 1000828667 ns, Reaching safepoint: 55000 ns, At safepoint: 3000 ns, Total: 58000 ns
[2025-12-03T14:34:17.324+0000][6][safepoint   ] Safepoint "Cleanup", Time since last: 2001441709 ns, Reaching safepoint: 271792 ns, At safepoint: 63292 ns, Total: 335084 ns
[2025-12-03T14:34:18.325+0000][6][safepoint   ] Safepoint "Cleanup", Time since last: 1001068292 ns, Reaching safepoint: 113416 ns, At safepoint: 9292 ns, Total: 122708 ns
[2025-12-03T14:34:19.330+0000][6][safepoint   ] Safepoint "Cleanup", Time since last: 1004042667 ns, Reaching safepoint: 414709 ns, At safepoint: 38791 ns, Total: 453500 ns
[2025-12-03T14:34:21.331+0000][6][safepoint   ] Safepoint "Cleanup", Time since last: 2001438168 ns, Reaching safepoint: 141250 ns, At safepoint: 3083 ns, Total: 144333 ns
[2025-12-03T14:34:22.332+0000][6][safepoint   ] Safepoint "Cleanup", Time since last: 1000747751 ns, Reaching safepoint: 53916 ns, At safepoint: 2500 ns, Total: 56416 ns
[2025-12-03T14:34:24.337+0000][6][safepoint   ] Safepoint "Cleanup", Time since last: 2003937543 ns, Reaching safepoint: 1286083 ns, At safepoint: 8417 ns, Total: 1294500 ns
[2025-12-03T14:34:25.339+0000][6][safepoint   ] Safepoint "Cleanup", Time since last: 1001285500 ns, Reaching safepoint: 317042 ns, At safepoint: 13000 ns, Total: 330042 ns
[2025-12-03T14:34:27.346+0000][6][safepoint   ] Safepoint "Cleanup", Time since last: 2005320292 ns, Reaching safepoint: 197541 ns, At safepoint: 7375 ns, Total: 204916 ns
[2025-12-03T14:34:29.351+0000][6][safepoint   ] Safepoint "Cleanup", Time since last: 2005037335 ns, Reaching safepoint: 157208 ns, At safepoint: 11417 ns, Total: 168625 ns
[2025-12-03T14:34:30.352+0000][6][safepoint   ] Safepoint "Cleanup", Time since last: 1001553833 ns, Reaching safepoint: 72584 ns, At safepoint: 3291 ns, Total: 75875 ns
[2025-12-03T14:34:31.353+0000][6][safepoint   ] Safepoint "Cleanup", Time since last: 1000907001 ns, Reaching safepoint: 210500 ns, At safepoint: 7167 ns, Total: 217667 ns
[2025-12-03T14:34:32.354+0000][6][safepoint   ] Safepoint "Cleanup", Time since last: 1000797458 ns, Reaching safepoint: 146542 ns, At safepoint: 6458 ns, Total: 153000 ns
[2025-12-03T14:34:33.356+0000][6][safepoint   ] Safepoint "Cleanup", Time since last: 1000978709 ns, Reaching safepoint: 227334 ns, At safepoint: 7000 ns, Total: 234334 ns
[2025-12-03T14:34:34.356+0000][6][safepoint   ] Safepoint "Cleanup", Time since last: 1000682042 ns, Reaching safepoint: 105291 ns, At safepoint: 5459 ns, Total: 110750 ns
[2025-12-03T14:34:36.340+0000][6][gc,start    ] GC(51) Pause Young (Normal) (G1 Evacuation Pause)
[2025-12-03T14:34:36.340+0000][6][gc,task     ] GC(51) Using 8 workers of 8 for evacuation
[2025-12-03T14:34:36.340+0000][6][gc,age      ] GC(51) Desired survivor size 18874368 bytes, new threshold 15 (max threshold 15)
[2025-12-03T14:34:36.348+0000][6][gc,age      ] GC(51) Age table with threshold 15 (max threshold 15)
[2025-12-03T14:34:36.348+0000][6][gc,age      ] GC(51) - age   1:    3570328 bytes,    3570328 total
[2025-12-03T14:34:36.348+0000][6][gc,age      ] GC(51) - age   2:     136232 bytes,    3706560 total
[2025-12-03T14:34:36.348+0000][6][gc,age      ] GC(51) - age   3:      89024 bytes,    3795584 total
[2025-12-03T14:34:36.348+0000][6][gc,age      ] GC(51) - age   4:      95808 bytes,    3891392 total
[2025-12-03T14:34:36.348+0000][6][gc,age      ] GC(51) - age   5:      21568 bytes,    3912960 total
[2025-12-03T14:34:36.348+0000][6][gc,age      ] GC(51) - age   6:      53824 bytes,    3966784 total
[2025-12-03T14:34:36.348+0000][6][gc,age      ] GC(51) - age   7:     128256 bytes,    4095040 total
[2025-12-03T14:34:36.348+0000][6][gc,age      ] GC(51) - age   8:      77528 bytes,    4172568 total
[2025-12-03T14:34:36.348+0000][6][gc,age      ] GC(51) - age   9:      17872 bytes,    4190440 total
[2025-12-03T14:34:36.348+0000][6][gc,age      ] GC(51) - age  10:      40952 bytes,    4231392 total
[2025-12-03T14:34:36.348+0000][6][gc,age      ] GC(51) - age  11:      27728 bytes,    4259120 total
[2025-12-03T14:34:36.349+0000][6][gc,age      ] GC(51) - age  12:      22248 bytes,    4281368 total
[2025-12-03T14:34:36.349+0000][6][gc,age      ] GC(51) - age  13:      85144 bytes,    4366512 total
[2025-12-03T14:34:36.349+0000][6][gc,age      ] GC(51) - age  14:      19744 bytes,    4386256 total
[2025-12-03T14:34:36.349+0000][6][gc,age      ] GC(51) - age  15:      71328 bytes,    4457584 total
[2025-12-03T14:34:36.349+0000][6][gc,phases   ] GC(51)   Pre Evacuate Collection Set: 0.3ms
[2025-12-03T14:34:36.349+0000][6][gc,phases   ] GC(51)   Merge Heap Roots: 0.1ms
[2025-12-03T14:34:36.349+0000][6][gc,phases   ] GC(51)   Evacuate Collection Set: 5.3ms
[2025-12-03T14:34:36.349+0000][6][gc,phases   ] GC(51)   Post Evacuate Collection Set: 1.9ms
[2025-12-03T14:34:36.349+0000][6][gc,phases   ] GC(51)   Other: 1.6ms
[2025-12-03T14:34:36.349+0000][6][gc,heap     ] GC(51) Eden regions: 69->0(68)
[2025-12-03T14:34:36.349+0000][6][gc,heap     ] GC(51) Survivor regions: 2->2(9)
[2025-12-03T14:34:36.349+0000][6][gc,heap     ] GC(51) Old regions: 31->31
[2025-12-03T14:34:36.349+0000][6][gc,heap     ] GC(51) Archive regions: 2->2
[2025-12-03T14:34:36.349+0000][6][gc,heap     ] GC(51) Humongous regions: 2->2
[2025-12-03T14:34:36.349+0000][6][gc,metaspace] GC(51) Metaspace: 116928K(118592K)->116928K(118592K) NonClass: 102028K(102976K)->102028K(102976K) Class: 14900K(15616K)->14900K(15616K)
[2025-12-03T14:34:36.349+0000][6][gc          ] GC(51) Pause Young (Normal) (G1 Evacuation Pause) 415M->139M(512M) 9.645ms
[2025-12-03T14:34:36.349+0000][6][gc,cpu      ] GC(51) User=0.05s Sys=0.00s Real=0.01s
[2025-12-03T14:34:36.349+0000][6][safepoint   ] Safepoint "G1CollectForAllocation", Time since last: 1982959792 ns, Reaching safepoint: 117000 ns, At safepoint: 9883375 ns, Total: 10000375 ns
[2025-12-03T14:34:37.350+0000][6][safepoint   ] Safepoint "Cleanup", Time since last: 1000739792 ns, Reaching safepoint: 181500 ns, At safepoint: 7167 ns, Total: 188667 ns
[2025-12-03T14:34:39.354+0000][6][safepoint   ] Safepoint "Cleanup", Time since last: 2003873501 ns, Reaching safepoint: 196917 ns, At safepoint: 9916 ns, Total: 206833 ns
[2025-12-03T14:34:42.359+0000][6][safepoint   ] Safepoint "Cleanup", Time since last: 3004415419 ns, Reaching safepoint: 243625 ns, At safepoint: 4833 ns, Total: 248458 ns
[2025-12-03T14:34:44.362+0000][6][safepoint   ] Safepoint "Cleanup", Time since last: 2002400001 ns, Reaching safepoint: 267458 ns, At safepoint: 9125 ns, Total: 276583 ns
[2025-12-03T14:34:45.364+0000][6][safepoint   ] Safepoint "Cleanup", Time since last: 1001793917 ns, Reaching safepoint: 60292 ns, At safepoint: 2500 ns, Total: 62792 ns
[2025-12-03T14:34:47.365+0000][6][safepoint   ] Safepoint "Cleanup", Time since last: 2001549668 ns, Reaching safepoint: 170541 ns, At safepoint: 8875 ns, Total: 179416 ns
[2025-12-03T14:34:48.366+0000][6][safepoint   ] Safepoint "Cleanup", Time since last: 1000791542 ns, Reaching safepoint: 98917 ns, At safepoint: 18667 ns, Total: 117584 ns
[2025-12-03T14:34:49.369+0000][6][safepoint   ] Safepoint "Cleanup", Time since last: 1002778834 ns, Reaching safepoint: 216041 ns, At safepoint: 9667 ns, Total: 225708 ns
[2025-12-03T14:34:51.373+0000][6][safepoint   ] Safepoint "Cleanup", Time since last: 2003544001 ns, Reaching safepoint: 200292 ns, At safepoint: 14791 ns, Total: 215083 ns
[2025-12-03T14:34:52.376+0000][6][safepoint   ] Safepoint "Cleanup", Time since last: 1002475376 ns, Reaching safepoint: 117041 ns, At safepoint: 5500 ns, Total: 122541 ns
[2025-12-03T14:34:53.376+0000][6][safepoint   ] Safepoint "Cleanup", Time since last: 1000661417 ns, Reaching safepoint: 113792 ns, At safepoint: 6917 ns, Total: 120709 ns
[2025-12-03T14:34:54.381+0000][6][safepoint   ] Safepoint "Cleanup", Time since last: 1004637959 ns, Reaching safepoint: 47750 ns, At safepoint: 2083 ns, Total: 49833 ns
[2025-12-03T14:34:57.394+0000][6][safepoint   ] Safepoint "Cleanup", Time since last: 3011811501 ns, Reaching safepoint: 361583 ns, At safepoint: 27750 ns, Total: 389333 ns
[2025-12-03T14:34:59.400+0000][6][safepoint   ] Safepoint "Cleanup", Time since last: 2004435876 ns, Reaching safepoint: 1429667 ns, At safepoint: 25916 ns, Total: 1455583 ns
[2025-12-03T14:35:01.370+0000][6][safepoint   ] Safepoint "Cleanup", Time since last: 1969814335 ns, Reaching safepoint: 155666 ns, At safepoint: 3834 ns, Total: 159500 ns
[2025-12-03T14:35:02.371+0000][6][safepoint   ] Safepoint "Cleanup", Time since last: 1001197417 ns, Reaching safepoint: 249958 ns, At safepoint: 10583 ns, Total: 260541 ns
[2025-12-03T14:35:03.372+0000][6][safepoint   ] Safepoint "Cleanup", Time since last: 1000592543 ns, Reaching safepoint: 176250 ns, At safepoint: 11083 ns, Total: 187333 ns
[2025-12-03T14:35:04.374+0000][6][safepoint   ] Safepoint "Cleanup", Time since last: 1000905042 ns, Reaching safepoint: 675708 ns, At safepoint: 18792 ns, Total: 694500 ns
[2025-12-03T14:35:05.375+0000][6][safepoint   ] Safepoint "Cleanup", Time since last: 1001352167 ns, Reaching safepoint: 139000 ns, At safepoint: 7042 ns, Total: 146042 ns
[2025-12-03T14:35:06.376+0000][6][safepoint   ] Safepoint "Cleanup", Time since last: 1000594125 ns, Reaching safepoint: 150667 ns, At safepoint: 8917 ns, Total: 159584 ns
[2025-12-03T14:35:07.377+0000][6][safepoint   ] Safepoint "Cleanup", Time since last: 1001143792 ns, Reaching safepoint: 77250 ns, At safepoint: 4583 ns, Total: 81833 ns
[2025-12-03T14:35:09.380+0000][6][safepoint   ] Safepoint "Cleanup", Time since last: 2002550334 ns, Reaching safepoint: 107209 ns, At safepoint: 5250 ns, Total: 112459 ns
[2025-12-03T14:35:12.383+0000][6][safepoint   ] Safepoint "Cleanup", Time since last: 3002962210 ns, Reaching safepoint: 78791 ns, At safepoint: 4000 ns, Total: 82791 ns
[2025-12-03T14:35:14.387+0000][6][safepoint   ] Safepoint "Cleanup", Time since last: 2003390251 ns, Reaching safepoint: 389792 ns, At safepoint: 48208 ns, Total: 438000 ns
[2025-12-03T14:35:15.389+0000][6][safepoint   ] Safepoint "Cleanup", Time since last: 1002253126 ns, Reaching safepoint: 53625 ns, At safepoint: 2791 ns, Total: 56416 ns
[2025-12-03T14:35:17.391+0000][6][safepoint   ] Safepoint "Cleanup", Time since last: 2001259418 ns, Reaching safepoint: 358167 ns, At safepoint: 23625 ns, Total: 381792 ns
[2025-12-03T14:35:18.392+0000][6][safepoint   ] Safepoint "Cleanup", Time since last: 1001150542 ns, Reaching safepoint: 105458 ns, At safepoint: 12708 ns, Total: 118166 ns
[2025-12-03T14:35:19.393+0000][6][safepoint   ] Safepoint "Cleanup", Time since last: 1001219668 ns, Reaching safepoint: 237208 ns, At safepoint: 7542 ns, Total: 244750 ns
[2025-12-03T14:35:21.395+0000][6][safepoint   ] Safepoint "Cleanup", Time since last: 2001706126 ns, Reaching safepoint: 221416 ns, At safepoint: 8834 ns, Total: 230250 ns
[2025-12-03T14:35:22.397+0000][6][safepoint   ] Safepoint "Cleanup", Time since last: 1001543917 ns, Reaching safepoint: 168958 ns, At safepoint: 15833 ns, Total: 184791 ns
[2025-12-03T14:35:24.399+0000][6][safepoint   ] Safepoint "Cleanup", Time since last: 2001718293 ns, Reaching safepoint: 64625 ns, At safepoint: 2667 ns, Total: 67292 ns
[2025-12-03T14:35:25.400+0000][6][safepoint   ] Safepoint "Cleanup", Time since last: 1000990042 ns, Reaching safepoint: 216916 ns, At safepoint: 21292 ns, Total: 238208 ns
[2025-12-03T14:35:27.403+0000][6][safepoint   ] Safepoint "Cleanup", Time since last: 2001714834 ns, Reaching safepoint: 99375 ns, At safepoint: 4625 ns, Total: 104000 ns
[2025-12-03T14:35:28.404+0000][6][safepoint   ] Safepoint "Cleanup", Time since last: 1001331709 ns, Reaching safepoint: 175041 ns, At safepoint: 11125 ns, Total: 186166 ns
[2025-12-03T14:35:29.428+0000][6][safepoint   ] Safepoint "Cleanup", Time since last: 1023590792 ns, Reaching safepoint: 299750 ns, At safepoint: 10709 ns, Total: 310459 ns
[2025-12-03T14:35:30.429+0000][6][safepoint   ] Safepoint "Cleanup", Time since last: 1000607000 ns, Reaching safepoint: 39000 ns, At safepoint: 2334 ns, Total: 41334 ns
[2025-12-03T14:35:32.431+0000][6][safepoint   ] Safepoint "Cleanup", Time since last: 2002006667 ns, Reaching safepoint: 78833 ns, At safepoint: 2625 ns, Total: 81458 ns
[2025-12-03T14:35:32.511+0000][6][gc,start    ] GC(52) Pause Young (Normal) (G1 Evacuation Pause)
[2025-12-03T14:35:32.511+0000][6][gc,task     ] GC(52) Using 8 workers of 8 for evacuation
[2025-12-03T14:35:32.512+0000][6][gc,age      ] GC(52) Desired survivor size 18874368 bytes, new threshold 15 (max threshold 15)
[2025-12-03T14:35:32.543+0000][6][gc,age      ] GC(52) Age table with threshold 15 (max threshold 15)
[2025-12-03T14:35:32.543+0000][6][gc,age      ] GC(52) - age   1:     901272 bytes,     901272 total
[2025-12-03T14:35:32.543+0000][6][gc,age      ] GC(52) - age   2:     943720 bytes,    1844992 total
[2025-12-03T14:35:32.543+0000][6][gc,age      ] GC(52) - age   3:     106184 bytes,    1951176 total
[2025-12-03T14:35:32.543+0000][6][gc,age      ] GC(52) - age   4:      42856 bytes,    1994032 total
[2025-12-03T14:35:32.543+0000][6][gc,age      ] GC(52) - age   5:      95584 bytes,    2089616 total
[2025-12-03T14:35:32.543+0000][6][gc,age      ] GC(52) - age   6:      21168 bytes,    2110784 total
[2025-12-03T14:35:32.544+0000][6][gc,age      ] GC(52) - age   7:      53792 bytes,    2164576 total
[2025-12-03T14:35:32.544+0000][6][gc,age      ] GC(52) - age   8:     128256 bytes,    2292832 total
[2025-12-03T14:35:32.544+0000][6][gc,age      ] GC(52) - age   9:      77528 bytes,    2370360 total
[2025-12-03T14:35:32.544+0000][6][gc,age      ] GC(52) - age  10:      17784 bytes,    2388144 total
[2025-12-03T14:35:32.544+0000][6][gc,age      ] GC(52) - age  11:      40952 bytes,    2429096 total
[2025-12-03T14:35:32.544+0000][6][gc,age      ] GC(52) - age  12:      27728 bytes,    2456824 total
[2025-12-03T14:35:32.544+0000][6][gc,age      ] GC(52) - age  13:      22248 bytes,    2479072 total
[2025-12-03T14:35:32.544+0000][6][gc,age      ] GC(52) - age  14:      85144 bytes,    2564216 total
[2025-12-03T14:35:32.544+0000][6][gc,age      ] GC(52) - age  15:      19744 bytes,    2583960 total
[2025-12-03T14:35:32.544+0000][6][gc,phases   ] GC(52)   Pre Evacuate Collection Set: 0.4ms
[2025-12-03T14:35:32.545+0000][6][gc,phases   ] GC(52)   Merge Heap Roots: 0.5ms
[2025-12-03T14:35:32.545+0000][6][gc,phases   ] GC(52)   Evacuate Collection Set: 27.6ms
[2025-12-03T14:35:32.545+0000][6][gc,phases   ] GC(52)   Post Evacuate Collection Set: 2.6ms
[2025-12-03T14:35:32.545+0000][6][gc,phases   ] GC(52)   Other: 2.4ms
[2025-12-03T14:35:32.545+0000][6][gc,heap     ] GC(52) Eden regions: 68->0(70)
[2025-12-03T14:35:32.545+0000][6][gc,heap     ] GC(52) Survivor regions: 2->1(9)
[2025-12-03T14:35:32.545+0000][6][gc,heap     ] GC(52) Old regions: 31->31
[2025-12-03T14:35:32.545+0000][6][gc,heap     ] GC(52) Archive regions: 2->2
[2025-12-03T14:35:32.545+0000][6][gc,heap     ] GC(52) Humongous regions: 2->2
[2025-12-03T14:35:32.545+0000][6][gc,metaspace] GC(52) Metaspace: 116944K(118592K)->116944K(118592K) NonClass: 102043K(102976K)->102043K(102976K) Class: 14900K(15616K)->14900K(15616K)
[2025-12-03T14:35:32.545+0000][6][gc          ] GC(52) Pause Young (Normal) (G1 Evacuation Pause) 411M->138M(512M) 34.393ms
[2025-12-03T14:35:32.545+0000][6][gc,cpu      ] GC(52) User=0.14s Sys=0.00s Real=0.03s
[2025-12-03T14:35:32.546+0000][6][safepoint   ] Safepoint "G1CollectForAllocation", Time since last: 79787834 ns, Reaching safepoint: 111458 ns, At safepoint: 34716542 ns, Total: 34828000 ns
[2025-12-03T14:35:33.547+0000][6][safepoint   ] Safepoint "Cleanup", Time since last: 1001494042 ns, Reaching safepoint: 336625 ns, At safepoint: 17917 ns, Total: 354542 ns
[2025-12-03T14:35:34.550+0000][6][safepoint   ] Safepoint "Cleanup", Time since last: 1002557333 ns, Reaching safepoint: 157584 ns, At safepoint: 4916 ns, Total: 162500 ns
[2025-12-03T14:35:36.558+0000][6][safepoint   ] Safepoint "Cleanup", Time since last: 2007760085 ns, Reaching safepoint: 68458 ns, At safepoint: 6958 ns, Total: 75416 ns
[2025-12-03T14:35:37.562+0000][6][safepoint   ] Safepoint "Cleanup", Time since last: 1002475793 ns, Reaching safepoint: 1027333 ns, At safepoint: 19125 ns, Total: 1046458 ns
[2025-12-03T14:35:39.566+0000][6][safepoint   ] Safepoint "Cleanup", Time since last: 2003644626 ns, Reaching safepoint: 357250 ns, At safepoint: 20042 ns, Total: 377292 ns
[2025-12-03T14:35:41.572+0000][6][safepoint   ] Safepoint "Cleanup", Time since last: 2006191084 ns, Reaching safepoint: 98375 ns, At safepoint: 4375 ns, Total: 102750 ns
[2025-12-03T14:35:42.573+0000][6][safepoint   ] Safepoint "Cleanup", Time since last: 1001126250 ns, Reaching safepoint: 78959 ns, At safepoint: 6625 ns, Total: 85584 ns
[2025-12-03T14:35:44.575+0000][6][safepoint   ] Safepoint "Cleanup", Time since last: 2002083417 ns, Reaching safepoint: 74625 ns, At safepoint: 3375 ns, Total: 78000 ns
[2025-12-03T14:35:45.576+0000][6][safepoint   ] Safepoint "Cleanup", Time since last: 1000775167 ns, Reaching safepoint: 386542 ns, At safepoint: 18542 ns, Total: 405084 ns
[2025-12-03T14:35:46.578+0000][6][safepoint   ] Safepoint "Cleanup", Time since last: 1001573959 ns, Reaching safepoint: 85166 ns, At safepoint: 11292 ns, Total: 96458 ns
[2025-12-03T14:35:48.584+0000][6][safepoint   ] Safepoint "Cleanup", Time since last: 2005538584 ns, Reaching safepoint: 193542 ns, At safepoint: 6667 ns, Total: 200209 ns
[2025-12-03T14:35:49.586+0000][6][safepoint   ] Safepoint "Cleanup", Time since last: 1002167292 ns, Reaching safepoint: 144041 ns, At safepoint: 11125 ns, Total: 155166 ns
[2025-12-03T14:35:51.589+0000][6][safepoint   ] Safepoint "Cleanup", Time since last: 2002766960 ns, Reaching safepoint: 188958 ns, At safepoint: 9958 ns, Total: 198916 ns
[2025-12-03T14:35:54.593+0000][6][safepoint   ] Safepoint "Cleanup", Time since last: 3003640418 ns, Reaching safepoint: 82209 ns, At safepoint: 2958 ns, Total: 85167 ns
[2025-12-03T14:35:55.596+0000][6][safepoint   ] Safepoint "Cleanup", Time since last: 1001892958 ns, Reaching safepoint: 118250 ns, At safepoint: 5292 ns, Total: 123542 ns
[2025-12-03T14:35:56.598+0000][6][safepoint   ] Safepoint "Cleanup", Time since last: 1001505083 ns, Reaching safepoint: 79792 ns, At safepoint: 3250 ns, Total: 83042 ns
[2025-12-03T14:35:57.598+0000][6][safepoint   ] Safepoint "Cleanup", Time since last: 1000322209 ns, Reaching safepoint: 73333 ns, At safepoint: 6250 ns, Total: 79583 ns
[2025-12-03T14:35:59.603+0000][6][safepoint   ] Safepoint "Cleanup", Time since last: 2004300543 ns, Reaching safepoint: 769833 ns, At safepoint: 24583 ns, Total: 794416 ns
[2025-12-03T14:36:00.605+0000][6][safepoint   ] Safepoint "Cleanup", Time since last: 1001383709 ns, Reaching safepoint: 98125 ns, At safepoint: 6417 ns, Total: 104542 ns
[2025-12-03T14:36:01.605+0000][6][safepoint   ] Safepoint "Cleanup", Time since last: 1000532209 ns, Reaching safepoint: 130875 ns, At safepoint: 16625 ns, Total: 147500 ns
[2025-12-03T14:36:03.609+0000][6][safepoint   ] Safepoint "Cleanup", Time since last: 2002930542 ns, Reaching safepoint: 589584 ns, At safepoint: 17208 ns, Total: 606792 ns
[2025-12-03T14:36:04.610+0000][6][safepoint   ] Safepoint "Cleanup", Time since last: 1001460834 ns, Reaching safepoint: 137167 ns, At safepoint: 4958 ns, Total: 142125 ns
[2025-12-03T14:36:05.612+0000][6][safepoint   ] Safepoint "Cleanup", Time since last: 1000662667 ns, Reaching safepoint: 1199125 ns, At safepoint: 32625 ns, Total: 1231750 ns
[2025-12-03T14:36:06.614+0000][6][safepoint   ] Safepoint "Cleanup", Time since last: 1001864250 ns, Reaching safepoint: 150375 ns, At safepoint: 7417 ns, Total: 157792 ns
[2025-12-03T14:36:09.623+0000][6][safepoint   ] Safepoint "Cleanup", Time since last: 3007344460 ns, Reaching safepoint: 804250 ns, At safepoint: 16375 ns, Total: 820625 ns
[2025-12-03T14:36:11.626+0000][6][safepoint   ] Safepoint "Cleanup", Time since last: 2003185793 ns, Reaching safepoint: 394958 ns, At safepoint: 11958 ns, Total: 406916 ns
[2025-12-03T14:36:12.628+0000][6][safepoint   ] Safepoint "Cleanup", Time since last: 1002095167 ns, Reaching safepoint: 84334 ns, At safepoint: 6291 ns, Total: 90625 ns
[2025-12-03T14:36:14.635+0000][6][safepoint   ] Safepoint "Cleanup", Time since last: 2006640168 ns, Reaching safepoint: 107667 ns, At safepoint: 4458 ns, Total: 112125 ns
[2025-12-03T14:36:15.636+0000][6][safepoint   ] Safepoint "Cleanup", Time since last: 1000913500 ns, Reaching safepoint: 395042 ns, At safepoint: 13833 ns, Total: 408875 ns
[2025-12-03T14:36:16.641+0000][6][safepoint   ] Safepoint "Cleanup", Time since last: 1004187751 ns, Reaching safepoint: 161292 ns, At safepoint: 10500 ns, Total: 171792 ns
[2025-12-03T14:36:18.644+0000][6][safepoint   ] Safepoint "Cleanup", Time since last: 2002651334 ns, Reaching safepoint: 270167 ns, At safepoint: 15375 ns, Total: 285542 ns
[2025-12-03T14:36:19.646+0000][6][safepoint   ] Safepoint "Cleanup", Time since last: 1001844292 ns, Reaching safepoint: 207416 ns, At safepoint: 13042 ns, Total: 220458 ns
[2025-12-03T14:36:21.648+0000][6][safepoint   ] Safepoint "Cleanup", Time since last: 2002416209 ns, Reaching safepoint: 113375 ns, At safepoint: 7292 ns, Total: 120667 ns
[2025-12-03T14:36:24.654+0000][6][safepoint   ] Safepoint "Cleanup", Time since last: 3006023793 ns, Reaching safepoint: 91958 ns, At safepoint: 6500 ns, Total: 98458 ns
[2025-12-03T14:36:26.659+0000][6][safepoint   ] Safepoint "Cleanup", Time since last: 2003386793 ns, Reaching safepoint: 397500 ns, At safepoint: 7958 ns, Total: 405458 ns
[2025-12-03T14:36:27.328+0000][6][gc,start    ] GC(53) Pause Young (Normal) (G1 Evacuation Pause)
[2025-12-03T14:36:27.328+0000][6][gc,task     ] GC(53) Using 8 workers of 8 for evacuation
[2025-12-03T14:36:27.328+0000][6][gc,age      ] GC(53) Desired survivor size 18874368 bytes, new threshold 15 (max threshold 15)
[2025-12-03T14:36:27.338+0000][6][gc,age      ] GC(53) Age table with threshold 15 (max threshold 15)
[2025-12-03T14:36:27.338+0000][6][gc,age      ] GC(53) - age   1:    2152632 bytes,    2152632 total
[2025-12-03T14:36:27.338+0000][6][gc,age      ] GC(53) - age   2:     104264 bytes,    2256896 total
[2025-12-03T14:36:27.338+0000][6][gc,age      ] GC(53) - age   3:     937448 bytes,    3194344 total
[2025-12-03T14:36:27.338+0000][6][gc,age      ] GC(53) - age   4:      26824 bytes,    3221168 total
[2025-12-03T14:36:27.338+0000][6][gc,age      ] GC(53) - age   5:      42536 bytes,    3263704 total
[2025-12-03T14:36:27.339+0000][6][gc,age      ] GC(53) - age   6:      95392 bytes,    3359096 total
[2025-12-03T14:36:27.339+0000][6][gc,age      ] GC(53) - age   7:      20784 bytes,    3379880 total
[2025-12-03T14:36:27.339+0000][6][gc,age      ] GC(53) - age   8:      53792 bytes,    3433672 total
[2025-12-03T14:36:27.339+0000][6][gc,age      ] GC(53) - age   9:     128256 bytes,    3561928 total
[2025-12-03T14:36:27.339+0000][6][gc,age      ] GC(53) - age  10:      77528 bytes,    3639456 total
[2025-12-03T14:36:27.339+0000][6][gc,age      ] GC(53) - age  11:      17784 bytes,    3657240 total
[2025-12-03T14:36:27.339+0000][6][gc,age      ] GC(53) - age  12:      40952 bytes,    3698192 total
[2025-12-03T14:36:27.339+0000][6][gc,age      ] GC(53) - age  13:      27728 bytes,    3725920 total
[2025-12-03T14:36:27.339+0000][6][gc,age      ] GC(53) - age  14:      22248 bytes,    3748168 total
[2025-12-03T14:36:27.339+0000][6][gc,age      ] GC(53) - age  15:      85144 bytes,    3833312 total
[2025-12-03T14:36:27.339+0000][6][gc,phases   ] GC(53)   Pre Evacuate Collection Set: 0.4ms
[2025-12-03T14:36:27.339+0000][6][gc,phases   ] GC(53)   Merge Heap Roots: 0.2ms
[2025-12-03T14:36:27.339+0000][6][gc,phases   ] GC(53)   Evacuate Collection Set: 6.7ms
[2025-12-03T14:36:27.339+0000][6][gc,phases   ] GC(53)   Post Evacuate Collection Set: 2.2ms
[2025-12-03T14:36:27.340+0000][6][gc,phases   ] GC(53)   Other: 2.0ms
[2025-12-03T14:36:27.340+0000][6][gc,heap     ] GC(53) Eden regions: 70->0(70)
[2025-12-03T14:36:27.340+0000][6][gc,heap     ] GC(53) Survivor regions: 1->1(9)
[2025-12-03T14:36:27.340+0000][6][gc,heap     ] GC(53) Old regions: 31->31
[2025-12-03T14:36:27.340+0000][6][gc,heap     ] GC(53) Archive regions: 2->2
[2025-12-03T14:36:27.340+0000][6][gc,heap     ] GC(53) Humongous regions: 2->2
[2025-12-03T14:36:27.340+0000][6][gc,metaspace] GC(53) Metaspace: 116948K(118656K)->116948K(118656K) NonClass: 102047K(103040K)->102047K(103040K) Class: 14900K(15616K)->14900K(15616K)
[2025-12-03T14:36:27.340+0000][6][gc          ] GC(53) Pause Young (Normal) (G1 Evacuation Pause) 418M->139M(512M) 12.156ms
[2025-12-03T14:36:27.340+0000][6][gc,cpu      ] GC(53) User=0.06s Sys=0.00s Real=0.01s
[2025-12-03T14:36:27.340+0000][6][safepoint   ] Safepoint "G1CollectForAllocation", Time since last: 668634709 ns, Reaching safepoint: 97125 ns, At safepoint: 12538291 ns, Total: 12635416 ns
[2025-12-03T14:36:29.345+0000][6][safepoint   ] Safepoint "Cleanup", Time since last: 2003864335 ns, Reaching safepoint: 509416 ns, At safepoint: 55917 ns, Total: 565333 ns
[2025-12-03T14:36:30.346+0000][6][safepoint   ] Safepoint "Cleanup", Time since last: 1001415792 ns, Reaching safepoint: 114958 ns, At safepoint: 7667 ns, Total: 122625 ns
[2025-12-03T14:36:31.347+0000][6][safepoint   ] Safepoint "Cleanup", Time since last: 1000938542 ns, Reaching safepoint: 50834 ns, At safepoint: 2083 ns, Total: 52917 ns
[2025-12-03T14:36:32.348+0000][6][safepoint   ] Safepoint "Cleanup", Time since last: 1000564667 ns, Reaching safepoint: 367458 ns, At safepoint: 15292 ns, Total: 382750 ns
[2025-12-03T14:36:33.349+0000][6][safepoint   ] Safepoint "Cleanup", Time since last: 1000654251 ns, Reaching safepoint: 107458 ns, At safepoint: 4625 ns, Total: 112083 ns
[2025-12-03T14:36:34.352+0000][6][safepoint   ] Safepoint "Cleanup", Time since last: 1003051709 ns, Reaching safepoint: 246958 ns, At safepoint: 14500 ns, Total: 261458 ns
[2025-12-03T14:36:36.354+0000][6][safepoint   ] Safepoint "Cleanup", Time since last: 2002083126 ns, Reaching safepoint: 51208 ns, At safepoint: 2125 ns, Total: 53333 ns
[2025-12-03T14:36:37.356+0000][6][safepoint   ] Safepoint "Cleanup", Time since last: 1001393251 ns, Reaching safepoint: 172875 ns, At safepoint: 7833 ns, Total: 180708 ns
[2025-12-03T14:36:39.357+0000][6][safepoint   ] Safepoint "Cleanup", Time since last: 2000981751 ns, Reaching safepoint: 68042 ns, At safepoint: 3833 ns, Total: 71875 ns
[2025-12-03T14:36:42.365+0000][6][safepoint   ] Safepoint "Cleanup", Time since last: 3007328835 ns, Reaching safepoint: 616583 ns, At safepoint: 10750 ns, Total: 627333 ns
[2025-12-03T14:36:43.367+0000][6][safepoint   ] Safepoint "Cleanup", Time since last: 1001876501 ns, Reaching safepoint: 285083 ns, At safepoint: 17417 ns, Total: 302500 ns
[2025-12-03T14:36:44.369+0000][6][safepoint   ] Safepoint "Cleanup", Time since last: 1001880417 ns, Reaching safepoint: 299583 ns, At safepoint: 23958 ns, Total: 323541 ns
[2025-12-03T14:36:45.372+0000][6][safepoint   ] Safepoint "Cleanup", Time since last: 1002896501 ns, Reaching safepoint: 81500 ns, At safepoint: 5250 ns, Total: 86750 ns
[2025-12-03T14:36:47.376+0000][6][safepoint   ] Safepoint "Cleanup", Time since last: 2002879626 ns, Reaching safepoint: 669500 ns, At safepoint: 11250 ns, Total: 680750 ns
[2025-12-03T14:36:48.377+0000][6][safepoint   ] Safepoint "Cleanup", Time since last: 1001108959 ns, Reaching safepoint: 511750 ns, At safepoint: 8750 ns, Total: 520500 ns
[2025-12-03T14:36:49.381+0000][6][safepoint   ] Safepoint "Cleanup", Time since last: 1003038417 ns, Reaching safepoint: 149375 ns, At safepoint: 8000 ns, Total: 157375 ns
[2025-12-03T14:36:51.384+0000][6][safepoint   ] Safepoint "Cleanup", Time since last: 2003107834 ns, Reaching safepoint: 266542 ns, At safepoint: 7375 ns, Total: 273917 ns
[2025-12-03T14:36:52.386+0000][6][safepoint   ] Safepoint "Cleanup", Time since last: 1000893084 ns, Reaching safepoint: 542416 ns, At safepoint: 29000 ns, Total: 571416 ns
[2025-12-03T14:36:53.389+0000][6][safepoint   ] Safepoint "Cleanup", Time since last: 1002932917 ns, Reaching safepoint: 165084 ns, At safepoint: 9000 ns, Total: 174084 ns
[2025-12-03T14:36:54.390+0000][6][safepoint   ] Safepoint "Cleanup", Time since last: 1001052792 ns, Reaching safepoint: 54000 ns, At safepoint: 4458 ns, Total: 58458 ns
[2025-12-03T14:36:57.396+0000][6][safepoint   ] Safepoint "Cleanup", Time since last: 3004881293 ns, Reaching safepoint: 79750 ns, At safepoint: 3708 ns, Total: 83458 ns
[2025-12-03T14:37:04.404+0000][6][safepoint   ] Safepoint "Cleanup", Time since last: 7007311253 ns, Reaching safepoint: 680042 ns, At safepoint: 17542 ns, Total: 697584 ns
[2025-12-03T14:37:06.407+0000][6][safepoint   ] Safepoint "Cleanup", Time since last: 2003618584 ns, Reaching safepoint: 80375 ns, At safepoint: 4208 ns, Total: 84583 ns
[2025-12-03T14:37:13.416+0000][6][safepoint   ] Safepoint "Cleanup", Time since last: 7008494045 ns, Reaching safepoint: 492375 ns, At safepoint: 10250 ns, Total: 502625 ns
[2025-12-03T14:37:19.425+0000][6][safepoint   ] Safepoint "Cleanup", Time since last: 6007952087 ns, Reaching safepoint: 334250 ns, At safepoint: 14250 ns, Total: 348500 ns
[2025-12-03T14:37:24.357+0000][6][gc,start    ] GC(54) Pause Young (Normal) (G1 Evacuation Pause)
[2025-12-03T14:37:24.357+0000][6][gc,task     ] GC(54) Using 8 workers of 8 for evacuation
[2025-12-03T14:37:24.357+0000][6][gc,age      ] GC(54) Desired survivor size 18874368 bytes, new threshold 15 (max threshold 15)
[2025-12-03T14:37:24.368+0000][6][gc,age      ] GC(54) Age table with threshold 15 (max threshold 15)
[2025-12-03T14:37:24.368+0000][6][gc,age      ] GC(54) - age   1:    3449952 bytes,    3449952 total
[2025-12-03T14:37:24.368+0000][6][gc,age      ] GC(54) - age   2:     602968 bytes,    4052920 total
[2025-12-03T14:37:24.368+0000][6][gc,age      ] GC(54) - age   3:      57976 bytes,    4110896 total
[2025-12-03T14:37:24.369+0000][6][gc,age      ] GC(54) - age   4:      19736 bytes,    4130632 total
[2025-12-03T14:37:24.369+0000][6][gc,age      ] GC(54) - age   5:      26632 bytes,    4157264 total
[2025-12-03T14:37:24.369+0000][6][gc,age      ] GC(54) - age   6:      42440 bytes,    4199704 total
[2025-12-03T14:37:24.369+0000][6][gc,age      ] GC(54) - age   7:      95328 bytes,    4295032 total
[2025-12-03T14:37:24.370+0000][6][gc,age      ] GC(54) - age   8:      20752 bytes,    4315784 total
[2025-12-03T14:37:24.370+0000][6][gc,age      ] GC(54) - age   9:      53728 bytes,    4369512 total
[2025-12-03T14:37:24.370+0000][6][gc,age      ] GC(54) - age  10:     128256 bytes,    4497768 total
[2025-12-03T14:37:24.370+0000][6][gc,age      ] GC(54) - age  11:      77528 bytes,    4575296 total
[2025-12-03T14:37:24.370+0000][6][gc,age      ] GC(54) - age  12:      17784 bytes,    4593080 total
[2025-12-03T14:37:24.370+0000][6][gc,age      ] GC(54) - age  13:      38888 bytes,    4631968 total
[2025-12-03T14:37:24.370+0000][6][gc,age      ] GC(54) - age  14:      27728 bytes,    4659696 total
[2025-12-03T14:37:24.370+0000][6][gc,age      ] GC(54) - age  15:      22248 bytes,    4681944 total
[2025-12-03T14:37:24.370+0000][6][gc,phases   ] GC(54)   Pre Evacuate Collection Set: 0.3ms
[2025-12-03T14:37:24.370+0000][6][gc,phases   ] GC(54)   Merge Heap Roots: 0.1ms
[2025-12-03T14:37:24.370+0000][6][gc,phases   ] GC(54)   Evacuate Collection Set: 7.4ms
[2025-12-03T14:37:24.370+0000][6][gc,phases   ] GC(54)   Post Evacuate Collection Set: 2.6ms
[2025-12-03T14:37:24.371+0000][6][gc,phases   ] GC(54)   Other: 3.3ms
[2025-12-03T14:37:24.371+0000][6][gc,heap     ] GC(54) Eden regions: 70->0(68)
[2025-12-03T14:37:24.371+0000][6][gc,heap     ] GC(54) Survivor regions: 1->2(9)
[2025-12-03T14:37:24.371+0000][6][gc,heap     ] GC(54) Old regions: 31->31
[2025-12-03T14:37:24.371+0000][6][gc,heap     ] GC(54) Archive regions: 2->2
[2025-12-03T14:37:24.371+0000][6][gc,heap     ] GC(54) Humongous regions: 2->2
[2025-12-03T14:37:24.371+0000][6][gc,metaspace] GC(54) Metaspace: 116974K(118656K)->116974K(118656K) NonClass: 102073K(103040K)->102073K(103040K) Class: 14900K(15616K)->14900K(15616K)
[2025-12-03T14:37:24.371+0000][6][gc          ] GC(54) Pause Young (Normal) (G1 Evacuation Pause) 419M->140M(512M) 14.087ms
[2025-12-03T14:37:24.371+0000][6][gc,cpu      ] GC(54) User=0.04s Sys=0.00s Real=0.01s
[2025-12-03T14:37:24.371+0000][6][safepoint   ] Safepoint "G1CollectForAllocation", Time since last: 4931848919 ns, Reaching safepoint: 196166 ns, At safepoint: 14398500 ns, Total: 14594666 ns
[2025-12-03T14:37:25.372+0000][6][safepoint   ] Safepoint "Cleanup", Time since last: 1000994376 ns, Reaching safepoint: 219916 ns, At safepoint: 17667 ns, Total: 237583 ns
[2025-12-03T14:37:42.394+0000][6][safepoint   ] Safepoint "Cleanup", Time since last: 17020856216 ns, Reaching safepoint: 342291 ns, At safepoint: 6417 ns, Total: 348708 ns
[2025-12-03T14:37:49.402+0000][6][safepoint   ] Safepoint "Cleanup", Time since last: 7008310087 ns, Reaching safepoint: 233583 ns, At safepoint: 15250 ns, Total: 248833 ns
[2025-12-03T14:37:53.406+0000][6][safepoint   ] Safepoint "Cleanup", Time since last: 4003589168 ns, Reaching safepoint: 123875 ns, At safepoint: 7667 ns, Total: 131542 ns
[2025-12-03T14:37:54.407+0000][6][safepoint   ] Safepoint "Cleanup", Time since last: 1001052209 ns, Reaching safepoint: 79625 ns, At safepoint: 2458 ns, Total: 82083 ns
[2025-12-03T14:38:00.420+0000][6][safepoint   ] Safepoint "Cleanup", Time since last: 6011913210 ns, Reaching safepoint: 78500 ns, At safepoint: 3750 ns, Total: 82250 ns
[2025-12-03T14:38:06.425+0000][6][safepoint   ] Safepoint "Cleanup", Time since last: 6005135962 ns, Reaching safepoint: 390958 ns, At safepoint: 9250 ns, Total: 400208 ns
[2025-12-03T14:38:07.427+0000][6][safepoint   ] Safepoint "Cleanup", Time since last: 1001401376 ns, Reaching safepoint: 119625 ns, At safepoint: 8166 ns, Total: 127791 ns
[2025-12-03T14:38:12.445+0000][6][safepoint   ] Safepoint "Cleanup", Time since last: 5016966211 ns, Reaching safepoint: 873167 ns, At safepoint: 34666 ns, Total: 907833 ns
[2025-12-03T14:38:18.453+0000][6][safepoint   ] Safepoint "Cleanup", Time since last: 6007415836 ns, Reaching safepoint: 425834 ns, At safepoint: 14416 ns, Total: 440250 ns
[2025-12-03T14:38:18.559+0000][6][gc,start    ] GC(55) Pause Young (Normal) (G1 Evacuation Pause)
[2025-12-03T14:38:18.559+0000][6][gc,task     ] GC(55) Using 8 workers of 8 for evacuation
[2025-12-03T14:38:18.559+0000][6][gc,age      ] GC(55) Desired survivor size 18874368 bytes, new threshold 15 (max threshold 15)
[2025-12-03T14:38:18.569+0000][6][gc,age      ] GC(55) Age table with threshold 15 (max threshold 15)
[2025-12-03T14:38:18.569+0000][6][gc,age      ] GC(55) - age   1:    3228600 bytes,    3228600 total
[2025-12-03T14:38:18.569+0000][6][gc,age      ] GC(55) - age   2:    1159968 bytes,    4388568 total
[2025-12-03T14:38:18.569+0000][6][gc,age      ] GC(55) - age   3:     314592 bytes,    4703160 total
[2025-12-03T14:38:18.569+0000][6][gc,age      ] GC(55) - age   4:      21544 bytes,    4724704 total
[2025-12-03T14:38:18.569+0000][6][gc,age      ] GC(55) - age   5:      19480 bytes,    4744184 total
[2025-12-03T14:38:18.569+0000][6][gc,age      ] GC(55) - age   6:      26568 bytes,    4770752 total
[2025-12-03T14:38:18.569+0000][6][gc,age      ] GC(55) - age   7:      42440 bytes,    4813192 total
[2025-12-03T14:38:18.569+0000][6][gc,age      ] GC(55) - age   8:      95264 bytes,    4908456 total
[2025-12-03T14:38:18.569+0000][6][gc,age      ] GC(55) - age   9:      20752 bytes,    4929208 total
[2025-12-03T14:38:18.569+0000][6][gc,age      ] GC(55) - age  10:      53728 bytes,    4982936 total
[2025-12-03T14:38:18.569+0000][6][gc,age      ] GC(55) - age  11:     128256 bytes,    5111192 total
[2025-12-03T14:38:18.569+0000][6][gc,age      ] GC(55) - age  12:      77528 bytes,    5188720 total
[2025-12-03T14:38:18.569+0000][6][gc,age      ] GC(55) - age  13:      17784 bytes,    5206504 total
[2025-12-03T14:38:18.570+0000][6][gc,age      ] GC(55) - age  14:      22488 bytes,    5228992 total
[2025-12-03T14:38:18.570+0000][6][gc,age      ] GC(55) - age  15:      27728 bytes,    5256720 total
[2025-12-03T14:38:18.570+0000][6][gc,phases   ] GC(55)   Pre Evacuate Collection Set: 0.2ms
[2025-12-03T14:38:18.570+0000][6][gc,phases   ] GC(55)   Merge Heap Roots: 0.1ms
[2025-12-03T14:38:18.570+0000][6][gc,phases   ] GC(55)   Evacuate Collection Set: 6.8ms
[2025-12-03T14:38:18.570+0000][6][gc,phases   ] GC(55)   Post Evacuate Collection Set: 2.2ms
[2025-12-03T14:38:18.570+0000][6][gc,phases   ] GC(55)   Other: 1.9ms
[2025-12-03T14:38:18.570+0000][6][gc,heap     ] GC(55) Eden regions: 68->0(68)
[2025-12-03T14:38:18.570+0000][6][gc,heap     ] GC(55) Survivor regions: 2->2(9)
[2025-12-03T14:38:18.570+0000][6][gc,heap     ] GC(55) Old regions: 31->31
[2025-12-03T14:38:18.570+0000][6][gc,heap     ] GC(55) Archive regions: 2->2
[2025-12-03T14:38:18.570+0000][6][gc,heap     ] GC(55) Humongous regions: 2->2
[2025-12-03T14:38:18.570+0000][6][gc,metaspace] GC(55) Metaspace: 117003K(118720K)->117003K(118720K) NonClass: 102103K(103104K)->102103K(103104K) Class: 14900K(15616K)->14900K(15616K)
[2025-12-03T14:38:18.570+0000][6][gc          ] GC(55) Pause Young (Normal) (G1 Evacuation Pause) 412M->140M(512M) 11.560ms
[2025-12-03T14:38:18.570+0000][6][gc,cpu      ] GC(55) User=0.07s Sys=0.00s Real=0.01s
[2025-12-03T14:38:18.570+0000][6][safepoint   ] Safepoint "G1CollectForAllocation", Time since last: 105714459 ns, Reaching safepoint: 87833 ns, At safepoint: 11961708 ns, Total: 12049541 ns
[2025-12-03T14:38:34.595+0000][6][safepoint   ] Safepoint "Cleanup", Time since last: 16022401465 ns, Reaching safepoint: 341000 ns, At safepoint: 4917 ns, Total: 345917 ns
[2025-12-03T14:38:36.598+0000][6][safepoint   ] Safepoint "Cleanup", Time since last: 2003587584 ns, Reaching safepoint: 139125 ns, At safepoint: 5209 ns, Total: 144334 ns
[2025-12-03T14:38:51.623+0000][6][safepoint   ] Safepoint "Cleanup", Time since last: 15023920382 ns, Reaching safepoint: 1025208 ns, At safepoint: 31709 ns, Total: 1056917 ns
[2025-12-03T14:39:00.634+0000][6][safepoint   ] Safepoint "Cleanup", Time since last: 9009905087 ns, Reaching safepoint: 61625 ns, At safepoint: 3958 ns, Total: 65583 ns
[2025-12-03T14:39:02.637+0000][6][safepoint   ] Safepoint "Cleanup", Time since last: 2002392376 ns, Reaching safepoint: 156209 ns, At safepoint: 3750 ns, Total: 159959 ns
[2025-12-03T14:39:05.641+0000][6][safepoint   ] Safepoint "Cleanup", Time since last: 3003860209 ns, Reaching safepoint: 115084 ns, At safepoint: 7000 ns, Total: 122084 ns
[2025-12-03T14:39:08.650+0000][6][safepoint   ] Safepoint "Cleanup", Time since last: 3008491251 ns, Reaching safepoint: 309708 ns, At safepoint: 14292 ns, Total: 324000 ns
[2025-12-03T14:39:12.390+0000][6][gc,start    ] GC(56) Pause Young (Normal) (G1 Evacuation Pause)
[2025-12-03T14:39:12.390+0000][6][gc,task     ] GC(56) Using 8 workers of 8 for evacuation
[2025-12-03T14:39:12.391+0000][6][gc,age      ] GC(56) Desired survivor size 18874368 bytes, new threshold 15 (max threshold 15)
[2025-12-03T14:39:12.404+0000][6][gc,age      ] GC(56) Age table with threshold 15 (max threshold 15)
[2025-12-03T14:39:12.404+0000][6][gc,age      ] GC(56) - age   1:    1693344 bytes,    1693344 total
[2025-12-03T14:39:12.404+0000][6][gc,age      ] GC(56) - age   2:     100896 bytes,    1794240 total
[2025-12-03T14:39:12.404+0000][6][gc,age      ] GC(56) - age   3:     655544 bytes,    2449784 total
[2025-12-03T14:39:12.404+0000][6][gc,age      ] GC(56) - age   4:     228280 bytes,    2678064 total
[2025-12-03T14:39:12.405+0000][6][gc,age      ] GC(56) - age   5:      21480 bytes,    2699544 total
[2025-12-03T14:39:12.405+0000][6][gc,age      ] GC(56) - age   6:      19152 bytes,    2718696 total
[2025-12-03T14:39:12.405+0000][6][gc,age      ] GC(56) - age   7:      26296 bytes,    2744992 total
[2025-12-03T14:39:12.405+0000][6][gc,age      ] GC(56) - age   8:      42440 bytes,    2787432 total
[2025-12-03T14:39:12.405+0000][6][gc,age      ] GC(56) - age   9:      95264 bytes,    2882696 total
[2025-12-03T14:39:12.405+0000][6][gc,age      ] GC(56) - age  10:      20752 bytes,    2903448 total
[2025-12-03T14:39:12.405+0000][6][gc,age      ] GC(56) - age  11:      53728 bytes,    2957176 total
[2025-12-03T14:39:12.405+0000][6][gc,age      ] GC(56) - age  12:     128256 bytes,    3085432 total
[2025-12-03T14:39:12.405+0000][6][gc,age      ] GC(56) - age  13:      77504 bytes,    3162936 total
[2025-12-03T14:39:12.405+0000][6][gc,age      ] GC(56) - age  14:      17784 bytes,    3180720 total
[2025-12-03T14:39:12.405+0000][6][gc,age      ] GC(56) - age  15:      22488 bytes,    3203208 total
[2025-12-03T14:39:12.405+0000][6][gc,phases   ] GC(56)   Pre Evacuate Collection Set: 0.9ms
[2025-12-03T14:39:12.405+0000][6][gc,phases   ] GC(56)   Merge Heap Roots: 0.3ms
[2025-12-03T14:39:12.406+0000][6][gc,phases   ] GC(56)   Evacuate Collection Set: 9.0ms
[2025-12-03T14:39:12.406+0000][6][gc,phases   ] GC(56)   Post Evacuate Collection Set: 2.6ms
[2025-12-03T14:39:12.406+0000][6][gc,phases   ] GC(56)   Other: 3.0ms
[2025-12-03T14:39:12.406+0000][6][gc,heap     ] GC(56) Eden regions: 68->0(69)
[2025-12-03T14:39:12.406+0000][6][gc,heap     ] GC(56) Survivor regions: 2->1(9)
[2025-12-03T14:39:12.406+0000][6][gc,heap     ] GC(56) Old regions: 31->31
[2025-12-03T14:39:12.406+0000][6][gc,heap     ] GC(56) Archive regions: 2->2
[2025-12-03T14:39:12.406+0000][6][gc,heap     ] GC(56) Humongous regions: 2->2
[2025-12-03T14:39:12.406+0000][6][gc,metaspace] GC(56) Metaspace: 117018K(118720K)->117018K(118720K) NonClass: 102117K(103104K)->102117K(103104K) Class: 14900K(15616K)->14900K(15616K)
[2025-12-03T14:39:12.406+0000][6][gc          ] GC(56) Pause Young (Normal) (G1 Evacuation Pause) 412M->139M(512M) 16.225ms
[2025-12-03T14:39:12.406+0000][6][gc,cpu      ] GC(56) User=0.06s Sys=0.01s Real=0.02s
[2025-12-03T14:39:12.406+0000][6][safepoint   ] Safepoint "G1CollectForAllocation", Time since last: 3739589460 ns, Reaching safepoint: 177792 ns, At safepoint: 16894917 ns, Total: 17072709 ns
[2025-12-03T14:39:13.407+0000][6][safepoint   ] Safepoint "Cleanup", Time since last: 1000753583 ns, Reaching safepoint: 61500 ns, At safepoint: 3459 ns, Total: 64959 ns
[2025-12-03T14:39:23.419+0000][6][safepoint   ] Safepoint "Cleanup", Time since last: 10011849879 ns, Reaching safepoint: 86792 ns, At safepoint: 4625 ns, Total: 91417 ns
[2025-12-03T14:39:24.420+0000][6][safepoint   ] Safepoint "Cleanup", Time since last: 1000414751 ns, Reaching safepoint: 61458 ns, At safepoint: 3125 ns, Total: 64583 ns
[2025-12-03T14:39:26.421+0000][6][safepoint   ] Safepoint "Cleanup", Time since last: 2001493834 ns, Reaching safepoint: 147958 ns, At safepoint: 13500 ns, Total: 161458 ns
[2025-12-03T14:39:28.426+0000][6][safepoint   ] Safepoint "Cleanup", Time since last: 2004121043 ns, Reaching safepoint: 418375 ns, At safepoint: 17000 ns, Total: 435375 ns
[2025-12-03T14:39:31.483+0000][6][safepoint   ] Safepoint "Cleanup", Time since last: 3056419168 ns, Reaching safepoint: 213833 ns, At safepoint: 3167 ns, Total: 217000 ns
[2025-12-03T14:39:36.501+0000][6][safepoint   ] Safepoint "Cleanup", Time since last: 5018133627 ns, Reaching safepoint: 79792 ns, At safepoint: 4208 ns, Total: 84000 ns
[2025-12-03T14:39:42.516+0000][6][safepoint   ] Safepoint "Cleanup", Time since last: 6015453628 ns, Reaching safepoint: 109833 ns, At safepoint: 3959 ns, Total: 113792 ns
[2025-12-03T14:39:48.527+0000][6][safepoint   ] Safepoint "Cleanup", Time since last: 6010849752 ns, Reaching safepoint: 77000 ns, At safepoint: 3459 ns, Total: 80459 ns
[2025-12-03T14:39:50.530+0000][6][safepoint   ] Safepoint "Cleanup", Time since last: 2002814042 ns, Reaching safepoint: 110500 ns, At safepoint: 5875 ns, Total: 116375 ns
[2025-12-03T14:40:00.562+0000][6][safepoint   ] Safepoint "Cleanup", Time since last: 10030005046 ns, Reaching safepoint: 217000 ns, At safepoint: 7625 ns, Total: 224625 ns
[2025-12-03T14:40:06.437+0000][6][gc,start    ] GC(57) Pause Young (Normal) (G1 Evacuation Pause)
[2025-12-03T14:40:06.437+0000][6][gc,task     ] GC(57) Using 8 workers of 8 for evacuation
[2025-12-03T14:40:06.437+0000][6][gc,age      ] GC(57) Desired survivor size 18874368 bytes, new threshold 15 (max threshold 15)
[2025-12-03T14:40:06.445+0000][6][gc,age      ] GC(57) Age table with threshold 15 (max threshold 15)
[2025-12-03T14:40:06.445+0000][6][gc,age      ] GC(57) - age   1:    2906352 bytes,    2906352 total
[2025-12-03T14:40:06.445+0000][6][gc,age      ] GC(57) - age   2:     627000 bytes,    3533352 total
[2025-12-03T14:40:06.445+0000][6][gc,age      ] GC(57) - age   3:      94512 bytes,    3627864 total
[2025-12-03T14:40:06.445+0000][6][gc,age      ] GC(57) - age   4:     190912 bytes,    3818776 total
[2025-12-03T14:40:06.445+0000][6][gc,age      ] GC(57) - age   5:     224248 bytes,    4043024 total
[2025-12-03T14:40:06.445+0000][6][gc,age      ] GC(57) - age   6:      21392 bytes,    4064416 total
[2025-12-03T14:40:06.445+0000][6][gc,age      ] GC(57) - age   7:      19152 bytes,    4083568 total
[2025-12-03T14:40:06.445+0000][6][gc,age      ] GC(57) - age   8:      26296 bytes,    4109864 total
[2025-12-03T14:40:06.445+0000][6][gc,age      ] GC(57) - age   9:      42440 bytes,    4152304 total
[2025-12-03T14:40:06.445+0000][6][gc,age      ] GC(57) - age  10:      95264 bytes,    4247568 total
[2025-12-03T14:40:06.445+0000][6][gc,age      ] GC(57) - age  11:      20752 bytes,    4268320 total
[2025-12-03T14:40:06.445+0000][6][gc,age      ] GC(57) - age  12:      53152 bytes,    4321472 total
[2025-12-03T14:40:06.445+0000][6][gc,age      ] GC(57) - age  13:     128256 bytes,    4449728 total
[2025-12-03T14:40:06.445+0000][6][gc,age      ] GC(57) - age  14:      77504 bytes,    4527232 total
[2025-12-03T14:40:06.445+0000][6][gc,age      ] GC(57) - age  15:      17784 bytes,    4545016 total
[2025-12-03T14:40:06.445+0000][6][gc,phases   ] GC(57)   Pre Evacuate Collection Set: 0.3ms
[2025-12-03T14:40:06.445+0000][6][gc,phases   ] GC(57)   Merge Heap Roots: 0.2ms
[2025-12-03T14:40:06.445+0000][6][gc,phases   ] GC(57)   Evacuate Collection Set: 5.4ms
[2025-12-03T14:40:06.445+0000][6][gc,phases   ] GC(57)   Post Evacuate Collection Set: 1.7ms
[2025-12-03T14:40:06.445+0000][6][gc,phases   ] GC(57)   Other: 0.9ms
[2025-12-03T14:40:06.445+0000][6][gc,heap     ] GC(57) Eden regions: 69->0(68)
[2025-12-03T14:40:06.445+0000][6][gc,heap     ] GC(57) Survivor regions: 1->2(9)
[2025-12-03T14:40:06.445+0000][6][gc,heap     ] GC(57) Old regions: 31->31
[2025-12-03T14:40:06.445+0000][6][gc,heap     ] GC(57) Archive regions: 2->2
[2025-12-03T14:40:06.445+0000][6][gc,heap     ] GC(57) Humongous regions: 2->2
[2025-12-03T14:40:06.446+0000][6][gc,metaspace] GC(57) Metaspace: 117038K(118784K)->117038K(118784K) NonClass: 102136K(103168K)->102136K(103168K) Class: 14901K(15616K)->14901K(15616K)
[2025-12-03T14:40:06.446+0000][6][gc          ] GC(57) Pause Young (Normal) (G1 Evacuation Pause) 415M->140M(512M) 8.706ms
[2025-12-03T14:40:06.446+0000][6][gc,cpu      ] GC(57) User=0.04s Sys=0.00s Real=0.00s
[2025-12-03T14:40:06.446+0000][6][safepoint   ] Safepoint "G1CollectForAllocation", Time since last: 5874876295 ns, Reaching safepoint: 51458 ns, At safepoint: 8945042 ns, Total: 8996500 ns
[2025-12-03T14:40:19.477+0000][6][safepoint   ] Safepoint "Cleanup", Time since last: 13031019839 ns, Reaching safepoint: 295292 ns, At safepoint: 15333 ns, Total: 310625 ns
[2025-12-03T14:40:21.479+0000][6][safepoint   ] Safepoint "Cleanup", Time since last: 2001752085 ns, Reaching safepoint: 38041 ns, At safepoint: 1959 ns, Total: 40000 ns
[2025-12-03T14:40:22.480+0000][6][safepoint   ] Safepoint "Cleanup", Time since last: 1001222958 ns, Reaching safepoint: 51834 ns, At safepoint: 3166 ns, Total: 55000 ns
[2025-12-03T14:40:34.497+0000][6][safepoint   ] Safepoint "Cleanup", Time since last: 12015503297 ns, Reaching safepoint: 221584 ns, At safepoint: 4000 ns, Total: 225584 ns
[2025-12-03T14:40:36.499+0000][6][safepoint   ] Safepoint "Cleanup", Time since last: 2002023126 ns, Reaching safepoint: 49125 ns, At safepoint: 6583 ns, Total: 55708 ns
[2025-12-03T14:40:37.504+0000][6][safepoint   ] Safepoint "Cleanup", Time since last: 1004655417 ns, Reaching safepoint: 288750 ns, At safepoint: 12042 ns, Total: 300792 ns
[2025-12-03T14:40:42.510+0000][6][safepoint   ] Safepoint "Cleanup", Time since last: 5004784919 ns, Reaching safepoint: 1217125 ns, At safepoint: 6750 ns, Total: 1223875 ns
[2025-12-03T14:40:49.522+0000][6][safepoint   ] Safepoint "Cleanup", Time since last: 7012138087 ns, Reaching safepoint: 329041 ns, At safepoint: 27584 ns, Total: 356625 ns
[2025-12-03T14:40:52.527+0000][6][safepoint   ] Safepoint "Cleanup", Time since last: 3004279668 ns, Reaching safepoint: 46208 ns, At safepoint: 4792 ns, Total: 51000 ns
[2025-12-03T14:40:54.469+0000][6][gc,start    ] GC(58) Pause Young (Normal) (G1 Evacuation Pause)
[2025-12-03T14:40:54.469+0000][6][gc,task     ] GC(58) Using 8 workers of 8 for evacuation
[2025-12-03T14:40:54.469+0000][6][gc,age      ] GC(58) Desired survivor size 18874368 bytes, new threshold 15 (max threshold 15)
[2025-12-03T14:40:54.482+0000][6][gc,age      ] GC(58) Age table with threshold 15 (max threshold 15)
[2025-12-03T14:40:54.482+0000][6][gc,age      ] GC(58) - age   1:    3265896 bytes,    3265896 total
[2025-12-03T14:40:54.482+0000][6][gc,age      ] GC(58) - age   2:     620912 bytes,    3886808 total
[2025-12-03T14:40:54.482+0000][6][gc,age      ] GC(58) - age   3:     623392 bytes,    4510200 total
[2025-12-03T14:40:54.482+0000][6][gc,age      ] GC(58) - age   4:      93704 bytes,    4603904 total
[2025-12-03T14:40:54.482+0000][6][gc,age      ] GC(58) - age   5:     134696 bytes,    4738600 total
[2025-12-03T14:40:54.482+0000][6][gc,age      ] GC(58) - age   6:     224216 bytes,    4962816 total
[2025-12-03T14:40:54.482+0000][6][gc,age      ] GC(58) - age   7:      21280 bytes,    4984096 total
[2025-12-03T14:40:54.482+0000][6][gc,age      ] GC(58) - age   8:      19152 bytes,    5003248 total
[2025-12-03T14:40:54.483+0000][6][gc,age      ] GC(58) - age   9:      26296 bytes,    5029544 total
[2025-12-03T14:40:54.483+0000][6][gc,age      ] GC(58) - age  10:      42440 bytes,    5071984 total
[2025-12-03T14:40:54.483+0000][6][gc,age      ] GC(58) - age  11:      95264 bytes,    5167248 total
[2025-12-03T14:40:54.483+0000][6][gc,age      ] GC(58) - age  12:      20368 bytes,    5187616 total
[2025-12-03T14:40:54.483+0000][6][gc,age      ] GC(58) - age  13:      52384 bytes,    5240000 total
[2025-12-03T14:40:54.483+0000][6][gc,age      ] GC(58) - age  14:     128256 bytes,    5368256 total
[2025-12-03T14:40:54.483+0000][6][gc,age      ] GC(58) - age  15:      77504 bytes,    5445760 total
[2025-12-03T14:40:54.483+0000][6][gc,phases   ] GC(58)   Pre Evacuate Collection Set: 0.3ms
[2025-12-03T14:40:54.483+0000][6][gc,phases   ] GC(58)   Merge Heap Roots: 0.2ms
[2025-12-03T14:40:54.483+0000][6][gc,phases   ] GC(58)   Evacuate Collection Set: 9.9ms
[2025-12-03T14:40:54.483+0000][6][gc,phases   ] GC(58)   Post Evacuate Collection Set: 1.6ms
[2025-12-03T14:40:54.483+0000][6][gc,phases   ] GC(58)   Other: 2.6ms
[2025-12-03T14:40:54.483+0000][6][gc,heap     ] GC(58) Eden regions: 68->0(68)
[2025-12-03T14:40:54.483+0000][6][gc,heap     ] GC(58) Survivor regions: 2->2(9)
[2025-12-03T14:40:54.483+0000][6][gc,heap     ] GC(58) Old regions: 31->31
[2025-12-03T14:40:54.483+0000][6][gc,heap     ] GC(58) Archive regions: 2->2
[2025-12-03T14:40:54.484+0000][6][gc,heap     ] GC(58) Humongous regions: 2->2
[2025-12-03T14:40:54.484+0000][6][gc,metaspace] GC(58) Metaspace: 117050K(118784K)->117050K(118784K) NonClass: 102149K(103168K)->102149K(103168K) Class: 14901K(15616K)->14901K(15616K)
[2025-12-03T14:40:54.484+0000][6][gc          ] GC(58) Pause Young (Normal) (G1 Evacuation Pause) 412M->141M(512M) 15.175ms
[2025-12-03T14:40:54.484+0000][6][gc,cpu      ] GC(58) User=0.02s Sys=0.00s Real=0.01s
[2025-12-03T14:40:54.484+0000][6][safepoint   ] Safepoint "G1CollectForAllocation", Time since last: 1941687626 ns, Reaching safepoint: 92500 ns, At safepoint: 15474750 ns, Total: 15567250 ns
[2025-12-03T14:40:56.487+0000][6][safepoint   ] Safepoint "Cleanup", Time since last: 2001612250 ns, Reaching safepoint: 55292 ns, At safepoint: 3875 ns, Total: 59167 ns
[2025-12-03T14:41:00.491+0000][6][safepoint   ] Safepoint "Cleanup", Time since last: 4003996252 ns, Reaching safepoint: 52333 ns, At safepoint: 8042 ns, Total: 60375 ns
[2025-12-03T14:41:02.493+0000][6][safepoint   ] Safepoint "Cleanup", Time since last: 2001941834 ns, Reaching safepoint: 315583 ns, At safepoint: 12500 ns, Total: 328083 ns
[2025-12-03T14:41:06.497+0000][6][safepoint   ] Safepoint "Cleanup", Time since last: 4003806835 ns, Reaching safepoint: 87292 ns, At safepoint: 8292 ns, Total: 95584 ns
[2025-12-03T14:41:25.522+0000][6][safepoint   ] Safepoint "Cleanup", Time since last: 19025029467 ns, Reaching safepoint: 135208 ns, At safepoint: 13709 ns, Total: 148917 ns
[2025-12-03T14:41:30.530+0000][6][safepoint   ] Safepoint "Cleanup", Time since last: 5006809794 ns, Reaching safepoint: 344166 ns, At safepoint: 5917 ns, Total: 350083 ns
[2025-12-03T14:41:31.532+0000][6][safepoint   ] Safepoint "Cleanup", Time since last: 1001549875 ns, Reaching safepoint: 83792 ns, At safepoint: 7417 ns, Total: 91209 ns
[2025-12-03T14:41:36.539+0000][6][safepoint   ] Safepoint "Cleanup", Time since last: 5007674002 ns, Reaching safepoint: 76917 ns, At safepoint: 3875 ns, Total: 80792 ns
[2025-12-03T14:41:37.542+0000][6][safepoint   ] Safepoint "Cleanup", Time since last: 1001920667 ns, Reaching safepoint: 248375 ns, At safepoint: 14417 ns, Total: 262792 ns
[2025-12-03T14:41:43.548+0000][6][safepoint   ] Safepoint "Cleanup", Time since last: 6005620127 ns, Reaching safepoint: 1048917 ns, At safepoint: 14083 ns, Total: 1063000 ns
[2025-12-03T14:41:48.568+0000][6][safepoint   ] Safepoint "Cleanup", Time since last: 5017555294 ns, Reaching safepoint: 1814459 ns, At safepoint: 7166 ns, Total: 1821625 ns
[2025-12-03T14:41:49.350+0000][6][gc,start    ] GC(59) Pause Young (Normal) (G1 Evacuation Pause)
[2025-12-03T14:41:49.351+0000][6][gc,task     ] GC(59) Using 8 workers of 8 for evacuation
[2025-12-03T14:41:49.351+0000][6][gc,age      ] GC(59) Desired survivor size 18874368 bytes, new threshold 15 (max threshold 15)
[2025-12-03T14:41:49.361+0000][6][gc,age      ] GC(59) Age table with threshold 15 (max threshold 15)
[2025-12-03T14:41:49.361+0000][6][gc,age      ] GC(59) - age   1:    3213736 bytes,    3213736 total
[2025-12-03T14:41:49.361+0000][6][gc,age      ] GC(59) - age   2:      85536 bytes,    3299272 total
[2025-12-03T14:41:49.362+0000][6][gc,age      ] GC(59) - age   3:     608376 bytes,    3907648 total
[2025-12-03T14:41:49.362+0000][6][gc,age      ] GC(59) - age   4:      23256 bytes,    3930904 total
[2025-12-03T14:41:49.362+0000][6][gc,age      ] GC(59) - age   5:      44072 bytes,    3974976 total
[2025-12-03T14:41:49.362+0000][6][gc,age      ] GC(59) - age   6:     126152 bytes,    4101128 total
[2025-12-03T14:41:49.362+0000][6][gc,age      ] GC(59) - age   7:     217408 bytes,    4318536 total
[2025-12-03T14:41:49.362+0000][6][gc,age      ] GC(59) - age   8:      12800 bytes,    4331336 total
[2025-12-03T14:41:49.362+0000][6][gc,age      ] GC(59) - age   9:      12792 bytes,    4344128 total
[2025-12-03T14:41:49.362+0000][6][gc,age      ] GC(59) - age  10:      17816 bytes,    4361944 total
[2025-12-03T14:41:49.362+0000][6][gc,age      ] GC(59) - age  11:      36080 bytes,    4398024 total
[2025-12-03T14:41:49.362+0000][6][gc,age      ] GC(59) - age  12:      86784 bytes,    4484808 total
[2025-12-03T14:41:49.363+0000][6][gc,age      ] GC(59) - age  13:      14008 bytes,    4498816 total
[2025-12-03T14:41:49.363+0000][6][gc,age      ] GC(59) - age  14:      43904 bytes,    4542720 total
[2025-12-03T14:41:49.363+0000][6][gc,age      ] GC(59) - age  15:      13776 bytes,    4556496 total
[2025-12-03T14:41:49.363+0000][6][gc,phases   ] GC(59)   Pre Evacuate Collection Set: 0.5ms
[2025-12-03T14:41:49.363+0000][6][gc,phases   ] GC(59)   Merge Heap Roots: 0.2ms
[2025-12-03T14:41:49.363+0000][6][gc,phases   ] GC(59)   Evacuate Collection Set: 6.9ms
[2025-12-03T14:41:49.363+0000][6][gc,phases   ] GC(59)   Post Evacuate Collection Set: 2.5ms
[2025-12-03T14:41:49.363+0000][6][gc,phases   ] GC(59)   Other: 3.2ms
[2025-12-03T14:41:49.363+0000][6][gc,heap     ] GC(59) Eden regions: 68->0(68)
[2025-12-03T14:41:49.364+0000][6][gc,heap     ] GC(59) Survivor regions: 2->2(9)
[2025-12-03T14:41:49.364+0000][6][gc,heap     ] GC(59) Old regions: 31->31
[2025-12-03T14:41:49.364+0000][6][gc,heap     ] GC(59) Archive regions: 2->2
[2025-12-03T14:41:49.364+0000][6][gc,heap     ] GC(59) Humongous regions: 2->2
[2025-12-03T14:41:49.364+0000][6][gc,metaspace] GC(59) Metaspace: 117085K(118784K)->117085K(118784K) NonClass: 102184K(103168K)->102184K(103168K) Class: 14901K(15616K)->14901K(15616K)
[2025-12-03T14:41:49.364+0000][6][gc          ] GC(59) Pause Young (Normal) (G1 Evacuation Pause) 413M->140M(512M) 14.366ms
[2025-12-03T14:41:49.364+0000][6][gc,cpu      ] GC(59) User=0.05s Sys=0.00s Real=0.01s
[2025-12-03T14:41:49.364+0000][6][safepoint   ] Safepoint "G1CollectForAllocation", Time since last: 781481709 ns, Reaching safepoint: 318167 ns, At safepoint: 14785667 ns, Total: 15103834 ns
[2025-12-03T14:41:55.371+0000][6][safepoint   ] Safepoint "Cleanup", Time since last: 6006249961 ns, Reaching safepoint: 927541 ns, At safepoint: 21375 ns, Total: 948916 ns
[2025-12-03T14:42:06.407+0000][6][safepoint   ] Safepoint "Cleanup", Time since last: 11034033796 ns, Reaching safepoint: 754334 ns, At safepoint: 82875 ns, Total: 837209 ns
[2025-12-03T14:42:07.410+0000][6][safepoint   ] Safepoint "Cleanup", Time since last: 1002633208 ns, Reaching safepoint: 149209 ns, At safepoint: 19875 ns, Total: 169084 ns
[2025-12-03T14:42:13.417+0000][6][safepoint   ] Safepoint "Cleanup", Time since last: 6007648086 ns, Reaching safepoint: 68542 ns, At safepoint: 14666 ns, Total: 83208 ns
[2025-12-03T14:42:17.425+0000][6][safepoint   ] Safepoint "Cleanup", Time since last: 4007188877 ns, Reaching safepoint: 191292 ns, At safepoint: 16875 ns, Total: 208167 ns
[2025-12-03T14:42:33.449+0000][6][safepoint   ] Safepoint "Cleanup", Time since last: 16022428591 ns, Reaching safepoint: 859708 ns, At safepoint: 36250 ns, Total: 895958 ns
[2025-12-03T14:42:34.451+0000][6][safepoint   ] Safepoint "Cleanup", Time since last: 1000887917 ns, Reaching safepoint: 360250 ns, At safepoint: 18500 ns, Total: 378750 ns
[2025-12-03T14:42:36.455+0000][6][safepoint   ] Safepoint "Cleanup", Time since last: 2003465418 ns, Reaching safepoint: 399166 ns, At safepoint: 17000 ns, Total: 416166 ns
[2025-12-03T14:42:38.459+0000][6][safepoint   ] Safepoint "Cleanup", Time since last: 2001064293 ns, Reaching safepoint: 3481708 ns, At safepoint: 23959 ns, Total: 3505667 ns
[2025-12-03T14:42:43.567+0000][6][gc,start    ] GC(60) Pause Young (Normal) (G1 Evacuation Pause)
[2025-12-03T14:42:43.567+0000][6][gc,task     ] GC(60) Using 8 workers of 8 for evacuation
[2025-12-03T14:42:43.568+0000][6][gc,age      ] GC(60) Desired survivor size 18874368 bytes, new threshold 15 (max threshold 15)
[2025-12-03T14:42:43.583+0000][6][gc,age      ] GC(60) Age table with threshold 15 (max threshold 15)
[2025-12-03T14:42:43.583+0000][6][gc,age      ] GC(60) - age   1:    1851736 bytes,    1851736 total
[2025-12-03T14:42:43.583+0000][6][gc,age      ] GC(60) - age   2:     896592 bytes,    2748328 total
[2025-12-03T14:42:43.584+0000][6][gc,age      ] GC(60) - age   3:      77640 bytes,    2825968 total
[2025-12-03T14:42:43.584+0000][6][gc,age      ] GC(60) - age   4:     156440 bytes,    2982408 total
[2025-12-03T14:42:43.584+0000][6][gc,age      ] GC(60) - age   5:      23008 bytes,    3005416 total
[2025-12-03T14:42:43.584+0000][6][gc,age      ] GC(60) - age   6:      43752 bytes,    3049168 total
[2025-12-03T14:42:43.584+0000][6][gc,age      ] GC(60) - age   7:     126152 bytes,    3175320 total
[2025-12-03T14:42:43.584+0000][6][gc,age      ] GC(60) - age   8:     217408 bytes,    3392728 total
[2025-12-03T14:42:43.584+0000][6][gc,age      ] GC(60) - age   9:      12800 bytes,    3405528 total
[2025-12-03T14:42:43.584+0000][6][gc,age      ] GC(60) - age  10:      12792 bytes,    3418320 total
[2025-12-03T14:42:43.584+0000][6][gc,age      ] GC(60) - age  11:      17816 bytes,    3436136 total
[2025-12-03T14:42:43.584+0000][6][gc,age      ] GC(60) - age  12:      36080 bytes,    3472216 total
[2025-12-03T14:42:43.584+0000][6][gc,age      ] GC(60) - age  13:      86784 bytes,    3559000 total
[2025-12-03T14:42:43.584+0000][6][gc,age      ] GC(60) - age  14:      14008 bytes,    3573008 total
[2025-12-03T14:42:43.584+0000][6][gc,age      ] GC(60) - age  15:      43904 bytes,    3616912 total
[2025-12-03T14:42:43.585+0000][6][gc,phases   ] GC(60)   Pre Evacuate Collection Set: 0.7ms
[2025-12-03T14:42:43.585+0000][6][gc,phases   ] GC(60)   Merge Heap Roots: 0.2ms
[2025-12-03T14:42:43.585+0000][6][gc,phases   ] GC(60)   Evacuate Collection Set: 11.0ms
[2025-12-03T14:42:43.585+0000][6][gc,phases   ] GC(60)   Post Evacuate Collection Set: 3.3ms
[2025-12-03T14:42:43.585+0000][6][gc,phases   ] GC(60)   Other: 2.7ms
[2025-12-03T14:42:43.585+0000][6][gc,heap     ] GC(60) Eden regions: 68->0(69)
[2025-12-03T14:42:43.585+0000][6][gc,heap     ] GC(60) Survivor regions: 2->1(9)
[2025-12-03T14:42:43.585+0000][6][gc,heap     ] GC(60) Old regions: 31->31
[2025-12-03T14:42:43.585+0000][6][gc,heap     ] GC(60) Archive regions: 2->2
[2025-12-03T14:42:43.585+0000][6][gc,heap     ] GC(60) Humongous regions: 2->2
[2025-12-03T14:42:43.586+0000][6][gc,metaspace] GC(60) Metaspace: 117133K(118848K)->117133K(118848K) NonClass: 102231K(103232K)->102231K(103232K) Class: 14901K(15616K)->14901K(15616K)
[2025-12-03T14:42:43.586+0000][6][gc          ] GC(60) Pause Young (Normal) (G1 Evacuation Pause) 412M->139M(512M) 18.777ms
[2025-12-03T14:42:43.586+0000][6][gc,cpu      ] GC(60) User=0.07s Sys=0.00s Real=0.02s
[2025-12-03T14:42:43.586+0000][6][safepoint   ] Safepoint "G1CollectForAllocation", Time since last: 5107262919 ns, Reaching safepoint: 256166 ns, At safepoint: 19136875 ns, Total: 19393041 ns
[2025-12-03T14:42:48.589+0000][6][safepoint   ] Safepoint "Cleanup", Time since last: 5003473086 ns, Reaching safepoint: 70750 ns, At safepoint: 3792 ns, Total: 74542 ns
[2025-12-03T14:43:02.615+0000][6][safepoint   ] Safepoint "Cleanup", Time since last: 14024312506 ns, Reaching safepoint: 346250 ns, At safepoint: 4834 ns, Total: 351084 ns
[2025-12-03T14:43:07.621+0000][6][safepoint   ] Safepoint "Cleanup", Time since last: 5005514085 ns, Reaching safepoint: 209792 ns, At safepoint: 78250 ns, Total: 288042 ns
[2025-12-03T14:43:12.633+0000][6][safepoint   ] Safepoint "Cleanup", Time since last: 5012224294 ns, Reaching safepoint: 101042 ns, At safepoint: 3458 ns, Total: 104500 ns
[2025-12-03T14:43:39.298+0000][6][gc,start    ] GC(61) Pause Young (Normal) (G1 Evacuation Pause)
[2025-12-03T14:43:39.299+0000][6][gc,task     ] GC(61) Using 8 workers of 8 for evacuation
[2025-12-03T14:43:39.300+0000][6][gc,age      ] GC(61) Desired survivor size 18874368 bytes, new threshold 15 (max threshold 15)
[2025-12-03T14:43:39.315+0000][6][gc,age      ] GC(61) Age table with threshold 15 (max threshold 15)
[2025-12-03T14:43:39.315+0000][6][gc,age      ] GC(61) - age   1:    2630496 bytes,    2630496 total
[2025-12-03T14:43:39.315+0000][6][gc,age      ] GC(61) - age   2:     535760 bytes,    3166256 total
[2025-12-03T14:43:39.315+0000][6][gc,age      ] GC(61) - age   3:     392104 bytes,    3558360 total
[2025-12-03T14:43:39.316+0000][6][gc,age      ] GC(61) - age   4:      28328 bytes,    3586688 total
[2025-12-03T14:43:39.316+0000][6][gc,age      ] GC(61) - age   5:      79272 bytes,    3665960 total
[2025-12-03T14:43:39.316+0000][6][gc,age      ] GC(61) - age   6:      23008 bytes,    3688968 total
[2025-12-03T14:43:39.316+0000][6][gc,age      ] GC(61) - age   7:      43752 bytes,    3732720 total
[2025-12-03T14:43:39.316+0000][6][gc,age      ] GC(61) - age   8:     126152 bytes,    3858872 total
[2025-12-03T14:43:39.316+0000][6][gc,age      ] GC(61) - age   9:     217408 bytes,    4076280 total
[2025-12-03T14:43:39.316+0000][6][gc,age      ] GC(61) - age  10:      12800 bytes,    4089080 total
[2025-12-03T14:43:39.316+0000][6][gc,age      ] GC(61) - age  11:      12792 bytes,    4101872 total
[2025-12-03T14:43:39.316+0000][6][gc,age      ] GC(61) - age  12:      17816 bytes,    4119688 total
[2025-12-03T14:43:39.316+0000][6][gc,age      ] GC(61) - age  13:      36080 bytes,    4155768 total
[2025-12-03T14:43:39.317+0000][6][gc,age      ] GC(61) - age  14:      86784 bytes,    4242552 total
[2025-12-03T14:43:39.317+0000][6][gc,age      ] GC(61) - age  15:      14008 bytes,    4256560 total
[2025-12-03T14:43:39.317+0000][6][gc,phases   ] GC(61)   Pre Evacuate Collection Set: 0.7ms
[2025-12-03T14:43:39.317+0000][6][gc,phases   ] GC(61)   Merge Heap Roots: 0.2ms
[2025-12-03T14:43:39.317+0000][6][gc,phases   ] GC(61)   Evacuate Collection Set: 10.2ms
[2025-12-03T14:43:39.317+0000][6][gc,phases   ] GC(61)   Post Evacuate Collection Set: 4.2ms
[2025-12-03T14:43:39.317+0000][6][gc,phases   ] GC(61)   Other: 3.7ms
[2025-12-03T14:43:39.317+0000][6][gc,heap     ] GC(61) Eden regions: 69->0(68)
[2025-12-03T14:43:39.317+0000][6][gc,heap     ] GC(61) Survivor regions: 1->2(9)
[2025-12-03T14:43:39.318+0000][6][gc,heap     ] GC(61) Old regions: 31->31
[2025-12-03T14:43:39.318+0000][6][gc,heap     ] GC(61) Archive regions: 2->2
[2025-12-03T14:43:39.318+0000][6][gc,heap     ] GC(61) Humongous regions: 2->2
[2025-12-03T14:43:39.318+0000][6][gc,metaspace] GC(61) Metaspace: 117143K(118848K)->117143K(118848K) NonClass: 102241K(103232K)->102241K(103232K) Class: 14901K(15616K)->14901K(15616K)
[2025-12-03T14:43:39.318+0000][6][gc          ] GC(61) Pause Young (Normal) (G1 Evacuation Pause) 415M->140M(512M) 19.868ms
[2025-12-03T14:43:39.318+0000][6][gc,cpu      ] GC(61) User=0.07s Sys=0.00s Real=0.02s
[2025-12-03T14:43:39.318+0000][6][safepoint   ] Safepoint "G1CollectForAllocation", Time since last: 26663245637 ns, Reaching safepoint: 759042 ns, At safepoint: 20466667 ns, Total: 21225709 ns
[2025-12-03T14:43:43.323+0000][6][safepoint   ] Safepoint "Cleanup", Time since last: 4004935627 ns, Reaching safepoint: 92500 ns, At safepoint: 3916 ns, Total: 96416 ns
[2025-12-03T14:44:04.362+0000][6][safepoint   ] Safepoint "Cleanup", Time since last: 21036906885 ns, Reaching safepoint: 353250 ns, At safepoint: 26583 ns, Total: 379833 ns
[2025-12-03T14:44:06.365+0000][6][safepoint   ] Safepoint "Cleanup", Time since last: 2003313584 ns, Reaching safepoint: 269750 ns, At safepoint: 11625 ns, Total: 281375 ns
[2025-12-03T14:44:07.368+0000][6][safepoint   ] Safepoint "Cleanup", Time since last: 1002187292 ns, Reaching safepoint: 331834 ns, At safepoint: 14666 ns, Total: 346500 ns
[2025-12-03T14:44:19.397+0000][6][safepoint   ] Safepoint "Cleanup", Time since last: 12027585048 ns, Reaching safepoint: 1489917 ns, At safepoint: 19666 ns, Total: 1509583 ns
[2025-12-03T14:44:23.409+0000][6][safepoint   ] Safepoint "Cleanup", Time since last: 4012107544 ns, Reaching safepoint: 135458 ns, At safepoint: 5417 ns, Total: 140875 ns
[2025-12-03T14:44:28.416+0000][6][safepoint   ] Safepoint "Cleanup", Time since last: 5005317959 ns, Reaching safepoint: 417500 ns, At safepoint: 24584 ns, Total: 442084 ns
[2025-12-03T14:44:31.423+0000][6][safepoint   ] Safepoint "Cleanup", Time since last: 3007174085 ns, Reaching safepoint: 251250 ns, At safepoint: 22916 ns, Total: 274166 ns
[2025-12-03T14:44:34.429+0000][6][safepoint   ] Safepoint "Cleanup", Time since last: 3005158002 ns, Reaching safepoint: 558750 ns, At safepoint: 14458 ns, Total: 573208 ns
[2025-12-03T14:44:36.530+0000][6][gc,start    ] GC(62) Pause Young (Normal) (G1 Evacuation Pause)
[2025-12-03T14:44:36.530+0000][6][gc,task     ] GC(62) Using 8 workers of 8 for evacuation
[2025-12-03T14:44:36.531+0000][6][gc,age      ] GC(62) Desired survivor size 18874368 bytes, new threshold 15 (max threshold 15)
[2025-12-03T14:44:36.539+0000][6][gc,age      ] GC(62) Age table with threshold 15 (max threshold 15)
[2025-12-03T14:44:36.539+0000][6][gc,age      ] GC(62) - age   1:    2126728 bytes,    2126728 total
[2025-12-03T14:44:36.539+0000][6][gc,age      ] GC(62) - age   2:     738840 bytes,    2865568 total
[2025-12-03T14:44:36.539+0000][6][gc,age      ] GC(62) - age   3:     531664 bytes,    3397232 total
[2025-12-03T14:44:36.539+0000][6][gc,age      ] GC(62) - age   4:     390960 bytes,    3788192 total
[2025-12-03T14:44:36.539+0000][6][gc,age      ] GC(62) - age   5:      13152 bytes,    3801344 total
[2025-12-03T14:44:36.539+0000][6][gc,age      ] GC(62) - age   6:      79016 bytes,    3880360 total
[2025-12-03T14:44:36.539+0000][6][gc,age      ] GC(62) - age   7:      22880 bytes,    3903240 total
[2025-12-03T14:44:36.539+0000][6][gc,age      ] GC(62) - age   8:      43752 bytes,    3946992 total
[2025-12-03T14:44:36.539+0000][6][gc,age      ] GC(62) - age   9:     126056 bytes,    4073048 total
[2025-12-03T14:44:36.539+0000][6][gc,age      ] GC(62) - age  10:     217408 bytes,    4290456 total
[2025-12-03T14:44:36.539+0000][6][gc,age      ] GC(62) - age  11:      12800 bytes,    4303256 total
[2025-12-03T14:44:36.539+0000][6][gc,age      ] GC(62) - age  12:      12792 bytes,    4316048 total
[2025-12-03T14:44:36.539+0000][6][gc,age      ] GC(62) - age  13:      17816 bytes,    4333864 total
[2025-12-03T14:44:36.539+0000][6][gc,age      ] GC(62) - age  14:      36080 bytes,    4369944 total
[2025-12-03T14:44:36.540+0000][6][gc,age      ] GC(62) - age  15:      86784 bytes,    4456728 total
[2025-12-03T14:44:36.540+0000][6][gc,phases   ] GC(62)   Pre Evacuate Collection Set: 0.3ms
[2025-12-03T14:44:36.540+0000][6][gc,phases   ] GC(62)   Merge Heap Roots: 0.1ms
[2025-12-03T14:44:36.540+0000][6][gc,phases   ] GC(62)   Evacuate Collection Set: 6.2ms
[2025-12-03T14:44:36.540+0000][6][gc,phases   ] GC(62)   Post Evacuate Collection Set: 1.8ms
[2025-12-03T14:44:36.540+0000][6][gc,phases   ] GC(62)   Other: 0.9ms
[2025-12-03T14:44:36.540+0000][6][gc,heap     ] GC(62) Eden regions: 68->0(68)
[2025-12-03T14:44:36.540+0000][6][gc,heap     ] GC(62) Survivor regions: 2->2(9)
[2025-12-03T14:44:36.540+0000][6][gc,heap     ] GC(62) Old regions: 31->31
[2025-12-03T14:44:36.540+0000][6][gc,heap     ] GC(62) Archive regions: 2->2
[2025-12-03T14:44:36.540+0000][6][gc,heap     ] GC(62) Humongous regions: 2->2
[2025-12-03T14:44:36.540+0000][6][gc,metaspace] GC(62) Metaspace: 117150K(118848K)->117150K(118848K) NonClass: 102249K(103232K)->102249K(103232K) Class: 14901K(15616K)->14901K(15616K)
[2025-12-03T14:44:36.540+0000][6][gc          ] GC(62) Pause Young (Normal) (G1 Evacuation Pause) 412M->140M(512M) 9.598ms
[2025-12-03T14:44:36.540+0000][6][gc,cpu      ] GC(62) User=0.04s Sys=0.00s Real=0.01s
[2025-12-03T14:44:36.540+0000][6][safepoint   ] Safepoint "G1CollectForAllocation", Time since last: 2101445543 ns, Reaching safepoint: 103083 ns, At safepoint: 9768000 ns, Total: 9871083 ns
[2025-12-03T14:44:54.562+0000][6][safepoint   ] Safepoint "Cleanup", Time since last: 18022102300 ns, Reaching safepoint: 278084 ns, At safepoint: 15500 ns, Total: 293584 ns
[2025-12-03T14:44:55.564+0000][6][safepoint   ] Safepoint "Cleanup", Time since last: 1001214333 ns, Reaching safepoint: 84625 ns, At safepoint: 5125 ns, Total: 89750 ns
[2025-12-03T14:44:57.567+0000][6][safepoint   ] Safepoint "Cleanup", Time since last: 2001881792 ns, Reaching safepoint: 73208 ns, At safepoint: 3959 ns, Total: 77167 ns
[2025-12-03T14:45:00.554+0000][6][safepoint   ] Safepoint "Cleanup", Time since last: 2986705168 ns, Reaching safepoint: 285000 ns, At safepoint: 12875 ns, Total: 297875 ns
[2025-12-03T14:45:01.555+0000][6][safepoint   ] Safepoint "Cleanup", Time since last: 1000983792 ns, Reaching safepoint: 216833 ns, At safepoint: 4625 ns, Total: 221458 ns
[2025-12-03T14:45:06.565+0000][6][safepoint   ] Safepoint "Cleanup", Time since last: 5009941086 ns, Reaching safepoint: 73667 ns, At safepoint: 2250 ns, Total: 75917 ns
[2025-12-03T14:45:12.972+0000][6][safepoint   ] Safepoint "Cleanup", Time since last: 6406290628 ns, Reaching safepoint: 556125 ns, At safepoint: 18208 ns, Total: 574333 ns
[2025-12-03T14:45:16.979+0000][6][safepoint   ] Safepoint "Cleanup", Time since last: 4006073752 ns, Reaching safepoint: 399708 ns, At safepoint: 20250 ns, Total: 419958 ns
[2025-12-03T14:45:22.863+0000][6][safepoint   ] Safepoint "Cleanup", Time since last: 5884385128 ns, Reaching safepoint: 347417 ns, At safepoint: 42791 ns, Total: 390208 ns
[2025-12-03T14:45:24.548+0000][6][gc,start    ] GC(63) Pause Young (Normal) (G1 Evacuation Pause)
[2025-12-03T14:45:24.548+0000][6][gc,task     ] GC(63) Using 8 workers of 8 for evacuation
[2025-12-03T14:45:24.549+0000][6][gc,age      ] GC(63) Desired survivor size 18874368 bytes, new threshold 15 (max threshold 15)
[2025-12-03T14:45:24.554+0000][6][gc,age      ] GC(63) Age table with threshold 15 (max threshold 15)
[2025-12-03T14:45:24.554+0000][6][gc,age      ] GC(63) - age   1:    1038960 bytes,    1038960 total
[2025-12-03T14:45:24.554+0000][6][gc,age      ] GC(63) - age   2:      47848 bytes,    1086808 total
[2025-12-03T14:45:24.554+0000][6][gc,age      ] GC(63) - age   3:     732848 bytes,    1819656 total
[2025-12-03T14:45:24.554+0000][6][gc,age      ] GC(63) - age   4:     530512 bytes,    2350168 total
[2025-12-03T14:45:24.554+0000][6][gc,age      ] GC(63) - age   5:     237432 bytes,    2587600 total
[2025-12-03T14:45:24.554+0000][6][gc,age      ] GC(63) - age   6:      12736 bytes,    2600336 total
[2025-12-03T14:45:24.554+0000][6][gc,age      ] GC(63) - age   7:      78920 bytes,    2679256 total
[2025-12-03T14:45:24.554+0000][6][gc,age      ] GC(63) - age   8:      22880 bytes,    2702136 total
[2025-12-03T14:45:24.554+0000][6][gc,age      ] GC(63) - age   9:      43752 bytes,    2745888 total
[2025-12-03T14:45:24.554+0000][6][gc,age      ] GC(63) - age  10:     126056 bytes,    2871944 total
[2025-12-03T14:45:24.554+0000][6][gc,age      ] GC(63) - age  11:     217408 bytes,    3089352 total
[2025-12-03T14:45:24.554+0000][6][gc,age      ] GC(63) - age  12:      12800 bytes,    3102152 total
[2025-12-03T14:45:24.555+0000][6][gc,age      ] GC(63) - age  13:      12792 bytes,    3114944 total
[2025-12-03T14:45:24.555+0000][6][gc,age      ] GC(63) - age  14:      17816 bytes,    3132760 total
[2025-12-03T14:45:24.555+0000][6][gc,age      ] GC(63) - age  15:      36080 bytes,    3168840 total
[2025-12-03T14:45:24.555+0000][6][gc,phases   ] GC(63)   Pre Evacuate Collection Set: 0.2ms
[2025-12-03T14:45:24.555+0000][6][gc,phases   ] GC(63)   Merge Heap Roots: 0.1ms
[2025-12-03T14:45:24.555+0000][6][gc,phases   ] GC(63)   Evacuate Collection Set: 3.5ms
[2025-12-03T14:45:24.555+0000][6][gc,phases   ] GC(63)   Post Evacuate Collection Set: 1.5ms
[2025-12-03T14:45:24.555+0000][6][gc,phases   ] GC(63)   Other: 1.0ms
[2025-12-03T14:45:24.555+0000][6][gc,heap     ] GC(63) Eden regions: 68->0(70)
[2025-12-03T14:45:24.555+0000][6][gc,heap     ] GC(63) Survivor regions: 2->1(9)
[2025-12-03T14:45:24.555+0000][6][gc,heap     ] GC(63) Old regions: 31->31
[2025-12-03T14:45:24.555+0000][6][gc,heap     ] GC(63) Archive regions: 2->2
[2025-12-03T14:45:24.555+0000][6][gc,heap     ] GC(63) Humongous regions: 2->2
[2025-12-03T14:45:24.555+0000][6][gc,metaspace] GC(63) Metaspace: 117168K(118848K)->117168K(118848K) NonClass: 102266K(103232K)->102266K(103232K) Class: 14902K(15616K)->14902K(15616K)
[2025-12-03T14:45:24.555+0000][6][gc          ] GC(63) Pause Young (Normal) (G1 Evacuation Pause) 412M->139M(512M) 6.713ms
[2025-12-03T14:45:24.555+0000][6][gc,cpu      ] GC(63) User=0.03s Sys=0.00s Real=0.00s
[2025-12-03T14:45:24.555+0000][6][safepoint   ] Safepoint "G1CollectForAllocation", Time since last: 1684956335 ns, Reaching safepoint: 64375 ns, At safepoint: 6892083 ns, Total: 6956458 ns
[2025-12-03T14:45:46.578+0000][6][safepoint   ] Safepoint "Cleanup", Time since last: 22022186676 ns, Reaching safepoint: 418959 ns, At safepoint: 23750 ns, Total: 442709 ns
[2025-12-03T14:45:49.585+0000][6][safepoint   ] Safepoint "Cleanup", Time since last: 3006008793 ns, Reaching safepoint: 138125 ns, At safepoint: 7167 ns, Total: 145292 ns
[2025-12-03T14:45:51.587+0000][6][safepoint   ] Safepoint "Cleanup", Time since last: 2002347209 ns, Reaching safepoint: 64792 ns, At safepoint: 3250 ns, Total: 68042 ns
[2025-12-03T14:45:52.589+0000][6][safepoint   ] Safepoint "Cleanup", Time since last: 1001668833 ns, Reaching safepoint: 94334 ns, At safepoint: 11916 ns, Total: 106250 ns
[2025-12-03T14:46:06.634+0000][6][safepoint   ] Safepoint "Cleanup", Time since last: 14043719006 ns, Reaching safepoint: 377292 ns, At safepoint: 8208 ns, Total: 385500 ns
[2025-12-03T14:46:21.640+0000][6][gc,start    ] GC(64) Pause Young (Normal) (G1 Evacuation Pause)
[2025-12-03T14:46:21.641+0000][6][gc,task     ] GC(64) Using 8 workers of 8 for evacuation
[2025-12-03T14:46:21.641+0000][6][gc,age      ] GC(64) Desired survivor size 18874368 bytes, new threshold 15 (max threshold 15)
[2025-12-03T14:46:21.647+0000][6][gc,age      ] GC(64) Age table with threshold 15 (max threshold 15)
[2025-12-03T14:46:21.647+0000][6][gc,age      ] GC(64) - age   1:    2791952 bytes,    2791952 total
[2025-12-03T14:46:21.647+0000][6][gc,age      ] GC(64) - age   2:     385816 bytes,    3177768 total
[2025-12-03T14:46:21.647+0000][6][gc,age      ] GC(64) - age   3:      41040 bytes,    3218808 total
[2025-12-03T14:46:21.647+0000][6][gc,age      ] GC(64) - age   4:     226808 bytes,    3445616 total
[2025-12-03T14:46:21.647+0000][6][gc,age      ] GC(64) - age   5:      29048 bytes,    3474664 total
[2025-12-03T14:46:21.647+0000][6][gc,age      ] GC(64) - age   6:     237064 bytes,    3711728 total
[2025-12-03T14:46:21.647+0000][6][gc,age      ] GC(64) - age   7:      12736 bytes,    3724464 total
[2025-12-03T14:46:21.647+0000][6][gc,age      ] GC(64) - age   8:      78920 bytes,    3803384 total
[2025-12-03T14:46:21.647+0000][6][gc,age      ] GC(64) - age   9:      22880 bytes,    3826264 total
[2025-12-03T14:46:21.647+0000][6][gc,age      ] GC(64) - age  10:      43752 bytes,    3870016 total
[2025-12-03T14:46:21.647+0000][6][gc,age      ] GC(64) - age  11:     126056 bytes,    3996072 total
[2025-12-03T14:46:21.647+0000][6][gc,age      ] GC(64) - age  12:     217408 bytes,    4213480 total
[2025-12-03T14:46:21.648+0000][6][gc,age      ] GC(64) - age  13:      12800 bytes,    4226280 total
[2025-12-03T14:46:21.648+0000][6][gc,age      ] GC(64) - age  14:      12792 bytes,    4239072 total
[2025-12-03T14:46:21.648+0000][6][gc,age      ] GC(64) - age  15:      17816 bytes,    4256888 total
[2025-12-03T14:46:21.648+0000][6][gc,phases   ] GC(64)   Pre Evacuate Collection Set: 0.2ms
[2025-12-03T14:46:21.648+0000][6][gc,phases   ] GC(64)   Merge Heap Roots: 0.1ms
[2025-12-03T14:46:21.648+0000][6][gc,phases   ] GC(64)   Evacuate Collection Set: 4.4ms
[2025-12-03T14:46:21.648+0000][6][gc,phases   ] GC(64)   Post Evacuate Collection Set: 1.5ms
[2025-12-03T14:46:21.648+0000][6][gc,phases   ] GC(64)   Other: 1.9ms
[2025-12-03T14:46:21.648+0000][6][gc,heap     ] GC(64) Eden regions: 70->0(67)
[2025-12-03T14:46:21.648+0000][6][gc,heap     ] GC(64) Survivor regions: 1->2(9)
[2025-12-03T14:46:21.648+0000][6][gc,heap     ] GC(64) Old regions: 31->32
[2025-12-03T14:46:21.648+0000][6][gc,heap     ] GC(64) Archive regions: 2->2
[2025-12-03T14:46:21.648+0000][6][gc,heap     ] GC(64) Humongous regions: 2->2
[2025-12-03T14:46:21.648+0000][6][gc,metaspace] GC(64) Metaspace: 117175K(118848K)->117175K(118848K) NonClass: 102273K(103232K)->102273K(103232K) Class: 14902K(15616K)->14902K(15616K)
[2025-12-03T14:46:21.648+0000][6][gc          ] GC(64) Pause Young (Normal) (G1 Evacuation Pause) 419M->140M(512M) 8.177ms
[2025-12-03T14:46:21.648+0000][6][gc,cpu      ] GC(64) User=0.04s Sys=0.00s Real=0.01s
[2025-12-03T14:46:21.648+0000][6][safepoint   ] Safepoint "G1CollectForAllocation", Time since last: 15005459758 ns, Reaching safepoint: 95958 ns, At safepoint: 8298375 ns, Total: 8394333 ns
[2025-12-03T14:46:22.650+0000][6][safepoint   ] Safepoint "Cleanup", Time since last: 1001863959 ns, Reaching safepoint: 66583 ns, At safepoint: 3042 ns, Total: 69625 ns
[2025-12-03T14:46:24.653+0000][6][safepoint   ] Safepoint "Cleanup", Time since last: 2003301084 ns, Reaching safepoint: 90958 ns, At safepoint: 4125 ns, Total: 95083 ns
[2025-12-03T14:46:26.657+0000][6][safepoint   ] Safepoint "Cleanup", Time since last: 2002632418 ns, Reaching safepoint: 246750 ns, At safepoint: 7125 ns, Total: 253875 ns
[2025-12-03T14:46:34.668+0000][6][safepoint   ] Safepoint "Cleanup", Time since last: 8010914128 ns, Reaching safepoint: 142125 ns, At safepoint: 10917 ns, Total: 153042 ns
[2025-12-03T14:46:37.674+0000][6][safepoint   ] Safepoint "Cleanup", Time since last: 3005728127 ns, Reaching safepoint: 808250 ns, At safepoint: 22250 ns, Total: 830500 ns
[2025-12-03T14:46:42.680+0000][6][safepoint   ] Safepoint "Cleanup", Time since last: 5005091710 ns, Reaching safepoint: 201042 ns, At safepoint: 5708 ns, Total: 206750 ns
[2025-12-03T14:46:57.716+0000][6][safepoint   ] Safepoint "Cleanup", Time since last: 15035092756 ns, Reaching safepoint: 151417 ns, At safepoint: 9208 ns, Total: 160625 ns
[2025-12-03T14:47:00.576+0000][6][gc,start    ] GC(65) Pause Young (Normal) (G1 Evacuation Pause)
[2025-12-03T14:47:00.576+0000][6][gc,task     ] GC(65) Using 8 workers of 8 for evacuation
[2025-12-03T14:47:00.576+0000][6][gc,age      ] GC(65) Desired survivor size 18874368 bytes, new threshold 15 (max threshold 15)
[2025-12-03T14:47:00.582+0000][6][gc,age      ] GC(65) Age table with threshold 15 (max threshold 15)
[2025-12-03T14:47:00.582+0000][6][gc,age      ] GC(65) - age   1:    1369816 bytes,    1369816 total
[2025-12-03T14:47:00.582+0000][6][gc,age      ] GC(65) - age   2:    1254840 bytes,    2624656 total
[2025-12-03T14:47:00.582+0000][6][gc,age      ] GC(65) - age   3:     231848 bytes,    2856504 total
[2025-12-03T14:47:00.582+0000][6][gc,age      ] GC(65) - age   4:      39904 bytes,    2896408 total
[2025-12-03T14:47:00.582+0000][6][gc,age      ] GC(65) - age   5:     173432 bytes,    3069840 total
[2025-12-03T14:47:00.582+0000][6][gc,age      ] GC(65) - age   6:      24248 bytes,    3094088 total
[2025-12-03T14:47:00.582+0000][6][gc,age      ] GC(65) - age   7:     236680 bytes,    3330768 total
[2025-12-03T14:47:00.582+0000][6][gc,age      ] GC(65) - age   8:      12736 bytes,    3343504 total
[2025-12-03T14:47:00.582+0000][6][gc,age      ] GC(65) - age   9:      78920 bytes,    3422424 total
[2025-12-03T14:47:00.583+0000][6][gc,age      ] GC(65) - age  10:      22880 bytes,    3445304 total
[2025-12-03T14:47:00.583+0000][6][gc,age      ] GC(65) - age  11:      43752 bytes,    3489056 total
[2025-12-03T14:47:00.583+0000][6][gc,age      ] GC(65) - age  12:     126056 bytes,    3615112 total
[2025-12-03T14:47:00.583+0000][6][gc,age      ] GC(65) - age  13:     217408 bytes,    3832520 total
[2025-12-03T14:47:00.583+0000][6][gc,age      ] GC(65) - age  14:      12800 bytes,    3845320 total
[2025-12-03T14:47:00.583+0000][6][gc,age      ] GC(65) - age  15:      12792 bytes,    3858112 total
[2025-12-03T14:47:00.583+0000][6][gc,phases   ] GC(65)   Pre Evacuate Collection Set: 0.2ms
[2025-12-03T14:47:00.583+0000][6][gc,phases   ] GC(65)   Merge Heap Roots: 0.1ms
[2025-12-03T14:47:00.583+0000][6][gc,phases   ] GC(65)   Evacuate Collection Set: 4.1ms
[2025-12-03T14:47:00.583+0000][6][gc,phases   ] GC(65)   Post Evacuate Collection Set: 1.5ms
[2025-12-03T14:47:00.583+0000][6][gc,phases   ] GC(65)   Other: 1.2ms
[2025-12-03T14:47:00.583+0000][6][gc,heap     ] GC(65) Eden regions: 67->0(69)
[2025-12-03T14:47:00.583+0000][6][gc,heap     ] GC(65) Survivor regions: 2->1(9)
[2025-12-03T14:47:00.583+0000][6][gc,heap     ] GC(65) Old regions: 32->32
[2025-12-03T14:47:00.583+0000][6][gc,heap     ] GC(65) Archive regions: 2->2
[2025-12-03T14:47:00.583+0000][6][gc,heap     ] GC(65) Humongous regions: 2->2
[2025-12-03T14:47:00.583+0000][6][gc,metaspace] GC(65) Metaspace: 117193K(118912K)->117193K(118912K) NonClass: 102290K(103296K)->102290K(103296K) Class: 14902K(15616K)->14902K(15616K)
[2025-12-03T14:47:00.583+0000][6][gc          ] GC(65) Pause Young (Normal) (G1 Evacuation Pause) 408M->139M(512M) 7.507ms
[2025-12-03T14:47:00.583+0000][6][gc,cpu      ] GC(65) User=0.04s Sys=0.00s Real=0.01s
[2025-12-03T14:47:00.583+0000][6][safepoint   ] Safepoint "G1CollectForAllocation", Time since last: 2859754919 ns, Reaching safepoint: 55291 ns, At safepoint: 7684292 ns, Total: 7739583 ns
[2025-12-03T14:47:02.586+0000][6][safepoint   ] Safepoint "Cleanup", Time since last: 2002209376 ns, Reaching safepoint: 143166 ns, At safepoint: 3000 ns, Total: 146166 ns
[2025-12-03T14:47:04.588+0000][6][safepoint   ] Safepoint "Cleanup", Time since last: 2001540668 ns, Reaching safepoint: 337708 ns, At safepoint: 7542 ns, Total: 345250 ns
[2025-12-03T14:47:06.591+0000][6][safepoint   ] Safepoint "Cleanup", Time since last: 2003699876 ns, Reaching safepoint: 98500 ns, At safepoint: 7625 ns, Total: 106125 ns
[2025-12-03T14:47:13.600+0000][6][safepoint   ] Safepoint "Cleanup", Time since last: 7008033462 ns, Reaching safepoint: 399083 ns, At safepoint: 31167 ns, Total: 430250 ns
[2025-12-03T14:47:25.616+0000][6][safepoint   ] Safepoint "Cleanup", Time since last: 12015843047 ns, Reaching safepoint: 304667 ns, At safepoint: 14333 ns, Total: 319000 ns
[2025-12-03T14:47:28.623+0000][6][safepoint   ] Safepoint "Cleanup", Time since last: 3005383626 ns, Reaching safepoint: 179959 ns, At safepoint: 16458 ns, Total: 196417 ns
[2025-12-03T14:47:42.643+0000][6][safepoint   ] Safepoint "Cleanup", Time since last: 14019658423 ns, Reaching safepoint: 323250 ns, At safepoint: 11834 ns, Total: 335084 ns
[2025-12-03T14:47:46.124+0000][6][gc,start    ] GC(66) Pause Young (Normal) (G1 Evacuation Pause)
[2025-12-03T14:47:46.124+0000][6][gc,task     ] GC(66) Using 8 workers of 8 for evacuation
[2025-12-03T14:47:46.124+0000][6][gc,age      ] GC(66) Desired survivor size 18874368 bytes, new threshold 15 (max threshold 15)
[2025-12-03T14:47:46.136+0000][6][gc,age      ] GC(66) Age table with threshold 15 (max threshold 15)
[2025-12-03T14:47:46.136+0000][6][gc,age      ] GC(66) - age   1:    2644584 bytes,    2644584 total
[2025-12-03T14:47:46.137+0000][6][gc,age      ] GC(66) - age   2:      92368 bytes,    2736952 total
[2025-12-03T14:47:46.137+0000][6][gc,age      ] GC(66) - age   3:    1094080 bytes,    3831032 total
[2025-12-03T14:47:46.137+0000][6][gc,age      ] GC(66) - age   4:     231112 bytes,    4062144 total
[2025-12-03T14:47:46.137+0000][6][gc,age      ] GC(66) - age   5:      39520 bytes,    4101664 total
[2025-12-03T14:47:46.137+0000][6][gc,age      ] GC(66) - age   6:      92152 bytes,    4193816 total
[2025-12-03T14:47:46.137+0000][6][gc,age      ] GC(66) - age   7:      24248 bytes,    4218064 total
[2025-12-03T14:47:46.137+0000][6][gc,age      ] GC(66) - age   8:     236616 bytes,    4454680 total
[2025-12-03T14:47:46.137+0000][6][gc,age      ] GC(66) - age   9:      12736 bytes,    4467416 total
[2025-12-03T14:47:46.137+0000][6][gc,age      ] GC(66) - age  10:      78920 bytes,    4546336 total
[2025-12-03T14:47:46.137+0000][6][gc,age      ] GC(66) - age  11:      22880 bytes,    4569216 total
[2025-12-03T14:47:46.137+0000][6][gc,age      ] GC(66) - age  12:      43752 bytes,    4612968 total
[2025-12-03T14:47:46.137+0000][6][gc,age      ] GC(66) - age  13:     126056 bytes,    4739024 total
[2025-12-03T14:47:46.137+0000][6][gc,age      ] GC(66) - age  14:     217408 bytes,    4956432 total
[2025-12-03T14:47:46.137+0000][6][gc,age      ] GC(66) - age  15:      12800 bytes,    4969232 total
[2025-12-03T14:47:46.137+0000][6][gc,phases   ] GC(66)   Pre Evacuate Collection Set: 0.3ms
[2025-12-03T14:47:46.137+0000][6][gc,phases   ] GC(66)   Merge Heap Roots: 0.1ms
[2025-12-03T14:47:46.137+0000][6][gc,phases   ] GC(66)   Evacuate Collection Set: 8.9ms
[2025-12-03T14:47:46.137+0000][6][gc,phases   ] GC(66)   Post Evacuate Collection Set: 2.2ms
[2025-12-03T14:47:46.137+0000][6][gc,phases   ] GC(66)   Other: 1.8ms
[2025-12-03T14:47:46.138+0000][6][gc,heap     ] GC(66) Eden regions: 69->0(68)
[2025-12-03T14:47:46.138+0000][6][gc,heap     ] GC(66) Survivor regions: 1->2(9)
[2025-12-03T14:47:46.138+0000][6][gc,heap     ] GC(66) Old regions: 32->32
[2025-12-03T14:47:46.138+0000][6][gc,heap     ] GC(66) Archive regions: 2->2
[2025-12-03T14:47:46.138+0000][6][gc,heap     ] GC(66) Humongous regions: 2->2
[2025-12-03T14:47:46.138+0000][6][gc,metaspace] GC(66) Metaspace: 117198K(118912K)->117198K(118912K) NonClass: 102296K(103296K)->102296K(103296K) Class: 14902K(15616K)->14902K(15616K)
[2025-12-03T14:47:46.138+0000][6][gc          ] GC(66) Pause Young (Normal) (G1 Evacuation Pause) 415M->141M(512M) 14.029ms
[2025-12-03T14:47:46.138+0000][6][gc,cpu      ] GC(66) User=0.04s Sys=0.00s Real=0.01s
[2025-12-03T14:47:46.138+0000][6][safepoint   ] Safepoint "G1CollectForAllocation", Time since last: 3480818335 ns, Reaching safepoint: 122250 ns, At safepoint: 14280208 ns, Total: 14402458 ns
[2025-12-03T14:47:53.151+0000][6][safepoint   ] Safepoint "Cleanup", Time since last: 7012748170 ns, Reaching safepoint: 242167 ns, At safepoint: 10916 ns, Total: 253083 ns
[2025-12-03T14:47:55.155+0000][6][safepoint   ] Safepoint "Cleanup", Time since last: 2003802293 ns, Reaching safepoint: 344458 ns, At safepoint: 29917 ns, Total: 374375 ns
[2025-12-03T14:47:58.166+0000][6][safepoint   ] Safepoint "Cleanup", Time since last: 3009622167 ns, Reaching safepoint: 264750 ns, At safepoint: 26125 ns, Total: 290875 ns
[2025-12-03T14:48:01.178+0000][6][safepoint   ] Safepoint "Cleanup", Time since last: 3012222626 ns, Reaching safepoint: 105334 ns, At safepoint: 4541 ns, Total: 109875 ns
[2025-12-03T14:48:05.186+0000][6][safepoint   ] Safepoint "Cleanup", Time since last: 4007585669 ns, Reaching safepoint: 207208 ns, At safepoint: 10125 ns, Total: 217333 ns
[2025-12-03T14:48:06.194+0000][6][safepoint   ] Safepoint "Cleanup", Time since last: 1006522584 ns, Reaching safepoint: 1902167 ns, At safepoint: 17417 ns, Total: 1919584 ns
[2025-12-03T14:48:10.209+0000][6][safepoint   ] Safepoint "Cleanup", Time since last: 4012401668 ns, Reaching safepoint: 2046875 ns, At safepoint: 43583 ns, Total: 2090458 ns
[2025-12-03T14:48:13.224+0000][6][safepoint   ] Safepoint "Cleanup", Time since last: 3015184502 ns, Reaching safepoint: 127750 ns, At safepoint: 6792 ns, Total: 134542 ns
[2025-12-03T14:48:19.537+0000][6][safepoint   ] Safepoint "Cleanup", Time since last: 6312612961 ns, Reaching safepoint: 308708 ns, At safepoint: 10167 ns, Total: 318875 ns
[2025-12-03T14:48:22.542+0000][6][safepoint   ] Safepoint "Cleanup", Time since last: 3003957001 ns, Reaching safepoint: 1080584 ns, At safepoint: 5958 ns, Total: 1086542 ns
[2025-12-03T14:48:24.545+0000][6][safepoint   ] Safepoint "Cleanup", Time since last: 2002466918 ns, Reaching safepoint: 551375 ns, At safepoint: 11708 ns, Total: 563083 ns
[2025-12-03T14:48:25.547+0000][6][safepoint   ] Safepoint "Cleanup", Time since last: 1001628750 ns, Reaching safepoint: 71125 ns, At safepoint: 4375 ns, Total: 75500 ns
[2025-12-03T14:48:27.552+0000][6][safepoint   ] Safepoint "Cleanup", Time since last: 2004004250 ns, Reaching safepoint: 195292 ns, At safepoint: 8292 ns, Total: 203584 ns
[2025-12-03T14:48:27.612+0000][6][gc,start    ] GC(67) Pause Young (Normal) (G1 Evacuation Pause)
[2025-12-03T14:48:27.612+0000][6][gc,task     ] GC(67) Using 8 workers of 8 for evacuation
[2025-12-03T14:48:27.612+0000][6][gc,age      ] GC(67) Desired survivor size 18874368 bytes, new threshold 15 (max threshold 15)
[2025-12-03T14:48:27.629+0000][6][gc,age      ] GC(67) Age table with threshold 15 (max threshold 15)
[2025-12-03T14:48:27.629+0000][6][gc,age      ] GC(67) - age   1:    1320848 bytes,    1320848 total
[2025-12-03T14:48:27.629+0000][6][gc,age      ] GC(67) - age   2:     181984 bytes,    1502832 total
[2025-12-03T14:48:27.629+0000][6][gc,age      ] GC(67) - age   3:      90144 bytes,    1592976 total
[2025-12-03T14:48:27.629+0000][6][gc,age      ] GC(67) - age   4:     594304 bytes,    2187280 total
[2025-12-03T14:48:27.629+0000][6][gc,age      ] GC(67) - age   5:     110552 bytes,    2297832 total
[2025-12-03T14:48:27.630+0000][6][gc,age      ] GC(67) - age   6:      22208 bytes,    2320040 total
[2025-12-03T14:48:27.630+0000][6][gc,age      ] GC(67) - age   7:      92152 bytes,    2412192 total
[2025-12-03T14:48:27.630+0000][6][gc,age      ] GC(67) - age   8:      24248 bytes,    2436440 total
[2025-12-03T14:48:27.630+0000][6][gc,age      ] GC(67) - age   9:     236616 bytes,    2673056 total
[2025-12-03T14:48:27.630+0000][6][gc,age      ] GC(67) - age  10:      12736 bytes,    2685792 total
[2025-12-03T14:48:27.630+0000][6][gc,age      ] GC(67) - age  11:      78920 bytes,    2764712 total
[2025-12-03T14:48:27.630+0000][6][gc,age      ] GC(67) - age  12:      22880 bytes,    2787592 total
[2025-12-03T14:48:27.630+0000][6][gc,age      ] GC(67) - age  13:      43552 bytes,    2831144 total
[2025-12-03T14:48:27.630+0000][6][gc,age      ] GC(67) - age  14:     126056 bytes,    2957200 total
[2025-12-03T14:48:27.630+0000][6][gc,age      ] GC(67) - age  15:     217408 bytes,    3174608 total
[2025-12-03T14:48:27.631+0000][6][gc,phases   ] GC(67)   Pre Evacuate Collection Set: 0.6ms
[2025-12-03T14:48:27.631+0000][6][gc,phases   ] GC(67)   Merge Heap Roots: 0.2ms
[2025-12-03T14:48:27.631+0000][6][gc,phases   ] GC(67)   Evacuate Collection Set: 11.5ms
[2025-12-03T14:48:27.631+0000][6][gc,phases   ] GC(67)   Post Evacuate Collection Set: 3.2ms
[2025-12-03T14:48:27.631+0000][6][gc,phases   ] GC(67)   Other: 3.4ms
[2025-12-03T14:48:27.631+0000][6][gc,heap     ] GC(67) Eden regions: 68->0(69)
[2025-12-03T14:48:27.631+0000][6][gc,heap     ] GC(67) Survivor regions: 2->1(9)
[2025-12-03T14:48:27.631+0000][6][gc,heap     ] GC(67) Old regions: 32->32
[2025-12-03T14:48:27.631+0000][6][gc,heap     ] GC(67) Archive regions: 2->2
[2025-12-03T14:48:27.631+0000][6][gc,heap     ] GC(67) Humongous regions: 2->2
[2025-12-03T14:48:27.632+0000][6][gc,metaspace] GC(67) Metaspace: 117231K(118912K)->117231K(118912K) NonClass: 102326K(103296K)->102326K(103296K) Class: 14904K(15616K)->14904K(15616K)
[2025-12-03T14:48:27.632+0000][6][gc          ] GC(67) Pause Young (Normal) (G1 Evacuation Pause) 413M->139M(512M) 19.866ms
[2025-12-03T14:48:27.632+0000][6][gc,cpu      ] GC(67) User=0.08s Sys=0.00s Real=0.02s
[2025-12-03T14:48:27.632+0000][6][safepoint   ] Safepoint "G1CollectForAllocation", Time since last: 58954500 ns, Reaching safepoint: 268000 ns, At safepoint: 20230125 ns, Total: 20498125 ns
[2025-12-03T14:48:51.670+0000][6][safepoint   ] Safepoint "Cleanup", Time since last: 24037144720 ns, Reaching safepoint: 730958 ns, At safepoint: 6542 ns, Total: 737500 ns
[2025-12-03T14:48:52.671+0000][6][safepoint   ] Safepoint "Cleanup", Time since last: 1001082917 ns, Reaching safepoint: 48166 ns, At safepoint: 2542 ns, Total: 50708 ns
[2025-12-03T14:49:05.685+0000][6][safepoint   ] Safepoint "Cleanup", Time since last: 13012938630 ns, Reaching safepoint: 306417 ns, At safepoint: 6000 ns, Total: 312417 ns
[2025-12-03T14:49:06.688+0000][6][safepoint   ] Safepoint "Cleanup", Time since last: 1002696250 ns, Reaching safepoint: 94292 ns, At safepoint: 7167 ns, Total: 101459 ns
[2025-12-03T14:49:08.690+0000][6][safepoint   ] Safepoint "Cleanup", Time since last: 2002293459 ns, Reaching safepoint: 252583 ns, At safepoint: 17959 ns, Total: 270542 ns
[2025-12-03T14:49:10.693+0000][6][safepoint   ] Safepoint "Cleanup", Time since last: 2002432042 ns, Reaching safepoint: 142417 ns, At safepoint: 9042 ns, Total: 151459 ns
[2025-12-03T14:49:12.633+0000][6][gc,start    ] GC(68) Pause Young (Normal) (G1 Evacuation Pause)
[2025-12-03T14:49:12.634+0000][6][gc,task     ] GC(68) Using 8 workers of 8 for evacuation
[2025-12-03T14:49:12.634+0000][6][gc,age      ] GC(68) Desired survivor size 18874368 bytes, new threshold 15 (max threshold 15)
[2025-12-03T14:49:12.648+0000][6][gc,age      ] GC(68) Age table with threshold 15 (max threshold 15)
[2025-12-03T14:49:12.649+0000][6][gc,age      ] GC(68) - age   1:    2004208 bytes,    2004208 total
[2025-12-03T14:49:12.649+0000][6][gc,age      ] GC(68) - age   2:     674544 bytes,    2678752 total
[2025-12-03T14:49:12.649+0000][6][gc,age      ] GC(68) - age   3:     175312 bytes,    2854064 total
[2025-12-03T14:49:12.649+0000][6][gc,age      ] GC(68) - age   4:      89760 bytes,    2943824 total
[2025-12-03T14:49:12.649+0000][6][gc,age      ] GC(68) - age   5:     593464 bytes,    3537288 total
[2025-12-03T14:49:12.649+0000][6][gc,age      ] GC(68) - age   6:      57848 bytes,    3595136 total
[2025-12-03T14:49:12.649+0000][6][gc,age      ] GC(68) - age   7:      22208 bytes,    3617344 total
[2025-12-03T14:49:12.649+0000][6][gc,age      ] GC(68) - age   8:      92152 bytes,    3709496 total
[2025-12-03T14:49:12.649+0000][6][gc,age      ] GC(68) - age   9:      24248 bytes,    3733744 total
[2025-12-03T14:49:12.649+0000][6][gc,age      ] GC(68) - age  10:     236616 bytes,    3970360 total
[2025-12-03T14:49:12.649+0000][6][gc,age      ] GC(68) - age  11:      12736 bytes,    3983096 total
[2025-12-03T14:49:12.649+0000][6][gc,age      ] GC(68) - age  12:      78920 bytes,    4062016 total
[2025-12-03T14:49:12.650+0000][6][gc,age      ] GC(68) - age  13:      22880 bytes,    4084896 total
[2025-12-03T14:49:12.650+0000][6][gc,age      ] GC(68) - age  14:      43552 bytes,    4128448 total
[2025-12-03T14:49:12.650+0000][6][gc,age      ] GC(68) - age  15:     126056 bytes,    4254504 total
[2025-12-03T14:49:12.650+0000][6][gc,phases   ] GC(68)   Pre Evacuate Collection Set: 0.2ms
[2025-12-03T14:49:12.650+0000][6][gc,phases   ] GC(68)   Merge Heap Roots: 0.1ms
[2025-12-03T14:49:12.650+0000][6][gc,phases   ] GC(68)   Evacuate Collection Set: 7.6ms
[2025-12-03T14:49:12.650+0000][6][gc,phases   ] GC(68)   Post Evacuate Collection Set: 6.7ms
[2025-12-03T14:49:12.650+0000][6][gc,phases   ] GC(68)   Other: 1.8ms
[2025-12-03T14:49:12.650+0000][6][gc,heap     ] GC(68) Eden regions: 69->0(68)
[2025-12-03T14:49:12.650+0000][6][gc,heap     ] GC(68) Survivor regions: 1->2(9)
[2025-12-03T14:49:12.650+0000][6][gc,heap     ] GC(68) Old regions: 32->32
[2025-12-03T14:49:12.650+0000][6][gc,heap     ] GC(68) Archive regions: 2->2
[2025-12-03T14:49:12.650+0000][6][gc,heap     ] GC(68) Humongous regions: 2->2
[2025-12-03T14:49:12.650+0000][6][gc,metaspace] GC(68) Metaspace: 117239K(118912K)->117239K(118912K) NonClass: 102334K(103296K)->102334K(103296K) Class: 14904K(15616K)->14904K(15616K)
[2025-12-03T14:49:12.650+0000][6][gc          ] GC(68) Pause Young (Normal) (G1 Evacuation Pause) 415M->140M(512M) 16.879ms
[2025-12-03T14:49:12.650+0000][6][gc,cpu      ] GC(68) User=0.08s Sys=0.00s Real=0.01s
[2025-12-03T14:49:12.650+0000][6][safepoint   ] Safepoint "G1CollectForAllocation", Time since last: 1940459709 ns, Reaching safepoint: 94500 ns, At safepoint: 17110125 ns, Total: 17204625 ns
[2025-12-03T14:49:22.663+0000][6][safepoint   ] Safepoint "Cleanup", Time since last: 10012829588 ns, Reaching safepoint: 217167 ns, At safepoint: 5041 ns, Total: 222208 ns
[2025-12-03T14:49:23.666+0000][6][safepoint   ] Safepoint "Cleanup", Time since last: 1002306793 ns, Reaching safepoint: 415708 ns, At safepoint: 17292 ns, Total: 433000 ns
[2025-12-03T14:49:27.673+0000][6][safepoint   ] Safepoint "Cleanup", Time since last: 4005513084 ns, Reaching safepoint: 538792 ns, At safepoint: 4292 ns, Total: 543084 ns
[2025-12-03T14:49:30.678+0000][6][safepoint   ] Safepoint "Cleanup", Time since last: 3005033626 ns, Reaching safepoint: 202125 ns, At safepoint: 10959 ns, Total: 213084 ns
[2025-12-03T14:49:32.682+0000][6][safepoint   ] Safepoint "Cleanup", Time since last: 2003198876 ns, Reaching safepoint: 96708 ns, At safepoint: 3625 ns, Total: 100333 ns
[2025-12-03T14:49:36.687+0000][6][safepoint   ] Safepoint "Cleanup", Time since last: 4004953293 ns, Reaching safepoint: 124584 ns, At safepoint: 4125 ns, Total: 128709 ns
[2025-12-03T14:49:40.696+0000][6][safepoint   ] Safepoint "Cleanup", Time since last: 4008561043 ns, Reaching safepoint: 362625 ns, At safepoint: 26084 ns, Total: 388709 ns
[2025-12-03T14:49:46.716+0000][6][safepoint   ] Safepoint "Cleanup", Time since last: 6019665419 ns, Reaching safepoint: 312084 ns, At safepoint: 25666 ns, Total: 337750 ns
[2025-12-03T14:49:48.719+0000][6][safepoint   ] Safepoint "Cleanup", Time since last: 2003605751 ns, Reaching safepoint: 96833 ns, At safepoint: 3584 ns, Total: 100417 ns
[2025-12-03T14:49:51.795+0000][6][gc,start    ] GC(69) Pause Young (Normal) (G1 Evacuation Pause)
[2025-12-03T14:49:51.795+0000][6][gc,task     ] GC(69) Using 8 workers of 8 for evacuation
[2025-12-03T14:49:51.796+0000][6][gc,age      ] GC(69) Desired survivor size 18874368 bytes, new threshold 15 (max threshold 15)
[2025-12-03T14:49:51.805+0000][6][gc,age      ] GC(69) Age table with threshold 15 (max threshold 15)
[2025-12-03T14:49:51.805+0000][6][gc,age      ] GC(69) - age   1:    2532832 bytes,    2532832 total
[2025-12-03T14:49:51.805+0000][6][gc,age      ] GC(69) - age   2:      83776 bytes,    2616608 total
[2025-12-03T14:49:51.805+0000][6][gc,age      ] GC(69) - age   3:     672648 bytes,    3289256 total
[2025-12-03T14:49:51.805+0000][6][gc,age      ] GC(69) - age   4:     174464 bytes,    3463720 total
[2025-12-03T14:49:51.805+0000][6][gc,age      ] GC(69) - age   5:      89568 bytes,    3553288 total
[2025-12-03T14:49:51.805+0000][6][gc,age      ] GC(69) - age   6:      29576 bytes,    3582864 total
[2025-12-03T14:49:51.805+0000][6][gc,age      ] GC(69) - age   7:      57720 bytes,    3640584 total
[2025-12-03T14:49:51.805+0000][6][gc,age      ] GC(69) - age   8:      22088 bytes,    3662672 total
[2025-12-03T14:49:51.805+0000][6][gc,age      ] GC(69) - age   9:      92088 bytes,    3754760 total
[2025-12-03T14:49:51.805+0000][6][gc,age      ] GC(69) - age  10:      24152 bytes,    3778912 total
[2025-12-03T14:49:51.805+0000][6][gc,age      ] GC(69) - age  11:     236456 bytes,    4015368 total
[2025-12-03T14:49:51.805+0000][6][gc,age      ] GC(69) - age  12:      12736 bytes,    4028104 total
[2025-12-03T14:49:51.806+0000][6][gc,age      ] GC(69) - age  13:      78664 bytes,    4106768 total
[2025-12-03T14:49:51.806+0000][6][gc,age      ] GC(69) - age  14:      22720 bytes,    4129488 total
[2025-12-03T14:49:51.806+0000][6][gc,age      ] GC(69) - age  15:      43424 bytes,    4172912 total
[2025-12-03T14:49:51.806+0000][6][gc,phases   ] GC(69)   Pre Evacuate Collection Set: 0.2ms
[2025-12-03T14:49:51.806+0000][6][gc,phases   ] GC(69)   Merge Heap Roots: 0.1ms
[2025-12-03T14:49:51.806+0000][6][gc,phases   ] GC(69)   Evacuate Collection Set: 6.5ms
[2025-12-03T14:49:51.806+0000][6][gc,phases   ] GC(69)   Post Evacuate Collection Set: 2.1ms
[2025-12-03T14:49:51.806+0000][6][gc,phases   ] GC(69)   Other: 1.7ms
[2025-12-03T14:49:51.806+0000][6][gc,heap     ] GC(69) Eden regions: 68->0(68)
[2025-12-03T14:49:51.806+0000][6][gc,heap     ] GC(69) Survivor regions: 2->2(9)
[2025-12-03T14:49:51.806+0000][6][gc,heap     ] GC(69) Old regions: 32->32
[2025-12-03T14:49:51.806+0000][6][gc,heap     ] GC(69) Archive regions: 2->2
[2025-12-03T14:49:51.806+0000][6][gc,heap     ] GC(69) Humongous regions: 2->2
[2025-12-03T14:49:51.806+0000][6][gc,metaspace] GC(69) Metaspace: 117261K(118912K)->117261K(118912K) NonClass: 102357K(103296K)->102357K(103296K) Class: 14904K(15616K)->14904K(15616K)
[2025-12-03T14:49:51.806+0000][6][gc          ] GC(69) Pause Young (Normal) (G1 Evacuation Pause) 412M->141M(512M) 11.094ms
[2025-12-03T14:49:51.806+0000][6][gc,cpu      ] GC(69) User=0.06s Sys=0.00s Real=0.01s
[2025-12-03T14:49:51.807+0000][6][safepoint   ] Safepoint "G1CollectForAllocation", Time since last: 3075617918 ns, Reaching safepoint: 110917 ns, At safepoint: 11418250 ns, Total: 11529167 ns
[2025-12-03T14:50:03.824+0000][6][safepoint   ] Safepoint "Cleanup", Time since last: 12016400213 ns, Reaching safepoint: 163875 ns, At safepoint: 3583 ns, Total: 167458 ns
[2025-12-03T14:50:05.826+0000][6][safepoint   ] Safepoint "Cleanup", Time since last: 2001884418 ns, Reaching safepoint: 156875 ns, At safepoint: 7000 ns, Total: 163875 ns
[2025-12-03T14:50:10.833+0000][6][safepoint   ] Safepoint "Cleanup", Time since last: 5005787044 ns, Reaching safepoint: 927125 ns, At safepoint: 14833 ns, Total: 941958 ns
[2025-12-03T14:50:12.836+0000][6][safepoint   ] Safepoint "Cleanup", Time since last: 2002680876 ns, Reaching safepoint: 60292 ns, At safepoint: 3792 ns, Total: 64084 ns
[2025-12-03T14:50:16.841+0000][6][safepoint   ] Safepoint "Cleanup", Time since last: 4005161168 ns, Reaching safepoint: 205875 ns, At safepoint: 15500 ns, Total: 221375 ns
[2025-12-03T14:50:27.863+0000][6][safepoint   ] Safepoint "Cleanup", Time since last: 11020659464 ns, Reaching safepoint: 334458 ns, At safepoint: 4500 ns, Total: 338958 ns
[2025-12-03T14:50:33.709+0000][6][gc,start    ] GC(70) Pause Young (Normal) (G1 Evacuation Pause)
[2025-12-03T14:50:33.709+0000][6][gc,task     ] GC(70) Using 8 workers of 8 for evacuation
[2025-12-03T14:50:33.710+0000][6][gc,age      ] GC(70) Desired survivor size 18874368 bytes, new threshold 15 (max threshold 15)
[2025-12-03T14:50:33.719+0000][6][gc,age      ] GC(70) Age table with threshold 15 (max threshold 15)
[2025-12-03T14:50:33.719+0000][6][gc,age      ] GC(70) - age   1:    2765048 bytes,    2765048 total
[2025-12-03T14:50:33.719+0000][6][gc,age      ] GC(70) - age   2:     935120 bytes,    3700168 total
[2025-12-03T14:50:33.719+0000][6][gc,age      ] GC(70) - age   3:      77560 bytes,    3777728 total
[2025-12-03T14:50:33.719+0000][6][gc,age      ] GC(70) - age   4:     173480 bytes,    3951208 total
[2025-12-03T14:50:33.719+0000][6][gc,age      ] GC(70) - age   5:     174336 bytes,    4125544 total
[2025-12-03T14:50:33.719+0000][6][gc,age      ] GC(70) - age   6:      29384 bytes,    4154928 total
[2025-12-03T14:50:33.719+0000][6][gc,age      ] GC(70) - age   7:      21080 bytes,    4176008 total
[2025-12-03T14:50:33.719+0000][6][gc,age      ] GC(70) - age   8:      57480 bytes,    4233488 total
[2025-12-03T14:50:33.719+0000][6][gc,age      ] GC(70) - age   9:      22088 bytes,    4255576 total
[2025-12-03T14:50:33.719+0000][6][gc,age      ] GC(70) - age  10:      92088 bytes,    4347664 total
[2025-12-03T14:50:33.719+0000][6][gc,age      ] GC(70) - age  11:      24152 bytes,    4371816 total
[2025-12-03T14:50:33.719+0000][6][gc,age      ] GC(70) - age  12:     236456 bytes,    4608272 total
[2025-12-03T14:50:33.719+0000][6][gc,age      ] GC(70) - age  13:      11584 bytes,    4619856 total
[2025-12-03T14:50:33.719+0000][6][gc,age      ] GC(70) - age  14:      78088 bytes,    4697944 total
[2025-12-03T14:50:33.719+0000][6][gc,age      ] GC(70) - age  15:      22720 bytes,    4720664 total
[2025-12-03T14:50:33.720+0000][6][gc,phases   ] GC(70)   Pre Evacuate Collection Set: 0.4ms
[2025-12-03T14:50:33.720+0000][6][gc,phases   ] GC(70)   Merge Heap Roots: 0.1ms
[2025-12-03T14:50:33.720+0000][6][gc,phases   ] GC(70)   Evacuate Collection Set: 6.3ms
[2025-12-03T14:50:33.720+0000][6][gc,phases   ] GC(70)   Post Evacuate Collection Set: 2.2ms
[2025-12-03T14:50:33.720+0000][6][gc,phases   ] GC(70)   Other: 1.6ms
[2025-12-03T14:50:33.720+0000][6][gc,heap     ] GC(70) Eden regions: 68->0(67)
[2025-12-03T14:50:33.720+0000][6][gc,heap     ] GC(70) Survivor regions: 2->2(9)
[2025-12-03T14:50:33.720+0000][6][gc,heap     ] GC(70) Old regions: 32->32
[2025-12-03T14:50:33.720+0000][6][gc,heap     ] GC(70) Archive regions: 2->2
[2025-12-03T14:50:33.720+0000][6][gc,heap     ] GC(70) Humongous regions: 2->2
[2025-12-03T14:50:33.720+0000][6][gc,metaspace] GC(70) Metaspace: 117273K(118976K)->117273K(118976K) NonClass: 102369K(103360K)->102369K(103360K) Class: 14904K(15616K)->14904K(15616K)
[2025-12-03T14:50:33.720+0000][6][gc          ] GC(70) Pause Young (Normal) (G1 Evacuation Pause) 413M->141M(512M) 11.043ms
[2025-12-03T14:50:33.720+0000][6][gc,cpu      ] GC(70) User=0.05s Sys=0.00s Real=0.01s
[2025-12-03T14:50:33.720+0000][6][safepoint   ] Safepoint "G1CollectForAllocation", Time since last: 5845609378 ns, Reaching safepoint: 224166 ns, At safepoint: 11290459 ns, Total: 11514625 ns
[2025-12-03T14:50:39.731+0000][6][safepoint   ] Safepoint "Cleanup", Time since last: 6009955878 ns, Reaching safepoint: 400125 ns, At safepoint: 16958 ns, Total: 417083 ns
[2025-12-03T14:50:47.743+0000][6][safepoint   ] Safepoint "Cleanup", Time since last: 8011872295 ns, Reaching safepoint: 114125 ns, At safepoint: 7292 ns, Total: 121417 ns
[2025-12-03T14:50:51.752+0000][6][safepoint   ] Safepoint "Cleanup", Time since last: 4004902210 ns, Reaching safepoint: 4289334 ns, At safepoint: 7166 ns, Total: 4296500 ns
[2025-12-03T14:50:52.754+0000][6][safepoint   ] Safepoint "Cleanup", Time since last: 1002407959 ns, Reaching safepoint: 69708 ns, At safepoint: 3209 ns, Total: 72917 ns
[2025-12-03T14:50:53.760+0000][6][safepoint   ] Safepoint "Cleanup", Time since last: 1005102625 ns, Reaching safepoint: 236542 ns, At safepoint: 10250 ns, Total: 246792 ns
[2025-12-03T14:51:05.781+0000][6][safepoint   ] Safepoint "Cleanup", Time since last: 12020821589 ns, Reaching safepoint: 214083 ns, At safepoint: 4375 ns, Total: 218458 ns
[2025-12-03T14:51:09.789+0000][6][safepoint   ] Safepoint "Cleanup", Time since last: 4007977377 ns, Reaching safepoint: 103500 ns, At safepoint: 4292 ns, Total: 107792 ns
[2025-12-03T14:51:12.794+0000][6][safepoint   ] Safepoint "Cleanup", Time since last: 3004920876 ns, Reaching safepoint: 75250 ns, At safepoint: 4583 ns, Total: 79833 ns
[2025-12-03T14:51:15.709+0000][6][gc,start    ] GC(71) Pause Young (Normal) (G1 Evacuation Pause)
[2025-12-03T14:51:15.709+0000][6][gc,task     ] GC(71) Using 8 workers of 8 for evacuation
[2025-12-03T14:51:15.709+0000][6][gc,age      ] GC(71) Desired survivor size 18874368 bytes, new threshold 15 (max threshold 15)
[2025-12-03T14:51:15.720+0000][6][gc,age      ] GC(71) Age table with threshold 15 (max threshold 15)
[2025-12-03T14:51:15.720+0000][6][gc,age      ] GC(71) - age   1:    1913184 bytes,    1913184 total
[2025-12-03T14:51:15.720+0000][6][gc,age      ] GC(71) - age   2:     793344 bytes,    2706528 total
[2025-12-03T14:51:15.720+0000][6][gc,age      ] GC(71) - age   3:     699792 bytes,    3406320 total
[2025-12-03T14:51:15.720+0000][6][gc,age      ] GC(71) - age   4:      76144 bytes,    3482464 total
[2025-12-03T14:51:15.720+0000][6][gc,age      ] GC(71) - age   5:     173416 bytes,    3655880 total
[2025-12-03T14:51:15.720+0000][6][gc,age      ] GC(71) - age   6:     147552 bytes,    3803432 total
[2025-12-03T14:51:15.720+0000][6][gc,age      ] GC(71) - age   7:      23912 bytes,    3827344 total
[2025-12-03T14:51:15.721+0000][6][gc,age      ] GC(71) - age   8:      21080 bytes,    3848424 total
[2025-12-03T14:51:15.721+0000][6][gc,age      ] GC(71) - age   9:      57480 bytes,    3905904 total
[2025-12-03T14:51:15.721+0000][6][gc,age      ] GC(71) - age  10:      22088 bytes,    3927992 total
[2025-12-03T14:51:15.721+0000][6][gc,age      ] GC(71) - age  11:      92088 bytes,    4020080 total
[2025-12-03T14:51:15.721+0000][6][gc,age      ] GC(71) - age  12:      24152 bytes,    4044232 total
[2025-12-03T14:51:15.721+0000][6][gc,age      ] GC(71) - age  13:     236456 bytes,    4280688 total
[2025-12-03T14:51:15.721+0000][6][gc,age      ] GC(71) - age  14:      11584 bytes,    4292272 total
[2025-12-03T14:51:15.721+0000][6][gc,age      ] GC(71) - age  15:      78088 bytes,    4370360 total
[2025-12-03T14:51:15.721+0000][6][gc,phases   ] GC(71)   Pre Evacuate Collection Set: 0.4ms
[2025-12-03T14:51:15.721+0000][6][gc,phases   ] GC(71)   Merge Heap Roots: 0.1ms
[2025-12-03T14:51:15.721+0000][6][gc,phases   ] GC(71)   Evacuate Collection Set: 7.2ms
[2025-12-03T14:51:15.721+0000][6][gc,phases   ] GC(71)   Post Evacuate Collection Set: 3.0ms
[2025-12-03T14:51:15.721+0000][6][gc,phases   ] GC(71)   Other: 1.5ms
[2025-12-03T14:51:15.721+0000][6][gc,heap     ] GC(71) Eden regions: 67->0(68)
[2025-12-03T14:51:15.721+0000][6][gc,heap     ] GC(71) Survivor regions: 2->2(9)
[2025-12-03T14:51:15.721+0000][6][gc,heap     ] GC(71) Old regions: 32->32
[2025-12-03T14:51:15.721+0000][6][gc,heap     ] GC(71) Archive regions: 2->2
[2025-12-03T14:51:15.721+0000][6][gc,heap     ] GC(71) Humongous regions: 2->2
[2025-12-03T14:51:15.722+0000][6][gc,metaspace] GC(71) Metaspace: 117283K(118976K)->117283K(118976K) NonClass: 102378K(103360K)->102378K(103360K) Class: 14904K(15616K)->14904K(15616K)
[2025-12-03T14:51:15.722+0000][6][gc          ] GC(71) Pause Young (Normal) (G1 Evacuation Pause) 409M->140M(512M) 12.934ms
[2025-12-03T14:51:15.722+0000][6][gc,cpu      ] GC(71) User=0.06s Sys=0.00s Real=0.01s
[2025-12-03T14:51:15.722+0000][6][safepoint   ] Safepoint "G1CollectForAllocation", Time since last: 2914211918 ns, Reaching safepoint: 58750 ns, At safepoint: 13379834 ns, Total: 13438584 ns
[2025-12-03T14:51:22.731+0000][6][safepoint   ] Safepoint "Cleanup", Time since last: 7008542461 ns, Reaching safepoint: 260250 ns, At safepoint: 11709 ns, Total: 271959 ns
[2025-12-03T14:51:28.744+0000][6][safepoint   ] Safepoint "Cleanup", Time since last: 6011978960 ns, Reaching safepoint: 112875 ns, At safepoint: 4333 ns, Total: 117208 ns
[2025-12-03T14:51:37.756+0000][6][safepoint   ] Safepoint "Cleanup", Time since last: 9011173671 ns, Reaching safepoint: 1504917 ns, At safepoint: 32750 ns, Total: 1537667 ns
[2025-12-03T14:51:40.763+0000][6][safepoint   ] Safepoint "Cleanup", Time since last: 3006657793 ns, Reaching safepoint: 392708 ns, At safepoint: 21542 ns, Total: 414250 ns
[2025-12-03T14:51:42.775+0000][6][safepoint   ] Safepoint "Cleanup", Time since last: 2011114501 ns, Reaching safepoint: 118500 ns, At safepoint: 5417 ns, Total: 123917 ns
[2025-12-03T14:51:45.777+0000][6][safepoint   ] Safepoint "Cleanup", Time since last: 3002664626 ns, Reaching safepoint: 111333 ns, At safepoint: 6709 ns, Total: 118042 ns
[2025-12-03T14:51:49.782+0000][6][safepoint   ] Safepoint "Cleanup", Time since last: 4003944877 ns, Reaching safepoint: 272208 ns, At safepoint: 11417 ns, Total: 283625 ns
[2025-12-03T14:52:00.755+0000][6][gc,start    ] GC(72) Pause Young (Normal) (G1 Evacuation Pause)
[2025-12-03T14:52:00.756+0000][6][gc,task     ] GC(72) Using 8 workers of 8 for evacuation
[2025-12-03T14:52:00.756+0000][6][gc,age      ] GC(72) Desired survivor size 18874368 bytes, new threshold 15 (max threshold 15)
[2025-12-03T14:52:00.765+0000][6][gc,age      ] GC(72) Age table with threshold 15 (max threshold 15)
[2025-12-03T14:52:00.765+0000][6][gc,age      ] GC(72) - age   1:    1829136 bytes,    1829136 total
[2025-12-03T14:52:00.765+0000][6][gc,age      ] GC(72) - age   2:     460552 bytes,    2289688 total
[2025-12-03T14:52:00.765+0000][6][gc,age      ] GC(72) - age   3:     593832 bytes,    2883520 total
[2025-12-03T14:52:00.765+0000][6][gc,age      ] GC(72) - age   4:     698024 bytes,    3581544 total
[2025-12-03T14:52:00.765+0000][6][gc,age      ] GC(72) - age   5:      75696 bytes,    3657240 total
[2025-12-03T14:52:00.765+0000][6][gc,age      ] GC(72) - age   6:     173192 bytes,    3830432 total
[2025-12-03T14:52:00.765+0000][6][gc,age      ] GC(72) - age   7:     147424 bytes,    3977856 total
[2025-12-03T14:52:00.765+0000][6][gc,age      ] GC(72) - age   8:      23528 bytes,    4001384 total
[2025-12-03T14:52:00.765+0000][6][gc,age      ] GC(72) - age   9:      21080 bytes,    4022464 total
[2025-12-03T14:52:00.765+0000][6][gc,age      ] GC(72) - age  10:      57480 bytes,    4079944 total
[2025-12-03T14:52:00.765+0000][6][gc,age      ] GC(72) - age  11:      22088 bytes,    4102032 total
[2025-12-03T14:52:00.765+0000][6][gc,age      ] GC(72) - age  12:      92088 bytes,    4194120 total
[2025-12-03T14:52:00.765+0000][6][gc,age      ] GC(72) - age  13:      24152 bytes,    4218272 total
[2025-12-03T14:52:00.765+0000][6][gc,age      ] GC(72) - age  14:     236456 bytes,    4454728 total
[2025-12-03T14:52:00.765+0000][6][gc,age      ] GC(72) - age  15:      11584 bytes,    4466312 total
[2025-12-03T14:52:00.765+0000][6][gc,phases   ] GC(72)   Pre Evacuate Collection Set: 0.3ms
[2025-12-03T14:52:00.765+0000][6][gc,phases   ] GC(72)   Merge Heap Roots: 0.1ms
[2025-12-03T14:52:00.765+0000][6][gc,phases   ] GC(72)   Evacuate Collection Set: 6.4ms
[2025-12-03T14:52:00.766+0000][6][gc,phases   ] GC(72)   Post Evacuate Collection Set: 1.8ms
[2025-12-03T14:52:00.766+0000][6][gc,phases   ] GC(72)   Other: 1.6ms
[2025-12-03T14:52:00.766+0000][6][gc,heap     ] GC(72) Eden regions: 68->0(68)
[2025-12-03T14:52:00.766+0000][6][gc,heap     ] GC(72) Survivor regions: 2->2(9)
[2025-12-03T14:52:00.766+0000][6][gc,heap     ] GC(72) Old regions: 32->32
[2025-12-03T14:52:00.766+0000][6][gc,heap     ] GC(72) Archive regions: 2->2
[2025-12-03T14:52:00.766+0000][6][gc,heap     ] GC(72) Humongous regions: 2->2
[2025-12-03T14:52:00.766+0000][6][gc,metaspace] GC(72) Metaspace: 117295K(118976K)->117295K(118976K) NonClass: 102391K(103360K)->102391K(103360K) Class: 14904K(15616K)->14904K(15616K)
[2025-12-03T14:52:00.766+0000][6][gc          ] GC(72) Pause Young (Normal) (G1 Evacuation Pause) 412M->141M(512M) 10.543ms
[2025-12-03T14:52:00.766+0000][6][gc,cpu      ] GC(72) User=0.04s Sys=0.00s Real=0.01s
[2025-12-03T14:52:00.766+0000][6][safepoint   ] Safepoint "G1CollectForAllocation", Time since last: 10972516963 ns, Reaching safepoint: 121333 ns, At safepoint: 10782125 ns, Total: 10903458 ns
[2025-12-03T14:52:02.769+0000][6][safepoint   ] Safepoint "Cleanup", Time since last: 2002550543 ns, Reaching safepoint: 150667 ns, At safepoint: 8541 ns, Total: 159208 ns
[2025-12-03T14:52:07.777+0000][6][safepoint   ] Safepoint "Cleanup", Time since last: 5007945503 ns, Reaching safepoint: 168166 ns, At safepoint: 88459 ns, Total: 256625 ns
[2025-12-03T14:52:12.784+0000][6][safepoint   ] Safepoint "Cleanup", Time since last: 5006738502 ns, Reaching safepoint: 116625 ns, At safepoint: 3750 ns, Total: 120375 ns
[2025-12-03T14:52:22.804+0000][6][safepoint   ] Safepoint "Cleanup", Time since last: 10019479713 ns, Reaching safepoint: 315917 ns, At safepoint: 4666 ns, Total: 320583 ns
[2025-12-03T14:52:32.819+0000][6][safepoint   ] Safepoint "Cleanup", Time since last: 10014853338 ns, Reaching safepoint: 186834 ns, At safepoint: 6083 ns, Total: 192917 ns
[2025-12-03T14:52:42.631+0000][6][gc,start    ] GC(73) Pause Young (Normal) (G1 Evacuation Pause)
[2025-12-03T14:52:42.631+0000][6][gc,task     ] GC(73) Using 8 workers of 8 for evacuation
[2025-12-03T14:52:42.632+0000][6][gc,age      ] GC(73) Desired survivor size 18874368 bytes, new threshold 15 (max threshold 15)
[2025-12-03T14:52:42.637+0000][6][gc,age      ] GC(73) Age table with threshold 15 (max threshold 15)
[2025-12-03T14:52:42.637+0000][6][gc,age      ] GC(73) - age   1:    1016200 bytes,    1016200 total
[2025-12-03T14:52:42.638+0000][6][gc,age      ] GC(73) - age   2:      99368 bytes,    1115568 total
[2025-12-03T14:52:42.638+0000][6][gc,age      ] GC(73) - age   3:      54200 bytes,    1169768 total
[2025-12-03T14:52:42.638+0000][6][gc,age      ] GC(73) - age   4:     591896 bytes,    1761664 total
[2025-12-03T14:52:42.638+0000][6][gc,age      ] GC(73) - age   5:     697704 bytes,    2459368 total
[2025-12-03T14:52:42.638+0000][6][gc,age      ] GC(73) - age   6:      75312 bytes,    2534680 total
[2025-12-03T14:52:42.638+0000][6][gc,age      ] GC(73) - age   7:      32888 bytes,    2567568 total
[2025-12-03T14:52:42.638+0000][6][gc,age      ] GC(73) - age   8:      82776 bytes,    2650344 total
[2025-12-03T14:52:42.638+0000][6][gc,age      ] GC(73) - age   9:      23528 bytes,    2673872 total
[2025-12-03T14:52:42.638+0000][6][gc,age      ] GC(73) - age  10:      21080 bytes,    2694952 total
[2025-12-03T14:52:42.638+0000][6][gc,age      ] GC(73) - age  11:      57480 bytes,    2752432 total
[2025-12-03T14:52:42.638+0000][6][gc,age      ] GC(73) - age  12:      21888 bytes,    2774320 total
[2025-12-03T14:52:42.638+0000][6][gc,age      ] GC(73) - age  13:      92064 bytes,    2866384 total
[2025-12-03T14:52:42.638+0000][6][gc,age      ] GC(73) - age  14:      24152 bytes,    2890536 total
[2025-12-03T14:52:42.638+0000][6][gc,age      ] GC(73) - age  15:     236456 bytes,    3126992 total
[2025-12-03T14:52:42.638+0000][6][gc,phases   ] GC(73)   Pre Evacuate Collection Set: 0.2ms
[2025-12-03T14:52:42.638+0000][6][gc,phases   ] GC(73)   Merge Heap Roots: 0.1ms
[2025-12-03T14:52:42.638+0000][6][gc,phases   ] GC(73)   Evacuate Collection Set: 3.9ms
[2025-12-03T14:52:42.638+0000][6][gc,phases   ] GC(73)   Post Evacuate Collection Set: 1.5ms
[2025-12-03T14:52:42.638+0000][6][gc,phases   ] GC(73)   Other: 1.5ms
[2025-12-03T14:52:42.638+0000][6][gc,heap     ] GC(73) Eden regions: 68->0(69)
[2025-12-03T14:52:42.638+0000][6][gc,heap     ] GC(73) Survivor regions: 2->1(9)
[2025-12-03T14:52:42.638+0000][6][gc,heap     ] GC(73) Old regions: 32->32
[2025-12-03T14:52:42.639+0000][6][gc,heap     ] GC(73) Archive regions: 2->2
[2025-12-03T14:52:42.639+0000][6][gc,heap     ] GC(73) Humongous regions: 2->2
[2025-12-03T14:52:42.639+0000][6][gc,metaspace] GC(73) Metaspace: 117407K(119104K)->117407K(119104K) NonClass: 102503K(103488K)->102503K(103488K) Class: 14904K(15616K)->14904K(15616K)
[2025-12-03T14:52:42.639+0000][6][gc          ] GC(73) Pause Young (Normal) (G1 Evacuation Pause) 413M->139M(512M) 7.560ms
[2025-12-03T14:52:42.639+0000][6][gc,cpu      ] GC(73) User=0.03s Sys=0.00s Real=0.01s
[2025-12-03T14:52:42.639+0000][6][safepoint   ] Safepoint "G1CollectForAllocation", Time since last: 9812166630 ns, Reaching safepoint: 239666 ns, At safepoint: 7758417 ns, Total: 7998083 ns
[2025-12-03T14:52:46.645+0000][6][safepoint   ] Safepoint "Cleanup", Time since last: 4005895043 ns, Reaching safepoint: 105584 ns, At safepoint: 3708 ns, Total: 109292 ns
[2025-12-03T14:52:52.651+0000][6][safepoint   ] Safepoint "Cleanup", Time since last: 6006631753 ns, Reaching safepoint: 89083 ns, At safepoint: 6917 ns, Total: 96000 ns
[2025-12-03T14:53:06.691+0000][6][safepoint   ] Safepoint "Cleanup", Time since last: 14037719923 ns, Reaching safepoint: 317417 ns, At safepoint: 7250 ns, Total: 324667 ns
[2025-12-03T14:53:07.694+0000][6][safepoint   ] Safepoint "Cleanup", Time since last: 1001814750 ns, Reaching safepoint: 348917 ns, At safepoint: 15042 ns, Total: 363959 ns
[2025-12-03T14:53:10.703+0000][6][safepoint   ] Safepoint "Cleanup", Time since last: 3009150668 ns, Reaching safepoint: 273583 ns, At safepoint: 11750 ns, Total: 285333 ns
[2025-12-03T14:53:12.707+0000][6][safepoint   ] Safepoint "Cleanup", Time since last: 2003531834 ns, Reaching safepoint: 120667 ns, At safepoint: 4833 ns, Total: 125500 ns
[2025-12-03T14:53:22.725+0000][6][safepoint   ] Safepoint "Cleanup", Time since last: 10018374422 ns, Reaching safepoint: 240000 ns, At safepoint: 5208 ns, Total: 245208 ns
[2025-12-03T14:53:25.734+0000][6][safepoint   ] Safepoint "Cleanup", Time since last: 3008815251 ns, Reaching safepoint: 196875 ns, At safepoint: 44292 ns, Total: 241167 ns
[2025-12-03T14:53:27.803+0000][6][gc,start    ] GC(74) Pause Young (Normal) (G1 Evacuation Pause)
[2025-12-03T14:53:27.803+0000][6][gc,task     ] GC(74) Using 8 workers of 8 for evacuation
[2025-12-03T14:53:27.804+0000][6][gc,age      ] GC(74) Desired survivor size 18874368 bytes, new threshold 15 (max threshold 15)
[2025-12-03T14:53:27.814+0000][6][gc,age      ] GC(74) Age table with threshold 15 (max threshold 15)
[2025-12-03T14:53:27.814+0000][6][gc,age      ] GC(74) - age   1:    2966624 bytes,    2966624 total
[2025-12-03T14:53:27.814+0000][6][gc,age      ] GC(74) - age   2:     249136 bytes,    3215760 total
[2025-12-03T14:53:27.815+0000][6][gc,age      ] GC(74) - age   3:      94656 bytes,    3310416 total
[2025-12-03T14:53:27.815+0000][6][gc,age      ] GC(74) - age   4:      53072 bytes,    3363488 total
[2025-12-03T14:53:27.815+0000][6][gc,age      ] GC(74) - age   5:      93368 bytes,    3456856 total
[2025-12-03T14:53:27.815+0000][6][gc,age      ] GC(74) - age   6:     697672 bytes,    4154528 total
[2025-12-03T14:53:27.815+0000][6][gc,age      ] GC(74) - age   7:      75312 bytes,    4229840 total
[2025-12-03T14:53:27.815+0000][6][gc,age      ] GC(74) - age   8:      18608 bytes,    4248448 total
[2025-12-03T14:53:27.815+0000][6][gc,age      ] GC(74) - age   9:      82776 bytes,    4331224 total
[2025-12-03T14:53:27.815+0000][6][gc,age      ] GC(74) - age  10:      23528 bytes,    4354752 total
[2025-12-03T14:53:27.815+0000][6][gc,age      ] GC(74) - age  11:      21080 bytes,    4375832 total
[2025-12-03T14:53:27.815+0000][6][gc,age      ] GC(74) - age  12:      57480 bytes,    4433312 total
[2025-12-03T14:53:27.815+0000][6][gc,age      ] GC(74) - age  13:      21888 bytes,    4455200 total
[2025-12-03T14:53:27.815+0000][6][gc,age      ] GC(74) - age  14:      92064 bytes,    4547264 total
[2025-12-03T14:53:27.815+0000][6][gc,age      ] GC(74) - age  15:      24152 bytes,    4571416 total
[2025-12-03T14:53:27.816+0000][6][gc,phases   ] GC(74)   Pre Evacuate Collection Set: 0.3ms
[2025-12-03T14:53:27.816+0000][6][gc,phases   ] GC(74)   Merge Heap Roots: 0.1ms
[2025-12-03T14:53:27.816+0000][6][gc,phases   ] GC(74)   Evacuate Collection Set: 7.4ms
[2025-12-03T14:53:27.816+0000][6][gc,phases   ] GC(74)   Post Evacuate Collection Set: 2.7ms
[2025-12-03T14:53:27.816+0000][6][gc,phases   ] GC(74)   Other: 1.9ms
[2025-12-03T14:53:27.816+0000][6][gc,heap     ] GC(74) Eden regions: 69->0(68)
[2025-12-03T14:53:27.816+0000][6][gc,heap     ] GC(74) Survivor regions: 1->2(9)
[2025-12-03T14:53:27.816+0000][6][gc,heap     ] GC(74) Old regions: 32->32
[2025-12-03T14:53:27.816+0000][6][gc,heap     ] GC(74) Archive regions: 2->2
[2025-12-03T14:53:27.816+0000][6][gc,heap     ] GC(74) Humongous regions: 2->2
[2025-12-03T14:53:27.816+0000][6][gc,metaspace] GC(74) Metaspace: 117425K(119104K)->117425K(119104K) NonClass: 102520K(103488K)->102520K(103488K) Class: 14905K(15616K)->14905K(15616K)
[2025-12-03T14:53:27.816+0000][6][gc          ] GC(74) Pause Young (Normal) (G1 Evacuation Pause) 415M->141M(512M) 13.086ms
[2025-12-03T14:53:27.816+0000][6][gc,cpu      ] GC(74) User=0.06s Sys=0.00s Real=0.01s
[2025-12-03T14:53:27.816+0000][6][safepoint   ] Safepoint "G1CollectForAllocation", Time since last: 2067770083 ns, Reaching safepoint: 154667 ns, At safepoint: 13393167 ns, Total: 13547834 ns
[2025-12-03T14:53:32.831+0000][6][safepoint   ] Safepoint "Cleanup", Time since last: 5014638252 ns, Reaching safepoint: 76125 ns, At safepoint: 8959 ns, Total: 85084 ns
[2025-12-03T14:53:34.856+0000][6][safepoint   ] Safepoint "Cleanup", Time since last: 2024690084 ns, Reaching safepoint: 298292 ns, At safepoint: 10458 ns, Total: 308750 ns
[2025-12-03T14:53:48.874+0000][6][safepoint   ] Safepoint "Cleanup", Time since last: 14016856923 ns, Reaching safepoint: 1016875 ns, At safepoint: 94125 ns, Total: 1111000 ns
[2025-12-03T14:53:51.883+0000][6][safepoint   ] Safepoint "Cleanup", Time since last: 3005654335 ns, Reaching safepoint: 3370750 ns, At safepoint: 8125 ns, Total: 3378875 ns
[2025-12-03T14:53:58.895+0000][6][safepoint   ] Safepoint "Cleanup", Time since last: 7010699294 ns, Reaching safepoint: 218042 ns, At safepoint: 4500 ns, Total: 222542 ns
[2025-12-03T14:54:05.912+0000][6][safepoint   ] Safepoint "Cleanup", Time since last: 7016060045 ns, Reaching safepoint: 292250 ns, At safepoint: 37791 ns, Total: 330041 ns
[2025-12-03T14:54:07.918+0000][6][safepoint   ] Safepoint "Cleanup", Time since last: 2005849876 ns, Reaching safepoint: 386000 ns, At safepoint: 67834 ns, Total: 453834 ns
[2025-12-03T14:54:09.921+0000][6][safepoint   ] Safepoint "Cleanup", Time since last: 2003213292 ns, Reaching safepoint: 104250 ns, At safepoint: 11417 ns, Total: 115667 ns
[2025-12-03T14:54:12.646+0000][6][gc,start    ] GC(75) Pause Young (Normal) (G1 Evacuation Pause)
[2025-12-03T14:54:12.646+0000][6][gc,task     ] GC(75) Using 8 workers of 8 for evacuation
[2025-12-03T14:54:12.646+0000][6][gc,age      ] GC(75) Desired survivor size 18874368 bytes, new threshold 15 (max threshold 15)
[2025-12-03T14:54:12.652+0000][6][gc,age      ] GC(75) Age table with threshold 15 (max threshold 15)
[2025-12-03T14:54:12.652+0000][6][gc,age      ] GC(75) - age   1:    1808888 bytes,    1808888 total
[2025-12-03T14:54:12.652+0000][6][gc,age      ] GC(75) - age   2:     571768 bytes,    2380656 total
[2025-12-03T14:54:12.652+0000][6][gc,age      ] GC(75) - age   3:     246808 bytes,    2627464 total
[2025-12-03T14:54:12.652+0000][6][gc,age      ] GC(75) - age   4:      93776 bytes,    2721240 total
[2025-12-03T14:54:12.652+0000][6][gc,age      ] GC(75) - age   5:      52392 bytes,    2773632 total
[2025-12-03T14:54:12.652+0000][6][gc,age      ] GC(75) - age   6:      93368 bytes,    2867000 total
[2025-12-03T14:54:12.652+0000][6][gc,age      ] GC(75) - age   7:      63312 bytes,    2930312 total
[2025-12-03T14:54:12.652+0000][6][gc,age      ] GC(75) - age   8:      15288 bytes,    2945600 total
[2025-12-03T14:54:12.652+0000][6][gc,age      ] GC(75) - age   9:      18608 bytes,    2964208 total
[2025-12-03T14:54:12.652+0000][6][gc,age      ] GC(75) - age  10:      82776 bytes,    3046984 total
[2025-12-03T14:54:12.652+0000][6][gc,age      ] GC(75) - age  11:      23528 bytes,    3070512 total
[2025-12-03T14:54:12.652+0000][6][gc,age      ] GC(75) - age  12:      21080 bytes,    3091592 total
[2025-12-03T14:54:12.652+0000][6][gc,age      ] GC(75) - age  13:      57480 bytes,    3149072 total
[2025-12-03T14:54:12.652+0000][6][gc,age      ] GC(75) - age  14:      21888 bytes,    3170960 total
[2025-12-03T14:54:12.652+0000][6][gc,age      ] GC(75) - age  15:      92064 bytes,    3263024 total
[2025-12-03T14:54:12.653+0000][6][gc,phases   ] GC(75)   Pre Evacuate Collection Set: 0.2ms
[2025-12-03T14:54:12.653+0000][6][gc,phases   ] GC(75)   Merge Heap Roots: 0.1ms
[2025-12-03T14:54:12.653+0000][6][gc,phases   ] GC(75)   Evacuate Collection Set: 3.7ms
[2025-12-03T14:54:12.653+0000][6][gc,phases   ] GC(75)   Post Evacuate Collection Set: 1.6ms
[2025-12-03T14:54:12.653+0000][6][gc,phases   ] GC(75)   Other: 1.4ms
[2025-12-03T14:54:12.653+0000][6][gc,heap     ] GC(75) Eden regions: 68->0(69)
[2025-12-03T14:54:12.653+0000][6][gc,heap     ] GC(75) Survivor regions: 2->1(9)
[2025-12-03T14:54:12.653+0000][6][gc,heap     ] GC(75) Old regions: 32->32
[2025-12-03T14:54:12.653+0000][6][gc,heap     ] GC(75) Archive regions: 2->2
[2025-12-03T14:54:12.653+0000][6][gc,heap     ] GC(75) Humongous regions: 2->2
[2025-12-03T14:54:12.653+0000][6][gc,metaspace] GC(75) Metaspace: 117432K(119104K)->117432K(119104K) NonClass: 102527K(103488K)->102527K(103488K) Class: 14905K(15616K)->14905K(15616K)
[2025-12-03T14:54:12.653+0000][6][gc          ] GC(75) Pause Young (Normal) (G1 Evacuation Pause) 413M->140M(512M) 7.505ms
[2025-12-03T14:54:12.653+0000][6][gc,cpu      ] GC(75) User=0.03s Sys=0.00s Real=0.01s
[2025-12-03T14:54:12.653+0000][6][safepoint   ] Safepoint "G1CollectForAllocation", Time since last: 2724232918 ns, Reaching safepoint: 104750 ns, At safepoint: 7741458 ns, Total: 7846208 ns
[2025-12-03T14:54:16.657+0000][6][safepoint   ] Safepoint "Cleanup", Time since last: 4003228752 ns, Reaching safepoint: 202792 ns, At safepoint: 3958 ns, Total: 206750 ns
[2025-12-03T14:54:19.666+0000][6][safepoint   ] Safepoint "Cleanup", Time since last: 3008762627 ns, Reaching safepoint: 94375 ns, At safepoint: 5500 ns, Total: 99875 ns
[2025-12-03T14:54:22.672+0000][6][safepoint   ] Safepoint "Cleanup", Time since last: 3005984459 ns, Reaching safepoint: 221042 ns, At safepoint: 6250 ns, Total: 227292 ns
[2025-12-03T14:54:25.679+0000][6][safepoint   ] Safepoint "Cleanup", Time since last: 3007074793 ns, Reaching safepoint: 61542 ns, At safepoint: 3250 ns, Total: 64792 ns
[2025-12-03T14:54:34.698+0000][6][safepoint   ] Safepoint "Cleanup", Time since last: 9015261253 ns, Reaching safepoint: 3039542 ns, At safepoint: 17416 ns, Total: 3056958 ns
[2025-12-03T14:54:37.705+0000][6][safepoint   ] Safepoint "Cleanup", Time since last: 3006710960 ns, Reaching safepoint: 159625 ns, At safepoint: 15084 ns, Total: 174709 ns
[2025-12-03T14:54:40.896+0000][6][safepoint   ] Safepoint "Cleanup", Time since last: 3190314543 ns, Reaching safepoint: 258125 ns, At safepoint: 7875 ns, Total: 266000 ns
[2025-12-03T14:54:52.687+0000][6][gc,start    ] GC(76) Pause Young (Normal) (G1 Evacuation Pause)
[2025-12-03T14:54:52.687+0000][6][gc,task     ] GC(76) Using 8 workers of 8 for evacuation
[2025-12-03T14:54:52.687+0000][6][gc,age      ] GC(76) Desired survivor size 18874368 bytes, new threshold 15 (max threshold 15)
[2025-12-03T14:54:52.702+0000][6][gc,age      ] GC(76) Age table with threshold 15 (max threshold 15)
[2025-12-03T14:54:52.702+0000][6][gc,age      ] GC(76) - age   1:    1893328 bytes,    1893328 total
[2025-12-03T14:54:52.702+0000][6][gc,age      ] GC(76) - age   2:     835040 bytes,    2728368 total
[2025-12-03T14:54:52.702+0000][6][gc,age      ] GC(76) - age   3:     566688 bytes,    3295056 total
[2025-12-03T14:54:52.702+0000][6][gc,age      ] GC(76) - age   4:     245424 bytes,    3540480 total
[2025-12-03T14:54:52.702+0000][6][gc,age      ] GC(76) - age   5:      93256 bytes,    3633736 total
[2025-12-03T14:54:52.702+0000][6][gc,age      ] GC(76) - age   6:      52328 bytes,    3686064 total
[2025-12-03T14:54:52.702+0000][6][gc,age      ] GC(76) - age   7:      67104 bytes,    3753168 total
[2025-12-03T14:54:52.702+0000][6][gc,age      ] GC(76) - age   8:      63312 bytes,    3816480 total
[2025-12-03T14:54:52.702+0000][6][gc,age      ] GC(76) - age   9:      15288 bytes,    3831768 total
[2025-12-03T14:54:52.702+0000][6][gc,age      ] GC(76) - age  10:      18608 bytes,    3850376 total
[2025-12-03T14:54:52.702+0000][6][gc,age      ] GC(76) - age  11:      82776 bytes,    3933152 total
[2025-12-03T14:54:52.702+0000][6][gc,age      ] GC(76) - age  12:      23528 bytes,    3956680 total
[2025-12-03T14:54:52.703+0000][6][gc,age      ] GC(76) - age  13:      21080 bytes,    3977760 total
[2025-12-03T14:54:52.703+0000][6][gc,age      ] GC(76) - age  14:      57480 bytes,    4035240 total
[2025-12-03T14:54:52.703+0000][6][gc,age      ] GC(76) - age  15:      21888 bytes,    4057128 total
[2025-12-03T14:54:52.703+0000][6][gc,phases   ] GC(76)   Pre Evacuate Collection Set: 0.2ms
[2025-12-03T14:54:52.703+0000][6][gc,phases   ] GC(76)   Merge Heap Roots: 0.1ms
[2025-12-03T14:54:52.703+0000][6][gc,phases   ] GC(76)   Evacuate Collection Set: 10.2ms
[2025-12-03T14:54:52.703+0000][6][gc,phases   ] GC(76)   Post Evacuate Collection Set: 4.0ms
[2025-12-03T14:54:52.703+0000][6][gc,phases   ] GC(76)   Other: 2.3ms
[2025-12-03T14:54:52.704+0000][6][gc,heap     ] GC(76) Eden regions: 69->0(68)
[2025-12-03T14:54:52.704+0000][6][gc,heap     ] GC(76) Survivor regions: 1->2(9)
[2025-12-03T14:54:52.704+0000][6][gc,heap     ] GC(76) Old regions: 32->32
[2025-12-03T14:54:52.704+0000][6][gc,heap     ] GC(76) Archive regions: 2->2
[2025-12-03T14:54:52.704+0000][6][gc,heap     ] GC(76) Humongous regions: 2->2
[2025-12-03T14:54:52.704+0000][6][gc,metaspace] GC(76) Metaspace: 117461K(119104K)->117461K(119104K) NonClass: 102555K(103488K)->102555K(103488K) Class: 14906K(15616K)->14906K(15616K)
[2025-12-03T14:54:52.704+0000][6][gc          ] GC(76) Pause Young (Normal) (G1 Evacuation Pause) 416M->141M(512M) 17.478ms
[2025-12-03T14:54:52.704+0000][6][gc,cpu      ] GC(76) User=0.08s Sys=0.00s Real=0.02s
[2025-12-03T14:54:52.704+0000][6][safepoint   ] Safepoint "G1CollectForAllocation", Time since last: 11790438380 ns, Reaching safepoint: 330042 ns, At safepoint: 17775208 ns, Total: 18105250 ns
[2025-12-03T14:54:55.846+0000][6][safepoint   ] Safepoint "Cleanup", Time since last: 3082589543 ns, Reaching safepoint: 57482084 ns, At safepoint: 1596208 ns, Total: 59078292 ns
[2025-12-03T14:55:00.869+0000][6][safepoint   ] Safepoint "Cleanup", Time since last: 5023012503 ns, Reaching safepoint: 180250 ns, At safepoint: 11583 ns, Total: 191833 ns
[2025-12-03T14:55:02.872+0000][6][safepoint   ] Safepoint "Cleanup", Time since last: 2003052251 ns, Reaching safepoint: 124333 ns, At safepoint: 7750 ns, Total: 132083 ns
[2025-12-03T14:55:03.873+0000][6][safepoint   ] Safepoint "Cleanup", Time since last: 1000755792 ns, Reaching safepoint: 71375 ns, At safepoint: 7917 ns, Total: 79292 ns
[2025-12-03T14:55:05.877+0000][6][safepoint   ] Safepoint "Cleanup", Time since last: 2003775584 ns, Reaching safepoint: 147834 ns, At safepoint: 10208 ns, Total: 158042 ns
[2025-12-03T14:55:15.898+0000][6][safepoint   ] Safepoint "Cleanup", Time since last: 10021298671 ns, Reaching safepoint: 124625 ns, At safepoint: 3500 ns, Total: 128125 ns
[2025-12-03T14:55:43.151+0000][6][gc,start    ] GC(77) Pause Young (Normal) (G1 Evacuation Pause)
[2025-12-03T14:55:43.152+0000][6][gc,task     ] GC(77) Using 8 workers of 8 for evacuation
[2025-12-03T14:55:43.152+0000][6][gc,age      ] GC(77) Desired survivor size 18874368 bytes, new threshold 15 (max threshold 15)
[2025-12-03T14:55:43.164+0000][6][gc,age      ] GC(77) Age table with threshold 15 (max threshold 15)
[2025-12-03T14:55:43.164+0000][6][gc,age      ] GC(77) - age   1:    2186320 bytes,    2186320 total
[2025-12-03T14:55:43.164+0000][6][gc,age      ] GC(77) - age   2:      55536 bytes,    2241856 total
[2025-12-03T14:55:43.164+0000][6][gc,age      ] GC(77) - age   3:     830536 bytes,    3072392 total
[2025-12-03T14:55:43.164+0000][6][gc,age      ] GC(77) - age   4:      68016 bytes,    3140408 total
[2025-12-03T14:55:43.164+0000][6][gc,age      ] GC(77) - age   5:     244688 bytes,    3385096 total
[2025-12-03T14:55:43.164+0000][6][gc,age      ] GC(77) - age   6:      93128 bytes,    3478224 total
[2025-12-03T14:55:43.164+0000][6][gc,age      ] GC(77) - age   7:      34472 bytes,    3512696 total
[2025-12-03T14:55:43.164+0000][6][gc,age      ] GC(77) - age   8:      16216 bytes,    3528912 total
[2025-12-03T14:55:43.164+0000][6][gc,age      ] GC(77) - age   9:      63312 bytes,    3592224 total
[2025-12-03T14:55:43.164+0000][6][gc,age      ] GC(77) - age  10:      15160 bytes,    3607384 total
[2025-12-03T14:55:43.164+0000][6][gc,age      ] GC(77) - age  11:      18608 bytes,    3625992 total
[2025-12-03T14:55:43.164+0000][6][gc,age      ] GC(77) - age  12:      82712 bytes,    3708704 total
[2025-12-03T14:55:43.164+0000][6][gc,age      ] GC(77) - age  13:      23528 bytes,    3732232 total
[2025-12-03T14:55:43.164+0000][6][gc,age      ] GC(77) - age  14:      20960 bytes,    3753192 total
[2025-12-03T14:55:43.165+0000][6][gc,age      ] GC(77) - age  15:      57480 bytes,    3810672 total
[2025-12-03T14:55:43.165+0000][6][gc,phases   ] GC(77)   Pre Evacuate Collection Set: 0.4ms
[2025-12-03T14:55:43.165+0000][6][gc,phases   ] GC(77)   Merge Heap Roots: 0.2ms
[2025-12-03T14:55:43.165+0000][6][gc,phases   ] GC(77)   Evacuate Collection Set: 8.2ms
[2025-12-03T14:55:43.165+0000][6][gc,phases   ] GC(77)   Post Evacuate Collection Set: 2.3ms
[2025-12-03T14:55:43.165+0000][6][gc,phases   ] GC(77)   Other: 2.6ms
[2025-12-03T14:55:43.165+0000][6][gc,heap     ] GC(77) Eden regions: 68->0(69)
[2025-12-03T14:55:43.165+0000][6][gc,heap     ] GC(77) Survivor regions: 2->1(9)
[2025-12-03T14:55:43.165+0000][6][gc,heap     ] GC(77) Old regions: 32->32
[2025-12-03T14:55:43.165+0000][6][gc,heap     ] GC(77) Archive regions: 2->2
[2025-12-03T14:55:43.165+0000][6][gc,heap     ] GC(77) Humongous regions: 2->2
[2025-12-03T14:55:43.165+0000][6][gc,metaspace] GC(77) Metaspace: 117469K(119104K)->117469K(119104K) NonClass: 102562K(103488K)->102562K(103488K) Class: 14906K(15616K)->14906K(15616K)
[2025-12-03T14:55:43.165+0000][6][gc          ] GC(77) Pause Young (Normal) (G1 Evacuation Pause) 413M->140M(512M) 14.169ms
[2025-12-03T14:55:43.166+0000][6][gc,cpu      ] GC(77) User=0.06s Sys=0.00s Real=0.02s
[2025-12-03T14:55:43.166+0000][6][safepoint   ] Safepoint "G1CollectForAllocation", Time since last: 27251275346 ns, Reaching safepoint: 555708 ns, At safepoint: 14539083 ns, Total: 15094791 ns
[2025-12-03T14:56:13.215+0000][6][safepoint   ] Safepoint "Cleanup", Time since last: 30047802472 ns, Reaching safepoint: 191417 ns, At safepoint: 6666 ns, Total: 198083 ns
[2025-12-03T14:56:33.259+0000][6][safepoint   ] Safepoint "Cleanup", Time since last: 20042130968 ns, Reaching safepoint: 391417 ns, At safepoint: 9125 ns, Total: 400542 ns
[2025-12-03T14:56:36.144+0000][6][gc,start    ] GC(78) Pause Young (Normal) (G1 Evacuation Pause)
[2025-12-03T14:56:36.145+0000][6][gc,task     ] GC(78) Using 8 workers of 8 for evacuation
[2025-12-03T14:56:36.145+0000][6][gc,age      ] GC(78) Desired survivor size 18874368 bytes, new threshold 15 (max threshold 15)
[2025-12-03T14:56:36.162+0000][6][gc,age      ] GC(78) Age table with threshold 15 (max threshold 15)
[2025-12-03T14:56:36.163+0000][6][gc,age      ] GC(78) - age   1:    1793640 bytes,    1793640 total
[2025-12-03T14:56:36.163+0000][6][gc,age      ] GC(78) - age   2:     825312 bytes,    2618952 total
[2025-12-03T14:56:36.163+0000][6][gc,age      ] GC(78) - age   3:      48544 bytes,    2667496 total
[2025-12-03T14:56:36.163+0000][6][gc,age      ] GC(78) - age   4:     829712 bytes,    3497208 total
[2025-12-03T14:56:36.163+0000][6][gc,age      ] GC(78) - age   5:      68016 bytes,    3565224 total
[2025-12-03T14:56:36.163+0000][6][gc,age      ] GC(78) - age   6:     244488 bytes,    3809712 total
[2025-12-03T14:56:36.163+0000][6][gc,age      ] GC(78) - age   7:      93000 bytes,    3902712 total
[2025-12-03T14:56:36.164+0000][6][gc,age      ] GC(78) - age   8:      15928 bytes,    3918640 total
[2025-12-03T14:56:36.164+0000][6][gc,age      ] GC(78) - age   9:      16216 bytes,    3934856 total
[2025-12-03T14:56:36.164+0000][6][gc,age      ] GC(78) - age  10:      63312 bytes,    3998168 total
[2025-12-03T14:56:36.164+0000][6][gc,age      ] GC(78) - age  11:      15160 bytes,    4013328 total
[2025-12-03T14:56:36.164+0000][6][gc,age      ] GC(78) - age  12:      18608 bytes,    4031936 total
[2025-12-03T14:56:36.164+0000][6][gc,age      ] GC(78) - age  13:      82712 bytes,    4114648 total
[2025-12-03T14:56:36.164+0000][6][gc,age      ] GC(78) - age  14:      23528 bytes,    4138176 total
[2025-12-03T14:56:36.164+0000][6][gc,age      ] GC(78) - age  15:      20960 bytes,    4159136 total
[2025-12-03T14:56:36.164+0000][6][gc,phases   ] GC(78)   Pre Evacuate Collection Set: 0.5ms
[2025-12-03T14:56:36.165+0000][6][gc,phases   ] GC(78)   Merge Heap Roots: 0.6ms
[2025-12-03T14:56:36.165+0000][6][gc,phases   ] GC(78)   Evacuate Collection Set: 12.6ms
[2025-12-03T14:56:36.165+0000][6][gc,phases   ] GC(78)   Post Evacuate Collection Set: 3.4ms
[2025-12-03T14:56:36.165+0000][6][gc,phases   ] GC(78)   Other: 3.9ms
[2025-12-03T14:56:36.165+0000][6][gc,heap     ] GC(78) Eden regions: 69->0(68)
[2025-12-03T14:56:36.165+0000][6][gc,heap     ] GC(78) Survivor regions: 1->2(9)
[2025-12-03T14:56:36.165+0000][6][gc,heap     ] GC(78) Old regions: 32->32
[2025-12-03T14:56:36.165+0000][6][gc,heap     ] GC(78) Archive regions: 2->2
[2025-12-03T14:56:36.165+0000][6][gc,heap     ] GC(78) Humongous regions: 2->2
[2025-12-03T14:56:36.165+0000][6][gc,metaspace] GC(78) Metaspace: 117472K(119104K)->117472K(119104K) NonClass: 102566K(103488K)->102566K(103488K) Class: 14906K(15616K)->14906K(15616K)
[2025-12-03T14:56:36.166+0000][6][gc          ] GC(78) Pause Young (Normal) (G1 Evacuation Pause) 416M->141M(512M) 21.841ms
[2025-12-03T14:56:36.166+0000][6][gc,cpu      ] GC(78) User=0.07s Sys=0.00s Real=0.02s
[2025-12-03T14:56:36.166+0000][6][safepoint   ] Safepoint "G1CollectForAllocation", Time since last: 2884557918 ns, Reaching safepoint: 269250 ns, At safepoint: 22522166 ns, Total: 22791416 ns
[2025-12-03T14:56:37.168+0000][6][safepoint   ] Safepoint "Cleanup", Time since last: 1001813751 ns, Reaching safepoint: 457667 ns, At safepoint: 9416 ns, Total: 467083 ns
[2025-12-03T14:57:03.227+0000][6][safepoint   ] Safepoint "Cleanup", Time since last: 26057050554 ns, Reaching safepoint: 154708 ns, At safepoint: 3375 ns, Total: 158083 ns
[2025-12-03T14:57:06.234+0000][6][safepoint   ] Safepoint "Cleanup", Time since last: 3006403710 ns, Reaching safepoint: 573875 ns, At safepoint: 17083 ns, Total: 590958 ns
[2025-12-03T14:57:13.269+0000][6][safepoint   ] Safepoint "Cleanup", Time since last: 7035250212 ns, Reaching safepoint: 509250 ns, At safepoint: 15625 ns, Total: 524875 ns
[2025-12-03T14:57:25.082+0000][6][gc,start    ] GC(79) Pause Young (Normal) (G1 Evacuation Pause)
[2025-12-03T14:57:25.083+0000][6][gc,task     ] GC(79) Using 8 workers of 8 for evacuation
[2025-12-03T14:57:25.083+0000][6][gc,age      ] GC(79) Desired survivor size 18874368 bytes, new threshold 15 (max threshold 15)
[2025-12-03T14:57:25.090+0000][6][gc,age      ] GC(79) Age table with threshold 15 (max threshold 15)
[2025-12-03T14:57:25.090+0000][6][gc,age      ] GC(79) - age   1:    3687136 bytes,    3687136 total
[2025-12-03T14:57:25.091+0000][6][gc,age      ] GC(79) - age   2:      49176 bytes,    3736312 total
[2025-12-03T14:57:25.091+0000][6][gc,age      ] GC(79) - age   3:     659168 bytes,    4395480 total
[2025-12-03T14:57:25.091+0000][6][gc,age      ] GC(79) - age   4:      48224 bytes,    4443704 total
[2025-12-03T14:57:25.091+0000][6][gc,age      ] GC(79) - age   5:     829200 bytes,    5272904 total
[2025-12-03T14:57:25.091+0000][6][gc,age      ] GC(79) - age   6:      67736 bytes,    5340640 total
[2025-12-03T14:57:25.091+0000][6][gc,age      ] GC(79) - age   7:      13040 bytes,    5353680 total
[2025-12-03T14:57:25.091+0000][6][gc,age      ] GC(79) - age   8:      92552 bytes,    5446232 total
[2025-12-03T14:57:25.091+0000][6][gc,age      ] GC(79) - age   9:      15928 bytes,    5462160 total
[2025-12-03T14:57:25.091+0000][6][gc,age      ] GC(79) - age  10:      16216 bytes,    5478376 total
[2025-12-03T14:57:25.091+0000][6][gc,age      ] GC(79) - age  11:      63312 bytes,    5541688 total
[2025-12-03T14:57:25.091+0000][6][gc,age      ] GC(79) - age  12:      15160 bytes,    5556848 total
[2025-12-03T14:57:25.091+0000][6][gc,age      ] GC(79) - age  13:      18608 bytes,    5575456 total
[2025-12-03T14:57:25.091+0000][6][gc,age      ] GC(79) - age  14:      82712 bytes,    5658168 total
[2025-12-03T14:57:25.091+0000][6][gc,age      ] GC(79) - age  15:      23528 bytes,    5681696 total
[2025-12-03T14:57:25.091+0000][6][gc,phases   ] GC(79)   Pre Evacuate Collection Set: 0.2ms
[2025-12-03T14:57:25.091+0000][6][gc,phases   ] GC(79)   Merge Heap Roots: 0.1ms
[2025-12-03T14:57:25.091+0000][6][gc,phases   ] GC(79)   Evacuate Collection Set: 5.1ms
[2025-12-03T14:57:25.091+0000][6][gc,phases   ] GC(79)   Post Evacuate Collection Set: 1.9ms
[2025-12-03T14:57:25.091+0000][6][gc,phases   ] GC(79)   Other: 1.4ms
[2025-12-03T14:57:25.091+0000][6][gc,heap     ] GC(79) Eden regions: 68->0(67)
[2025-12-03T14:57:25.092+0000][6][gc,heap     ] GC(79) Survivor regions: 2->2(9)
[2025-12-03T14:57:25.092+0000][6][gc,heap     ] GC(79) Old regions: 32->32
[2025-12-03T14:57:25.092+0000][6][gc,heap     ] GC(79) Archive regions: 2->2
[2025-12-03T14:57:25.092+0000][6][gc,heap     ] GC(79) Humongous regions: 2->2
[2025-12-03T14:57:25.092+0000][6][gc,metaspace] GC(79) Metaspace: 117479K(119104K)->117479K(119104K) NonClass: 102572K(103488K)->102572K(103488K) Class: 14907K(15616K)->14907K(15616K)
[2025-12-03T14:57:25.092+0000][6][gc          ] GC(79) Pause Young (Normal) (G1 Evacuation Pause) 413M->142M(512M) 9.930ms
[2025-12-03T14:57:25.092+0000][6][gc,cpu      ] GC(79) User=0.03s Sys=0.00s Real=0.01s
[2025-12-03T14:57:25.096+0000][6][safepoint   ] Safepoint "G1CollectForAllocation", Time since last: 11812415464 ns, Reaching safepoint: 511958 ns, At safepoint: 13953208 ns, Total: 14465166 ns
[2025-12-03T14:57:27.103+0000][6][safepoint   ] Safepoint "Cleanup", Time since last: 2005439417 ns, Reaching safepoint: 719250 ns, At safepoint: 16042 ns, Total: 735292 ns
[2025-12-03T14:57:31.109+0000][6][safepoint   ] Safepoint "Cleanup", Time since last: 4005142460 ns, Reaching safepoint: 257667 ns, At safepoint: 5541 ns, Total: 263208 ns
[2025-12-03T14:57:59.167+0000][6][safepoint   ] Safepoint "Cleanup", Time since last: 28056700221 ns, Reaching safepoint: 620042 ns, At safepoint: 48250 ns, Total: 668292 ns
[2025-12-03T14:58:02.173+0000][6][safepoint   ] Safepoint "Cleanup", Time since last: 3005169876 ns, Reaching safepoint: 413042 ns, At safepoint: 22125 ns, Total: 435167 ns
[2025-12-03T14:58:04.176+0000][6][safepoint   ] Safepoint "Cleanup", Time since last: 2002550084 ns, Reaching safepoint: 321459 ns, At safepoint: 6583 ns, Total: 328042 ns
[2025-12-03T14:58:05.181+0000][6][safepoint   ] Safepoint "Cleanup", Time since last: 1004358417 ns, Reaching safepoint: 676250 ns, At safepoint: 28709 ns, Total: 704959 ns
[2025-12-03T14:58:12.646+0000][6][gc,start    ] GC(80) Pause Young (Normal) (G1 Evacuation Pause)
[2025-12-03T14:58:12.647+0000][6][gc,task     ] GC(80) Using 8 workers of 8 for evacuation
[2025-12-03T14:58:12.647+0000][6][gc,age      ] GC(80) Desired survivor size 18874368 bytes, new threshold 15 (max threshold 15)
[2025-12-03T14:58:12.654+0000][6][gc,age      ] GC(80) Age table with threshold 15 (max threshold 15)
[2025-12-03T14:58:12.655+0000][6][gc,age      ] GC(80) - age   1:    1528976 bytes,    1528976 total
[2025-12-03T14:58:12.655+0000][6][gc,age      ] GC(80) - age   2:     432512 bytes,    1961488 total
[2025-12-03T14:58:12.655+0000][6][gc,age      ] GC(80) - age   3:      41232 bytes,    2002720 total
[2025-12-03T14:58:12.655+0000][6][gc,age      ] GC(80) - age   4:     159704 bytes,    2162424 total
[2025-12-03T14:58:12.655+0000][6][gc,age      ] GC(80) - age   5:      48160 bytes,    2210584 total
[2025-12-03T14:58:12.655+0000][6][gc,age      ] GC(80) - age   6:     829136 bytes,    3039720 total
[2025-12-03T14:58:12.655+0000][6][gc,age      ] GC(80) - age   7:      51472 bytes,    3091192 total
[2025-12-03T14:58:12.655+0000][6][gc,age      ] GC(80) - age   8:      13040 bytes,    3104232 total
[2025-12-03T14:58:12.655+0000][6][gc,age      ] GC(80) - age   9:      92552 bytes,    3196784 total
[2025-12-03T14:58:12.655+0000][6][gc,age      ] GC(80) - age  10:      15928 bytes,    3212712 total
[2025-12-03T14:58:12.655+0000][6][gc,age      ] GC(80) - age  11:      16016 bytes,    3228728 total
[2025-12-03T14:58:12.655+0000][6][gc,age      ] GC(80) - age  12:      63312 bytes,    3292040 total
[2025-12-03T14:58:12.655+0000][6][gc,age      ] GC(80) - age  13:      15160 bytes,    3307200 total
[2025-12-03T14:58:12.655+0000][6][gc,age      ] GC(80) - age  14:      18608 bytes,    3325808 total
[2025-12-03T14:58:12.655+0000][6][gc,age      ] GC(80) - age  15:      82712 bytes,    3408520 total
[2025-12-03T14:58:12.655+0000][6][gc,phases   ] GC(80)   Pre Evacuate Collection Set: 0.3ms
[2025-12-03T14:58:12.655+0000][6][gc,phases   ] GC(80)   Merge Heap Roots: 0.1ms
[2025-12-03T14:58:12.655+0000][6][gc,phases   ] GC(80)   Evacuate Collection Set: 5.0ms
[2025-12-03T14:58:12.655+0000][6][gc,phases   ] GC(80)   Post Evacuate Collection Set: 1.9ms
[2025-12-03T14:58:12.655+0000][6][gc,phases   ] GC(80)   Other: 2.6ms
[2025-12-03T14:58:12.656+0000][6][gc,heap     ] GC(80) Eden regions: 67->0(68)
[2025-12-03T14:58:12.656+0000][6][gc,heap     ] GC(80) Survivor regions: 2->1(9)
[2025-12-03T14:58:12.656+0000][6][gc,heap     ] GC(80) Old regions: 32->32
[2025-12-03T14:58:12.656+0000][6][gc,heap     ] GC(80) Archive regions: 2->2
[2025-12-03T14:58:12.656+0000][6][gc,heap     ] GC(80) Humongous regions: 2->2
[2025-12-03T14:58:12.656+0000][6][gc,metaspace] GC(80) Metaspace: 117500K(119168K)->117500K(119168K) NonClass: 102593K(103552K)->102593K(103552K) Class: 14907K(15616K)->14907K(15616K)
[2025-12-03T14:58:12.656+0000][6][gc          ] GC(80) Pause Young (Normal) (G1 Evacuation Pause) 410M->140M(512M) 9.534ms
[2025-12-03T14:58:12.656+0000][6][gc,cpu      ] GC(80) User=0.04s Sys=0.00s Real=0.01s
[2025-12-03T14:58:12.656+0000][6][safepoint   ] Safepoint "G1CollectForAllocation", Time since last: 7464585045 ns, Reaching safepoint: 76958 ns, At safepoint: 10636958 ns, Total: 10713916 ns
[2025-12-03T14:58:13.658+0000][6][safepoint   ] Safepoint "Cleanup", Time since last: 1001565543 ns, Reaching safepoint: 85208 ns, At safepoint: 7667 ns, Total: 92875 ns
[2025-12-03T14:58:16.661+0000][6][safepoint   ] Safepoint "Cleanup", Time since last: 3003164209 ns, Reaching safepoint: 147250 ns, At safepoint: 9709 ns, Total: 156959 ns
[2025-12-03T14:58:28.682+0000][6][safepoint   ] Safepoint "Cleanup", Time since last: 12020636879 ns, Reaching safepoint: 152209 ns, At safepoint: 7791 ns, Total: 160000 ns
[2025-12-03T14:58:52.732+0000][6][safepoint   ] Safepoint "Cleanup", Time since last: 24049517637 ns, Reaching safepoint: 261958 ns, At safepoint: 18500 ns, Total: 280458 ns
[2025-12-03T14:58:58.213+0000][6][gc,start    ] GC(81) Pause Young (Normal) (G1 Evacuation Pause)
[2025-12-03T14:58:58.214+0000][6][gc,task     ] GC(81) Using 8 workers of 8 for evacuation
[2025-12-03T14:58:58.214+0000][6][gc,age      ] GC(81) Desired survivor size 18874368 bytes, new threshold 15 (max threshold 15)
[2025-12-03T14:58:58.225+0000][6][gc,age      ] GC(81) Age table with threshold 15 (max threshold 15)
[2025-12-03T14:58:58.225+0000][6][gc,age      ] GC(81) - age   1:    3682776 bytes,    3682776 total
[2025-12-03T14:58:58.225+0000][6][gc,age      ] GC(81) - age   2:     538016 bytes,    4220792 total
[2025-12-03T14:58:58.225+0000][6][gc,age      ] GC(81) - age   3:     425632 bytes,    4646424 total
[2025-12-03T14:58:58.225+0000][6][gc,age      ] GC(81) - age   4:      40240 bytes,    4686664 total
[2025-12-03T14:58:58.225+0000][6][gc,age      ] GC(81) - age   5:     159608 bytes,    4846272 total
[2025-12-03T14:58:58.226+0000][6][gc,age      ] GC(81) - age   6:      47760 bytes,    4894032 total
[2025-12-03T14:58:58.226+0000][6][gc,age      ] GC(81) - age   7:     115176 bytes,    5009208 total
[2025-12-03T14:58:58.226+0000][6][gc,age      ] GC(81) - age   8:      51408 bytes,    5060616 total
[2025-12-03T14:58:58.226+0000][6][gc,age      ] GC(81) - age   9:      13040 bytes,    5073656 total
[2025-12-03T14:58:58.226+0000][6][gc,age      ] GC(81) - age  10:      92488 bytes,    5166144 total
[2025-12-03T14:58:58.226+0000][6][gc,age      ] GC(81) - age  11:      15928 bytes,    5182072 total
[2025-12-03T14:58:58.226+0000][6][gc,age      ] GC(81) - age  12:      16016 bytes,    5198088 total
[2025-12-03T14:58:58.226+0000][6][gc,age      ] GC(81) - age  13:      63312 bytes,    5261400 total
[2025-12-03T14:58:58.226+0000][6][gc,age      ] GC(81) - age  14:      15160 bytes,    5276560 total
[2025-12-03T14:58:58.226+0000][6][gc,age      ] GC(81) - age  15:      18608 bytes,    5295168 total
[2025-12-03T14:58:58.226+0000][6][gc,phases   ] GC(81)   Pre Evacuate Collection Set: 0.4ms
[2025-12-03T14:58:58.226+0000][6][gc,phases   ] GC(81)   Merge Heap Roots: 0.2ms
[2025-12-03T14:58:58.226+0000][6][gc,phases   ] GC(81)   Evacuate Collection Set: 7.9ms
[2025-12-03T14:58:58.226+0000][6][gc,phases   ] GC(81)   Post Evacuate Collection Set: 2.4ms
[2025-12-03T14:58:58.226+0000][6][gc,phases   ] GC(81)   Other: 2.0ms
[2025-12-03T14:58:58.227+0000][6][gc,heap     ] GC(81) Eden regions: 68->0(67)
[2025-12-03T14:58:58.227+0000][6][gc,heap     ] GC(81) Survivor regions: 1->2(9)
[2025-12-03T14:58:58.227+0000][6][gc,heap     ] GC(81) Old regions: 32->32
[2025-12-03T14:58:58.227+0000][6][gc,heap     ] GC(81) Archive regions: 2->2
[2025-12-03T14:58:58.227+0000][6][gc,heap     ] GC(81) Humongous regions: 2->2
[2025-12-03T14:58:58.227+0000][6][gc,metaspace] GC(81) Metaspace: 117500K(119168K)->117500K(119168K) NonClass: 102593K(103552K)->102593K(103552K) Class: 14907K(15616K)->14907K(15616K)
[2025-12-03T14:58:58.227+0000][6][gc          ] GC(81) Pause Young (Normal) (G1 Evacuation Pause) 412M->142M(512M) 13.567ms
[2025-12-03T14:58:58.227+0000][6][gc,cpu      ] GC(81) User=0.07s Sys=0.00s Real=0.01s
[2025-12-03T14:58:58.227+0000][6][safepoint   ] Safepoint "G1CollectForAllocation", Time since last: 5479742836 ns, Reaching safepoint: 184125 ns, At safepoint: 13930583 ns, Total: 14114708 ns
[2025-12-03T14:58:59.233+0000][6][safepoint   ] Safepoint "Cleanup", Time since last: 1005845834 ns, Reaching safepoint: 114500 ns, At safepoint: 7042 ns, Total: 121542 ns
[2025-12-03T14:59:04.240+0000][6][safepoint   ] Safepoint "Cleanup", Time since last: 5006606752 ns, Reaching safepoint: 270583 ns, At safepoint: 16584 ns, Total: 287167 ns
[2025-12-03T14:59:12.252+0000][6][safepoint   ] Safepoint "Cleanup", Time since last: 8011954045 ns, Reaching safepoint: 430625 ns, At safepoint: 22417 ns, Total: 453042 ns
[2025-12-03T14:59:16.260+0000][6][safepoint   ] Safepoint "Cleanup", Time since last: 4007615752 ns, Reaching safepoint: 132708 ns, At safepoint: 7250 ns, Total: 139958 ns
[2025-12-03T14:59:34.222+0000][6][gc,start    ] GC(82) Pause Young (Normal) (G1 Evacuation Pause)
[2025-12-03T14:59:34.223+0000][6][gc,task     ] GC(82) Using 8 workers of 8 for evacuation
[2025-12-03T14:59:34.223+0000][6][gc,age      ] GC(82) Desired survivor size 18874368 bytes, new threshold 15 (max threshold 15)
[2025-12-03T14:59:34.231+0000][6][gc,age      ] GC(82) Age table with threshold 15 (max threshold 15)
[2025-12-03T14:59:34.231+0000][6][gc,age      ] GC(82) - age   1:    1999640 bytes,    1999640 total
[2025-12-03T14:59:34.231+0000][6][gc,age      ] GC(82) - age   2:     912984 bytes,    2912624 total
[2025-12-03T14:59:34.231+0000][6][gc,age      ] GC(82) - age   3:     534752 bytes,    3447376 total
[2025-12-03T14:59:34.231+0000][6][gc,age      ] GC(82) - age   4:     425504 bytes,    3872880 total
[2025-12-03T14:59:34.231+0000][6][gc,age      ] GC(82) - age   5:      39944 bytes,    3912824 total
[2025-12-03T14:59:34.231+0000][6][gc,age      ] GC(82) - age   6:     159544 bytes,    4072368 total
[2025-12-03T14:59:34.231+0000][6][gc,age      ] GC(82) - age   7:      18184 bytes,    4090552 total
[2025-12-03T14:59:34.231+0000][6][gc,age      ] GC(82) - age   8:      46856 bytes,    4137408 total
[2025-12-03T14:59:34.231+0000][6][gc,age      ] GC(82) - age   9:      51408 bytes,    4188816 total
[2025-12-03T14:59:34.231+0000][6][gc,age      ] GC(82) - age  10:      13008 bytes,    4201824 total
[2025-12-03T14:59:34.231+0000][6][gc,age      ] GC(82) - age  11:      92488 bytes,    4294312 total
[2025-12-03T14:59:34.231+0000][6][gc,age      ] GC(82) - age  12:      15928 bytes,    4310240 total
[2025-12-03T14:59:34.231+0000][6][gc,age      ] GC(82) - age  13:      16016 bytes,    4326256 total
[2025-12-03T14:59:34.231+0000][6][gc,age      ] GC(82) - age  14:      63312 bytes,    4389568 total
[2025-12-03T14:59:34.231+0000][6][gc,age      ] GC(82) - age  15:      15160 bytes,    4404728 total
[2025-12-03T14:59:34.231+0000][6][gc,phases   ] GC(82)   Pre Evacuate Collection Set: 0.2ms
[2025-12-03T14:59:34.232+0000][6][gc,phases   ] GC(82)   Merge Heap Roots: 0.1ms
[2025-12-03T14:59:34.232+0000][6][gc,phases   ] GC(82)   Evacuate Collection Set: 5.5ms
[2025-12-03T14:59:34.232+0000][6][gc,phases   ] GC(82)   Post Evacuate Collection Set: 1.7ms
[2025-12-03T14:59:34.232+0000][6][gc,phases   ] GC(82)   Other: 1.7ms
[2025-12-03T14:59:34.232+0000][6][gc,heap     ] GC(82) Eden regions: 67->0(67)
[2025-12-03T14:59:34.232+0000][6][gc,heap     ] GC(82) Survivor regions: 2->2(9)
[2025-12-03T14:59:34.232+0000][6][gc,heap     ] GC(82) Old regions: 32->32
[2025-12-03T14:59:34.232+0000][6][gc,heap     ] GC(82) Archive regions: 2->2
[2025-12-03T14:59:34.232+0000][6][gc,heap     ] GC(82) Humongous regions: 2->2
[2025-12-03T14:59:34.232+0000][6][gc,metaspace] GC(82) Metaspace: 117503K(119168K)->117503K(119168K) NonClass: 102595K(103552K)->102595K(103552K) Class: 14907K(15616K)->14907K(15616K)
[2025-12-03T14:59:34.232+0000][6][gc          ] GC(82) Pause Young (Normal) (G1 Evacuation Pause) 410M->142M(512M) 9.906ms
[2025-12-03T14:59:34.232+0000][6][gc,cpu      ] GC(82) User=0.04s Sys=0.00s Real=0.01s
[2025-12-03T14:59:34.232+0000][6][safepoint   ] Safepoint "G1CollectForAllocation", Time since last: 17961527674 ns, Reaching safepoint: 158167 ns, At safepoint: 10138917 ns, Total: 10297084 ns
[2025-12-03T14:59:41.261+0000][6][safepoint   ] Safepoint "Cleanup", Time since last: 7011739961 ns, Reaching safepoint: 16629750 ns, At safepoint: 41125 ns, Total: 16670875 ns
[2025-12-03T14:59:43.265+0000][6][safepoint   ] Safepoint "Cleanup", Time since last: 2003759960 ns, Reaching safepoint: 205541 ns, At safepoint: 15625 ns, Total: 221166 ns
[2025-12-03T14:59:46.268+0000][6][safepoint   ] Safepoint "Cleanup", Time since last: 3002677168 ns, Reaching safepoint: 132167 ns, At safepoint: 10708 ns, Total: 142875 ns
[2025-12-03T14:59:50.272+0000][6][safepoint   ] Safepoint "Cleanup", Time since last: 4004754836 ns, Reaching safepoint: 92583 ns, At safepoint: 3792 ns, Total: 96375 ns
[2025-12-03T14:59:53.277+0000][6][safepoint   ] Safepoint "Cleanup", Time since last: 3004507876 ns, Reaching safepoint: 389375 ns, At safepoint: 16375 ns, Total: 405750 ns
[2025-12-03T15:00:02.311+0000][6][safepoint   ] Safepoint "Cleanup", Time since last: 9032165837 ns, Reaching safepoint: 235584 ns, At safepoint: 7458 ns, Total: 243042 ns
[2025-12-03T15:00:06.320+0000][6][safepoint   ] Safepoint "Cleanup", Time since last: 4008696168 ns, Reaching safepoint: 99125 ns, At safepoint: 3750 ns, Total: 102875 ns
[2025-12-03T15:00:08.323+0000][6][safepoint   ] Safepoint "Cleanup", Time since last: 2003070501 ns, Reaching safepoint: 253084 ns, At safepoint: 12625 ns, Total: 265709 ns
[2025-12-03T15:00:13.367+0000][6][gc,start    ] GC(83) Pause Young (Normal) (G1 Evacuation Pause)
[2025-12-03T15:00:13.367+0000][6][gc,task     ] GC(83) Using 8 workers of 8 for evacuation
[2025-12-03T15:00:13.368+0000][6][gc,age      ] GC(83) Desired survivor size 18874368 bytes, new threshold 15 (max threshold 15)
[2025-12-03T15:00:13.378+0000][6][gc,age      ] GC(83) Age table with threshold 15 (max threshold 15)
[2025-12-03T15:00:13.378+0000][6][gc,age      ] GC(83) - age   1:    3389728 bytes,    3389728 total
[2025-12-03T15:00:13.378+0000][6][gc,age      ] GC(83) - age   2:     345384 bytes,    3735112 total
[2025-12-03T15:00:13.378+0000][6][gc,age      ] GC(83) - age   3:     907984 bytes,    4643096 total
[2025-12-03T15:00:13.378+0000][6][gc,age      ] GC(83) - age   4:      35224 bytes,    4678320 total
[2025-12-03T15:00:13.378+0000][6][gc,age      ] GC(83) - age   5:     425312 bytes,    5103632 total
[2025-12-03T15:00:13.378+0000][6][gc,age      ] GC(83) - age   6:      39816 bytes,    5143448 total
[2025-12-03T15:00:13.378+0000][6][gc,age      ] GC(83) - age   7:     102296 bytes,    5245744 total
[2025-12-03T15:00:13.379+0000][6][gc,age      ] GC(83) - age   8:      18120 bytes,    5263864 total
[2025-12-03T15:00:13.379+0000][6][gc,age      ] GC(83) - age   9:      46792 bytes,    5310656 total
[2025-12-03T15:00:13.379+0000][6][gc,age      ] GC(83) - age  10:      51408 bytes,    5362064 total
[2025-12-03T15:00:13.379+0000][6][gc,age      ] GC(83) - age  11:      13008 bytes,    5375072 total
[2025-12-03T15:00:13.379+0000][6][gc,age      ] GC(83) - age  12:      92488 bytes,    5467560 total
[2025-12-03T15:00:13.379+0000][6][gc,age      ] GC(83) - age  13:      15928 bytes,    5483488 total
[2025-12-03T15:00:13.379+0000][6][gc,age      ] GC(83) - age  14:      14288 bytes,    5497776 total
[2025-12-03T15:00:13.379+0000][6][gc,age      ] GC(83) - age  15:      63312 bytes,    5561088 total
[2025-12-03T15:00:13.379+0000][6][gc,phases   ] GC(83)   Pre Evacuate Collection Set: 0.4ms
[2025-12-03T15:00:13.379+0000][6][gc,phases   ] GC(83)   Merge Heap Roots: 0.1ms
[2025-12-03T15:00:13.379+0000][6][gc,phases   ] GC(83)   Evacuate Collection Set: 7.9ms
[2025-12-03T15:00:13.379+0000][6][gc,phases   ] GC(83)   Post Evacuate Collection Set: 1.9ms
[2025-12-03T15:00:13.379+0000][6][gc,phases   ] GC(83)   Other: 1.5ms
[2025-12-03T15:00:13.379+0000][6][gc,heap     ] GC(83) Eden regions: 67->0(67)
[2025-12-03T15:00:13.379+0000][6][gc,heap     ] GC(83) Survivor regions: 2->2(9)
[2025-12-03T15:00:13.379+0000][6][gc,heap     ] GC(83) Old regions: 32->32
[2025-12-03T15:00:13.379+0000][6][gc,heap     ] GC(83) Archive regions: 2->2
[2025-12-03T15:00:13.379+0000][6][gc,heap     ] GC(83) Humongous regions: 2->2
[2025-12-03T15:00:13.380+0000][6][gc,metaspace] GC(83) Metaspace: 117513K(119168K)->117513K(119168K) NonClass: 102606K(103552K)->102606K(103552K) Class: 14907K(15616K)->14907K(15616K)
[2025-12-03T15:00:13.380+0000][6][gc          ] GC(83) Pause Young (Normal) (G1 Evacuation Pause) 410M->142M(512M) 12.229ms
[2025-12-03T15:00:13.380+0000][6][gc,cpu      ] GC(83) User=0.06s Sys=0.00s Real=0.01s
[2025-12-03T15:00:13.380+0000][6][safepoint   ] Safepoint "G1CollectForAllocation", Time since last: 5043933169 ns, Reaching safepoint: 102875 ns, At safepoint: 12452625 ns, Total: 12555500 ns
[2025-12-03T15:00:14.381+0000][6][safepoint   ] Safepoint "Cleanup", Time since last: 1001007959 ns, Reaching safepoint: 108500 ns, At safepoint: 5916 ns, Total: 114416 ns
[2025-12-03T15:00:25.397+0000][6][safepoint   ] Safepoint "Cleanup", Time since last: 11016291506 ns, Reaching safepoint: 187541 ns, At safepoint: 6000 ns, Total: 193541 ns
[2025-12-03T15:00:37.414+0000][6][safepoint   ] Safepoint "Cleanup", Time since last: 12016321464 ns, Reaching safepoint: 129541 ns, At safepoint: 22584 ns, Total: 152125 ns
[2025-12-03T15:00:41.425+0000][6][safepoint   ] Safepoint "Cleanup", Time since last: 4010350418 ns, Reaching safepoint: 213584 ns, At safepoint: 28916 ns, Total: 242500 ns
[2025-12-03T15:00:47.435+0000][6][safepoint   ] Safepoint "Cleanup", Time since last: 6009576836 ns, Reaching safepoint: 258709 ns, At safepoint: 26500 ns, Total: 285209 ns
[2025-12-03T15:00:52.690+0000][6][gc,start    ] GC(84) Pause Young (Normal) (G1 Evacuation Pause)
[2025-12-03T15:00:52.690+0000][6][gc,task     ] GC(84) Using 8 workers of 8 for evacuation
[2025-12-03T15:00:52.690+0000][6][gc,age      ] GC(84) Desired survivor size 18874368 bytes, new threshold 15 (max threshold 15)
[2025-12-03T15:00:52.697+0000][6][gc,age      ] GC(84) Age table with threshold 15 (max threshold 15)
[2025-12-03T15:00:52.697+0000][6][gc,age      ] GC(84) - age   1:    2183176 bytes,    2183176 total
[2025-12-03T15:00:52.697+0000][6][gc,age      ] GC(84) - age   2:     594616 bytes,    2777792 total
[2025-12-03T15:00:52.697+0000][6][gc,age      ] GC(84) - age   3:     192432 bytes,    2970224 total
[2025-12-03T15:00:52.697+0000][6][gc,age      ] GC(84) - age   4:     906800 bytes,    3877024 total
[2025-12-03T15:00:52.697+0000][6][gc,age      ] GC(84) - age   5:      35096 bytes,    3912120 total
[2025-12-03T15:00:52.697+0000][6][gc,age      ] GC(84) - age   6:     425312 bytes,    4337432 total
[2025-12-03T15:00:52.697+0000][6][gc,age      ] GC(84) - age   7:      39816 bytes,    4377248 total
[2025-12-03T15:00:52.697+0000][6][gc,age      ] GC(84) - age   8:      95384 bytes,    4472632 total
[2025-12-03T15:00:52.697+0000][6][gc,age      ] GC(84) - age   9:      18120 bytes,    4490752 total
[2025-12-03T15:00:52.697+0000][6][gc,age      ] GC(84) - age  10:      46792 bytes,    4537544 total
[2025-12-03T15:00:52.697+0000][6][gc,age      ] GC(84) - age  11:      51408 bytes,    4588952 total
[2025-12-03T15:00:52.697+0000][6][gc,age      ] GC(84) - age  12:      13008 bytes,    4601960 total
[2025-12-03T15:00:52.697+0000][6][gc,age      ] GC(84) - age  13:      92488 bytes,    4694448 total
[2025-12-03T15:00:52.697+0000][6][gc,age      ] GC(84) - age  14:      15928 bytes,    4710376 total
[2025-12-03T15:00:52.697+0000][6][gc,age      ] GC(84) - age  15:      14288 bytes,    4724664 total
[2025-12-03T15:00:52.697+0000][6][gc,phases   ] GC(84)   Pre Evacuate Collection Set: 0.1ms
[2025-12-03T15:00:52.697+0000][6][gc,phases   ] GC(84)   Merge Heap Roots: 0.1ms
[2025-12-03T15:00:52.697+0000][6][gc,phases   ] GC(84)   Evacuate Collection Set: 4.4ms
[2025-12-03T15:00:52.697+0000][6][gc,phases   ] GC(84)   Post Evacuate Collection Set: 1.4ms
[2025-12-03T15:00:52.698+0000][6][gc,phases   ] GC(84)   Other: 1.2ms
[2025-12-03T15:00:52.698+0000][6][gc,heap     ] GC(84) Eden regions: 67->0(67)
[2025-12-03T15:00:52.698+0000][6][gc,heap     ] GC(84) Survivor regions: 2->2(9)
[2025-12-03T15:00:52.698+0000][6][gc,heap     ] GC(84) Old regions: 32->32
[2025-12-03T15:00:52.698+0000][6][gc,heap     ] GC(84) Archive regions: 2->2
[2025-12-03T15:00:52.698+0000][6][gc,heap     ] GC(84) Humongous regions: 2->2
[2025-12-03T15:00:52.698+0000][6][gc,metaspace] GC(84) Metaspace: 117515K(119168K)->117515K(119168K) NonClass: 102608K(103552K)->102608K(103552K) Class: 14907K(15616K)->14907K(15616K)
[2025-12-03T15:00:52.698+0000][6][gc          ] GC(84) Pause Young (Normal) (G1 Evacuation Pause) 410M->142M(512M) 7.632ms
[2025-12-03T15:00:52.698+0000][6][gc,cpu      ] GC(84) User=0.03s Sys=0.00s Real=0.01s
[2025-12-03T15:00:52.698+0000][6][safepoint   ] Safepoint "G1CollectForAllocation", Time since last: 5255269961 ns, Reaching safepoint: 41916 ns, At safepoint: 7788209 ns, Total: 7830125 ns
[2025-12-03T15:00:58.709+0000][6][safepoint   ] Safepoint "Cleanup", Time since last: 6009191793 ns, Reaching safepoint: 350208 ns, At safepoint: 16959 ns, Total: 367167 ns
[2025-12-03T15:01:02.721+0000][6][safepoint   ] Safepoint "Cleanup", Time since last: 4012005085 ns, Reaching safepoint: 330875 ns, At safepoint: 7625 ns, Total: 338500 ns
[2025-12-03T15:01:04.730+0000][6][safepoint   ] Safepoint "Cleanup", Time since last: 2008620126 ns, Reaching safepoint: 285917 ns, At safepoint: 15083 ns, Total: 301000 ns
[2025-12-03T15:01:05.733+0000][6][safepoint   ] Safepoint "Cleanup", Time since last: 1003480625 ns, Reaching safepoint: 92584 ns, At safepoint: 15250 ns, Total: 107834 ns
[2025-12-03T15:01:10.749+0000][6][safepoint   ] Safepoint "Cleanup", Time since last: 5015898586 ns, Reaching safepoint: 126875 ns, At safepoint: 4625 ns, Total: 131500 ns
[2025-12-03T15:01:13.752+0000][6][safepoint   ] Safepoint "Cleanup", Time since last: 3002126793 ns, Reaching safepoint: 67916 ns, At safepoint: 3834 ns, Total: 71750 ns
[2025-12-03T15:01:16.761+0000][6][safepoint   ] Safepoint "Cleanup", Time since last: 3008813293 ns, Reaching safepoint: 264416 ns, At safepoint: 20334 ns, Total: 284750 ns
[2025-12-03T15:01:31.790+0000][6][safepoint   ] Safepoint "Cleanup", Time since last: 15027722465 ns, Reaching safepoint: 468292 ns, At safepoint: 13583 ns, Total: 481875 ns
[2025-12-03T15:01:32.793+0000][6][safepoint   ] Safepoint "Cleanup", Time since last: 1002577709 ns, Reaching safepoint: 60250 ns, At safepoint: 3208 ns, Total: 63458 ns
[2025-12-03T15:01:37.324+0000][6][gc,start    ] GC(85) Pause Young (Normal) (G1 Evacuation Pause)
[2025-12-03T15:01:37.324+0000][6][gc,task     ] GC(85) Using 8 workers of 8 for evacuation
[2025-12-03T15:01:37.325+0000][6][gc,age      ] GC(85) Desired survivor size 18874368 bytes, new threshold 15 (max threshold 15)
[2025-12-03T15:01:37.334+0000][6][gc,age      ] GC(85) Age table with threshold 15 (max threshold 15)
[2025-12-03T15:01:37.334+0000][6][gc,age      ] GC(85) - age   1:    2220568 bytes,    2220568 total
[2025-12-03T15:01:37.334+0000][6][gc,age      ] GC(85) - age   2:      89152 bytes,    2309720 total
[2025-12-03T15:01:37.334+0000][6][gc,age      ] GC(85) - age   3:     587144 bytes,    2896864 total
[2025-12-03T15:01:37.334+0000][6][gc,age      ] GC(85) - age   4:     190632 bytes,    3087496 total
[2025-12-03T15:01:37.334+0000][6][gc,age      ] GC(85) - age   5:     906608 bytes,    3994104 total
[2025-12-03T15:01:37.334+0000][6][gc,age      ] GC(85) - age   6:      35096 bytes,    4029200 total
[2025-12-03T15:01:37.334+0000][6][gc,age      ] GC(85) - age   7:     425312 bytes,    4454512 total
[2025-12-03T15:01:37.334+0000][6][gc,age      ] GC(85) - age   8:      18840 bytes,    4473352 total
[2025-12-03T15:01:37.334+0000][6][gc,age      ] GC(85) - age   9:      82136 bytes,    4555488 total
[2025-12-03T15:01:37.335+0000][6][gc,age      ] GC(85) - age  10:      18120 bytes,    4573608 total
[2025-12-03T15:01:37.335+0000][6][gc,age      ] GC(85) - age  11:      46792 bytes,    4620400 total
[2025-12-03T15:01:37.335+0000][6][gc,age      ] GC(85) - age  12:      51408 bytes,    4671808 total
[2025-12-03T15:01:37.335+0000][6][gc,age      ] GC(85) - age  13:      12944 bytes,    4684752 total
[2025-12-03T15:01:37.335+0000][6][gc,age      ] GC(85) - age  14:      92488 bytes,    4777240 total
[2025-12-03T15:01:37.335+0000][6][gc,age      ] GC(85) - age  15:      15928 bytes,    4793168 total
[2025-12-03T15:01:37.335+0000][6][gc,phases   ] GC(85)   Pre Evacuate Collection Set: 0.5ms
[2025-12-03T15:01:37.335+0000][6][gc,phases   ] GC(85)   Merge Heap Roots: 0.2ms
[2025-12-03T15:01:37.335+0000][6][gc,phases   ] GC(85)   Evacuate Collection Set: 6.7ms
[2025-12-03T15:01:37.335+0000][6][gc,phases   ] GC(85)   Post Evacuate Collection Set: 1.8ms
[2025-12-03T15:01:37.335+0000][6][gc,phases   ] GC(85)   Other: 1.7ms
[2025-12-03T15:01:37.335+0000][6][gc,heap     ] GC(85) Eden regions: 67->0(67)
[2025-12-03T15:01:37.335+0000][6][gc,heap     ] GC(85) Survivor regions: 2->2(9)
[2025-12-03T15:01:37.335+0000][6][gc,heap     ] GC(85) Old regions: 32->32
[2025-12-03T15:01:37.335+0000][6][gc,heap     ] GC(85) Archive regions: 2->2
[2025-12-03T15:01:37.335+0000][6][gc,heap     ] GC(85) Humongous regions: 2->2
[2025-12-03T15:01:37.335+0000][6][gc,metaspace] GC(85) Metaspace: 117527K(119232K)->117527K(119232K) NonClass: 102619K(103616K)->102619K(103616K) Class: 14908K(15616K)->14908K(15616K)
[2025-12-03T15:01:37.335+0000][6][gc          ] GC(85) Pause Young (Normal) (G1 Evacuation Pause) 410M->142M(512M) 11.340ms
[2025-12-03T15:01:37.336+0000][6][gc,cpu      ] GC(85) User=0.05s Sys=0.00s Real=0.02s
[2025-12-03T15:01:37.336+0000][6][safepoint   ] Safepoint "G1CollectForAllocation", Time since last: 4531147961 ns, Reaching safepoint: 178000 ns, At safepoint: 11618125 ns, Total: 11796125 ns
[2025-12-03T15:01:59.366+0000][6][safepoint   ] Safepoint "Cleanup", Time since last: 22029021551 ns, Reaching safepoint: 669250 ns, At safepoint: 28875 ns, Total: 698125 ns
[2025-12-03T15:02:08.379+0000][6][safepoint   ] Safepoint "Cleanup", Time since last: 9012551004 ns, Reaching safepoint: 541834 ns, At safepoint: 11625 ns, Total: 553459 ns
[2025-12-03T15:02:10.382+0000][6][safepoint   ] Safepoint "Cleanup", Time since last: 2002435126 ns, Reaching safepoint: 62916 ns, At safepoint: 3917 ns, Total: 66833 ns
[2025-12-03T15:02:11.386+0000][6][safepoint   ] Safepoint "Cleanup", Time since last: 1004134750 ns, Reaching safepoint: 217750 ns, At safepoint: 18250 ns, Total: 236000 ns
[2025-12-03T15:02:14.392+0000][6][safepoint   ] Safepoint "Cleanup", Time since last: 3005296919 ns, Reaching safepoint: 145541 ns, At safepoint: 9959 ns, Total: 155500 ns
[2025-12-03T15:02:16.397+0000][6][safepoint   ] Safepoint "Cleanup", Time since last: 2005606001 ns, Reaching safepoint: 153875 ns, At safepoint: 3500 ns, Total: 157375 ns
[2025-12-03T15:02:17.316+0000][6][gc,start    ] GC(86) Pause Young (Normal) (G1 Evacuation Pause)
[2025-12-03T15:02:17.317+0000][6][gc,task     ] GC(86) Using 8 workers of 8 for evacuation
[2025-12-03T15:02:17.317+0000][6][gc,age      ] GC(86) Desired survivor size 18874368 bytes, new threshold 15 (max threshold 15)
[2025-12-03T15:02:17.336+0000][6][gc,age      ] GC(86) Age table with threshold 15 (max threshold 15)
[2025-12-03T15:02:17.339+0000][6][gc,age      ] GC(86) - age   1:    2888952 bytes,    2888952 total
[2025-12-03T15:02:17.339+0000][6][gc,age      ] GC(86) - age   2:      96544 bytes,    2985496 total
[2025-12-03T15:02:17.339+0000][6][gc,age      ] GC(86) - age   3:      86744 bytes,    3072240 total
[2025-12-03T15:02:17.339+0000][6][gc,age      ] GC(86) - age   4:      87592 bytes,    3159832 total
[2025-12-03T15:02:17.339+0000][6][gc,age      ] GC(86) - age   5:     190600 bytes,    3350432 total
[2025-12-03T15:02:17.339+0000][6][gc,age      ] GC(86) - age   6:     906416 bytes,    4256848 total
[2025-12-03T15:02:17.339+0000][6][gc,age      ] GC(86) - age   7:      34968 bytes,    4291816 total
[2025-12-03T15:02:17.340+0000][6][gc,age      ] GC(86) - age   8:     424928 bytes,    4716744 total
[2025-12-03T15:02:17.340+0000][6][gc,age      ] GC(86) - age   9:      18840 bytes,    4735584 total
[2025-12-03T15:02:17.340+0000][6][gc,age      ] GC(86) - age  10:      82136 bytes,    4817720 total
[2025-12-03T15:02:17.340+0000][6][gc,age      ] GC(86) - age  11:      18120 bytes,    4835840 total
[2025-12-03T15:02:17.340+0000][6][gc,age      ] GC(86) - age  12:      46792 bytes,    4882632 total
[2025-12-03T15:02:17.340+0000][6][gc,age      ] GC(86) - age  13:      51408 bytes,    4934040 total
[2025-12-03T15:02:17.340+0000][6][gc,age      ] GC(86) - age  14:      12944 bytes,    4946984 total
[2025-12-03T15:02:17.340+0000][6][gc,age      ] GC(86) - age  15:      92488 bytes,    5039472 total
[2025-12-03T15:02:17.340+0000][6][gc,phases   ] GC(86)   Pre Evacuate Collection Set: 0.5ms
[2025-12-03T15:02:17.340+0000][6][gc,phases   ] GC(86)   Merge Heap Roots: 0.2ms
[2025-12-03T15:02:17.340+0000][6][gc,phases   ] GC(86)   Evacuate Collection Set: 14.6ms
[2025-12-03T15:02:17.340+0000][6][gc,phases   ] GC(86)   Post Evacuate Collection Set: 3.9ms
[2025-12-03T15:02:17.341+0000][6][gc,phases   ] GC(86)   Other: 4.9ms
[2025-12-03T15:02:17.341+0000][6][gc,heap     ] GC(86) Eden regions: 67->0(67)
[2025-12-03T15:02:17.341+0000][6][gc,heap     ] GC(86) Survivor regions: 2->2(9)
[2025-12-03T15:02:17.341+0000][6][gc,heap     ] GC(86) Old regions: 32->32
[2025-12-03T15:02:17.341+0000][6][gc,heap     ] GC(86) Archive regions: 2->2
[2025-12-03T15:02:17.341+0000][6][gc,heap     ] GC(86) Humongous regions: 2->2
[2025-12-03T15:02:17.341+0000][6][gc,metaspace] GC(86) Metaspace: 117534K(119232K)->117534K(119232K) NonClass: 102626K(103616K)->102626K(103616K) Class: 14908K(15616K)->14908K(15616K)
[2025-12-03T15:02:17.341+0000][6][gc          ] GC(86) Pause Young (Normal) (G1 Evacuation Pause) 410M->142M(512M) 24.872ms
[2025-12-03T15:02:17.341+0000][6][gc,cpu      ] GC(86) User=0.09s Sys=0.00s Real=0.03s
[2025-12-03T15:02:17.341+0000][6][safepoint   ] Safepoint "G1CollectForAllocation", Time since last: 918558292 ns, Reaching safepoint: 118416 ns, At safepoint: 25234459 ns, Total: 25352875 ns
[2025-12-03T15:02:33.370+0000][6][safepoint   ] Safepoint "Cleanup", Time since last: 16026417132 ns, Reaching safepoint: 468167 ns, At safepoint: 185625 ns, Total: 653792 ns
[2025-12-03T15:02:50.424+0000][6][safepoint   ] Safepoint "Cleanup", Time since last: 17054279424 ns, Reaching safepoint: 277959 ns, At safepoint: 11375 ns, Total: 289334 ns
[2025-12-03T15:03:01.328+0000][6][gc,start    ] GC(87) Pause Young (Normal) (G1 Evacuation Pause)
[2025-12-03T15:03:01.329+0000][6][gc,task     ] GC(87) Using 8 workers of 8 for evacuation
[2025-12-03T15:03:01.330+0000][6][gc,age      ] GC(87) Desired survivor size 18874368 bytes, new threshold 15 (max threshold 15)
[2025-12-03T15:03:01.341+0000][6][gc,age      ] GC(87) Age table with threshold 15 (max threshold 15)
[2025-12-03T15:03:01.342+0000][6][gc,age      ] GC(87) - age   1:    1800856 bytes,    1800856 total
[2025-12-03T15:03:01.342+0000][6][gc,age      ] GC(87) - age   2:     527840 bytes,    2328696 total
[2025-12-03T15:03:01.342+0000][6][gc,age      ] GC(87) - age   3:      92000 bytes,    2420696 total
[2025-12-03T15:03:01.342+0000][6][gc,age      ] GC(87) - age   4:      84760 bytes,    2505456 total
[2025-12-03T15:03:01.342+0000][6][gc,age      ] GC(87) - age   5:      86888 bytes,    2592344 total
[2025-12-03T15:03:01.342+0000][6][gc,age      ] GC(87) - age   6:     190136 bytes,    2782480 total
[2025-12-03T15:03:01.342+0000][6][gc,age      ] GC(87) - age   7:     906288 bytes,    3688768 total
[2025-12-03T15:03:01.342+0000][6][gc,age      ] GC(87) - age   8:      34968 bytes,    3723736 total
[2025-12-03T15:03:01.342+0000][6][gc,age      ] GC(87) - age   9:     252864 bytes,    3976600 total
[2025-12-03T15:03:01.342+0000][6][gc,age      ] GC(87) - age  10:      18840 bytes,    3995440 total
[2025-12-03T15:03:01.342+0000][6][gc,age      ] GC(87) - age  11:      82136 bytes,    4077576 total
[2025-12-03T15:03:01.342+0000][6][gc,age      ] GC(87) - age  12:      18120 bytes,    4095696 total
[2025-12-03T15:03:01.342+0000][6][gc,age      ] GC(87) - age  13:      46792 bytes,    4142488 total
[2025-12-03T15:03:01.342+0000][6][gc,age      ] GC(87) - age  14:      51408 bytes,    4193896 total
[2025-12-03T15:03:01.343+0000][6][gc,age      ] GC(87) - age  15:      12944 bytes,    4206840 total
[2025-12-03T15:03:01.343+0000][6][gc,phases   ] GC(87)   Pre Evacuate Collection Set: 0.6ms
[2025-12-03T15:03:01.343+0000][6][gc,phases   ] GC(87)   Merge Heap Roots: 0.2ms
[2025-12-03T15:03:01.343+0000][6][gc,phases   ] GC(87)   Evacuate Collection Set: 8.7ms
[2025-12-03T15:03:01.343+0000][6][gc,phases   ] GC(87)   Post Evacuate Collection Set: 2.1ms
[2025-12-03T15:03:01.343+0000][6][gc,phases   ] GC(87)   Other: 3.3ms
[2025-12-03T15:03:01.343+0000][6][gc,heap     ] GC(87) Eden regions: 67->0(67)
[2025-12-03T15:03:01.343+0000][6][gc,heap     ] GC(87) Survivor regions: 2->2(9)
[2025-12-03T15:03:01.343+0000][6][gc,heap     ] GC(87) Old regions: 32->32
[2025-12-03T15:03:01.343+0000][6][gc,heap     ] GC(87) Archive regions: 2->2
[2025-12-03T15:03:01.343+0000][6][gc,heap     ] GC(87) Humongous regions: 2->2
[2025-12-03T15:03:01.343+0000][6][gc,metaspace] GC(87) Metaspace: 117534K(119232K)->117534K(119232K) NonClass: 102626K(103616K)->102626K(103616K) Class: 14908K(15616K)->14908K(15616K)
[2025-12-03T15:03:01.343+0000][6][gc          ] GC(87) Pause Young (Normal) (G1 Evacuation Pause) 410M->141M(512M) 15.361ms
[2025-12-03T15:03:01.343+0000][6][gc,cpu      ] GC(87) User=0.07s Sys=0.00s Real=0.02s
[2025-12-03T15:03:01.343+0000][6][safepoint   ] Safepoint "G1CollectForAllocation", Time since last: 10902240546 ns, Reaching safepoint: 325750 ns, At safepoint: 15756000 ns, Total: 16081750 ns
[2025-12-03T15:03:05.349+0000][6][safepoint   ] Safepoint "Cleanup", Time since last: 4005064294 ns, Reaching safepoint: 613667 ns, At safepoint: 28375 ns, Total: 642042 ns
[2025-12-03T15:03:06.355+0000][6][safepoint   ] Safepoint "Cleanup", Time since last: 1005295708 ns, Reaching safepoint: 116125 ns, At safepoint: 5084 ns, Total: 121209 ns
[2025-12-03T15:03:14.368+0000][6][safepoint   ] Safepoint "Cleanup", Time since last: 8013549545 ns, Reaching safepoint: 219917 ns, At safepoint: 13708 ns, Total: 233625 ns
[2025-12-03T15:03:17.375+0000][6][safepoint   ] Safepoint "Cleanup", Time since last: 3006235168 ns, Reaching safepoint: 225500 ns, At safepoint: 11584 ns, Total: 237084 ns
[2025-12-03T15:03:27.390+0000][6][safepoint   ] Safepoint "Cleanup", Time since last: 10014026421 ns, Reaching safepoint: 621125 ns, At safepoint: 26291 ns, Total: 647416 ns
[2025-12-03T15:03:40.391+0000][6][gc,start    ] GC(88) Pause Young (Normal) (G1 Evacuation Pause)
[2025-12-03T15:03:40.391+0000][6][gc,task     ] GC(88) Using 8 workers of 8 for evacuation
[2025-12-03T15:03:40.392+0000][6][gc,age      ] GC(88) Desired survivor size 18874368 bytes, new threshold 15 (max threshold 15)
[2025-12-03T15:03:40.405+0000][6][gc,age      ] GC(88) Age table with threshold 15 (max threshold 15)
[2025-12-03T15:03:40.405+0000][6][gc,age      ] GC(88) - age   1:    3128352 bytes,    3128352 total
[2025-12-03T15:03:40.406+0000][6][gc,age      ] GC(88) - age   2:     215672 bytes,    3344024 total
[2025-12-03T15:03:40.406+0000][6][gc,age      ] GC(88) - age   3:     521744 bytes,    3865768 total
[2025-12-03T15:03:40.406+0000][6][gc,age      ] GC(88) - age   4:      90400 bytes,    3956168 total
[2025-12-03T15:03:40.406+0000][6][gc,age      ] GC(88) - age   5:      84472 bytes,    4040640 total
[2025-12-03T15:03:40.406+0000][6][gc,age      ] GC(88) - age   6:      86760 bytes,    4127400 total
[2025-12-03T15:03:40.406+0000][6][gc,age      ] GC(88) - age   7:     190136 bytes,    4317536 total
[2025-12-03T15:03:40.406+0000][6][gc,age      ] GC(88) - age   8:     906224 bytes,    5223760 total
[2025-12-03T15:03:40.406+0000][6][gc,age      ] GC(88) - age   9:      34968 bytes,    5258728 total
[2025-12-03T15:03:40.406+0000][6][gc,age      ] GC(88) - age  10:     163432 bytes,    5422160 total
[2025-12-03T15:03:40.406+0000][6][gc,age      ] GC(88) - age  11:      18840 bytes,    5441000 total
[2025-12-03T15:03:40.406+0000][6][gc,age      ] GC(88) - age  12:      82136 bytes,    5523136 total
[2025-12-03T15:03:40.406+0000][6][gc,age      ] GC(88) - age  13:      18120 bytes,    5541256 total
[2025-12-03T15:03:40.406+0000][6][gc,age      ] GC(88) - age  14:      46792 bytes,    5588048 total
[2025-12-03T15:03:40.406+0000][6][gc,age      ] GC(88) - age  15:      51408 bytes,    5639456 total
[2025-12-03T15:03:40.407+0000][6][gc,phases   ] GC(88)   Pre Evacuate Collection Set: 0.3ms
[2025-12-03T15:03:40.407+0000][6][gc,phases   ] GC(88)   Merge Heap Roots: 0.2ms
[2025-12-03T15:03:40.407+0000][6][gc,phases   ] GC(88)   Evacuate Collection Set: 6.1ms
[2025-12-03T15:03:40.408+0000][6][gc,phases   ] GC(88)   Post Evacuate Collection Set: 6.8ms
[2025-12-03T15:03:40.408+0000][6][gc,phases   ] GC(88)   Other: 2.9ms
[2025-12-03T15:03:40.408+0000][6][gc,heap     ] GC(88) Eden regions: 67->0(67)
[2025-12-03T15:03:40.408+0000][6][gc,heap     ] GC(88) Survivor regions: 2->2(9)
[2025-12-03T15:03:40.408+0000][6][gc,heap     ] GC(88) Old regions: 32->32
[2025-12-03T15:03:40.408+0000][6][gc,heap     ] GC(88) Archive regions: 2->2
[2025-12-03T15:03:40.408+0000][6][gc,heap     ] GC(88) Humongous regions: 2->2
[2025-12-03T15:03:40.408+0000][6][gc,metaspace] GC(88) Metaspace: 117567K(119232K)->117567K(119232K) NonClass: 102659K(103616K)->102659K(103616K) Class: 14908K(15616K)->14908K(15616K)
[2025-12-03T15:03:40.408+0000][6][gc          ] GC(88) Pause Young (Normal) (G1 Evacuation Pause) 409M->143M(512M) 17.650ms
[2025-12-03T15:03:40.408+0000][6][gc,cpu      ] GC(88) User=0.06s Sys=0.00s Real=0.01s
[2025-12-03T15:03:40.408+0000][6][safepoint   ] Safepoint "G1CollectForAllocation", Time since last: 12999853548 ns, Reaching safepoint: 444375 ns, At safepoint: 18025042 ns, Total: 18469417 ns
[2025-12-03T15:03:47.435+0000][6][safepoint   ] Safepoint "Cleanup", Time since last: 7026697253 ns, Reaching safepoint: 232459 ns, At safepoint: 9708 ns, Total: 242167 ns
[2025-12-03T15:03:49.444+0000][6][safepoint   ] Safepoint "Cleanup", Time since last: 2008655334 ns, Reaching safepoint: 45375 ns, At safepoint: 2417 ns, Total: 47792 ns
[2025-12-03T15:03:55.453+0000][6][safepoint   ] Safepoint "Cleanup", Time since last: 6007994336 ns, Reaching safepoint: 550875 ns, At safepoint: 29042 ns, Total: 579917 ns
[2025-12-03T15:04:06.476+0000][6][safepoint   ] Safepoint "Cleanup", Time since last: 11010127421 ns, Reaching safepoint: 12085292 ns, At safepoint: 29583 ns, Total: 12114875 ns
[2025-12-03T15:04:10.484+0000][6][safepoint   ] Safepoint "Cleanup", Time since last: 4006294544 ns, Reaching safepoint: 1742750 ns, At safepoint: 8625 ns, Total: 1751375 ns
[2025-12-03T15:04:22.780+0000][6][gc,start    ] GC(89) Pause Young (Normal) (G1 Evacuation Pause)
[2025-12-03T15:04:22.781+0000][6][gc,task     ] GC(89) Using 8 workers of 8 for evacuation
[2025-12-03T15:04:22.781+0000][6][gc,age      ] GC(89) Desired survivor size 18874368 bytes, new threshold 15 (max threshold 15)
[2025-12-03T15:04:22.795+0000][6][gc,age      ] GC(89) Age table with threshold 15 (max threshold 15)
[2025-12-03T15:04:22.795+0000][6][gc,age      ] GC(89) - age   1:    3162056 bytes,    3162056 total
[2025-12-03T15:04:22.796+0000][6][gc,age      ] GC(89) - age   2:     189944 bytes,    3352000 total
[2025-12-03T15:04:22.796+0000][6][gc,age      ] GC(89) - age   3:     211552 bytes,    3563552 total
[2025-12-03T15:04:22.796+0000][6][gc,age      ] GC(89) - age   4:     520344 bytes,    4083896 total
[2025-12-03T15:04:22.796+0000][6][gc,age      ] GC(89) - age   5:      90336 bytes,    4174232 total
[2025-12-03T15:04:22.796+0000][6][gc,age      ] GC(89) - age   6:      84440 bytes,    4258672 total
[2025-12-03T15:04:22.796+0000][6][gc,age      ] GC(89) - age   7:      86560 bytes,    4345232 total
[2025-12-03T15:04:22.796+0000][6][gc,age      ] GC(89) - age   8:     190136 bytes,    4535368 total
[2025-12-03T15:04:22.796+0000][6][gc,age      ] GC(89) - age   9:     102944 bytes,    4638312 total
[2025-12-03T15:04:22.796+0000][6][gc,age      ] GC(89) - age  10:      16608 bytes,    4654920 total
[2025-12-03T15:04:22.796+0000][6][gc,age      ] GC(89) - age  11:     163336 bytes,    4818256 total
[2025-12-03T15:04:22.796+0000][6][gc,age      ] GC(89) - age  12:      18840 bytes,    4837096 total
[2025-12-03T15:04:22.796+0000][6][gc,age      ] GC(89) - age  13:      82136 bytes,    4919232 total
[2025-12-03T15:04:22.796+0000][6][gc,age      ] GC(89) - age  14:      18120 bytes,    4937352 total
[2025-12-03T15:04:22.796+0000][6][gc,age      ] GC(89) - age  15:      46792 bytes,    4984144 total
[2025-12-03T15:04:22.796+0000][6][gc,phases   ] GC(89)   Pre Evacuate Collection Set: 0.4ms
[2025-12-03T15:04:22.797+0000][6][gc,phases   ] GC(89)   Merge Heap Roots: 0.2ms
[2025-12-03T15:04:22.797+0000][6][gc,phases   ] GC(89)   Evacuate Collection Set: 10.3ms
[2025-12-03T15:04:22.797+0000][6][gc,phases   ] GC(89)   Post Evacuate Collection Set: 2.8ms
[2025-12-03T15:04:22.797+0000][6][gc,phases   ] GC(89)   Other: 2.8ms
[2025-12-03T15:04:22.797+0000][6][gc,heap     ] GC(89) Eden regions: 67->0(67)
[2025-12-03T15:04:22.797+0000][6][gc,heap     ] GC(89) Survivor regions: 2->2(9)
[2025-12-03T15:04:22.797+0000][6][gc,heap     ] GC(89) Old regions: 32->32
[2025-12-03T15:04:22.797+0000][6][gc,heap     ] GC(89) Archive regions: 2->2
[2025-12-03T15:04:22.797+0000][6][gc,heap     ] GC(89) Humongous regions: 2->2
[2025-12-03T15:04:22.797+0000][6][gc,metaspace] GC(89) Metaspace: 117592K(119296K)->117592K(119296K) NonClass: 102682K(103680K)->102682K(103680K) Class: 14909K(15616K)->14909K(15616K)
[2025-12-03T15:04:22.797+0000][6][gc          ] GC(89) Pause Young (Normal) (G1 Evacuation Pause) 411M->142M(512M) 16.950ms
[2025-12-03T15:04:22.797+0000][6][gc,cpu      ] GC(89) User=0.07s Sys=0.00s Real=0.01s
[2025-12-03T15:04:22.797+0000][6][safepoint   ] Safepoint "G1CollectForAllocation", Time since last: 12295702172 ns, Reaching safepoint: 214417 ns, At safepoint: 17374458 ns, Total: 17588875 ns
[2025-12-03T15:04:23.799+0000][6][safepoint   ] Safepoint "Cleanup", Time since last: 1001650542 ns, Reaching safepoint: 112709 ns, At safepoint: 13166 ns, Total: 125875 ns
[2025-12-03T15:04:29.806+0000][6][safepoint   ] Safepoint "Cleanup", Time since last: 6006452211 ns, Reaching safepoint: 182667 ns, At safepoint: 8333 ns, Total: 191000 ns
[2025-12-03T15:04:36.816+0000][6][safepoint   ] Safepoint "Cleanup", Time since last: 7009483420 ns, Reaching safepoint: 858708 ns, At safepoint: 18292 ns, Total: 877000 ns
[2025-12-03T15:04:40.821+0000][6][safepoint   ] Safepoint "Cleanup", Time since last: 4004113335 ns, Reaching safepoint: 193917 ns, At safepoint: 42833 ns, Total: 236750 ns
[2025-12-03T15:05:02.141+0000][6][gc,start    ] GC(90) Pause Young (Normal) (G1 Evacuation Pause)
[2025-12-03T15:05:02.142+0000][6][gc,task     ] GC(90) Using 8 workers of 8 for evacuation
[2025-12-03T15:05:02.142+0000][6][gc,age      ] GC(90) Desired survivor size 18874368 bytes, new threshold 15 (max threshold 15)
[2025-12-03T15:05:02.153+0000][6][gc,age      ] GC(90) Age table with threshold 15 (max threshold 15)
[2025-12-03T15:05:02.153+0000][6][gc,age      ] GC(90) - age   1:    3316416 bytes,    3316416 total
[2025-12-03T15:05:02.153+0000][6][gc,age      ] GC(90) - age   2:     948576 bytes,    4264992 total
[2025-12-03T15:05:02.153+0000][6][gc,age      ] GC(90) - age   3:     184064 bytes,    4449056 total
[2025-12-03T15:05:02.153+0000][6][gc,age      ] GC(90) - age   4:     211088 bytes,    4660144 total
[2025-12-03T15:05:02.153+0000][6][gc,age      ] GC(90) - age   5:      21872 bytes,    4682016 total
[2025-12-03T15:05:02.154+0000][6][gc,age      ] GC(90) - age   6:      90272 bytes,    4772288 total
[2025-12-03T15:05:02.154+0000][6][gc,age      ] GC(90) - age   7:      84440 bytes,    4856728 total
[2025-12-03T15:05:02.154+0000][6][gc,age      ] GC(90) - age   8:      86496 bytes,    4943224 total
[2025-12-03T15:05:02.154+0000][6][gc,age      ] GC(90) - age   9:     178208 bytes,    5121432 total
[2025-12-03T15:05:02.154+0000][6][gc,age      ] GC(90) - age  10:     102944 bytes,    5224376 total
[2025-12-03T15:05:02.154+0000][6][gc,age      ] GC(90) - age  11:      16608 bytes,    5240984 total
[2025-12-03T15:05:02.154+0000][6][gc,age      ] GC(90) - age  12:     163336 bytes,    5404320 total
[2025-12-03T15:05:02.154+0000][6][gc,age      ] GC(90) - age  13:      18840 bytes,    5423160 total
[2025-12-03T15:05:02.154+0000][6][gc,age      ] GC(90) - age  14:      82136 bytes,    5505296 total
[2025-12-03T15:05:02.154+0000][6][gc,age      ] GC(90) - age  15:      18120 bytes,    5523416 total
[2025-12-03T15:05:02.154+0000][6][gc,phases   ] GC(90)   Pre Evacuate Collection Set: 0.3ms
[2025-12-03T15:05:02.154+0000][6][gc,phases   ] GC(90)   Merge Heap Roots: 0.2ms
[2025-12-03T15:05:02.154+0000][6][gc,phases   ] GC(90)   Evacuate Collection Set: 7.5ms
[2025-12-03T15:05:02.154+0000][6][gc,phases   ] GC(90)   Post Evacuate Collection Set: 2.5ms
[2025-12-03T15:05:02.154+0000][6][gc,phases   ] GC(90)   Other: 2.5ms
[2025-12-03T15:05:02.155+0000][6][gc,heap     ] GC(90) Eden regions: 67->0(67)
[2025-12-03T15:05:02.155+0000][6][gc,heap     ] GC(90) Survivor regions: 2->2(9)
[2025-12-03T15:05:02.155+0000][6][gc,heap     ] GC(90) Old regions: 32->32
[2025-12-03T15:05:02.155+0000][6][gc,heap     ] GC(90) Archive regions: 2->2
[2025-12-03T15:05:02.155+0000][6][gc,heap     ] GC(90) Humongous regions: 2->2
[2025-12-03T15:05:02.155+0000][6][gc,metaspace] GC(90) Metaspace: 117592K(119296K)->117592K(119296K) NonClass: 102682K(103680K)->102682K(103680K) Class: 14909K(15616K)->14909K(15616K)
[2025-12-03T15:05:02.155+0000][6][gc          ] GC(90) Pause Young (Normal) (G1 Evacuation Pause) 410M->143M(512M) 13.455ms
[2025-12-03T15:05:02.155+0000][6][gc,cpu      ] GC(90) User=0.06s Sys=0.01s Real=0.01s
[2025-12-03T15:05:02.155+0000][6][safepoint   ] Safepoint "G1CollectForAllocation", Time since last: 21319062176 ns, Reaching safepoint: 396667 ns, At safepoint: 13828541 ns, Total: 14225208 ns
[2025-12-03T15:05:06.161+0000][6][safepoint   ] Safepoint "Cleanup", Time since last: 4005658169 ns, Reaching safepoint: 313167 ns, At safepoint: 37250 ns, Total: 350417 ns
[2025-12-03T15:05:41.341+0000][6][gc,start    ] GC(91) Pause Young (Normal) (G1 Evacuation Pause)
[2025-12-03T15:05:41.343+0000][6][gc,task     ] GC(91) Using 8 workers of 8 for evacuation
[2025-12-03T15:05:41.343+0000][6][gc,age      ] GC(91) Desired survivor size 18874368 bytes, new threshold 15 (max threshold 15)
[2025-12-03T15:05:41.357+0000][6][gc,age      ] GC(91) Age table with threshold 15 (max threshold 15)
[2025-12-03T15:05:41.357+0000][6][gc,age      ] GC(91) - age   1:    1764000 bytes,    1764000 total
[2025-12-03T15:05:41.357+0000][6][gc,age      ] GC(91) - age   2:     534176 bytes,    2298176 total
[2025-12-03T15:05:41.358+0000][6][gc,age      ] GC(91) - age   3:     943904 bytes,    3242080 total
[2025-12-03T15:05:41.358+0000][6][gc,age      ] GC(91) - age   4:     182432 bytes,    3424512 total
[2025-12-03T15:05:41.358+0000][6][gc,age      ] GC(91) - age   5:     210896 bytes,    3635408 total
[2025-12-03T15:05:41.358+0000][6][gc,age      ] GC(91) - age   6:      21808 bytes,    3657216 total
[2025-12-03T15:05:41.358+0000][6][gc,age      ] GC(91) - age   7:      90208 bytes,    3747424 total
[2025-12-03T15:05:41.358+0000][6][gc,age      ] GC(91) - age   8:      84440 bytes,    3831864 total
[2025-12-03T15:05:41.358+0000][6][gc,age      ] GC(91) - age   9:      22208 bytes,    3854072 total
[2025-12-03T15:05:41.358+0000][6][gc,age      ] GC(91) - age  10:      79272 bytes,    3933344 total
[2025-12-03T15:05:41.358+0000][6][gc,age      ] GC(91) - age  11:     102944 bytes,    4036288 total
[2025-12-03T15:05:41.358+0000][6][gc,age      ] GC(91) - age  12:      16608 bytes,    4052896 total
[2025-12-03T15:05:41.358+0000][6][gc,age      ] GC(91) - age  13:     163336 bytes,    4216232 total
[2025-12-03T15:05:41.358+0000][6][gc,age      ] GC(91) - age  14:      18840 bytes,    4235072 total
[2025-12-03T15:05:41.358+0000][6][gc,age      ] GC(91) - age  15:      82136 bytes,    4317208 total
[2025-12-03T15:05:41.359+0000][6][gc,phases   ] GC(91)   Pre Evacuate Collection Set: 0.5ms
[2025-12-03T15:05:41.359+0000][6][gc,phases   ] GC(91)   Merge Heap Roots: 0.2ms
[2025-12-03T15:05:41.359+0000][6][gc,phases   ] GC(91)   Evacuate Collection Set: 10.1ms
[2025-12-03T15:05:41.359+0000][6][gc,phases   ] GC(91)   Post Evacuate Collection Set: 3.2ms
[2025-12-03T15:05:41.359+0000][6][gc,phases   ] GC(91)   Other: 4.0ms
[2025-12-03T15:05:41.359+0000][6][gc,heap     ] GC(91) Eden regions: 67->0(67)
[2025-12-03T15:05:41.359+0000][6][gc,heap     ] GC(91) Survivor regions: 2->2(9)
[2025-12-03T15:05:41.359+0000][6][gc,heap     ] GC(91) Old regions: 32->32
[2025-12-03T15:05:41.359+0000][6][gc,heap     ] GC(91) Archive regions: 2->2
[2025-12-03T15:05:41.359+0000][6][gc,heap     ] GC(91) Humongous regions: 2->2
[2025-12-03T15:05:41.359+0000][6][gc,metaspace] GC(91) Metaspace: 117592K(119296K)->117592K(119296K) NonClass: 102682K(103680K)->102682K(103680K) Class: 14909K(15616K)->14909K(15616K)
[2025-12-03T15:05:41.359+0000][6][gc          ] GC(91) Pause Young (Normal) (G1 Evacuation Pause) 411M->142M(512M) 18.521ms
[2025-12-03T15:05:41.359+0000][6][gc,cpu      ] GC(91) User=0.07s Sys=0.00s Real=0.02s
[2025-12-03T15:05:41.359+0000][6][safepoint   ] Safepoint "G1CollectForAllocation", Time since last: 35177470308 ns, Reaching safepoint: 837583 ns, At safepoint: 19067333 ns, Total: 19904916 ns
[2025-12-03T15:06:06.398+0000][6][safepoint   ] Safepoint "Cleanup", Time since last: 25035363387 ns, Reaching safepoint: 2249042 ns, At safepoint: 18166 ns, Total: 2267208 ns
[2025-12-03T15:06:23.431+0000][6][safepoint   ] Safepoint "Cleanup", Time since last: 17032744425 ns, Reaching safepoint: 308375 ns, At safepoint: 20459 ns, Total: 328834 ns
[2025-12-03T15:06:25.427+0000][6][gc,start    ] GC(92) Pause Young (Normal) (G1 Evacuation Pause)
[2025-12-03T15:06:25.427+0000][6][gc,task     ] GC(92) Using 8 workers of 8 for evacuation
[2025-12-03T15:06:25.428+0000][6][gc,age      ] GC(92) Desired survivor size 18874368 bytes, new threshold 15 (max threshold 15)
[2025-12-03T15:06:25.435+0000][6][gc,age      ] GC(92) Age table with threshold 15 (max threshold 15)
[2025-12-03T15:06:25.435+0000][6][gc,age      ] GC(92) - age   1:    1797144 bytes,    1797144 total
[2025-12-03T15:06:25.435+0000][6][gc,age      ] GC(92) - age   2:     425624 bytes,    2222768 total
[2025-12-03T15:06:25.435+0000][6][gc,age      ] GC(92) - age   3:     529008 bytes,    2751776 total
[2025-12-03T15:06:25.435+0000][6][gc,age      ] GC(92) - age   4:     942024 bytes,    3693800 total
[2025-12-03T15:06:25.435+0000][6][gc,age      ] GC(92) - age   5:     182144 bytes,    3875944 total
[2025-12-03T15:06:25.435+0000][6][gc,age      ] GC(92) - age   6:     210768 bytes,    4086712 total
[2025-12-03T15:06:25.435+0000][6][gc,age      ] GC(92) - age   7:      21744 bytes,    4108456 total
[2025-12-03T15:06:25.435+0000][6][gc,age      ] GC(92) - age   8:      90208 bytes,    4198664 total
[2025-12-03T15:06:25.435+0000][6][gc,age      ] GC(92) - age   9:      76664 bytes,    4275328 total
[2025-12-03T15:06:25.435+0000][6][gc,age      ] GC(92) - age  10:      22208 bytes,    4297536 total
[2025-12-03T15:06:25.435+0000][6][gc,age      ] GC(92) - age  11:      79240 bytes,    4376776 total
[2025-12-03T15:06:25.435+0000][6][gc,age      ] GC(92) - age  12:     102944 bytes,    4479720 total
[2025-12-03T15:06:25.435+0000][6][gc,age      ] GC(92) - age  13:      16608 bytes,    4496328 total
[2025-12-03T15:06:25.435+0000][6][gc,age      ] GC(92) - age  14:     163336 bytes,    4659664 total
[2025-12-03T15:06:25.435+0000][6][gc,age      ] GC(92) - age  15:      18840 bytes,    4678504 total
[2025-12-03T15:06:25.436+0000][6][gc,phases   ] GC(92)   Pre Evacuate Collection Set: 0.2ms
[2025-12-03T15:06:25.436+0000][6][gc,phases   ] GC(92)   Merge Heap Roots: 0.1ms
[2025-12-03T15:06:25.436+0000][6][gc,phases   ] GC(92)   Evacuate Collection Set: 5.1ms
[2025-12-03T15:06:25.436+0000][6][gc,phases   ] GC(92)   Post Evacuate Collection Set: 1.6ms
[2025-12-03T15:06:25.436+0000][6][gc,phases   ] GC(92)   Other: 1.2ms
[2025-12-03T15:06:25.436+0000][6][gc,heap     ] GC(92) Eden regions: 67->0(67)
[2025-12-03T15:06:25.436+0000][6][gc,heap     ] GC(92) Survivor regions: 2->2(9)
[2025-12-03T15:06:25.436+0000][6][gc,heap     ] GC(92) Old regions: 32->32
[2025-12-03T15:06:25.436+0000][6][gc,heap     ] GC(92) Archive regions: 2->2
[2025-12-03T15:06:25.436+0000][6][gc,heap     ] GC(92) Humongous regions: 2->2
[2025-12-03T15:06:25.436+0000][6][gc,metaspace] GC(92) Metaspace: 117596K(119296K)->117596K(119296K) NonClass: 102686K(103680K)->102686K(103680K) Class: 14909K(15616K)->14909K(15616K)
[2025-12-03T15:06:25.436+0000][6][gc          ] GC(92) Pause Young (Normal) (G1 Evacuation Pause) 410M->142M(512M) 8.671ms
[2025-12-03T15:06:25.436+0000][6][gc,cpu      ] GC(92) User=0.03s Sys=0.00s Real=0.01s
[2025-12-03T15:06:25.436+0000][6][safepoint   ] Safepoint "G1CollectForAllocation", Time since last: 1996505875 ns, Reaching safepoint: 82709 ns, At safepoint: 8850625 ns, Total: 8933334 ns
[2025-12-03T15:06:29.446+0000][6][safepoint   ] Safepoint "Cleanup", Time since last: 4008809209 ns, Reaching safepoint: 543542 ns, At safepoint: 22875 ns, Total: 566417 ns
[2025-12-03T15:06:35.456+0000][6][safepoint   ] Safepoint "Cleanup", Time since last: 6009062294 ns, Reaching safepoint: 743125 ns, At safepoint: 22959 ns, Total: 766084 ns
[2025-12-03T15:06:41.465+0000][6][safepoint   ] Safepoint "Cleanup", Time since last: 6008906419 ns, Reaching safepoint: 104042 ns, At safepoint: 25833 ns, Total: 129875 ns
[2025-12-03T15:06:43.468+0000][6][safepoint   ] Safepoint "Cleanup", Time since last: 2002736084 ns, Reaching safepoint: 99917 ns, At safepoint: 5833 ns, Total: 105750 ns
[2025-12-03T15:07:03.495+0000][6][safepoint   ] Safepoint "Cleanup", Time since last: 20025300551 ns, Reaching safepoint: 326833 ns, At safepoint: 10458 ns, Total: 337291 ns
[2025-12-03T15:07:04.446+0000][6][gc,start    ] GC(93) Pause Young (Normal) (G1 Evacuation Pause)
[2025-12-03T15:07:04.446+0000][6][gc,task     ] GC(93) Using 8 workers of 8 for evacuation
[2025-12-03T15:07:04.446+0000][6][gc,age      ] GC(93) Desired survivor size 18874368 bytes, new threshold 15 (max threshold 15)
[2025-12-03T15:07:04.461+0000][6][gc,age      ] GC(93) Age table with threshold 15 (max threshold 15)
[2025-12-03T15:07:04.461+0000][6][gc,age      ] GC(93) - age   1:    2072040 bytes,    2072040 total
[2025-12-03T15:07:04.461+0000][6][gc,age      ] GC(93) - age   2:      27736 bytes,    2099776 total
[2025-12-03T15:07:04.461+0000][6][gc,age      ] GC(93) - age   3:     194280 bytes,    2294056 total
[2025-12-03T15:07:04.461+0000][6][gc,age      ] GC(93) - age   4:      21768 bytes,    2315824 total
[2025-12-03T15:07:04.462+0000][6][gc,age      ] GC(93) - age   5:     937792 bytes,    3253616 total
[2025-12-03T15:07:04.462+0000][6][gc,age      ] GC(93) - age   6:     177880 bytes,    3431496 total
[2025-12-03T15:07:04.462+0000][6][gc,age      ] GC(93) - age   7:     202432 bytes,    3633928 total
[2025-12-03T15:07:04.462+0000][6][gc,age      ] GC(93) - age   8:      17192 bytes,    3651120 total
[2025-12-03T15:07:04.462+0000][6][gc,age      ] GC(93) - age   9:      66896 bytes,    3718016 total
[2025-12-03T15:07:04.462+0000][6][gc,age      ] GC(93) - age  10:      72496 bytes,    3790512 total
[2025-12-03T15:07:04.462+0000][6][gc,age      ] GC(93) - age  11:      18040 bytes,    3808552 total
[2025-12-03T15:07:04.462+0000][6][gc,age      ] GC(93) - age  12:      75072 bytes,    3883624 total
[2025-12-03T15:07:04.462+0000][6][gc,age      ] GC(93) - age  13:      94608 bytes,    3978232 total
[2025-12-03T15:07:04.462+0000][6][gc,age      ] GC(93) - age  14:       8272 bytes,    3986504 total
[2025-12-03T15:07:04.462+0000][6][gc,age      ] GC(93) - age  15:     159168 bytes,    4145672 total
[2025-12-03T15:07:04.463+0000][6][gc,phases   ] GC(93)   Pre Evacuate Collection Set: 0.4ms
[2025-12-03T15:07:04.463+0000][6][gc,phases   ] GC(93)   Merge Heap Roots: 0.2ms
[2025-12-03T15:07:04.463+0000][6][gc,phases   ] GC(93)   Evacuate Collection Set: 10.4ms
[2025-12-03T15:07:04.463+0000][6][gc,phases   ] GC(93)   Post Evacuate Collection Set: 3.4ms
[2025-12-03T15:07:04.463+0000][6][gc,phases   ] GC(93)   Other: 2.8ms
[2025-12-03T15:07:04.463+0000][6][gc,heap     ] GC(93) Eden regions: 67->0(67)
[2025-12-03T15:07:04.463+0000][6][gc,heap     ] GC(93) Survivor regions: 2->2(9)
[2025-12-03T15:07:04.463+0000][6][gc,heap     ] GC(93) Old regions: 32->32
[2025-12-03T15:07:04.463+0000][6][gc,heap     ] GC(93) Archive regions: 2->2
[2025-12-03T15:07:04.463+0000][6][gc,heap     ] GC(93) Humongous regions: 2->2
[2025-12-03T15:07:04.463+0000][6][gc,metaspace] GC(93) Metaspace: 117598K(119296K)->117598K(119296K) NonClass: 102688K(103680K)->102688K(103680K) Class: 14909K(15616K)->14909K(15616K)
[2025-12-03T15:07:04.464+0000][6][gc          ] GC(93) Pause Young (Normal) (G1 Evacuation Pause) 410M->141M(512M) 18.042ms
[2025-12-03T15:07:04.464+0000][6][gc,cpu      ] GC(93) User=0.07s Sys=0.00s Real=0.01s
[2025-12-03T15:07:04.464+0000][6][safepoint   ] Safepoint "G1CollectForAllocation", Time since last: 950345792 ns, Reaching safepoint: 160250 ns, At safepoint: 18538959 ns, Total: 18699209 ns
[2025-12-03T15:07:05.465+0000][6][safepoint   ] Safepoint "Cleanup", Time since last: 1000575125 ns, Reaching safepoint: 116500 ns, At safepoint: 6375 ns, Total: 122875 ns
[2025-12-03T15:07:17.481+0000][6][safepoint   ] Safepoint "Cleanup", Time since last: 12016580881 ns, Reaching safepoint: 244583 ns, At safepoint: 13542 ns, Total: 258125 ns
[2025-12-03T15:07:25.491+0000][6][safepoint   ] Safepoint "Cleanup", Time since last: 8009798754 ns, Reaching safepoint: 220833 ns, At safepoint: 4292 ns, Total: 225125 ns
[2025-12-03T15:07:49.547+0000][6][gc,start    ] GC(94) Pause Young (Normal) (G1 Evacuation Pause)
[2025-12-03T15:07:49.547+0000][6][gc,task     ] GC(94) Using 8 workers of 8 for evacuation
[2025-12-03T15:07:49.547+0000][6][gc,age      ] GC(94) Desired survivor size 18874368 bytes, new threshold 15 (max threshold 15)
[2025-12-03T15:07:49.555+0000][6][gc,age      ] GC(94) Age table with threshold 15 (max threshold 15)
[2025-12-03T15:07:49.555+0000][6][gc,age      ] GC(94) - age   1:    2054192 bytes,    2054192 total
[2025-12-03T15:07:49.555+0000][6][gc,age      ] GC(94) - age   2:     949984 bytes,    3004176 total
[2025-12-03T15:07:49.555+0000][6][gc,age      ] GC(94) - age   3:      20928 bytes,    3025104 total
[2025-12-03T15:07:49.555+0000][6][gc,age      ] GC(94) - age   4:     193032 bytes,    3218136 total
[2025-12-03T15:07:49.555+0000][6][gc,age      ] GC(94) - age   5:      21408 bytes,    3239544 total
[2025-12-03T15:07:49.555+0000][6][gc,age      ] GC(94) - age   6:     937792 bytes,    4177336 total
[2025-12-03T15:07:49.555+0000][6][gc,age      ] GC(94) - age   7:     177720 bytes,    4355056 total
[2025-12-03T15:07:49.555+0000][6][gc,age      ] GC(94) - age   8:     202400 bytes,    4557456 total
[2025-12-03T15:07:49.555+0000][6][gc,age      ] GC(94) - age   9:      17192 bytes,    4574648 total
[2025-12-03T15:07:49.555+0000][6][gc,age      ] GC(94) - age  10:      43184 bytes,    4617832 total
[2025-12-03T15:07:49.555+0000][6][gc,age      ] GC(94) - age  11:      72496 bytes,    4690328 total
[2025-12-03T15:07:49.555+0000][6][gc,age      ] GC(94) - age  12:      18040 bytes,    4708368 total
[2025-12-03T15:07:49.555+0000][6][gc,age      ] GC(94) - age  13:      75072 bytes,    4783440 total
[2025-12-03T15:07:49.555+0000][6][gc,age      ] GC(94) - age  14:      94608 bytes,    4878048 total
[2025-12-03T15:07:49.555+0000][6][gc,age      ] GC(94) - age  15:       8272 bytes,    4886320 total
[2025-12-03T15:07:49.555+0000][6][gc,phases   ] GC(94)   Pre Evacuate Collection Set: 0.2ms
[2025-12-03T15:07:49.555+0000][6][gc,phases   ] GC(94)   Merge Heap Roots: 0.1ms
[2025-12-03T15:07:49.555+0000][6][gc,phases   ] GC(94)   Evacuate Collection Set: 5.2ms
[2025-12-03T15:07:49.555+0000][6][gc,phases   ] GC(94)   Post Evacuate Collection Set: 1.6ms
[2025-12-03T15:07:49.555+0000][6][gc,phases   ] GC(94)   Other: 1.5ms
[2025-12-03T15:07:49.555+0000][6][gc,heap     ] GC(94) Eden regions: 67->0(68)
[2025-12-03T15:07:49.555+0000][6][gc,heap     ] GC(94) Survivor regions: 2->2(9)
[2025-12-03T15:07:49.556+0000][6][gc,heap     ] GC(94) Old regions: 32->32
[2025-12-03T15:07:49.556+0000][6][gc,heap     ] GC(94) Archive regions: 2->2
[2025-12-03T15:07:49.556+0000][6][gc,heap     ] GC(94) Humongous regions: 2->2
[2025-12-03T15:07:49.556+0000][6][gc,metaspace] GC(94) Metaspace: 117618K(119296K)->117618K(119296K) NonClass: 102708K(103680K)->102708K(103680K) Class: 14909K(15616K)->14909K(15616K)
[2025-12-03T15:07:49.556+0000][6][gc          ] GC(94) Pause Young (Normal) (G1 Evacuation Pause) 409M->142M(512M) 8.895ms
[2025-12-03T15:07:49.556+0000][6][gc,cpu      ] GC(94) User=0.04s Sys=0.00s Real=0.00s
[2025-12-03T15:07:49.556+0000][6][safepoint   ] Safepoint "G1CollectForAllocation", Time since last: 24053780636 ns, Reaching safepoint: 171042 ns, At safepoint: 9140666 ns, Total: 9311708 ns
[2025-12-03T15:07:52.560+0000][6][safepoint   ] Safepoint "Cleanup", Time since last: 3003946335 ns, Reaching safepoint: 66458 ns, At safepoint: 3292 ns, Total: 69750 ns
[2025-12-03T15:08:06.580+0000][6][safepoint   ] Safepoint "Cleanup", Time since last: 14019483131 ns, Reaching safepoint: 301583 ns, At safepoint: 3042 ns, Total: 304625 ns
[2025-12-03T15:08:27.618+0000][6][safepoint   ] Safepoint "Cleanup", Time since last: 21035944593 ns, Reaching safepoint: 235500 ns, At safepoint: 18500 ns, Total: 254000 ns
[2025-12-03T15:08:29.124+0000][6][gc,start    ] GC(95) Pause Young (Normal) (G1 Evacuation Pause)
[2025-12-03T15:08:29.124+0000][6][gc,task     ] GC(95) Using 8 workers of 8 for evacuation
[2025-12-03T15:08:29.124+0000][6][gc,age      ] GC(95) Desired survivor size 18874368 bytes, new threshold 15 (max threshold 15)
[2025-12-03T15:08:29.133+0000][6][gc,age      ] GC(95) Age table with threshold 15 (max threshold 15)
[2025-12-03T15:08:29.133+0000][6][gc,age      ] GC(95) - age   1:    2305192 bytes,    2305192 total
[2025-12-03T15:08:29.133+0000][6][gc,age      ] GC(95) - age   2:     126056 bytes,    2431248 total
[2025-12-03T15:08:29.133+0000][6][gc,age      ] GC(95) - age   3:     945760 bytes,    3377008 total
[2025-12-03T15:08:29.134+0000][6][gc,age      ] GC(95) - age   4:      19416 bytes,    3396424 total
[2025-12-03T15:08:29.134+0000][6][gc,age      ] GC(95) - age   5:     192808 bytes,    3589232 total
[2025-12-03T15:08:29.134+0000][6][gc,age      ] GC(95) - age   6:      21024 bytes,    3610256 total
[2025-12-03T15:08:29.134+0000][6][gc,age      ] GC(95) - age   7:     937792 bytes,    4548048 total
[2025-12-03T15:08:29.134+0000][6][gc,age      ] GC(95) - age   8:     177656 bytes,    4725704 total
[2025-12-03T15:08:29.134+0000][6][gc,age      ] GC(95) - age   9:     202400 bytes,    4928104 total
[2025-12-03T15:08:29.134+0000][6][gc,age      ] GC(95) - age  10:      17128 bytes,    4945232 total
[2025-12-03T15:08:29.134+0000][6][gc,age      ] GC(95) - age  11:      43120 bytes,    4988352 total
[2025-12-03T15:08:29.134+0000][6][gc,age      ] GC(95) - age  12:      72496 bytes,    5060848 total
[2025-12-03T15:08:29.134+0000][6][gc,age      ] GC(95) - age  13:      18040 bytes,    5078888 total
[2025-12-03T15:08:29.134+0000][6][gc,age      ] GC(95) - age  14:      75072 bytes,    5153960 total
[2025-12-03T15:08:29.134+0000][6][gc,age      ] GC(95) - age  15:      94608 bytes,    5248568 total
[2025-12-03T15:08:29.134+0000][6][gc,phases   ] GC(95)   Pre Evacuate Collection Set: 0.3ms
[2025-12-03T15:08:29.134+0000][6][gc,phases   ] GC(95)   Merge Heap Roots: 0.2ms
[2025-12-03T15:08:29.134+0000][6][gc,phases   ] GC(95)   Evacuate Collection Set: 6.8ms
[2025-12-03T15:08:29.134+0000][6][gc,phases   ] GC(95)   Post Evacuate Collection Set: 1.7ms
[2025-12-03T15:08:29.135+0000][6][gc,phases   ] GC(95)   Other: 1.7ms
[2025-12-03T15:08:29.135+0000][6][gc,heap     ] GC(95) Eden regions: 68->0(68)
[2025-12-03T15:08:29.135+0000][6][gc,heap     ] GC(95) Survivor regions: 2->2(9)
[2025-12-03T15:08:29.135+0000][6][gc,heap     ] GC(95) Old regions: 32->32
[2025-12-03T15:08:29.135+0000][6][gc,heap     ] GC(95) Archive regions: 2->2
[2025-12-03T15:08:29.135+0000][6][gc,heap     ] GC(95) Humongous regions: 2->2
[2025-12-03T15:08:29.135+0000][6][gc,metaspace] GC(95) Metaspace: 117627K(119296K)->117627K(119296K) NonClass: 102717K(103680K)->102717K(103680K) Class: 14909K(15616K)->14909K(15616K)
[2025-12-03T15:08:29.135+0000][6][gc          ] GC(95) Pause Young (Normal) (G1 Evacuation Pause) 414M->143M(512M) 11.168ms
[2025-12-03T15:08:29.135+0000][6][gc,cpu      ] GC(95) User=0.05s Sys=0.00s Real=0.01s
[2025-12-03T15:08:29.135+0000][6][safepoint   ] Safepoint "G1CollectForAllocation", Time since last: 1505721667 ns, Reaching safepoint: 76917 ns, At safepoint: 11401083 ns, Total: 11478000 ns
[2025-12-03T15:08:45.179+0000][6][safepoint   ] Safepoint "Cleanup", Time since last: 16042554591 ns, Reaching safepoint: 948250 ns, At safepoint: 80125 ns, Total: 1028375 ns
[2025-12-03T15:08:48.183+0000][6][safepoint   ] Safepoint "Cleanup", Time since last: 3003971460 ns, Reaching safepoint: 117708 ns, At safepoint: 11625 ns, Total: 129333 ns
[2025-12-03T15:09:00.209+0000][6][safepoint   ] Safepoint "Cleanup", Time since last: 12025702505 ns, Reaching safepoint: 151208 ns, At safepoint: 12042 ns, Total: 163250 ns
[2025-12-03T15:09:02.214+0000][6][safepoint   ] Safepoint "Cleanup", Time since last: 2004422459 ns, Reaching safepoint: 64000 ns, At safepoint: 2834 ns, Total: 66834 ns
[2025-12-03T15:09:05.221+0000][6][safepoint   ] Safepoint "Cleanup", Time since last: 3007549043 ns, Reaching safepoint: 260666 ns, At safepoint: 19875 ns, Total: 280541 ns
[2025-12-03T15:09:13.525+0000][6][gc,start    ] GC(96) Pause Young (Normal) (G1 Evacuation Pause)
[2025-12-03T15:09:13.525+0000][6][gc,task     ] GC(96) Using 8 workers of 8 for evacuation
[2025-12-03T15:09:13.525+0000][6][gc,age      ] GC(96) Desired survivor size 18874368 bytes, new threshold 15 (max threshold 15)
[2025-12-03T15:09:13.532+0000][6][gc,age      ] GC(96) Age table with threshold 15 (max threshold 15)
[2025-12-03T15:09:13.532+0000][6][gc,age      ] GC(96) - age   1:    2727040 bytes,    2727040 total
[2025-12-03T15:09:13.532+0000][6][gc,age      ] GC(96) - age   2:      48000 bytes,    2775040 total
[2025-12-03T15:09:13.532+0000][6][gc,age      ] GC(96) - age   3:     121800 bytes,    2896840 total
[2025-12-03T15:09:13.532+0000][6][gc,age      ] GC(96) - age   4:     446552 bytes,    3343392 total
[2025-12-03T15:09:13.532+0000][6][gc,age      ] GC(96) - age   5:      19192 bytes,    3362584 total
[2025-12-03T15:09:13.532+0000][6][gc,age      ] GC(96) - age   6:     192744 bytes,    3555328 total
[2025-12-03T15:09:13.532+0000][6][gc,age      ] GC(96) - age   7:      20960 bytes,    3576288 total
[2025-12-03T15:09:13.532+0000][6][gc,age      ] GC(96) - age   8:     937792 bytes,    4514080 total
[2025-12-03T15:09:13.532+0000][6][gc,age      ] GC(96) - age   9:     177656 bytes,    4691736 total
[2025-12-03T15:09:13.532+0000][6][gc,age      ] GC(96) - age  10:       8448 bytes,    4700184 total
[2025-12-03T15:09:13.532+0000][6][gc,age      ] GC(96) - age  11:      17128 bytes,    4717312 total
[2025-12-03T15:09:13.532+0000][6][gc,age      ] GC(96) - age  12:      43120 bytes,    4760432 total
[2025-12-03T15:09:13.532+0000][6][gc,age      ] GC(96) - age  13:      72496 bytes,    4832928 total
[2025-12-03T15:09:13.532+0000][6][gc,age      ] GC(96) - age  14:      18040 bytes,    4850968 total
[2025-12-03T15:09:13.533+0000][6][gc,age      ] GC(96) - age  15:      75072 bytes,    4926040 total
[2025-12-03T15:09:13.533+0000][6][gc,phases   ] GC(96)   Pre Evacuate Collection Set: 0.3ms
[2025-12-03T15:09:13.533+0000][6][gc,phases   ] GC(96)   Merge Heap Roots: 0.1ms
[2025-12-03T15:09:13.533+0000][6][gc,phases   ] GC(96)   Evacuate Collection Set: 4.5ms
[2025-12-03T15:09:13.533+0000][6][gc,phases   ] GC(96)   Post Evacuate Collection Set: 1.6ms
[2025-12-03T15:09:13.533+0000][6][gc,phases   ] GC(96)   Other: 1.5ms
[2025-12-03T15:09:13.533+0000][6][gc,heap     ] GC(96) Eden regions: 68->0(67)
[2025-12-03T15:09:13.533+0000][6][gc,heap     ] GC(96) Survivor regions: 2->2(9)
[2025-12-03T15:09:13.533+0000][6][gc,heap     ] GC(96) Old regions: 32->32
[2025-12-03T15:09:13.533+0000][6][gc,heap     ] GC(96) Archive regions: 2->2
[2025-12-03T15:09:13.533+0000][6][gc,heap     ] GC(96) Humongous regions: 2->2
[2025-12-03T15:09:13.533+0000][6][gc,metaspace] GC(96) Metaspace: 117632K(119296K)->117632K(119296K) NonClass: 102722K(103680K)->102722K(103680K) Class: 14909K(15616K)->14909K(15616K)
[2025-12-03T15:09:13.533+0000][6][gc          ] GC(96) Pause Young (Normal) (G1 Evacuation Pause) 415M->143M(512M) 8.488ms
[2025-12-03T15:09:13.533+0000][6][gc,cpu      ] GC(96) User=0.03s Sys=0.00s Real=0.01s
[2025-12-03T15:09:13.533+0000][6][safepoint   ] Safepoint "G1CollectForAllocation", Time since last: 8303014296 ns, Reaching safepoint: 303917 ns, At safepoint: 8678458 ns, Total: 8982375 ns
[2025-12-03T15:09:34.597+0000][6][safepoint   ] Safepoint "Cleanup", Time since last: 21062115343 ns, Reaching safepoint: 206792 ns, At safepoint: 29291 ns, Total: 236083 ns
[2025-12-03T15:09:52.523+0000][6][gc,start    ] GC(97) Pause Young (Normal) (G1 Evacuation Pause)
[2025-12-03T15:09:52.523+0000][6][gc,task     ] GC(97) Using 8 workers of 8 for evacuation
[2025-12-03T15:09:52.524+0000][6][gc,age      ] GC(97) Desired survivor size 18874368 bytes, new threshold 15 (max threshold 15)
[2025-12-03T15:09:52.533+0000][6][gc,age      ] GC(97) Age table with threshold 15 (max threshold 15)
[2025-12-03T15:09:52.533+0000][6][gc,age      ] GC(97) - age   1:    1166104 bytes,    1166104 total
[2025-12-03T15:09:52.533+0000][6][gc,age      ] GC(97) - age   2:     741672 bytes,    1907776 total
[2025-12-03T15:09:52.533+0000][6][gc,age      ] GC(97) - age   3:      43184 bytes,    1950960 total
[2025-12-03T15:09:52.533+0000][6][gc,age      ] GC(97) - age   4:     120856 bytes,    2071816 total
[2025-12-03T15:09:52.533+0000][6][gc,age      ] GC(97) - age   5:     446488 bytes,    2518304 total
[2025-12-03T15:09:52.533+0000][6][gc,age      ] GC(97) - age   6:      19192 bytes,    2537496 total
[2025-12-03T15:09:52.534+0000][6][gc,age      ] GC(97) - age   7:     192744 bytes,    2730240 total
[2025-12-03T15:09:52.534+0000][6][gc,age      ] GC(97) - age   8:      20960 bytes,    2751200 total
[2025-12-03T15:09:52.534+0000][6][gc,age      ] GC(97) - age   9:     937792 bytes,    3688992 total
[2025-12-03T15:09:52.534+0000][6][gc,age      ] GC(97) - age  10:      76384 bytes,    3765376 total
[2025-12-03T15:09:52.534+0000][6][gc,age      ] GC(97) - age  11:       8448 bytes,    3773824 total
[2025-12-03T15:09:52.534+0000][6][gc,age      ] GC(97) - age  12:      17128 bytes,    3790952 total
[2025-12-03T15:09:52.534+0000][6][gc,age      ] GC(97) - age  13:      43120 bytes,    3834072 total
[2025-12-03T15:09:52.535+0000][6][gc,age      ] GC(97) - age  14:      72496 bytes,    3906568 total
[2025-12-03T15:09:52.535+0000][6][gc,age      ] GC(97) - age  15:      18040 bytes,    3924608 total
[2025-12-03T15:09:52.535+0000][6][gc,phases   ] GC(97)   Pre Evacuate Collection Set: 0.4ms
[2025-12-03T15:09:52.535+0000][6][gc,phases   ] GC(97)   Merge Heap Roots: 0.2ms
[2025-12-03T15:09:52.535+0000][6][gc,phases   ] GC(97)   Evacuate Collection Set: 6.0ms
[2025-12-03T15:09:52.535+0000][6][gc,phases   ] GC(97)   Post Evacuate Collection Set: 2.4ms
[2025-12-03T15:09:52.535+0000][6][gc,phases   ] GC(97)   Other: 3.1ms
[2025-12-03T15:09:52.535+0000][6][gc,heap     ] GC(97) Eden regions: 67->0(68)
[2025-12-03T15:09:52.535+0000][6][gc,heap     ] GC(97) Survivor regions: 2->2(9)
[2025-12-03T15:09:52.535+0000][6][gc,heap     ] GC(97) Old regions: 32->32
[2025-12-03T15:09:52.535+0000][6][gc,heap     ] GC(97) Archive regions: 2->2
[2025-12-03T15:09:52.535+0000][6][gc,heap     ] GC(97) Humongous regions: 2->2
[2025-12-03T15:09:52.536+0000][6][gc,metaspace] GC(97) Metaspace: 117634K(119296K)->117634K(119296K) NonClass: 102724K(103680K)->102724K(103680K) Class: 14909K(15616K)->14909K(15616K)
[2025-12-03T15:09:52.536+0000][6][gc          ] GC(97) Pause Young (Normal) (G1 Evacuation Pause) 411M->142M(512M) 12.827ms
[2025-12-03T15:09:52.536+0000][6][gc,cpu      ] GC(97) User=0.04s Sys=0.00s Real=0.01s
[2025-12-03T15:09:52.536+0000][6][safepoint   ] Safepoint "G1CollectForAllocation", Time since last: 17925845217 ns, Reaching safepoint: 351333 ns, At safepoint: 13148125 ns, Total: 13499458 ns
[2025-12-03T15:09:53.538+0000][6][safepoint   ] Safepoint "Cleanup", Time since last: 1001515751 ns, Reaching safepoint: 109125 ns, At safepoint: 30708 ns, Total: 139833 ns
[2025-12-03T15:09:58.545+0000][6][safepoint   ] Safepoint "Cleanup", Time since last: 5006286085 ns, Reaching safepoint: 100250 ns, At safepoint: 7459 ns, Total: 107709 ns
[2025-12-03T15:10:05.576+0000][6][safepoint   ] Safepoint "Cleanup", Time since last: 7015747670 ns, Reaching safepoint: 14981416 ns, At safepoint: 16334 ns, Total: 14997750 ns
[2025-12-03T15:10:06.577+0000][6][safepoint   ] Safepoint "Cleanup", Time since last: 1001179750 ns, Reaching safepoint: 71667 ns, At safepoint: 3166 ns, Total: 74833 ns
[2025-12-03T15:10:22.609+0000][6][safepoint   ] Safepoint "Cleanup", Time since last: 16031715050 ns, Reaching safepoint: 84500 ns, At safepoint: 8958 ns, Total: 93458 ns
[2025-12-03T15:10:29.620+0000][6][safepoint   ] Safepoint "Cleanup", Time since last: 7009920002 ns, Reaching safepoint: 543125 ns, At safepoint: 7834 ns, Total: 550959 ns
[2025-12-03T15:10:33.625+0000][6][safepoint   ] Safepoint "Cleanup", Time since last: 4004487710 ns, Reaching safepoint: 290417 ns, At safepoint: 13875 ns, Total: 304292 ns
[2025-12-03T15:10:34.532+0000][6][gc,start    ] GC(98) Pause Young (Normal) (G1 Evacuation Pause)
[2025-12-03T15:10:34.533+0000][6][gc,task     ] GC(98) Using 8 workers of 8 for evacuation
[2025-12-03T15:10:34.534+0000][6][gc,age      ] GC(98) Desired survivor size 18874368 bytes, new threshold 15 (max threshold 15)
[2025-12-03T15:10:34.553+0000][6][gc,age      ] GC(98) Age table with threshold 15 (max threshold 15)
[2025-12-03T15:10:34.553+0000][6][gc,age      ] GC(98) - age   1:    2465760 bytes,    2465760 total
[2025-12-03T15:10:34.553+0000][6][gc,age      ] GC(98) - age   2:     314696 bytes,    2780456 total
[2025-12-03T15:10:34.553+0000][6][gc,age      ] GC(98) - age   3:     735200 bytes,    3515656 total
[2025-12-03T15:10:34.553+0000][6][gc,age      ] GC(98) - age   4:      41720 bytes,    3557376 total
[2025-12-03T15:10:34.553+0000][6][gc,age      ] GC(98) - age   5:     120344 bytes,    3677720 total
[2025-12-03T15:10:34.553+0000][6][gc,age      ] GC(98) - age   6:     446488 bytes,    4124208 total
[2025-12-03T15:10:34.554+0000][6][gc,age      ] GC(98) - age   7:      19192 bytes,    4143400 total
[2025-12-03T15:10:34.554+0000][6][gc,age      ] GC(98) - age   8:     192568 bytes,    4335968 total
[2025-12-03T15:10:34.554+0000][6][gc,age      ] GC(98) - age   9:      20960 bytes,    4356928 total
[2025-12-03T15:10:34.554+0000][6][gc,age      ] GC(98) - age  10:      13408 bytes,    4370336 total
[2025-12-03T15:10:34.554+0000][6][gc,age      ] GC(98) - age  11:      76384 bytes,    4446720 total
[2025-12-03T15:10:34.554+0000][6][gc,age      ] GC(98) - age  12:       8448 bytes,    4455168 total
[2025-12-03T15:10:34.554+0000][6][gc,age      ] GC(98) - age  13:      17128 bytes,    4472296 total
[2025-12-03T15:10:34.554+0000][6][gc,age      ] GC(98) - age  14:      43120 bytes,    4515416 total
[2025-12-03T15:10:34.554+0000][6][gc,age      ] GC(98) - age  15:      72496 bytes,    4587912 total
[2025-12-03T15:10:34.554+0000][6][gc,phases   ] GC(98)   Pre Evacuate Collection Set: 0.6ms
[2025-12-03T15:10:34.554+0000][6][gc,phases   ] GC(98)   Merge Heap Roots: 0.2ms
[2025-12-03T15:10:34.554+0000][6][gc,phases   ] GC(98)   Evacuate Collection Set: 14.8ms
[2025-12-03T15:10:34.555+0000][6][gc,phases   ] GC(98)   Post Evacuate Collection Set: 3.3ms
[2025-12-03T15:10:34.555+0000][6][gc,phases   ] GC(98)   Other: 3.1ms
[2025-12-03T15:10:34.555+0000][6][gc,heap     ] GC(98) Eden regions: 68->0(68)
[2025-12-03T15:10:34.555+0000][6][gc,heap     ] GC(98) Survivor regions: 2->2(9)
[2025-12-03T15:10:34.555+0000][6][gc,heap     ] GC(98) Old regions: 32->32
[2025-12-03T15:10:34.555+0000][6][gc,heap     ] GC(98) Archive regions: 2->2
[2025-12-03T15:10:34.555+0000][6][gc,heap     ] GC(98) Humongous regions: 2->2
[2025-12-03T15:10:34.555+0000][6][gc,metaspace] GC(98) Metaspace: 117639K(119296K)->117639K(119296K) NonClass: 102728K(103680K)->102728K(103680K) Class: 14910K(15616K)->14910K(15616K)
[2025-12-03T15:10:34.556+0000][6][gc          ] GC(98) Pause Young (Normal) (G1 Evacuation Pause) 414M->142M(512M) 23.185ms
[2025-12-03T15:10:34.556+0000][6][gc,cpu      ] GC(98) User=0.07s Sys=0.00s Real=0.02s
[2025-12-03T15:10:34.556+0000][6][safepoint   ] Safepoint "G1CollectForAllocation", Time since last: 907131583 ns, Reaching safepoint: 253792 ns, At safepoint: 23663792 ns, Total: 23917584 ns
[2025-12-03T15:10:38.563+0000][6][safepoint   ] Safepoint "Cleanup", Time since last: 4007524627 ns, Reaching safepoint: 97791 ns, At safepoint: 4667 ns, Total: 102458 ns
[2025-12-03T15:10:59.052+0000][6][safepoint   ] Safepoint "Cleanup", Time since last: 20470792176 ns, Reaching safepoint: 16400625 ns, At safepoint: 65583 ns, Total: 16466208 ns
[2025-12-03T15:11:06.070+0000][6][safepoint   ] Safepoint "Cleanup", Time since last: 7017722045 ns, Reaching safepoint: 358042 ns, At safepoint: 8458 ns, Total: 366500 ns
[2025-12-03T15:11:07.071+0000][6][safepoint   ] Safepoint "Cleanup", Time since last: 1000692709 ns, Reaching safepoint: 189958 ns, At safepoint: 19583 ns, Total: 209541 ns
[2025-12-03T15:11:16.544+0000][6][gc,start    ] GC(99) Pause Young (Normal) (G1 Evacuation Pause)
[2025-12-03T15:11:16.544+0000][6][gc,task     ] GC(99) Using 8 workers of 8 for evacuation
[2025-12-03T15:11:16.545+0000][6][gc,age      ] GC(99) Desired survivor size 18874368 bytes, new threshold 15 (max threshold 15)
[2025-12-03T15:11:16.556+0000][6][gc,age      ] GC(99) Age table with threshold 15 (max threshold 15)
[2025-12-03T15:11:16.556+0000][6][gc,age      ] GC(99) - age   1:     785696 bytes,     785696 total
[2025-12-03T15:11:16.556+0000][6][gc,age      ] GC(99) - age   2:    1059864 bytes,    1845560 total
[2025-12-03T15:11:16.556+0000][6][gc,age      ] GC(99) - age   3:     130528 bytes,    1976088 total
[2025-12-03T15:11:16.556+0000][6][gc,age      ] GC(99) - age   4:     735104 bytes,    2711192 total
[2025-12-03T15:11:16.556+0000][6][gc,age      ] GC(99) - age   5:      41656 bytes,    2752848 total
[2025-12-03T15:11:16.556+0000][6][gc,age      ] GC(99) - age   6:     120344 bytes,    2873192 total
[2025-12-03T15:11:16.556+0000][6][gc,age      ] GC(99) - age   7:     446488 bytes,    3319680 total
[2025-12-03T15:11:16.556+0000][6][gc,age      ] GC(99) - age   8:      19192 bytes,    3338872 total
[2025-12-03T15:11:16.556+0000][6][gc,age      ] GC(99) - age   9:     168552 bytes,    3507424 total
[2025-12-03T15:11:16.557+0000][6][gc,age      ] GC(99) - age  10:       7552 bytes,    3514976 total
[2025-12-03T15:11:16.557+0000][6][gc,age      ] GC(99) - age  11:      13304 bytes,    3528280 total
[2025-12-03T15:11:16.557+0000][6][gc,age      ] GC(99) - age  12:      76384 bytes,    3604664 total
[2025-12-03T15:11:16.557+0000][6][gc,age      ] GC(99) - age  13:       8448 bytes,    3613112 total
[2025-12-03T15:11:16.557+0000][6][gc,age      ] GC(99) - age  14:      17128 bytes,    3630240 total
[2025-12-03T15:11:16.557+0000][6][gc,age      ] GC(99) - age  15:      43120 bytes,    3673360 total
[2025-12-03T15:11:16.557+0000][6][gc,phases   ] GC(99)   Pre Evacuate Collection Set: 0.4ms
[2025-12-03T15:11:16.557+0000][6][gc,phases   ] GC(99)   Merge Heap Roots: 0.2ms
[2025-12-03T15:11:16.557+0000][6][gc,phases   ] GC(99)   Evacuate Collection Set: 6.9ms
[2025-12-03T15:11:16.557+0000][6][gc,phases   ] GC(99)   Post Evacuate Collection Set: 3.4ms
[2025-12-03T15:11:16.557+0000][6][gc,phases   ] GC(99)   Other: 2.3ms
[2025-12-03T15:11:16.557+0000][6][gc,heap     ] GC(99) Eden regions: 68->0(69)
[2025-12-03T15:11:16.557+0000][6][gc,heap     ] GC(99) Survivor regions: 2->1(9)
[2025-12-03T15:11:16.557+0000][6][gc,heap     ] GC(99) Old regions: 32->32
[2025-12-03T15:11:16.558+0000][6][gc,heap     ] GC(99) Archive regions: 2->2
[2025-12-03T15:11:16.558+0000][6][gc,heap     ] GC(99) Humongous regions: 2->2
[2025-12-03T15:11:16.558+0000][6][gc,metaspace] GC(99) Metaspace: 117652K(119296K)->117652K(119296K) NonClass: 102740K(103680K)->102740K(103680K) Class: 14912K(15616K)->14912K(15616K)
[2025-12-03T15:11:16.558+0000][6][gc          ] GC(99) Pause Young (Normal) (G1 Evacuation Pause) 414M->141M(512M) 13.984ms
[2025-12-03T15:11:16.558+0000][6][gc,cpu      ] GC(99) User=0.04s Sys=0.00s Real=0.01s
[2025-12-03T15:11:16.558+0000][6][safepoint   ] Safepoint "G1CollectForAllocation", Time since last: 9472431922 ns, Reaching safepoint: 472500 ns, At safepoint: 14248250 ns, Total: 14720750 ns
[2025-12-03T15:11:33.577+0000][6][safepoint   ] Safepoint "Cleanup", Time since last: 17019231965 ns, Reaching safepoint: 571750 ns, At safepoint: 24750 ns, Total: 596500 ns
[2025-12-03T15:11:37.584+0000][6][safepoint   ] Safepoint "Cleanup", Time since last: 4006417044 ns, Reaching safepoint: 86375 ns, At safepoint: 3833 ns, Total: 90208 ns
[2025-12-03T15:11:41.665+0000][6][safepoint   ] Safepoint "Cleanup", Time since last: 4081256919 ns, Reaching safepoint: 289542 ns, At safepoint: 18208 ns, Total: 307750 ns
[2025-12-03T15:11:47.674+0000][6][safepoint   ] Safepoint "Cleanup", Time since last: 6008393628 ns, Reaching safepoint: 315958 ns, At safepoint: 33250 ns, Total: 349208 ns
[2025-12-03T15:12:02.480+0000][6][gc,start    ] GC(100) Pause Young (Normal) (G1 Evacuation Pause)
[2025-12-03T15:12:02.481+0000][6][gc,task     ] GC(100) Using 8 workers of 8 for evacuation
[2025-12-03T15:12:02.481+0000][6][gc,age      ] GC(100) Desired survivor size 18874368 bytes, new threshold 15 (max threshold 15)
[2025-12-03T15:12:02.494+0000][6][gc,age      ] GC(100) Age table with threshold 15 (max threshold 15)
[2025-12-03T15:12:02.494+0000][6][gc,age      ] GC(100) - age   1:    2538728 bytes,    2538728 total
[2025-12-03T15:12:02.494+0000][6][gc,age      ] GC(100) - age   2:     369832 bytes,    2908560 total
[2025-12-03T15:12:02.494+0000][6][gc,age      ] GC(100) - age   3:    1055768 bytes,    3964328 total
[2025-12-03T15:12:02.494+0000][6][gc,age      ] GC(100) - age   4:     129376 bytes,    4093704 total
[2025-12-03T15:12:02.494+0000][6][gc,age      ] GC(100) - age   5:     236520 bytes,    4330224 total
[2025-12-03T15:12:02.494+0000][6][gc,age      ] GC(100) - age   6:      41464 bytes,    4371688 total
[2025-12-03T15:12:02.495+0000][6][gc,age      ] GC(100) - age   7:     120216 bytes,    4491904 total
[2025-12-03T15:12:02.495+0000][6][gc,age      ] GC(100) - age   8:     446424 bytes,    4938328 total
[2025-12-03T15:12:02.495+0000][6][gc,age      ] GC(100) - age   9:      19192 bytes,    4957520 total
[2025-12-03T15:12:02.495+0000][6][gc,age      ] GC(100) - age  10:      96336 bytes,    5053856 total
[2025-12-03T15:12:02.495+0000][6][gc,age      ] GC(100) - age  11:       7552 bytes,    5061408 total
[2025-12-03T15:12:02.495+0000][6][gc,age      ] GC(100) - age  12:      13304 bytes,    5074712 total
[2025-12-03T15:12:02.495+0000][6][gc,age      ] GC(100) - age  13:      76320 bytes,    5151032 total
[2025-12-03T15:12:02.495+0000][6][gc,age      ] GC(100) - age  14:       8448 bytes,    5159480 total
[2025-12-03T15:12:02.495+0000][6][gc,age      ] GC(100) - age  15:      17128 bytes,    5176608 total
[2025-12-03T15:12:02.495+0000][6][gc,phases   ] GC(100)   Pre Evacuate Collection Set: 0.4ms
[2025-12-03T15:12:02.495+0000][6][gc,phases   ] GC(100)   Merge Heap Roots: 0.1ms
[2025-12-03T15:12:02.496+0000][6][gc,phases   ] GC(100)   Evacuate Collection Set: 9.7ms
[2025-12-03T15:12:02.496+0000][6][gc,phases   ] GC(100)   Post Evacuate Collection Set: 2.6ms
[2025-12-03T15:12:02.496+0000][6][gc,phases   ] GC(100)   Other: 2.7ms
[2025-12-03T15:12:02.496+0000][6][gc,heap     ] GC(100) Eden regions: 69->0(68)
[2025-12-03T15:12:02.496+0000][6][gc,heap     ] GC(100) Survivor regions: 1->2(9)
[2025-12-03T15:12:02.496+0000][6][gc,heap     ] GC(100) Old regions: 32->32
[2025-12-03T15:12:02.496+0000][6][gc,heap     ] GC(100) Archive regions: 2->2
[2025-12-03T15:12:02.496+0000][6][gc,heap     ] GC(100) Humongous regions: 2->2
[2025-12-03T15:12:02.496+0000][6][gc,metaspace] GC(100) Metaspace: 117657K(119296K)->117657K(119296K) NonClass: 102744K(103680K)->102744K(103680K) Class: 14912K(15616K)->14912K(15616K)
[2025-12-03T15:12:02.497+0000][6][gc          ] GC(100) Pause Young (Normal) (G1 Evacuation Pause) 417M->143M(512M) 16.625ms
[2025-12-03T15:12:02.497+0000][6][gc,cpu      ] GC(100) User=0.07s Sys=0.01s Real=0.02s
[2025-12-03T15:12:02.497+0000][6][safepoint   ] Safepoint "G1CollectForAllocation", Time since last: 14803634965 ns, Reaching safepoint: 344958 ns, At safepoint: 16989709 ns, Total: 17334667 ns
[2025-12-03T15:12:05.500+0000][6][safepoint   ] Safepoint "Cleanup", Time since last: 3003134960 ns, Reaching safepoint: 307166 ns, At safepoint: 43667 ns, Total: 350833 ns
[2025-12-03T15:12:06.502+0000][6][safepoint   ] Safepoint "Cleanup", Time since last: 1001492792 ns, Reaching safepoint: 180750 ns, At safepoint: 11417 ns, Total: 192167 ns
[2025-12-03T15:12:11.515+0000][6][safepoint   ] Safepoint "Cleanup", Time since last: 5012140127 ns, Reaching safepoint: 1084667 ns, At safepoint: 25125 ns, Total: 1109792 ns
[2025-12-03T15:12:12.518+0000][6][safepoint   ] Safepoint "Cleanup", Time since last: 1002573042 ns, Reaching safepoint: 275625 ns, At safepoint: 11458 ns, Total: 287083 ns
[2025-12-03T15:12:26.541+0000][6][safepoint   ] Safepoint "Cleanup", Time since last: 14020748215 ns, Reaching safepoint: 88083 ns, At safepoint: 5000 ns, Total: 93083 ns
[2025-12-03T15:12:28.549+0000][6][safepoint   ] Safepoint "Cleanup", Time since last: 2007898376 ns, Reaching safepoint: 190458 ns, At safepoint: 6917 ns, Total: 197375 ns
[2025-12-03T15:12:33.563+0000][6][safepoint   ] Safepoint "Cleanup", Time since last: 5013936044 ns, Reaching safepoint: 239292 ns, At safepoint: 15125 ns, Total: 254417 ns
[2025-12-03T15:12:36.572+0000][6][safepoint   ] Safepoint "Cleanup", Time since last: 3009177334 ns, Reaching safepoint: 83459 ns, At safepoint: 2541 ns, Total: 86000 ns
[2025-12-03T15:12:46.580+0000][6][gc,start    ] GC(101) Pause Young (Normal) (G1 Evacuation Pause)
[2025-12-03T15:12:46.580+0000][6][gc,task     ] GC(101) Using 8 workers of 8 for evacuation
[2025-12-03T15:12:46.580+0000][6][gc,age      ] GC(101) Desired survivor size 18874368 bytes, new threshold 15 (max threshold 15)
[2025-12-03T15:12:46.588+0000][6][gc,age      ] GC(101) Age table with threshold 15 (max threshold 15)
[2025-12-03T15:12:46.588+0000][6][gc,age      ] GC(101) - age   1:    1110800 bytes,    1110800 total
[2025-12-03T15:12:46.588+0000][6][gc,age      ] GC(101) - age   2:     719880 bytes,    1830680 total
[2025-12-03T15:12:46.588+0000][6][gc,age      ] GC(101) - age   3:     221504 bytes,    2052184 total
[2025-12-03T15:12:46.588+0000][6][gc,age      ] GC(101) - age   4:    1054400 bytes,    3106584 total
[2025-12-03T15:12:46.588+0000][6][gc,age      ] GC(101) - age   5:     129184 bytes,    3235768 total
[2025-12-03T15:12:46.588+0000][6][gc,age      ] GC(101) - age   6:     236520 bytes,    3472288 total
[2025-12-03T15:12:46.588+0000][6][gc,age      ] GC(101) - age   7:      41464 bytes,    3513752 total
[2025-12-03T15:12:46.588+0000][6][gc,age      ] GC(101) - age   8:     120216 bytes,    3633968 total
[2025-12-03T15:12:46.588+0000][6][gc,age      ] GC(101) - age   9:     446040 bytes,    4080008 total
[2025-12-03T15:12:46.588+0000][6][gc,age      ] GC(101) - age  10:      19192 bytes,    4099200 total
[2025-12-03T15:12:46.588+0000][6][gc,age      ] GC(101) - age  11:       8496 bytes,    4107696 total
[2025-12-03T15:12:46.588+0000][6][gc,age      ] GC(101) - age  12:       7552 bytes,    4115248 total
[2025-12-03T15:12:46.588+0000][6][gc,age      ] GC(101) - age  13:      13304 bytes,    4128552 total
[2025-12-03T15:12:46.588+0000][6][gc,age      ] GC(101) - age  14:      76320 bytes,    4204872 total
[2025-12-03T15:12:46.588+0000][6][gc,age      ] GC(101) - age  15:       8448 bytes,    4213320 total
[2025-12-03T15:12:46.588+0000][6][gc,phases   ] GC(101)   Pre Evacuate Collection Set: 0.2ms
[2025-12-03T15:12:46.588+0000][6][gc,phases   ] GC(101)   Merge Heap Roots: 0.1ms
[2025-12-03T15:12:46.588+0000][6][gc,phases   ] GC(101)   Evacuate Collection Set: 4.9ms
[2025-12-03T15:12:46.588+0000][6][gc,phases   ] GC(101)   Post Evacuate Collection Set: 2.3ms
[2025-12-03T15:12:46.588+0000][6][gc,phases   ] GC(101)   Other: 1.4ms
[2025-12-03T15:12:46.589+0000][6][gc,heap     ] GC(101) Eden regions: 68->0(68)
[2025-12-03T15:12:46.589+0000][6][gc,heap     ] GC(101) Survivor regions: 2->2(9)
[2025-12-03T15:12:46.589+0000][6][gc,heap     ] GC(101) Old regions: 32->32
[2025-12-03T15:12:46.589+0000][6][gc,heap     ] GC(101) Archive regions: 2->2
[2025-12-03T15:12:46.589+0000][6][gc,heap     ] GC(101) Humongous regions: 2->2
[2025-12-03T15:12:46.589+0000][6][gc,metaspace] GC(101) Metaspace: 117678K(119360K)->117678K(119360K) NonClass: 102765K(103744K)->102765K(103744K) Class: 14913K(15616K)->14913K(15616K)
[2025-12-03T15:12:46.589+0000][6][gc          ] GC(101) Pause Young (Normal) (G1 Evacuation Pause) 415M->142M(512M) 9.262ms
[2025-12-03T15:12:46.589+0000][6][gc,cpu      ] GC(101) User=0.04s Sys=0.00s Real=0.01s
[2025-12-03T15:12:46.589+0000][6][safepoint   ] Safepoint "G1CollectForAllocation", Time since last: 10006895464 ns, Reaching safepoint: 196083 ns, At safepoint: 9419333 ns, Total: 9615416 ns
[2025-12-03T15:12:50.594+0000][6][safepoint   ] Safepoint "Cleanup", Time since last: 4005213002 ns, Reaching safepoint: 71083 ns, At safepoint: 2209 ns, Total: 73292 ns
[2025-12-03T15:13:06.628+0000][6][safepoint   ] Safepoint "Cleanup", Time since last: 16033343965 ns, Reaching safepoint: 240333 ns, At safepoint: 11792 ns, Total: 252125 ns
[2025-12-03T15:13:07.631+0000][6][safepoint   ] Safepoint "Cleanup", Time since last: 1002090959 ns, Reaching safepoint: 163916 ns, At safepoint: 10875 ns, Total: 174791 ns
[2025-12-03T15:13:23.663+0000][6][safepoint   ] Safepoint "Cleanup", Time since last: 16031401675 ns, Reaching safepoint: 577250 ns, At safepoint: 25833 ns, Total: 603083 ns
[2025-12-03T15:13:25.705+0000][6][gc,start    ] GC(102) Pause Young (Normal) (G1 Evacuation Pause)
[2025-12-03T15:13:25.706+0000][6][gc,task     ] GC(102) Using 8 workers of 8 for evacuation
[2025-12-03T15:13:25.706+0000][6][gc,age      ] GC(102) Desired survivor size 18874368 bytes, new threshold 15 (max threshold 15)
[2025-12-03T15:13:25.725+0000][6][gc,age      ] GC(102) Age table with threshold 15 (max threshold 15)
[2025-12-03T15:13:25.725+0000][6][gc,age      ] GC(102) - age   1:    2640256 bytes,    2640256 total
[2025-12-03T15:13:25.725+0000][6][gc,age      ] GC(102) - age   2:     181664 bytes,    2821920 total
[2025-12-03T15:13:25.725+0000][6][gc,age      ] GC(102) - age   3:     715152 bytes,    3537072 total
[2025-12-03T15:13:25.725+0000][6][gc,age      ] GC(102) - age   4:     220472 bytes,    3757544 total
[2025-12-03T15:13:25.725+0000][6][gc,age      ] GC(102) - age   5:    1054208 bytes,    4811752 total
[2025-12-03T15:13:25.725+0000][6][gc,age      ] GC(102) - age   6:     129056 bytes,    4940808 total
[2025-12-03T15:13:25.725+0000][6][gc,age      ] GC(102) - age   7:     236456 bytes,    5177264 total
[2025-12-03T15:13:25.726+0000][6][gc,age      ] GC(102) - age   8:      41336 bytes,    5218600 total
[2025-12-03T15:13:25.726+0000][6][gc,age      ] GC(102) - age   9:     120216 bytes,    5338816 total
[2025-12-03T15:13:25.726+0000][6][gc,age      ] GC(102) - age  10:     446040 bytes,    5784856 total
[2025-12-03T15:13:25.726+0000][6][gc,age      ] GC(102) - age  11:      10456 bytes,    5795312 total
[2025-12-03T15:13:25.726+0000][6][gc,age      ] GC(102) - age  12:       8496 bytes,    5803808 total
[2025-12-03T15:13:25.726+0000][6][gc,age      ] GC(102) - age  13:       7552 bytes,    5811360 total
[2025-12-03T15:13:25.726+0000][6][gc,age      ] GC(102) - age  14:      13304 bytes,    5824664 total
[2025-12-03T15:13:25.726+0000][6][gc,age      ] GC(102) - age  15:      76320 bytes,    5900984 total
[2025-12-03T15:13:25.726+0000][6][gc,phases   ] GC(102)   Pre Evacuate Collection Set: 0.2ms
[2025-12-03T15:13:25.726+0000][6][gc,phases   ] GC(102)   Merge Heap Roots: 0.1ms
[2025-12-03T15:13:25.726+0000][6][gc,phases   ] GC(102)   Evacuate Collection Set: 12.0ms
[2025-12-03T15:13:25.726+0000][6][gc,phases   ] GC(102)   Post Evacuate Collection Set: 6.9ms
[2025-12-03T15:13:25.726+0000][6][gc,phases   ] GC(102)   Other: 1.5ms
[2025-12-03T15:13:25.726+0000][6][gc,heap     ] GC(102) Eden regions: 68->0(68)
[2025-12-03T15:13:25.726+0000][6][gc,heap     ] GC(102) Survivor regions: 2->2(9)
[2025-12-03T15:13:25.726+0000][6][gc,heap     ] GC(102) Old regions: 32->32
[2025-12-03T15:13:25.726+0000][6][gc,heap     ] GC(102) Archive regions: 2->2
[2025-12-03T15:13:25.727+0000][6][gc,heap     ] GC(102) Humongous regions: 2->2
[2025-12-03T15:13:25.727+0000][6][gc,metaspace] GC(102) Metaspace: 117726K(119360K)->117726K(119360K) NonClass: 102813K(103744K)->102813K(103744K) Class: 14913K(15616K)->14913K(15616K)
[2025-12-03T15:13:25.730+0000][6][gc          ] GC(102) Pause Young (Normal) (G1 Evacuation Pause) 414M->144M(512M) 24.060ms
[2025-12-03T15:13:25.730+0000][6][gc,cpu      ] GC(102) User=0.10s Sys=0.01s Real=0.03s
[2025-12-03T15:13:25.730+0000][6][safepoint   ] Safepoint "G1CollectForAllocation", Time since last: 2042659959 ns, Reaching safepoint: 181542 ns, At safepoint: 24274667 ns, Total: 24456209 ns
[2025-12-03T15:13:28.737+0000][6][safepoint   ] Safepoint "Cleanup", Time since last: 3006447126 ns, Reaching safepoint: 198416 ns, At safepoint: 12084 ns, Total: 210500 ns
[2025-12-03T15:13:36.754+0000][6][safepoint   ] Safepoint "Cleanup", Time since last: 8016790670 ns, Reaching safepoint: 130750 ns, At safepoint: 11167 ns, Total: 141917 ns
[2025-12-03T15:13:49.780+0000][6][safepoint   ] Safepoint "Cleanup", Time since last: 13025072548 ns, Reaching safepoint: 277083 ns, At safepoint: 5958 ns, Total: 283041 ns
[2025-12-03T15:13:53.789+0000][6][safepoint   ] Safepoint "Cleanup", Time since last: 4009027336 ns, Reaching safepoint: 458458 ns, At safepoint: 16458 ns, Total: 474916 ns
[2025-12-03T15:14:03.802+0000][6][safepoint   ] Safepoint "Cleanup", Time since last: 10011504380 ns, Reaching safepoint: 196291 ns, At safepoint: 18250 ns, Total: 214541 ns
[2025-12-03T15:14:05.805+0000][6][safepoint   ] Safepoint "Cleanup", Time since last: 2003302710 ns, Reaching safepoint: 69916 ns, At safepoint: 3209 ns, Total: 73125 ns
[2025-12-03T15:14:06.807+0000][6][safepoint   ] Safepoint "Cleanup", Time since last: 1001167542 ns, Reaching safepoint: 140208 ns, At safepoint: 40000 ns, Total: 180208 ns
[2025-12-03T15:14:12.892+0000][6][gc,start    ] GC(103) Pause Young (Normal) (G1 Evacuation Pause)
[2025-12-03T15:14:12.892+0000][6][gc,task     ] GC(103) Using 8 workers of 8 for evacuation
[2025-12-03T15:14:12.893+0000][6][gc,age      ] GC(103) Desired survivor size 18874368 bytes, new threshold 15 (max threshold 15)
[2025-12-03T15:14:12.902+0000][6][gc,age      ] GC(103) Age table with threshold 15 (max threshold 15)
[2025-12-03T15:14:12.902+0000][6][gc,age      ] GC(103) - age   1:    1043160 bytes,    1043160 total
[2025-12-03T15:14:12.902+0000][6][gc,age      ] GC(103) - age   2:      32088 bytes,    1075248 total
[2025-12-03T15:14:12.902+0000][6][gc,age      ] GC(103) - age   3:     178752 bytes,    1254000 total
[2025-12-03T15:14:12.902+0000][6][gc,age      ] GC(103) - age   4:     215800 bytes,    1469800 total
[2025-12-03T15:14:12.902+0000][6][gc,age      ] GC(103) - age   5:     220408 bytes,    1690208 total
[2025-12-03T15:14:12.902+0000][6][gc,age      ] GC(103) - age   6:    1053936 bytes,    2744144 total
[2025-12-03T15:14:12.902+0000][6][gc,age      ] GC(103) - age   7:     129056 bytes,    2873200 total
[2025-12-03T15:14:12.902+0000][6][gc,age      ] GC(103) - age   8:     236456 bytes,    3109656 total
[2025-12-03T15:14:12.902+0000][6][gc,age      ] GC(103) - age   9:      41336 bytes,    3150992 total
[2025-12-03T15:14:12.902+0000][6][gc,age      ] GC(103) - age  10:      93464 bytes,    3244456 total
[2025-12-03T15:14:12.902+0000][6][gc,age      ] GC(103) - age  11:     429144 bytes,    3673600 total
[2025-12-03T15:14:12.903+0000][6][gc,age      ] GC(103) - age  12:      10456 bytes,    3684056 total
[2025-12-03T15:14:12.903+0000][6][gc,age      ] GC(103) - age  13:       8496 bytes,    3692552 total
[2025-12-03T15:14:12.903+0000][6][gc,age      ] GC(103) - age  14:       7552 bytes,    3700104 total
[2025-12-03T15:14:12.903+0000][6][gc,age      ] GC(103) - age  15:      13304 bytes,    3713408 total
[2025-12-03T15:14:12.903+0000][6][gc,phases   ] GC(103)   Pre Evacuate Collection Set: 0.4ms
[2025-12-03T15:14:12.903+0000][6][gc,phases   ] GC(103)   Merge Heap Roots: 0.2ms
[2025-12-03T15:14:12.903+0000][6][gc,phases   ] GC(103)   Evacuate Collection Set: 6.4ms
[2025-12-03T15:14:12.903+0000][6][gc,phases   ] GC(103)   Post Evacuate Collection Set: 1.9ms
[2025-12-03T15:14:12.903+0000][6][gc,phases   ] GC(103)   Other: 2.3ms
[2025-12-03T15:14:12.903+0000][6][gc,heap     ] GC(103) Eden regions: 68->0(69)
[2025-12-03T15:14:12.903+0000][6][gc,heap     ] GC(103) Survivor regions: 2->1(9)
[2025-12-03T15:14:12.903+0000][6][gc,heap     ] GC(103) Old regions: 32->32
[2025-12-03T15:14:12.903+0000][6][gc,heap     ] GC(103) Archive regions: 2->2
[2025-12-03T15:14:12.903+0000][6][gc,heap     ] GC(103) Humongous regions: 2->2
[2025-12-03T15:14:12.903+0000][6][gc,metaspace] GC(103) Metaspace: 117799K(119424K)->117799K(119424K) NonClass: 102885K(103808K)->102885K(103808K) Class: 14913K(15616K)->14913K(15616K)
[2025-12-03T15:14:12.903+0000][6][gc          ] GC(103) Pause Young (Normal) (G1 Evacuation Pause) 416M->142M(512M) 11.705ms
[2025-12-03T15:14:12.903+0000][6][gc,cpu      ] GC(103) User=0.05s Sys=0.00s Real=0.01s
[2025-12-03T15:14:12.903+0000][6][safepoint   ] Safepoint "G1CollectForAllocation", Time since last: 6084230295 ns, Reaching safepoint: 539375 ns, At safepoint: 11941250 ns, Total: 12480625 ns
[2025-12-03T15:14:31.964+0000][6][safepoint   ] Safepoint "Cleanup", Time since last: 19042219967 ns, Reaching safepoint: 17739375 ns, At safepoint: 85625 ns, Total: 17825000 ns
[2025-12-03T15:14:32.966+0000][6][safepoint   ] Safepoint "Cleanup", Time since last: 1001901750 ns, Reaching safepoint: 91917 ns, At safepoint: 4000 ns, Total: 95917 ns
[2025-12-03T15:15:02.019+0000][6][safepoint   ] Safepoint "Cleanup", Time since last: 29050395347 ns, Reaching safepoint: 1119041 ns, At safepoint: 31167 ns, Total: 1150208 ns
[2025-12-03T15:15:06.024+0000][6][safepoint   ] Safepoint "Cleanup", Time since last: 4005283252 ns, Reaching safepoint: 266958 ns, At safepoint: 13792 ns, Total: 280750 ns
[2025-12-03T15:15:07.259+0000][6][gc,start    ] GC(104) Pause Young (Normal) (G1 Evacuation Pause)
[2025-12-03T15:15:07.260+0000][6][gc,task     ] GC(104) Using 8 workers of 8 for evacuation
[2025-12-03T15:15:07.260+0000][6][gc,age      ] GC(104) Desired survivor size 18874368 bytes, new threshold 15 (max threshold 15)
[2025-12-03T15:15:07.278+0000][6][gc,age      ] GC(104) Age table with threshold 15 (max threshold 15)
[2025-12-03T15:15:07.278+0000][6][gc,age      ] GC(104) - age   1:     923296 bytes,     923296 total
[2025-12-03T15:15:07.278+0000][6][gc,age      ] GC(104) - age   2:     716280 bytes,    1639576 total
[2025-12-03T15:15:07.278+0000][6][gc,age      ] GC(104) - age   3:      26120 bytes,    1665696 total
[2025-12-03T15:15:07.278+0000][6][gc,age      ] GC(104) - age   4:     178112 bytes,    1843808 total
[2025-12-03T15:15:07.278+0000][6][gc,age      ] GC(104) - age   5:     214048 bytes,    2057856 total
[2025-12-03T15:15:07.278+0000][6][gc,age      ] GC(104) - age   6:     220408 bytes,    2278264 total
[2025-12-03T15:15:07.278+0000][6][gc,age      ] GC(104) - age   7:    1053872 bytes,    3332136 total
[2025-12-03T15:15:07.279+0000][6][gc,age      ] GC(104) - age   8:     129056 bytes,    3461192 total
[2025-12-03T15:15:07.279+0000][6][gc,age      ] GC(104) - age   9:     236456 bytes,    3697648 total
[2025-12-03T15:15:07.279+0000][6][gc,age      ] GC(104) - age  10:      41272 bytes,    3738920 total
[2025-12-03T15:15:07.279+0000][6][gc,age      ] GC(104) - age  11:      93464 bytes,    3832384 total
[2025-12-03T15:15:07.279+0000][6][gc,age      ] GC(104) - age  12:     429144 bytes,    4261528 total
[2025-12-03T15:15:07.279+0000][6][gc,age      ] GC(104) - age  13:      10456 bytes,    4271984 total
[2025-12-03T15:15:07.279+0000][6][gc,age      ] GC(104) - age  14:       8496 bytes,    4280480 total
[2025-12-03T15:15:07.279+0000][6][gc,age      ] GC(104) - age  15:       7552 bytes,    4288032 total
[2025-12-03T15:15:07.279+0000][6][gc,phases   ] GC(104)   Pre Evacuate Collection Set: 0.6ms
[2025-12-03T15:15:07.279+0000][6][gc,phases   ] GC(104)   Merge Heap Roots: 0.3ms
[2025-12-03T15:15:07.280+0000][6][gc,phases   ] GC(104)   Evacuate Collection Set: 13.0ms
[2025-12-03T15:15:07.280+0000][6][gc,phases   ] GC(104)   Post Evacuate Collection Set: 3.5ms
[2025-12-03T15:15:07.280+0000][6][gc,phases   ] GC(104)   Other: 2.9ms
[2025-12-03T15:15:07.280+0000][6][gc,heap     ] GC(104) Eden regions: 69->0(68)
[2025-12-03T15:15:07.280+0000][6][gc,heap     ] GC(104) Survivor regions: 1->2(9)
[2025-12-03T15:15:07.280+0000][6][gc,heap     ] GC(104) Old regions: 32->32
[2025-12-03T15:15:07.280+0000][6][gc,heap     ] GC(104) Archive regions: 2->2
[2025-12-03T15:15:07.280+0000][6][gc,heap     ] GC(104) Humongous regions: 2->2
[2025-12-03T15:15:07.280+0000][6][gc,metaspace] GC(104) Metaspace: 117805K(119488K)->117805K(119488K) NonClass: 102892K(103872K)->102892K(103872K) Class: 14913K(15616K)->14913K(15616K)
[2025-12-03T15:15:07.280+0000][6][gc          ] GC(104) Pause Young (Normal) (G1 Evacuation Pause) 418M->142M(512M) 21.095ms
[2025-12-03T15:15:07.280+0000][6][gc,cpu      ] GC(104) User=0.10s Sys=0.00s Real=0.03s
[2025-12-03T15:15:07.280+0000][6][safepoint   ] Safepoint "G1CollectForAllocation", Time since last: 1234152625 ns, Reaching safepoint: 327500 ns, At safepoint: 21625125 ns, Total: 21952625 ns
[2025-12-03T15:15:17.301+0000][6][safepoint   ] Safepoint "Cleanup", Time since last: 10019648672 ns, Reaching safepoint: 626292 ns, At safepoint: 14750 ns, Total: 641042 ns
[2025-12-03T15:15:27.319+0000][6][safepoint   ] Safepoint "Cleanup", Time since last: 10017464587 ns, Reaching safepoint: 114125 ns, At safepoint: 10041 ns, Total: 124166 ns
[2025-12-03T15:15:47.342+0000][6][safepoint   ] Safepoint "Cleanup", Time since last: 20022913635 ns, Reaching safepoint: 243208 ns, At safepoint: 26584 ns, Total: 269792 ns
[2025-12-03T15:16:02.589+0000][6][gc,start    ] GC(105) Pause Young (Normal) (G1 Evacuation Pause)
[2025-12-03T15:16:02.590+0000][6][gc,task     ] GC(105) Using 8 workers of 8 for evacuation
[2025-12-03T15:16:02.590+0000][6][gc,age      ] GC(105) Desired survivor size 18874368 bytes, new threshold 15 (max threshold 15)
[2025-12-03T15:16:02.598+0000][6][gc,age      ] GC(105) Age table with threshold 15 (max threshold 15)
[2025-12-03T15:16:02.598+0000][6][gc,age      ] GC(105) - age   1:    1832248 bytes,    1832248 total
[2025-12-03T15:16:02.598+0000][6][gc,age      ] GC(105) - age   2:      28792 bytes,    1861040 total
[2025-12-03T15:16:02.598+0000][6][gc,age      ] GC(105) - age   3:     565016 bytes,    2426056 total
[2025-12-03T15:16:02.598+0000][6][gc,age      ] GC(105) - age   4:      25352 bytes,    2451408 total
[2025-12-03T15:16:02.598+0000][6][gc,age      ] GC(105) - age   5:     178000 bytes,    2629408 total
[2025-12-03T15:16:02.598+0000][6][gc,age      ] GC(105) - age   6:     213920 bytes,    2843328 total
[2025-12-03T15:16:02.598+0000][6][gc,age      ] GC(105) - age   7:     220408 bytes,    3063736 total
[2025-12-03T15:16:02.598+0000][6][gc,age      ] GC(105) - age   8:    1053608 bytes,    4117344 total
[2025-12-03T15:16:02.598+0000][6][gc,age      ] GC(105) - age   9:     129056 bytes,    4246400 total
[2025-12-03T15:16:02.598+0000][6][gc,age      ] GC(105) - age  10:      18184 bytes,    4264584 total
[2025-12-03T15:16:02.598+0000][6][gc,age      ] GC(105) - age  11:      41272 bytes,    4305856 total
[2025-12-03T15:16:02.599+0000][6][gc,age      ] GC(105) - age  12:      93464 bytes,    4399320 total
[2025-12-03T15:16:02.599+0000][6][gc,age      ] GC(105) - age  13:     429144 bytes,    4828464 total
[2025-12-03T15:16:02.599+0000][6][gc,age      ] GC(105) - age  14:      10456 bytes,    4838920 total
[2025-12-03T15:16:02.599+0000][6][gc,age      ] GC(105) - age  15:       8496 bytes,    4847416 total
[2025-12-03T15:16:02.599+0000][6][gc,phases   ] GC(105)   Pre Evacuate Collection Set: 0.4ms
[2025-12-03T15:16:02.599+0000][6][gc,phases   ] GC(105)   Merge Heap Roots: 0.1ms
[2025-12-03T15:16:02.599+0000][6][gc,phases   ] GC(105)   Evacuate Collection Set: 5.5ms
[2025-12-03T15:16:02.599+0000][6][gc,phases   ] GC(105)   Post Evacuate Collection Set: 2.0ms
[2025-12-03T15:16:02.599+0000][6][gc,phases   ] GC(105)   Other: 2.3ms
[2025-12-03T15:16:02.599+0000][6][gc,heap     ] GC(105) Eden regions: 68->0(68)
[2025-12-03T15:16:02.599+0000][6][gc,heap     ] GC(105) Survivor regions: 2->2(9)
[2025-12-03T15:16:02.599+0000][6][gc,heap     ] GC(105) Old regions: 32->32
[2025-12-03T15:16:02.599+0000][6][gc,heap     ] GC(105) Archive regions: 2->2
[2025-12-03T15:16:02.599+0000][6][gc,heap     ] GC(105) Humongous regions: 2->2
[2025-12-03T15:16:02.599+0000][6][gc,metaspace] GC(105) Metaspace: 117834K(119488K)->117834K(119488K) NonClass: 102921K(103872K)->102921K(103872K) Class: 14913K(15616K)->14913K(15616K)
[2025-12-03T15:16:02.599+0000][6][gc          ] GC(105) Pause Young (Normal) (G1 Evacuation Pause) 414M->143M(512M) 10.815ms
[2025-12-03T15:16:02.599+0000][6][gc,cpu      ] GC(105) User=0.04s Sys=0.00s Real=0.01s
[2025-12-03T15:16:02.600+0000][6][safepoint   ] Safepoint "G1CollectForAllocation", Time since last: 15244974215 ns, Reaching safepoint: 186750 ns, At safepoint: 11072375 ns, Total: 11259125 ns
[2025-12-03T15:16:06.607+0000][6][safepoint   ] Safepoint "Cleanup", Time since last: 4007431960 ns, Reaching safepoint: 162000 ns, At safepoint: 9792 ns, Total: 171792 ns
[2025-12-03T15:16:07.609+0000][6][safepoint   ] Safepoint "Cleanup", Time since last: 1001466209 ns, Reaching safepoint: 159958 ns, At safepoint: 8333 ns, Total: 168291 ns
[2025-12-03T15:16:43.666+0000][6][safepoint   ] Safepoint "Cleanup", Time since last: 36055278725 ns, Reaching safepoint: 638333 ns, At safepoint: 81708 ns, Total: 720041 ns
[2025-12-03T15:16:55.719+0000][6][gc,start    ] GC(106) Pause Young (Normal) (G1 Evacuation Pause)
[2025-12-03T15:16:55.719+0000][6][gc,task     ] GC(106) Using 8 workers of 8 for evacuation
[2025-12-03T15:16:55.719+0000][6][gc,age      ] GC(106) Desired survivor size 18874368 bytes, new threshold 15 (max threshold 15)
[2025-12-03T15:16:55.732+0000][6][gc,age      ] GC(106) Age table with threshold 15 (max threshold 15)
[2025-12-03T15:16:55.732+0000][6][gc,age      ] GC(106) - age   1:    3483104 bytes,    3483104 total
[2025-12-03T15:16:55.732+0000][6][gc,age      ] GC(106) - age   2:     338328 bytes,    3821432 total
[2025-12-03T15:16:55.732+0000][6][gc,age      ] GC(106) - age   3:      21408 bytes,    3842840 total
[2025-12-03T15:16:55.732+0000][6][gc,age      ] GC(106) - age   4:      65720 bytes,    3908560 total
[2025-12-03T15:16:55.732+0000][6][gc,age      ] GC(106) - age   5:      21040 bytes,    3929600 total
[2025-12-03T15:16:55.732+0000][6][gc,age      ] GC(106) - age   6:     129136 bytes,    4058736 total
[2025-12-03T15:16:55.732+0000][6][gc,age      ] GC(106) - age   7:     164896 bytes,    4223632 total
[2025-12-03T15:16:55.732+0000][6][gc,age      ] GC(106) - age   8:     211280 bytes,    4434912 total
[2025-12-03T15:16:55.732+0000][6][gc,age      ] GC(106) - age   9:    1053576 bytes,    5488488 total
[2025-12-03T15:16:55.733+0000][6][gc,age      ] GC(106) - age  10:      21968 bytes,    5510456 total
[2025-12-03T15:16:55.733+0000][6][gc,age      ] GC(106) - age  11:      18184 bytes,    5528640 total
[2025-12-03T15:16:55.733+0000][6][gc,age      ] GC(106) - age  12:      41272 bytes,    5569912 total
[2025-12-03T15:16:55.733+0000][6][gc,age      ] GC(106) - age  13:      93464 bytes,    5663376 total
[2025-12-03T15:16:55.733+0000][6][gc,age      ] GC(106) - age  14:     429144 bytes,    6092520 total
[2025-12-03T15:16:55.733+0000][6][gc,age      ] GC(106) - age  15:      10456 bytes,    6102976 total
[2025-12-03T15:16:55.733+0000][6][gc,phases   ] GC(106)   Pre Evacuate Collection Set: 0.4ms
[2025-12-03T15:16:55.733+0000][6][gc,phases   ] GC(106)   Merge Heap Roots: 0.1ms
[2025-12-03T15:16:55.733+0000][6][gc,phases   ] GC(106)   Evacuate Collection Set: 9.6ms
[2025-12-03T15:16:55.733+0000][6][gc,phases   ] GC(106)   Post Evacuate Collection Set: 2.4ms
[2025-12-03T15:16:55.733+0000][6][gc,phases   ] GC(106)   Other: 1.5ms
[2025-12-03T15:16:55.733+0000][6][gc,heap     ] GC(106) Eden regions: 68->0(68)
[2025-12-03T15:16:55.733+0000][6][gc,heap     ] GC(106) Survivor regions: 2->2(9)
[2025-12-03T15:16:55.733+0000][6][gc,heap     ] GC(106) Old regions: 32->32
[2025-12-03T15:16:55.733+0000][6][gc,heap     ] GC(106) Archive regions: 2->2
[2025-12-03T15:16:55.733+0000][6][gc,heap     ] GC(106) Humongous regions: 2->2
[2025-12-03T15:16:55.733+0000][6][gc,metaspace] GC(106) Metaspace: 117836K(119552K)->117836K(119552K) NonClass: 102923K(103936K)->102923K(103936K) Class: 14913K(15616K)->14913K(15616K)
[2025-12-03T15:16:55.733+0000][6][gc          ] GC(106) Pause Young (Normal) (G1 Evacuation Pause) 415M->144M(512M) 14.529ms
[2025-12-03T15:16:55.734+0000][6][gc,cpu      ] GC(106) User=0.07s Sys=0.00s Real=0.02s
[2025-12-03T15:16:55.734+0000][6][safepoint   ] Safepoint "G1CollectForAllocation", Time since last: 12052947215 ns, Reaching safepoint: 141208 ns, At safepoint: 14749333 ns, Total: 14890541 ns
[2025-12-03T15:17:04.749+0000][6][safepoint   ] Safepoint "Cleanup", Time since last: 9014410254 ns, Reaching safepoint: 179042 ns, At safepoint: 11708 ns, Total: 190750 ns
[2025-12-03T15:17:06.752+0000][6][safepoint   ] Safepoint "Cleanup", Time since last: 2002930459 ns, Reaching safepoint: 167208 ns, At safepoint: 11459 ns, Total: 178667 ns
[2025-12-03T15:17:16.776+0000][6][safepoint   ] Safepoint "Cleanup", Time since last: 10023696088 ns, Reaching safepoint: 122083 ns, At safepoint: 5292 ns, Total: 127375 ns
[2025-12-03T15:17:46.735+0000][6][gc,start    ] GC(107) Pause Young (Normal) (G1 Evacuation Pause)
[2025-12-03T15:17:46.735+0000][6][gc,task     ] GC(107) Using 8 workers of 8 for evacuation
[2025-12-03T15:17:46.736+0000][6][gc,age      ] GC(107) Desired survivor size 18874368 bytes, new threshold 15 (max threshold 15)
[2025-12-03T15:17:46.755+0000][6][gc,age      ] GC(107) Age table with threshold 15 (max threshold 15)
[2025-12-03T15:17:46.755+0000][6][gc,age      ] GC(107) - age   1:    4979456 bytes,    4979456 total
[2025-12-03T15:17:46.755+0000][6][gc,age      ] GC(107) - age   2:    1234656 bytes,    6214112 total
[2025-12-03T15:17:46.755+0000][6][gc,age      ] GC(107) - age   3:     332392 bytes,    6546504 total
[2025-12-03T15:17:46.755+0000][6][gc,age      ] GC(107) - age   4:      20512 bytes,    6567016 total
[2025-12-03T15:17:46.755+0000][6][gc,age      ] GC(107) - age   5:      65656 bytes,    6632672 total
[2025-12-03T15:17:46.755+0000][6][gc,age      ] GC(107) - age   6:      20976 bytes,    6653648 total
[2025-12-03T15:17:46.755+0000][6][gc,age      ] GC(107) - age   7:     128656 bytes,    6782304 total
[2025-12-03T15:17:46.755+0000][6][gc,age      ] GC(107) - age   8:     164576 bytes,    6946880 total
[2025-12-03T15:17:46.755+0000][6][gc,age      ] GC(107) - age   9:     211280 bytes,    7158160 total
[2025-12-03T15:17:46.755+0000][6][gc,age      ] GC(107) - age  10:      13168 bytes,    7171328 total
[2025-12-03T15:17:46.755+0000][6][gc,age      ] GC(107) - age  11:      14168 bytes,    7185496 total
[2025-12-03T15:17:46.755+0000][6][gc,age      ] GC(107) - age  12:      18184 bytes,    7203680 total
[2025-12-03T15:17:46.755+0000][6][gc,age      ] GC(107) - age  13:      41272 bytes,    7244952 total
[2025-12-03T15:17:46.756+0000][6][gc,age      ] GC(107) - age  14:      93464 bytes,    7338416 total
[2025-12-03T15:17:46.756+0000][6][gc,age      ] GC(107) - age  15:     429144 bytes,    7767560 total
[2025-12-03T15:17:46.756+0000][6][gc,phases   ] GC(107)   Pre Evacuate Collection Set: 0.5ms
[2025-12-03T15:17:46.756+0000][6][gc,phases   ] GC(107)   Merge Heap Roots: 0.2ms
[2025-12-03T15:17:46.756+0000][6][gc,phases   ] GC(107)   Evacuate Collection Set: 16.5ms
[2025-12-03T15:17:46.756+0000][6][gc,phases   ] GC(107)   Post Evacuate Collection Set: 2.1ms
[2025-12-03T15:17:46.756+0000][6][gc,phases   ] GC(107)   Other: 1.8ms
[2025-12-03T15:17:46.756+0000][6][gc,heap     ] GC(107) Eden regions: 68->0(67)
[2025-12-03T15:17:46.756+0000][6][gc,heap     ] GC(107) Survivor regions: 2->2(9)
[2025-12-03T15:17:46.756+0000][6][gc,heap     ] GC(107) Old regions: 32->32
[2025-12-03T15:17:46.756+0000][6][gc,heap     ] GC(107) Archive regions: 2->2
[2025-12-03T15:17:46.756+0000][6][gc,heap     ] GC(107) Humongous regions: 2->2
[2025-12-03T15:17:46.756+0000][6][gc,metaspace] GC(107) Metaspace: 117840K(119552K)->117840K(119552K) NonClass: 102927K(103936K)->102927K(103936K) Class: 14913K(15616K)->14913K(15616K)
[2025-12-03T15:17:46.756+0000][6][gc          ] GC(107) Pause Young (Normal) (G1 Evacuation Pause) 416M->146M(512M) 21.475ms
[2025-12-03T15:17:46.756+0000][6][gc,cpu      ] GC(107) User=0.11s Sys=0.00s Real=0.02s
[2025-12-03T15:17:46.756+0000][6][safepoint   ] Safepoint "G1CollectForAllocation", Time since last: 29957622264 ns, Reaching safepoint: 316542 ns, At safepoint: 21690458 ns, Total: 22007000 ns
[2025-12-03T15:18:05.794+0000][6][safepoint   ] Safepoint "Cleanup", Time since last: 19036504925 ns, Reaching safepoint: 350333 ns, At safepoint: 15542 ns, Total: 365875 ns
[2025-12-03T15:18:16.808+0000][6][safepoint   ] Safepoint "Cleanup", Time since last: 11013348130 ns, Reaching safepoint: 93625 ns, At safepoint: 5709 ns, Total: 99334 ns
[2025-12-03T15:18:23.823+0000][6][safepoint   ] Safepoint "Cleanup", Time since last: 7014663753 ns, Reaching safepoint: 498792 ns, At safepoint: 16708 ns, Total: 515500 ns
[2025-12-03T15:18:31.862+0000][6][safepoint   ] Safepoint "Cleanup", Time since last: 8037836087 ns, Reaching safepoint: 400083 ns, At safepoint: 16875 ns, Total: 416958 ns
[2025-12-03T15:18:37.785+0000][6][gc,start    ] GC(108) Pause Young (Normal) (G1 Evacuation Pause)
[2025-12-03T15:18:37.785+0000][6][gc,task     ] GC(108) Using 8 workers of 8 for evacuation
[2025-12-03T15:18:37.785+0000][6][gc,age      ] GC(108) Desired survivor size 18874368 bytes, new threshold 15 (max threshold 15)
[2025-12-03T15:18:37.793+0000][6][gc,age      ] GC(108) Age table with threshold 15 (max threshold 15)
[2025-12-03T15:18:37.794+0000][6][gc,age      ] GC(108) - age   1:    1506560 bytes,    1506560 total
[2025-12-03T15:18:37.794+0000][6][gc,age      ] GC(108) - age   2:    1403024 bytes,    2909584 total
[2025-12-03T15:18:37.794+0000][6][gc,age      ] GC(108) - age   3:     731896 bytes,    3641480 total
[2025-12-03T15:18:37.794+0000][6][gc,age      ] GC(108) - age   4:     331424 bytes,    3972904 total
[2025-12-03T15:18:37.794+0000][6][gc,age      ] GC(108) - age   5:      20288 bytes,    3993192 total
[2025-12-03T15:18:37.794+0000][6][gc,age      ] GC(108) - age   6:      65656 bytes,    4058848 total
[2025-12-03T15:18:37.794+0000][6][gc,age      ] GC(108) - age   7:      20976 bytes,    4079824 total
[2025-12-03T15:18:37.794+0000][6][gc,age      ] GC(108) - age   8:     128656 bytes,    4208480 total
[2025-12-03T15:18:37.794+0000][6][gc,age      ] GC(108) - age   9:      83336 bytes,    4291816 total
[2025-12-03T15:18:37.794+0000][6][gc,age      ] GC(108) - age  10:     169168 bytes,    4460984 total
[2025-12-03T15:18:37.794+0000][6][gc,age      ] GC(108) - age  11:      13168 bytes,    4474152 total
[2025-12-03T15:18:37.794+0000][6][gc,age      ] GC(108) - age  12:      14168 bytes,    4488320 total
[2025-12-03T15:18:37.794+0000][6][gc,age      ] GC(108) - age  13:      18184 bytes,    4506504 total
[2025-12-03T15:18:37.794+0000][6][gc,age      ] GC(108) - age  14:      41272 bytes,    4547776 total
[2025-12-03T15:18:37.794+0000][6][gc,age      ] GC(108) - age  15:      93464 bytes,    4641240 total
[2025-12-03T15:18:37.794+0000][6][gc,phases   ] GC(108)   Pre Evacuate Collection Set: 0.3ms
[2025-12-03T15:18:37.794+0000][6][gc,phases   ] GC(108)   Merge Heap Roots: 0.1ms
[2025-12-03T15:18:37.794+0000][6][gc,phases   ] GC(108)   Evacuate Collection Set: 5.9ms
[2025-12-03T15:18:37.794+0000][6][gc,phases   ] GC(108)   Post Evacuate Collection Set: 1.8ms
[2025-12-03T15:18:37.794+0000][6][gc,phases   ] GC(108)   Other: 1.5ms
[2025-12-03T15:18:37.794+0000][6][gc,heap     ] GC(108) Eden regions: 67->0(67)
[2025-12-03T15:18:37.794+0000][6][gc,heap     ] GC(108) Survivor regions: 2->2(9)
[2025-12-03T15:18:37.794+0000][6][gc,heap     ] GC(108) Old regions: 32->32
[2025-12-03T15:18:37.794+0000][6][gc,heap     ] GC(108) Archive regions: 2->2
[2025-12-03T15:18:37.795+0000][6][gc,heap     ] GC(108) Humongous regions: 2->2
[2025-12-03T15:18:37.795+0000][6][gc,metaspace] GC(108) Metaspace: 117856K(119552K)->117856K(119552K) NonClass: 102943K(103936K)->102943K(103936K) Class: 14913K(15616K)->14913K(15616K)
[2025-12-03T15:18:37.795+0000][6][gc          ] GC(108) Pause Young (Normal) (G1 Evacuation Pause) 414M->143M(512M) 9.926ms
[2025-12-03T15:18:37.795+0000][6][gc,cpu      ] GC(108) User=0.05s Sys=0.00s Real=0.01s
[2025-12-03T15:18:37.795+0000][6][safepoint   ] Safepoint "G1CollectForAllocation", Time since last: 5922763628 ns, Reaching safepoint: 112708 ns, At safepoint: 10205000 ns, Total: 10317708 ns
[2025-12-03T15:18:43.806+0000][6][safepoint   ] Safepoint "Cleanup", Time since last: 6011326045 ns, Reaching safepoint: 81917 ns, At safepoint: 3166 ns, Total: 85083 ns
[2025-12-03T15:18:46.818+0000][6][safepoint   ] Safepoint "Cleanup", Time since last: 3011887627 ns, Reaching safepoint: 62583 ns, At safepoint: 3792 ns, Total: 66375 ns
[2025-12-03T15:18:53.826+0000][6][safepoint   ] Safepoint "Cleanup", Time since last: 7007953795 ns, Reaching safepoint: 330000 ns, At safepoint: 17000 ns, Total: 347000 ns
[2025-12-03T15:18:56.832+0000][6][safepoint   ] Safepoint "Cleanup", Time since last: 3003746458 ns, Reaching safepoint: 140459 ns, At safepoint: 8125 ns, Total: 148584 ns
[2025-12-03T15:19:03.847+0000][6][safepoint   ] Safepoint "Cleanup", Time since last: 7014245920 ns, Reaching safepoint: 1101875 ns, At safepoint: 11125 ns, Total: 1113000 ns
[2025-12-03T15:19:05.856+0000][6][safepoint   ] Safepoint "Cleanup", Time since last: 2008289167 ns, Reaching safepoint: 1281375 ns, At safepoint: 10625 ns, Total: 1292000 ns
[2025-12-03T15:19:32.887+0000][6][gc,start    ] GC(109) Pause Young (Normal) (G1 Evacuation Pause)
[2025-12-03T15:19:32.889+0000][6][gc,task     ] GC(109) Using 8 workers of 8 for evacuation
[2025-12-03T15:19:32.889+0000][6][gc,age      ] GC(109) Desired survivor size 18874368 bytes, new threshold 15 (max threshold 15)
[2025-12-03T15:19:32.897+0000][6][gc,age      ] GC(109) Age table with threshold 15 (max threshold 15)
[2025-12-03T15:19:32.897+0000][6][gc,age      ] GC(109) - age   1:    1140880 bytes,    1140880 total
[2025-12-03T15:19:32.898+0000][6][gc,age      ] GC(109) - age   2:     651736 bytes,    1792616 total
[2025-12-03T15:19:32.898+0000][6][gc,age      ] GC(109) - age   3:    1393264 bytes,    3185880 total
[2025-12-03T15:19:32.898+0000][6][gc,age      ] GC(109) - age   4:     730552 bytes,    3916432 total
[2025-12-03T15:19:32.898+0000][6][gc,age      ] GC(109) - age   5:     330968 bytes,    4247400 total
[2025-12-03T15:19:32.898+0000][6][gc,age      ] GC(109) - age   6:      20288 bytes,    4267688 total
[2025-12-03T15:19:32.898+0000][6][gc,age      ] GC(109) - age   7:      65624 bytes,    4333312 total
[2025-12-03T15:19:32.898+0000][6][gc,age      ] GC(109) - age   8:      20976 bytes,    4354288 total
[2025-12-03T15:19:32.898+0000][6][gc,age      ] GC(109) - age   9:     128656 bytes,    4482944 total
[2025-12-03T15:19:32.898+0000][6][gc,age      ] GC(109) - age  10:      83336 bytes,    4566280 total
[2025-12-03T15:19:32.898+0000][6][gc,age      ] GC(109) - age  11:     169168 bytes,    4735448 total
[2025-12-03T15:19:32.898+0000][6][gc,age      ] GC(109) - age  12:      13168 bytes,    4748616 total
[2025-12-03T15:19:32.898+0000][6][gc,age      ] GC(109) - age  13:      14168 bytes,    4762784 total
[2025-12-03T15:19:32.899+0000][6][gc,age      ] GC(109) - age  14:      18184 bytes,    4780968 total
[2025-12-03T15:19:32.899+0000][6][gc,age      ] GC(109) - age  15:      41272 bytes,    4822240 total
[2025-12-03T15:19:32.899+0000][6][gc,phases   ] GC(109)   Pre Evacuate Collection Set: 0.2ms
[2025-12-03T15:19:32.899+0000][6][gc,phases   ] GC(109)   Merge Heap Roots: 0.1ms
[2025-12-03T15:19:32.899+0000][6][gc,phases   ] GC(109)   Evacuate Collection Set: 6.0ms
[2025-12-03T15:19:32.899+0000][6][gc,phases   ] GC(109)   Post Evacuate Collection Set: 1.9ms
[2025-12-03T15:19:32.899+0000][6][gc,phases   ] GC(109)   Other: 3.4ms
[2025-12-03T15:19:32.899+0000][6][gc,heap     ] GC(109) Eden regions: 67->0(68)
[2025-12-03T15:19:32.899+0000][6][gc,heap     ] GC(109) Survivor regions: 2->2(9)
[2025-12-03T15:19:32.899+0000][6][gc,heap     ] GC(109) Old regions: 32->32
[2025-12-03T15:19:32.899+0000][6][gc,heap     ] GC(109) Archive regions: 2->2
[2025-12-03T15:19:32.899+0000][6][gc,heap     ] GC(109) Humongous regions: 2->2
[2025-12-03T15:19:32.900+0000][6][gc,metaspace] GC(109) Metaspace: 117859K(119552K)->117859K(119552K) NonClass: 102946K(103936K)->102946K(103936K) Class: 14913K(15616K)->14913K(15616K)
[2025-12-03T15:19:32.900+0000][6][gc          ] GC(109) Pause Young (Normal) (G1 Evacuation Pause) 411M->143M(512M) 12.399ms
[2025-12-03T15:19:32.900+0000][6][gc,cpu      ] GC(109) User=0.03s Sys=0.00s Real=0.02s
[2025-12-03T15:19:32.900+0000][6][safepoint   ] Safepoint "G1CollectForAllocation", Time since last: 27029337887 ns, Reaching safepoint: 312250 ns, At safepoint: 12663209 ns, Total: 12975459 ns
[2025-12-03T15:19:49.922+0000][6][safepoint   ] Safepoint "Cleanup", Time since last: 17022106133 ns, Reaching safepoint: 403208 ns, At safepoint: 14125 ns, Total: 417333 ns
[2025-12-03T15:20:02.940+0000][6][safepoint   ] Safepoint "Cleanup", Time since last: 13016875381 ns, Reaching safepoint: 91875 ns, At safepoint: 8166 ns, Total: 100041 ns
[2025-12-03T15:20:05.947+0000][6][safepoint   ] Safepoint "Cleanup", Time since last: 3006900377 ns, Reaching safepoint: 82666 ns, At safepoint: 3584 ns, Total: 86250 ns
[2025-12-03T15:20:28.815+0000][6][gc,start    ] GC(110) Pause Young (Normal) (G1 Evacuation Pause)
[2025-12-03T15:20:28.816+0000][6][gc,task     ] GC(110) Using 8 workers of 8 for evacuation
[2025-12-03T15:20:28.816+0000][6][gc,age      ] GC(110) Desired survivor size 18874368 bytes, new threshold 15 (max threshold 15)
[2025-12-03T15:20:28.829+0000][6][gc,age      ] GC(110) Age table with threshold 15 (max threshold 15)
[2025-12-03T15:20:28.829+0000][6][gc,age      ] GC(110) - age   1:    2191344 bytes,    2191344 total
[2025-12-03T15:20:28.829+0000][6][gc,age      ] GC(110) - age   2:     254176 bytes,    2445520 total
[2025-12-03T15:20:28.829+0000][6][gc,age      ] GC(110) - age   3:     647792 bytes,    3093312 total
[2025-12-03T15:20:28.829+0000][6][gc,age      ] GC(110) - age   4:    1392432 bytes,    4485744 total
[2025-12-03T15:20:28.829+0000][6][gc,age      ] GC(110) - age   5:     730328 bytes,    5216072 total
[2025-12-03T15:20:28.829+0000][6][gc,age      ] GC(110) - age   6:     330600 bytes,    5546672 total
[2025-12-03T15:20:28.829+0000][6][gc,age      ] GC(110) - age   7:      20288 bytes,    5566960 total
[2025-12-03T15:20:28.829+0000][6][gc,age      ] GC(110) - age   8:      65424 bytes,    5632384 total
[2025-12-03T15:20:28.829+0000][6][gc,age      ] GC(110) - age   9:      20976 bytes,    5653360 total
[2025-12-03T15:20:28.830+0000][6][gc,age      ] GC(110) - age  10:      29104 bytes,    5682464 total
[2025-12-03T15:20:28.830+0000][6][gc,age      ] GC(110) - age  11:      83336 bytes,    5765800 total
[2025-12-03T15:20:28.830+0000][6][gc,age      ] GC(110) - age  12:     169168 bytes,    5934968 total
[2025-12-03T15:20:28.830+0000][6][gc,age      ] GC(110) - age  13:      11440 bytes,    5946408 total
[2025-12-03T15:20:28.830+0000][6][gc,age      ] GC(110) - age  14:      14168 bytes,    5960576 total
[2025-12-03T15:20:28.830+0000][6][gc,age      ] GC(110) - age  15:      18184 bytes,    5978760 total
[2025-12-03T15:20:28.830+0000][6][gc,phases   ] GC(110)   Pre Evacuate Collection Set: 0.3ms
[2025-12-03T15:20:28.830+0000][6][gc,phases   ] GC(110)   Merge Heap Roots: 0.2ms
[2025-12-03T15:20:28.830+0000][6][gc,phases   ] GC(110)   Evacuate Collection Set: 9.6ms
[2025-12-03T15:20:28.830+0000][6][gc,phases   ] GC(110)   Post Evacuate Collection Set: 2.1ms
[2025-12-03T15:20:28.830+0000][6][gc,phases   ] GC(110)   Other: 2.5ms
[2025-12-03T15:20:28.830+0000][6][gc,heap     ] GC(110) Eden regions: 68->0(68)
[2025-12-03T15:20:28.830+0000][6][gc,heap     ] GC(110) Survivor regions: 2->2(9)
[2025-12-03T15:20:28.830+0000][6][gc,heap     ] GC(110) Old regions: 32->32
[2025-12-03T15:20:28.830+0000][6][gc,heap     ] GC(110) Archive regions: 2->2
[2025-12-03T15:20:28.831+0000][6][gc,heap     ] GC(110) Humongous regions: 2->2
[2025-12-03T15:20:28.831+0000][6][gc,metaspace] GC(110) Metaspace: 117861K(119552K)->117861K(119552K) NonClass: 102948K(103936K)->102948K(103936K) Class: 14913K(15616K)->14913K(15616K)
[2025-12-03T15:20:28.831+0000][6][gc          ] GC(110) Pause Young (Normal) (G1 Evacuation Pause) 415M->145M(512M) 15.248ms
[2025-12-03T15:20:28.831+0000][6][gc,cpu      ] GC(110) User=0.08s Sys=0.00s Real=0.02s
[2025-12-03T15:20:28.831+0000][6][safepoint   ] Safepoint "G1CollectForAllocation", Time since last: 22866607718 ns, Reaching safepoint: 510708 ns, At safepoint: 15616709 ns, Total: 16127417 ns
[2025-12-03T15:20:37.841+0000][6][safepoint   ] Safepoint "Cleanup", Time since last: 9009176504 ns, Reaching safepoint: 1295542 ns, At safepoint: 17250 ns, Total: 1312792 ns
[2025-12-03T15:20:38.843+0000][6][safepoint   ] Safepoint "Cleanup", Time since last: 1001438125 ns, Reaching safepoint: 95792 ns, At safepoint: 13375 ns, Total: 109167 ns
[2025-12-03T15:20:55.870+0000][6][safepoint   ] Safepoint "Cleanup", Time since last: 17026280091 ns, Reaching safepoint: 333375 ns, At safepoint: 20792 ns, Total: 354167 ns
[2025-12-03T15:20:56.872+0000][6][safepoint   ] Safepoint "Cleanup", Time since last: 1001957375 ns, Reaching safepoint: 111125 ns, At safepoint: 4958 ns, Total: 116083 ns
[2025-12-03T15:21:01.879+0000][6][safepoint   ] Safepoint "Cleanup", Time since last: 5006659128 ns, Reaching safepoint: 168875 ns, At safepoint: 4791 ns, Total: 173666 ns
[2025-12-03T15:21:05.884+0000][6][safepoint   ] Safepoint "Cleanup", Time since last: 4004794252 ns, Reaching safepoint: 328875 ns, At safepoint: 12959 ns, Total: 341834 ns
[2025-12-03T15:21:08.891+0000][6][safepoint   ] Safepoint "Cleanup", Time since last: 3006728251 ns, Reaching safepoint: 354792 ns, At safepoint: 12708 ns, Total: 367500 ns
[2025-12-03T15:21:13.982+0000][6][gc,start    ] GC(111) Pause Young (Normal) (G1 Evacuation Pause)
[2025-12-03T15:21:13.983+0000][6][gc,task     ] GC(111) Using 8 workers of 8 for evacuation
[2025-12-03T15:21:13.983+0000][6][gc,age      ] GC(111) Desired survivor size 18874368 bytes, new threshold 15 (max threshold 15)
[2025-12-03T15:21:13.993+0000][6][gc,age      ] GC(111) Age table with threshold 15 (max threshold 15)
[2025-12-03T15:21:13.993+0000][6][gc,age      ] GC(111) - age   1:    1952248 bytes,    1952248 total
[2025-12-03T15:21:13.993+0000][6][gc,age      ] GC(111) - age   2:     481088 bytes,    2433336 total
[2025-12-03T15:21:13.993+0000][6][gc,age      ] GC(111) - age   3:     104792 bytes,    2538128 total
[2025-12-03T15:21:13.993+0000][6][gc,age      ] GC(111) - age   4:     149096 bytes,    2687224 total
[2025-12-03T15:21:13.994+0000][6][gc,age      ] GC(111) - age   5:    1391640 bytes,    4078864 total
[2025-12-03T15:21:13.994+0000][6][gc,age      ] GC(111) - age   6:     730136 bytes,    4809000 total
[2025-12-03T15:21:13.994+0000][6][gc,age      ] GC(111) - age   7:     330600 bytes,    5139600 total
[2025-12-03T15:21:13.994+0000][6][gc,age      ] GC(111) - age   8:      20288 bytes,    5159888 total
[2025-12-03T15:21:13.994+0000][6][gc,age      ] GC(111) - age   9:      16320 bytes,    5176208 total
[2025-12-03T15:21:13.994+0000][6][gc,age      ] GC(111) - age  10:      11088 bytes,    5187296 total
[2025-12-03T15:21:13.994+0000][6][gc,age      ] GC(111) - age  11:      29104 bytes,    5216400 total
[2025-12-03T15:21:13.994+0000][6][gc,age      ] GC(111) - age  12:      83336 bytes,    5299736 total
[2025-12-03T15:21:13.994+0000][6][gc,age      ] GC(111) - age  13:     169168 bytes,    5468904 total
[2025-12-03T15:21:13.994+0000][6][gc,age      ] GC(111) - age  14:      11440 bytes,    5480344 total
[2025-12-03T15:21:13.994+0000][6][gc,age      ] GC(111) - age  15:      14168 bytes,    5494512 total
[2025-12-03T15:21:13.994+0000][6][gc,phases   ] GC(111)   Pre Evacuate Collection Set: 0.4ms
[2025-12-03T15:21:13.994+0000][6][gc,phases   ] GC(111)   Merge Heap Roots: 0.1ms
[2025-12-03T15:21:13.994+0000][6][gc,phases   ] GC(111)   Evacuate Collection Set: 7.5ms
[2025-12-03T15:21:13.994+0000][6][gc,phases   ] GC(111)   Post Evacuate Collection Set: 2.2ms
[2025-12-03T15:21:13.994+0000][6][gc,phases   ] GC(111)   Other: 1.6ms
[2025-12-03T15:21:13.994+0000][6][gc,heap     ] GC(111) Eden regions: 68->0(68)
[2025-12-03T15:21:13.994+0000][6][gc,heap     ] GC(111) Survivor regions: 2->2(9)
[2025-12-03T15:21:13.994+0000][6][gc,heap     ] GC(111) Old regions: 32->32
[2025-12-03T15:21:13.994+0000][6][gc,heap     ] GC(111) Archive regions: 2->2
[2025-12-03T15:21:13.994+0000][6][gc,heap     ] GC(111) Humongous regions: 2->2
[2025-12-03T15:21:13.995+0000][6][gc,metaspace] GC(111) Metaspace: 117871K(119552K)->117871K(119552K) NonClass: 102958K(103936K)->102958K(103936K) Class: 14913K(15616K)->14913K(15616K)
[2025-12-03T15:21:13.995+0000][6][gc          ] GC(111) Pause Young (Normal) (G1 Evacuation Pause) 417M->144M(512M) 12.227ms
[2025-12-03T15:21:13.995+0000][6][gc,cpu      ] GC(111) User=0.05s Sys=0.00s Real=0.01s
[2025-12-03T15:21:13.995+0000][6][safepoint   ] Safepoint "G1CollectForAllocation", Time since last: 5090483294 ns, Reaching safepoint: 230375 ns, At safepoint: 12486584 ns, Total: 12716959 ns
[2025-12-03T15:21:33.017+0000][6][safepoint   ] Safepoint "Cleanup", Time since last: 19021242675 ns, Reaching safepoint: 502042 ns, At safepoint: 29250 ns, Total: 531292 ns
[2025-12-03T15:21:37.024+0000][6][safepoint   ] Safepoint "Cleanup", Time since last: 4006585585 ns, Reaching safepoint: 236458 ns, At safepoint: 15334 ns, Total: 251792 ns
[2025-12-03T15:22:06.068+0000][6][safepoint   ] Safepoint "Cleanup", Time since last: 29043220179 ns, Reaching safepoint: 552709 ns, At safepoint: 50541 ns, Total: 603250 ns
[2025-12-03T15:22:13.892+0000][6][gc,start    ] GC(112) Pause Young (Normal) (G1 Evacuation Pause)
[2025-12-03T15:22:13.893+0000][6][gc,task     ] GC(112) Using 8 workers of 8 for evacuation
[2025-12-03T15:22:13.893+0000][6][gc,age      ] GC(112) Desired survivor size 18874368 bytes, new threshold 15 (max threshold 15)
[2025-12-03T15:22:13.902+0000][6][gc,age      ] GC(112) Age table with threshold 15 (max threshold 15)
[2025-12-03T15:22:13.902+0000][6][gc,age      ] GC(112) - age   1:    3379024 bytes,    3379024 total
[2025-12-03T15:22:13.902+0000][6][gc,age      ] GC(112) - age   2:     731104 bytes,    4110128 total
[2025-12-03T15:22:13.902+0000][6][gc,age      ] GC(112) - age   3:     207744 bytes,    4317872 total
[2025-12-03T15:22:13.902+0000][6][gc,age      ] GC(112) - age   4:     103512 bytes,    4421384 total
[2025-12-03T15:22:13.902+0000][6][gc,age      ] GC(112) - age   5:     148872 bytes,    4570256 total
[2025-12-03T15:22:13.902+0000][6][gc,age      ] GC(112) - age   6:    1391448 bytes,    5961704 total
[2025-12-03T15:22:13.902+0000][6][gc,age      ] GC(112) - age   7:     730008 bytes,    6691712 total
[2025-12-03T15:22:13.902+0000][6][gc,age      ] GC(112) - age   8:     330400 bytes,    7022112 total
[2025-12-03T15:22:13.902+0000][6][gc,age      ] GC(112) - age   9:      20288 bytes,    7042400 total
[2025-12-03T15:22:13.902+0000][6][gc,age      ] GC(112) - age  10:      16320 bytes,    7058720 total
[2025-12-03T15:22:13.902+0000][6][gc,age      ] GC(112) - age  11:      11088 bytes,    7069808 total
[2025-12-03T15:22:13.902+0000][6][gc,age      ] GC(112) - age  12:      29104 bytes,    7098912 total
[2025-12-03T15:22:13.903+0000][6][gc,age      ] GC(112) - age  13:      83336 bytes,    7182248 total
[2025-12-03T15:22:13.903+0000][6][gc,age      ] GC(112) - age  14:     169168 bytes,    7351416 total
[2025-12-03T15:22:13.903+0000][6][gc,age      ] GC(112) - age  15:      11440 bytes,    7362856 total
[2025-12-03T15:22:13.903+0000][6][gc,phases   ] GC(112)   Pre Evacuate Collection Set: 0.2ms
[2025-12-03T15:22:13.903+0000][6][gc,phases   ] GC(112)   Merge Heap Roots: 0.1ms
[2025-12-03T15:22:13.903+0000][6][gc,phases   ] GC(112)   Evacuate Collection Set: 6.8ms
[2025-12-03T15:22:13.903+0000][6][gc,phases   ] GC(112)   Post Evacuate Collection Set: 1.3ms
[2025-12-03T15:22:13.903+0000][6][gc,phases   ] GC(112)   Other: 2.1ms
[2025-12-03T15:22:13.903+0000][6][gc,heap     ] GC(112) Eden regions: 68->0(67)
[2025-12-03T15:22:13.903+0000][6][gc,heap     ] GC(112) Survivor regions: 2->2(9)
[2025-12-03T15:22:13.903+0000][6][gc,heap     ] GC(112) Old regions: 32->32
[2025-12-03T15:22:13.903+0000][6][gc,heap     ] GC(112) Archive regions: 2->2
[2025-12-03T15:22:13.903+0000][6][gc,heap     ] GC(112) Humongous regions: 2->2
[2025-12-03T15:22:13.903+0000][6][gc,metaspace] GC(112) Metaspace: 117879K(119552K)->117879K(119552K) NonClass: 102966K(103936K)->102966K(103936K) Class: 14913K(15616K)->14913K(15616K)
[2025-12-03T15:22:13.903+0000][6][gc          ] GC(112) Pause Young (Normal) (G1 Evacuation Pause) 416M->146M(512M) 11.078ms
[2025-12-03T15:22:13.903+0000][6][gc,cpu      ] GC(112) User=0.04s Sys=0.00s Real=0.01s
[2025-12-03T15:22:13.903+0000][6][safepoint   ] Safepoint "G1CollectForAllocation", Time since last: 7823856838 ns, Reaching safepoint: 54041 ns, At safepoint: 11302417 ns, Total: 11356458 ns
[2025-12-03T15:22:16.906+0000][6][safepoint   ] Safepoint "Cleanup", Time since last: 3002593126 ns, Reaching safepoint: 218084 ns, At safepoint: 11416 ns, Total: 229500 ns
[2025-12-03T15:22:35.941+0000][6][safepoint   ] Safepoint "Cleanup", Time since last: 19031983051 ns, Reaching safepoint: 610125 ns, At safepoint: 25375 ns, Total: 635500 ns
[2025-12-03T15:22:43.955+0000][6][safepoint   ] Safepoint "Cleanup", Time since last: 8014250587 ns, Reaching safepoint: 100542 ns, At safepoint: 5875 ns, Total: 106417 ns
[2025-12-03T15:22:56.977+0000][6][safepoint   ] Safepoint "Cleanup", Time since last: 13020112880 ns, Reaching safepoint: 692458 ns, At safepoint: 28709 ns, Total: 721167 ns
[2025-12-03T15:22:58.981+0000][6][safepoint   ] Safepoint "Cleanup", Time since last: 2003911167 ns, Reaching safepoint: 96667 ns, At safepoint: 4625 ns, Total: 101292 ns
[2025-12-03T15:23:04.869+0000][6][gc,start    ] GC(113) Pause Young (Normal) (G1 Evacuation Pause)
[2025-12-03T15:23:04.870+0000][6][gc,task     ] GC(113) Using 8 workers of 8 for evacuation
[2025-12-03T15:23:04.871+0000][6][gc,age      ] GC(113) Desired survivor size 18874368 bytes, new threshold 15 (max threshold 15)
[2025-12-03T15:23:04.890+0000][6][gc,age      ] GC(113) Age table with threshold 15 (max threshold 15)
[2025-12-03T15:23:04.890+0000][6][gc,age      ] GC(113) - age   1:    1042184 bytes,    1042184 total
[2025-12-03T15:23:04.890+0000][6][gc,age      ] GC(113) - age   2:      21192 bytes,    1063376 total
[2025-12-03T15:23:04.890+0000][6][gc,age      ] GC(113) - age   3:     576248 bytes,    1639624 total
[2025-12-03T15:23:04.890+0000][6][gc,age      ] GC(113) - age   4:     206432 bytes,    1846056 total
[2025-12-03T15:23:04.890+0000][6][gc,age      ] GC(113) - age   5:     103512 bytes,    1949568 total
[2025-12-03T15:23:04.891+0000][6][gc,age      ] GC(113) - age   6:     148744 bytes,    2098312 total
[2025-12-03T15:23:04.891+0000][6][gc,age      ] GC(113) - age   7:    1391064 bytes,    3489376 total
[2025-12-03T15:23:04.891+0000][6][gc,age      ] GC(113) - age   8:     729912 bytes,    4219288 total
[2025-12-03T15:23:04.891+0000][6][gc,age      ] GC(113) - age   9:      91232 bytes,    4310520 total
[2025-12-03T15:23:04.891+0000][6][gc,age      ] GC(113) - age  10:      20288 bytes,    4330808 total
[2025-12-03T15:23:04.891+0000][6][gc,age      ] GC(113) - age  11:      16320 bytes,    4347128 total
[2025-12-03T15:23:04.891+0000][6][gc,age      ] GC(113) - age  12:      11088 bytes,    4358216 total
[2025-12-03T15:23:04.891+0000][6][gc,age      ] GC(113) - age  13:      29016 bytes,    4387232 total
[2025-12-03T15:23:04.891+0000][6][gc,age      ] GC(113) - age  14:      83336 bytes,    4470568 total
[2025-12-03T15:23:04.891+0000][6][gc,age      ] GC(113) - age  15:     169168 bytes,    4639736 total
[2025-12-03T15:23:04.892+0000][6][gc,phases   ] GC(113)   Pre Evacuate Collection Set: 0.6ms
[2025-12-03T15:23:04.892+0000][6][gc,phases   ] GC(113)   Merge Heap Roots: 0.3ms
[2025-12-03T15:23:04.892+0000][6][gc,phases   ] GC(113)   Evacuate Collection Set: 13.2ms
[2025-12-03T15:23:04.892+0000][6][gc,phases   ] GC(113)   Post Evacuate Collection Set: 4.8ms
[2025-12-03T15:23:04.892+0000][6][gc,phases   ] GC(113)   Other: 4.4ms
[2025-12-03T15:23:04.892+0000][6][gc,heap     ] GC(113) Eden regions: 67->0(68)
[2025-12-03T15:23:04.892+0000][6][gc,heap     ] GC(113) Survivor regions: 2->2(9)
[2025-12-03T15:23:04.892+0000][6][gc,heap     ] GC(113) Old regions: 32->32
[2025-12-03T15:23:04.892+0000][6][gc,heap     ] GC(113) Archive regions: 2->2
[2025-12-03T15:23:04.893+0000][6][gc,heap     ] GC(113) Humongous regions: 2->2
[2025-12-03T15:23:04.893+0000][6][gc,metaspace] GC(113) Metaspace: 117888K(119552K)->117888K(119552K) NonClass: 102974K(103936K)->102974K(103936K) Class: 14914K(15616K)->14914K(15616K)
[2025-12-03T15:23:04.893+0000][6][gc          ] GC(113) Pause Young (Normal) (G1 Evacuation Pause) 414M->143M(512M) 23.824ms
[2025-12-03T15:23:04.893+0000][6][gc,cpu      ] GC(113) User=0.10s Sys=0.01s Real=0.02s
[2025-12-03T15:23:04.893+0000][6][safepoint   ] Safepoint "G1CollectForAllocation", Time since last: 5887335378 ns, Reaching safepoint: 216792 ns, At safepoint: 24992583 ns, Total: 25209375 ns
[2025-12-03T15:23:05.897+0000][6][safepoint   ] Safepoint "Cleanup", Time since last: 1003359792 ns, Reaching safepoint: 103750 ns, At safepoint: 5375 ns, Total: 109125 ns
[2025-12-03T15:23:14.911+0000][6][safepoint   ] Safepoint "Cleanup", Time since last: 9014074629 ns, Reaching safepoint: 281542 ns, At safepoint: 25292 ns, Total: 306834 ns
[2025-12-03T15:23:43.972+0000][6][safepoint   ] Safepoint "Cleanup", Time since last: 29047550138 ns, Reaching safepoint: 3228625 ns, At safepoint: 385833 ns, Total: 3614458 ns
[2025-12-03T15:24:01.920+0000][6][gc,start    ] GC(114) Pause Young (Normal) (G1 Evacuation Pause)
[2025-12-03T15:24:01.920+0000][6][gc,task     ] GC(114) Using 8 workers of 8 for evacuation
[2025-12-03T15:24:01.921+0000][6][gc,age      ] GC(114) Desired survivor size 18874368 bytes, new threshold 15 (max threshold 15)
[2025-12-03T15:24:01.932+0000][6][gc,age      ] GC(114) Age table with threshold 15 (max threshold 15)
[2025-12-03T15:24:01.932+0000][6][gc,age      ] GC(114) - age   1:    2797064 bytes,    2797064 total
[2025-12-03T15:24:01.932+0000][6][gc,age      ] GC(114) - age   2:     294920 bytes,    3091984 total
[2025-12-03T15:24:01.932+0000][6][gc,age      ] GC(114) - age   3:      15336 bytes,    3107320 total
[2025-12-03T15:24:01.932+0000][6][gc,age      ] GC(114) - age   4:      76664 bytes,    3183984 total
[2025-12-03T15:24:01.932+0000][6][gc,age      ] GC(114) - age   5:     205800 bytes,    3389784 total
[2025-12-03T15:24:01.932+0000][6][gc,age      ] GC(114) - age   6:     103128 bytes,    3492912 total
[2025-12-03T15:24:01.932+0000][6][gc,age      ] GC(114) - age   7:     148712 bytes,    3641624 total
[2025-12-03T15:24:01.932+0000][6][gc,age      ] GC(114) - age   8:    1391064 bytes,    5032688 total
[2025-12-03T15:24:01.932+0000][6][gc,age      ] GC(114) - age   9:     729880 bytes,    5762568 total
[2025-12-03T15:24:01.932+0000][6][gc,age      ] GC(114) - age  10:      91168 bytes,    5853736 total
[2025-12-03T15:24:01.933+0000][6][gc,age      ] GC(114) - age  11:      20224 bytes,    5873960 total
[2025-12-03T15:24:01.933+0000][6][gc,age      ] GC(114) - age  12:      16256 bytes,    5890216 total
[2025-12-03T15:24:01.933+0000][6][gc,age      ] GC(114) - age  13:      11024 bytes,    5901240 total
[2025-12-03T15:24:01.933+0000][6][gc,age      ] GC(114) - age  14:      28984 bytes,    5930224 total
[2025-12-03T15:24:01.933+0000][6][gc,age      ] GC(114) - age  15:      83240 bytes,    6013464 total
[2025-12-03T15:24:01.933+0000][6][gc,phases   ] GC(114)   Pre Evacuate Collection Set: 0.3ms
[2025-12-03T15:24:01.933+0000][6][gc,phases   ] GC(114)   Merge Heap Roots: 0.1ms
[2025-12-03T15:24:01.933+0000][6][gc,phases   ] GC(114)   Evacuate Collection Set: 8.9ms
[2025-12-03T15:24:01.933+0000][6][gc,phases   ] GC(114)   Post Evacuate Collection Set: 1.9ms
[2025-12-03T15:24:01.933+0000][6][gc,phases   ] GC(114)   Other: 2.2ms
[2025-12-03T15:24:01.933+0000][6][gc,heap     ] GC(114) Eden regions: 68->0(67)
[2025-12-03T15:24:01.933+0000][6][gc,heap     ] GC(114) Survivor regions: 2->2(9)
[2025-12-03T15:24:01.933+0000][6][gc,heap     ] GC(114) Old regions: 32->32
[2025-12-03T15:24:01.933+0000][6][gc,heap     ] GC(114) Archive regions: 2->2
[2025-12-03T15:24:01.933+0000][6][gc,heap     ] GC(114) Humongous regions: 2->2
[2025-12-03T15:24:01.933+0000][6][gc,metaspace] GC(114) Metaspace: 117898K(119552K)->117898K(119552K) NonClass: 102983K(103936K)->102983K(103936K) Class: 14914K(15616K)->14914K(15616K)
[2025-12-03T15:24:01.933+0000][6][gc          ] GC(114) Pause Young (Normal) (G1 Evacuation Pause) 415M->145M(512M) 13.776ms
[2025-12-03T15:24:01.934+0000][6][gc,cpu      ] GC(114) User=0.06s Sys=0.00s Real=0.01s
[2025-12-03T15:24:01.934+0000][6][safepoint   ] Safepoint "G1CollectForAllocation", Time since last: 17955333424 ns, Reaching safepoint: 278709 ns, At safepoint: 14084916 ns, Total: 14363625 ns
[2025-12-03T15:24:02.939+0000][6][safepoint   ] Safepoint "Cleanup", Time since last: 1005359084 ns, Reaching safepoint: 191000 ns, At safepoint: 10833 ns, Total: 201833 ns
[2025-12-03T15:24:05.945+0000][6][safepoint   ] Safepoint "Cleanup", Time since last: 3005742168 ns, Reaching safepoint: 112709 ns, At safepoint: 3791 ns, Total: 116500 ns
[2025-12-03T15:24:22.974+0000][6][safepoint   ] Safepoint "Cleanup", Time since last: 17028491800 ns, Reaching safepoint: 104125 ns, At safepoint: 8459 ns, Total: 112584 ns
[2025-12-03T15:24:26.978+0000][6][safepoint   ] Safepoint "Cleanup", Time since last: 4003602959 ns, Reaching safepoint: 119417 ns, At safepoint: 12667 ns, Total: 132084 ns
[2025-12-03T15:24:28.981+0000][6][safepoint   ] Safepoint "Cleanup", Time since last: 2002577209 ns, Reaching safepoint: 197792 ns, At safepoint: 10041 ns, Total: 207833 ns
[2025-12-03T15:24:40.994+0000][6][safepoint   ] Safepoint "Cleanup", Time since last: 12012296964 ns, Reaching safepoint: 1192042 ns, At safepoint: 14458 ns, Total: 1206500 ns
[2025-12-03T15:24:42.007+0000][6][safepoint   ] Safepoint "Cleanup", Time since last: 1012517543 ns, Reaching safepoint: 304083 ns, At safepoint: 14375 ns, Total: 318458 ns
[2025-12-03T15:24:47.011+0000][6][safepoint   ] Safepoint "Cleanup", Time since last: 5003818544 ns, Reaching safepoint: 503708 ns, At safepoint: 17625 ns, Total: 521333 ns
[2025-12-03T15:24:48.013+0000][6][safepoint   ] Safepoint "Cleanup", Time since last: 1001639376 ns, Reaching safepoint: 324667 ns, At safepoint: 15875 ns, Total: 340542 ns
[2025-12-03T15:24:51.053+0000][6][gc,start    ] GC(115) Pause Young (Normal) (G1 Evacuation Pause)
[2025-12-03T15:24:51.053+0000][6][gc,task     ] GC(115) Using 8 workers of 8 for evacuation
[2025-12-03T15:24:51.054+0000][6][gc,age      ] GC(115) Desired survivor size 18874368 bytes, new threshold 15 (max threshold 15)
[2025-12-03T15:24:51.070+0000][6][gc,age      ] GC(115) Age table with threshold 15 (max threshold 15)
[2025-12-03T15:24:51.070+0000][6][gc,age      ] GC(115) - age   1:    1339536 bytes,    1339536 total
[2025-12-03T15:24:51.070+0000][6][gc,age      ] GC(115) - age   2:     976848 bytes,    2316384 total
[2025-12-03T15:24:51.070+0000][6][gc,age      ] GC(115) - age   3:     291984 bytes,    2608368 total
[2025-12-03T15:24:51.070+0000][6][gc,age      ] GC(115) - age   4:      13824 bytes,    2622192 total
[2025-12-03T15:24:51.070+0000][6][gc,age      ] GC(115) - age   5:      76280 bytes,    2698472 total
[2025-12-03T15:24:51.070+0000][6][gc,age      ] GC(115) - age   6:     205800 bytes,    2904272 total
[2025-12-03T15:24:51.070+0000][6][gc,age      ] GC(115) - age   7:     103128 bytes,    3007400 total
[2025-12-03T15:24:51.070+0000][6][gc,age      ] GC(115) - age   8:     148512 bytes,    3155912 total
[2025-12-03T15:24:51.070+0000][6][gc,age      ] GC(115) - age   9:    1391064 bytes,    4546976 total
[2025-12-03T15:24:51.070+0000][6][gc,age      ] GC(115) - age  10:     729880 bytes,    5276856 total
[2025-12-03T15:24:51.070+0000][6][gc,age      ] GC(115) - age  11:      91168 bytes,    5368024 total
[2025-12-03T15:24:51.070+0000][6][gc,age      ] GC(115) - age  12:      20224 bytes,    5388248 total
[2025-12-03T15:24:51.070+0000][6][gc,age      ] GC(115) - age  13:      16256 bytes,    5404504 total
[2025-12-03T15:24:51.071+0000][6][gc,age      ] GC(115) - age  14:      11024 bytes,    5415528 total
[2025-12-03T15:24:51.071+0000][6][gc,age      ] GC(115) - age  15:      28984 bytes,    5444512 total
[2025-12-03T15:24:51.071+0000][6][gc,phases   ] GC(115)   Pre Evacuate Collection Set: 0.6ms
[2025-12-03T15:24:51.071+0000][6][gc,phases   ] GC(115)   Merge Heap Roots: 0.2ms
[2025-12-03T15:24:51.071+0000][6][gc,phases   ] GC(115)   Evacuate Collection Set: 12.3ms
[2025-12-03T15:24:51.071+0000][6][gc,phases   ] GC(115)   Post Evacuate Collection Set: 2.6ms
[2025-12-03T15:24:51.071+0000][6][gc,phases   ] GC(115)   Other: 2.3ms
[2025-12-03T15:24:51.071+0000][6][gc,heap     ] GC(115) Eden regions: 67->0(68)
[2025-12-03T15:24:51.071+0000][6][gc,heap     ] GC(115) Survivor regions: 2->2(9)
[2025-12-03T15:24:51.071+0000][6][gc,heap     ] GC(115) Old regions: 32->32
[2025-12-03T15:24:51.071+0000][6][gc,heap     ] GC(115) Archive regions: 2->2
[2025-12-03T15:24:51.071+0000][6][gc,heap     ] GC(115) Humongous regions: 2->2
[2025-12-03T15:24:51.071+0000][6][gc,metaspace] GC(115) Metaspace: 117916K(119616K)->117916K(119616K) NonClass: 103001K(104000K)->103001K(104000K) Class: 14914K(15616K)->14914K(15616K)
[2025-12-03T15:24:51.071+0000][6][gc          ] GC(115) Pause Young (Normal) (G1 Evacuation Pause) 413M->145M(512M) 18.484ms
[2025-12-03T15:24:51.072+0000][6][gc,cpu      ] GC(115) User=0.08s Sys=0.00s Real=0.02s
[2025-12-03T15:24:51.072+0000][6][safepoint   ] Safepoint "G1CollectForAllocation", Time since last: 3039074376 ns, Reaching safepoint: 175250 ns, At safepoint: 18930375 ns, Total: 19105625 ns
[2025-12-03T15:24:53.077+0000][6][safepoint   ] Safepoint "Cleanup", Time since last: 2005319126 ns, Reaching safepoint: 94333 ns, At safepoint: 4250 ns, Total: 98583 ns
[2025-12-03T15:24:57.085+0000][6][safepoint   ] Safepoint "Cleanup", Time since last: 4007095710 ns, Reaching safepoint: 125500 ns, At safepoint: 5750 ns, Total: 131250 ns
[2025-12-03T15:24:59.102+0000][6][safepoint   ] Safepoint "Cleanup", Time since last: 2015321125 ns, Reaching safepoint: 1721459 ns, At safepoint: 93333 ns, Total: 1814792 ns
[2025-12-03T15:25:02.108+0000][6][safepoint   ] Safepoint "Cleanup", Time since last: 3005643002 ns, Reaching safepoint: 67583 ns, At safepoint: 4333 ns, Total: 71916 ns
[2025-12-03T15:25:06.121+0000][6][safepoint   ] Safepoint "Cleanup", Time since last: 4012466252 ns, Reaching safepoint: 185959 ns, At safepoint: 9083 ns, Total: 195042 ns
[2025-12-03T15:25:20.147+0000][6][safepoint   ] Safepoint "Cleanup", Time since last: 14025424173 ns, Reaching safepoint: 469292 ns, At safepoint: 12000 ns, Total: 481292 ns
[2025-12-03T15:25:21.148+0000][6][safepoint   ] Safepoint "Cleanup", Time since last: 1001372334 ns, Reaching safepoint: 414291 ns, At safepoint: 18042 ns, Total: 432333 ns
[2025-12-03T15:25:32.180+0000][6][safepoint   ] Safepoint "Cleanup", Time since last: 11027561963 ns, Reaching safepoint: 2916209 ns, At safepoint: 35750 ns, Total: 2951959 ns
[2025-12-03T15:25:37.193+0000][6][safepoint   ] Safepoint "Cleanup", Time since last: 5013029502 ns, Reaching safepoint: 195625 ns, At safepoint: 19042 ns, Total: 214667 ns
[2025-12-03T15:25:38.196+0000][6][safepoint   ] Safepoint "Cleanup", Time since last: 1002613125 ns, Reaching safepoint: 111375 ns, At safepoint: 7083 ns, Total: 118458 ns
[2025-12-03T15:25:41.243+0000][6][safepoint   ] Safepoint "Cleanup", Time since last: 3003740460 ns, Reaching safepoint: 32769500 ns, At safepoint: 5103292 ns, Total: 37872792 ns
[2025-12-03T15:25:45.841+0000][6][gc,start    ] GC(116) Pause Young (Normal) (G1 Evacuation Pause)
[2025-12-03T15:25:45.841+0000][6][gc,task     ] GC(116) Using 8 workers of 8 for evacuation
[2025-12-03T15:25:45.842+0000][6][gc,age      ] GC(116) Desired survivor size 18874368 bytes, new threshold 15 (max threshold 15)
[2025-12-03T15:25:45.862+0000][6][gc,age      ] GC(116) Age table with threshold 15 (max threshold 15)
[2025-12-03T15:25:45.862+0000][6][gc,age      ] GC(116) - age   1:    3955264 bytes,    3955264 total
[2025-12-03T15:25:45.862+0000][6][gc,age      ] GC(116) - age   2:      50456 bytes,    4005720 total
[2025-12-03T15:25:45.862+0000][6][gc,age      ] GC(116) - age   3:     176808 bytes,    4182528 total
[2025-12-03T15:25:45.862+0000][6][gc,age      ] GC(116) - age   4:     291440 bytes,    4473968 total
[2025-12-03T15:25:45.863+0000][6][gc,age      ] GC(116) - age   5:      13760 bytes,    4487728 total
[2025-12-03T15:25:45.863+0000][6][gc,age      ] GC(116) - age   6:      76152 bytes,    4563880 total
[2025-12-03T15:25:45.863+0000][6][gc,age      ] GC(116) - age   7:     205624 bytes,    4769504 total
[2025-12-03T15:25:45.863+0000][6][gc,age      ] GC(116) - age   8:     103088 bytes,    4872592 total
[2025-12-03T15:25:45.863+0000][6][gc,age      ] GC(116) - age   9:     148512 bytes,    5021104 total
[2025-12-03T15:25:45.863+0000][6][gc,age      ] GC(116) - age  10:     238192 bytes,    5259296 total
[2025-12-03T15:25:45.863+0000][6][gc,age      ] GC(116) - age  11:     608992 bytes,    5868288 total
[2025-12-03T15:25:45.863+0000][6][gc,age      ] GC(116) - age  12:      91168 bytes,    5959456 total
[2025-12-03T15:25:45.863+0000][6][gc,age      ] GC(116) - age  13:      20224 bytes,    5979680 total
[2025-12-03T15:25:45.863+0000][6][gc,age      ] GC(116) - age  14:      16256 bytes,    5995936 total
[2025-12-03T15:25:45.863+0000][6][gc,age      ] GC(116) - age  15:      11024 bytes,    6006960 total
[2025-12-03T15:25:45.863+0000][6][gc,phases   ] GC(116)   Pre Evacuate Collection Set: 0.8ms
[2025-12-03T15:25:45.863+0000][6][gc,phases   ] GC(116)   Merge Heap Roots: 0.3ms
[2025-12-03T15:25:45.864+0000][6][gc,phases   ] GC(116)   Evacuate Collection Set: 14.6ms
[2025-12-03T15:25:45.864+0000][6][gc,phases   ] GC(116)   Post Evacuate Collection Set: 4.1ms
[2025-12-03T15:25:45.864+0000][6][gc,phases   ] GC(116)   Other: 2.9ms
[2025-12-03T15:25:45.864+0000][6][gc,heap     ] GC(116) Eden regions: 68->0(67)
[2025-12-03T15:25:45.864+0000][6][gc,heap     ] GC(116) Survivor regions: 2->2(9)
[2025-12-03T15:25:45.864+0000][6][gc,heap     ] GC(116) Old regions: 32->32
[2025-12-03T15:25:45.864+0000][6][gc,heap     ] GC(116) Archive regions: 2->2
[2025-12-03T15:25:45.864+0000][6][gc,heap     ] GC(116) Humongous regions: 2->2
[2025-12-03T15:25:45.864+0000][6][gc,metaspace] GC(116) Metaspace: 117921K(119616K)->117921K(119616K) NonClass: 103007K(104000K)->103007K(104000K) Class: 14914K(15616K)->14914K(15616K)
[2025-12-03T15:25:45.864+0000][6][gc          ] GC(116) Pause Young (Normal) (G1 Evacuation Pause) 417M->145M(512M) 23.333ms
[2025-12-03T15:25:45.864+0000][6][gc,cpu      ] GC(116) User=0.12s Sys=0.00s Real=0.02s
[2025-12-03T15:25:45.865+0000][6][safepoint   ] Safepoint "G1CollectForAllocation", Time since last: 4601588877 ns, Reaching safepoint: 1599083 ns, At safepoint: 23975959 ns, Total: 25575042 ns
[2025-12-03T15:25:50.871+0000][6][safepoint   ] Safepoint "Cleanup", Time since last: 5006671586 ns, Reaching safepoint: 91250 ns, At safepoint: 3500 ns, Total: 94750 ns
[2025-12-03T15:26:05.919+0000][6][safepoint   ] Safepoint "Cleanup", Time since last: 15045794631 ns, Reaching safepoint: 381083 ns, At safepoint: 18250 ns, Total: 399333 ns
[2025-12-03T15:26:08.923+0000][6][safepoint   ] Safepoint "Cleanup", Time since last: 3003403502 ns, Reaching safepoint: 517208 ns, At safepoint: 22250 ns, Total: 539458 ns
[2025-12-03T15:26:33.937+0000][6][safepoint   ] Safepoint "Cleanup", Time since last: 21045662801 ns, Reaching safepoint: 1720208 ns, At safepoint: 40459 ns, Total: 1760667 ns
[2025-12-03T15:26:45.004+0000][6][gc,start    ] GC(117) Pause Young (Normal) (G1 Evacuation Pause)
[2025-12-03T15:26:45.004+0000][6][gc,task     ] GC(117) Using 8 workers of 8 for evacuation
[2025-12-03T15:26:45.004+0000][6][gc,age      ] GC(117) Desired survivor size 18874368 bytes, new threshold 15 (max threshold 15)
[2025-12-03T15:26:45.015+0000][6][gc,age      ] GC(117) Age table with threshold 15 (max threshold 15)
[2025-12-03T15:26:45.015+0000][6][gc,age      ] GC(117) - age   1:    2470592 bytes,    2470592 total
[2025-12-03T15:26:45.015+0000][6][gc,age      ] GC(117) - age   2:    1962600 bytes,    4433192 total
[2025-12-03T15:26:45.015+0000][6][gc,age      ] GC(117) - age   3:      46112 bytes,    4479304 total
[2025-12-03T15:26:45.015+0000][6][gc,age      ] GC(117) - age   4:     175264 bytes,    4654568 total
[2025-12-03T15:26:45.015+0000][6][gc,age      ] GC(117) - age   5:     290384 bytes,    4944952 total
[2025-12-03T15:26:45.015+0000][6][gc,age      ] GC(117) - age   6:      13696 bytes,    4958648 total
[2025-12-03T15:26:45.015+0000][6][gc,age      ] GC(117) - age   7:      76152 bytes,    5034800 total
[2025-12-03T15:26:45.015+0000][6][gc,age      ] GC(117) - age   8:     205624 bytes,    5240424 total
[2025-12-03T15:26:45.015+0000][6][gc,age      ] GC(117) - age   9:     103088 bytes,    5343512 total
[2025-12-03T15:26:45.016+0000][6][gc,age      ] GC(117) - age  10:       9744 bytes,    5353256 total
[2025-12-03T15:26:45.016+0000][6][gc,age      ] GC(117) - age  11:     211552 bytes,    5564808 total
[2025-12-03T15:26:45.016+0000][6][gc,age      ] GC(117) - age  12:     608992 bytes,    6173800 total
[2025-12-03T15:26:45.016+0000][6][gc,age      ] GC(117) - age  13:      91168 bytes,    6264968 total
[2025-12-03T15:26:45.016+0000][6][gc,age      ] GC(117) - age  14:      20224 bytes,    6285192 total
[2025-12-03T15:26:45.016+0000][6][gc,age      ] GC(117) - age  15:      16256 bytes,    6301448 total
[2025-12-03T15:26:45.016+0000][6][gc,phases   ] GC(117)   Pre Evacuate Collection Set: 0.3ms
[2025-12-03T15:26:45.016+0000][6][gc,phases   ] GC(117)   Merge Heap Roots: 0.1ms
[2025-12-03T15:26:45.016+0000][6][gc,phases   ] GC(117)   Evacuate Collection Set: 8.1ms
[2025-12-03T15:26:45.016+0000][6][gc,phases   ] GC(117)   Post Evacuate Collection Set: 2.2ms
[2025-12-03T15:26:45.016+0000][6][gc,phases   ] GC(117)   Other: 1.9ms
[2025-12-03T15:26:45.016+0000][6][gc,heap     ] GC(117) Eden regions: 67->0(67)
[2025-12-03T15:26:45.016+0000][6][gc,heap     ] GC(117) Survivor regions: 2->2(9)
[2025-12-03T15:26:45.016+0000][6][gc,heap     ] GC(117) Old regions: 32->32
[2025-12-03T15:26:45.017+0000][6][gc,heap     ] GC(117) Archive regions: 2->2
[2025-12-03T15:26:45.017+0000][6][gc,heap     ] GC(117) Humongous regions: 2->2
[2025-12-03T15:26:45.017+0000][6][gc,metaspace] GC(117) Metaspace: 117922K(119616K)->117922K(119616K) NonClass: 103008K(104000K)->103008K(104000K) Class: 14914K(15616K)->14914K(15616K)
[2025-12-03T15:26:45.017+0000][6][gc          ] GC(117) Pause Young (Normal) (G1 Evacuation Pause) 413M->146M(512M) 13.122ms
[2025-12-03T15:26:45.017+0000][6][gc,cpu      ] GC(117) User=0.05s Sys=0.00s Real=0.02s
[2025-12-03T15:26:45.017+0000][6][safepoint   ] Safepoint "G1CollectForAllocation", Time since last: 11066397172 ns, Reaching safepoint: 133166 ns, At safepoint: 13424292 ns, Total: 13557458 ns
[2025-12-03T15:26:46.019+0000][6][safepoint   ] Safepoint "Cleanup", Time since last: 1001527709 ns, Reaching safepoint: 446500 ns, At safepoint: 36625 ns, Total: 483125 ns
[2025-12-03T15:27:10.061+0000][6][safepoint   ] Safepoint "Cleanup", Time since last: 24040871594 ns, Reaching safepoint: 677166 ns, At safepoint: 31959 ns, Total: 709125 ns
[2025-12-03T15:27:27.092+0000][6][safepoint   ] Safepoint "Cleanup", Time since last: 17031241758 ns, Reaching safepoint: 109833 ns, At safepoint: 3625 ns, Total: 113458 ns
[2025-12-03T15:27:39.118+0000][6][safepoint   ] Safepoint "Cleanup", Time since last: 12024083339 ns, Reaching safepoint: 217125 ns, At safepoint: 10541 ns, Total: 227666 ns
[2025-12-03T15:27:39.899+0000][6][gc,start    ] GC(118) Pause Young (Normal) (G1 Evacuation Pause)
[2025-12-03T15:27:39.900+0000][6][gc,task     ] GC(118) Using 8 workers of 8 for evacuation
[2025-12-03T15:27:39.900+0000][6][gc,age      ] GC(118) Desired survivor size 18874368 bytes, new threshold 15 (max threshold 15)
[2025-12-03T15:27:39.913+0000][6][gc,age      ] GC(118) Age table with threshold 15 (max threshold 15)
[2025-12-03T15:27:39.914+0000][6][gc,age      ] GC(118) - age   1:    2341848 bytes,    2341848 total
[2025-12-03T15:27:39.914+0000][6][gc,age      ] GC(118) - age   2:     206152 bytes,    2548000 total
[2025-12-03T15:27:39.914+0000][6][gc,age      ] GC(118) - age   3:    1958384 bytes,    4506384 total
[2025-12-03T15:27:39.914+0000][6][gc,age      ] GC(118) - age   4:      45408 bytes,    4551792 total
[2025-12-03T15:27:39.914+0000][6][gc,age      ] GC(118) - age   5:     174640 bytes,    4726432 total
[2025-12-03T15:27:39.914+0000][6][gc,age      ] GC(118) - age   6:     290288 bytes,    5016720 total
[2025-12-03T15:27:39.914+0000][6][gc,age      ] GC(118) - age   7:      13696 bytes,    5030416 total
[2025-12-03T15:27:39.914+0000][6][gc,age      ] GC(118) - age   8:      76152 bytes,    5106568 total
[2025-12-03T15:27:39.914+0000][6][gc,age      ] GC(118) - age   9:     205624 bytes,    5312192 total
[2025-12-03T15:27:39.914+0000][6][gc,age      ] GC(118) - age  10:     103088 bytes,    5415280 total
[2025-12-03T15:27:39.914+0000][6][gc,age      ] GC(118) - age  11:       9744 bytes,    5425024 total
[2025-12-03T15:27:39.914+0000][6][gc,age      ] GC(118) - age  12:     211552 bytes,    5636576 total
[2025-12-03T15:27:39.915+0000][6][gc,age      ] GC(118) - age  13:     608912 bytes,    6245488 total
[2025-12-03T15:27:39.915+0000][6][gc,age      ] GC(118) - age  14:      91096 bytes,    6336584 total
[2025-12-03T15:27:39.915+0000][6][gc,age      ] GC(118) - age  15:      20224 bytes,    6356808 total
[2025-12-03T15:27:39.915+0000][6][gc,phases   ] GC(118)   Pre Evacuate Collection Set: 0.4ms
[2025-12-03T15:27:39.915+0000][6][gc,phases   ] GC(118)   Merge Heap Roots: 0.2ms
[2025-12-03T15:27:39.915+0000][6][gc,phases   ] GC(118)   Evacuate Collection Set: 10.3ms
[2025-12-03T15:27:39.915+0000][6][gc,phases   ] GC(118)   Post Evacuate Collection Set: 2.5ms
[2025-12-03T15:27:39.915+0000][6][gc,phases   ] GC(118)   Other: 2.2ms
[2025-12-03T15:27:39.915+0000][6][gc,heap     ] GC(118) Eden regions: 67->0(67)
[2025-12-03T15:27:39.915+0000][6][gc,heap     ] GC(118) Survivor regions: 2->2(9)
[2025-12-03T15:27:39.915+0000][6][gc,heap     ] GC(118) Old regions: 32->32
[2025-12-03T15:27:39.915+0000][6][gc,heap     ] GC(118) Archive regions: 2->2
[2025-12-03T15:27:39.915+0000][6][gc,heap     ] GC(118) Humongous regions: 2->2
[2025-12-03T15:27:39.916+0000][6][gc,metaspace] GC(118) Metaspace: 117939K(119616K)->117939K(119616K) NonClass: 103023K(104000K)->103023K(104000K) Class: 14916K(15616K)->14916K(15616K)
[2025-12-03T15:27:39.916+0000][6][gc          ] GC(118) Pause Young (Normal) (G1 Evacuation Pause) 414M->145M(512M) 16.324ms
[2025-12-03T15:27:39.916+0000][6][gc,cpu      ] GC(118) User=0.08s Sys=0.00s Real=0.01s
[2025-12-03T15:27:39.916+0000][6][safepoint   ] Safepoint "G1CollectForAllocation", Time since last: 781153584 ns, Reaching safepoint: 79333 ns, At safepoint: 16660375 ns, Total: 16739708 ns
[2025-12-03T15:28:03.957+0000][6][safepoint   ] Safepoint "Cleanup", Time since last: 24039935178 ns, Reaching safepoint: 438292 ns, At safepoint: 78667 ns, Total: 516959 ns
[2025-12-03T15:28:06.962+0000][6][safepoint   ] Safepoint "Cleanup", Time since last: 3003218959 ns, Reaching safepoint: 1333917 ns, At safepoint: 15292 ns, Total: 1349209 ns
[2025-12-03T15:28:09.965+0000][6][safepoint   ] Safepoint "Cleanup", Time since last: 3002696709 ns, Reaching safepoint: 95000 ns, At safepoint: 3334 ns, Total: 98334 ns
[2025-12-03T15:28:28.155+0000][6][gc,start    ] GC(119) Pause Young (Normal) (G1 Evacuation Pause)
[2025-12-03T15:28:28.155+0000][6][gc,task     ] GC(119) Using 8 workers of 8 for evacuation
[2025-12-03T15:28:28.155+0000][6][gc,age      ] GC(119) Desired survivor size 18874368 bytes, new threshold 15 (max threshold 15)
[2025-12-03T15:28:28.174+0000][6][gc,age      ] GC(119) Age table with threshold 15 (max threshold 15)
[2025-12-03T15:28:28.175+0000][6][gc,age      ] GC(119) - age   1:    1765672 bytes,    1765672 total
[2025-12-03T15:28:28.175+0000][6][gc,age      ] GC(119) - age   2:      90216 bytes,    1855888 total
[2025-12-03T15:28:28.175+0000][6][gc,age      ] GC(119) - age   3:     199288 bytes,    2055176 total
[2025-12-03T15:28:28.175+0000][6][gc,age      ] GC(119) - age   4:    1458744 bytes,    3513920 total
[2025-12-03T15:28:28.175+0000][6][gc,age      ] GC(119) - age   5:      44760 bytes,    3558680 total
[2025-12-03T15:28:28.175+0000][6][gc,age      ] GC(119) - age   6:     174512 bytes,    3733192 total
[2025-12-03T15:28:28.175+0000][6][gc,age      ] GC(119) - age   7:     289840 bytes,    4023032 total
[2025-12-03T15:28:28.175+0000][6][gc,age      ] GC(119) - age   8:      13632 bytes,    4036664 total
[2025-12-03T15:28:28.175+0000][6][gc,age      ] GC(119) - age   9:      76152 bytes,    4112816 total
[2025-12-03T15:28:28.176+0000][6][gc,age      ] GC(119) - age  10:     205424 bytes,    4318240 total
[2025-12-03T15:28:28.176+0000][6][gc,age      ] GC(119) - age  11:     103024 bytes,    4421264 total
[2025-12-03T15:28:28.176+0000][6][gc,age      ] GC(119) - age  12:       9744 bytes,    4431008 total
[2025-12-03T15:28:28.176+0000][6][gc,age      ] GC(119) - age  13:     211552 bytes,    4642560 total
[2025-12-03T15:28:28.176+0000][6][gc,age      ] GC(119) - age  14:     608912 bytes,    5251472 total
[2025-12-03T15:28:28.176+0000][6][gc,age      ] GC(119) - age  15:      91096 bytes,    5342568 total
[2025-12-03T15:28:28.176+0000][6][gc,phases   ] GC(119)   Pre Evacuate Collection Set: 0.4ms
[2025-12-03T15:28:28.176+0000][6][gc,phases   ] GC(119)   Merge Heap Roots: 0.1ms
[2025-12-03T15:28:28.176+0000][6][gc,phases   ] GC(119)   Evacuate Collection Set: 12.0ms
[2025-12-03T15:28:28.176+0000][6][gc,phases   ] GC(119)   Post Evacuate Collection Set: 6.4ms
[2025-12-03T15:28:28.176+0000][6][gc,phases   ] GC(119)   Other: 2.3ms
[2025-12-03T15:28:28.176+0000][6][gc,heap     ] GC(119) Eden regions: 67->0(67)
[2025-12-03T15:28:28.176+0000][6][gc,heap     ] GC(119) Survivor regions: 2->2(9)
[2025-12-03T15:28:28.176+0000][6][gc,heap     ] GC(119) Old regions: 32->32
[2025-12-03T15:28:28.177+0000][6][gc,heap     ] GC(119) Archive regions: 2->2
[2025-12-03T15:28:28.177+0000][6][gc,heap     ] GC(119) Humongous regions: 2->2
[2025-12-03T15:28:28.177+0000][6][gc,metaspace] GC(119) Metaspace: 117944K(119616K)->117944K(119616K) NonClass: 103027K(104000K)->103027K(104000K) Class: 14916K(15616K)->14916K(15616K)
[2025-12-03T15:28:28.177+0000][6][gc          ] GC(119) Pause Young (Normal) (G1 Evacuation Pause) 413M->144M(512M) 22.031ms
[2025-12-03T15:28:28.177+0000][6][gc,cpu      ] GC(119) User=0.06s Sys=0.01s Real=0.02s
[2025-12-03T15:28:28.177+0000][6][safepoint   ] Safepoint "G1CollectForAllocation", Time since last: 18189664258 ns, Reaching safepoint: 359084 ns, At safepoint: 22362625 ns, Total: 22721709 ns
[2025-12-03T15:28:57.231+0000][6][safepoint   ] Safepoint "Cleanup", Time since last: 29053200805 ns, Reaching safepoint: 221291 ns, At safepoint: 23750 ns, Total: 245041 ns
[2025-12-03T15:29:09.267+0000][6][safepoint   ] Safepoint "Cleanup", Time since last: 12035249964 ns, Reaching safepoint: 91458 ns, At safepoint: 4834 ns, Total: 96292 ns
[2025-12-03T15:29:10.269+0000][6][safepoint   ] Safepoint "Cleanup", Time since last: 1001878417 ns, Reaching safepoint: 119458 ns, At safepoint: 4250 ns, Total: 123708 ns
[2025-12-03T15:29:27.056+0000][6][gc,start    ] GC(120) Pause Young (Normal) (G1 Evacuation Pause)
[2025-12-03T15:29:27.056+0000][6][gc,task     ] GC(120) Using 8 workers of 8 for evacuation
[2025-12-03T15:29:27.056+0000][6][gc,age      ] GC(120) Desired survivor size 18874368 bytes, new threshold 15 (max threshold 15)
[2025-12-03T15:29:27.062+0000][6][gc,age      ] GC(120) Age table with threshold 15 (max threshold 15)
[2025-12-03T15:29:27.062+0000][6][gc,age      ] GC(120) - age   1:    2679488 bytes,    2679488 total
[2025-12-03T15:29:27.062+0000][6][gc,age      ] GC(120) - age   2:     522464 bytes,    3201952 total
[2025-12-03T15:29:27.062+0000][6][gc,age      ] GC(120) - age   3:      84424 bytes,    3286376 total
[2025-12-03T15:29:27.062+0000][6][gc,age      ] GC(120) - age   4:     198328 bytes,    3484704 total
[2025-12-03T15:29:27.062+0000][6][gc,age      ] GC(120) - age   5:    1458488 bytes,    4943192 total
[2025-12-03T15:29:27.063+0000][6][gc,age      ] GC(120) - age   6:      44568 bytes,    4987760 total
[2025-12-03T15:29:27.063+0000][6][gc,age      ] GC(120) - age   7:     174384 bytes,    5162144 total
[2025-12-03T15:29:27.063+0000][6][gc,age      ] GC(120) - age   8:     289776 bytes,    5451920 total
[2025-12-03T15:29:27.063+0000][6][gc,age      ] GC(120) - age   9:      13632 bytes,    5465552 total
[2025-12-03T15:29:27.063+0000][6][gc,age      ] GC(120) - age  10:      43544 bytes,    5509096 total
[2025-12-03T15:29:27.063+0000][6][gc,age      ] GC(120) - age  11:      92696 bytes,    5601792 total
[2025-12-03T15:29:27.063+0000][6][gc,age      ] GC(120) - age  12:     103024 bytes,    5704816 total
[2025-12-03T15:29:27.063+0000][6][gc,age      ] GC(120) - age  13:       9744 bytes,    5714560 total
[2025-12-03T15:29:27.063+0000][6][gc,age      ] GC(120) - age  14:     211552 bytes,    5926112 total
[2025-12-03T15:29:27.063+0000][6][gc,age      ] GC(120) - age  15:     608912 bytes,    6535024 total
[2025-12-03T15:29:27.063+0000][6][gc,phases   ] GC(120)   Pre Evacuate Collection Set: 0.1ms
[2025-12-03T15:29:27.063+0000][6][gc,phases   ] GC(120)   Merge Heap Roots: 0.1ms
[2025-12-03T15:29:27.063+0000][6][gc,phases   ] GC(120)   Evacuate Collection Set: 4.6ms
[2025-12-03T15:29:27.063+0000][6][gc,phases   ] GC(120)   Post Evacuate Collection Set: 1.4ms
[2025-12-03T15:29:27.063+0000][6][gc,phases   ] GC(120)   Other: 1.1ms
[2025-12-03T15:29:27.063+0000][6][gc,heap     ] GC(120) Eden regions: 67->0(67)
[2025-12-03T15:29:27.063+0000][6][gc,heap     ] GC(120) Survivor regions: 2->2(9)
[2025-12-03T15:29:27.063+0000][6][gc,heap     ] GC(120) Old regions: 32->32
[2025-12-03T15:29:27.063+0000][6][gc,heap     ] GC(120) Archive regions: 2->2
[2025-12-03T15:29:27.063+0000][6][gc,heap     ] GC(120) Humongous regions: 2->2
[2025-12-03T15:29:27.063+0000][6][gc,metaspace] GC(120) Metaspace: 117944K(119616K)->117944K(119616K) NonClass: 103027K(104000K)->103027K(104000K) Class: 14916K(15616K)->14916K(15616K)
[2025-12-03T15:29:27.063+0000][6][gc          ] GC(120) Pause Young (Normal) (G1 Evacuation Pause) 412M->145M(512M) 7.682ms
[2025-12-03T15:29:27.063+0000][6][gc,cpu      ] GC(120) User=0.04s Sys=0.00s Real=0.01s
[2025-12-03T15:29:27.063+0000][6][safepoint   ] Safepoint "G1CollectForAllocation", Time since last: 16786104883 ns, Reaching safepoint: 86084 ns, At safepoint: 7846583 ns, Total: 7932667 ns
[2025-12-03T15:29:34.078+0000][6][safepoint   ] Safepoint "Cleanup", Time since last: 7013353711 ns, Reaching safepoint: 971334 ns, At safepoint: 68791 ns, Total: 1040125 ns
[2025-12-03T15:30:15.669+0000][6][gc,start    ] GC(121) Pause Young (Normal) (G1 Evacuation Pause)
[2025-12-03T15:30:15.671+0000][6][gc,task     ] GC(121) Using 8 workers of 8 for evacuation
[2025-12-03T15:30:15.671+0000][6][gc,age      ] GC(121) Desired survivor size 18874368 bytes, new threshold 15 (max threshold 15)
[2025-12-03T15:30:15.689+0000][6][gc,age      ] GC(121) Age table with threshold 15 (max threshold 15)
[2025-12-03T15:30:15.689+0000][6][gc,age      ] GC(121) - age   1:    2544704 bytes,    2544704 total
[2025-12-03T15:30:15.689+0000][6][gc,age      ] GC(121) - age   2:     183464 bytes,    2728168 total
[2025-12-03T15:30:15.689+0000][6][gc,age      ] GC(121) - age   3:     520328 bytes,    3248496 total
[2025-12-03T15:30:15.689+0000][6][gc,age      ] GC(121) - age   4:      83752 bytes,    3332248 total
[2025-12-03T15:30:15.689+0000][6][gc,age      ] GC(121) - age   5:     197680 bytes,    3529928 total
[2025-12-03T15:30:15.689+0000][6][gc,age      ] GC(121) - age   6:    1458248 bytes,    4988176 total
[2025-12-03T15:30:15.689+0000][6][gc,age      ] GC(121) - age   7:      44472 bytes,    5032648 total
[2025-12-03T15:30:15.690+0000][6][gc,age      ] GC(121) - age   8:     174352 bytes,    5207000 total
[2025-12-03T15:30:15.690+0000][6][gc,age      ] GC(121) - age   9:     289776 bytes,    5496776 total
[2025-12-03T15:30:15.690+0000][6][gc,age      ] GC(121) - age  10:      13632 bytes,    5510408 total
[2025-12-03T15:30:15.690+0000][6][gc,age      ] GC(121) - age  11:       9648 bytes,    5520056 total
[2025-12-03T15:30:15.690+0000][6][gc,age      ] GC(121) - age  12:      91160 bytes,    5611216 total
[2025-12-03T15:30:15.690+0000][6][gc,age      ] GC(121) - age  13:     103024 bytes,    5714240 total
[2025-12-03T15:30:15.690+0000][6][gc,age      ] GC(121) - age  14:       9744 bytes,    5723984 total
[2025-12-03T15:30:15.690+0000][6][gc,age      ] GC(121) - age  15:     211552 bytes,    5935536 total
[2025-12-03T15:30:15.690+0000][6][gc,phases   ] GC(121)   Pre Evacuate Collection Set: 0.9ms
[2025-12-03T15:30:15.690+0000][6][gc,phases   ] GC(121)   Merge Heap Roots: 0.4ms
[2025-12-03T15:30:15.690+0000][6][gc,phases   ] GC(121)   Evacuate Collection Set: 12.1ms
[2025-12-03T15:30:15.690+0000][6][gc,phases   ] GC(121)   Post Evacuate Collection Set: 3.7ms
[2025-12-03T15:30:15.691+0000][6][gc,phases   ] GC(121)   Other: 4.2ms
[2025-12-03T15:30:15.691+0000][6][gc,heap     ] GC(121) Eden regions: 67->0(66)
[2025-12-03T15:30:15.691+0000][6][gc,heap     ] GC(121) Survivor regions: 2->2(9)
[2025-12-03T15:30:15.691+0000][6][gc,heap     ] GC(121) Old regions: 32->33
[2025-12-03T15:30:15.691+0000][6][gc,heap     ] GC(121) Archive regions: 2->2
[2025-12-03T15:30:15.691+0000][6][gc,heap     ] GC(121) Humongous regions: 2->2
[2025-12-03T15:30:15.691+0000][6][gc,metaspace] GC(121) Metaspace: 117944K(119616K)->117944K(119616K) NonClass: 103027K(104000K)->103027K(104000K) Class: 14916K(15616K)->14916K(15616K)
[2025-12-03T15:30:15.691+0000][6][gc          ] GC(121) Pause Young (Normal) (G1 Evacuation Pause) 413M->146M(512M) 22.020ms
[2025-12-03T15:30:15.691+0000][6][gc,cpu      ] GC(121) User=0.09s Sys=0.00s Real=0.02s
[2025-12-03T15:30:15.691+0000][6][safepoint   ] Safepoint "G1CollectForAllocation", Time since last: 41588278186 ns, Reaching safepoint: 782792 ns, At safepoint: 22439625 ns, Total: 23222417 ns
[2025-12-03T15:30:39.727+0000][6][safepoint   ] Safepoint "Cleanup", Time since last: 24035450261 ns, Reaching safepoint: 465708 ns, At safepoint: 31667 ns, Total: 497375 ns
[2025-12-03T15:30:57.765+0000][6][safepoint   ] Safepoint "Cleanup", Time since last: 18038000759 ns, Reaching safepoint: 484500 ns, At safepoint: 15375 ns, Total: 499875 ns
[2025-12-03T15:31:03.779+0000][6][safepoint   ] Safepoint "Cleanup", Time since last: 6011686752 ns, Reaching safepoint: 160250 ns, At safepoint: 8792 ns, Total: 169042 ns
[2025-12-03T15:31:05.782+0000][6][safepoint   ] Safepoint "Cleanup", Time since last: 2002504501 ns, Reaching safepoint: 107333 ns, At safepoint: 4583 ns, Total: 111916 ns
[2025-12-03T15:31:07.786+0000][6][safepoint   ] Safepoint "Cleanup", Time since last: 2002408710 ns, Reaching safepoint: 1600625 ns, At safepoint: 44500 ns, Total: 1645125 ns
[2025-12-03T15:31:09.950+0000][6][gc,start    ] GC(122) Pause Young (Normal) (G1 Evacuation Pause)
[2025-12-03T15:31:09.950+0000][6][gc,task     ] GC(122) Using 8 workers of 8 for evacuation
[2025-12-03T15:31:09.950+0000][6][gc,age      ] GC(122) Desired survivor size 18874368 bytes, new threshold 15 (max threshold 15)
[2025-12-03T15:31:09.977+0000][6][gc,age      ] GC(122) Age table with threshold 15 (max threshold 15)
[2025-12-03T15:31:09.977+0000][6][gc,age      ] GC(122) - age   1:    3495496 bytes,    3495496 total
[2025-12-03T15:31:09.977+0000][6][gc,age      ] GC(122) - age   2:      53728 bytes,    3549224 total
[2025-12-03T15:31:09.977+0000][6][gc,age      ] GC(122) - age   3:     178240 bytes,    3727464 total
[2025-12-03T15:31:09.977+0000][6][gc,age      ] GC(122) - age   4:      20440 bytes,    3747904 total
[2025-12-03T15:31:09.978+0000][6][gc,age      ] GC(122) - age   5:      83496 bytes,    3831400 total
[2025-12-03T15:31:09.978+0000][6][gc,age      ] GC(122) - age   6:     197344 bytes,    4028744 total
[2025-12-03T15:31:09.978+0000][6][gc,age      ] GC(122) - age   7:    1458184 bytes,    5486928 total
[2025-12-03T15:31:09.978+0000][6][gc,age      ] GC(122) - age   8:      44472 bytes,    5531400 total
[2025-12-03T15:31:09.978+0000][6][gc,age      ] GC(122) - age   9:     174352 bytes,    5705752 total
[2025-12-03T15:31:09.978+0000][6][gc,age      ] GC(122) - age  10:     289776 bytes,    5995528 total
[2025-12-03T15:31:09.978+0000][6][gc,age      ] GC(122) - age  11:      13632 bytes,    6009160 total
[2025-12-03T15:31:09.978+0000][6][gc,age      ] GC(122) - age  12:       9648 bytes,    6018808 total
[2025-12-03T15:31:09.978+0000][6][gc,age      ] GC(122) - age  13:      90968 bytes,    6109776 total
[2025-12-03T15:31:09.978+0000][6][gc,age      ] GC(122) - age  14:     103024 bytes,    6212800 total
[2025-12-03T15:31:09.978+0000][6][gc,age      ] GC(122) - age  15:       9744 bytes,    6222544 total
[2025-12-03T15:31:09.978+0000][6][gc,phases   ] GC(122)   Pre Evacuate Collection Set: 0.4ms
[2025-12-03T15:31:09.978+0000][6][gc,phases   ] GC(122)   Merge Heap Roots: 0.1ms
[2025-12-03T15:31:09.978+0000][6][gc,phases   ] GC(122)   Evacuate Collection Set: 23.3ms
[2025-12-03T15:31:09.978+0000][6][gc,phases   ] GC(122)   Post Evacuate Collection Set: 2.9ms
[2025-12-03T15:31:09.978+0000][6][gc,phases   ] GC(122)   Other: 1.8ms
[2025-12-03T15:31:09.978+0000][6][gc,heap     ] GC(122) Eden regions: 66->0(66)
[2025-12-03T15:31:09.978+0000][6][gc,heap     ] GC(122) Survivor regions: 2->2(9)
[2025-12-03T15:31:09.978+0000][6][gc,heap     ] GC(122) Old regions: 33->33
[2025-12-03T15:31:09.978+0000][6][gc,heap     ] GC(122) Archive regions: 2->2
[2025-12-03T15:31:09.978+0000][6][gc,heap     ] GC(122) Humongous regions: 2->2
[2025-12-03T15:31:09.978+0000][6][gc,metaspace] GC(122) Metaspace: 117945K(119616K)->117945K(119616K) NonClass: 103029K(104000K)->103029K(104000K) Class: 14916K(15616K)->14916K(15616K)
[2025-12-03T15:31:09.979+0000][6][gc          ] GC(122) Pause Young (Normal) (G1 Evacuation Pause) 410M->147M(512M) 28.863ms
[2025-12-03T15:31:09.979+0000][6][gc,cpu      ] GC(122) User=0.17s Sys=0.01s Real=0.03s
[2025-12-03T15:31:09.979+0000][6][safepoint   ] Safepoint "G1CollectForAllocation", Time since last: 2163707251 ns, Reaching safepoint: 87750 ns, At safepoint: 29169708 ns, Total: 29257458 ns
[2025-12-03T15:31:10.984+0000][6][safepoint   ] Safepoint "Cleanup", Time since last: 1005062334 ns, Reaching safepoint: 189542 ns, At safepoint: 8666 ns, Total: 198208 ns
[2025-12-03T15:31:28.006+0000][6][safepoint   ] Safepoint "Cleanup", Time since last: 17022029050 ns, Reaching safepoint: 411667 ns, At safepoint: 57000 ns, Total: 468667 ns
[2025-12-03T15:32:01.043+0000][6][safepoint   ] Safepoint "Cleanup", Time since last: 33034258931 ns, Reaching safepoint: 695125 ns, At safepoint: 83750 ns, Total: 778875 ns
[2025-12-03T15:32:03.140+0000][6][gc,start    ] GC(123) Pause Young (Normal) (G1 Evacuation Pause)
[2025-12-03T15:32:03.141+0000][6][gc,task     ] GC(123) Using 8 workers of 8 for evacuation
[2025-12-03T15:32:03.141+0000][6][gc,age      ] GC(123) Desired survivor size 18874368 bytes, new threshold 15 (max threshold 15)
[2025-12-03T15:32:03.151+0000][6][gc,age      ] GC(123) Age table with threshold 15 (max threshold 15)
[2025-12-03T15:32:03.151+0000][6][gc,age      ] GC(123) - age   1:    1533616 bytes,    1533616 total
[2025-12-03T15:32:03.151+0000][6][gc,age      ] GC(123) - age   2:     519112 bytes,    2052728 total
[2025-12-03T15:32:03.151+0000][6][gc,age      ] GC(123) - age   3:      49792 bytes,    2102520 total
[2025-12-03T15:32:03.151+0000][6][gc,age      ] GC(123) - age   4:     176600 bytes,    2279120 total
[2025-12-03T15:32:03.151+0000][6][gc,age      ] GC(123) - age   5:      19800 bytes,    2298920 total
[2025-12-03T15:32:03.151+0000][6][gc,age      ] GC(123) - age   6:      83336 bytes,    2382256 total
[2025-12-03T15:32:03.151+0000][6][gc,age      ] GC(123) - age   7:     197216 bytes,    2579472 total
[2025-12-03T15:32:03.152+0000][6][gc,age      ] GC(123) - age   8:    1458184 bytes,    4037656 total
[2025-12-03T15:32:03.152+0000][6][gc,age      ] GC(123) - age   9:      44472 bytes,    4082128 total
[2025-12-03T15:32:03.152+0000][6][gc,age      ] GC(123) - age  10:     174352 bytes,    4256480 total
[2025-12-03T15:32:03.152+0000][6][gc,age      ] GC(123) - age  11:      20416 bytes,    4276896 total
[2025-12-03T15:32:03.152+0000][6][gc,age      ] GC(123) - age  12:      13632 bytes,    4290528 total
[2025-12-03T15:32:03.152+0000][6][gc,age      ] GC(123) - age  13:       9648 bytes,    4300176 total
[2025-12-03T15:32:03.152+0000][6][gc,age      ] GC(123) - age  14:      90968 bytes,    4391144 total
[2025-12-03T15:32:03.152+0000][6][gc,age      ] GC(123) - age  15:     103024 bytes,    4494168 total
[2025-12-03T15:32:03.152+0000][6][gc,phases   ] GC(123)   Pre Evacuate Collection Set: 0.3ms
[2025-12-03T15:32:03.152+0000][6][gc,phases   ] GC(123)   Merge Heap Roots: 0.1ms
[2025-12-03T15:32:03.152+0000][6][gc,phases   ] GC(123)   Evacuate Collection Set: 7.6ms
[2025-12-03T15:32:03.152+0000][6][gc,phases   ] GC(123)   Post Evacuate Collection Set: 2.1ms
[2025-12-03T15:32:03.152+0000][6][gc,phases   ] GC(123)   Other: 1.6ms
[2025-12-03T15:32:03.152+0000][6][gc,heap     ] GC(123) Eden regions: 66->0(66)
[2025-12-03T15:32:03.152+0000][6][gc,heap     ] GC(123) Survivor regions: 2->2(9)
[2025-12-03T15:32:03.152+0000][6][gc,heap     ] GC(123) Old regions: 33->33
[2025-12-03T15:32:03.152+0000][6][gc,heap     ] GC(123) Archive regions: 2->2
[2025-12-03T15:32:03.152+0000][6][gc,heap     ] GC(123) Humongous regions: 2->2
[2025-12-03T15:32:03.152+0000][6][gc,metaspace] GC(123) Metaspace: 117952K(119616K)->117952K(119616K) NonClass: 103035K(104000K)->103035K(104000K) Class: 14916K(15616K)->14916K(15616K)
[2025-12-03T15:32:03.153+0000][6][gc          ] GC(123) Pause Young (Normal) (G1 Evacuation Pause) 410M->145M(512M) 12.180ms
[2025-12-03T15:32:03.153+0000][6][gc,cpu      ] GC(123) User=0.05s Sys=0.00s Real=0.01s
[2025-12-03T15:32:03.153+0000][6][safepoint   ] Safepoint "G1CollectForAllocation", Time since last: 2096769876 ns, Reaching safepoint: 124417 ns, At safepoint: 12456167 ns, Total: 12580584 ns
[2025-12-03T15:32:40.220+0000][6][safepoint   ] Safepoint "Cleanup", Time since last: 37051440100 ns, Reaching safepoint: 15100875 ns, At safepoint: 52000 ns, Total: 15152875 ns
[2025-12-03T15:32:42.223+0000][6][safepoint   ] Safepoint "Cleanup", Time since last: 2002800918 ns, Reaching safepoint: 260958 ns, At safepoint: 10875 ns, Total: 271833 ns
[2025-12-03T15:32:57.152+0000][6][gc,start    ] GC(124) Pause Young (Normal) (G1 Evacuation Pause)
[2025-12-03T15:32:57.153+0000][6][gc,task     ] GC(124) Using 8 workers of 8 for evacuation
[2025-12-03T15:32:57.153+0000][6][gc,age      ] GC(124) Desired survivor size 18874368 bytes, new threshold 15 (max threshold 15)
[2025-12-03T15:32:57.162+0000][6][gc,age      ] GC(124) Age table with threshold 15 (max threshold 15)
[2025-12-03T15:32:57.162+0000][6][gc,age      ] GC(124) - age   1:    1803968 bytes,    1803968 total
[2025-12-03T15:32:57.162+0000][6][gc,age      ] GC(124) - age   2:     600072 bytes,    2404040 total
[2025-12-03T15:32:57.162+0000][6][gc,age      ] GC(124) - age   3:      14064 bytes,    2418104 total
[2025-12-03T15:32:57.162+0000][6][gc,age      ] GC(124) - age   4:      48096 bytes,    2466200 total
[2025-12-03T15:32:57.162+0000][6][gc,age      ] GC(124) - age   5:     176280 bytes,    2642480 total
[2025-12-03T15:32:57.162+0000][6][gc,age      ] GC(124) - age   6:      19352 bytes,    2661832 total
[2025-12-03T15:32:57.162+0000][6][gc,age      ] GC(124) - age   7:      83064 bytes,    2744896 total
[2025-12-03T15:32:57.163+0000][6][gc,age      ] GC(124) - age   8:     197056 bytes,    2941952 total
[2025-12-03T15:32:57.163+0000][6][gc,age      ] GC(124) - age   9:    1458184 bytes,    4400136 total
[2025-12-03T15:32:57.163+0000][6][gc,age      ] GC(124) - age  10:      44472 bytes,    4444608 total
[2025-12-03T15:32:57.163+0000][6][gc,age      ] GC(124) - age  11:     174352 bytes,    4618960 total
[2025-12-03T15:32:57.163+0000][6][gc,age      ] GC(124) - age  12:      20416 bytes,    4639376 total
[2025-12-03T15:32:57.163+0000][6][gc,age      ] GC(124) - age  13:      13632 bytes,    4653008 total
[2025-12-03T15:32:57.163+0000][6][gc,age      ] GC(124) - age  14:       9648 bytes,    4662656 total
[2025-12-03T15:32:57.163+0000][6][gc,age      ] GC(124) - age  15:      90968 bytes,    4753624 total
[2025-12-03T15:32:57.163+0000][6][gc,phases   ] GC(124)   Pre Evacuate Collection Set: 0.4ms
[2025-12-03T15:32:57.163+0000][6][gc,phases   ] GC(124)   Merge Heap Roots: 0.1ms
[2025-12-03T15:32:57.163+0000][6][gc,phases   ] GC(124)   Evacuate Collection Set: 6.4ms
[2025-12-03T15:32:57.163+0000][6][gc,phases   ] GC(124)   Post Evacuate Collection Set: 2.1ms
[2025-12-03T15:32:57.163+0000][6][gc,phases   ] GC(124)   Other: 2.2ms
[2025-12-03T15:32:57.163+0000][6][gc,heap     ] GC(124) Eden regions: 66->0(66)
[2025-12-03T15:32:57.163+0000][6][gc,heap     ] GC(124) Survivor regions: 2->2(9)
[2025-12-03T15:32:57.163+0000][6][gc,heap     ] GC(124) Old regions: 33->33
[2025-12-03T15:32:57.163+0000][6][gc,heap     ] GC(124) Archive regions: 2->2
[2025-12-03T15:32:57.163+0000][6][gc,heap     ] GC(124) Humongous regions: 2->2
[2025-12-03T15:32:57.163+0000][6][gc,metaspace] GC(124) Metaspace: 117952K(119616K)->117952K(119616K) NonClass: 103035K(104000K)->103035K(104000K) Class: 14916K(15616K)->14916K(15616K)
[2025-12-03T15:32:57.164+0000][6][gc          ] GC(124) Pause Young (Normal) (G1 Evacuation Pause) 409M->145M(512M) 11.616ms
[2025-12-03T15:32:57.164+0000][6][gc,cpu      ] GC(124) User=0.05s Sys=0.00s Real=0.01s
[2025-12-03T15:32:57.164+0000][6][safepoint   ] Safepoint "G1CollectForAllocation", Time since last: 14928324424 ns, Reaching safepoint: 465542 ns, At safepoint: 11951375 ns, Total: 12416917 ns
[2025-12-03T15:33:04.180+0000][6][safepoint   ] Safepoint "Cleanup", Time since last: 7014326419 ns, Reaching safepoint: 250750 ns, At safepoint: 15458 ns, Total: 266208 ns
[2025-12-03T15:33:10.848+0000][6][safepoint   ] Safepoint "Cleanup", Time since last: 6668117212 ns, Reaching safepoint: 264416 ns, At safepoint: 37834 ns, Total: 302250 ns
[2025-12-03T15:33:46.013+0000][6][gc,start    ] GC(125) Pause Young (Normal) (G1 Evacuation Pause)
[2025-12-03T15:33:46.014+0000][6][gc,task     ] GC(125) Using 8 workers of 8 for evacuation
[2025-12-03T15:33:46.015+0000][6][gc,age      ] GC(125) Desired survivor size 18874368 bytes, new threshold 15 (max threshold 15)
[2025-12-03T15:33:46.029+0000][6][gc,age      ] GC(125) Age table with threshold 15 (max threshold 15)
[2025-12-03T15:33:46.029+0000][6][gc,age      ] GC(125) - age   1:    2683312 bytes,    2683312 total
[2025-12-03T15:33:46.029+0000][6][gc,age      ] GC(125) - age   2:     783456 bytes,    3466768 total
[2025-12-03T15:33:46.029+0000][6][gc,age      ] GC(125) - age   3:     414080 bytes,    3880848 total
[2025-12-03T15:33:46.029+0000][6][gc,age      ] GC(125) - age   4:      12880 bytes,    3893728 total
[2025-12-03T15:33:46.029+0000][6][gc,age      ] GC(125) - age   5:      47968 bytes,    3941696 total
[2025-12-03T15:33:46.029+0000][6][gc,age      ] GC(125) - age   6:     176280 bytes,    4117976 total
[2025-12-03T15:33:46.029+0000][6][gc,age      ] GC(125) - age   7:      19352 bytes,    4137328 total
[2025-12-03T15:33:46.029+0000][6][gc,age      ] GC(125) - age   8:      83064 bytes,    4220392 total
[2025-12-03T15:33:46.030+0000][6][gc,age      ] GC(125) - age   9:     197056 bytes,    4417448 total
[2025-12-03T15:33:46.030+0000][6][gc,age      ] GC(125) - age  10:     312456 bytes,    4729904 total
[2025-12-03T15:33:46.030+0000][6][gc,age      ] GC(125) - age  11:      44472 bytes,    4774376 total
[2025-12-03T15:33:46.030+0000][6][gc,age      ] GC(125) - age  12:     174352 bytes,    4948728 total
[2025-12-03T15:33:46.030+0000][6][gc,age      ] GC(125) - age  13:      20352 bytes,    4969080 total
[2025-12-03T15:33:46.030+0000][6][gc,age      ] GC(125) - age  14:      13632 bytes,    4982712 total
[2025-12-03T15:33:46.030+0000][6][gc,age      ] GC(125) - age  15:       9648 bytes,    4992360 total
[2025-12-03T15:33:46.030+0000][6][gc,phases   ] GC(125)   Pre Evacuate Collection Set: 0.7ms
[2025-12-03T15:33:46.030+0000][6][gc,phases   ] GC(125)   Merge Heap Roots: 0.3ms
[2025-12-03T15:33:46.030+0000][6][gc,phases   ] GC(125)   Evacuate Collection Set: 10.0ms
[2025-12-03T15:33:46.030+0000][6][gc,phases   ] GC(125)   Post Evacuate Collection Set: 3.3ms
[2025-12-03T15:33:46.030+0000][6][gc,phases   ] GC(125)   Other: 3.3ms
[2025-12-03T15:33:46.030+0000][6][gc,heap     ] GC(125) Eden regions: 66->0(66)
[2025-12-03T15:33:46.030+0000][6][gc,heap     ] GC(125) Survivor regions: 2->2(9)
[2025-12-03T15:33:46.031+0000][6][gc,heap     ] GC(125) Old regions: 33->33
[2025-12-03T15:33:46.031+0000][6][gc,heap     ] GC(125) Archive regions: 2->2
[2025-12-03T15:33:46.031+0000][6][gc,heap     ] GC(125) Humongous regions: 2->2
[2025-12-03T15:33:46.031+0000][6][gc,metaspace] GC(125) Metaspace: 117958K(119616K)->117958K(119616K) NonClass: 103041K(104000K)->103041K(104000K) Class: 14916K(15616K)->14916K(15616K)
[2025-12-03T15:33:46.031+0000][6][gc          ] GC(125) Pause Young (Normal) (G1 Evacuation Pause) 409M->146M(512M) 18.194ms
[2025-12-03T15:33:46.031+0000][6][gc,cpu      ] GC(125) User=0.08s Sys=0.00s Real=0.02s
[2025-12-03T15:33:46.031+0000][6][safepoint   ] Safepoint "G1CollectForAllocation", Time since last: 35162594224 ns, Reaching safepoint: 837834 ns, At safepoint: 18567208 ns, Total: 19405042 ns
[2025-12-03T15:33:49.037+0000][6][safepoint   ] Safepoint "Cleanup", Time since last: 3005128710 ns, Reaching safepoint: 1028208 ns, At safepoint: 30208 ns, Total: 1058416 ns
[2025-12-03T15:33:58.056+0000][6][safepoint   ] Safepoint "Cleanup", Time since last: 9018804921 ns, Reaching safepoint: 135292 ns, At safepoint: 8083 ns, Total: 143375 ns
[2025-12-03T15:34:10.085+0000][6][safepoint   ] Safepoint "Cleanup", Time since last: 12027171547 ns, Reaching safepoint: 646417 ns, At safepoint: 19667 ns, Total: 666084 ns
[2025-12-03T15:34:22.102+0000][6][safepoint   ] Safepoint "Cleanup", Time since last: 12016544172 ns, Reaching safepoint: 230875 ns, At safepoint: 57042 ns, Total: 287917 ns
[2025-12-03T15:34:39.323+0000][6][gc,start    ] GC(126) Pause Young (Normal) (G1 Evacuation Pause)
[2025-12-03T15:34:39.324+0000][6][gc,task     ] GC(126) Using 8 workers of 8 for evacuation
[2025-12-03T15:34:39.324+0000][6][gc,age      ] GC(126) Desired survivor size 18874368 bytes, new threshold 15 (max threshold 15)
[2025-12-03T15:34:39.332+0000][6][gc,age      ] GC(126) Age table with threshold 15 (max threshold 15)
[2025-12-03T15:34:39.332+0000][6][gc,age      ] GC(126) - age   1:    2281464 bytes,    2281464 total
[2025-12-03T15:34:39.332+0000][6][gc,age      ] GC(126) - age   2:    1310576 bytes,    3592040 total
[2025-12-03T15:34:39.332+0000][6][gc,age      ] GC(126) - age   3:     545344 bytes,    4137384 total
[2025-12-03T15:34:39.332+0000][6][gc,age      ] GC(126) - age   4:     413632 bytes,    4551016 total
[2025-12-03T15:34:39.332+0000][6][gc,age      ] GC(126) - age   5:      11968 bytes,    4562984 total
[2025-12-03T15:34:39.332+0000][6][gc,age      ] GC(126) - age   6:      47648 bytes,    4610632 total
[2025-12-03T15:34:39.332+0000][6][gc,age      ] GC(126) - age   7:     176216 bytes,    4786848 total
[2025-12-03T15:34:39.332+0000][6][gc,age      ] GC(126) - age   8:      19352 bytes,    4806200 total
[2025-12-03T15:34:39.332+0000][6][gc,age      ] GC(126) - age   9:      83064 bytes,    4889264 total
[2025-12-03T15:34:39.332+0000][6][gc,age      ] GC(126) - age  10:     196864 bytes,    5086128 total
[2025-12-03T15:34:39.333+0000][6][gc,age      ] GC(126) - age  11:      34312 bytes,    5120440 total
[2025-12-03T15:34:39.333+0000][6][gc,age      ] GC(126) - age  12:      44472 bytes,    5164912 total
[2025-12-03T15:34:39.333+0000][6][gc,age      ] GC(126) - age  13:     174352 bytes,    5339264 total
[2025-12-03T15:34:39.333+0000][6][gc,age      ] GC(126) - age  14:      20352 bytes,    5359616 total
[2025-12-03T15:34:39.333+0000][6][gc,age      ] GC(126) - age  15:      13432 bytes,    5373048 total
[2025-12-03T15:34:39.333+0000][6][gc,phases   ] GC(126)   Pre Evacuate Collection Set: 0.2ms
[2025-12-03T15:34:39.333+0000][6][gc,phases   ] GC(126)   Merge Heap Roots: 0.2ms
[2025-12-03T15:34:39.333+0000][6][gc,phases   ] GC(126)   Evacuate Collection Set: 5.1ms
[2025-12-03T15:34:39.333+0000][6][gc,phases   ] GC(126)   Post Evacuate Collection Set: 1.7ms
[2025-12-03T15:34:39.333+0000][6][gc,phases   ] GC(126)   Other: 2.5ms
[2025-12-03T15:34:39.333+0000][6][gc,heap     ] GC(126) Eden regions: 66->0(66)
[2025-12-03T15:34:39.333+0000][6][gc,heap     ] GC(126) Survivor regions: 2->2(9)
[2025-12-03T15:34:39.333+0000][6][gc,heap     ] GC(126) Old regions: 33->33
[2025-12-03T15:34:39.333+0000][6][gc,heap     ] GC(126) Archive regions: 2->2
[2025-12-03T15:34:39.334+0000][6][gc,heap     ] GC(126) Humongous regions: 2->2
[2025-12-03T15:34:39.334+0000][6][gc,metaspace] GC(126) Metaspace: 117958K(119616K)->117958K(119616K) NonClass: 103041K(104000K)->103041K(104000K) Class: 14916K(15616K)->14916K(15616K)
[2025-12-03T15:34:39.334+0000][6][gc          ] GC(126) Pause Young (Normal) (G1 Evacuation Pause) 410M->146M(512M) 10.518ms
[2025-12-03T15:34:39.334+0000][6][gc,cpu      ] GC(126) User=0.05s Sys=0.00s Real=0.01s
[2025-12-03T15:34:39.334+0000][6][safepoint   ] Safepoint "G1CollectForAllocation", Time since last: 17220494007 ns, Reaching safepoint: 103125 ns, At safepoint: 10822917 ns, Total: 10926042 ns
[2025-12-03T15:34:45.340+0000][6][safepoint   ] Safepoint "Cleanup", Time since last: 6006055128 ns, Reaching safepoint: 137917 ns, At safepoint: 8083 ns, Total: 146000 ns
[2025-12-03T15:34:47.342+0000][6][safepoint   ] Safepoint "Cleanup", Time since last: 2002017126 ns, Reaching safepoint: 178875 ns, At safepoint: 14208 ns, Total: 193083 ns
[2025-12-03T15:34:57.352+0000][6][safepoint   ] Safepoint "Cleanup", Time since last: 10009346255 ns, Reaching safepoint: 147375 ns, At safepoint: 4542 ns, Total: 151917 ns
[2025-12-03T15:34:58.353+0000][6][safepoint   ] Safepoint "Cleanup", Time since last: 1001191875 ns, Reaching safepoint: 316667 ns, At safepoint: 4792 ns, Total: 321459 ns
[2025-12-03T15:35:07.367+0000][6][safepoint   ] Safepoint "Cleanup", Time since last: 9013391003 ns, Reaching safepoint: 287416 ns, At safepoint: 25250 ns, Total: 312666 ns
[2025-12-03T15:35:10.373+0000][6][safepoint   ] Safepoint "Cleanup", Time since last: 3005489585 ns, Reaching safepoint: 125834 ns, At safepoint: 3916 ns, Total: 129750 ns
[2025-12-03T15:35:18.386+0000][6][safepoint   ] Safepoint "Cleanup", Time since last: 8012428129 ns, Reaching safepoint: 308583 ns, At safepoint: 10875 ns, Total: 319458 ns
[2025-12-03T15:35:21.388+0000][6][safepoint   ] Safepoint "Cleanup", Time since last: 3001731377 ns, Reaching safepoint: 83833 ns, At safepoint: 5375 ns, Total: 89208 ns
[2025-12-03T15:35:26.141+0000][6][gc,start    ] GC(127) Pause Young (Normal) (G1 Evacuation Pause)
[2025-12-03T15:35:26.141+0000][6][gc,task     ] GC(127) Using 8 workers of 8 for evacuation
[2025-12-03T15:35:26.141+0000][6][gc,age      ] GC(127) Desired survivor size 18874368 bytes, new threshold 15 (max threshold 15)
[2025-12-03T15:35:26.154+0000][6][gc,age      ] GC(127) Age table with threshold 15 (max threshold 15)
[2025-12-03T15:35:26.154+0000][6][gc,age      ] GC(127) - age   1:    1321856 bytes,    1321856 total
[2025-12-03T15:35:26.154+0000][6][gc,age      ] GC(127) - age   2:     332496 bytes,    1654352 total
[2025-12-03T15:35:26.154+0000][6][gc,age      ] GC(127) - age   3:    1307968 bytes,    2962320 total
[2025-12-03T15:35:26.154+0000][6][gc,age      ] GC(127) - age   4:      46480 bytes,    3008800 total
[2025-12-03T15:35:26.154+0000][6][gc,age      ] GC(127) - age   5:     413408 bytes,    3422208 total
[2025-12-03T15:35:26.154+0000][6][gc,age      ] GC(127) - age   6:      11904 bytes,    3434112 total
[2025-12-03T15:35:26.155+0000][6][gc,age      ] GC(127) - age   7:      47536 bytes,    3481648 total
[2025-12-03T15:35:26.155+0000][6][gc,age      ] GC(127) - age   8:     176192 bytes,    3657840 total
[2025-12-03T15:35:26.155+0000][6][gc,age      ] GC(127) - age   9:      19352 bytes,    3677192 total
[2025-12-03T15:35:26.155+0000][6][gc,age      ] GC(127) - age  10:      83064 bytes,    3760256 total
[2025-12-03T15:35:26.155+0000][6][gc,age      ] GC(127) - age  11:      40688 bytes,    3800944 total
[2025-12-03T15:35:26.155+0000][6][gc,age      ] GC(127) - age  12:      24312 bytes,    3825256 total
[2025-12-03T15:35:26.155+0000][6][gc,age      ] GC(127) - age  13:      44472 bytes,    3869728 total
[2025-12-03T15:35:26.155+0000][6][gc,age      ] GC(127) - age  14:     174352 bytes,    4044080 total
[2025-12-03T15:35:26.155+0000][6][gc,age      ] GC(127) - age  15:      20352 bytes,    4064432 total
[2025-12-03T15:35:26.156+0000][6][gc,phases   ] GC(127)   Pre Evacuate Collection Set: 0.5ms
[2025-12-03T15:35:26.156+0000][6][gc,phases   ] GC(127)   Merge Heap Roots: 0.2ms
[2025-12-03T15:35:26.156+0000][6][gc,phases   ] GC(127)   Evacuate Collection Set: 8.6ms
[2025-12-03T15:35:26.156+0000][6][gc,phases   ] GC(127)   Post Evacuate Collection Set: 2.6ms
[2025-12-03T15:35:26.156+0000][6][gc,phases   ] GC(127)   Other: 3.3ms
[2025-12-03T15:35:26.156+0000][6][gc,heap     ] GC(127) Eden regions: 66->0(67)
[2025-12-03T15:35:26.156+0000][6][gc,heap     ] GC(127) Survivor regions: 2->2(9)
[2025-12-03T15:35:26.156+0000][6][gc,heap     ] GC(127) Old regions: 33->33
[2025-12-03T15:35:26.156+0000][6][gc,heap     ] GC(127) Archive regions: 2->2
[2025-12-03T15:35:26.157+0000][6][gc,heap     ] GC(127) Humongous regions: 2->2
[2025-12-03T15:35:26.157+0000][6][gc,metaspace] GC(127) Metaspace: 117997K(119680K)->117997K(119680K) NonClass: 103080K(104064K)->103080K(104064K) Class: 14916K(15616K)->14916K(15616K)
[2025-12-03T15:35:26.157+0000][6][gc          ] GC(127) Pause Young (Normal) (G1 Evacuation Pause) 410M->145M(512M) 16.244ms
[2025-12-03T15:35:26.157+0000][6][gc,cpu      ] GC(127) User=0.06s Sys=0.00s Real=0.02s
[2025-12-03T15:35:26.157+0000][6][safepoint   ] Safepoint "G1CollectForAllocation", Time since last: 4750329211 ns, Reaching safepoint: 2352166 ns, At safepoint: 16817584 ns, Total: 19169750 ns
[2025-12-03T15:35:34.178+0000][6][safepoint   ] Safepoint "Cleanup", Time since last: 8018649920 ns, Reaching safepoint: 235625 ns, At safepoint: 28542 ns, Total: 264167 ns
[2025-12-03T15:35:37.194+0000][6][safepoint   ] Safepoint "Cleanup", Time since last: 3015669709 ns, Reaching safepoint: 122584 ns, At safepoint: 10250 ns, Total: 132834 ns
[2025-12-03T15:35:52.214+0000][6][safepoint   ] Safepoint "Cleanup", Time since last: 15019562465 ns, Reaching safepoint: 562625 ns, At safepoint: 24709 ns, Total: 587334 ns
[2025-12-03T15:36:07.247+0000][6][safepoint   ] Safepoint "Cleanup", Time since last: 15032950340 ns, Reaching safepoint: 627041 ns, At safepoint: 35584 ns, Total: 662625 ns
[2025-12-03T15:36:10.258+0000][6][safepoint   ] Safepoint "Cleanup", Time since last: 3011415960 ns, Reaching safepoint: 125125 ns, At safepoint: 7708 ns, Total: 132833 ns
[2025-12-03T15:36:15.298+0000][6][gc,start    ] GC(128) Pause Young (Normal) (G1 Evacuation Pause)
[2025-12-03T15:36:15.298+0000][6][gc,task     ] GC(128) Using 8 workers of 8 for evacuation
[2025-12-03T15:36:15.298+0000][6][gc,age      ] GC(128) Desired survivor size 18874368 bytes, new threshold 15 (max threshold 15)
[2025-12-03T15:36:15.306+0000][6][gc,age      ] GC(128) Age table with threshold 15 (max threshold 15)
[2025-12-03T15:36:15.306+0000][6][gc,age      ] GC(128) - age   1:    1554320 bytes,    1554320 total
[2025-12-03T15:36:15.306+0000][6][gc,age      ] GC(128) - age   2:     908232 bytes,    2462552 total
[2025-12-03T15:36:15.306+0000][6][gc,age      ] GC(128) - age   3:     326824 bytes,    2789376 total
[2025-12-03T15:36:15.306+0000][6][gc,age      ] GC(128) - age   4:    1307008 bytes,    4096384 total
[2025-12-03T15:36:15.306+0000][6][gc,age      ] GC(128) - age   5:      45664 bytes,    4142048 total
[2025-12-03T15:36:15.306+0000][6][gc,age      ] GC(128) - age   6:     413280 bytes,    4555328 total
[2025-12-03T15:36:15.306+0000][6][gc,age      ] GC(128) - age   7:      11712 bytes,    4567040 total
[2025-12-03T15:36:15.306+0000][6][gc,age      ] GC(128) - age   8:      47472 bytes,    4614512 total
[2025-12-03T15:36:15.306+0000][6][gc,age      ] GC(128) - age   9:     176192 bytes,    4790704 total
[2025-12-03T15:36:15.306+0000][6][gc,age      ] GC(128) - age  10:      19352 bytes,    4810056 total
[2025-12-03T15:36:15.306+0000][6][gc,age      ] GC(128) - age  11:      82952 bytes,    4893008 total
[2025-12-03T15:36:15.306+0000][6][gc,age      ] GC(128) - age  12:      10568 bytes,    4903576 total
[2025-12-03T15:36:15.306+0000][6][gc,age      ] GC(128) - age  13:      24312 bytes,    4927888 total
[2025-12-03T15:36:15.306+0000][6][gc,age      ] GC(128) - age  14:      44472 bytes,    4972360 total
[2025-12-03T15:36:15.306+0000][6][gc,age      ] GC(128) - age  15:     174352 bytes,    5146712 total
[2025-12-03T15:36:15.306+0000][6][gc,phases   ] GC(128)   Pre Evacuate Collection Set: 0.2ms
[2025-12-03T15:36:15.306+0000][6][gc,phases   ] GC(128)   Merge Heap Roots: 0.1ms
[2025-12-03T15:36:15.306+0000][6][gc,phases   ] GC(128)   Evacuate Collection Set: 5.2ms
[2025-12-03T15:36:15.306+0000][6][gc,phases   ] GC(128)   Post Evacuate Collection Set: 1.7ms
[2025-12-03T15:36:15.306+0000][6][gc,phases   ] GC(128)   Other: 1.2ms
[2025-12-03T15:36:15.306+0000][6][gc,heap     ] GC(128) Eden regions: 67->0(67)
[2025-12-03T15:36:15.307+0000][6][gc,heap     ] GC(128) Survivor regions: 2->2(9)
[2025-12-03T15:36:15.307+0000][6][gc,heap     ] GC(128) Old regions: 33->33
[2025-12-03T15:36:15.307+0000][6][gc,heap     ] GC(128) Archive regions: 2->2
[2025-12-03T15:36:15.307+0000][6][gc,heap     ] GC(128) Humongous regions: 2->2
[2025-12-03T15:36:15.307+0000][6][gc,metaspace] GC(128) Metaspace: 118048K(119744K)->118048K(119744K) NonClass: 103130K(104128K)->103130K(104128K) Class: 14917K(15616K)->14917K(15616K)
[2025-12-03T15:36:15.307+0000][6][gc          ] GC(128) Pause Young (Normal) (G1 Evacuation Pause) 413M->146M(512M) 8.717ms
[2025-12-03T15:36:15.307+0000][6][gc,cpu      ] GC(128) User=0.04s Sys=0.00s Real=0.01s
[2025-12-03T15:36:15.307+0000][6][safepoint   ] Safepoint "G1CollectForAllocation", Time since last: 5039458961 ns, Reaching safepoint: 57000 ns, At safepoint: 8911833 ns, Total: 8968833 ns
[2025-12-03T15:36:30.325+0000][6][safepoint   ] Safepoint "Cleanup", Time since last: 15018006924 ns, Reaching safepoint: 477333 ns, At safepoint: 29792 ns, Total: 507125 ns
[2025-12-03T15:36:42.344+0000][6][safepoint   ] Safepoint "Cleanup", Time since last: 12016460171 ns, Reaching safepoint: 345875 ns, At safepoint: 20917 ns, Total: 366792 ns
[2025-12-03T15:37:00.334+0000][6][gc,start    ] GC(129) Pause Young (Normal) (G1 Evacuation Pause)
[2025-12-03T15:37:00.334+0000][6][gc,task     ] GC(129) Using 8 workers of 8 for evacuation
[2025-12-03T15:37:00.335+0000][6][gc,age      ] GC(129) Desired survivor size 18874368 bytes, new threshold 15 (max threshold 15)
[2025-12-03T15:37:00.352+0000][6][gc,age      ] GC(129) Age table with threshold 15 (max threshold 15)
[2025-12-03T15:37:00.354+0000][6][gc,age      ] GC(129) - age   1:    2374328 bytes,    2374328 total
[2025-12-03T15:37:00.354+0000][6][gc,age      ] GC(129) - age   2:      52256 bytes,    2426584 total
[2025-12-03T15:37:00.354+0000][6][gc,age      ] GC(129) - age   3:     760288 bytes,    3186872 total
[2025-12-03T15:37:00.354+0000][6][gc,age      ] GC(129) - age   4:     326152 bytes,    3513024 total
[2025-12-03T15:37:00.354+0000][6][gc,age      ] GC(129) - age   5:    1306464 bytes,    4819488 total
[2025-12-03T15:37:00.354+0000][6][gc,age      ] GC(129) - age   6:      45600 bytes,    4865088 total
[2025-12-03T15:37:00.354+0000][6][gc,age      ] GC(129) - age   7:     413280 bytes,    5278368 total
[2025-12-03T15:37:00.355+0000][6][gc,age      ] GC(129) - age   8:      11712 bytes,    5290080 total
[2025-12-03T15:37:00.355+0000][6][gc,age      ] GC(129) - age   9:      47408 bytes,    5337488 total
[2025-12-03T15:37:00.355+0000][6][gc,age      ] GC(129) - age  10:     176192 bytes,    5513680 total
[2025-12-03T15:37:00.355+0000][6][gc,age      ] GC(129) - age  11:      19352 bytes,    5533032 total
[2025-12-03T15:37:00.355+0000][6][gc,age      ] GC(129) - age  12:      82952 bytes,    5615984 total
[2025-12-03T15:37:00.355+0000][6][gc,age      ] GC(129) - age  13:      10568 bytes,    5626552 total
[2025-12-03T15:37:00.355+0000][6][gc,age      ] GC(129) - age  14:      24312 bytes,    5650864 total
[2025-12-03T15:37:00.355+0000][6][gc,age      ] GC(129) - age  15:      44472 bytes,    5695336 total
[2025-12-03T15:37:00.356+0000][6][gc,phases   ] GC(129)   Pre Evacuate Collection Set: 0.7ms
[2025-12-03T15:37:00.356+0000][6][gc,phases   ] GC(129)   Merge Heap Roots: 0.3ms
[2025-12-03T15:37:00.356+0000][6][gc,phases   ] GC(129)   Evacuate Collection Set: 13.7ms
[2025-12-03T15:37:00.356+0000][6][gc,phases   ] GC(129)   Post Evacuate Collection Set: 3.2ms
[2025-12-03T15:37:00.356+0000][6][gc,phases   ] GC(129)   Other: 4.4ms
[2025-12-03T15:37:00.356+0000][6][gc,heap     ] GC(129) Eden regions: 67->0(67)
[2025-12-03T15:37:00.356+0000][6][gc,heap     ] GC(129) Survivor regions: 2->2(9)
[2025-12-03T15:37:00.356+0000][6][gc,heap     ] GC(129) Old regions: 33->33
[2025-12-03T15:37:00.356+0000][6][gc,heap     ] GC(129) Archive regions: 2->2
[2025-12-03T15:37:00.356+0000][6][gc,heap     ] GC(129) Humongous regions: 2->2
[2025-12-03T15:37:00.357+0000][6][gc,metaspace] GC(129) Metaspace: 118048K(119744K)->118048K(119744K) NonClass: 103130K(104128K)->103130K(104128K) Class: 14917K(15616K)->14917K(15616K)
[2025-12-03T15:37:00.357+0000][6][gc          ] GC(129) Pause Young (Normal) (G1 Evacuation Pause) 414M->146M(512M) 23.239ms
[2025-12-03T15:37:00.357+0000][6][gc,cpu      ] GC(129) User=0.09s Sys=0.00s Real=0.03s
[2025-12-03T15:37:00.357+0000][6][safepoint   ] Safepoint "G1CollectForAllocation", Time since last: 17988575258 ns, Reaching safepoint: 578750 ns, At safepoint: 23653334 ns, Total: 24232084 ns
[2025-12-03T15:37:03.361+0000][6][safepoint   ] Safepoint "Cleanup", Time since last: 3003809459 ns, Reaching safepoint: 113250 ns, At safepoint: 3958 ns, Total: 117208 ns
[2025-12-03T15:37:37.543+0000][6][gc,start    ] GC(130) Pause Young (Normal) (G1 Evacuation Pause)
[2025-12-03T15:37:37.544+0000][6][gc,task     ] GC(130) Using 8 workers of 8 for evacuation
[2025-12-03T15:37:37.545+0000][6][gc,age      ] GC(130) Desired survivor size 18874368 bytes, new threshold 15 (max threshold 15)
[2025-12-03T15:37:37.560+0000][6][gc,age      ] GC(130) Age table with threshold 15 (max threshold 15)
[2025-12-03T15:37:37.560+0000][6][gc,age      ] GC(130) - age   1:    2566616 bytes,    2566616 total
[2025-12-03T15:37:37.560+0000][6][gc,age      ] GC(130) - age   2:      19096 bytes,    2585712 total
[2025-12-03T15:37:37.560+0000][6][gc,age      ] GC(130) - age   3:      47376 bytes,    2633088 total
[2025-12-03T15:37:37.560+0000][6][gc,age      ] GC(130) - age   4:     261608 bytes,    2894696 total
[2025-12-03T15:37:37.561+0000][6][gc,age      ] GC(130) - age   5:     326152 bytes,    3220848 total
[2025-12-03T15:37:37.561+0000][6][gc,age      ] GC(130) - age   6:    1306208 bytes,    4527056 total
[2025-12-03T15:37:37.561+0000][6][gc,age      ] GC(130) - age   7:      45600 bytes,    4572656 total
[2025-12-03T15:37:37.561+0000][6][gc,age      ] GC(130) - age   8:     413280 bytes,    4985936 total
[2025-12-03T15:37:37.561+0000][6][gc,age      ] GC(130) - age   9:      11712 bytes,    4997648 total
[2025-12-03T15:37:37.561+0000][6][gc,age      ] GC(130) - age  10:      47408 bytes,    5045056 total
[2025-12-03T15:37:37.561+0000][6][gc,age      ] GC(130) - age  11:     176192 bytes,    5221248 total
[2025-12-03T15:37:37.561+0000][6][gc,age      ] GC(130) - age  12:      19352 bytes,    5240600 total
[2025-12-03T15:37:37.561+0000][6][gc,age      ] GC(130) - age  13:      82680 bytes,    5323280 total
[2025-12-03T15:37:37.561+0000][6][gc,age      ] GC(130) - age  14:      10568 bytes,    5333848 total
[2025-12-03T15:37:37.561+0000][6][gc,age      ] GC(130) - age  15:      24312 bytes,    5358160 total
[2025-12-03T15:37:37.561+0000][6][gc,phases   ] GC(130)   Pre Evacuate Collection Set: 0.6ms
[2025-12-03T15:37:37.561+0000][6][gc,phases   ] GC(130)   Merge Heap Roots: 0.2ms
[2025-12-03T15:37:37.561+0000][6][gc,phases   ] GC(130)   Evacuate Collection Set: 11.5ms
[2025-12-03T15:37:37.561+0000][6][gc,phases   ] GC(130)   Post Evacuate Collection Set: 3.3ms
[2025-12-03T15:37:37.561+0000][6][gc,phases   ] GC(130)   Other: 2.8ms
[2025-12-03T15:37:37.562+0000][6][gc,heap     ] GC(130) Eden regions: 67->0(66)
[2025-12-03T15:37:37.562+0000][6][gc,heap     ] GC(130) Survivor regions: 2->2(9)
[2025-12-03T15:37:37.562+0000][6][gc,heap     ] GC(130) Old regions: 33->33
[2025-12-03T15:37:37.562+0000][6][gc,heap     ] GC(130) Archive regions: 2->2
[2025-12-03T15:37:37.562+0000][6][gc,heap     ] GC(130) Humongous regions: 2->2
[2025-12-03T15:37:37.562+0000][6][gc,metaspace] GC(130) Metaspace: 118053K(119744K)->118053K(119744K) NonClass: 103135K(104128K)->103135K(104128K) Class: 14917K(15616K)->14917K(15616K)
[2025-12-03T15:37:37.562+0000][6][gc          ] GC(130) Pause Young (Normal) (G1 Evacuation Pause) 414M->146M(512M) 18.894ms
[2025-12-03T15:37:37.562+0000][6][gc,cpu      ] GC(130) User=0.09s Sys=0.01s Real=0.02s
[2025-12-03T15:37:37.562+0000][6][safepoint   ] Safepoint "G1CollectForAllocation", Time since last: 34169452474 ns, Reaching safepoint: 10509792 ns, At safepoint: 19315541 ns, Total: 29825333 ns
[2025-12-03T15:37:48.580+0000][6][safepoint   ] Safepoint "Cleanup", Time since last: 11017423797 ns, Reaching safepoint: 90500 ns, At safepoint: 3333 ns, Total: 93833 ns
[2025-12-03T15:38:06.612+0000][6][safepoint   ] Safepoint "Cleanup", Time since last: 18030621633 ns, Reaching safepoint: 561042 ns, At safepoint: 23708 ns, Total: 584750 ns
[2025-12-03T15:38:10.618+0000][6][safepoint   ] Safepoint "Cleanup", Time since last: 4005869752 ns, Reaching safepoint: 111417 ns, At safepoint: 3750 ns, Total: 115167 ns
[2025-12-03T15:38:12.622+0000][6][safepoint   ] Safepoint "Cleanup", Time since last: 2003606543 ns, Reaching safepoint: 150750 ns, At safepoint: 4791 ns, Total: 155541 ns
[2025-12-03T15:38:24.371+0000][6][gc,start    ] GC(131) Pause Young (Normal) (G1 Evacuation Pause)
[2025-12-03T15:38:24.372+0000][6][gc,task     ] GC(131) Using 8 workers of 8 for evacuation
[2025-12-03T15:38:24.372+0000][6][gc,age      ] GC(131) Desired survivor size 18874368 bytes, new threshold 15 (max threshold 15)
[2025-12-03T15:38:24.381+0000][6][gc,age      ] GC(131) Age table with threshold 15 (max threshold 15)
[2025-12-03T15:38:24.381+0000][6][gc,age      ] GC(131) - age   1:    1770264 bytes,    1770264 total
[2025-12-03T15:38:24.381+0000][6][gc,age      ] GC(131) - age   2:     517344 bytes,    2287608 total
[2025-12-03T15:38:24.381+0000][6][gc,age      ] GC(131) - age   3:      11824 bytes,    2299432 total
[2025-12-03T15:38:24.381+0000][6][gc,age      ] GC(131) - age   4:      46712 bytes,    2346144 total
[2025-12-03T15:38:24.381+0000][6][gc,age      ] GC(131) - age   5:     261352 bytes,    2607496 total
[2025-12-03T15:38:24.381+0000][6][gc,age      ] GC(131) - age   6:     326024 bytes,    2933520 total
[2025-12-03T15:38:24.381+0000][6][gc,age      ] GC(131) - age   7:    1306112 bytes,    4239632 total
[2025-12-03T15:38:24.381+0000][6][gc,age      ] GC(131) - age   8:      45152 bytes,    4284784 total
[2025-12-03T15:38:24.381+0000][6][gc,age      ] GC(131) - age   9:     413280 bytes,    4698064 total
[2025-12-03T15:38:24.381+0000][6][gc,age      ] GC(131) - age  10:      11712 bytes,    4709776 total
[2025-12-03T15:38:24.381+0000][6][gc,age      ] GC(131) - age  11:      47408 bytes,    4757184 total
[2025-12-03T15:38:24.381+0000][6][gc,age      ] GC(131) - age  12:     176192 bytes,    4933376 total
[2025-12-03T15:38:24.381+0000][6][gc,age      ] GC(131) - age  13:      19352 bytes,    4952728 total
[2025-12-03T15:38:24.381+0000][6][gc,age      ] GC(131) - age  14:      82680 bytes,    5035408 total
[2025-12-03T15:38:24.381+0000][6][gc,age      ] GC(131) - age  15:      10568 bytes,    5045976 total
[2025-12-03T15:38:24.381+0000][6][gc,phases   ] GC(131)   Pre Evacuate Collection Set: 0.4ms
[2025-12-03T15:38:24.381+0000][6][gc,phases   ] GC(131)   Merge Heap Roots: 0.1ms
[2025-12-03T15:38:24.382+0000][6][gc,phases   ] GC(131)   Evacuate Collection Set: 6.6ms
[2025-12-03T15:38:24.382+0000][6][gc,phases   ] GC(131)   Post Evacuate Collection Set: 1.6ms
[2025-12-03T15:38:24.382+0000][6][gc,phases   ] GC(131)   Other: 1.7ms
[2025-12-03T15:38:24.382+0000][6][gc,heap     ] GC(131) Eden regions: 66->0(67)
[2025-12-03T15:38:24.382+0000][6][gc,heap     ] GC(131) Survivor regions: 2->2(9)
[2025-12-03T15:38:24.382+0000][6][gc,heap     ] GC(131) Old regions: 33->33
[2025-12-03T15:38:24.382+0000][6][gc,heap     ] GC(131) Archive regions: 2->2
[2025-12-03T15:38:24.382+0000][6][gc,heap     ] GC(131) Humongous regions: 2->2
[2025-12-03T15:38:24.382+0000][6][gc,metaspace] GC(131) Metaspace: 118089K(119744K)->118089K(119744K) NonClass: 103171K(104128K)->103171K(104128K) Class: 14917K(15616K)->14917K(15616K)
[2025-12-03T15:38:24.382+0000][6][gc          ] GC(131) Pause Young (Normal) (G1 Evacuation Pause) 410M->146M(512M) 10.827ms
[2025-12-03T15:38:24.382+0000][6][gc,cpu      ] GC(131) User=0.06s Sys=0.00s Real=0.01s
[2025-12-03T15:38:24.382+0000][6][safepoint   ] Safepoint "G1CollectForAllocation", Time since last: 11749164798 ns, Reaching safepoint: 189541 ns, At safepoint: 11149042 ns, Total: 11338583 ns
[2025-12-03T15:38:30.390+0000][6][safepoint   ] Safepoint "Cleanup", Time since last: 6007685878 ns, Reaching safepoint: 183708 ns, At safepoint: 14042 ns, Total: 197750 ns
[2025-12-03T15:38:31.385+0000][6][safepoint   ] Safepoint "Cleanup", Time since last: 1000865666 ns, Reaching safepoint: 387917 ns, At safepoint: 14000 ns, Total: 401917 ns
[2025-12-03T15:38:51.418+0000][6][safepoint   ] Safepoint "Cleanup", Time since last: 20032379759 ns, Reaching safepoint: 451584 ns, At safepoint: 10958 ns, Total: 462542 ns
[2025-12-03T15:39:00.429+0000][6][safepoint   ] Safepoint "Cleanup", Time since last: 9010642379 ns, Reaching safepoint: 756500 ns, At safepoint: 45917 ns, Total: 802417 ns
[2025-12-03T15:39:09.422+0000][6][gc,start    ] GC(132) Pause Young (Normal) (G1 Evacuation Pause)
[2025-12-03T15:39:09.422+0000][6][gc,task     ] GC(132) Using 8 workers of 8 for evacuation
[2025-12-03T15:39:09.422+0000][6][gc,age      ] GC(132) Desired survivor size 18874368 bytes, new threshold 15 (max threshold 15)
[2025-12-03T15:39:09.432+0000][6][gc,age      ] GC(132) Age table with threshold 15 (max threshold 15)
[2025-12-03T15:39:09.432+0000][6][gc,age      ] GC(132) - age   1:    3138672 bytes,    3138672 total
[2025-12-03T15:39:09.432+0000][6][gc,age      ] GC(132) - age   2:     214400 bytes,    3353072 total
[2025-12-03T15:39:09.432+0000][6][gc,age      ] GC(132) - age   3:     511264 bytes,    3864336 total
[2025-12-03T15:39:09.432+0000][6][gc,age      ] GC(132) - age   4:      10296 bytes,    3874632 total
[2025-12-03T15:39:09.432+0000][6][gc,age      ] GC(132) - age   5:      46136 bytes,    3920768 total
[2025-12-03T15:39:09.432+0000][6][gc,age      ] GC(132) - age   6:     261096 bytes,    4181864 total
[2025-12-03T15:39:09.432+0000][6][gc,age      ] GC(132) - age   7:     326024 bytes,    4507888 total
[2025-12-03T15:39:09.432+0000][6][gc,age      ] GC(132) - age   8:    1306048 bytes,    5813936 total
[2025-12-03T15:39:09.432+0000][6][gc,age      ] GC(132) - age   9:      45152 bytes,    5859088 total
[2025-12-03T15:39:09.432+0000][6][gc,age      ] GC(132) - age  10:     413280 bytes,    6272368 total
[2025-12-03T15:39:09.432+0000][6][gc,age      ] GC(132) - age  11:      11712 bytes,    6284080 total
[2025-12-03T15:39:09.432+0000][6][gc,age      ] GC(132) - age  12:       9216 bytes,    6293296 total
[2025-12-03T15:39:09.432+0000][6][gc,age      ] GC(132) - age  13:      12152 bytes,    6305448 total
[2025-12-03T15:39:09.433+0000][6][gc,age      ] GC(132) - age  14:      19352 bytes,    6324800 total
[2025-12-03T15:39:09.433+0000][6][gc,age      ] GC(132) - age  15:      82680 bytes,    6407480 total
[2025-12-03T15:39:09.433+0000][6][gc,phases   ] GC(132)   Pre Evacuate Collection Set: 0.3ms
[2025-12-03T15:39:09.433+0000][6][gc,phases   ] GC(132)   Merge Heap Roots: 0.2ms
[2025-12-03T15:39:09.433+0000][6][gc,phases   ] GC(132)   Evacuate Collection Set: 7.0ms
[2025-12-03T15:39:09.433+0000][6][gc,phases   ] GC(132)   Post Evacuate Collection Set: 2.1ms
[2025-12-03T15:39:09.433+0000][6][gc,phases   ] GC(132)   Other: 1.3ms
[2025-12-03T15:39:09.433+0000][6][gc,heap     ] GC(132) Eden regions: 67->0(66)
[2025-12-03T15:39:09.433+0000][6][gc,heap     ] GC(132) Survivor regions: 2->2(9)
[2025-12-03T15:39:09.433+0000][6][gc,heap     ] GC(132) Old regions: 33->33
[2025-12-03T15:39:09.433+0000][6][gc,heap     ] GC(132) Archive regions: 2->2
[2025-12-03T15:39:09.433+0000][6][gc,heap     ] GC(132) Humongous regions: 2->2
[2025-12-03T15:39:09.433+0000][6][gc,metaspace] GC(132) Metaspace: 118092K(119744K)->118092K(119744K) NonClass: 103173K(104128K)->103173K(104128K) Class: 14918K(15616K)->14918K(15616K)
[2025-12-03T15:39:09.433+0000][6][gc          ] GC(132) Pause Young (Normal) (G1 Evacuation Pause) 414M->147M(512M) 11.228ms
[2025-12-03T15:39:09.433+0000][6][gc,cpu      ] GC(132) User=0.05s Sys=0.00s Real=0.01s
[2025-12-03T15:39:09.433+0000][6][safepoint   ] Safepoint "G1CollectForAllocation", Time since last: 8984859961 ns, Reaching safepoint: 49667 ns, At safepoint: 11436875 ns, Total: 11486542 ns
[2025-12-03T15:39:10.434+0000][6][safepoint   ] Safepoint "Cleanup", Time since last: 1000795751 ns, Reaching safepoint: 137125 ns, At safepoint: 5000 ns, Total: 142125 ns
[2025-12-03T15:39:32.525+0000][6][safepoint   ] Safepoint "Cleanup", Time since last: 22088682884 ns, Reaching safepoint: 938625 ns, At safepoint: 55083 ns, Total: 993708 ns
[2025-12-03T15:39:37.532+0000][6][safepoint   ] Safepoint "Cleanup", Time since last: 5006659836 ns, Reaching safepoint: 76125 ns, At safepoint: 3250 ns, Total: 79375 ns
[2025-12-03T15:39:51.555+0000][6][safepoint   ] Safepoint "Cleanup", Time since last: 14022734799 ns, Reaching safepoint: 190708 ns, At safepoint: 10208 ns, Total: 200916 ns
[2025-12-03T15:39:52.555+0000][6][safepoint   ] Safepoint "Cleanup", Time since last: 1000496084 ns, Reaching safepoint: 68000 ns, At safepoint: 3375 ns, Total: 71375 ns
[2025-12-03T15:39:59.576+0000][6][safepoint   ] Safepoint "Cleanup", Time since last: 7008892420 ns, Reaching safepoint: 11881542 ns, At safepoint: 24125 ns, Total: 11905667 ns
[2025-12-03T15:40:00.579+0000][6][safepoint   ] Safepoint "Cleanup", Time since last: 1001924917 ns, Reaching safepoint: 59375 ns, At safepoint: 3583 ns, Total: 62958 ns
[2025-12-03T15:40:01.242+0000][6][gc,start    ] GC(133) Pause Young (Normal) (G1 Evacuation Pause)
[2025-12-03T15:40:01.242+0000][6][gc,task     ] GC(133) Using 8 workers of 8 for evacuation
[2025-12-03T15:40:01.242+0000][6][gc,age      ] GC(133) Desired survivor size 18874368 bytes, new threshold 15 (max threshold 15)
[2025-12-03T15:40:01.253+0000][6][gc,age      ] GC(133) Age table with threshold 15 (max threshold 15)
[2025-12-03T15:40:01.253+0000][6][gc,age      ] GC(133) - age   1:    2637152 bytes,    2637152 total
[2025-12-03T15:40:01.253+0000][6][gc,age      ] GC(133) - age   2:     389640 bytes,    3026792 total
[2025-12-03T15:40:01.253+0000][6][gc,age      ] GC(133) - age   3:      44264 bytes,    3071056 total
[2025-12-03T15:40:01.253+0000][6][gc,age      ] GC(133) - age   4:      12400 bytes,    3083456 total
[2025-12-03T15:40:01.254+0000][6][gc,age      ] GC(133) - age   5:       9912 bytes,    3093368 total
[2025-12-03T15:40:01.254+0000][6][gc,age      ] GC(133) - age   6:      45912 bytes,    3139280 total
[2025-12-03T15:40:01.254+0000][6][gc,age      ] GC(133) - age   7:     261096 bytes,    3400376 total
[2025-12-03T15:40:01.254+0000][6][gc,age      ] GC(133) - age   8:     325992 bytes,    3726368 total
[2025-12-03T15:40:01.254+0000][6][gc,age      ] GC(133) - age   9:    1306048 bytes,    5032416 total
[2025-12-03T15:40:01.254+0000][6][gc,age      ] GC(133) - age  10:      45152 bytes,    5077568 total
[2025-12-03T15:40:01.255+0000][6][gc,age      ] GC(133) - age  11:     413216 bytes,    5490784 total
[2025-12-03T15:40:01.255+0000][6][gc,age      ] GC(133) - age  12:      11712 bytes,    5502496 total
[2025-12-03T15:40:01.255+0000][6][gc,age      ] GC(133) - age  13:       9216 bytes,    5511712 total
[2025-12-03T15:40:01.255+0000][6][gc,age      ] GC(133) - age  14:      12152 bytes,    5523864 total
[2025-12-03T15:40:01.255+0000][6][gc,age      ] GC(133) - age  15:      19352 bytes,    5543216 total
[2025-12-03T15:40:01.255+0000][6][gc,phases   ] GC(133)   Pre Evacuate Collection Set: 0.4ms
[2025-12-03T15:40:01.255+0000][6][gc,phases   ] GC(133)   Merge Heap Roots: 0.2ms
[2025-12-03T15:40:01.256+0000][6][gc,phases   ] GC(133)   Evacuate Collection Set: 7.6ms
[2025-12-03T15:40:01.256+0000][6][gc,phases   ] GC(133)   Post Evacuate Collection Set: 2.2ms
[2025-12-03T15:40:01.256+0000][6][gc,phases   ] GC(133)   Other: 3.4ms
[2025-12-03T15:40:01.256+0000][6][gc,heap     ] GC(133) Eden regions: 66->0(66)
[2025-12-03T15:40:01.256+0000][6][gc,heap     ] GC(133) Survivor regions: 2->2(9)
[2025-12-03T15:40:01.256+0000][6][gc,heap     ] GC(133) Old regions: 33->33
[2025-12-03T15:40:01.256+0000][6][gc,heap     ] GC(133) Archive regions: 2->2
[2025-12-03T15:40:01.256+0000][6][gc,heap     ] GC(133) Humongous regions: 2->2
[2025-12-03T15:40:01.257+0000][6][gc,metaspace] GC(133) Metaspace: 118095K(119744K)->118095K(119744K) NonClass: 103176K(104128K)->103176K(104128K) Class: 14918K(15616K)->14918K(15616K)
[2025-12-03T15:40:01.257+0000][6][gc          ] GC(133) Pause Young (Normal) (G1 Evacuation Pause) 411M->147M(512M) 15.002ms
[2025-12-03T15:40:01.257+0000][6][gc,cpu      ] GC(133) User=0.04s Sys=0.00s Real=0.01s
[2025-12-03T15:40:01.257+0000][6][safepoint   ] Safepoint "G1CollectForAllocation", Time since last: 662656667 ns, Reaching safepoint: 86917 ns, At safepoint: 15315875 ns, Total: 15402792 ns
[2025-12-03T15:40:10.283+0000][6][safepoint   ] Safepoint "Cleanup", Time since last: 9025968462 ns, Reaching safepoint: 386250 ns, At safepoint: 8917 ns, Total: 395167 ns
[2025-12-03T15:40:16.293+0000][6][safepoint   ] Safepoint "Cleanup", Time since last: 6009798919 ns, Reaching safepoint: 336459 ns, At safepoint: 26083 ns, Total: 362542 ns
[2025-12-03T15:40:37.344+0000][6][safepoint   ] Safepoint "Cleanup", Time since last: 21049463842 ns, Reaching safepoint: 398375 ns, At safepoint: 28709 ns, Total: 427084 ns
[2025-12-03T15:40:42.447+0000][6][gc,start    ] GC(134) Pause Young (Normal) (G1 Evacuation Pause)
[2025-12-03T15:40:42.447+0000][6][gc,task     ] GC(134) Using 8 workers of 8 for evacuation
[2025-12-03T15:40:42.447+0000][6][gc,age      ] GC(134) Desired survivor size 18874368 bytes, new threshold 15 (max threshold 15)
[2025-12-03T15:40:42.458+0000][6][gc,age      ] GC(134) Age table with threshold 15 (max threshold 15)
[2025-12-03T15:40:42.458+0000][6][gc,age      ] GC(134) - age   1:    2086088 bytes,    2086088 total
[2025-12-03T15:40:42.458+0000][6][gc,age      ] GC(134) - age   2:     588688 bytes,    2674776 total
[2025-12-03T15:40:42.458+0000][6][gc,age      ] GC(134) - age   3:     381192 bytes,    3055968 total
[2025-12-03T15:40:42.458+0000][6][gc,age      ] GC(134) - age   4:      42680 bytes,    3098648 total
[2025-12-03T15:40:42.458+0000][6][gc,age      ] GC(134) - age   5:      11552 bytes,    3110200 total
[2025-12-03T15:40:42.458+0000][6][gc,age      ] GC(134) - age   6:       9784 bytes,    3119984 total
[2025-12-03T15:40:42.458+0000][6][gc,age      ] GC(134) - age   7:      45720 bytes,    3165704 total
[2025-12-03T15:40:42.458+0000][6][gc,age      ] GC(134) - age   8:     260920 bytes,    3426624 total
[2025-12-03T15:40:42.458+0000][6][gc,age      ] GC(134) - age   9:     325992 bytes,    3752616 total
[2025-12-03T15:40:42.459+0000][6][gc,age      ] GC(134) - age  10:    1306048 bytes,    5058664 total
[2025-12-03T15:40:42.459+0000][6][gc,age      ] GC(134) - age  11:      45088 bytes,    5103752 total
[2025-12-03T15:40:42.459+0000][6][gc,age      ] GC(134) - age  12:     413184 bytes,    5516936 total
[2025-12-03T15:40:42.459+0000][6][gc,age      ] GC(134) - age  13:      11520 bytes,    5528456 total
[2025-12-03T15:40:42.459+0000][6][gc,age      ] GC(134) - age  14:       7680 bytes,    5536136 total
[2025-12-03T15:40:42.459+0000][6][gc,age      ] GC(134) - age  15:      12152 bytes,    5548288 total
[2025-12-03T15:40:42.459+0000][6][gc,phases   ] GC(134)   Pre Evacuate Collection Set: 0.4ms
[2025-12-03T15:40:42.459+0000][6][gc,phases   ] GC(134)   Merge Heap Roots: 0.2ms
[2025-12-03T15:40:42.459+0000][6][gc,phases   ] GC(134)   Evacuate Collection Set: 8.1ms
[2025-12-03T15:40:42.459+0000][6][gc,phases   ] GC(134)   Post Evacuate Collection Set: 2.1ms
[2025-12-03T15:40:42.459+0000][6][gc,phases   ] GC(134)   Other: 1.8ms
[2025-12-03T15:40:42.459+0000][6][gc,heap     ] GC(134) Eden regions: 66->0(66)
[2025-12-03T15:40:42.459+0000][6][gc,heap     ] GC(134) Survivor regions: 2->2(9)
[2025-12-03T15:40:42.459+0000][6][gc,heap     ] GC(134) Old regions: 33->33
[2025-12-03T15:40:42.459+0000][6][gc,heap     ] GC(134) Archive regions: 2->2
[2025-12-03T15:40:42.459+0000][6][gc,heap     ] GC(134) Humongous regions: 2->2
[2025-12-03T15:40:42.460+0000][6][gc,metaspace] GC(134) Metaspace: 118118K(119808K)->118118K(119808K) NonClass: 103197K(104192K)->103197K(104192K) Class: 14920K(15616K)->14920K(15616K)
[2025-12-03T15:40:42.460+0000][6][gc          ] GC(134) Pause Young (Normal) (G1 Evacuation Pause) 411M->147M(512M) 13.012ms
[2025-12-03T15:40:42.460+0000][6][gc,cpu      ] GC(134) User=0.07s Sys=0.00s Real=0.01s
[2025-12-03T15:40:42.460+0000][6][safepoint   ] Safepoint "G1CollectForAllocation", Time since last: 5101873294 ns, Reaching safepoint: 87750 ns, At safepoint: 13327000 ns, Total: 13414750 ns
[2025-12-03T15:40:51.480+0000][6][safepoint   ] Safepoint "Cleanup", Time since last: 9019474004 ns, Reaching safepoint: 740250 ns, At safepoint: 25042 ns, Total: 765292 ns
[2025-12-03T15:40:52.482+0000][6][safepoint   ] Safepoint "Cleanup", Time since last: 1001289292 ns, Reaching safepoint: 325125 ns, At safepoint: 18083 ns, Total: 343208 ns
[2025-12-03T15:41:04.554+0000][6][safepoint   ] Safepoint "Cleanup", Time since last: 12071466547 ns, Reaching safepoint: 444625 ns, At safepoint: 26250 ns, Total: 470875 ns
[2025-12-03T15:41:24.490+0000][6][gc,start    ] GC(135) Pause Young (Normal) (G1 Evacuation Pause)
[2025-12-03T15:41:24.491+0000][6][gc,task     ] GC(135) Using 8 workers of 8 for evacuation
[2025-12-03T15:41:24.491+0000][6][gc,age      ] GC(135) Desired survivor size 18874368 bytes, new threshold 15 (max threshold 15)
[2025-12-03T15:41:24.564+0000][6][gc,age      ] GC(135) Age table with threshold 15 (max threshold 15)
[2025-12-03T15:41:24.564+0000][6][gc,age      ] GC(135) - age   1:    5709192 bytes,    5709192 total
[2025-12-03T15:41:24.564+0000][6][gc,age      ] GC(135) - age   2:      17544 bytes,    5726736 total
[2025-12-03T15:41:24.564+0000][6][gc,age      ] GC(135) - age   3:     582632 bytes,    6309368 total
[2025-12-03T15:41:24.564+0000][6][gc,age      ] GC(135) - age   4:     379400 bytes,    6688768 total
[2025-12-03T15:41:24.565+0000][6][gc,age      ] GC(135) - age   5:      42552 bytes,    6731320 total
[2025-12-03T15:41:24.565+0000][6][gc,age      ] GC(135) - age   6:      11520 bytes,    6742840 total
[2025-12-03T15:41:24.565+0000][6][gc,age      ] GC(135) - age   7:       9720 bytes,    6752560 total
[2025-12-03T15:41:24.565+0000][6][gc,age      ] GC(135) - age   8:      45720 bytes,    6798280 total
[2025-12-03T15:41:24.565+0000][6][gc,age      ] GC(135) - age   9:     260856 bytes,    7059136 total
[2025-12-03T15:41:24.565+0000][6][gc,age      ] GC(135) - age  10:     325992 bytes,    7385128 total
[2025-12-03T15:41:24.565+0000][6][gc,age      ] GC(135) - age  11:    1306048 bytes,    8691176 total
[2025-12-03T15:41:24.565+0000][6][gc,age      ] GC(135) - age  12:      45024 bytes,    8736200 total
[2025-12-03T15:41:24.565+0000][6][gc,age      ] GC(135) - age  13:     110080 bytes,    8846280 total
[2025-12-03T15:41:24.565+0000][6][gc,age      ] GC(135) - age  14:      11520 bytes,    8857800 total
[2025-12-03T15:41:24.565+0000][6][gc,age      ] GC(135) - age  15:       7680 bytes,    8865480 total
[2025-12-03T15:41:24.565+0000][6][gc,phases   ] GC(135)   Pre Evacuate Collection Set: 0.3ms
[2025-12-03T15:41:24.566+0000][6][gc,phases   ] GC(135)   Merge Heap Roots: 0.1ms
[2025-12-03T15:41:24.566+0000][6][gc,phases   ] GC(135)   Evacuate Collection Set: 70.2ms
[2025-12-03T15:41:24.566+0000][6][gc,phases   ] GC(135)   Post Evacuate Collection Set: 2.4ms
[2025-12-03T15:41:24.566+0000][6][gc,phases   ] GC(135)   Other: 2.4ms
[2025-12-03T15:41:24.566+0000][6][gc,heap     ] GC(135) Eden regions: 66->0(65)
[2025-12-03T15:41:24.566+0000][6][gc,heap     ] GC(135) Survivor regions: 2->3(9)
[2025-12-03T15:41:24.566+0000][6][gc,heap     ] GC(135) Old regions: 33->33
[2025-12-03T15:41:24.566+0000][6][gc,heap     ] GC(135) Archive regions: 2->2
[2025-12-03T15:41:24.566+0000][6][gc,heap     ] GC(135) Humongous regions: 2->2
[2025-12-03T15:41:24.566+0000][6][gc,metaspace] GC(135) Metaspace: 118119K(119808K)->118119K(119808K) NonClass: 103197K(104192K)->103197K(104192K) Class: 14921K(15616K)->14921K(15616K)
[2025-12-03T15:41:24.566+0000][6][gc          ] GC(135) Pause Young (Normal) (G1 Evacuation Pause) 411M->150M(512M) 75.819ms
[2025-12-03T15:41:24.566+0000][6][gc,cpu      ] GC(135) User=0.49s Sys=0.03s Real=0.08s
[2025-12-03T15:41:24.566+0000][6][safepoint   ] Safepoint "G1CollectForAllocation", Time since last: 19935552093 ns, Reaching safepoint: 474792 ns, At safepoint: 76372083 ns, Total: 76846875 ns
[2025-12-03T15:41:55.686+0000][6][safepoint   ] Safepoint "Cleanup", Time since last: 31123787806 ns, Reaching safepoint: 856167 ns, At safepoint: 32750 ns, Total: 888917 ns
[2025-12-03T15:42:00.690+0000][6][safepoint   ] Safepoint "Cleanup", Time since last: 5008338960 ns, Reaching safepoint: 44459 ns, At safepoint: 3125 ns, Total: 47584 ns
[2025-12-03T15:42:03.470+0000][6][gc,start    ] GC(136) Pause Young (Normal) (G1 Evacuation Pause)
[2025-12-03T15:42:03.470+0000][6][gc,task     ] GC(136) Using 8 workers of 8 for evacuation
[2025-12-03T15:42:03.471+0000][6][gc,age      ] GC(136) Desired survivor size 18874368 bytes, new threshold 15 (max threshold 15)
[2025-12-03T15:42:03.486+0000][6][gc,age      ] GC(136) Age table with threshold 15 (max threshold 15)
[2025-12-03T15:42:03.487+0000][6][gc,age      ] GC(136) - age   1:    2416560 bytes,    2416560 total
[2025-12-03T15:42:03.487+0000][6][gc,age      ] GC(136) - age   2:    2457376 bytes,    4873936 total
[2025-12-03T15:42:03.487+0000][6][gc,age      ] GC(136) - age   3:      12968 bytes,    4886904 total
[2025-12-03T15:42:03.487+0000][6][gc,age      ] GC(136) - age   4:      83344 bytes,    4970248 total
[2025-12-03T15:42:03.487+0000][6][gc,age      ] GC(136) - age   5:     379176 bytes,    5349424 total
[2025-12-03T15:42:03.487+0000][6][gc,age      ] GC(136) - age   6:      42392 bytes,    5391816 total
[2025-12-03T15:42:03.487+0000][6][gc,age      ] GC(136) - age   7:      11296 bytes,    5403112 total
[2025-12-03T15:42:03.487+0000][6][gc,age      ] GC(136) - age   8:       9720 bytes,    5412832 total
[2025-12-03T15:42:03.487+0000][6][gc,age      ] GC(136) - age   9:      45720 bytes,    5458552 total
[2025-12-03T15:42:03.487+0000][6][gc,age      ] GC(136) - age  10:     260856 bytes,    5719408 total
[2025-12-03T15:42:03.487+0000][6][gc,age      ] GC(136) - age  11:     325992 bytes,    6045400 total
[2025-12-03T15:42:03.487+0000][6][gc,age      ] GC(136) - age  12:    1306048 bytes,    7351448 total
[2025-12-03T15:42:03.487+0000][6][gc,age      ] GC(136) - age  13:      45024 bytes,    7396472 total
[2025-12-03T15:42:03.487+0000][6][gc,age      ] GC(136) - age  14:     110080 bytes,    7506552 total
[2025-12-03T15:42:03.487+0000][6][gc,age      ] GC(136) - age  15:      11520 bytes,    7518072 total
[2025-12-03T15:42:03.488+0000][6][gc,phases   ] GC(136)   Pre Evacuate Collection Set: 0.4ms
[2025-12-03T15:42:03.488+0000][6][gc,phases   ] GC(136)   Merge Heap Roots: 0.2ms
[2025-12-03T15:42:03.488+0000][6][gc,phases   ] GC(136)   Evacuate Collection Set: 8.7ms
[2025-12-03T15:42:03.488+0000][6][gc,phases   ] GC(136)   Post Evacuate Collection Set: 6.4ms
[2025-12-03T15:42:03.488+0000][6][gc,phases   ] GC(136)   Other: 2.1ms
[2025-12-03T15:42:03.488+0000][6][gc,heap     ] GC(136) Eden regions: 65->0(66)
[2025-12-03T15:42:03.488+0000][6][gc,heap     ] GC(136) Survivor regions: 3->2(9)
[2025-12-03T15:42:03.488+0000][6][gc,heap     ] GC(136) Old regions: 33->33
[2025-12-03T15:42:03.488+0000][6][gc,heap     ] GC(136) Archive regions: 2->2
[2025-12-03T15:42:03.488+0000][6][gc,heap     ] GC(136) Humongous regions: 2->2
[2025-12-03T15:42:03.488+0000][6][gc,metaspace] GC(136) Metaspace: 118122K(119808K)->118122K(119808K) NonClass: 103200K(104192K)->103200K(104192K) Class: 14921K(15616K)->14921K(15616K)
[2025-12-03T15:42:03.488+0000][6][gc          ] GC(136) Pause Young (Normal) (G1 Evacuation Pause) 410M->148M(512M) 18.480ms
[2025-12-03T15:42:03.489+0000][6][gc,cpu      ] GC(136) User=0.09s Sys=0.00s Real=0.02s
[2025-12-03T15:42:03.489+0000][6][safepoint   ] Safepoint "G1CollectForAllocation", Time since last: 2780096376 ns, Reaching safepoint: 87458 ns, At safepoint: 18847542 ns, Total: 18935000 ns
[2025-12-03T15:42:15.501+0000][6][safepoint   ] Safepoint "Cleanup", Time since last: 12012289297 ns, Reaching safepoint: 228209 ns, At safepoint: 19541 ns, Total: 247750 ns
[2025-12-03T15:42:19.507+0000][6][safepoint   ] Safepoint "Cleanup", Time since last: 4005556461 ns, Reaching safepoint: 256416 ns, At safepoint: 22959 ns, Total: 279375 ns
[2025-12-03T15:42:32.528+0000][6][safepoint   ] Safepoint "Cleanup", Time since last: 13019768838 ns, Reaching safepoint: 593333 ns, At safepoint: 38250 ns, Total: 631583 ns
[2025-12-03T15:42:43.430+0000][6][gc,start    ] GC(137) Pause Young (Normal) (G1 Evacuation Pause)
[2025-12-03T15:42:43.430+0000][6][gc,task     ] GC(137) Using 8 workers of 8 for evacuation
[2025-12-03T15:42:43.431+0000][6][gc,age      ] GC(137) Desired survivor size 18874368 bytes, new threshold 15 (max threshold 15)
[2025-12-03T15:42:43.444+0000][6][gc,age      ] GC(137) Age table with threshold 15 (max threshold 15)
[2025-12-03T15:42:43.444+0000][6][gc,age      ] GC(137) - age   1:    1877968 bytes,    1877968 total
[2025-12-03T15:42:43.444+0000][6][gc,age      ] GC(137) - age   2:     512144 bytes,    2390112 total
[2025-12-03T15:42:43.444+0000][6][gc,age      ] GC(137) - age   3:    2450824 bytes,    4840936 total
[2025-12-03T15:42:43.444+0000][6][gc,age      ] GC(137) - age   4:      11784 bytes,    4852720 total
[2025-12-03T15:42:43.444+0000][6][gc,age      ] GC(137) - age   5:      83152 bytes,    4935872 total
[2025-12-03T15:42:43.444+0000][6][gc,age      ] GC(137) - age   6:     378984 bytes,    5314856 total
[2025-12-03T15:42:43.444+0000][6][gc,age      ] GC(137) - age   7:      42392 bytes,    5357248 total
[2025-12-03T15:42:43.444+0000][6][gc,age      ] GC(137) - age   8:      11296 bytes,    5368544 total
[2025-12-03T15:42:43.444+0000][6][gc,age      ] GC(137) - age   9:       9720 bytes,    5378264 total
[2025-12-03T15:42:43.444+0000][6][gc,age      ] GC(137) - age  10:      45720 bytes,    5423984 total
[2025-12-03T15:42:43.445+0000][6][gc,age      ] GC(137) - age  11:     260856 bytes,    5684840 total
[2025-12-03T15:42:43.445+0000][6][gc,age      ] GC(137) - age  12:     325792 bytes,    6010632 total
[2025-12-03T15:42:43.445+0000][6][gc,age      ] GC(137) - age  13:    1306048 bytes,    7316680 total
[2025-12-03T15:42:43.445+0000][6][gc,age      ] GC(137) - age  14:      45024 bytes,    7361704 total
[2025-12-03T15:42:43.445+0000][6][gc,age      ] GC(137) - age  15:     110080 bytes,    7471784 total
[2025-12-03T15:42:43.445+0000][6][gc,phases   ] GC(137)   Pre Evacuate Collection Set: 0.4ms
[2025-12-03T15:42:43.445+0000][6][gc,phases   ] GC(137)   Merge Heap Roots: 0.2ms
[2025-12-03T15:42:43.445+0000][6][gc,phases   ] GC(137)   Evacuate Collection Set: 10.1ms
[2025-12-03T15:42:43.445+0000][6][gc,phases   ] GC(137)   Post Evacuate Collection Set: 2.3ms
[2025-12-03T15:42:43.445+0000][6][gc,phases   ] GC(137)   Other: 2.3ms
[2025-12-03T15:42:43.445+0000][6][gc,heap     ] GC(137) Eden regions: 66->0(66)
[2025-12-03T15:42:43.445+0000][6][gc,heap     ] GC(137) Survivor regions: 2->2(9)
[2025-12-03T15:42:43.445+0000][6][gc,heap     ] GC(137) Old regions: 33->33
[2025-12-03T15:42:43.445+0000][6][gc,heap     ] GC(137) Archive regions: 2->2
[2025-12-03T15:42:43.445+0000][6][gc,heap     ] GC(137) Humongous regions: 2->2
[2025-12-03T15:42:43.445+0000][6][gc,metaspace] GC(137) Metaspace: 118122K(119808K)->118122K(119808K) NonClass: 103200K(104192K)->103200K(104192K) Class: 14921K(15616K)->14921K(15616K)
[2025-12-03T15:42:43.446+0000][6][gc          ] GC(137) Pause Young (Normal) (G1 Evacuation Pause) 412M->149M(512M) 15.886ms
[2025-12-03T15:42:43.446+0000][6][gc,cpu      ] GC(137) User=0.06s Sys=0.00s Real=0.02s
[2025-12-03T15:42:43.446+0000][6][safepoint   ] Safepoint "G1CollectForAllocation", Time since last: 10901617506 ns, Reaching safepoint: 264208 ns, At safepoint: 16169625 ns, Total: 16433833 ns
[2025-12-03T15:43:08.493+0000][6][safepoint   ] Safepoint "Cleanup", Time since last: 25046447594 ns, Reaching safepoint: 391084 ns, At safepoint: 29750 ns, Total: 420834 ns
[2025-12-03T15:43:24.673+0000][6][gc,start    ] GC(138) Pause Young (Normal) (G1 Evacuation Pause)
[2025-12-03T15:43:24.673+0000][6][gc,task     ] GC(138) Using 8 workers of 8 for evacuation
[2025-12-03T15:43:24.674+0000][6][gc,age      ] GC(138) Desired survivor size 18874368 bytes, new threshold 15 (max threshold 15)
[2025-12-03T15:43:24.681+0000][6][gc,age      ] GC(138) Age table with threshold 15 (max threshold 15)
[2025-12-03T15:43:24.681+0000][6][gc,age      ] GC(138) - age   1:    3261192 bytes,    3261192 total
[2025-12-03T15:43:24.681+0000][6][gc,age      ] GC(138) - age   2:      13656 bytes,    3274848 total
[2025-12-03T15:43:24.681+0000][6][gc,age      ] GC(138) - age   3:     508800 bytes,    3783648 total
[2025-12-03T15:43:24.681+0000][6][gc,age      ] GC(138) - age   4:    2449536 bytes,    6233184 total
[2025-12-03T15:43:24.682+0000][6][gc,age      ] GC(138) - age   5:      11432 bytes,    6244616 total
[2025-12-03T15:43:24.682+0000][6][gc,age      ] GC(138) - age   6:      83152 bytes,    6327768 total
[2025-12-03T15:43:24.682+0000][6][gc,age      ] GC(138) - age   7:     378984 bytes,    6706752 total
[2025-12-03T15:43:24.682+0000][6][gc,age      ] GC(138) - age   8:      42008 bytes,    6748760 total
[2025-12-03T15:43:24.682+0000][6][gc,age      ] GC(138) - age   9:      11296 bytes,    6760056 total
[2025-12-03T15:43:24.682+0000][6][gc,age      ] GC(138) - age  10:       9720 bytes,    6769776 total
[2025-12-03T15:43:24.682+0000][6][gc,age      ] GC(138) - age  11:      45720 bytes,    6815496 total
[2025-12-03T15:43:24.682+0000][6][gc,age      ] GC(138) - age  12:     260856 bytes,    7076352 total
[2025-12-03T15:43:24.682+0000][6][gc,age      ] GC(138) - age  13:     325792 bytes,    7402144 total
[2025-12-03T15:43:24.682+0000][6][gc,age      ] GC(138) - age  14:    1028512 bytes,    8430656 total
[2025-12-03T15:43:24.682+0000][6][gc,age      ] GC(138) - age  15:      45024 bytes,    8475680 total
[2025-12-03T15:43:24.682+0000][6][gc,phases   ] GC(138)   Pre Evacuate Collection Set: 0.2ms
[2025-12-03T15:43:24.682+0000][6][gc,phases   ] GC(138)   Merge Heap Roots: 0.1ms
[2025-12-03T15:43:24.682+0000][6][gc,phases   ] GC(138)   Evacuate Collection Set: 5.5ms
[2025-12-03T15:43:24.682+0000][6][gc,phases   ] GC(138)   Post Evacuate Collection Set: 1.8ms
[2025-12-03T15:43:24.682+0000][6][gc,phases   ] GC(138)   Other: 1.6ms
[2025-12-03T15:43:24.682+0000][6][gc,heap     ] GC(138) Eden regions: 66->0(65)
[2025-12-03T15:43:24.682+0000][6][gc,heap     ] GC(138) Survivor regions: 2->3(9)
[2025-12-03T15:43:24.682+0000][6][gc,heap     ] GC(138) Old regions: 33->33
[2025-12-03T15:43:24.682+0000][6][gc,heap     ] GC(138) Archive regions: 2->2
[2025-12-03T15:43:24.682+0000][6][gc,heap     ] GC(138) Humongous regions: 2->2
[2025-12-03T15:43:24.682+0000][6][gc,metaspace] GC(138) Metaspace: 118123K(119808K)->118123K(119808K) NonClass: 103201K(104192K)->103201K(104192K) Class: 14921K(15616K)->14921K(15616K)
[2025-12-03T15:43:24.682+0000][6][gc          ] GC(138) Pause Young (Normal) (G1 Evacuation Pause) 413M->150M(512M) 9.614ms
[2025-12-03T15:43:24.683+0000][6][gc,cpu      ] GC(138) User=0.05s Sys=0.00s Real=0.01s
[2025-12-03T15:43:24.683+0000][6][safepoint   ] Safepoint "G1CollectForAllocation", Time since last: 16179597632 ns, Reaching safepoint: 90334 ns, At safepoint: 9781125 ns, Total: 9871459 ns
[2025-12-03T15:43:33.699+0000][6][safepoint   ] Safepoint "Cleanup", Time since last: 9015212212 ns, Reaching safepoint: 403292 ns, At safepoint: 30000 ns, Total: 433292 ns
[2025-12-03T15:43:34.702+0000][6][safepoint   ] Safepoint "Cleanup", Time since last: 1002179042 ns, Reaching safepoint: 301667 ns, At safepoint: 11500 ns, Total: 313167 ns
[2025-12-03T15:43:37.714+0000][6][safepoint   ] Safepoint "Cleanup", Time since last: 3011927584 ns, Reaching safepoint: 153125 ns, At safepoint: 22917 ns, Total: 176042 ns
[2025-12-03T15:44:06.874+0000][6][gc,start    ] GC(139) Pause Young (Normal) (G1 Evacuation Pause)
[2025-12-03T15:44:06.875+0000][6][gc,task     ] GC(139) Using 8 workers of 8 for evacuation
[2025-12-03T15:44:06.875+0000][6][gc,age      ] GC(139) Desired survivor size 18874368 bytes, new threshold 15 (max threshold 15)
[2025-12-03T15:44:06.904+0000][6][gc,age      ] GC(139) Age table with threshold 15 (max threshold 15)
[2025-12-03T15:44:06.904+0000][6][gc,age      ] GC(139) - age   1:    2517376 bytes,    2517376 total
[2025-12-03T15:44:06.904+0000][6][gc,age      ] GC(139) - age   2:     394056 bytes,    2911432 total
[2025-12-03T15:44:06.904+0000][6][gc,age      ] GC(139) - age   3:       9768 bytes,    2921200 total
[2025-12-03T15:44:06.904+0000][6][gc,age      ] GC(139) - age   4:     507792 bytes,    3428992 total
[2025-12-03T15:44:06.904+0000][6][gc,age      ] GC(139) - age   5:    2448840 bytes,    5877832 total
[2025-12-03T15:44:06.904+0000][6][gc,age      ] GC(139) - age   6:      11304 bytes,    5889136 total
[2025-12-03T15:44:06.904+0000][6][gc,age      ] GC(139) - age   7:      83152 bytes,    5972288 total
[2025-12-03T15:44:06.904+0000][6][gc,age      ] GC(139) - age   8:     378944 bytes,    6351232 total
[2025-12-03T15:44:06.904+0000][6][gc,age      ] GC(139) - age   9:      42008 bytes,    6393240 total
[2025-12-03T15:44:06.904+0000][6][gc,age      ] GC(139) - age  10:      11296 bytes,    6404536 total
[2025-12-03T15:44:06.904+0000][6][gc,age      ] GC(139) - age  11:       9720 bytes,    6414256 total
[2025-12-03T15:44:06.904+0000][6][gc,age      ] GC(139) - age  12:      45720 bytes,    6459976 total
[2025-12-03T15:44:06.904+0000][6][gc,age      ] GC(139) - age  13:     260832 bytes,    6720808 total
[2025-12-03T15:44:06.904+0000][6][gc,age      ] GC(139) - age  14:     166864 bytes,    6887672 total
[2025-12-03T15:44:06.904+0000][6][gc,age      ] GC(139) - age  15:      17152 bytes,    6904824 total
[2025-12-03T15:44:06.904+0000][6][gc,phases   ] GC(139)   Pre Evacuate Collection Set: 0.2ms
[2025-12-03T15:44:06.905+0000][6][gc,phases   ] GC(139)   Merge Heap Roots: 0.1ms
[2025-12-03T15:44:06.905+0000][6][gc,phases   ] GC(139)   Evacuate Collection Set: 19.1ms
[2025-12-03T15:44:06.905+0000][6][gc,phases   ] GC(139)   Post Evacuate Collection Set: 9.0ms
[2025-12-03T15:44:06.905+0000][6][gc,phases   ] GC(139)   Other: 1.8ms
[2025-12-03T15:44:06.905+0000][6][gc,heap     ] GC(139) Eden regions: 65->0(66)
[2025-12-03T15:44:06.905+0000][6][gc,heap     ] GC(139) Survivor regions: 3->2(9)
[2025-12-03T15:44:06.905+0000][6][gc,heap     ] GC(139) Old regions: 33->33
[2025-12-03T15:44:06.905+0000][6][gc,heap     ] GC(139) Archive regions: 2->2
[2025-12-03T15:44:06.905+0000][6][gc,heap     ] GC(139) Humongous regions: 2->2
[2025-12-03T15:44:06.905+0000][6][gc,metaspace] GC(139) Metaspace: 118124K(119808K)->118124K(119808K) NonClass: 103202K(104192K)->103202K(104192K) Class: 14921K(15616K)->14921K(15616K)
[2025-12-03T15:44:06.905+0000][6][gc          ] GC(139) Pause Young (Normal) (G1 Evacuation Pause) 409M->148M(512M) 30.696ms
[2025-12-03T15:44:06.905+0000][6][gc,cpu      ] GC(139) User=0.14s Sys=0.00s Real=0.04s
[2025-12-03T15:44:06.905+0000][6][safepoint   ] Safepoint "G1CollectForAllocation", Time since last: 29159233221 ns, Reaching safepoint: 336417 ns, At safepoint: 31034458 ns, Total: 31370875 ns
[2025-12-03T15:44:11.916+0000][6][safepoint   ] Safepoint "Cleanup", Time since last: 5011008044 ns, Reaching safepoint: 133209 ns, At safepoint: 22916 ns, Total: 156125 ns
[2025-12-03T15:44:18.926+0000][6][safepoint   ] Safepoint "Cleanup", Time since last: 7009233295 ns, Reaching safepoint: 244667 ns, At safepoint: 18208 ns, Total: 262875 ns
[2025-12-03T15:44:19.928+0000][6][safepoint   ] Safepoint "Cleanup", Time since last: 1001365042 ns, Reaching safepoint: 318125 ns, At safepoint: 15959 ns, Total: 334084 ns
[2025-12-03T15:44:21.933+0000][6][safepoint   ] Safepoint "Cleanup", Time since last: 2004714209 ns, Reaching safepoint: 289375 ns, At safepoint: 8708 ns, Total: 298083 ns
[2025-12-03T15:44:39.965+0000][6][safepoint   ] Safepoint "Cleanup", Time since last: 18032063300 ns, Reaching safepoint: 589541 ns, At safepoint: 30167 ns, Total: 619708 ns
[2025-12-03T15:44:48.698+0000][6][gc,start    ] GC(140) Pause Young (Normal) (G1 Evacuation Pause)
[2025-12-03T15:44:48.698+0000][6][gc,task     ] GC(140) Using 8 workers of 8 for evacuation
[2025-12-03T15:44:48.699+0000][6][gc,age      ] GC(140) Desired survivor size 18874368 bytes, new threshold 15 (max threshold 15)
[2025-12-03T15:44:48.709+0000][6][gc,age      ] GC(140) Age table with threshold 15 (max threshold 15)
[2025-12-03T15:44:48.709+0000][6][gc,age      ] GC(140) - age   1:    3408888 bytes,    3408888 total
[2025-12-03T15:44:48.710+0000][6][gc,age      ] GC(140) - age   2:    1344776 bytes,    4753664 total
[2025-12-03T15:44:48.710+0000][6][gc,age      ] GC(140) - age   3:     387728 bytes,    5141392 total
[2025-12-03T15:44:48.710+0000][6][gc,age      ] GC(140) - age   4:       8744 bytes,    5150136 total
[2025-12-03T15:44:48.710+0000][6][gc,age      ] GC(140) - age   5:       8424 bytes,    5158560 total
[2025-12-03T15:44:48.710+0000][6][gc,age      ] GC(140) - age   6:    2448648 bytes,    7607208 total
[2025-12-03T15:44:48.710+0000][6][gc,age      ] GC(140) - age   7:      11240 bytes,    7618448 total
[2025-12-03T15:44:48.710+0000][6][gc,age      ] GC(140) - age   8:      83152 bytes,    7701600 total
[2025-12-03T15:44:48.710+0000][6][gc,age      ] GC(140) - age   9:     378912 bytes,    8080512 total
[2025-12-03T15:44:48.710+0000][6][gc,age      ] GC(140) - age  10:      42008 bytes,    8122520 total
[2025-12-03T15:44:48.710+0000][6][gc,age      ] GC(140) - age  11:      11296 bytes,    8133816 total
[2025-12-03T15:44:48.710+0000][6][gc,age      ] GC(140) - age  12:       9720 bytes,    8143536 total
[2025-12-03T15:44:48.710+0000][6][gc,age      ] GC(140) - age  13:      45720 bytes,    8189256 total
[2025-12-03T15:44:48.710+0000][6][gc,age      ] GC(140) - age  14:     200896 bytes,    8390152 total
[2025-12-03T15:44:48.710+0000][6][gc,age      ] GC(140) - age  15:      12304 bytes,    8402456 total
[2025-12-03T15:44:48.710+0000][6][gc,phases   ] GC(140)   Pre Evacuate Collection Set: 0.4ms
[2025-12-03T15:44:48.710+0000][6][gc,phases   ] GC(140)   Merge Heap Roots: 0.4ms
[2025-12-03T15:44:48.710+0000][6][gc,phases   ] GC(140)   Evacuate Collection Set: 8.3ms
[2025-12-03T15:44:48.710+0000][6][gc,phases   ] GC(140)   Post Evacuate Collection Set: 1.7ms
[2025-12-03T15:44:48.710+0000][6][gc,phases   ] GC(140)   Other: 1.1ms
[2025-12-03T15:44:48.710+0000][6][gc,heap     ] GC(140) Eden regions: 66->0(65)
[2025-12-03T15:44:48.710+0000][6][gc,heap     ] GC(140) Survivor regions: 2->3(9)
[2025-12-03T15:44:48.710+0000][6][gc,heap     ] GC(140) Old regions: 33->33
[2025-12-03T15:44:48.710+0000][6][gc,heap     ] GC(140) Archive regions: 2->2
[2025-12-03T15:44:48.710+0000][6][gc,heap     ] GC(140) Humongous regions: 2->2
[2025-12-03T15:44:48.710+0000][6][gc,metaspace] GC(140) Metaspace: 118126K(119808K)->118126K(119808K) NonClass: 103204K(104192K)->103204K(104192K) Class: 14922K(15616K)->14922K(15616K)
[2025-12-03T15:44:48.711+0000][6][gc          ] GC(140) Pause Young (Normal) (G1 Evacuation Pause) 412M->150M(512M) 12.354ms
[2025-12-03T15:44:48.711+0000][6][gc,cpu      ] GC(140) User=0.06s Sys=0.00s Real=0.01s
[2025-12-03T15:44:48.711+0000][6][safepoint   ] Safepoint "G1CollectForAllocation", Time since last: 8732881588 ns, Reaching safepoint: 217833 ns, At safepoint: 12539083 ns, Total: 12756916 ns
[2025-12-03T15:44:57.728+0000][6][safepoint   ] Safepoint "Cleanup", Time since last: 9017064921 ns, Reaching safepoint: 420917 ns, At safepoint: 114916 ns, Total: 535833 ns
[2025-12-03T15:45:28.325+0000][6][gc,start    ] GC(141) Pause Young (Normal) (G1 Evacuation Pause)
[2025-12-03T15:45:28.326+0000][6][gc,task     ] GC(141) Using 8 workers of 8 for evacuation
[2025-12-03T15:45:28.327+0000][6][gc,age      ] GC(141) Desired survivor size 18874368 bytes, new threshold 15 (max threshold 15)
[2025-12-03T15:45:28.359+0000][6][gc,age      ] GC(141) Age table with threshold 15 (max threshold 15)
[2025-12-03T15:45:28.359+0000][6][gc,age      ] GC(141) - age   1:   11585440 bytes,   11585440 total
[2025-12-03T15:45:28.359+0000][6][gc,age      ] GC(141) - age   2:     759848 bytes,   12345288 total
[2025-12-03T15:45:28.359+0000][6][gc,age      ] GC(141) - age   3:    1341584 bytes,   13686872 total
[2025-12-03T15:45:28.359+0000][6][gc,age      ] GC(141) - age   4:     386608 bytes,   14073480 total
[2025-12-03T15:45:28.359+0000][6][gc,age      ] GC(141) - age   5:       8552 bytes,   14082032 total
[2025-12-03T15:45:28.359+0000][6][gc,age      ] GC(141) - age   6:       8424 bytes,   14090456 total
[2025-12-03T15:45:28.360+0000][6][gc,age      ] GC(141) - age   7:    2448648 bytes,   16539104 total
[2025-12-03T15:45:28.360+0000][6][gc,age      ] GC(141) - age   8:      11064 bytes,   16550168 total
[2025-12-03T15:45:28.360+0000][6][gc,age      ] GC(141) - age   9:      83152 bytes,   16633320 total
[2025-12-03T15:45:28.360+0000][6][gc,age      ] GC(141) - age  10:     378912 bytes,   17012232 total
[2025-12-03T15:45:28.360+0000][6][gc,age      ] GC(141) - age  11:      42008 bytes,   17054240 total
[2025-12-03T15:45:28.360+0000][6][gc,age      ] GC(141) - age  12:      11296 bytes,   17065536 total
[2025-12-03T15:45:28.360+0000][6][gc,age      ] GC(141) - age  13:       9720 bytes,   17075256 total
[2025-12-03T15:45:28.360+0000][6][gc,age      ] GC(141) - age  14:      45720 bytes,   17120976 total
[2025-12-03T15:45:28.360+0000][6][gc,age      ] GC(141) - age  15:     162336 bytes,   17283312 total
[2025-12-03T15:45:28.360+0000][6][gc,phases   ] GC(141)   Pre Evacuate Collection Set: 0.5ms
[2025-12-03T15:45:28.360+0000][6][gc,phases   ] GC(141)   Merge Heap Roots: 0.3ms
[2025-12-03T15:45:28.360+0000][6][gc,phases   ] GC(141)   Evacuate Collection Set: 27.2ms
[2025-12-03T15:45:28.360+0000][6][gc,phases   ] GC(141)   Post Evacuate Collection Set: 4.3ms
[2025-12-03T15:45:28.360+0000][6][gc,phases   ] GC(141)   Other: 2.6ms
[2025-12-03T15:45:28.360+0000][6][gc,heap     ] GC(141) Eden regions: 65->0(61)
[2025-12-03T15:45:28.360+0000][6][gc,heap     ] GC(141) Survivor regions: 3->5(9)
[2025-12-03T15:45:28.360+0000][6][gc,heap     ] GC(141) Old regions: 33->33
[2025-12-03T15:45:28.361+0000][6][gc,heap     ] GC(141) Archive regions: 2->2
[2025-12-03T15:45:28.361+0000][6][gc,heap     ] GC(141) Humongous regions: 2->2
[2025-12-03T15:45:28.361+0000][6][gc,metaspace] GC(141) Metaspace: 118141K(119808K)->118141K(119808K) NonClass: 103218K(104192K)->103218K(104192K) Class: 14922K(15616K)->14922K(15616K)
[2025-12-03T15:45:28.361+0000][6][gc          ] GC(141) Pause Young (Normal) (G1 Evacuation Pause) 410M->158M(512M) 35.348ms
[2025-12-03T15:45:28.361+0000][6][gc,cpu      ] GC(141) User=0.18s Sys=0.00s Real=0.04s
[2025-12-03T15:45:28.361+0000][6][safepoint   ] Safepoint "G1CollectForAllocation", Time since last: 30593782931 ns, Reaching safepoint: 1068167 ns, At safepoint: 35921208 ns, Total: 36989375 ns
[2025-12-03T15:45:29.362+0000][6][safepoint   ] Safepoint "Cleanup", Time since last: 1001091001 ns, Reaching safepoint: 244333 ns, At safepoint: 9667 ns, Total: 254000 ns
[2025-12-03T15:45:31.367+0000][6][safepoint   ] Safepoint "Cleanup", Time since last: 2003333959 ns, Reaching safepoint: 98416 ns, At safepoint: 4334 ns, Total: 102750 ns
[2025-12-03T15:45:32.368+0000][6][safepoint   ] Safepoint "Cleanup", Time since last: 1001093125 ns, Reaching safepoint: 102917 ns, At safepoint: 4541 ns, Total: 107458 ns
[2025-12-03T15:45:56.407+0000][6][safepoint   ] Safepoint "Cleanup", Time since last: 24038039429 ns, Reaching safepoint: 855666 ns, At safepoint: 40625 ns, Total: 896291 ns
[2025-12-03T15:46:04.556+0000][6][gc,start    ] GC(142) Pause Young (Normal) (G1 Evacuation Pause)
[2025-12-03T15:46:04.556+0000][6][gc,task     ] GC(142) Using 8 workers of 8 for evacuation
[2025-12-03T15:46:04.557+0000][6][gc,age      ] GC(142) Desired survivor size 18874368 bytes, new threshold 15 (max threshold 15)
[2025-12-03T15:46:04.572+0000][6][gc,age      ] GC(142) Age table with threshold 15 (max threshold 15)
[2025-12-03T15:46:04.572+0000][6][gc,age      ] GC(142) - age   1:    3300208 bytes,    3300208 total
[2025-12-03T15:46:04.572+0000][6][gc,age      ] GC(142) - age   2:    8780552 bytes,   12080760 total
[2025-12-03T15:46:04.572+0000][6][gc,age      ] GC(142) - age   3:     753096 bytes,   12833856 total
[2025-12-03T15:46:04.572+0000][6][gc,age      ] GC(142) - age   4:    1340512 bytes,   14174368 total
[2025-12-03T15:46:04.572+0000][6][gc,age      ] GC(142) - age   5:     386416 bytes,   14560784 total
[2025-12-03T15:46:04.572+0000][6][gc,age      ] GC(142) - age   6:       8040 bytes,   14568824 total
[2025-12-03T15:46:04.572+0000][6][gc,age      ] GC(142) - age   7:       8232 bytes,   14577056 total
[2025-12-03T15:46:04.572+0000][6][gc,age      ] GC(142) - age   8:    2448648 bytes,   17025704 total
[2025-12-03T15:46:04.573+0000][6][gc,age      ] GC(142) - age   9:      11064 bytes,   17036768 total
[2025-12-03T15:46:04.573+0000][6][gc,age      ] GC(142) - age  10:      83152 bytes,   17119920 total
[2025-12-03T15:46:04.573+0000][6][gc,age      ] GC(142) - age  11:     378912 bytes,   17498832 total
[2025-12-03T15:46:04.573+0000][6][gc,age      ] GC(142) - age  12:      42008 bytes,   17540840 total
[2025-12-03T15:46:04.573+0000][6][gc,age      ] GC(142) - age  13:      11296 bytes,   17552136 total
[2025-12-03T15:46:04.573+0000][6][gc,age      ] GC(142) - age  14:       9720 bytes,   17561856 total
[2025-12-03T15:46:04.573+0000][6][gc,age      ] GC(142) - age  15:      45720 bytes,   17607576 total
[2025-12-03T15:46:04.573+0000][6][gc,phases   ] GC(142)   Pre Evacuate Collection Set: 0.3ms
[2025-12-03T15:46:04.573+0000][6][gc,phases   ] GC(142)   Merge Heap Roots: 0.2ms
[2025-12-03T15:46:04.573+0000][6][gc,phases   ] GC(142)   Evacuate Collection Set: 12.4ms
[2025-12-03T15:46:04.573+0000][6][gc,phases   ] GC(142)   Post Evacuate Collection Set: 2.3ms
[2025-12-03T15:46:04.573+0000][6][gc,phases   ] GC(142)   Other: 2.0ms
[2025-12-03T15:46:04.573+0000][6][gc,heap     ] GC(142) Eden regions: 61->0(61)
[2025-12-03T15:46:04.573+0000][6][gc,heap     ] GC(142) Survivor regions: 5->5(9)
[2025-12-03T15:46:04.573+0000][6][gc,heap     ] GC(142) Old regions: 33->33
[2025-12-03T15:46:04.573+0000][6][gc,heap     ] GC(142) Archive regions: 2->2
[2025-12-03T15:46:04.573+0000][6][gc,heap     ] GC(142) Humongous regions: 2->2
[2025-12-03T15:46:04.573+0000][6][gc,metaspace] GC(142) Metaspace: 118149K(119808K)->118149K(119808K) NonClass: 103226K(104192K)->103226K(104192K) Class: 14922K(15616K)->14922K(15616K)
[2025-12-03T15:46:04.573+0000][6][gc          ] GC(142) Pause Young (Normal) (G1 Evacuation Pause) 402M->159M(512M) 17.640ms
[2025-12-03T15:46:04.574+0000][6][gc,cpu      ] GC(142) User=0.07s Sys=0.00s Real=0.02s
[2025-12-03T15:46:04.574+0000][6][safepoint   ] Safepoint "G1CollectForAllocation", Time since last: 8147257379 ns, Reaching safepoint: 142375 ns, At safepoint: 17908041 ns, Total: 18050416 ns
[2025-12-03T15:46:17.589+0000][6][safepoint   ] Safepoint "Cleanup", Time since last: 13014695590 ns, Reaching safepoint: 326458 ns, At safepoint: 12917 ns, Total: 339375 ns
[2025-12-03T15:46:42.717+0000][6][gc,start    ] GC(143) Pause Young (Normal) (G1 Evacuation Pause)
[2025-12-03T15:46:42.718+0000][6][gc,task     ] GC(143) Using 8 workers of 8 for evacuation
[2025-12-03T15:46:42.718+0000][6][gc,age      ] GC(143) Desired survivor size 18874368 bytes, new threshold 15 (max threshold 15)
[2025-12-03T15:46:42.730+0000][6][gc,age      ] GC(143) Age table with threshold 15 (max threshold 15)
[2025-12-03T15:46:42.730+0000][6][gc,age      ] GC(143) - age   1:    1333792 bytes,    1333792 total
[2025-12-03T15:46:42.730+0000][6][gc,age      ] GC(143) - age   2:     280136 bytes,    1613928 total
[2025-12-03T15:46:42.730+0000][6][gc,age      ] GC(143) - age   3:    8755480 bytes,   10369408 total
[2025-12-03T15:46:42.730+0000][6][gc,age      ] GC(143) - age   4:     751536 bytes,   11120944 total
[2025-12-03T15:46:42.730+0000][6][gc,age      ] GC(143) - age   5:    1339808 bytes,   12460752 total
[2025-12-03T15:46:42.730+0000][6][gc,age      ] GC(143) - age   6:     386192 bytes,   12846944 total
[2025-12-03T15:46:42.730+0000][6][gc,age      ] GC(143) - age   7:       7912 bytes,   12854856 total
[2025-12-03T15:46:42.730+0000][6][gc,age      ] GC(143) - age   8:       8168 bytes,   12863024 total
[2025-12-03T15:46:42.730+0000][6][gc,age      ] GC(143) - age   9:    2448648 bytes,   15311672 total
[2025-12-03T15:46:42.730+0000][6][gc,age      ] GC(143) - age  10:      11064 bytes,   15322736 total
[2025-12-03T15:46:42.730+0000][6][gc,age      ] GC(143) - age  11:      83152 bytes,   15405888 total
[2025-12-03T15:46:42.730+0000][6][gc,age      ] GC(143) - age  12:     378912 bytes,   15784800 total
[2025-12-03T15:46:42.731+0000][6][gc,age      ] GC(143) - age  13:      42008 bytes,   15826808 total
[2025-12-03T15:46:42.731+0000][6][gc,age      ] GC(143) - age  14:      11296 bytes,   15838104 total
[2025-12-03T15:46:42.731+0000][6][gc,age      ] GC(143) - age  15:       9720 bytes,   15847824 total
[2025-12-03T15:46:42.731+0000][6][gc,phases   ] GC(143)   Pre Evacuate Collection Set: 0.3ms
[2025-12-03T15:46:42.731+0000][6][gc,phases   ] GC(143)   Merge Heap Roots: 0.1ms
[2025-12-03T15:46:42.731+0000][6][gc,phases   ] GC(143)   Evacuate Collection Set: 9.8ms
[2025-12-03T15:46:42.731+0000][6][gc,phases   ] GC(143)   Post Evacuate Collection Set: 1.8ms
[2025-12-03T15:46:42.731+0000][6][gc,phases   ] GC(143)   Other: 2.3ms
[2025-12-03T15:46:42.731+0000][6][gc,heap     ] GC(143) Eden regions: 61->0(61)
[2025-12-03T15:46:42.731+0000][6][gc,heap     ] GC(143) Survivor regions: 5->5(9)
[2025-12-03T15:46:42.731+0000][6][gc,heap     ] GC(143) Old regions: 33->33
[2025-12-03T15:46:42.731+0000][6][gc,heap     ] GC(143) Archive regions: 2->2
[2025-12-03T15:46:42.731+0000][6][gc,heap     ] GC(143) Humongous regions: 2->2
[2025-12-03T15:46:42.731+0000][6][gc,metaspace] GC(143) Metaspace: 118153K(119808K)->118153K(119808K) NonClass: 103231K(104192K)->103231K(104192K) Class: 14922K(15616K)->14922K(15616K)
[2025-12-03T15:46:42.731+0000][6][gc          ] GC(143) Pause Young (Normal) (G1 Evacuation Pause) 403M->158M(512M) 14.564ms
[2025-12-03T15:46:42.731+0000][6][gc,cpu      ] GC(143) User=0.07s Sys=0.00s Real=0.02s
[2025-12-03T15:46:42.731+0000][6][safepoint   ] Safepoint "G1CollectForAllocation", Time since last: 25126941428 ns, Reaching safepoint: 350917 ns, At safepoint: 14857750 ns, Total: 15208667 ns
[2025-12-03T15:46:54.742+0000][6][safepoint   ] Safepoint "Cleanup", Time since last: 12010838172 ns, Reaching safepoint: 168333 ns, At safepoint: 4417 ns, Total: 172750 ns
[2025-12-03T15:47:10.777+0000][6][safepoint   ] Safepoint "Cleanup", Time since last: 16032715757 ns, Reaching safepoint: 969584 ns, At safepoint: 33750 ns, Total: 1003334 ns
[2025-12-03T15:47:18.691+0000][6][gc,start    ] GC(144) Pause Young (Normal) (G1 Evacuation Pause)
[2025-12-03T15:47:18.692+0000][6][gc,task     ] GC(144) Using 8 workers of 8 for evacuation
[2025-12-03T15:47:18.692+0000][6][gc,age      ] GC(144) Desired survivor size 18874368 bytes, new threshold 15 (max threshold 15)
[2025-12-03T15:47:18.703+0000][6][gc,age      ] GC(144) Age table with threshold 15 (max threshold 15)
[2025-12-03T15:47:18.703+0000][6][gc,age      ] GC(144) - age   1:    2309576 bytes,    2309576 total
[2025-12-03T15:47:18.703+0000][6][gc,age      ] GC(144) - age   2:      56936 bytes,    2366512 total
[2025-12-03T15:47:18.703+0000][6][gc,age      ] GC(144) - age   3:      19344 bytes,    2385856 total
[2025-12-03T15:47:18.704+0000][6][gc,age      ] GC(144) - age   4:    8753104 bytes,   11138960 total
[2025-12-03T15:47:18.704+0000][6][gc,age      ] GC(144) - age   5:     751088 bytes,   11890048 total
[2025-12-03T15:47:18.704+0000][6][gc,age      ] GC(144) - age   6:    1339808 bytes,   13229856 total
[2025-12-03T15:47:18.704+0000][6][gc,age      ] GC(144) - age   7:     386192 bytes,   13616048 total
[2025-12-03T15:47:18.704+0000][6][gc,age      ] GC(144) - age   8:       7912 bytes,   13623960 total
[2025-12-03T15:47:18.704+0000][6][gc,age      ] GC(144) - age   9:       8168 bytes,   13632128 total
[2025-12-03T15:47:18.704+0000][6][gc,age      ] GC(144) - age  10:    2448648 bytes,   16080776 total
[2025-12-03T15:47:18.704+0000][6][gc,age      ] GC(144) - age  11:      11064 bytes,   16091840 total
[2025-12-03T15:47:18.704+0000][6][gc,age      ] GC(144) - age  12:      83152 bytes,   16174992 total
[2025-12-03T15:47:18.704+0000][6][gc,age      ] GC(144) - age  13:     378912 bytes,   16553904 total
[2025-12-03T15:47:18.704+0000][6][gc,age      ] GC(144) - age  14:      42008 bytes,   16595912 total
[2025-12-03T15:47:18.704+0000][6][gc,age      ] GC(144) - age  15:      11296 bytes,   16607208 total
[2025-12-03T15:47:18.705+0000][6][gc,phases   ] GC(144)   Pre Evacuate Collection Set: 0.2ms
[2025-12-03T15:47:18.705+0000][6][gc,phases   ] GC(144)   Merge Heap Roots: 0.1ms
[2025-12-03T15:47:18.705+0000][6][gc,phases   ] GC(144)   Evacuate Collection Set: 8.9ms
[2025-12-03T15:47:18.705+0000][6][gc,phases   ] GC(144)   Post Evacuate Collection Set: 2.0ms
[2025-12-03T15:47:18.706+0000][6][gc,phases   ] GC(144)   Other: 3.4ms
[2025-12-03T15:47:18.706+0000][6][gc,heap     ] GC(144) Eden regions: 61->0(61)
[2025-12-03T15:47:18.706+0000][6][gc,heap     ] GC(144) Survivor regions: 5->5(9)
[2025-12-03T15:47:18.706+0000][6][gc,heap     ] GC(144) Old regions: 33->33
[2025-12-03T15:47:18.706+0000][6][gc,heap     ] GC(144) Archive regions: 2->2
[2025-12-03T15:47:18.706+0000][6][gc,heap     ] GC(144) Humongous regions: 2->2
[2025-12-03T15:47:18.706+0000][6][gc,metaspace] GC(144) Metaspace: 118153K(119808K)->118153K(119808K) NonClass: 103231K(104192K)->103231K(104192K) Class: 14922K(15616K)->14922K(15616K)
[2025-12-03T15:47:18.706+0000][6][gc          ] GC(144) Pause Young (Normal) (G1 Evacuation Pause) 402M->159M(512M) 15.339ms
[2025-12-03T15:47:18.707+0000][6][gc,cpu      ] GC(144) User=0.06s Sys=0.01s Real=0.01s
[2025-12-03T15:47:18.707+0000][6][safepoint   ] Safepoint "G1CollectForAllocation", Time since last: 7914173420 ns, Reaching safepoint: 44708 ns, At safepoint: 16140667 ns, Total: 16185375 ns
[2025-12-03T15:47:51.777+0000][6][safepoint   ] Safepoint "Cleanup", Time since last: 33068518516 ns, Reaching safepoint: 276958 ns, At safepoint: 20833 ns, Total: 297791 ns
[2025-12-03T15:47:55.109+0000][6][gc,start    ] GC(145) Pause Young (Normal) (G1 Evacuation Pause)
[2025-12-03T15:47:55.110+0000][6][gc,task     ] GC(145) Using 8 workers of 8 for evacuation
[2025-12-03T15:47:55.111+0000][6][gc,age      ] GC(145) Desired survivor size 18874368 bytes, new threshold 15 (max threshold 15)
[2025-12-03T15:47:55.138+0000][6][gc,age      ] GC(145) Age table with threshold 15 (max threshold 15)
[2025-12-03T15:47:55.139+0000][6][gc,age      ] GC(145) - age   1:    1943368 bytes,    1943368 total
[2025-12-03T15:47:55.139+0000][6][gc,age      ] GC(145) - age   2:    1077648 bytes,    3021016 total
[2025-12-03T15:47:55.139+0000][6][gc,age      ] GC(145) - age   3:      52240 bytes,    3073256 total
[2025-12-03T15:47:55.139+0000][6][gc,age      ] GC(145) - age   4:      19064 bytes,    3092320 total
[2025-12-03T15:47:55.139+0000][6][gc,age      ] GC(145) - age   5:    8751344 bytes,   11843664 total
[2025-12-03T15:47:55.139+0000][6][gc,age      ] GC(145) - age   6:     751056 bytes,   12594720 total
[2025-12-03T15:47:55.139+0000][6][gc,age      ] GC(145) - age   7:    1339808 bytes,   13934528 total
[2025-12-03T15:47:55.139+0000][6][gc,age      ] GC(145) - age   8:     386192 bytes,   14320720 total
[2025-12-03T15:47:55.140+0000][6][gc,age      ] GC(145) - age   9:       7912 bytes,   14328632 total
[2025-12-03T15:47:55.140+0000][6][gc,age      ] GC(145) - age  10:       8168 bytes,   14336800 total
[2025-12-03T15:47:55.140+0000][6][gc,age      ] GC(145) - age  11:    2448648 bytes,   16785448 total
[2025-12-03T15:47:55.140+0000][6][gc,age      ] GC(145) - age  12:      11064 bytes,   16796512 total
[2025-12-03T15:47:55.140+0000][6][gc,age      ] GC(145) - age  13:      83152 bytes,   16879664 total
[2025-12-03T15:47:55.140+0000][6][gc,age      ] GC(145) - age  14:     378912 bytes,   17258576 total
[2025-12-03T15:47:55.140+0000][6][gc,age      ] GC(145) - age  15:      42008 bytes,   17300584 total
[2025-12-03T15:47:55.140+0000][6][gc,phases   ] GC(145)   Pre Evacuate Collection Set: 0.6ms
[2025-12-03T15:47:55.140+0000][6][gc,phases   ] GC(145)   Merge Heap Roots: 0.4ms
[2025-12-03T15:47:55.140+0000][6][gc,phases   ] GC(145)   Evacuate Collection Set: 23.2ms
[2025-12-03T15:47:55.140+0000][6][gc,phases   ] GC(145)   Post Evacuate Collection Set: 3.2ms
[2025-12-03T15:47:55.140+0000][6][gc,phases   ] GC(145)   Other: 3.6ms
[2025-12-03T15:47:55.140+0000][6][gc,heap     ] GC(145) Eden regions: 61->0(61)
[2025-12-03T15:47:55.141+0000][6][gc,heap     ] GC(145) Survivor regions: 5->5(9)
[2025-12-03T15:47:55.141+0000][6][gc,heap     ] GC(145) Old regions: 33->33
[2025-12-03T15:47:55.141+0000][6][gc,heap     ] GC(145) Archive regions: 2->2
[2025-12-03T15:47:55.141+0000][6][gc,heap     ] GC(145) Humongous regions: 2->2
[2025-12-03T15:47:55.141+0000][6][gc,metaspace] GC(145) Metaspace: 118153K(119808K)->118153K(119808K) NonClass: 103231K(104192K)->103231K(104192K) Class: 14922K(15616K)->14922K(15616K)
[2025-12-03T15:47:55.141+0000][6][gc          ] GC(145) Pause Young (Normal) (G1 Evacuation Pause) 403M->160M(512M) 31.575ms
[2025-12-03T15:47:55.141+0000][6][gc,cpu      ] GC(145) User=0.18s Sys=0.00s Real=0.03s
[2025-12-03T15:47:55.141+0000][6][safepoint   ] Safepoint "G1CollectForAllocation", Time since last: 3332080960 ns, Reaching safepoint: 157250 ns, At safepoint: 32091667 ns, Total: 32248917 ns
[2025-12-03T15:48:10.162+0000][6][safepoint   ] Safepoint "Cleanup", Time since last: 15019629631 ns, Reaching safepoint: 168917 ns, At safepoint: 7041 ns, Total: 175958 ns
[2025-12-03T15:48:28.193+0000][6][safepoint   ] Safepoint "Cleanup", Time since last: 18030645967 ns, Reaching safepoint: 441542 ns, At safepoint: 27083 ns, Total: 468625 ns
[2025-12-03T15:48:36.688+0000][6][gc,start    ] GC(146) Pause Young (Normal) (G1 Evacuation Pause)
[2025-12-03T15:48:36.689+0000][6][gc,task     ] GC(146) Using 8 workers of 8 for evacuation
[2025-12-03T15:48:36.689+0000][6][gc,age      ] GC(146) Desired survivor size 18874368 bytes, new threshold 15 (max threshold 15)
[2025-12-03T15:48:36.714+0000][6][gc,age      ] GC(146) Age table with threshold 15 (max threshold 15)
[2025-12-03T15:48:36.714+0000][6][gc,age      ] GC(146) - age   1:    2477032 bytes,    2477032 total
[2025-12-03T15:48:36.714+0000][6][gc,age      ] GC(146) - age   2:      29192 bytes,    2506224 total
[2025-12-03T15:48:36.714+0000][6][gc,age      ] GC(146) - age   3:    1070192 bytes,    3576416 total
[2025-12-03T15:48:36.714+0000][6][gc,age      ] GC(146) - age   4:      35168 bytes,    3611584 total
[2025-12-03T15:48:36.714+0000][6][gc,age      ] GC(146) - age   5:      18336 bytes,    3629920 total
[2025-12-03T15:48:36.714+0000][6][gc,age      ] GC(146) - age   6:    8751344 bytes,   12381264 total
[2025-12-03T15:48:36.714+0000][6][gc,age      ] GC(146) - age   7:     751056 bytes,   13132320 total
[2025-12-03T15:48:36.714+0000][6][gc,age      ] GC(146) - age   8:    1339808 bytes,   14472128 total
[2025-12-03T15:48:36.715+0000][6][gc,age      ] GC(146) - age   9:     385808 bytes,   14857936 total
[2025-12-03T15:48:36.715+0000][6][gc,age      ] GC(146) - age  10:       7912 bytes,   14865848 total
[2025-12-03T15:48:36.715+0000][6][gc,age      ] GC(146) - age  11:       8168 bytes,   14874016 total
[2025-12-03T15:48:36.715+0000][6][gc,age      ] GC(146) - age  12:    2448648 bytes,   17322664 total
[2025-12-03T15:48:36.715+0000][6][gc,age      ] GC(146) - age  13:      11064 bytes,   17333728 total
[2025-12-03T15:48:36.715+0000][6][gc,age      ] GC(146) - age  14:      83152 bytes,   17416880 total
[2025-12-03T15:48:36.715+0000][6][gc,age      ] GC(146) - age  15:     378912 bytes,   17795792 total
[2025-12-03T15:48:36.715+0000][6][gc,phases   ] GC(146)   Pre Evacuate Collection Set: 0.3ms
[2025-12-03T15:48:36.715+0000][6][gc,phases   ] GC(146)   Merge Heap Roots: 0.1ms
[2025-12-03T15:48:36.715+0000][6][gc,phases   ] GC(146)   Evacuate Collection Set: 19.7ms
[2025-12-03T15:48:36.715+0000][6][gc,phases   ] GC(146)   Post Evacuate Collection Set: 5.0ms
[2025-12-03T15:48:36.715+0000][6][gc,phases   ] GC(146)   Other: 1.8ms
[2025-12-03T15:48:36.715+0000][6][gc,heap     ] GC(146) Eden regions: 61->0(61)
[2025-12-03T15:48:36.715+0000][6][gc,heap     ] GC(146) Survivor regions: 5->5(9)
[2025-12-03T15:48:36.715+0000][6][gc,heap     ] GC(146) Old regions: 33->33
[2025-12-03T15:48:36.715+0000][6][gc,heap     ] GC(146) Archive regions: 2->2
[2025-12-03T15:48:36.716+0000][6][gc,heap     ] GC(146) Humongous regions: 2->2
[2025-12-03T15:48:36.716+0000][6][gc,metaspace] GC(146) Metaspace: 118157K(119808K)->118157K(119808K) NonClass: 103235K(104192K)->103235K(104192K) Class: 14922K(15616K)->14922K(15616K)
[2025-12-03T15:48:36.716+0000][6][gc          ] GC(146) Pause Young (Normal) (G1 Evacuation Pause) 404M->160M(512M) 27.322ms
[2025-12-03T15:48:36.716+0000][6][gc,cpu      ] GC(146) User=0.18s Sys=0.00s Real=0.03s
[2025-12-03T15:48:36.716+0000][6][safepoint   ] Safepoint "G1CollectForAllocation", Time since last: 8493586379 ns, Reaching safepoint: 266750 ns, At safepoint: 27592541 ns, Total: 27859291 ns
[2025-12-03T15:48:51.737+0000][6][safepoint   ] Safepoint "Cleanup", Time since last: 15021036674 ns, Reaching safepoint: 215709 ns, At safepoint: 10916 ns, Total: 226625 ns
[2025-12-03T15:49:04.688+0000][6][safepoint   ] Safepoint "Cleanup", Time since last: 12949440672 ns, Reaching safepoint: 335792 ns, At safepoint: 9250 ns, Total: 345042 ns
[2025-12-03T15:49:10.694+0000][6][safepoint   ] Safepoint "Cleanup", Time since last: 6006024419 ns, Reaching safepoint: 113250 ns, At safepoint: 4709 ns, Total: 117959 ns
[2025-12-03T15:49:11.695+0000][6][safepoint   ] Safepoint "Cleanup", Time since last: 1001102583 ns, Reaching safepoint: 187000 ns, At safepoint: 10584 ns, Total: 197584 ns
[2025-12-03T15:49:12.768+0000][6][gc,start    ] GC(147) Pause Young (Normal) (G1 Evacuation Pause)
[2025-12-03T15:49:12.768+0000][6][gc,task     ] GC(147) Using 8 workers of 8 for evacuation
[2025-12-03T15:49:12.769+0000][6][gc,age      ] GC(147) Desired survivor size 18874368 bytes, new threshold 15 (max threshold 15)
[2025-12-03T15:49:12.779+0000][6][gc,age      ] GC(147) Age table with threshold 15 (max threshold 15)
[2025-12-03T15:49:12.779+0000][6][gc,age      ] GC(147) - age   1:    2262312 bytes,    2262312 total
[2025-12-03T15:49:12.779+0000][6][gc,age      ] GC(147) - age   2:     259440 bytes,    2521752 total
[2025-12-03T15:49:12.779+0000][6][gc,age      ] GC(147) - age   3:      24032 bytes,    2545784 total
[2025-12-03T15:49:12.779+0000][6][gc,age      ] GC(147) - age   4:    1068880 bytes,    3614664 total
[2025-12-03T15:49:12.779+0000][6][gc,age      ] GC(147) - age   5:      35072 bytes,    3649736 total
[2025-12-03T15:49:12.779+0000][6][gc,age      ] GC(147) - age   6:      18336 bytes,    3668072 total
[2025-12-03T15:49:12.780+0000][6][gc,age      ] GC(147) - age   7:    8751344 bytes,   12419416 total
[2025-12-03T15:49:12.780+0000][6][gc,age      ] GC(147) - age   8:     751056 bytes,   13170472 total
[2025-12-03T15:49:12.780+0000][6][gc,age      ] GC(147) - age   9:    1339808 bytes,   14510280 total
[2025-12-03T15:49:12.780+0000][6][gc,age      ] GC(147) - age  10:     385744 bytes,   14896024 total
[2025-12-03T15:49:12.780+0000][6][gc,age      ] GC(147) - age  11:       7912 bytes,   14903936 total
[2025-12-03T15:49:12.780+0000][6][gc,age      ] GC(147) - age  12:       8168 bytes,   14912104 total
[2025-12-03T15:49:12.780+0000][6][gc,age      ] GC(147) - age  13:    2448648 bytes,   17360752 total
[2025-12-03T15:49:12.780+0000][6][gc,age      ] GC(147) - age  14:      11064 bytes,   17371816 total
[2025-12-03T15:49:12.780+0000][6][gc,age      ] GC(147) - age  15:      83152 bytes,   17454968 total
[2025-12-03T15:49:12.780+0000][6][gc,phases   ] GC(147)   Pre Evacuate Collection Set: 0.2ms
[2025-12-03T15:49:12.780+0000][6][gc,phases   ] GC(147)   Merge Heap Roots: 0.1ms
[2025-12-03T15:49:12.780+0000][6][gc,phases   ] GC(147)   Evacuate Collection Set: 8.7ms
[2025-12-03T15:49:12.780+0000][6][gc,phases   ] GC(147)   Post Evacuate Collection Set: 1.6ms
[2025-12-03T15:49:12.780+0000][6][gc,phases   ] GC(147)   Other: 1.2ms
[2025-12-03T15:49:12.780+0000][6][gc,heap     ] GC(147) Eden regions: 61->0(61)
[2025-12-03T15:49:12.780+0000][6][gc,heap     ] GC(147) Survivor regions: 5->5(9)
[2025-12-03T15:49:12.780+0000][6][gc,heap     ] GC(147) Old regions: 33->33
[2025-12-03T15:49:12.780+0000][6][gc,heap     ] GC(147) Archive regions: 2->2
[2025-12-03T15:49:12.780+0000][6][gc,heap     ] GC(147) Humongous regions: 2->2
[2025-12-03T15:49:12.780+0000][6][gc,metaspace] GC(147) Metaspace: 118165K(119808K)->118165K(119808K) NonClass: 103242K(104192K)->103242K(104192K) Class: 14922K(15616K)->14922K(15616K)
[2025-12-03T15:49:12.780+0000][6][gc          ] GC(147) Pause Young (Normal) (G1 Evacuation Pause) 404M->161M(512M) 12.207ms
[2025-12-03T15:49:12.781+0000][6][gc,cpu      ] GC(147) User=0.07s Sys=0.00s Real=0.01s
[2025-12-03T15:49:12.781+0000][6][safepoint   ] Safepoint "G1CollectForAllocation", Time since last: 1072899417 ns, Reaching safepoint: 84333 ns, At safepoint: 12387375 ns, Total: 12471708 ns
[2025-12-03T15:49:48.718+0000][6][gc,start    ] GC(148) Pause Young (Normal) (G1 Evacuation Pause)
[2025-12-03T15:49:48.719+0000][6][gc,task     ] GC(148) Using 8 workers of 8 for evacuation
[2025-12-03T15:49:48.719+0000][6][gc,age      ] GC(148) Desired survivor size 18874368 bytes, new threshold 15 (max threshold 15)
[2025-12-03T15:49:48.733+0000][6][gc,age      ] GC(148) Age table with threshold 15 (max threshold 15)
[2025-12-03T15:49:48.733+0000][6][gc,age      ] GC(148) - age   1:    4043512 bytes,    4043512 total
[2025-12-03T15:49:48.733+0000][6][gc,age      ] GC(148) - age   2:     470464 bytes,    4513976 total
[2025-12-03T15:49:48.733+0000][6][gc,age      ] GC(148) - age   3:      40704 bytes,    4554680 total
[2025-12-03T15:49:48.733+0000][6][gc,age      ] GC(148) - age   4:      23128 bytes,    4577808 total
[2025-12-03T15:49:48.733+0000][6][gc,age      ] GC(148) - age   5:     576760 bytes,    5154568 total
[2025-12-03T15:49:48.733+0000][6][gc,age      ] GC(148) - age   6:      34984 bytes,    5189552 total
[2025-12-03T15:49:48.733+0000][6][gc,age      ] GC(148) - age   7:      18336 bytes,    5207888 total
[2025-12-03T15:49:48.733+0000][6][gc,age      ] GC(148) - age   8:    8751280 bytes,   13959168 total
[2025-12-03T15:49:48.734+0000][6][gc,age      ] GC(148) - age   9:     751056 bytes,   14710224 total
[2025-12-03T15:49:48.734+0000][6][gc,age      ] GC(148) - age  10:    1339808 bytes,   16050032 total
[2025-12-03T15:49:48.734+0000][6][gc,age      ] GC(148) - age  11:     385744 bytes,   16435776 total
[2025-12-03T15:49:48.734+0000][6][gc,age      ] GC(148) - age  12:       7912 bytes,   16443688 total
[2025-12-03T15:49:48.734+0000][6][gc,age      ] GC(148) - age  13:       8168 bytes,   16451856 total
[2025-12-03T15:49:48.734+0000][6][gc,age      ] GC(148) - age  14:    2448648 bytes,   18900504 total
[2025-12-03T15:49:48.734+0000][6][gc,age      ] GC(148) - age  15:      11064 bytes,   18911568 total
[2025-12-03T15:49:48.734+0000][6][gc,phases   ] GC(148)   Pre Evacuate Collection Set: 0.2ms
[2025-12-03T15:49:48.734+0000][6][gc,phases   ] GC(148)   Merge Heap Roots: 0.1ms
[2025-12-03T15:49:48.734+0000][6][gc,phases   ] GC(148)   Evacuate Collection Set: 10.8ms
[2025-12-03T15:49:48.734+0000][6][gc,phases   ] GC(148)   Post Evacuate Collection Set: 2.6ms
[2025-12-03T15:49:48.734+0000][6][gc,phases   ] GC(148)   Other: 2.4ms
[2025-12-03T15:49:48.734+0000][6][gc,heap     ] GC(148) Eden regions: 61->0(61)
[2025-12-03T15:49:48.734+0000][6][gc,heap     ] GC(148) Survivor regions: 5->5(9)
[2025-12-03T15:49:48.734+0000][6][gc,heap     ] GC(148) Old regions: 33->33
[2025-12-03T15:49:48.734+0000][6][gc,heap     ] GC(148) Archive regions: 2->2
[2025-12-03T15:49:48.734+0000][6][gc,heap     ] GC(148) Humongous regions: 2->2
[2025-12-03T15:49:48.735+0000][6][gc,metaspace] GC(148) Metaspace: 118165K(119808K)->118165K(119808K) NonClass: 103242K(104192K)->103242K(104192K) Class: 14922K(15616K)->14922K(15616K)
[2025-12-03T15:49:48.735+0000][6][gc          ] GC(148) Pause Young (Normal) (G1 Evacuation Pause) 404M->162M(512M) 16.664ms
[2025-12-03T15:49:48.735+0000][6][gc,cpu      ] GC(148) User=0.07s Sys=0.00s Real=0.01s
[2025-12-03T15:49:48.735+0000][6][safepoint   ] Safepoint "G1CollectForAllocation", Time since last: 35935987309 ns, Reaching safepoint: 374750 ns, At safepoint: 16886000 ns, Total: 17260750 ns
[2025-12-03T15:50:07.771+0000][6][safepoint   ] Safepoint "Cleanup", Time since last: 19034229175 ns, Reaching safepoint: 1012917 ns, At safepoint: 37917 ns, Total: 1050834 ns
[2025-12-03T15:50:10.778+0000][6][safepoint   ] Safepoint "Cleanup", Time since last: 3006512584 ns, Reaching safepoint: 66334 ns, At safepoint: 5791 ns, Total: 72125 ns
[2025-12-03T15:50:18.803+0000][6][safepoint   ] Safepoint "Cleanup", Time since last: 8024934796 ns, Reaching safepoint: 377583 ns, At safepoint: 14292 ns, Total: 391875 ns
[2025-12-03T15:50:22.764+0000][6][safepoint   ] Safepoint "Cleanup", Time since last: 3961375002 ns, Reaching safepoint: 202708 ns, At safepoint: 20042 ns, Total: 222750 ns
[2025-12-03T15:50:25.350+0000][6][gc,start    ] GC(149) Pause Young (Normal) (G1 Evacuation Pause)
[2025-12-03T15:50:25.351+0000][6][gc,task     ] GC(149) Using 8 workers of 8 for evacuation
[2025-12-03T15:50:25.351+0000][6][gc,age      ] GC(149) Desired survivor size 18874368 bytes, new threshold 14 (max threshold 15)
[2025-12-03T15:50:25.370+0000][6][gc,age      ] GC(149) Age table with threshold 14 (max threshold 15)
[2025-12-03T15:50:25.370+0000][6][gc,age      ] GC(149) - age   1:     754440 bytes,     754440 total
[2025-12-03T15:50:25.370+0000][6][gc,age      ] GC(149) - age   2:     617504 bytes,    1371944 total
[2025-12-03T15:50:25.370+0000][6][gc,age      ] GC(149) - age   3:      61512 bytes,    1433456 total
[2025-12-03T15:50:25.370+0000][6][gc,age      ] GC(149) - age   4:      26152 bytes,    1459608 total
[2025-12-03T15:50:25.370+0000][6][gc,age      ] GC(149) - age   5:      18696 bytes,    1478304 total
[2025-12-03T15:50:25.370+0000][6][gc,age      ] GC(149) - age   6:     576760 bytes,    2055064 total
[2025-12-03T15:50:25.371+0000][6][gc,age      ] GC(149) - age   7:      34600 bytes,    2089664 total
[2025-12-03T15:50:25.371+0000][6][gc,age      ] GC(149) - age   8:      18336 bytes,    2108000 total
[2025-12-03T15:50:25.371+0000][6][gc,age      ] GC(149) - age   9:    8751168 bytes,   10859168 total
[2025-12-03T15:50:25.371+0000][6][gc,age      ] GC(149) - age  10:     751056 bytes,   11610224 total
[2025-12-03T15:50:25.371+0000][6][gc,age      ] GC(149) - age  11:    1339808 bytes,   12950032 total
[2025-12-03T15:50:25.371+0000][6][gc,age      ] GC(149) - age  12:     385744 bytes,   13335776 total
[2025-12-03T15:50:25.371+0000][6][gc,age      ] GC(149) - age  13:       7912 bytes,   13343688 total
[2025-12-03T15:50:25.371+0000][6][gc,age      ] GC(149) - age  14:       8168 bytes,   13351856 total
[2025-12-03T15:50:25.371+0000][6][gc,phases   ] GC(149)   Pre Evacuate Collection Set: 0.4ms
[2025-12-03T15:50:25.371+0000][6][gc,phases   ] GC(149)   Merge Heap Roots: 0.2ms
[2025-12-03T15:50:25.371+0000][6][gc,phases   ] GC(149)   Evacuate Collection Set: 15.5ms
[2025-12-03T15:50:25.371+0000][6][gc,phases   ] GC(149)   Post Evacuate Collection Set: 2.5ms
[2025-12-03T15:50:25.371+0000][6][gc,phases   ] GC(149)   Other: 2.3ms
[2025-12-03T15:50:25.371+0000][6][gc,heap     ] GC(149) Eden regions: 61->0(62)
[2025-12-03T15:50:25.371+0000][6][gc,heap     ] GC(149) Survivor regions: 5->4(9)
[2025-12-03T15:50:25.371+0000][6][gc,heap     ] GC(149) Old regions: 33->34
[2025-12-03T15:50:25.371+0000][6][gc,heap     ] GC(149) Archive regions: 2->2
[2025-12-03T15:50:25.371+0000][6][gc,heap     ] GC(149) Humongous regions: 2->2
[2025-12-03T15:50:25.372+0000][6][gc,metaspace] GC(149) Metaspace: 118165K(119808K)->118165K(119808K) NonClass: 103242K(104192K)->103242K(104192K) Class: 14922K(15616K)->14922K(15616K)
[2025-12-03T15:50:25.372+0000][6][gc          ] GC(149) Pause Young (Normal) (G1 Evacuation Pause) 406M->159M(512M) 21.388ms
[2025-12-03T15:50:25.372+0000][6][gc,cpu      ] GC(149) User=0.10s Sys=0.01s Real=0.02s
[2025-12-03T15:50:25.372+0000][6][safepoint   ] Safepoint "G1CollectForAllocation", Time since last: 2584995001 ns, Reaching safepoint: 397750 ns, At safepoint: 21855625 ns, Total: 22253375 ns
[2025-12-03T15:50:52.412+0000][6][safepoint   ] Safepoint "Cleanup", Time since last: 27038902679 ns, Reaching safepoint: 275208 ns, At safepoint: 26042 ns, Total: 301250 ns
[2025-12-03T15:50:58.420+0000][6][safepoint   ] Safepoint "Cleanup", Time since last: 6007987628 ns, Reaching safepoint: 177916 ns, At safepoint: 5375 ns, Total: 183291 ns
[2025-12-03T15:51:04.316+0000][6][gc,start    ] GC(150) Pause Young (Normal) (G1 Evacuation Pause)
[2025-12-03T15:51:04.317+0000][6][gc,task     ] GC(150) Using 8 workers of 8 for evacuation
[2025-12-03T15:51:04.318+0000][6][gc,age      ] GC(150) Desired survivor size 18874368 bytes, new threshold 15 (max threshold 15)
[2025-12-03T15:51:04.336+0000][6][gc,age      ] GC(150) Age table with threshold 15 (max threshold 15)
[2025-12-03T15:51:04.336+0000][6][gc,age      ] GC(150) - age   1:    1829464 bytes,    1829464 total
[2025-12-03T15:51:04.336+0000][6][gc,age      ] GC(150) - age   2:      60472 bytes,    1889936 total
[2025-12-03T15:51:04.336+0000][6][gc,age      ] GC(150) - age   3:     579296 bytes,    2469232 total
[2025-12-03T15:51:04.336+0000][6][gc,age      ] GC(150) - age   4:      58232 bytes,    2527464 total
[2025-12-03T15:51:04.336+0000][6][gc,age      ] GC(150) - age   5:      25640 bytes,    2553104 total
[2025-12-03T15:51:04.336+0000][6][gc,age      ] GC(150) - age   6:      18632 bytes,    2571736 total
[2025-12-03T15:51:04.337+0000][6][gc,age      ] GC(150) - age   7:     576760 bytes,    3148496 total
[2025-12-03T15:51:04.337+0000][6][gc,age      ] GC(150) - age   8:      34280 bytes,    3182776 total
[2025-12-03T15:51:04.337+0000][6][gc,age      ] GC(150) - age   9:      18336 bytes,    3201112 total
[2025-12-03T15:51:04.337+0000][6][gc,age      ] GC(150) - age  10:    8751168 bytes,   11952280 total
[2025-12-03T15:51:04.337+0000][6][gc,age      ] GC(150) - age  11:     750976 bytes,   12703256 total
[2025-12-03T15:51:04.337+0000][6][gc,age      ] GC(150) - age  12:    1339808 bytes,   14043064 total
[2025-12-03T15:51:04.337+0000][6][gc,age      ] GC(150) - age  13:     385744 bytes,   14428808 total
[2025-12-03T15:51:04.337+0000][6][gc,age      ] GC(150) - age  14:       7912 bytes,   14436720 total
[2025-12-03T15:51:04.337+0000][6][gc,age      ] GC(150) - age  15:       8168 bytes,   14444888 total
[2025-12-03T15:51:04.338+0000][6][gc,phases   ] GC(150)   Pre Evacuate Collection Set: 0.3ms
[2025-12-03T15:51:04.338+0000][6][gc,phases   ] GC(150)   Merge Heap Roots: 0.2ms
[2025-12-03T15:51:04.338+0000][6][gc,phases   ] GC(150)   Evacuate Collection Set: 15.0ms
[2025-12-03T15:51:04.338+0000][6][gc,phases   ] GC(150)   Post Evacuate Collection Set: 2.3ms
[2025-12-03T15:51:04.338+0000][6][gc,phases   ] GC(150)   Other: 3.6ms
[2025-12-03T15:51:04.338+0000][6][gc,heap     ] GC(150) Eden regions: 62->0(62)
[2025-12-03T15:51:04.338+0000][6][gc,heap     ] GC(150) Survivor regions: 4->4(9)
[2025-12-03T15:51:04.338+0000][6][gc,heap     ] GC(150) Old regions: 34->34
[2025-12-03T15:51:04.339+0000][6][gc,heap     ] GC(150) Archive regions: 2->2
[2025-12-03T15:51:04.339+0000][6][gc,heap     ] GC(150) Humongous regions: 2->2
[2025-12-03T15:51:04.339+0000][6][gc,metaspace] GC(150) Metaspace: 118165K(119808K)->118165K(119808K) NonClass: 103242K(104192K)->103242K(104192K) Class: 14922K(15616K)->14922K(15616K)
[2025-12-03T15:51:04.339+0000][6][gc          ] GC(150) Pause Young (Normal) (G1 Evacuation Pause) 407M->160M(512M) 22.474ms
[2025-12-03T15:51:04.339+0000][6][gc,cpu      ] GC(150) User=0.10s Sys=0.00s Real=0.03s
[2025-12-03T15:51:04.339+0000][6][safepoint   ] Safepoint "G1CollectForAllocation", Time since last: 5895892211 ns, Reaching safepoint: 195083 ns, At safepoint: 22977334 ns, Total: 23172417 ns
[2025-12-03T15:51:27.361+0000][6][safepoint   ] Safepoint "Cleanup", Time since last: 23021878511 ns, Reaching safepoint: 255416 ns, At safepoint: 10334 ns, Total: 265750 ns
[2025-12-03T15:51:31.367+0000][6][safepoint   ] Safepoint "Cleanup", Time since last: 4003520043 ns, Reaching safepoint: 127500 ns, At safepoint: 8125 ns, Total: 135625 ns
[2025-12-03T15:51:37.373+0000][6][safepoint   ] Safepoint "Cleanup", Time since last: 6005929211 ns, Reaching safepoint: 49791 ns, At safepoint: 2500 ns, Total: 52291 ns
[2025-12-03T15:51:42.862+0000][6][gc,start    ] GC(151) Pause Young (Normal) (G1 Evacuation Pause)
[2025-12-03T15:51:42.862+0000][6][gc,task     ] GC(151) Using 8 workers of 8 for evacuation
[2025-12-03T15:51:42.862+0000][6][gc,age      ] GC(151) Desired survivor size 18874368 bytes, new threshold 15 (max threshold 15)
[2025-12-03T15:51:42.883+0000][6][gc,age      ] GC(151) Age table with threshold 15 (max threshold 15)
[2025-12-03T15:51:42.883+0000][6][gc,age      ] GC(151) - age   1:    2276864 bytes,    2276864 total
[2025-12-03T15:51:42.883+0000][6][gc,age      ] GC(151) - age   2:      31728 bytes,    2308592 total
[2025-12-03T15:51:42.883+0000][6][gc,age      ] GC(151) - age   3:      38848 bytes,    2347440 total
[2025-12-03T15:51:42.883+0000][6][gc,age      ] GC(151) - age   4:     565968 bytes,    2913408 total
[2025-12-03T15:51:42.883+0000][6][gc,age      ] GC(151) - age   5:      57360 bytes,    2970768 total
[2025-12-03T15:51:42.883+0000][6][gc,age      ] GC(151) - age   6:      25272 bytes,    2996040 total
[2025-12-03T15:51:42.884+0000][6][gc,age      ] GC(151) - age   7:      18600 bytes,    3014640 total
[2025-12-03T15:51:42.884+0000][6][gc,age      ] GC(151) - age   8:     576760 bytes,    3591400 total
[2025-12-03T15:51:42.884+0000][6][gc,age      ] GC(151) - age   9:      34280 bytes,    3625680 total
[2025-12-03T15:51:42.884+0000][6][gc,age      ] GC(151) - age  10:      18336 bytes,    3644016 total
[2025-12-03T15:51:42.884+0000][6][gc,age      ] GC(151) - age  11:    8751104 bytes,   12395120 total
[2025-12-03T15:51:42.884+0000][6][gc,age      ] GC(151) - age  12:     750976 bytes,   13146096 total
[2025-12-03T15:51:42.884+0000][6][gc,age      ] GC(151) - age  13:    1339808 bytes,   14485904 total
[2025-12-03T15:51:42.884+0000][6][gc,age      ] GC(151) - age  14:     385744 bytes,   14871648 total
[2025-12-03T15:51:42.884+0000][6][gc,age      ] GC(151) - age  15:       7912 bytes,   14879560 total
[2025-12-03T15:51:42.884+0000][6][gc,phases   ] GC(151)   Pre Evacuate Collection Set: 0.3ms
[2025-12-03T15:51:42.886+0000][6][gc,phases   ] GC(151)   Merge Heap Roots: 0.3ms
[2025-12-03T15:51:42.886+0000][6][gc,phases   ] GC(151)   Evacuate Collection Set: 17.7ms
[2025-12-03T15:51:42.887+0000][6][gc,phases   ] GC(151)   Post Evacuate Collection Set: 2.0ms
[2025-12-03T15:51:42.887+0000][6][gc,phases   ] GC(151)   Other: 2.8ms
[2025-12-03T15:51:42.887+0000][6][gc,heap     ] GC(151) Eden regions: 62->0(62)
[2025-12-03T15:51:42.887+0000][6][gc,heap     ] GC(151) Survivor regions: 4->4(9)
[2025-12-03T15:51:42.887+0000][6][gc,heap     ] GC(151) Old regions: 34->34
[2025-12-03T15:51:42.887+0000][6][gc,heap     ] GC(151) Archive regions: 2->2
[2025-12-03T15:51:42.887+0000][6][gc,heap     ] GC(151) Humongous regions: 2->2
[2025-12-03T15:51:42.887+0000][6][gc,metaspace] GC(151) Metaspace: 118167K(119808K)->118167K(119808K) NonClass: 103245K(104192K)->103245K(104192K) Class: 14922K(15616K)->14922K(15616K)
[2025-12-03T15:51:42.887+0000][6][gc          ] GC(151) Pause Young (Normal) (G1 Evacuation Pause) 408M->160M(512M) 25.707ms
[2025-12-03T15:51:42.887+0000][6][gc,cpu      ] GC(151) User=0.14s Sys=0.00s Real=0.02s
[2025-12-03T15:51:42.887+0000][6][safepoint   ] Safepoint "G1CollectForAllocation", Time since last: 5488199711 ns, Reaching safepoint: 263084 ns, At safepoint: 26286833 ns, Total: 26549917 ns
[2025-12-03T15:51:45.891+0000][6][safepoint   ] Safepoint "Cleanup", Time since last: 3003306751 ns, Reaching safepoint: 124167 ns, At safepoint: 6833 ns, Total: 131000 ns
[2025-12-03T15:52:01.916+0000][6][safepoint   ] Safepoint "Cleanup", Time since last: 16024322966 ns, Reaching safepoint: 75917 ns, At safepoint: 3500 ns, Total: 79417 ns
[2025-12-03T15:52:18.790+0000][6][gc,start    ] GC(152) Pause Young (Normal) (G1 Evacuation Pause)
[2025-12-03T15:52:18.790+0000][6][gc,task     ] GC(152) Using 8 workers of 8 for evacuation
[2025-12-03T15:52:18.791+0000][6][gc,age      ] GC(152) Desired survivor size 18874368 bytes, new threshold 15 (max threshold 15)
[2025-12-03T15:52:18.800+0000][6][gc,age      ] GC(152) Age table with threshold 15 (max threshold 15)
[2025-12-03T15:52:18.800+0000][6][gc,age      ] GC(152) - age   1:    2557264 bytes,    2557264 total
[2025-12-03T15:52:18.800+0000][6][gc,age      ] GC(152) - age   2:     151472 bytes,    2708736 total
[2025-12-03T15:52:18.800+0000][6][gc,age      ] GC(152) - age   3:      26600 bytes,    2735336 total
[2025-12-03T15:52:18.800+0000][6][gc,age      ] GC(152) - age   4:      38040 bytes,    2773376 total
[2025-12-03T15:52:18.800+0000][6][gc,age      ] GC(152) - age   5:      73376 bytes,    2846752 total
[2025-12-03T15:52:18.800+0000][6][gc,age      ] GC(152) - age   6:      57232 bytes,    2903984 total
[2025-12-03T15:52:18.800+0000][6][gc,age      ] GC(152) - age   7:      25272 bytes,    2929256 total
[2025-12-03T15:52:18.800+0000][6][gc,age      ] GC(152) - age   8:      18600 bytes,    2947856 total
[2025-12-03T15:52:18.800+0000][6][gc,age      ] GC(152) - age   9:     576760 bytes,    3524616 total
[2025-12-03T15:52:18.800+0000][6][gc,age      ] GC(152) - age  10:      34216 bytes,    3558832 total
[2025-12-03T15:52:18.800+0000][6][gc,age      ] GC(152) - age  11:      18336 bytes,    3577168 total
[2025-12-03T15:52:18.800+0000][6][gc,age      ] GC(152) - age  12:    8751104 bytes,   12328272 total
[2025-12-03T15:52:18.800+0000][6][gc,age      ] GC(152) - age  13:     750976 bytes,   13079248 total
[2025-12-03T15:52:18.800+0000][6][gc,age      ] GC(152) - age  14:    1339808 bytes,   14419056 total
[2025-12-03T15:52:18.800+0000][6][gc,age      ] GC(152) - age  15:     385744 bytes,   14804800 total
[2025-12-03T15:52:18.800+0000][6][gc,phases   ] GC(152)   Pre Evacuate Collection Set: 0.2ms
[2025-12-03T15:52:18.800+0000][6][gc,phases   ] GC(152)   Merge Heap Roots: 0.1ms
[2025-12-03T15:52:18.800+0000][6][gc,phases   ] GC(152)   Evacuate Collection Set: 7.4ms
[2025-12-03T15:52:18.800+0000][6][gc,phases   ] GC(152)   Post Evacuate Collection Set: 1.4ms
[2025-12-03T15:52:18.800+0000][6][gc,phases   ] GC(152)   Other: 1.2ms
[2025-12-03T15:52:18.800+0000][6][gc,heap     ] GC(152) Eden regions: 62->0(62)
[2025-12-03T15:52:18.800+0000][6][gc,heap     ] GC(152) Survivor regions: 4->4(9)
[2025-12-03T15:52:18.800+0000][6][gc,heap     ] GC(152) Old regions: 34->34
[2025-12-03T15:52:18.801+0000][6][gc,heap     ] GC(152) Archive regions: 2->2
[2025-12-03T15:52:18.801+0000][6][gc,heap     ] GC(152) Humongous regions: 2->2
[2025-12-03T15:52:18.801+0000][6][gc,metaspace] GC(152) Metaspace: 118168K(119808K)->118168K(119808K) NonClass: 103245K(104192K)->103245K(104192K) Class: 14922K(15616K)->14922K(15616K)
[2025-12-03T15:52:18.801+0000][6][gc          ] GC(152) Pause Young (Normal) (G1 Evacuation Pause) 408M->160M(512M) 10.618ms
[2025-12-03T15:52:18.801+0000][6][gc,cpu      ] GC(152) User=0.06s Sys=0.00s Real=0.01s
[2025-12-03T15:52:18.801+0000][6][safepoint   ] Safepoint "G1CollectForAllocation", Time since last: 16874124341 ns, Reaching safepoint: 225625 ns, At safepoint: 10822584 ns, Total: 11048209 ns
[2025-12-03T15:52:58.400+0000][6][gc,start    ] GC(153) Pause Young (Normal) (G1 Evacuation Pause)
[2025-12-03T15:52:58.401+0000][6][gc,task     ] GC(153) Using 8 workers of 8 for evacuation
[2025-12-03T15:52:58.401+0000][6][gc,age      ] GC(153) Desired survivor size 18874368 bytes, new threshold 15 (max threshold 15)
[2025-12-03T15:52:58.412+0000][6][gc,age      ] GC(153) Age table with threshold 15 (max threshold 15)
[2025-12-03T15:52:58.412+0000][6][gc,age      ] GC(153) - age   1:    1802104 bytes,    1802104 total
[2025-12-03T15:52:58.412+0000][6][gc,age      ] GC(153) - age   2:     880992 bytes,    2683096 total
[2025-12-03T15:52:58.412+0000][6][gc,age      ] GC(153) - age   3:     132232 bytes,    2815328 total
[2025-12-03T15:52:58.412+0000][6][gc,age      ] GC(153) - age   4:      25832 bytes,    2841160 total
[2025-12-03T15:52:58.412+0000][6][gc,age      ] GC(153) - age   5:      37944 bytes,    2879104 total
[2025-12-03T15:52:58.412+0000][6][gc,age      ] GC(153) - age   6:      73344 bytes,    2952448 total
[2025-12-03T15:52:58.412+0000][6][gc,age      ] GC(153) - age   7:      57232 bytes,    3009680 total
[2025-12-03T15:52:58.413+0000][6][gc,age      ] GC(153) - age   8:      25272 bytes,    3034952 total
[2025-12-03T15:52:58.413+0000][6][gc,age      ] GC(153) - age   9:      18600 bytes,    3053552 total
[2025-12-03T15:52:58.413+0000][6][gc,age      ] GC(153) - age  10:     576760 bytes,    3630312 total
[2025-12-03T15:52:58.413+0000][6][gc,age      ] GC(153) - age  11:      34216 bytes,    3664528 total
[2025-12-03T15:52:58.413+0000][6][gc,age      ] GC(153) - age  12:      18336 bytes,    3682864 total
[2025-12-03T15:52:58.413+0000][6][gc,age      ] GC(153) - age  13:    8751104 bytes,   12433968 total
[2025-12-03T15:52:58.413+0000][6][gc,age      ] GC(153) - age  14:     750976 bytes,   13184944 total
[2025-12-03T15:52:58.413+0000][6][gc,age      ] GC(153) - age  15:    1339808 bytes,   14524752 total
[2025-12-03T15:52:58.413+0000][6][gc,phases   ] GC(153)   Pre Evacuate Collection Set: 0.3ms
[2025-12-03T15:52:58.413+0000][6][gc,phases   ] GC(153)   Merge Heap Roots: 0.1ms
[2025-12-03T15:52:58.413+0000][6][gc,phases   ] GC(153)   Evacuate Collection Set: 8.7ms
[2025-12-03T15:52:58.413+0000][6][gc,phases   ] GC(153)   Post Evacuate Collection Set: 1.8ms
[2025-12-03T15:52:58.413+0000][6][gc,phases   ] GC(153)   Other: 1.9ms
[2025-12-03T15:52:58.413+0000][6][gc,heap     ] GC(153) Eden regions: 62->0(62)
[2025-12-03T15:52:58.413+0000][6][gc,heap     ] GC(153) Survivor regions: 4->4(9)
[2025-12-03T15:52:58.413+0000][6][gc,heap     ] GC(153) Old regions: 34->34
[2025-12-03T15:52:58.413+0000][6][gc,heap     ] GC(153) Archive regions: 2->2
[2025-12-03T15:52:58.413+0000][6][gc,heap     ] GC(153) Humongous regions: 2->2
[2025-12-03T15:52:58.413+0000][6][gc,metaspace] GC(153) Metaspace: 118169K(119808K)->118169K(119808K) NonClass: 103246K(104192K)->103246K(104192K) Class: 14922K(15616K)->14922K(15616K)
[2025-12-03T15:52:58.413+0000][6][gc          ] GC(153) Pause Young (Normal) (G1 Evacuation Pause) 408M->160M(512M) 13.252ms
[2025-12-03T15:52:58.413+0000][6][gc,cpu      ] GC(153) User=0.08s Sys=0.00s Real=0.02s
[2025-12-03T15:52:58.413+0000][6][safepoint   ] Safepoint "G1CollectForAllocation", Time since last: 39597383351 ns, Reaching safepoint: 430750 ns, At safepoint: 13500583 ns, Total: 13931333 ns
[2025-12-03T15:53:07.456+0000][6][safepoint   ] Safepoint "Cleanup", Time since last: 9035375337 ns, Reaching safepoint: 1797334 ns, At safepoint: 4597458 ns, Total: 6394792 ns
[2025-12-03T15:53:30.911+0000][6][gc,start    ] GC(154) Pause Young (Normal) (G1 Evacuation Pause)
[2025-12-03T15:53:30.912+0000][6][gc,task     ] GC(154) Using 8 workers of 8 for evacuation
[2025-12-03T15:53:30.912+0000][6][gc,age      ] GC(154) Desired survivor size 18874368 bytes, new threshold 15 (max threshold 15)
[2025-12-03T15:53:30.924+0000][6][gc,age      ] GC(154) Age table with threshold 15 (max threshold 15)
[2025-12-03T15:53:30.924+0000][6][gc,age      ] GC(154) - age   1:    2996032 bytes,    2996032 total
[2025-12-03T15:53:30.924+0000][6][gc,age      ] GC(154) - age   2:      99696 bytes,    3095728 total
[2025-12-03T15:53:30.924+0000][6][gc,age      ] GC(154) - age   3:     527616 bytes,    3623344 total
[2025-12-03T15:53:30.924+0000][6][gc,age      ] GC(154) - age   4:     111176 bytes,    3734520 total
[2025-12-03T15:53:30.924+0000][6][gc,age      ] GC(154) - age   5:      25152 bytes,    3759672 total
[2025-12-03T15:53:30.924+0000][6][gc,age      ] GC(154) - age   6:      37944 bytes,    3797616 total
[2025-12-03T15:53:30.924+0000][6][gc,age      ] GC(154) - age   7:      73152 bytes,    3870768 total
[2025-12-03T15:53:30.924+0000][6][gc,age      ] GC(154) - age   8:      57232 bytes,    3928000 total
[2025-12-03T15:53:30.924+0000][6][gc,age      ] GC(154) - age   9:      25272 bytes,    3953272 total
[2025-12-03T15:53:30.924+0000][6][gc,age      ] GC(154) - age  10:      18600 bytes,    3971872 total
[2025-12-03T15:53:30.924+0000][6][gc,age      ] GC(154) - age  11:     576760 bytes,    4548632 total
[2025-12-03T15:53:30.924+0000][6][gc,age      ] GC(154) - age  12:      34216 bytes,    4582848 total
[2025-12-03T15:53:30.924+0000][6][gc,age      ] GC(154) - age  13:      18336 bytes,    4601184 total
[2025-12-03T15:53:30.924+0000][6][gc,age      ] GC(154) - age  14:    8751104 bytes,   13352288 total
[2025-12-03T15:53:30.924+0000][6][gc,age      ] GC(154) - age  15:     750976 bytes,   14103264 total
[2025-12-03T15:53:30.925+0000][6][gc,phases   ] GC(154)   Pre Evacuate Collection Set: 0.4ms
[2025-12-03T15:53:30.925+0000][6][gc,phases   ] GC(154)   Merge Heap Roots: 0.2ms
[2025-12-03T15:53:30.925+0000][6][gc,phases   ] GC(154)   Evacuate Collection Set: 9.3ms
[2025-12-03T15:53:30.925+0000][6][gc,phases   ] GC(154)   Post Evacuate Collection Set: 1.6ms
[2025-12-03T15:53:30.925+0000][6][gc,phases   ] GC(154)   Other: 1.7ms
[2025-12-03T15:53:30.925+0000][6][gc,heap     ] GC(154) Eden regions: 62->0(62)
[2025-12-03T15:53:30.925+0000][6][gc,heap     ] GC(154) Survivor regions: 4->4(9)
[2025-12-03T15:53:30.925+0000][6][gc,heap     ] GC(154) Old regions: 34->34
[2025-12-03T15:53:30.925+0000][6][gc,heap     ] GC(154) Archive regions: 2->2
[2025-12-03T15:53:30.925+0000][6][gc,heap     ] GC(154) Humongous regions: 2->2
[2025-12-03T15:53:30.925+0000][6][gc,metaspace] GC(154) Metaspace: 118198K(119872K)->118198K(119872K) NonClass: 103276K(104256K)->103276K(104256K) Class: 14922K(15616K)->14922K(15616K)
[2025-12-03T15:53:30.925+0000][6][gc          ] GC(154) Pause Young (Normal) (G1 Evacuation Pause) 408M->162M(512M) 13.543ms
[2025-12-03T15:53:30.925+0000][6][gc,cpu      ] GC(154) User=0.08s Sys=0.00s Real=0.02s
[2025-12-03T15:53:30.925+0000][6][safepoint   ] Safepoint "G1CollectForAllocation", Time since last: 23454168594 ns, Reaching safepoint: 340208 ns, At safepoint: 13692375 ns, Total: 14032583 ns
[2025-12-03T15:53:36.937+0000][6][safepoint   ] Safepoint "Cleanup", Time since last: 6011722336 ns, Reaching safepoint: 128709 ns, At safepoint: 8833 ns, Total: 137542 ns
[2025-12-03T15:53:49.978+0000][6][safepoint   ] Safepoint "Cleanup", Time since last: 13039967339 ns, Reaching safepoint: 826750 ns, At safepoint: 23584 ns, Total: 850334 ns
[2025-12-03T15:54:00.994+0000][6][safepoint   ] Safepoint "Cleanup", Time since last: 11014878504 ns, Reaching safepoint: 498542 ns, At safepoint: 22917 ns, Total: 521459 ns
[2025-12-03T15:54:05.999+0000][6][safepoint   ] Safepoint "Cleanup", Time since last: 5004313335 ns, Reaching safepoint: 370875 ns, At safepoint: 5709 ns, Total: 376584 ns
[2025-12-03T15:54:10.010+0000][6][safepoint   ] Safepoint "Cleanup", Time since last: 4010731002 ns, Reaching safepoint: 465708 ns, At safepoint: 22458 ns, Total: 488166 ns
[2025-12-03T15:54:12.854+0000][6][gc,start    ] GC(155) Pause Young (Normal) (G1 Evacuation Pause)
[2025-12-03T15:54:12.855+0000][6][gc,task     ] GC(155) Using 8 workers of 8 for evacuation
[2025-12-03T15:54:12.855+0000][6][gc,age      ] GC(155) Desired survivor size 18874368 bytes, new threshold 15 (max threshold 15)
[2025-12-03T15:54:12.875+0000][6][gc,age      ] GC(155) Age table with threshold 15 (max threshold 15)
[2025-12-03T15:54:12.875+0000][6][gc,age      ] GC(155) - age   1:    1407440 bytes,    1407440 total
[2025-12-03T15:54:12.875+0000][6][gc,age      ] GC(155) - age   2:     154184 bytes,    1561624 total
[2025-12-03T15:54:12.876+0000][6][gc,age      ] GC(155) - age   3:      77312 bytes,    1638936 total
[2025-12-03T15:54:12.876+0000][6][gc,age      ] GC(155) - age   4:      25408 bytes,    1664344 total
[2025-12-03T15:54:12.876+0000][6][gc,age      ] GC(155) - age   5:     110984 bytes,    1775328 total
[2025-12-03T15:54:12.876+0000][6][gc,age      ] GC(155) - age   6:      25120 bytes,    1800448 total
[2025-12-03T15:54:12.876+0000][6][gc,age      ] GC(155) - age   7:      37944 bytes,    1838392 total
[2025-12-03T15:54:12.876+0000][6][gc,age      ] GC(155) - age   8:      73152 bytes,    1911544 total
[2025-12-03T15:54:12.876+0000][6][gc,age      ] GC(155) - age   9:      57232 bytes,    1968776 total
[2025-12-03T15:54:12.876+0000][6][gc,age      ] GC(155) - age  10:      24688 bytes,    1993464 total
[2025-12-03T15:54:12.876+0000][6][gc,age      ] GC(155) - age  11:      18600 bytes,    2012064 total
[2025-12-03T15:54:12.876+0000][6][gc,age      ] GC(155) - age  12:     576760 bytes,    2588824 total
[2025-12-03T15:54:12.876+0000][6][gc,age      ] GC(155) - age  13:      34216 bytes,    2623040 total
[2025-12-03T15:54:12.877+0000][6][gc,age      ] GC(155) - age  14:      18336 bytes,    2641376 total
[2025-12-03T15:54:12.877+0000][6][gc,age      ] GC(155) - age  15:    8751104 bytes,   11392480 total
[2025-12-03T15:54:12.877+0000][6][gc,phases   ] GC(155)   Pre Evacuate Collection Set: 0.8ms
[2025-12-03T15:54:12.877+0000][6][gc,phases   ] GC(155)   Merge Heap Roots: 0.3ms
[2025-12-03T15:54:12.877+0000][6][gc,phases   ] GC(155)   Evacuate Collection Set: 15.9ms
[2025-12-03T15:54:12.877+0000][6][gc,phases   ] GC(155)   Post Evacuate Collection Set: 3.0ms
[2025-12-03T15:54:12.877+0000][6][gc,phases   ] GC(155)   Other: 2.9ms
[2025-12-03T15:54:12.877+0000][6][gc,heap     ] GC(155) Eden regions: 62->0(62)
[2025-12-03T15:54:12.877+0000][6][gc,heap     ] GC(155) Survivor regions: 4->4(9)
[2025-12-03T15:54:12.877+0000][6][gc,heap     ] GC(155) Old regions: 34->34
[2025-12-03T15:54:12.877+0000][6][gc,heap     ] GC(155) Archive regions: 2->2
[2025-12-03T15:54:12.878+0000][6][gc,heap     ] GC(155) Humongous regions: 2->2
[2025-12-03T15:54:12.878+0000][6][gc,metaspace] GC(155) Metaspace: 118199K(119872K)->118199K(119872K) NonClass: 103276K(104256K)->103276K(104256K) Class: 14923K(15616K)->14923K(15616K)
[2025-12-03T15:54:12.878+0000][6][gc          ] GC(155) Pause Young (Normal) (G1 Evacuation Pause) 410M->159M(512M) 23.683ms
[2025-12-03T15:54:12.878+0000][6][gc,cpu      ] GC(155) User=0.13s Sys=0.00s Real=0.02s
[2025-12-03T15:54:12.878+0000][6][safepoint   ] Safepoint "G1CollectForAllocation", Time since last: 2843561460 ns, Reaching safepoint: 137875 ns, At safepoint: 24244125 ns, Total: 24382000 ns
[2025-12-03T15:54:13.879+0000][6][safepoint   ] Safepoint "Cleanup", Time since last: 1000809834 ns, Reaching safepoint: 97375 ns, At safepoint: 3500 ns, Total: 100875 ns
[2025-12-03T15:54:16.883+0000][6][safepoint   ] Safepoint "Cleanup", Time since last: 3003846210 ns, Reaching safepoint: 347666 ns, At safepoint: 19792 ns, Total: 367458 ns
[2025-12-03T15:54:26.896+0000][6][safepoint   ] Safepoint "Cleanup", Time since last: 10012133671 ns, Reaching safepoint: 821375 ns, At safepoint: 63625 ns, Total: 885000 ns
[2025-12-03T15:54:50.037+0000][6][gc,start    ] GC(156) Pause Young (Normal) (G1 Evacuation Pause)
[2025-12-03T15:54:50.038+0000][6][gc,task     ] GC(156) Using 8 workers of 8 for evacuation
[2025-12-03T15:54:50.038+0000][6][gc,age      ] GC(156) Desired survivor size 18874368 bytes, new threshold 15 (max threshold 15)
[2025-12-03T15:54:50.050+0000][6][gc,age      ] GC(156) Age table with threshold 15 (max threshold 15)
[2025-12-03T15:54:50.050+0000][6][gc,age      ] GC(156) - age   1:    1457496 bytes,    1457496 total
[2025-12-03T15:54:50.050+0000][6][gc,age      ] GC(156) - age   2:     851064 bytes,    2308560 total
[2025-12-03T15:54:50.050+0000][6][gc,age      ] GC(156) - age   3:      28480 bytes,    2337040 total
[2025-12-03T15:54:50.050+0000][6][gc,age      ] GC(156) - age   4:      57912 bytes,    2394952 total
[2025-12-03T15:54:50.050+0000][6][gc,age      ] GC(156) - age   5:      25056 bytes,    2420008 total
[2025-12-03T15:54:50.050+0000][6][gc,age      ] GC(156) - age   6:     110920 bytes,    2530928 total
[2025-12-03T15:54:50.050+0000][6][gc,age      ] GC(156) - age   7:      25120 bytes,    2556048 total
[2025-12-03T15:54:50.050+0000][6][gc,age      ] GC(156) - age   8:      37880 bytes,    2593928 total
[2025-12-03T15:54:50.050+0000][6][gc,age      ] GC(156) - age   9:      73152 bytes,    2667080 total
[2025-12-03T15:54:50.050+0000][6][gc,age      ] GC(156) - age  10:      57232 bytes,    2724312 total
[2025-12-03T15:54:50.050+0000][6][gc,age      ] GC(156) - age  11:      24688 bytes,    2749000 total
[2025-12-03T15:54:50.050+0000][6][gc,age      ] GC(156) - age  12:      18600 bytes,    2767600 total
[2025-12-03T15:54:50.050+0000][6][gc,age      ] GC(156) - age  13:     576760 bytes,    3344360 total
[2025-12-03T15:54:50.051+0000][6][gc,age      ] GC(156) - age  14:      34216 bytes,    3378576 total
[2025-12-03T15:54:50.051+0000][6][gc,age      ] GC(156) - age  15:      18336 bytes,    3396912 total
[2025-12-03T15:54:50.051+0000][6][gc,phases   ] GC(156)   Pre Evacuate Collection Set: 0.3ms
[2025-12-03T15:54:50.051+0000][6][gc,phases   ] GC(156)   Merge Heap Roots: 0.1ms
[2025-12-03T15:54:50.051+0000][6][gc,phases   ] GC(156)   Evacuate Collection Set: 8.4ms
[2025-12-03T15:54:50.051+0000][6][gc,phases   ] GC(156)   Post Evacuate Collection Set: 2.6ms
[2025-12-03T15:54:50.051+0000][6][gc,phases   ] GC(156)   Other: 2.7ms
[2025-12-03T15:54:50.051+0000][6][gc,heap     ] GC(156) Eden regions: 62->0(64)
[2025-12-03T15:54:50.051+0000][6][gc,heap     ] GC(156) Survivor regions: 4->2(9)
[2025-12-03T15:54:50.051+0000][6][gc,heap     ] GC(156) Old regions: 34->36
[2025-12-03T15:54:50.051+0000][6][gc,heap     ] GC(156) Archive regions: 2->2
[2025-12-03T15:54:50.051+0000][6][gc,heap     ] GC(156) Humongous regions: 2->2
[2025-12-03T15:54:50.051+0000][6][gc,metaspace] GC(156) Metaspace: 118199K(119872K)->118199K(119872K) NonClass: 103276K(104256K)->103276K(104256K) Class: 14923K(15616K)->14923K(15616K)
[2025-12-03T15:54:50.051+0000][6][gc          ] GC(156) Pause Young (Normal) (G1 Evacuation Pause) 407M->160M(512M) 13.952ms
[2025-12-03T15:54:50.051+0000][6][gc,cpu      ] GC(156) User=0.07s Sys=0.00s Real=0.01s
[2025-12-03T15:54:50.051+0000][6][safepoint   ] Safepoint "G1CollectForAllocation", Time since last: 23139630011 ns, Reaching safepoint: 397833 ns, At safepoint: 15047834 ns, Total: 15445667 ns
[2025-12-03T15:55:08.094+0000][6][safepoint   ] Safepoint "Cleanup", Time since last: 18040658549 ns, Reaching safepoint: 1065084 ns, At safepoint: 60708 ns, Total: 1125792 ns
[2025-12-03T15:55:16.109+0000][6][safepoint   ] Safepoint "Cleanup", Time since last: 8014726712 ns, Reaching safepoint: 95250 ns, At safepoint: 4292 ns, Total: 99542 ns
[2025-12-03T15:55:28.349+0000][6][gc,start    ] GC(157) Pause Young (Concurrent Start) (G1 Evacuation Pause)
[2025-12-03T15:55:28.351+0000][6][gc,task     ] GC(157) Using 8 workers of 8 for evacuation
[2025-12-03T15:55:28.351+0000][6][gc,age      ] GC(157) Desired survivor size 18874368 bytes, new threshold 15 (max threshold 15)
[2025-12-03T15:55:28.401+0000][6][gc,age      ] GC(157) Age table with threshold 15 (max threshold 15)
[2025-12-03T15:55:28.402+0000][6][gc,age      ] GC(157) - age   1:    2309520 bytes,    2309520 total
[2025-12-03T15:55:28.402+0000][6][gc,age      ] GC(157) - age   2:     118928 bytes,    2428448 total
[2025-12-03T15:55:28.402+0000][6][gc,age      ] GC(157) - age   3:     525112 bytes,    2953560 total
[2025-12-03T15:55:28.402+0000][6][gc,age      ] GC(157) - age   4:      19192 bytes,    2972752 total
[2025-12-03T15:55:28.402+0000][6][gc,age      ] GC(157) - age   5:      57424 bytes,    3030176 total
[2025-12-03T15:55:28.402+0000][6][gc,age      ] GC(157) - age   6:      24864 bytes,    3055040 total
[2025-12-03T15:55:28.402+0000][6][gc,age      ] GC(157) - age   7:     110856 bytes,    3165896 total
[2025-12-03T15:55:28.402+0000][6][gc,age      ] GC(157) - age   8:      25120 bytes,    3191016 total
[2025-12-03T15:55:28.402+0000][6][gc,age      ] GC(157) - age   9:      37768 bytes,    3228784 total
[2025-12-03T15:55:28.402+0000][6][gc,age      ] GC(157) - age  10:      73152 bytes,    3301936 total
[2025-12-03T15:55:28.402+0000][6][gc,age      ] GC(157) - age  11:      57232 bytes,    3359168 total
[2025-12-03T15:55:28.402+0000][6][gc,age      ] GC(157) - age  12:      24688 bytes,    3383856 total
[2025-12-03T15:55:28.402+0000][6][gc,age      ] GC(157) - age  13:      18600 bytes,    3402456 total
[2025-12-03T15:55:28.402+0000][6][gc,age      ] GC(157) - age  14:     576760 bytes,    3979216 total
[2025-12-03T15:55:28.402+0000][6][gc,age      ] GC(157) - age  15:      34216 bytes,    4013432 total
[2025-12-03T15:55:28.402+0000][6][gc,phases   ] GC(157)   Pre Evacuate Collection Set: 5.8ms
[2025-12-03T15:55:28.402+0000][6][gc,phases   ] GC(157)   Merge Heap Roots: 0.4ms
[2025-12-03T15:55:28.402+0000][6][gc,phases   ] GC(157)   Evacuate Collection Set: 40.8ms
[2025-12-03T15:55:28.402+0000][6][gc,phases   ] GC(157)   Post Evacuate Collection Set: 2.0ms
[2025-12-03T15:55:28.403+0000][6][gc,phases   ] GC(157)   Other: 5.1ms
[2025-12-03T15:55:28.403+0000][6][gc,heap     ] GC(157) Eden regions: 64->0(64)
[2025-12-03T15:55:28.403+0000][6][gc,heap     ] GC(157) Survivor regions: 2->2(9)
[2025-12-03T15:55:28.403+0000][6][gc,heap     ] GC(157) Old regions: 36->36
[2025-12-03T15:55:28.403+0000][6][gc,heap     ] GC(157) Archive regions: 2->2
[2025-12-03T15:55:28.403+0000][6][gc,heap     ] GC(157) Humongous regions: 2->2
[2025-12-03T15:55:28.403+0000][6][gc,metaspace] GC(157) Metaspace: 118199K(119872K)->118199K(119872K) NonClass: 103276K(104256K)->103276K(104256K) Class: 14923K(15616K)->14923K(15616K)
[2025-12-03T15:55:28.403+0000][6][gc          ] GC(157) Pause Young (Concurrent Start) (G1 Evacuation Pause) 416M->160M(512M) 54.138ms
[2025-12-03T15:55:28.403+0000][6][gc,cpu      ] GC(157) User=0.13s Sys=0.01s Real=0.05s
[2025-12-03T15:55:28.403+0000][6][safepoint   ] Safepoint "G1CollectForAllocation", Time since last: 12238651172 ns, Reaching safepoint: 677167 ns, At safepoint: 54886792 ns, Total: 55563959 ns
[2025-12-03T15:55:28.404+0000][6][gc          ] GC(158) Concurrent Mark Cycle
[2025-12-03T15:55:28.404+0000][6][gc,marking  ] GC(158) Concurrent Clear Claimed Marks
[2025-12-03T15:55:28.404+0000][6][gc,marking  ] GC(158) Concurrent Clear Claimed Marks 0.335ms
[2025-12-03T15:55:28.404+0000][6][gc,marking  ] GC(158) Concurrent Scan Root Regions
[2025-12-03T15:55:28.425+0000][6][gc,marking  ] GC(158) Concurrent Scan Root Regions 20.586ms
[2025-12-03T15:55:28.425+0000][6][gc,marking  ] GC(158) Concurrent Mark
[2025-12-03T15:55:28.425+0000][6][gc,marking  ] GC(158) Concurrent Mark From Roots
[2025-12-03T15:55:28.425+0000][6][gc,task     ] GC(158) Using 2 workers of 2 for marking
[2025-12-03T15:55:28.585+0000][6][gc,marking  ] GC(158) Concurrent Mark From Roots 159.851ms
[2025-12-03T15:55:28.585+0000][6][gc,marking  ] GC(158) Concurrent Preclean
[2025-12-03T15:55:28.586+0000][6][gc,marking  ] GC(158) Concurrent Preclean 0.873ms
[2025-12-03T15:55:28.586+0000][6][gc,start    ] GC(158) Pause Remark
[2025-12-03T15:55:28.710+0000][6][gc          ] GC(158) Pause Remark 162M->162M(512M) 123.819ms
[2025-12-03T15:55:28.710+0000][6][gc,cpu      ] GC(158) User=0.87s Sys=0.00s Real=0.12s
[2025-12-03T15:55:28.710+0000][6][safepoint   ] Safepoint "G1Concurrent", Time since last: 182569875 ns, Reaching safepoint: 39875 ns, At safepoint: 124158708 ns, Total: 124198583 ns
[2025-12-03T15:55:28.711+0000][6][gc,marking  ] GC(158) Concurrent Mark 286.330ms
[2025-12-03T15:55:28.711+0000][6][gc,marking  ] GC(158) Concurrent Rebuild Remembered Sets
[2025-12-03T15:55:28.750+0000][6][gc,marking  ] GC(158) Concurrent Rebuild Remembered Sets 39.047ms
[2025-12-03T15:55:28.752+0000][6][gc,start    ] GC(158) Pause Cleanup
[2025-12-03T15:55:28.752+0000][6][gc          ] GC(158) Pause Cleanup 162M->162M(512M) 0.309ms
[2025-12-03T15:55:28.752+0000][6][gc,cpu      ] GC(158) User=0.00s Sys=0.00s Real=0.00s
[2025-12-03T15:55:28.752+0000][6][safepoint   ] Safepoint "G1Concurrent", Time since last: 41284209 ns, Reaching safepoint: 578666 ns, At safepoint: 723084 ns, Total: 1301750 ns
[2025-12-03T15:55:28.752+0000][6][gc,marking  ] GC(158) Concurrent Cleanup for Next Mark
[2025-12-03T15:55:28.759+0000][6][gc,marking  ] GC(158) Concurrent Cleanup for Next Mark 6.855ms
[2025-12-03T15:55:28.760+0000][6][gc          ] GC(158) Concurrent Mark Cycle 356.203ms
[2025-12-03T15:55:29.756+0000][6][safepoint   ] Safepoint "Cleanup", Time since last: 1001835875 ns, Reaching safepoint: 1473917 ns, At safepoint: 19666 ns, Total: 1493583 ns
[2025-12-03T15:55:30.891+0000][6][safepoint   ] Safepoint "ICBufferFull", Time since last: 1133710792 ns, Reaching safepoint: 116333 ns, At safepoint: 4125 ns, Total: 120458 ns
[2025-12-03T15:55:30.907+0000][6][safepoint   ] Safepoint "ICBufferFull", Time since last: 16594167 ns, Reaching safepoint: 89917 ns, At safepoint: 3083 ns, Total: 93000 ns
[2025-12-03T15:55:30.924+0000][6][safepoint   ] Safepoint "ICBufferFull", Time since last: 16648750 ns, Reaching safepoint: 88917 ns, At safepoint: 5666 ns, Total: 94583 ns
[2025-12-03T15:55:31.421+0000][6][safepoint   ] Safepoint "ICBufferFull", Time since last: 497129167 ns, Reaching safepoint: 128542 ns, At safepoint: 4292 ns, Total: 132834 ns
[2025-12-03T15:55:31.431+0000][6][safepoint   ] Safepoint "ICBufferFull", Time since last: 9897958 ns, Reaching safepoint: 179667 ns, At safepoint: 4125 ns, Total: 183792 ns
[2025-12-03T15:55:31.440+0000][6][safepoint   ] Safepoint "ICBufferFull", Time since last: 8579500 ns, Reaching safepoint: 148083 ns, At safepoint: 15875 ns, Total: 163958 ns
[2025-12-03T15:55:32.441+0000][6][safepoint   ] Safepoint "Cleanup", Time since last: 1001123459 ns, Reaching safepoint: 129958 ns, At safepoint: 4417 ns, Total: 134375 ns
[2025-12-03T15:55:34.446+0000][6][safepoint   ] Safepoint "Cleanup", Time since last: 2004473042 ns, Reaching safepoint: 268834 ns, At safepoint: 12625 ns, Total: 281459 ns
[2025-12-03T15:55:37.450+0000][6][safepoint   ] Safepoint "Cleanup", Time since last: 3003391668 ns, Reaching safepoint: 131625 ns, At safepoint: 3708 ns, Total: 135333 ns
[2025-12-03T15:55:39.458+0000][6][safepoint   ] Safepoint "Cleanup", Time since last: 2007422501 ns, Reaching safepoint: 583125 ns, At safepoint: 37667 ns, Total: 620792 ns
[2025-12-03T15:55:52.481+0000][6][safepoint   ] Safepoint "Cleanup", Time since last: 13023306464 ns, Reaching safepoint: 144125 ns, At safepoint: 4000 ns, Total: 148125 ns
[2025-12-03T15:56:04.602+0000][6][gc,start    ] GC(159) Pause Young (Normal) (G1 Evacuation Pause)
[2025-12-03T15:56:04.603+0000][6][gc,task     ] GC(159) Using 8 workers of 8 for evacuation
[2025-12-03T15:56:04.604+0000][6][gc,age      ] GC(159) Desired survivor size 18874368 bytes, new threshold 15 (max threshold 15)
[2025-12-03T15:56:04.630+0000][6][gc,age      ] GC(159) Age table with threshold 15 (max threshold 15)
[2025-12-03T15:56:04.630+0000][6][gc,age      ] GC(159) - age   1:    2990632 bytes,    2990632 total
[2025-12-03T15:56:04.631+0000][6][gc,age      ] GC(159) - age   2:     303648 bytes,    3294280 total
[2025-12-03T15:56:04.631+0000][6][gc,age      ] GC(159) - age   3:      56960 bytes,    3351240 total
[2025-12-03T15:56:04.631+0000][6][gc,age      ] GC(159) - age   4:     524728 bytes,    3875968 total
[2025-12-03T15:56:04.631+0000][6][gc,age      ] GC(159) - age   5:      18760 bytes,    3894728 total
[2025-12-03T15:56:04.631+0000][6][gc,age      ] GC(159) - age   6:      57424 bytes,    3952152 total
[2025-12-03T15:56:04.631+0000][6][gc,age      ] GC(159) - age   7:      24864 bytes,    3977016 total
[2025-12-03T15:56:04.631+0000][6][gc,age      ] GC(159) - age   8:     110856 bytes,    4087872 total
[2025-12-03T15:56:04.632+0000][6][gc,age      ] GC(159) - age   9:      25120 bytes,    4112992 total
[2025-12-03T15:56:04.632+0000][6][gc,age      ] GC(159) - age  10:      37768 bytes,    4150760 total
[2025-12-03T15:56:04.632+0000][6][gc,age      ] GC(159) - age  11:      73152 bytes,    4223912 total
[2025-12-03T15:56:04.632+0000][6][gc,age      ] GC(159) - age  12:      57232 bytes,    4281144 total
[2025-12-03T15:56:04.632+0000][6][gc,age      ] GC(159) - age  13:      24688 bytes,    4305832 total
[2025-12-03T15:56:04.632+0000][6][gc,age      ] GC(159) - age  14:      18600 bytes,    4324432 total
[2025-12-03T15:56:04.632+0000][6][gc,age      ] GC(159) - age  15:     576760 bytes,    4901192 total
[2025-12-03T15:56:04.632+0000][6][gc,phases   ] GC(159)   Pre Evacuate Collection Set: 0.6ms
[2025-12-03T15:56:04.633+0000][6][gc,phases   ] GC(159)   Merge Heap Roots: 0.3ms
[2025-12-03T15:56:04.633+0000][6][gc,phases   ] GC(159)   Evacuate Collection Set: 22.8ms
[2025-12-03T15:56:04.633+0000][6][gc,phases   ] GC(159)   Post Evacuate Collection Set: 2.9ms
[2025-12-03T15:56:04.633+0000][6][gc,phases   ] GC(159)   Other: 3.9ms
[2025-12-03T15:56:04.633+0000][6][gc,heap     ] GC(159) Eden regions: 64->0(63)
[2025-12-03T15:56:04.633+0000][6][gc,heap     ] GC(159) Survivor regions: 2->2(9)
[2025-12-03T15:56:04.633+0000][6][gc,heap     ] GC(159) Old regions: 36->36
[2025-12-03T15:56:04.633+0000][6][gc,heap     ] GC(159) Archive regions: 2->2
[2025-12-03T15:56:04.633+0000][6][gc,heap     ] GC(159) Humongous regions: 2->2
[2025-12-03T15:56:04.634+0000][6][gc,metaspace] GC(159) Metaspace: 118055K(119872K)->118055K(119872K) NonClass: 103165K(104256K)->103165K(104256K) Class: 14890K(15616K)->14890K(15616K)
[2025-12-03T15:56:04.634+0000][6][gc          ] GC(159) Pause Young (Normal) (G1 Evacuation Pause) 416M->160M(512M) 31.528ms
[2025-12-03T15:56:04.634+0000][6][gc,cpu      ] GC(159) User=0.17s Sys=0.03s Real=0.03s
[2025-12-03T15:56:04.634+0000][6][safepoint   ] Safepoint "G1CollectForAllocation", Time since last: 12119078880 ns, Reaching safepoint: 1060292 ns, At safepoint: 32185875 ns, Total: 33246167 ns
[2025-12-03T15:56:09.893+0000][6][safepoint   ] Safepoint "ICBufferFull", Time since last: 5258243211 ns, Reaching safepoint: 312042 ns, At safepoint: 12291 ns, Total: 324333 ns
[2025-12-03T15:56:10.898+0000][6][safepoint   ] Safepoint "Cleanup", Time since last: 1004949126 ns, Reaching safepoint: 140458 ns, At safepoint: 4000 ns, Total: 144458 ns
[2025-12-03T15:56:11.900+0000][6][safepoint   ] Safepoint "Cleanup", Time since last: 1002064001 ns, Reaching safepoint: 130208 ns, At safepoint: 4958 ns, Total: 135166 ns
[2025-12-03T15:56:40.758+0000][6][gc,start    ] GC(160) Pause Young (Concurrent Start) (G1 Evacuation Pause)
[2025-12-03T15:56:40.759+0000][6][gc,task     ] GC(160) Using 8 workers of 8 for evacuation
[2025-12-03T15:56:40.759+0000][6][gc,age      ] GC(160) Desired survivor size 18874368 bytes, new threshold 15 (max threshold 15)
[2025-12-03T15:56:40.783+0000][6][gc,age      ] GC(160) Age table with threshold 15 (max threshold 15)
[2025-12-03T15:56:40.784+0000][6][gc,age      ] GC(160) - age   1:    1588640 bytes,    1588640 total
[2025-12-03T15:56:40.784+0000][6][gc,age      ] GC(160) - age   2:     119296 bytes,    1707936 total
[2025-12-03T15:56:40.784+0000][6][gc,age      ] GC(160) - age   3:     101576 bytes,    1809512 total
[2025-12-03T15:56:40.784+0000][6][gc,age      ] GC(160) - age   4:      31504 bytes,    1841016 total
[2025-12-03T15:56:40.784+0000][6][gc,age      ] GC(160) - age   5:      26112 bytes,    1867128 total
[2025-12-03T15:56:40.784+0000][6][gc,age      ] GC(160) - age   6:      18400 bytes,    1885528 total
[2025-12-03T15:56:40.784+0000][6][gc,age      ] GC(160) - age   7:      57328 bytes,    1942856 total
[2025-12-03T15:56:40.784+0000][6][gc,age      ] GC(160) - age   8:      24864 bytes,    1967720 total
[2025-12-03T15:56:40.784+0000][6][gc,age      ] GC(160) - age   9:     110856 bytes,    2078576 total
[2025-12-03T15:56:40.784+0000][6][gc,age      ] GC(160) - age  10:      25120 bytes,    2103696 total
[2025-12-03T15:56:40.784+0000][6][gc,age      ] GC(160) - age  11:      29560 bytes,    2133256 total
[2025-12-03T15:56:40.784+0000][6][gc,age      ] GC(160) - age  12:      73152 bytes,    2206408 total
[2025-12-03T15:56:40.784+0000][6][gc,age      ] GC(160) - age  13:      57232 bytes,    2263640 total
[2025-12-03T15:56:40.784+0000][6][gc,age      ] GC(160) - age  14:      24688 bytes,    2288328 total
[2025-12-03T15:56:40.784+0000][6][gc,age      ] GC(160) - age  15:      18600 bytes,    2306928 total
[2025-12-03T15:56:40.784+0000][6][gc,phases   ] GC(160)   Pre Evacuate Collection Set: 2.2ms
[2025-12-03T15:56:40.784+0000][6][gc,phases   ] GC(160)   Merge Heap Roots: 0.1ms
[2025-12-03T15:56:40.784+0000][6][gc,phases   ] GC(160)   Evacuate Collection Set: 18.6ms
[2025-12-03T15:56:40.784+0000][6][gc,phases   ] GC(160)   Post Evacuate Collection Set: 3.4ms
[2025-12-03T15:56:40.784+0000][6][gc,phases   ] GC(160)   Other: 1.9ms
[2025-12-03T15:56:40.784+0000][6][gc,heap     ] GC(160) Eden regions: 63->0(64)
[2025-12-03T15:56:40.784+0000][6][gc,heap     ] GC(160) Survivor regions: 2->1(9)
[2025-12-03T15:56:40.785+0000][6][gc,heap     ] GC(160) Old regions: 36->37
[2025-12-03T15:56:40.785+0000][6][gc,heap     ] GC(160) Archive regions: 2->2
[2025-12-03T15:56:40.785+0000][6][gc,heap     ] GC(160) Humongous regions: 2->2
[2025-12-03T15:56:40.785+0000][6][gc,metaspace] GC(160) Metaspace: 118055K(119872K)->118055K(119872K) NonClass: 103165K(104256K)->103165K(104256K) Class: 14890K(15616K)->14890K(15616K)
[2025-12-03T15:56:40.785+0000][6][gc          ] GC(160) Pause Young (Concurrent Start) (G1 Evacuation Pause) 412M->158M(512M) 26.574ms
[2025-12-03T15:56:40.785+0000][6][gc,cpu      ] GC(160) User=0.08s Sys=0.00s Real=0.02s
[2025-12-03T15:56:40.785+0000][6][safepoint   ] Safepoint "G1CollectForAllocation", Time since last: 28857639221 ns, Reaching safepoint: 370084 ns, At safepoint: 26850333 ns, Total: 27220417 ns
[2025-12-03T15:56:40.785+0000][6][gc          ] GC(161) Concurrent Mark Cycle
[2025-12-03T15:56:40.785+0000][6][gc,marking  ] GC(161) Concurrent Clear Claimed Marks
[2025-12-03T15:56:40.785+0000][6][gc,marking  ] GC(161) Concurrent Clear Claimed Marks 0.135ms
[2025-12-03T15:56:40.785+0000][6][gc,marking  ] GC(161) Concurrent Scan Root Regions
[2025-12-03T15:56:40.788+0000][6][gc,marking  ] GC(161) Concurrent Scan Root Regions 2.975ms
[2025-12-03T15:56:40.788+0000][6][gc,marking  ] GC(161) Concurrent Mark
[2025-12-03T15:56:40.788+0000][6][gc,marking  ] GC(161) Concurrent Mark From Roots
[2025-12-03T15:56:40.788+0000][6][gc,task     ] GC(161) Using 2 workers of 2 for marking
[2025-12-03T15:56:40.861+0000][6][gc,marking  ] GC(161) Concurrent Mark From Roots 72.729ms
[2025-12-03T15:56:40.861+0000][6][gc,marking  ] GC(161) Concurrent Preclean
[2025-12-03T15:56:40.861+0000][6][gc,marking  ] GC(161) Concurrent Preclean 0.228ms
[2025-12-03T15:56:40.861+0000][6][gc,start    ] GC(161) Pause Remark
[2025-12-03T15:56:40.895+0000][6][gc          ] GC(161) Pause Remark 159M->159M(512M) 33.282ms
[2025-12-03T15:56:40.895+0000][6][gc,cpu      ] GC(161) User=0.22s Sys=0.00s Real=0.03s
[2025-12-03T15:56:40.895+0000][6][safepoint   ] Safepoint "G1Concurrent", Time since last: 76541375 ns, Reaching safepoint: 72417 ns, At safepoint: 33542125 ns, Total: 33614542 ns
[2025-12-03T15:56:40.895+0000][6][gc,marking  ] GC(161) Concurrent Mark 106.914ms
[2025-12-03T15:56:40.895+0000][6][gc,marking  ] GC(161) Concurrent Rebuild Remembered Sets
[2025-12-03T15:56:40.923+0000][6][gc,marking  ] GC(161) Concurrent Rebuild Remembered Sets 27.959ms
[2025-12-03T15:56:40.923+0000][6][gc,start    ] GC(161) Pause Cleanup
[2025-12-03T15:56:40.923+0000][6][gc          ] GC(161) Pause Cleanup 159M->159M(512M) 0.156ms
[2025-12-03T15:56:40.924+0000][6][gc,cpu      ] GC(161) User=0.00s Sys=0.00s Real=0.00s
[2025-12-03T15:56:40.924+0000][6][safepoint   ] Safepoint "G1Concurrent", Time since last: 28230625 ns, Reaching safepoint: 79375 ns, At safepoint: 259833 ns, Total: 339208 ns
[2025-12-03T15:56:40.924+0000][6][gc,marking  ] GC(161) Concurrent Cleanup for Next Mark
[2025-12-03T15:56:40.925+0000][6][gc,marking  ] GC(161) Concurrent Cleanup for Next Mark 1.267ms
[2025-12-03T15:56:40.925+0000][6][gc          ] GC(161) Concurrent Mark Cycle 140.137ms
[2025-12-03T15:56:42.929+0000][6][safepoint   ] Safepoint "Cleanup", Time since last: 2005270751 ns, Reaching safepoint: 259833 ns, At safepoint: 9917 ns, Total: 269750 ns
[2025-12-03T15:56:52.947+0000][6][safepoint   ] Safepoint "Cleanup", Time since last: 10017331921 ns, Reaching safepoint: 776125 ns, At safepoint: 26334 ns, Total: 802459 ns
[2025-12-03T15:56:55.959+0000][6][safepoint   ] Safepoint "Cleanup", Time since last: 3011926960 ns, Reaching safepoint: 168208 ns, At safepoint: 7125 ns, Total: 175333 ns
[2025-12-03T15:56:57.963+0000][6][safepoint   ] Safepoint "Cleanup", Time since last: 2003013043 ns, Reaching safepoint: 127541 ns, At safepoint: 4584 ns, Total: 132125 ns
[2025-12-03T15:57:07.982+0000][6][safepoint   ] Safepoint "Cleanup", Time since last: 10024884171 ns, Reaching safepoint: 322416 ns, At safepoint: 20292 ns, Total: 342708 ns
[2025-12-03T15:57:09.984+0000][6][safepoint   ] Safepoint "Cleanup", Time since last: 2001945668 ns, Reaching safepoint: 57708 ns, At safepoint: 3167 ns, Total: 60875 ns
[2025-12-03T15:57:12.998+0000][6][safepoint   ] Safepoint "Cleanup", Time since last: 3002714709 ns, Reaching safepoint: 10878875 ns, At safepoint: 51875 ns, Total: 10930750 ns
[2025-12-03T15:57:13.999+0000][6][safepoint   ] Safepoint "Cleanup", Time since last: 1001039001 ns, Reaching safepoint: 75583 ns, At safepoint: 3709 ns, Total: 79292 ns
[2025-12-03T15:57:18.958+0000][6][gc,start    ] GC(162) Pause Young (Normal) (G1 Evacuation Pause)
[2025-12-03T15:57:18.958+0000][6][gc,task     ] GC(162) Using 8 workers of 8 for evacuation
[2025-12-03T15:57:18.958+0000][6][gc,age      ] GC(162) Desired survivor size 18874368 bytes, new threshold 15 (max threshold 15)
[2025-12-03T15:57:18.972+0000][6][gc,age      ] GC(162) Age table with threshold 15 (max threshold 15)
[2025-12-03T15:57:18.972+0000][6][gc,age      ] GC(162) - age   1:    1854920 bytes,    1854920 total
[2025-12-03T15:57:18.972+0000][6][gc,age      ] GC(162) - age   2:     840000 bytes,    2694920 total
[2025-12-03T15:57:18.972+0000][6][gc,age      ] GC(162) - age   3:      72152 bytes,    2767072 total
[2025-12-03T15:57:18.972+0000][6][gc,age      ] GC(162) - age   4:      83464 bytes,    2850536 total
[2025-12-03T15:57:18.972+0000][6][gc,age      ] GC(162) - age   5:      26080 bytes,    2876616 total
[2025-12-03T15:57:18.972+0000][6][gc,age      ] GC(162) - age   6:      26048 bytes,    2902664 total
[2025-12-03T15:57:18.972+0000][6][gc,age      ] GC(162) - age   7:      18336 bytes,    2921000 total
[2025-12-03T15:57:18.972+0000][6][gc,age      ] GC(162) - age   8:      57328 bytes,    2978328 total
[2025-12-03T15:57:18.973+0000][6][gc,age      ] GC(162) - age   9:      24864 bytes,    3003192 total
[2025-12-03T15:57:18.973+0000][6][gc,age      ] GC(162) - age  10:     110856 bytes,    3114048 total
[2025-12-03T15:57:18.973+0000][6][gc,age      ] GC(162) - age  11:      25032 bytes,    3139080 total
[2025-12-03T15:57:18.973+0000][6][gc,age      ] GC(162) - age  12:      29560 bytes,    3168640 total
[2025-12-03T15:57:18.973+0000][6][gc,age      ] GC(162) - age  13:      73152 bytes,    3241792 total
[2025-12-03T15:57:18.973+0000][6][gc,age      ] GC(162) - age  14:      57232 bytes,    3299024 total
[2025-12-03T15:57:18.973+0000][6][gc,age      ] GC(162) - age  15:      24688 bytes,    3323712 total
[2025-12-03T15:57:18.973+0000][6][gc,phases   ] GC(162)   Pre Evacuate Collection Set: 0.4ms
[2025-12-03T15:57:18.973+0000][6][gc,phases   ] GC(162)   Merge Heap Roots: 0.2ms
[2025-12-03T15:57:18.974+0000][6][gc,phases   ] GC(162)   Evacuate Collection Set: 7.0ms
[2025-12-03T15:57:18.974+0000][6][gc,phases   ] GC(162)   Post Evacuate Collection Set: 6.6ms
[2025-12-03T15:57:18.974+0000][6][gc,phases   ] GC(162)   Other: 1.4ms
[2025-12-03T15:57:18.974+0000][6][gc,heap     ] GC(162) Eden regions: 64->0(64)
[2025-12-03T15:57:18.974+0000][6][gc,heap     ] GC(162) Survivor regions: 1->1(9)
[2025-12-03T15:57:18.974+0000][6][gc,heap     ] GC(162) Old regions: 37->37
[2025-12-03T15:57:18.974+0000][6][gc,heap     ] GC(162) Archive regions: 2->2
[2025-12-03T15:57:18.974+0000][6][gc,heap     ] GC(162) Humongous regions: 2->2
[2025-12-03T15:57:18.974+0000][6][gc,metaspace] GC(162) Metaspace: 118057K(119872K)->118057K(119872K) NonClass: 103166K(104256K)->103166K(104256K) Class: 14890K(15616K)->14890K(15616K)
[2025-12-03T15:57:18.974+0000][6][gc          ] GC(162) Pause Young (Normal) (G1 Evacuation Pause) 414M->159M(512M) 16.408ms
[2025-12-03T15:57:18.974+0000][6][gc,cpu      ] GC(162) User=0.09s Sys=0.00s Real=0.02s
[2025-12-03T15:57:18.974+0000][6][safepoint   ] Safepoint "G1CollectForAllocation", Time since last: 4957922377 ns, Reaching safepoint: 294125 ns, At safepoint: 16696375 ns, Total: 16990500 ns
[2025-12-03T15:57:27.986+0000][6][safepoint   ] Safepoint "Cleanup", Time since last: 9010893421 ns, Reaching safepoint: 1118500 ns, At safepoint: 20708 ns, Total: 1139208 ns
[2025-12-03T15:57:55.274+0000][6][gc,start    ] GC(163) Pause Young (Concurrent Start) (G1 Evacuation Pause)
[2025-12-03T15:57:55.275+0000][6][gc,task     ] GC(163) Using 8 workers of 8 for evacuation
[2025-12-03T15:57:55.275+0000][6][gc,age      ] GC(163) Desired survivor size 18874368 bytes, new threshold 15 (max threshold 15)
[2025-12-03T15:57:55.298+0000][6][gc,age      ] GC(163) Age table with threshold 15 (max threshold 15)
[2025-12-03T15:57:55.298+0000][6][gc,age      ] GC(163) - age   1:    2888328 bytes,    2888328 total
[2025-12-03T15:57:55.298+0000][6][gc,age      ] GC(163) - age   2:     141040 bytes,    3029368 total
[2025-12-03T15:57:55.298+0000][6][gc,age      ] GC(163) - age   3:     836952 bytes,    3866320 total
[2025-12-03T15:57:55.298+0000][6][gc,age      ] GC(163) - age   4:      46200 bytes,    3912520 total
[2025-12-03T15:57:55.298+0000][6][gc,age      ] GC(163) - age   5:      82904 bytes,    3995424 total
[2025-12-03T15:57:55.298+0000][6][gc,age      ] GC(163) - age   6:      25824 bytes,    4021248 total
[2025-12-03T15:57:55.298+0000][6][gc,age      ] GC(163) - age   7:      25920 bytes,    4047168 total
[2025-12-03T15:57:55.298+0000][6][gc,age      ] GC(163) - age   8:      18336 bytes,    4065504 total
[2025-12-03T15:57:55.298+0000][6][gc,age      ] GC(163) - age   9:      57328 bytes,    4122832 total
[2025-12-03T15:57:55.298+0000][6][gc,age      ] GC(163) - age  10:      24864 bytes,    4147696 total
[2025-12-03T15:57:55.298+0000][6][gc,age      ] GC(163) - age  11:     110856 bytes,    4258552 total
[2025-12-03T15:57:55.298+0000][6][gc,age      ] GC(163) - age  12:      25032 bytes,    4283584 total
[2025-12-03T15:57:55.298+0000][6][gc,age      ] GC(163) - age  13:      29560 bytes,    4313144 total
[2025-12-03T15:57:55.299+0000][6][gc,age      ] GC(163) - age  14:      73152 bytes,    4386296 total
[2025-12-03T15:57:55.299+0000][6][gc,age      ] GC(163) - age  15:      57232 bytes,    4443528 total
[2025-12-03T15:57:55.299+0000][6][gc,phases   ] GC(163)   Pre Evacuate Collection Set: 6.1ms
[2025-12-03T15:57:55.299+0000][6][gc,phases   ] GC(163)   Merge Heap Roots: 0.2ms
[2025-12-03T15:57:55.299+0000][6][gc,phases   ] GC(163)   Evacuate Collection Set: 13.9ms
[2025-12-03T15:57:55.299+0000][6][gc,phases   ] GC(163)   Post Evacuate Collection Set: 1.9ms
[2025-12-03T15:57:55.299+0000][6][gc,phases   ] GC(163)   Other: 2.7ms
[2025-12-03T15:57:55.299+0000][6][gc,heap     ] GC(163) Eden regions: 64->0(63)
[2025-12-03T15:57:55.299+0000][6][gc,heap     ] GC(163) Survivor regions: 1->2(9)
[2025-12-03T15:57:55.299+0000][6][gc,heap     ] GC(163) Old regions: 37->37
[2025-12-03T15:57:55.299+0000][6][gc,heap     ] GC(163) Archive regions: 2->2
[2025-12-03T15:57:55.299+0000][6][gc,heap     ] GC(163) Humongous regions: 2->2
[2025-12-03T15:57:55.299+0000][6][gc,metaspace] GC(163) Metaspace: 118057K(119872K)->118057K(119872K) NonClass: 103166K(104256K)->103166K(104256K) Class: 14890K(15616K)->14890K(15616K)
[2025-12-03T15:57:55.300+0000][6][gc          ] GC(163) Pause Young (Concurrent Start) (G1 Evacuation Pause) 415M->160M(512M) 25.596ms
[2025-12-03T15:57:55.300+0000][6][gc,cpu      ] GC(163) User=0.11s Sys=0.00s Real=0.02s
[2025-12-03T15:57:55.300+0000][6][safepoint   ] Safepoint "G1CollectForAllocation", Time since last: 27286112596 ns, Reaching safepoint: 1347916 ns, At safepoint: 26035417 ns, Total: 27383333 ns
[2025-12-03T15:57:55.300+0000][6][gc          ] GC(164) Concurrent Mark Cycle
[2025-12-03T15:57:55.300+0000][6][gc,marking  ] GC(164) Concurrent Clear Claimed Marks
[2025-12-03T15:57:55.300+0000][6][gc,marking  ] GC(164) Concurrent Clear Claimed Marks 0.260ms
[2025-12-03T15:57:55.300+0000][6][gc,marking  ] GC(164) Concurrent Scan Root Regions
[2025-12-03T15:57:55.303+0000][6][gc,marking  ] GC(164) Concurrent Scan Root Regions 2.871ms
[2025-12-03T15:57:55.303+0000][6][gc,marking  ] GC(164) Concurrent Mark
[2025-12-03T15:57:55.303+0000][6][gc,marking  ] GC(164) Concurrent Mark From Roots
[2025-12-03T15:57:55.303+0000][6][gc,task     ] GC(164) Using 2 workers of 2 for marking
[2025-12-03T15:57:55.362+0000][6][gc,marking  ] GC(164) Concurrent Mark From Roots 59.087ms
[2025-12-03T15:57:55.362+0000][6][gc,marking  ] GC(164) Concurrent Preclean
[2025-12-03T15:57:55.363+0000][6][gc,marking  ] GC(164) Concurrent Preclean 0.275ms
[2025-12-03T15:57:55.363+0000][6][gc,start    ] GC(164) Pause Remark
[2025-12-03T15:57:55.396+0000][6][gc          ] GC(164) Pause Remark 170M->170M(512M) 32.848ms
[2025-12-03T15:57:55.396+0000][6][gc,cpu      ] GC(164) User=0.25s Sys=0.00s Real=0.03s
[2025-12-03T15:57:55.396+0000][6][safepoint   ] Safepoint "G1Concurrent", Time since last: 63049625 ns, Reaching safepoint: 87542 ns, At safepoint: 33118208 ns, Total: 33205750 ns
[2025-12-03T15:57:55.396+0000][6][gc,marking  ] GC(164) Concurrent Mark 92.916ms
[2025-12-03T15:57:55.396+0000][6][gc,marking  ] GC(164) Concurrent Rebuild Remembered Sets
[2025-12-03T15:57:55.430+0000][6][gc,marking  ] GC(164) Concurrent Rebuild Remembered Sets 34.139ms
[2025-12-03T15:57:55.431+0000][6][gc,start    ] GC(164) Pause Cleanup
[2025-12-03T15:57:55.431+0000][6][gc          ] GC(164) Pause Cleanup 170M->170M(512M) 0.148ms
[2025-12-03T15:57:55.431+0000][6][gc,cpu      ] GC(164) User=0.00s Sys=0.00s Real=0.00s
[2025-12-03T15:57:55.431+0000][6][safepoint   ] Safepoint "G1Concurrent", Time since last: 34431125 ns, Reaching safepoint: 62417 ns, At safepoint: 310625 ns, Total: 373042 ns
[2025-12-03T15:57:55.431+0000][6][gc,marking  ] GC(164) Concurrent Cleanup for Next Mark
[2025-12-03T15:57:55.433+0000][6][gc,marking  ] GC(164) Concurrent Cleanup for Next Mark 1.704ms
[2025-12-03T15:57:55.433+0000][6][gc          ] GC(164) Concurrent Mark Cycle 132.898ms
[2025-12-03T15:58:01.445+0000][6][safepoint   ] Safepoint "Cleanup", Time since last: 6013375835 ns, Reaching safepoint: 292208 ns, At safepoint: 11084 ns, Total: 303292 ns
[2025-12-03T15:58:10.455+0000][6][safepoint   ] Safepoint "Cleanup", Time since last: 9009772587 ns, Reaching safepoint: 427500 ns, At safepoint: 22834 ns, Total: 450334 ns
[2025-12-03T15:58:16.462+0000][6][safepoint   ] Safepoint "Cleanup", Time since last: 6006992461 ns, Reaching safepoint: 175291 ns, At safepoint: 5417 ns, Total: 180708 ns
[2025-12-03T15:58:36.991+0000][6][gc,start    ] GC(165) Pause Young (Normal) (G1 Evacuation Pause)
[2025-12-03T15:58:36.992+0000][6][gc,task     ] GC(165) Using 8 workers of 8 for evacuation
[2025-12-03T15:58:36.993+0000][6][gc,age      ] GC(165) Desired survivor size 18874368 bytes, new threshold 15 (max threshold 15)
[2025-12-03T15:58:37.008+0000][6][gc,age      ] GC(165) Age table with threshold 15 (max threshold 15)
[2025-12-03T15:58:37.009+0000][6][gc,age      ] GC(165) - age   1:     915112 bytes,     915112 total
[2025-12-03T15:58:37.009+0000][6][gc,age      ] GC(165) - age   2:      54040 bytes,     969152 total
[2025-12-03T15:58:37.009+0000][6][gc,age      ] GC(165) - age   3:     114128 bytes,    1083280 total
[2025-12-03T15:58:37.009+0000][6][gc,age      ] GC(165) - age   4:     614680 bytes,    1697960 total
[2025-12-03T15:58:37.009+0000][6][gc,age      ] GC(165) - age   5:      45880 bytes,    1743840 total
[2025-12-03T15:58:37.009+0000][6][gc,age      ] GC(165) - age   6:      82624 bytes,    1826464 total
[2025-12-03T15:58:37.009+0000][6][gc,age      ] GC(165) - age   7:      25824 bytes,    1852288 total
[2025-12-03T15:58:37.009+0000][6][gc,age      ] GC(165) - age   8:      25920 bytes,    1878208 total
[2025-12-03T15:58:37.009+0000][6][gc,age      ] GC(165) - age   9:      18336 bytes,    1896544 total
[2025-12-03T15:58:37.009+0000][6][gc,age      ] GC(165) - age  10:      57264 bytes,    1953808 total
[2025-12-03T15:58:37.009+0000][6][gc,age      ] GC(165) - age  11:      24664 bytes,    1978472 total
[2025-12-03T15:58:37.009+0000][6][gc,age      ] GC(165) - age  12:     110856 bytes,    2089328 total
[2025-12-03T15:58:37.009+0000][6][gc,age      ] GC(165) - age  13:      25032 bytes,    2114360 total
[2025-12-03T15:58:37.010+0000][6][gc,age      ] GC(165) - age  14:      29560 bytes,    2143920 total
[2025-12-03T15:58:37.010+0000][6][gc,age      ] GC(165) - age  15:      73152 bytes,    2217072 total
[2025-12-03T15:58:37.010+0000][6][gc,phases   ] GC(165)   Pre Evacuate Collection Set: 0.5ms
[2025-12-03T15:58:37.010+0000][6][gc,phases   ] GC(165)   Merge Heap Roots: 0.3ms
[2025-12-03T15:58:37.010+0000][6][gc,phases   ] GC(165)   Evacuate Collection Set: 12.3ms
[2025-12-03T15:58:37.010+0000][6][gc,phases   ] GC(165)   Post Evacuate Collection Set: 2.5ms
[2025-12-03T15:58:37.010+0000][6][gc,phases   ] GC(165)   Other: 2.8ms
[2025-12-03T15:58:37.010+0000][6][gc,heap     ] GC(165) Eden regions: 63->0(64)
[2025-12-03T15:58:37.010+0000][6][gc,heap     ] GC(165) Survivor regions: 2->1(9)
[2025-12-03T15:58:37.010+0000][6][gc,heap     ] GC(165) Old regions: 37->37
[2025-12-03T15:58:37.010+0000][6][gc,heap     ] GC(165) Archive regions: 2->2
[2025-12-03T15:58:37.010+0000][6][gc,heap     ] GC(165) Humongous regions: 2->2
[2025-12-03T15:58:37.010+0000][6][gc,metaspace] GC(165) Metaspace: 118057K(119872K)->118057K(119872K) NonClass: 103166K(104256K)->103166K(104256K) Class: 14890K(15616K)->14890K(15616K)
[2025-12-03T15:58:37.010+0000][6][gc          ] GC(165) Pause Young (Normal) (G1 Evacuation Pause) 412M->158M(512M) 19.119ms
[2025-12-03T15:58:37.011+0000][6][gc,cpu      ] GC(165) User=0.10s Sys=0.00s Real=0.02s
[2025-12-03T15:58:37.011+0000][6][safepoint   ] Safepoint "G1CollectForAllocation", Time since last: 20526912676 ns, Reaching safepoint: 655500 ns, At safepoint: 19406292 ns, Total: 20061792 ns
[2025-12-03T15:59:10.056+0000][6][safepoint   ] Safepoint "Cleanup", Time since last: 33044266056 ns, Reaching safepoint: 401750 ns, At safepoint: 16834 ns, Total: 418584 ns
[2025-12-03T15:59:16.032+0000][6][gc,start    ] GC(166) Pause Young (Concurrent Start) (G1 Evacuation Pause)
[2025-12-03T15:59:16.033+0000][6][gc,task     ] GC(166) Using 8 workers of 8 for evacuation
[2025-12-03T15:59:16.033+0000][6][gc,age      ] GC(166) Desired survivor size 18874368 bytes, new threshold 15 (max threshold 15)
[2025-12-03T15:59:16.065+0000][6][gc,age      ] GC(166) Age table with threshold 15 (max threshold 15)
[2025-12-03T15:59:16.065+0000][6][gc,age      ] GC(166) - age   1:    1861144 bytes,    1861144 total
[2025-12-03T15:59:16.065+0000][6][gc,age      ] GC(166) - age   2:     301576 bytes,    2162720 total
[2025-12-03T15:59:16.065+0000][6][gc,age      ] GC(166) - age   3:      48376 bytes,    2211096 total
[2025-12-03T15:59:16.065+0000][6][gc,age      ] GC(166) - age   4:      60088 bytes,    2271184 total
[2025-12-03T15:59:16.065+0000][6][gc,age      ] GC(166) - age   5:      90264 bytes,    2361448 total
[2025-12-03T15:59:16.065+0000][6][gc,age      ] GC(166) - age   6:      45504 bytes,    2406952 total
[2025-12-03T15:59:16.065+0000][6][gc,age      ] GC(166) - age   7:      82624 bytes,    2489576 total
[2025-12-03T15:59:16.065+0000][6][gc,age      ] GC(166) - age   8:      25824 bytes,    2515400 total
[2025-12-03T15:59:16.065+0000][6][gc,age      ] GC(166) - age   9:      25536 bytes,    2540936 total
[2025-12-03T15:59:16.065+0000][6][gc,age      ] GC(166) - age  10:      18336 bytes,    2559272 total
[2025-12-03T15:59:16.066+0000][6][gc,age      ] GC(166) - age  11:      57264 bytes,    2616536 total
[2025-12-03T15:59:16.066+0000][6][gc,age      ] GC(166) - age  12:      24664 bytes,    2641200 total
[2025-12-03T15:59:16.066+0000][6][gc,age      ] GC(166) - age  13:     110856 bytes,    2752056 total
[2025-12-03T15:59:16.066+0000][6][gc,age      ] GC(166) - age  14:      25032 bytes,    2777088 total
[2025-12-03T15:59:16.066+0000][6][gc,age      ] GC(166) - age  15:      29560 bytes,    2806648 total
[2025-12-03T15:59:16.066+0000][6][gc,phases   ] GC(166)   Pre Evacuate Collection Set: 2.1ms
[2025-12-03T15:59:16.066+0000][6][gc,phases   ] GC(166)   Merge Heap Roots: 0.1ms
[2025-12-03T15:59:16.066+0000][6][gc,phases   ] GC(166)   Evacuate Collection Set: 26.6ms
[2025-12-03T15:59:16.066+0000][6][gc,phases   ] GC(166)   Post Evacuate Collection Set: 2.6ms
[2025-12-03T15:59:16.066+0000][6][gc,phases   ] GC(166)   Other: 2.2ms
[2025-12-03T15:59:16.066+0000][6][gc,heap     ] GC(166) Eden regions: 64->0(64)
[2025-12-03T15:59:16.066+0000][6][gc,heap     ] GC(166) Survivor regions: 1->1(9)
[2025-12-03T15:59:16.066+0000][6][gc,heap     ] GC(166) Old regions: 37->37
[2025-12-03T15:59:16.066+0000][6][gc,heap     ] GC(166) Archive regions: 2->2
[2025-12-03T15:59:16.066+0000][6][gc,heap     ] GC(166) Humongous regions: 2->2
[2025-12-03T15:59:16.066+0000][6][gc,metaspace] GC(166) Metaspace: 118058K(119872K)->118058K(119872K) NonClass: 103168K(104256K)->103168K(104256K) Class: 14890K(15616K)->14890K(15616K)
[2025-12-03T15:59:16.066+0000][6][gc          ] GC(166) Pause Young (Concurrent Start) (G1 Evacuation Pause) 414M->159M(512M) 33.985ms
[2025-12-03T15:59:16.067+0000][6][gc,cpu      ] GC(166) User=0.11s Sys=0.00s Real=0.04s
[2025-12-03T15:59:16.067+0000][6][safepoint   ] Safepoint "G1CollectForAllocation", Time since last: 5975747586 ns, Reaching safepoint: 437291 ns, At safepoint: 34325834 ns, Total: 34763125 ns
[2025-12-03T15:59:16.067+0000][6][gc          ] GC(167) Concurrent Mark Cycle
[2025-12-03T15:59:16.067+0000][6][gc,marking  ] GC(167) Concurrent Clear Claimed Marks
[2025-12-03T15:59:16.067+0000][6][gc,marking  ] GC(167) Concurrent Clear Claimed Marks 0.300ms
[2025-12-03T15:59:16.067+0000][6][gc,marking  ] GC(167) Concurrent Scan Root Regions
[2025-12-03T15:59:16.070+0000][6][gc,marking  ] GC(167) Concurrent Scan Root Regions 3.125ms
[2025-12-03T15:59:16.071+0000][6][gc,marking  ] GC(167) Concurrent Mark
[2025-12-03T15:59:16.071+0000][6][gc,marking  ] GC(167) Concurrent Mark From Roots
[2025-12-03T15:59:16.071+0000][6][gc,task     ] GC(167) Using 2 workers of 2 for marking
[2025-12-03T15:59:16.167+0000][6][gc,marking  ] GC(167) Concurrent Mark From Roots 96.423ms
[2025-12-03T15:59:16.167+0000][6][gc,marking  ] GC(167) Concurrent Preclean
[2025-12-03T15:59:16.168+0000][6][gc,marking  ] GC(167) Concurrent Preclean 0.314ms
[2025-12-03T15:59:16.168+0000][6][gc,start    ] GC(167) Pause Remark
[2025-12-03T15:59:16.194+0000][6][gc          ] GC(167) Pause Remark 160M->160M(512M) 26.781ms
[2025-12-03T15:59:16.195+0000][6][gc,cpu      ] GC(167) User=0.19s Sys=0.00s Real=0.03s
[2025-12-03T15:59:16.195+0000][6][safepoint   ] Safepoint "G1Concurrent", Time since last: 100984667 ns, Reaching safepoint: 68458 ns, At safepoint: 27071083 ns, Total: 27139541 ns
[2025-12-03T15:59:16.195+0000][6][gc,marking  ] GC(167) Concurrent Mark 124.239ms
[2025-12-03T15:59:16.195+0000][6][gc,marking  ] GC(167) Concurrent Rebuild Remembered Sets
[2025-12-03T15:59:16.231+0000][6][gc,marking  ] GC(167) Concurrent Rebuild Remembered Sets 36.525ms
[2025-12-03T15:59:16.232+0000][6][gc,start    ] GC(167) Pause Cleanup
[2025-12-03T15:59:16.233+0000][6][gc          ] GC(167) Pause Cleanup 162M->162M(512M) 0.668ms
[2025-12-03T15:59:16.233+0000][6][gc,cpu      ] GC(167) User=0.01s Sys=0.00s Real=0.00s
[2025-12-03T15:59:16.233+0000][6][safepoint   ] Safepoint "G1Concurrent", Time since last: 36963917 ns, Reaching safepoint: 125583 ns, At safepoint: 976750 ns, Total: 1102333 ns
[2025-12-03T15:59:16.233+0000][6][gc,marking  ] GC(167) Concurrent Cleanup for Next Mark
[2025-12-03T15:59:16.239+0000][6][gc,marking  ] GC(167) Concurrent Cleanup for Next Mark 6.071ms
[2025-12-03T15:59:16.239+0000][6][gc          ] GC(167) Concurrent Mark Cycle 172.593ms
[2025-12-03T16:00:01.014+0000][6][gc,start    ] GC(168) Pause Young (Normal) (G1 Evacuation Pause)
[2025-12-03T16:00:01.015+0000][6][gc,task     ] GC(168) Using 8 workers of 8 for evacuation
[2025-12-03T16:00:01.015+0000][6][gc,age      ] GC(168) Desired survivor size 18874368 bytes, new threshold 15 (max threshold 15)
[2025-12-03T16:00:01.025+0000][6][gc,age      ] GC(168) Age table with threshold 15 (max threshold 15)
[2025-12-03T16:00:01.026+0000][6][gc,age      ] GC(168) - age   1:    1796176 bytes,    1796176 total
[2025-12-03T16:00:01.026+0000][6][gc,age      ] GC(168) - age   2:     901608 bytes,    2697784 total
[2025-12-03T16:00:01.026+0000][6][gc,age      ] GC(168) - age   3:      45680 bytes,    2743464 total
[2025-12-03T16:00:01.026+0000][6][gc,age      ] GC(168) - age   4:      18656 bytes,    2762120 total
[2025-12-03T16:00:01.026+0000][6][gc,age      ] GC(168) - age   5:      60024 bytes,    2822144 total
[2025-12-03T16:00:01.026+0000][6][gc,age      ] GC(168) - age   6:      90264 bytes,    2912408 total
[2025-12-03T16:00:01.026+0000][6][gc,age      ] GC(168) - age   7:      45504 bytes,    2957912 total
[2025-12-03T16:00:01.026+0000][6][gc,age      ] GC(168) - age   8:      82624 bytes,    3040536 total
[2025-12-03T16:00:01.026+0000][6][gc,age      ] GC(168) - age   9:      25552 bytes,    3066088 total
[2025-12-03T16:00:01.026+0000][6][gc,age      ] GC(168) - age  10:      25536 bytes,    3091624 total
[2025-12-03T16:00:01.026+0000][6][gc,age      ] GC(168) - age  11:      18336 bytes,    3109960 total
[2025-12-03T16:00:01.026+0000][6][gc,age      ] GC(168) - age  12:      57264 bytes,    3167224 total
[2025-12-03T16:00:01.026+0000][6][gc,age      ] GC(168) - age  13:      24664 bytes,    3191888 total
[2025-12-03T16:00:01.026+0000][6][gc,age      ] GC(168) - age  14:     110856 bytes,    3302744 total
[2025-12-03T16:00:01.026+0000][6][gc,age      ] GC(168) - age  15:      25032 bytes,    3327776 total
[2025-12-03T16:00:01.026+0000][6][gc,phases   ] GC(168)   Pre Evacuate Collection Set: 0.5ms
[2025-12-03T16:00:01.026+0000][6][gc,phases   ] GC(168)   Merge Heap Roots: 0.2ms
[2025-12-03T16:00:01.027+0000][6][gc,phases   ] GC(168)   Evacuate Collection Set: 7.5ms
[2025-12-03T16:00:01.027+0000][6][gc,phases   ] GC(168)   Post Evacuate Collection Set: 2.1ms
[2025-12-03T16:00:01.027+0000][6][gc,phases   ] GC(168)   Other: 2.1ms
[2025-12-03T16:00:01.027+0000][6][gc,heap     ] GC(168) Eden regions: 64->0(64)
[2025-12-03T16:00:01.027+0000][6][gc,heap     ] GC(168) Survivor regions: 1->1(9)
[2025-12-03T16:00:01.027+0000][6][gc,heap     ] GC(168) Old regions: 37->37
[2025-12-03T16:00:01.027+0000][6][gc,heap     ] GC(168) Archive regions: 2->2
[2025-12-03T16:00:01.027+0000][6][gc,heap     ] GC(168) Humongous regions: 2->2
[2025-12-03T16:00:01.027+0000][6][gc,metaspace] GC(168) Metaspace: 118058K(119872K)->118058K(119872K) NonClass: 103168K(104256K)->103168K(104256K) Class: 14890K(15616K)->14890K(15616K)
[2025-12-03T16:00:01.027+0000][6][gc          ] GC(168) Pause Young (Normal) (G1 Evacuation Pause) 415M->159M(512M) 12.666ms
[2025-12-03T16:00:01.027+0000][6][gc,cpu      ] GC(168) User=0.06s Sys=0.00s Real=0.02s
[2025-12-03T16:00:01.027+0000][6][safepoint   ] Safepoint "G1CollectForAllocation", Time since last: 44779040354 ns, Reaching safepoint: 396500 ns, At safepoint: 12946708 ns, Total: 13343208 ns
[2025-12-03T16:00:10.040+0000][6][safepoint   ] Safepoint "Cleanup", Time since last: 9012507088 ns, Reaching safepoint: 153291 ns, At safepoint: 6417 ns, Total: 159708 ns
[2025-12-03T16:00:16.072+0000][6][safepoint   ] Safepoint "Cleanup", Time since last: 6031757128 ns, Reaching safepoint: 746375 ns, At safepoint: 53458 ns, Total: 799833 ns
[2025-12-03T16:00:17.075+0000][6][safepoint   ] Safepoint "Cleanup", Time since last: 1002674084 ns, Reaching safepoint: 270042 ns, At safepoint: 13416 ns, Total: 283458 ns
[2025-12-03T16:00:28.097+0000][6][safepoint   ] Safepoint "Cleanup", Time since last: 11021953631 ns, Reaching safepoint: 92541 ns, At safepoint: 4542 ns, Total: 97083 ns
[2025-12-03T16:00:31.100+0000][6][safepoint   ] Safepoint "Cleanup", Time since last: 3006344542 ns, Reaching safepoint: 476042 ns, At safepoint: 17417 ns, Total: 493459 ns
[2025-12-03T16:00:32.103+0000][6][safepoint   ] Safepoint "Cleanup", Time since last: 1002002000 ns, Reaching safepoint: 142042 ns, At safepoint: 11166 ns, Total: 153208 ns
[2025-12-03T16:00:33.104+0000][6][safepoint   ] Safepoint "Cleanup", Time since last: 1001648126 ns, Reaching safepoint: 115250 ns, At safepoint: 16583 ns, Total: 131833 ns
[2025-12-03T16:00:37.033+0000][6][gc,start    ] GC(169) Pause Young (Concurrent Start) (G1 Evacuation Pause)
[2025-12-03T16:00:37.034+0000][6][gc,task     ] GC(169) Using 8 workers of 8 for evacuation
[2025-12-03T16:00:37.035+0000][6][gc,age      ] GC(169) Desired survivor size 18874368 bytes, new threshold 15 (max threshold 15)
[2025-12-03T16:00:37.067+0000][6][gc,age      ] GC(169) Age table with threshold 15 (max threshold 15)
[2025-12-03T16:00:37.068+0000][6][gc,age      ] GC(169) - age   1:     565400 bytes,     565400 total
[2025-12-03T16:00:37.068+0000][6][gc,age      ] GC(169) - age   2:     388328 bytes,     953728 total
[2025-12-03T16:00:37.068+0000][6][gc,age      ] GC(169) - age   3:     650016 bytes,    1603744 total
[2025-12-03T16:00:37.068+0000][6][gc,age      ] GC(169) - age   4:      28680 bytes,    1632424 total
[2025-12-03T16:00:37.068+0000][6][gc,age      ] GC(169) - age   5:      18400 bytes,    1650824 total
[2025-12-03T16:00:37.068+0000][6][gc,age      ] GC(169) - age   6:      59960 bytes,    1710784 total
[2025-12-03T16:00:37.068+0000][6][gc,age      ] GC(169) - age   7:      90264 bytes,    1801048 total
[2025-12-03T16:00:37.068+0000][6][gc,age      ] GC(169) - age   8:      45504 bytes,    1846552 total
[2025-12-03T16:00:37.068+0000][6][gc,age      ] GC(169) - age   9:      82512 bytes,    1929064 total
[2025-12-03T16:00:37.068+0000][6][gc,age      ] GC(169) - age  10:      25552 bytes,    1954616 total
[2025-12-03T16:00:37.068+0000][6][gc,age      ] GC(169) - age  11:      25536 bytes,    1980152 total
[2025-12-03T16:00:37.068+0000][6][gc,age      ] GC(169) - age  12:      18336 bytes,    1998488 total
[2025-12-03T16:00:37.068+0000][6][gc,age      ] GC(169) - age  13:      57264 bytes,    2055752 total
[2025-12-03T16:00:37.068+0000][6][gc,age      ] GC(169) - age  14:      24664 bytes,    2080416 total
[2025-12-03T16:00:37.068+0000][6][gc,age      ] GC(169) - age  15:     110856 bytes,    2191272 total
[2025-12-03T16:00:37.070+0000][6][gc,phases   ] GC(169)   Pre Evacuate Collection Set: 4.4ms
[2025-12-03T16:00:37.070+0000][6][gc,phases   ] GC(169)   Merge Heap Roots: 0.3ms
[2025-12-03T16:00:37.070+0000][6][gc,phases   ] GC(169)   Evacuate Collection Set: 16.7ms
[2025-12-03T16:00:37.070+0000][6][gc,phases   ] GC(169)   Post Evacuate Collection Set: 10.8ms
[2025-12-03T16:00:37.070+0000][6][gc,phases   ] GC(169)   Other: 5.0ms
[2025-12-03T16:00:37.070+0000][6][gc,heap     ] GC(169) Eden regions: 64->0(64)
[2025-12-03T16:00:37.070+0000][6][gc,heap     ] GC(169) Survivor regions: 1->1(9)
[2025-12-03T16:00:37.070+0000][6][gc,heap     ] GC(169) Old regions: 37->37
[2025-12-03T16:00:37.070+0000][6][gc,heap     ] GC(169) Archive regions: 2->2
[2025-12-03T16:00:37.070+0000][6][gc,heap     ] GC(169) Humongous regions: 2->2
[2025-12-03T16:00:37.071+0000][6][gc,metaspace] GC(169) Metaspace: 118063K(119872K)->118063K(119872K) NonClass: 103173K(104256K)->103173K(104256K) Class: 14890K(15616K)->14890K(15616K)
[2025-12-03T16:00:37.071+0000][6][gc          ] GC(169) Pause Young (Concurrent Start) (G1 Evacuation Pause) 415M->158M(512M) 38.501ms
[2025-12-03T16:00:37.071+0000][6][gc,cpu      ] GC(169) User=0.14s Sys=0.00s Real=0.03s
[2025-12-03T16:00:37.071+0000][6][safepoint   ] Safepoint "G1CollectForAllocation", Time since last: 3927693877 ns, Reaching safepoint: 278458 ns, At safepoint: 38978876 ns, Total: 39257334 ns
[2025-12-03T16:00:37.071+0000][6][gc          ] GC(170) Concurrent Mark Cycle
[2025-12-03T16:00:37.071+0000][6][gc,marking  ] GC(170) Concurrent Clear Claimed Marks
[2025-12-03T16:00:37.072+0000][6][gc,marking  ] GC(170) Concurrent Clear Claimed Marks 0.264ms
[2025-12-03T16:00:37.072+0000][6][gc,marking  ] GC(170) Concurrent Scan Root Regions
[2025-12-03T16:00:37.086+0000][6][gc,marking  ] GC(170) Concurrent Scan Root Regions 13.731ms
[2025-12-03T16:00:37.086+0000][6][gc,marking  ] GC(170) Concurrent Mark
[2025-12-03T16:00:37.086+0000][6][gc,marking  ] GC(170) Concurrent Mark From Roots
[2025-12-03T16:00:37.086+0000][6][gc,task     ] GC(170) Using 2 workers of 2 for marking
[2025-12-03T16:00:37.159+0000][6][gc,marking  ] GC(170) Concurrent Mark From Roots 73.400ms
[2025-12-03T16:00:37.159+0000][6][gc,marking  ] GC(170) Concurrent Preclean
[2025-12-03T16:00:37.160+0000][6][gc,marking  ] GC(170) Concurrent Preclean 0.311ms
[2025-12-03T16:00:37.160+0000][6][gc,start    ] GC(170) Pause Remark
[2025-12-03T16:00:37.186+0000][6][gc          ] GC(170) Pause Remark 167M->167M(512M) 25.731ms
[2025-12-03T16:00:37.186+0000][6][gc,cpu      ] GC(170) User=0.15s Sys=0.00s Real=0.03s
[2025-12-03T16:00:37.186+0000][6][safepoint   ] Safepoint "G1Concurrent", Time since last: 88546916 ns, Reaching safepoint: 52834 ns, At safepoint: 25985541 ns, Total: 26038375 ns
[2025-12-03T16:00:37.186+0000][6][gc,marking  ] GC(170) Concurrent Mark 100.218ms
[2025-12-03T16:00:37.186+0000][6][gc,marking  ] GC(170) Concurrent Rebuild Remembered Sets
[2025-12-03T16:00:37.219+0000][6][gc,marking  ] GC(170) Concurrent Rebuild Remembered Sets 32.871ms
[2025-12-03T16:00:37.219+0000][6][gc,start    ] GC(170) Pause Cleanup
[2025-12-03T16:00:37.219+0000][6][gc          ] GC(170) Pause Cleanup 169M->169M(512M) 0.144ms
[2025-12-03T16:00:37.219+0000][6][gc,cpu      ] GC(170) User=0.00s Sys=0.00s Real=0.00s
[2025-12-03T16:00:37.219+0000][6][safepoint   ] Safepoint "G1Concurrent", Time since last: 33253209 ns, Reaching safepoint: 96750 ns, At safepoint: 314166 ns, Total: 410916 ns
[2025-12-03T16:00:37.220+0000][6][gc,marking  ] GC(170) Concurrent Cleanup for Next Mark
[2025-12-03T16:00:37.221+0000][6][gc,marking  ] GC(170) Concurrent Cleanup for Next Mark 1.696ms
[2025-12-03T16:00:37.221+0000][6][gc          ] GC(170) Concurrent Mark Cycle 149.989ms
[2025-12-03T16:01:10.289+0000][6][safepoint   ] Safepoint "Cleanup", Time since last: 33063295807 ns, Reaching safepoint: 713208 ns, At safepoint: 33250 ns, Total: 746458 ns
[2025-12-03T16:01:13.064+0000][6][gc,start    ] GC(171) Pause Young (Normal) (G1 Evacuation Pause)
[2025-12-03T16:01:13.065+0000][6][gc,task     ] GC(171) Using 8 workers of 8 for evacuation
[2025-12-03T16:01:13.065+0000][6][gc,age      ] GC(171) Desired survivor size 18874368 bytes, new threshold 15 (max threshold 15)
[2025-12-03T16:01:13.072+0000][6][gc,age      ] GC(171) Age table with threshold 15 (max threshold 15)
[2025-12-03T16:01:13.072+0000][6][gc,age      ] GC(171) - age   1:    1808936 bytes,    1808936 total
[2025-12-03T16:01:13.072+0000][6][gc,age      ] GC(171) - age   2:      50960 bytes,    1859896 total
[2025-12-03T16:01:13.072+0000][6][gc,age      ] GC(171) - age   3:     383240 bytes,    2243136 total
[2025-12-03T16:01:13.072+0000][6][gc,age      ] GC(171) - age   4:      59880 bytes,    2303016 total
[2025-12-03T16:01:13.072+0000][6][gc,age      ] GC(171) - age   5:      26328 bytes,    2329344 total
[2025-12-03T16:01:13.072+0000][6][gc,age      ] GC(171) - age   6:      18400 bytes,    2347744 total
[2025-12-03T16:01:13.072+0000][6][gc,age      ] GC(171) - age   7:      59960 bytes,    2407704 total
[2025-12-03T16:01:13.072+0000][6][gc,age      ] GC(171) - age   8:      90264 bytes,    2497968 total
[2025-12-03T16:01:13.072+0000][6][gc,age      ] GC(171) - age   9:      45504 bytes,    2543472 total
[2025-12-03T16:01:13.072+0000][6][gc,age      ] GC(171) - age  10:      82512 bytes,    2625984 total
[2025-12-03T16:01:13.072+0000][6][gc,age      ] GC(171) - age  11:      25552 bytes,    2651536 total
[2025-12-03T16:01:13.072+0000][6][gc,age      ] GC(171) - age  12:      25536 bytes,    2677072 total
[2025-12-03T16:01:13.073+0000][6][gc,age      ] GC(171) - age  13:      18336 bytes,    2695408 total
[2025-12-03T16:01:13.073+0000][6][gc,age      ] GC(171) - age  14:      57264 bytes,    2752672 total
[2025-12-03T16:01:13.073+0000][6][gc,age      ] GC(171) - age  15:      24664 bytes,    2777336 total
[2025-12-03T16:01:13.073+0000][6][gc,phases   ] GC(171)   Pre Evacuate Collection Set: 0.2ms
[2025-12-03T16:01:13.073+0000][6][gc,phases   ] GC(171)   Merge Heap Roots: 0.2ms
[2025-12-03T16:01:13.073+0000][6][gc,phases   ] GC(171)   Evacuate Collection Set: 5.4ms
[2025-12-03T16:01:13.073+0000][6][gc,phases   ] GC(171)   Post Evacuate Collection Set: 1.5ms
[2025-12-03T16:01:13.073+0000][6][gc,phases   ] GC(171)   Other: 1.3ms
[2025-12-03T16:01:13.073+0000][6][gc,heap     ] GC(171) Eden regions: 64->0(64)
[2025-12-03T16:01:13.073+0000][6][gc,heap     ] GC(171) Survivor regions: 1->1(9)
[2025-12-03T16:01:13.073+0000][6][gc,heap     ] GC(171) Old regions: 37->37
[2025-12-03T16:01:13.073+0000][6][gc,heap     ] GC(171) Archive regions: 2->2
[2025-12-03T16:01:13.073+0000][6][gc,heap     ] GC(171) Humongous regions: 2->2
[2025-12-03T16:01:13.073+0000][6][gc,metaspace] GC(171) Metaspace: 118065K(119872K)->118065K(119872K) NonClass: 103174K(104256K)->103174K(104256K) Class: 14890K(15616K)->14890K(15616K)
[2025-12-03T16:01:13.073+0000][6][gc          ] GC(171) Pause Young (Normal) (G1 Evacuation Pause) 414M->159M(512M) 8.750ms
[2025-12-03T16:01:13.073+0000][6][gc,cpu      ] GC(171) User=0.04s Sys=0.00s Real=0.01s
[2025-12-03T16:01:13.073+0000][6][safepoint   ] Safepoint "G1CollectForAllocation", Time since last: 2775183835 ns, Reaching safepoint: 61208 ns, At safepoint: 9010167 ns, Total: 9071375 ns
[2025-12-03T16:01:55.083+0000][6][gc,start    ] GC(172) Pause Young (Concurrent Start) (G1 Evacuation Pause)
[2025-12-03T16:01:55.083+0000][6][gc,task     ] GC(172) Using 8 workers of 8 for evacuation
[2025-12-03T16:01:55.084+0000][6][gc,age      ] GC(172) Desired survivor size 18874368 bytes, new threshold 15 (max threshold 15)
[2025-12-03T16:01:55.098+0000][6][gc,age      ] GC(172) Age table with threshold 15 (max threshold 15)
[2025-12-03T16:01:55.098+0000][6][gc,age      ] GC(172) - age   1:    2482768 bytes,    2482768 total
[2025-12-03T16:01:55.098+0000][6][gc,age      ] GC(172) - age   2:     667320 bytes,    3150088 total
[2025-12-03T16:01:55.098+0000][6][gc,age      ] GC(172) - age   3:      48392 bytes,    3198480 total
[2025-12-03T16:01:55.098+0000][6][gc,age      ] GC(172) - age   4:      71384 bytes,    3269864 total
[2025-12-03T16:01:55.098+0000][6][gc,age      ] GC(172) - age   5:      59504 bytes,    3329368 total
[2025-12-03T16:01:55.098+0000][6][gc,age      ] GC(172) - age   6:      26200 bytes,    3355568 total
[2025-12-03T16:01:55.098+0000][6][gc,age      ] GC(172) - age   7:      18336 bytes,    3373904 total
[2025-12-03T16:01:55.098+0000][6][gc,age      ] GC(172) - age   8:      59960 bytes,    3433864 total
[2025-12-03T16:01:55.099+0000][6][gc,age      ] GC(172) - age   9:      90264 bytes,    3524128 total
[2025-12-03T16:01:55.099+0000][6][gc,age      ] GC(172) - age  10:      45504 bytes,    3569632 total
[2025-12-03T16:01:55.099+0000][6][gc,age      ] GC(172) - age  11:      82512 bytes,    3652144 total
[2025-12-03T16:01:55.099+0000][6][gc,age      ] GC(172) - age  12:      25552 bytes,    3677696 total
[2025-12-03T16:01:55.099+0000][6][gc,age      ] GC(172) - age  13:      25536 bytes,    3703232 total
[2025-12-03T16:01:55.099+0000][6][gc,age      ] GC(172) - age  14:      18336 bytes,    3721568 total
[2025-12-03T16:01:55.099+0000][6][gc,age      ] GC(172) - age  15:      57264 bytes,    3778832 total
[2025-12-03T16:01:55.099+0000][6][gc,phases   ] GC(172)   Pre Evacuate Collection Set: 2.8ms
[2025-12-03T16:01:55.099+0000][6][gc,phases   ] GC(172)   Merge Heap Roots: 0.3ms
[2025-12-03T16:01:55.099+0000][6][gc,phases   ] GC(172)   Evacuate Collection Set: 9.7ms
[2025-12-03T16:01:55.099+0000][6][gc,phases   ] GC(172)   Post Evacuate Collection Set: 1.7ms
[2025-12-03T16:01:55.099+0000][6][gc,phases   ] GC(172)   Other: 1.9ms
[2025-12-03T16:01:55.099+0000][6][gc,heap     ] GC(172) Eden regions: 64->0(64)
[2025-12-03T16:01:55.099+0000][6][gc,heap     ] GC(172) Survivor regions: 1->1(9)
[2025-12-03T16:01:55.099+0000][6][gc,heap     ] GC(172) Old regions: 37->37
[2025-12-03T16:01:55.099+0000][6][gc,heap     ] GC(172) Archive regions: 2->2
[2025-12-03T16:01:55.099+0000][6][gc,heap     ] GC(172) Humongous regions: 2->2
[2025-12-03T16:01:55.099+0000][6][gc,metaspace] GC(172) Metaspace: 118065K(119872K)->118065K(119872K) NonClass: 103174K(104256K)->103174K(104256K) Class: 14890K(15616K)->14890K(15616K)
[2025-12-03T16:01:55.099+0000][6][gc          ] GC(172) Pause Young (Concurrent Start) (G1 Evacuation Pause) 415M->160M(512M) 16.630ms
[2025-12-03T16:01:55.099+0000][6][gc,cpu      ] GC(172) User=0.07s Sys=0.00s Real=0.02s
[2025-12-03T16:01:55.099+0000][6][safepoint   ] Safepoint "G1CollectForAllocation", Time since last: 42007967269 ns, Reaching safepoint: 474125 ns, At safepoint: 16926083 ns, Total: 17400208 ns
[2025-12-03T16:01:55.099+0000][6][gc          ] GC(173) Concurrent Mark Cycle
[2025-12-03T16:01:55.099+0000][6][gc,marking  ] GC(173) Concurrent Clear Claimed Marks
[2025-12-03T16:01:55.100+0000][6][gc,marking  ] GC(173) Concurrent Clear Claimed Marks 0.210ms
[2025-12-03T16:01:55.100+0000][6][gc,marking  ] GC(173) Concurrent Scan Root Regions
[2025-12-03T16:01:55.103+0000][6][gc,marking  ] GC(173) Concurrent Scan Root Regions 2.855ms
[2025-12-03T16:01:55.103+0000][6][gc,marking  ] GC(173) Concurrent Mark
[2025-12-03T16:01:55.103+0000][6][gc,marking  ] GC(173) Concurrent Mark From Roots
[2025-12-03T16:01:55.103+0000][6][gc,task     ] GC(173) Using 2 workers of 2 for marking
[2025-12-03T16:01:55.172+0000][6][gc,marking  ] GC(173) Concurrent Mark From Roots 69.797ms
[2025-12-03T16:01:55.173+0000][6][gc,marking  ] GC(173) Concurrent Preclean
[2025-12-03T16:01:55.173+0000][6][gc,marking  ] GC(173) Concurrent Preclean 0.226ms
[2025-12-03T16:01:55.173+0000][6][gc,start    ] GC(173) Pause Remark
[2025-12-03T16:01:55.207+0000][6][gc          ] GC(173) Pause Remark 165M->165M(512M) 34.319ms
[2025-12-03T16:01:55.207+0000][6][gc,cpu      ] GC(173) User=0.26s Sys=0.00s Real=0.03s
[2025-12-03T16:01:55.208+0000][6][safepoint   ] Safepoint "G1Concurrent", Time since last: 73688375 ns, Reaching safepoint: 43959 ns, At safepoint: 34588208 ns, Total: 34632167 ns
[2025-12-03T16:01:55.208+0000][6][gc,marking  ] GC(173) Concurrent Mark 105.484ms
[2025-12-03T16:01:55.208+0000][6][gc,marking  ] GC(173) Concurrent Rebuild Remembered Sets
[2025-12-03T16:01:55.280+0000][6][gc,marking  ] GC(173) Concurrent Rebuild Remembered Sets 72.251ms
[2025-12-03T16:01:55.296+0000][6][gc,start    ] GC(173) Pause Cleanup
[2025-12-03T16:01:55.296+0000][6][gc          ] GC(173) Pause Cleanup 167M->167M(512M) 0.209ms
[2025-12-03T16:01:55.300+0000][6][gc,cpu      ] GC(173) User=0.00s Sys=0.00s Real=0.01s
[2025-12-03T16:01:55.301+0000][6][safepoint   ] Safepoint "G1Concurrent", Time since last: 73796667 ns, Reaching safepoint: 14861875 ns, At safepoint: 4414958 ns, Total: 19276833 ns
[2025-12-03T16:01:55.302+0000][6][gc,marking  ] GC(173) Concurrent Cleanup for Next Mark
[2025-12-03T16:01:55.303+0000][6][gc,marking  ] GC(173) Concurrent Cleanup for Next Mark 1.676ms
[2025-12-03T16:01:55.304+0000][6][gc          ] GC(173) Concurrent Mark Cycle 204.345ms
[2025-12-03T16:02:10.336+0000][6][safepoint   ] Safepoint "Cleanup", Time since last: 15034054465 ns, Reaching safepoint: 367416 ns, At safepoint: 13542 ns, Total: 380958 ns
[2025-12-03T16:02:18.360+0000][6][safepoint   ] Safepoint "Cleanup", Time since last: 8023694921 ns, Reaching safepoint: 219375 ns, At safepoint: 9875 ns, Total: 229250 ns
[2025-12-03T16:02:25.371+0000][6][safepoint   ] Safepoint "Cleanup", Time since last: 7011006045 ns, Reaching safepoint: 188208 ns, At safepoint: 18583 ns, Total: 206791 ns
[2025-12-03T16:02:37.091+0000][6][gc,start    ] GC(174) Pause Young (Normal) (G1 Evacuation Pause)
[2025-12-03T16:02:37.091+0000][6][gc,task     ] GC(174) Using 8 workers of 8 for evacuation
[2025-12-03T16:02:37.092+0000][6][gc,age      ] GC(174) Desired survivor size 18874368 bytes, new threshold 15 (max threshold 15)
[2025-12-03T16:02:37.105+0000][6][gc,age      ] GC(174) Age table with threshold 15 (max threshold 15)
[2025-12-03T16:02:37.105+0000][6][gc,age      ] GC(174) - age   1:    2734416 bytes,    2734416 total
[2025-12-03T16:02:37.105+0000][6][gc,age      ] GC(174) - age   2:     434872 bytes,    3169288 total
[2025-12-03T16:02:37.105+0000][6][gc,age      ] GC(174) - age   3:     661592 bytes,    3830880 total
[2025-12-03T16:02:37.106+0000][6][gc,age      ] GC(174) - age   4:      33056 bytes,    3863936 total
[2025-12-03T16:02:37.106+0000][6][gc,age      ] GC(174) - age   5:      63808 bytes,    3927744 total
[2025-12-03T16:02:37.106+0000][6][gc,age      ] GC(174) - age   6:      58992 bytes,    3986736 total
[2025-12-03T16:02:37.106+0000][6][gc,age      ] GC(174) - age   7:      25752 bytes,    4012488 total
[2025-12-03T16:02:37.106+0000][6][gc,age      ] GC(174) - age   8:      18336 bytes,    4030824 total
[2025-12-03T16:02:37.106+0000][6][gc,age      ] GC(174) - age   9:      59896 bytes,    4090720 total
[2025-12-03T16:02:37.106+0000][6][gc,age      ] GC(174) - age  10:      90264 bytes,    4180984 total
[2025-12-03T16:02:37.106+0000][6][gc,age      ] GC(174) - age  11:      45504 bytes,    4226488 total
[2025-12-03T16:02:37.106+0000][6][gc,age      ] GC(174) - age  12:      82512 bytes,    4309000 total
[2025-12-03T16:02:37.106+0000][6][gc,age      ] GC(174) - age  13:      25552 bytes,    4334552 total
[2025-12-03T16:02:37.107+0000][6][gc,age      ] GC(174) - age  14:      25536 bytes,    4360088 total
[2025-12-03T16:02:37.107+0000][6][gc,age      ] GC(174) - age  15:      18336 bytes,    4378424 total
[2025-12-03T16:02:37.107+0000][6][gc,phases   ] GC(174)   Pre Evacuate Collection Set: 0.7ms
[2025-12-03T16:02:37.107+0000][6][gc,phases   ] GC(174)   Merge Heap Roots: 0.2ms
[2025-12-03T16:02:37.107+0000][6][gc,phases   ] GC(174)   Evacuate Collection Set: 8.6ms
[2025-12-03T16:02:37.107+0000][6][gc,phases   ] GC(174)   Post Evacuate Collection Set: 3.0ms
[2025-12-03T16:02:37.107+0000][6][gc,phases   ] GC(174)   Other: 3.4ms
[2025-12-03T16:02:37.107+0000][6][gc,heap     ] GC(174) Eden regions: 64->0(63)
[2025-12-03T16:02:37.107+0000][6][gc,heap     ] GC(174) Survivor regions: 1->2(9)
[2025-12-03T16:02:37.107+0000][6][gc,heap     ] GC(174) Old regions: 37->37
[2025-12-03T16:02:37.107+0000][6][gc,heap     ] GC(174) Archive regions: 2->2
[2025-12-03T16:02:37.107+0000][6][gc,heap     ] GC(174) Humongous regions: 2->2
[2025-12-03T16:02:37.107+0000][6][gc,metaspace] GC(174) Metaspace: 118069K(119872K)->118069K(119872K) NonClass: 103179K(104256K)->103179K(104256K) Class: 14890K(15616K)->14890K(15616K)
[2025-12-03T16:02:37.108+0000][6][gc          ] GC(174) Pause Young (Normal) (G1 Evacuation Pause) 416M->161M(512M) 16.628ms
[2025-12-03T16:02:37.108+0000][6][gc,cpu      ] GC(174) User=0.06s Sys=0.00s Real=0.01s
[2025-12-03T16:02:37.108+0000][6][safepoint   ] Safepoint "G1CollectForAllocation", Time since last: 11718333839 ns, Reaching safepoint: 245333 ns, At safepoint: 17002042 ns, Total: 17247375 ns
[2025-12-03T16:03:01.154+0000][6][safepoint   ] Safepoint "Cleanup", Time since last: 24045352177 ns, Reaching safepoint: 171459 ns, At safepoint: 6000 ns, Total: 177459 ns
[2025-12-03T16:03:10.169+0000][6][safepoint   ] Safepoint "Cleanup", Time since last: 9014659421 ns, Reaching safepoint: 274458 ns, At safepoint: 24500 ns, Total: 298958 ns
[2025-12-03T16:03:13.180+0000][6][gc,start    ] GC(175) Pause Young (Concurrent Start) (G1 Evacuation Pause)
[2025-12-03T16:03:13.180+0000][6][gc,task     ] GC(175) Using 8 workers of 8 for evacuation
[2025-12-03T16:03:13.180+0000][6][gc,age      ] GC(175) Desired survivor size 18874368 bytes, new threshold 15 (max threshold 15)
[2025-12-03T16:03:13.191+0000][6][gc,age      ] GC(175) Age table with threshold 15 (max threshold 15)
[2025-12-03T16:03:13.191+0000][6][gc,age      ] GC(175) - age   1:    2952760 bytes,    2952760 total
[2025-12-03T16:03:13.192+0000][6][gc,age      ] GC(175) - age   2:      57816 bytes,    3010576 total
[2025-12-03T16:03:13.192+0000][6][gc,age      ] GC(175) - age   3:     430872 bytes,    3441448 total
[2025-12-03T16:03:13.192+0000][6][gc,age      ] GC(175) - age   4:     600600 bytes,    4042048 total
[2025-12-03T16:03:13.192+0000][6][gc,age      ] GC(175) - age   5:      29872 bytes,    4071920 total
[2025-12-03T16:03:13.192+0000][6][gc,age      ] GC(175) - age   6:      63344 bytes,    4135264 total
[2025-12-03T16:03:13.192+0000][6][gc,age      ] GC(175) - age   7:      58992 bytes,    4194256 total
[2025-12-03T16:03:13.192+0000][6][gc,age      ] GC(175) - age   8:      25496 bytes,    4219752 total
[2025-12-03T16:03:13.192+0000][6][gc,age      ] GC(175) - age   9:      18336 bytes,    4238088 total
[2025-12-03T16:03:13.192+0000][6][gc,age      ] GC(175) - age  10:      58112 bytes,    4296200 total
[2025-12-03T16:03:13.192+0000][6][gc,age      ] GC(175) - age  11:      90104 bytes,    4386304 total
[2025-12-03T16:03:13.192+0000][6][gc,age      ] GC(175) - age  12:      45504 bytes,    4431808 total
[2025-12-03T16:03:13.192+0000][6][gc,age      ] GC(175) - age  13:      82448 bytes,    4514256 total
[2025-12-03T16:03:13.192+0000][6][gc,age      ] GC(175) - age  14:      25552 bytes,    4539808 total
[2025-12-03T16:03:13.192+0000][6][gc,age      ] GC(175) - age  15:      25536 bytes,    4565344 total
[2025-12-03T16:03:13.192+0000][6][gc,phases   ] GC(175)   Pre Evacuate Collection Set: 1.7ms
[2025-12-03T16:03:13.192+0000][6][gc,phases   ] GC(175)   Merge Heap Roots: 0.2ms
[2025-12-03T16:03:13.192+0000][6][gc,phases   ] GC(175)   Evacuate Collection Set: 7.0ms
[2025-12-03T16:03:13.192+0000][6][gc,phases   ] GC(175)   Post Evacuate Collection Set: 2.0ms
[2025-12-03T16:03:13.192+0000][6][gc,phases   ] GC(175)   Other: 1.8ms
[2025-12-03T16:03:13.192+0000][6][gc,heap     ] GC(175) Eden regions: 63->0(63)
[2025-12-03T16:03:13.192+0000][6][gc,heap     ] GC(175) Survivor regions: 2->2(9)
[2025-12-03T16:03:13.192+0000][6][gc,heap     ] GC(175) Old regions: 37->37
[2025-12-03T16:03:13.192+0000][6][gc,heap     ] GC(175) Archive regions: 2->2
[2025-12-03T16:03:13.192+0000][6][gc,heap     ] GC(175) Humongous regions: 2->2
[2025-12-03T16:03:13.193+0000][6][gc,metaspace] GC(175) Metaspace: 118070K(119872K)->118070K(119872K) NonClass: 103179K(104256K)->103179K(104256K) Class: 14890K(15616K)->14890K(15616K)
[2025-12-03T16:03:13.193+0000][6][gc          ] GC(175) Pause Young (Concurrent Start) (G1 Evacuation Pause) 413M->161M(512M) 12.992ms
[2025-12-03T16:03:13.193+0000][6][gc,cpu      ] GC(175) User=0.05s Sys=0.00s Real=0.02s
[2025-12-03T16:03:13.193+0000][6][safepoint   ] Safepoint "G1CollectForAllocation", Time since last: 3010664460 ns, Reaching safepoint: 60583 ns, At safepoint: 13258000 ns, Total: 13318583 ns
[2025-12-03T16:03:13.193+0000][6][gc          ] GC(176) Concurrent Mark Cycle
[2025-12-03T16:03:13.193+0000][6][gc,marking  ] GC(176) Concurrent Clear Claimed Marks
[2025-12-03T16:03:13.193+0000][6][gc,marking  ] GC(176) Concurrent Clear Claimed Marks 0.107ms
[2025-12-03T16:03:13.193+0000][6][gc,marking  ] GC(176) Concurrent Scan Root Regions
[2025-12-03T16:03:13.196+0000][6][gc,marking  ] GC(176) Concurrent Scan Root Regions 3.208ms
[2025-12-03T16:03:13.196+0000][6][gc,marking  ] GC(176) Concurrent Mark
[2025-12-03T16:03:13.196+0000][6][gc,marking  ] GC(176) Concurrent Mark From Roots
[2025-12-03T16:03:13.196+0000][6][gc,task     ] GC(176) Using 2 workers of 2 for marking
[2025-12-03T16:03:13.249+0000][6][gc,marking  ] GC(176) Concurrent Mark From Roots 53.215ms
[2025-12-03T16:03:13.250+0000][6][gc,marking  ] GC(176) Concurrent Preclean
[2025-12-03T16:03:13.250+0000][6][gc,marking  ] GC(176) Concurrent Preclean 0.202ms
[2025-12-03T16:03:13.250+0000][6][gc,start    ] GC(176) Pause Remark
[2025-12-03T16:03:13.268+0000][6][gc          ] GC(176) Pause Remark 164M->164M(512M) 17.596ms
[2025-12-03T16:03:13.268+0000][6][gc,cpu      ] GC(176) User=0.13s Sys=0.00s Real=0.02s
[2025-12-03T16:03:13.268+0000][6][safepoint   ] Safepoint "G1Concurrent", Time since last: 57178083 ns, Reaching safepoint: 79709 ns, At safepoint: 17873833 ns, Total: 17953542 ns
[2025-12-03T16:03:13.268+0000][6][gc,marking  ] GC(176) Concurrent Mark 71.661ms
[2025-12-03T16:03:13.268+0000][6][gc,marking  ] GC(176) Concurrent Rebuild Remembered Sets
[2025-12-03T16:03:13.297+0000][6][gc,marking  ] GC(176) Concurrent Rebuild Remembered Sets 29.094ms
[2025-12-03T16:03:13.297+0000][6][gc,start    ] GC(176) Pause Cleanup
[2025-12-03T16:03:13.297+0000][6][gc          ] GC(176) Pause Cleanup 165M->165M(512M) 0.096ms
[2025-12-03T16:03:13.297+0000][6][gc,cpu      ] GC(176) User=0.00s Sys=0.00s Real=0.00s
[2025-12-03T16:03:13.297+0000][6][safepoint   ] Safepoint "G1Concurrent", Time since last: 29269792 ns, Reaching safepoint: 71291 ns, At safepoint: 218417 ns, Total: 289708 ns
[2025-12-03T16:03:13.297+0000][6][gc,marking  ] GC(176) Concurrent Cleanup for Next Mark
[2025-12-03T16:03:13.299+0000][6][gc,marking  ] GC(176) Concurrent Cleanup for Next Mark 1.491ms
[2025-12-03T16:03:13.299+0000][6][gc          ] GC(176) Concurrent Mark Cycle 106.273ms
[2025-12-03T16:03:49.129+0000][6][gc,start    ] GC(177) Pause Young (Normal) (G1 Evacuation Pause)
[2025-12-03T16:03:49.129+0000][6][gc,task     ] GC(177) Using 8 workers of 8 for evacuation
[2025-12-03T16:03:49.129+0000][6][gc,age      ] GC(177) Desired survivor size 18874368 bytes, new threshold 15 (max threshold 15)
[2025-12-03T16:03:49.137+0000][6][gc,age      ] GC(177) Age table with threshold 15 (max threshold 15)
[2025-12-03T16:03:49.137+0000][6][gc,age      ] GC(177) - age   1:    2150160 bytes,    2150160 total
[2025-12-03T16:03:49.137+0000][6][gc,age      ] GC(177) - age   2:     137728 bytes,    2287888 total
[2025-12-03T16:03:49.137+0000][6][gc,age      ] GC(177) - age   3:      51912 bytes,    2339800 total
[2025-12-03T16:03:49.137+0000][6][gc,age      ] GC(177) - age   4:     111672 bytes,    2451472 total
[2025-12-03T16:03:49.137+0000][6][gc,age      ] GC(177) - age   5:      57720 bytes,    2509192 total
[2025-12-03T16:03:49.137+0000][6][gc,age      ] GC(177) - age   6:      29808 bytes,    2539000 total
[2025-12-03T16:03:49.137+0000][6][gc,age      ] GC(177) - age   7:      63344 bytes,    2602344 total
[2025-12-03T16:03:49.137+0000][6][gc,age      ] GC(177) - age   8:      58992 bytes,    2661336 total
[2025-12-03T16:03:49.138+0000][6][gc,age      ] GC(177) - age   9:      25432 bytes,    2686768 total
[2025-12-03T16:03:49.138+0000][6][gc,age      ] GC(177) - age  10:      18336 bytes,    2705104 total
[2025-12-03T16:03:49.138+0000][6][gc,age      ] GC(177) - age  11:      58112 bytes,    2763216 total
[2025-12-03T16:03:49.138+0000][6][gc,age      ] GC(177) - age  12:      90104 bytes,    2853320 total
[2025-12-03T16:03:49.138+0000][6][gc,age      ] GC(177) - age  13:      45504 bytes,    2898824 total
[2025-12-03T16:03:49.138+0000][6][gc,age      ] GC(177) - age  14:      82448 bytes,    2981272 total
[2025-12-03T16:03:49.138+0000][6][gc,age      ] GC(177) - age  15:      25552 bytes,    3006824 total
[2025-12-03T16:03:49.138+0000][6][gc,phases   ] GC(177)   Pre Evacuate Collection Set: 0.3ms
[2025-12-03T16:03:49.138+0000][6][gc,phases   ] GC(177)   Merge Heap Roots: 0.1ms
[2025-12-03T16:03:49.138+0000][6][gc,phases   ] GC(177)   Evacuate Collection Set: 5.7ms
[2025-12-03T16:03:49.138+0000][6][gc,phases   ] GC(177)   Post Evacuate Collection Set: 1.8ms
[2025-12-03T16:03:49.138+0000][6][gc,phases   ] GC(177)   Other: 1.4ms
[2025-12-03T16:03:49.138+0000][6][gc,heap     ] GC(177) Eden regions: 63->0(64)
[2025-12-03T16:03:49.138+0000][6][gc,heap     ] GC(177) Survivor regions: 2->1(9)
[2025-12-03T16:03:49.138+0000][6][gc,heap     ] GC(177) Old regions: 37->37
[2025-12-03T16:03:49.138+0000][6][gc,heap     ] GC(177) Archive regions: 2->2
[2025-12-03T16:03:49.138+0000][6][gc,heap     ] GC(177) Humongous regions: 2->2
[2025-12-03T16:03:49.138+0000][6][gc,metaspace] GC(177) Metaspace: 118070K(119872K)->118070K(119872K) NonClass: 103180K(104256K)->103180K(104256K) Class: 14890K(15616K)->14890K(15616K)
[2025-12-03T16:03:49.138+0000][6][gc          ] GC(177) Pause Young (Normal) (G1 Evacuation Pause) 413M->159M(512M) 9.740ms
[2025-12-03T16:03:49.138+0000][6][gc,cpu      ] GC(177) User=0.05s Sys=0.01s Real=0.01s
[2025-12-03T16:03:49.138+0000][6][safepoint   ] Safepoint "G1CollectForAllocation", Time since last: 35829663642 ns, Reaching safepoint: 276666 ns, At safepoint: 9938542 ns, Total: 10215208 ns
[2025-12-03T16:03:55.149+0000][6][safepoint   ] Safepoint "Cleanup", Time since last: 6010901794 ns, Reaching safepoint: 164167 ns, At safepoint: 3750 ns, Total: 167917 ns
[2025-12-03T16:04:01.162+0000][6][safepoint   ] Safepoint "Cleanup", Time since last: 6013032544 ns, Reaching safepoint: 131292 ns, At safepoint: 7250 ns, Total: 138542 ns
[2025-12-03T16:04:31.136+0000][6][gc,start    ] GC(178) Pause Young (Concurrent Start) (G1 Evacuation Pause)
[2025-12-03T16:04:31.137+0000][6][gc,task     ] GC(178) Using 8 workers of 8 for evacuation
[2025-12-03T16:04:31.137+0000][6][gc,age      ] GC(178) Desired survivor size 18874368 bytes, new threshold 15 (max threshold 15)
[2025-12-03T16:04:31.152+0000][6][gc,age      ] GC(178) Age table with threshold 15 (max threshold 15)
[2025-12-03T16:04:31.152+0000][6][gc,age      ] GC(178) - age   1:    2600184 bytes,    2600184 total
[2025-12-03T16:04:31.152+0000][6][gc,age      ] GC(178) - age   2:     962568 bytes,    3562752 total
[2025-12-03T16:04:31.152+0000][6][gc,age      ] GC(178) - age   3:     130896 bytes,    3693648 total
[2025-12-03T16:04:31.152+0000][6][gc,age      ] GC(178) - age   4:      25704 bytes,    3719352 total
[2025-12-03T16:04:31.152+0000][6][gc,age      ] GC(178) - age   5:      79408 bytes,    3798760 total
[2025-12-03T16:04:31.152+0000][6][gc,age      ] GC(178) - age   6:      57656 bytes,    3856416 total
[2025-12-03T16:04:31.152+0000][6][gc,age      ] GC(178) - age   7:      29808 bytes,    3886224 total
[2025-12-03T16:04:31.152+0000][6][gc,age      ] GC(178) - age   8:      63344 bytes,    3949568 total
[2025-12-03T16:04:31.152+0000][6][gc,age      ] GC(178) - age   9:      58608 bytes,    4008176 total
[2025-12-03T16:04:31.152+0000][6][gc,age      ] GC(178) - age  10:      25336 bytes,    4033512 total
[2025-12-03T16:04:31.152+0000][6][gc,age      ] GC(178) - age  11:      18336 bytes,    4051848 total
[2025-12-03T16:04:31.152+0000][6][gc,age      ] GC(178) - age  12:      58112 bytes,    4109960 total
[2025-12-03T16:04:31.153+0000][6][gc,age      ] GC(178) - age  13:      90104 bytes,    4200064 total
[2025-12-03T16:04:31.153+0000][6][gc,age      ] GC(178) - age  14:      45504 bytes,    4245568 total
[2025-12-03T16:04:31.153+0000][6][gc,age      ] GC(178) - age  15:      82448 bytes,    4328016 total
[2025-12-03T16:04:31.153+0000][6][gc,phases   ] GC(178)   Pre Evacuate Collection Set: 2.7ms
[2025-12-03T16:04:31.153+0000][6][gc,phases   ] GC(178)   Merge Heap Roots: 0.1ms
[2025-12-03T16:04:31.153+0000][6][gc,phases   ] GC(178)   Evacuate Collection Set: 10.0ms
[2025-12-03T16:04:31.153+0000][6][gc,phases   ] GC(178)   Post Evacuate Collection Set: 1.9ms
[2025-12-03T16:04:31.153+0000][6][gc,phases   ] GC(178)   Other: 2.3ms
[2025-12-03T16:04:31.153+0000][6][gc,heap     ] GC(178) Eden regions: 64->0(62)
[2025-12-03T16:04:31.153+0000][6][gc,heap     ] GC(178) Survivor regions: 1->2(9)
[2025-12-03T16:04:31.153+0000][6][gc,heap     ] GC(178) Old regions: 37->37
[2025-12-03T16:04:31.153+0000][6][gc,heap     ] GC(178) Archive regions: 2->2
[2025-12-03T16:04:31.153+0000][6][gc,heap     ] GC(178) Humongous regions: 2->2
[2025-12-03T16:04:31.153+0000][6][gc,metaspace] GC(178) Metaspace: 118070K(119872K)->118070K(119872K) NonClass: 103180K(104256K)->103180K(104256K) Class: 14890K(15616K)->14890K(15616K)
[2025-12-03T16:04:31.153+0000][6][gc          ] GC(178) Pause Young (Concurrent Start) (G1 Evacuation Pause) 415M->161M(512M) 17.383ms
[2025-12-03T16:04:31.153+0000][6][gc,cpu      ] GC(178) User=0.07s Sys=0.00s Real=0.02s
[2025-12-03T16:04:31.153+0000][6][safepoint   ] Safepoint "G1CollectForAllocation", Time since last: 29970688680 ns, Reaching safepoint: 537208 ns, At safepoint: 17640792 ns, Total: 18178000 ns
[2025-12-03T16:04:31.153+0000][6][gc          ] GC(179) Concurrent Mark Cycle
[2025-12-03T16:04:31.153+0000][6][gc,marking  ] GC(179) Concurrent Clear Claimed Marks
[2025-12-03T16:04:31.154+0000][6][gc,marking  ] GC(179) Concurrent Clear Claimed Marks 0.130ms
[2025-12-03T16:04:31.154+0000][6][gc,marking  ] GC(179) Concurrent Scan Root Regions
[2025-12-03T16:04:31.156+0000][6][gc,marking  ] GC(179) Concurrent Scan Root Regions 2.696ms
[2025-12-03T16:04:31.156+0000][6][gc,marking  ] GC(179) Concurrent Mark
[2025-12-03T16:04:31.156+0000][6][gc,marking  ] GC(179) Concurrent Mark From Roots
[2025-12-03T16:04:31.156+0000][6][gc,task     ] GC(179) Using 2 workers of 2 for marking
[2025-12-03T16:04:31.229+0000][6][gc,marking  ] GC(179) Concurrent Mark From Roots 72.258ms
[2025-12-03T16:04:31.229+0000][6][gc,marking  ] GC(179) Concurrent Preclean
[2025-12-03T16:04:31.229+0000][6][gc,marking  ] GC(179) Concurrent Preclean 0.240ms
[2025-12-03T16:04:31.229+0000][6][gc,start    ] GC(179) Pause Remark
[2025-12-03T16:04:31.265+0000][6][gc          ] GC(179) Pause Remark 170M->170M(512M) 35.477ms
[2025-12-03T16:04:31.265+0000][6][gc,cpu      ] GC(179) User=0.27s Sys=0.00s Real=0.04s
[2025-12-03T16:04:31.265+0000][6][safepoint   ] Safepoint "G1Concurrent", Time since last: 75858958 ns, Reaching safepoint: 65792 ns, At safepoint: 35717667 ns, Total: 35783459 ns
[2025-12-03T16:04:31.265+0000][6][gc,marking  ] GC(179) Concurrent Mark 108.675ms
[2025-12-03T16:04:31.265+0000][6][gc,marking  ] GC(179) Concurrent Rebuild Remembered Sets
[2025-12-03T16:04:31.295+0000][6][gc,marking  ] GC(179) Concurrent Rebuild Remembered Sets 29.440ms
[2025-12-03T16:04:31.295+0000][6][gc,start    ] GC(179) Pause Cleanup
[2025-12-03T16:04:31.295+0000][6][gc          ] GC(179) Pause Cleanup 171M->171M(512M) 0.130ms
[2025-12-03T16:04:31.295+0000][6][gc,cpu      ] GC(179) User=0.00s Sys=0.00s Real=0.00s
[2025-12-03T16:04:31.295+0000][6][safepoint   ] Safepoint "G1Concurrent", Time since last: 29732750 ns, Reaching safepoint: 76041 ns, At safepoint: 284167 ns, Total: 360208 ns
[2025-12-03T16:04:31.295+0000][6][gc,marking  ] GC(179) Concurrent Cleanup for Next Mark
[2025-12-03T16:04:31.296+0000][6][gc,marking  ] GC(179) Concurrent Cleanup for Next Mark 1.251ms
[2025-12-03T16:04:31.296+0000][6][gc          ] GC(179) Concurrent Mark Cycle 143.091ms
[2025-12-03T16:05:07.178+0000][6][gc,start    ] GC(180) Pause Young (Normal) (G1 Evacuation Pause)
[2025-12-03T16:05:07.179+0000][6][gc,task     ] GC(180) Using 8 workers of 8 for evacuation
[2025-12-03T16:05:07.179+0000][6][gc,age      ] GC(180) Desired survivor size 16777216 bytes, new threshold 15 (max threshold 15)
[2025-12-03T16:05:07.192+0000][6][gc,age      ] GC(180) Age table with threshold 15 (max threshold 15)
[2025-12-03T16:05:07.192+0000][6][gc,age      ] GC(180) - age   1:    2567464 bytes,    2567464 total
[2025-12-03T16:05:07.192+0000][6][gc,age      ] GC(180) - age   2:      97160 bytes,    2664624 total
[2025-12-03T16:05:07.192+0000][6][gc,age      ] GC(180) - age   3:     957888 bytes,    3622512 total
[2025-12-03T16:05:07.192+0000][6][gc,age      ] GC(180) - age   4:      61168 bytes,    3683680 total
[2025-12-03T16:05:07.192+0000][6][gc,age      ] GC(180) - age   5:      25128 bytes,    3708808 total
[2025-12-03T16:05:07.192+0000][6][gc,age      ] GC(180) - age   6:      79280 bytes,    3788088 total
[2025-12-03T16:05:07.192+0000][6][gc,age      ] GC(180) - age   7:      57592 bytes,    3845680 total
[2025-12-03T16:05:07.192+0000][6][gc,age      ] GC(180) - age   8:      29808 bytes,    3875488 total
[2025-12-03T16:05:07.192+0000][6][gc,age      ] GC(180) - age   9:      63344 bytes,    3938832 total
[2025-12-03T16:05:07.192+0000][6][gc,age      ] GC(180) - age  10:      58608 bytes,    3997440 total
[2025-12-03T16:05:07.192+0000][6][gc,age      ] GC(180) - age  11:      25336 bytes,    4022776 total
[2025-12-03T16:05:07.192+0000][6][gc,age      ] GC(180) - age  12:      18336 bytes,    4041112 total
[2025-12-03T16:05:07.193+0000][6][gc,age      ] GC(180) - age  13:      58112 bytes,    4099224 total
[2025-12-03T16:05:07.193+0000][6][gc,age      ] GC(180) - age  14:      90104 bytes,    4189328 total
[2025-12-03T16:05:07.193+0000][6][gc,age      ] GC(180) - age  15:      45504 bytes,    4234832 total
[2025-12-03T16:05:07.193+0000][6][gc,phases   ] GC(180)   Pre Evacuate Collection Set: 0.5ms
[2025-12-03T16:05:07.193+0000][6][gc,phases   ] GC(180)   Merge Heap Roots: 0.2ms
[2025-12-03T16:05:07.193+0000][6][gc,phases   ] GC(180)   Evacuate Collection Set: 9.3ms
[2025-12-03T16:05:07.193+0000][6][gc,phases   ] GC(180)   Post Evacuate Collection Set: 2.3ms
[2025-12-03T16:05:07.193+0000][6][gc,phases   ] GC(180)   Other: 2.3ms
[2025-12-03T16:05:07.193+0000][6][gc,heap     ] GC(180) Eden regions: 62->0(62)
[2025-12-03T16:05:07.193+0000][6][gc,heap     ] GC(180) Survivor regions: 2->2(8)
[2025-12-03T16:05:07.193+0000][6][gc,heap     ] GC(180) Old regions: 37->37
[2025-12-03T16:05:07.193+0000][6][gc,heap     ] GC(180) Archive regions: 2->2
[2025-12-03T16:05:07.193+0000][6][gc,heap     ] GC(180) Humongous regions: 2->2
[2025-12-03T16:05:07.193+0000][6][gc,metaspace] GC(180) Metaspace: 118070K(119872K)->118070K(119872K) NonClass: 103180K(104256K)->103180K(104256K) Class: 14890K(15616K)->14890K(15616K)
[2025-12-03T16:05:07.193+0000][6][gc          ] GC(180) Pause Young (Normal) (G1 Evacuation Pause) 409M->161M(512M) 15.113ms
[2025-12-03T16:05:07.193+0000][6][gc,cpu      ] GC(180) User=0.06s Sys=0.01s Real=0.01s
[2025-12-03T16:05:07.194+0000][6][safepoint   ] Safepoint "G1CollectForAllocation", Time since last: 35881319183 ns, Reaching safepoint: 603417 ns, At safepoint: 15378000 ns, Total: 15981417 ns
[2025-12-03T16:05:12.206+0000][6][safepoint   ] Safepoint "Cleanup", Time since last: 5012310669 ns, Reaching safepoint: 387125 ns, At safepoint: 52292 ns, Total: 439417 ns
[2025-12-03T16:05:25.229+0000][6][safepoint   ] Safepoint "Cleanup", Time since last: 13022336214 ns, Reaching safepoint: 683875 ns, At safepoint: 11917 ns, Total: 695792 ns
[2025-12-03T16:05:43.300+0000][6][gc,start    ] GC(181) Pause Young (Concurrent Start) (G1 Evacuation Pause)
[2025-12-03T16:05:43.301+0000][6][gc,task     ] GC(181) Using 8 workers of 8 for evacuation
[2025-12-03T16:05:43.305+0000][6][gc,age      ] GC(181) Desired survivor size 16777216 bytes, new threshold 15 (max threshold 15)
[2025-12-03T16:05:43.355+0000][6][gc,age      ] GC(181) Age table with threshold 15 (max threshold 15)
[2025-12-03T16:05:43.355+0000][6][gc,age      ] GC(181) - age   1:    3697032 bytes,    3697032 total
[2025-12-03T16:05:43.357+0000][6][gc,age      ] GC(181) - age   2:     403784 bytes,    4100816 total
[2025-12-03T16:05:43.357+0000][6][gc,age      ] GC(181) - age   3:      92392 bytes,    4193208 total
[2025-12-03T16:05:43.357+0000][6][gc,age      ] GC(181) - age   4:     956768 bytes,    5149976 total
[2025-12-03T16:05:43.357+0000][6][gc,age      ] GC(181) - age   5:      57496 bytes,    5207472 total
[2025-12-03T16:05:43.357+0000][6][gc,age      ] GC(181) - age   6:      25064 bytes,    5232536 total
[2025-12-03T16:05:43.357+0000][6][gc,age      ] GC(181) - age   7:      79280 bytes,    5311816 total
[2025-12-03T16:05:43.357+0000][6][gc,age      ] GC(181) - age   8:      57256 bytes,    5369072 total
[2025-12-03T16:05:43.357+0000][6][gc,age      ] GC(181) - age   9:      29696 bytes,    5398768 total
[2025-12-03T16:05:43.358+0000][6][gc,age      ] GC(181) - age  10:      63344 bytes,    5462112 total
[2025-12-03T16:05:43.358+0000][6][gc,age      ] GC(181) - age  11:      58608 bytes,    5520720 total
[2025-12-03T16:05:43.358+0000][6][gc,age      ] GC(181) - age  12:      25272 bytes,    5545992 total
[2025-12-03T16:05:43.358+0000][6][gc,age      ] GC(181) - age  13:      18336 bytes,    5564328 total
[2025-12-03T16:05:43.358+0000][6][gc,age      ] GC(181) - age  14:      58112 bytes,    5622440 total
[2025-12-03T16:05:43.358+0000][6][gc,age      ] GC(181) - age  15:      90104 bytes,    5712544 total
[2025-12-03T16:05:43.358+0000][6][gc,phases   ] GC(181)   Pre Evacuate Collection Set: 13.3ms
[2025-12-03T16:05:43.358+0000][6][gc,phases   ] GC(181)   Merge Heap Roots: 0.5ms
[2025-12-03T16:05:43.359+0000][6][gc,phases   ] GC(181)   Evacuate Collection Set: 31.6ms
[2025-12-03T16:05:43.359+0000][6][gc,phases   ] GC(181)   Post Evacuate Collection Set: 3.6ms
[2025-12-03T16:05:43.359+0000][6][gc,phases   ] GC(181)   Other: 10.0ms
[2025-12-03T16:05:43.359+0000][6][gc,heap     ] GC(181) Eden regions: 62->0(62)
[2025-12-03T16:05:43.359+0000][6][gc,heap     ] GC(181) Survivor regions: 2->2(8)
[2025-12-03T16:05:43.359+0000][6][gc,heap     ] GC(181) Old regions: 37->37
[2025-12-03T16:05:43.359+0000][6][gc,heap     ] GC(181) Archive regions: 2->2
[2025-12-03T16:05:43.359+0000][6][gc,heap     ] GC(181) Humongous regions: 2->2
[2025-12-03T16:05:43.360+0000][6][gc,metaspace] GC(181) Metaspace: 118070K(119872K)->118070K(119872K) NonClass: 103180K(104256K)->103180K(104256K) Class: 14890K(15616K)->14890K(15616K)
[2025-12-03T16:05:43.360+0000][6][gc          ] GC(181) Pause Young (Concurrent Start) (G1 Evacuation Pause) 409M->162M(512M) 60.018ms
[2025-12-03T16:05:43.360+0000][6][gc,cpu      ] GC(181) User=0.09s Sys=0.01s Real=0.06s
[2025-12-03T16:05:43.360+0000][6][safepoint   ] Safepoint "G1CollectForAllocation", Time since last: 18068027466 ns, Reaching safepoint: 1560125 ns, At safepoint: 60647542 ns, Total: 62207667 ns
[2025-12-03T16:05:43.360+0000][6][gc          ] GC(182) Concurrent Mark Cycle
[2025-12-03T16:05:43.360+0000][6][gc,marking  ] GC(182) Concurrent Clear Claimed Marks
[2025-12-03T16:05:43.361+0000][6][gc,marking  ] GC(182) Concurrent Clear Claimed Marks 0.341ms
[2025-12-03T16:05:43.361+0000][6][gc,marking  ] GC(182) Concurrent Scan Root Regions
[2025-12-03T16:05:43.388+0000][6][gc,marking  ] GC(182) Concurrent Scan Root Regions 27.531ms
[2025-12-03T16:05:43.389+0000][6][gc,marking  ] GC(182) Concurrent Mark
[2025-12-03T16:05:43.391+0000][6][gc,marking  ] GC(182) Concurrent Mark From Roots
[2025-12-03T16:05:43.391+0000][6][gc,task     ] GC(182) Using 2 workers of 2 for marking
[2025-12-03T16:05:43.612+0000][6][gc,marking  ] GC(182) Concurrent Mark From Roots 221.496ms
[2025-12-03T16:05:43.613+0000][6][gc,marking  ] GC(182) Concurrent Preclean
[2025-12-03T16:05:43.613+0000][6][gc,marking  ] GC(182) Concurrent Preclean 0.504ms
[2025-12-03T16:05:43.614+0000][6][gc,start    ] GC(182) Pause Remark
[2025-12-03T16:05:43.661+0000][6][gc          ] GC(182) Pause Remark 175M->175M(512M) 47.152ms
[2025-12-03T16:05:43.661+0000][6][gc,cpu      ] GC(182) User=0.19s Sys=0.00s Real=0.05s
[2025-12-03T16:05:43.661+0000][6][safepoint   ] Safepoint "G1Concurrent", Time since last: 253456333 ns, Reaching safepoint: 111459 ns, At safepoint: 47792583 ns, Total: 47904042 ns
[2025-12-03T16:05:43.662+0000][6][gc,marking  ] GC(182) Concurrent Mark 272.220ms
[2025-12-03T16:05:43.662+0000][6][gc,marking  ] GC(182) Concurrent Rebuild Remembered Sets
[2025-12-03T16:05:43.699+0000][6][gc,marking  ] GC(182) Concurrent Rebuild Remembered Sets 37.465ms
[2025-12-03T16:05:43.699+0000][6][gc,start    ] GC(182) Pause Cleanup
[2025-12-03T16:05:43.702+0000][6][gc          ] GC(182) Pause Cleanup 175M->175M(512M) 2.072ms
[2025-12-03T16:05:43.702+0000][6][gc,cpu      ] GC(182) User=0.01s Sys=0.00s Real=0.00s
[2025-12-03T16:05:43.702+0000][6][safepoint   ] Safepoint "G1Concurrent", Time since last: 37961292 ns, Reaching safepoint: 98125 ns, At safepoint: 2581791 ns, Total: 2679916 ns
[2025-12-03T16:05:43.702+0000][6][gc,marking  ] GC(182) Concurrent Cleanup for Next Mark
[2025-12-03T16:05:43.708+0000][6][gc,marking  ] GC(182) Concurrent Cleanup for Next Mark 6.181ms
[2025-12-03T16:05:43.708+0000][6][gc          ] GC(182) Concurrent Mark Cycle 348.417ms
[2025-12-03T16:06:25.201+0000][6][gc,start    ] GC(183) Pause Young (Normal) (G1 Evacuation Pause)
[2025-12-03T16:06:25.202+0000][6][gc,task     ] GC(183) Using 8 workers of 8 for evacuation
[2025-12-03T16:06:25.202+0000][6][gc,age      ] GC(183) Desired survivor size 16777216 bytes, new threshold 15 (max threshold 15)
[2025-12-03T16:06:25.217+0000][6][gc,age      ] GC(183) Age table with threshold 15 (max threshold 15)
[2025-12-03T16:06:25.217+0000][6][gc,age      ] GC(183) - age   1:    2853272 bytes,    2853272 total
[2025-12-03T16:06:25.217+0000][6][gc,age      ] GC(183) - age   2:     176088 bytes,    3029360 total
[2025-12-03T16:06:25.217+0000][6][gc,age      ] GC(183) - age   3:     131144 bytes,    3160504 total
[2025-12-03T16:06:25.217+0000][6][gc,age      ] GC(183) - age   4:      90168 bytes,    3250672 total
[2025-12-03T16:06:25.217+0000][6][gc,age      ] GC(183) - age   5:      96776 bytes,    3347448 total
[2025-12-03T16:06:25.217+0000][6][gc,age      ] GC(183) - age   6:      57368 bytes,    3404816 total
[2025-12-03T16:06:25.218+0000][6][gc,age      ] GC(183) - age   7:      25032 bytes,    3429848 total
[2025-12-03T16:06:25.218+0000][6][gc,age      ] GC(183) - age   8:      79216 bytes,    3509064 total
[2025-12-03T16:06:25.218+0000][6][gc,age      ] GC(183) - age   9:      57256 bytes,    3566320 total
[2025-12-03T16:06:25.218+0000][6][gc,age      ] GC(183) - age  10:      29496 bytes,    3595816 total
[2025-12-03T16:06:25.218+0000][6][gc,age      ] GC(183) - age  11:      63344 bytes,    3659160 total
[2025-12-03T16:06:25.218+0000][6][gc,age      ] GC(183) - age  12:      58608 bytes,    3717768 total
[2025-12-03T16:06:25.218+0000][6][gc,age      ] GC(183) - age  13:      25272 bytes,    3743040 total
[2025-12-03T16:06:25.218+0000][6][gc,age      ] GC(183) - age  14:      18336 bytes,    3761376 total
[2025-12-03T16:06:25.218+0000][6][gc,age      ] GC(183) - age  15:      58112 bytes,    3819488 total
[2025-12-03T16:06:25.218+0000][6][gc,phases   ] GC(183)   Pre Evacuate Collection Set: 0.5ms
[2025-12-03T16:06:25.218+0000][6][gc,phases   ] GC(183)   Merge Heap Roots: 0.4ms
[2025-12-03T16:06:25.218+0000][6][gc,phases   ] GC(183)   Evacuate Collection Set: 11.2ms
[2025-12-03T16:06:25.218+0000][6][gc,phases   ] GC(183)   Post Evacuate Collection Set: 2.7ms
[2025-12-03T16:06:25.218+0000][6][gc,phases   ] GC(183)   Other: 3.0ms
[2025-12-03T16:06:25.219+0000][6][gc,heap     ] GC(183) Eden regions: 62->0(63)
[2025-12-03T16:06:25.219+0000][6][gc,heap     ] GC(183) Survivor regions: 2->1(8)
[2025-12-03T16:06:25.219+0000][6][gc,heap     ] GC(183) Old regions: 37->37
[2025-12-03T16:06:25.219+0000][6][gc,heap     ] GC(183) Archive regions: 2->2
[2025-12-03T16:06:25.219+0000][6][gc,heap     ] GC(183) Humongous regions: 2->2
[2025-12-03T16:06:25.219+0000][6][gc,metaspace] GC(183) Metaspace: 118072K(119872K)->118072K(119872K) NonClass: 103182K(104256K)->103182K(104256K) Class: 14890K(15616K)->14890K(15616K)
[2025-12-03T16:06:25.219+0000][6][gc          ] GC(183) Pause Young (Normal) (G1 Evacuation Pause) 410M->161M(512M) 18.469ms
[2025-12-03T16:06:25.219+0000][6][gc,cpu      ] GC(183) User=0.09s Sys=0.00s Real=0.02s
[2025-12-03T16:06:25.219+0000][6][safepoint   ] Safepoint "G1CollectForAllocation", Time since last: 41496414144 ns, Reaching safepoint: 595792 ns, At safepoint: 18900625 ns, Total: 19496417 ns
[2025-12-03T16:07:04.226+0000][6][gc,start    ] GC(184) Pause Young (Concurrent Start) (G1 Evacuation Pause)
[2025-12-03T16:07:04.227+0000][6][gc,task     ] GC(184) Using 8 workers of 8 for evacuation
[2025-12-03T16:07:04.227+0000][6][gc,age      ] GC(184) Desired survivor size 16777216 bytes, new threshold 15 (max threshold 15)
[2025-12-03T16:07:04.241+0000][6][gc,age      ] GC(184) Age table with threshold 15 (max threshold 15)
[2025-12-03T16:07:04.241+0000][6][gc,age      ] GC(184) - age   1:    1964000 bytes,    1964000 total
[2025-12-03T16:07:04.241+0000][6][gc,age      ] GC(184) - age   2:    1014568 bytes,    2978568 total
[2025-12-03T16:07:04.242+0000][6][gc,age      ] GC(184) - age   3:     170488 bytes,    3149056 total
[2025-12-03T16:07:04.242+0000][6][gc,age      ] GC(184) - age   4:     130024 bytes,    3279080 total
[2025-12-03T16:07:04.242+0000][6][gc,age      ] GC(184) - age   5:      61344 bytes,    3340424 total
[2025-12-03T16:07:04.242+0000][6][gc,age      ] GC(184) - age   6:      48872 bytes,    3389296 total
[2025-12-03T16:07:04.242+0000][6][gc,age      ] GC(184) - age   7:      57368 bytes,    3446664 total
[2025-12-03T16:07:04.242+0000][6][gc,age      ] GC(184) - age   8:      25032 bytes,    3471696 total
[2025-12-03T16:07:04.242+0000][6][gc,age      ] GC(184) - age   9:      79152 bytes,    3550848 total
[2025-12-03T16:07:04.242+0000][6][gc,age      ] GC(184) - age  10:      57256 bytes,    3608104 total
[2025-12-03T16:07:04.242+0000][6][gc,age      ] GC(184) - age  11:      29496 bytes,    3637600 total
[2025-12-03T16:07:04.242+0000][6][gc,age      ] GC(184) - age  12:      63344 bytes,    3700944 total
[2025-12-03T16:07:04.242+0000][6][gc,age      ] GC(184) - age  13:      58608 bytes,    3759552 total
[2025-12-03T16:07:04.242+0000][6][gc,age      ] GC(184) - age  14:      25272 bytes,    3784824 total
[2025-12-03T16:07:04.242+0000][6][gc,age      ] GC(184) - age  15:      18336 bytes,    3803160 total
[2025-12-03T16:07:04.242+0000][6][gc,phases   ] GC(184)   Pre Evacuate Collection Set: 2.0ms
[2025-12-03T16:07:04.242+0000][6][gc,phases   ] GC(184)   Merge Heap Roots: 0.1ms
[2025-12-03T16:07:04.242+0000][6][gc,phases   ] GC(184)   Evacuate Collection Set: 10.0ms
[2025-12-03T16:07:04.243+0000][6][gc,phases   ] GC(184)   Post Evacuate Collection Set: 1.8ms
[2025-12-03T16:07:04.243+0000][6][gc,phases   ] GC(184)   Other: 2.7ms
[2025-12-03T16:07:04.243+0000][6][gc,heap     ] GC(184) Eden regions: 63->0(63)
[2025-12-03T16:07:04.243+0000][6][gc,heap     ] GC(184) Survivor regions: 1->1(8)
[2025-12-03T16:07:04.243+0000][6][gc,heap     ] GC(184) Old regions: 37->37
[2025-12-03T16:07:04.243+0000][6][gc,heap     ] GC(184) Archive regions: 2->2
[2025-12-03T16:07:04.243+0000][6][gc,heap     ] GC(184) Humongous regions: 2->2
[2025-12-03T16:07:04.243+0000][6][gc,metaspace] GC(184) Metaspace: 118072K(119872K)->118072K(119872K) NonClass: 103182K(104256K)->103182K(104256K) Class: 14890K(15616K)->14890K(15616K)
[2025-12-03T16:07:04.243+0000][6][gc          ] GC(184) Pause Young (Concurrent Start) (G1 Evacuation Pause) 412M->161M(512M) 17.048ms
[2025-12-03T16:07:04.243+0000][6][gc,cpu      ] GC(184) User=0.07s Sys=0.00s Real=0.02s
[2025-12-03T16:07:04.243+0000][6][safepoint   ] Safepoint "G1CollectForAllocation", Time since last: 39004142684 ns, Reaching safepoint: 655875 ns, At safepoint: 17450084 ns, Total: 18105959 ns
[2025-12-03T16:07:04.243+0000][6][gc          ] GC(185) Concurrent Mark Cycle
[2025-12-03T16:07:04.243+0000][6][gc,marking  ] GC(185) Concurrent Clear Claimed Marks
[2025-12-03T16:07:04.244+0000][6][gc,marking  ] GC(185) Concurrent Clear Claimed Marks 0.459ms
[2025-12-03T16:07:04.244+0000][6][gc,marking  ] GC(185) Concurrent Scan Root Regions
[2025-12-03T16:07:04.247+0000][6][gc,marking  ] GC(185) Concurrent Scan Root Regions 2.981ms
[2025-12-03T16:07:04.247+0000][6][gc,marking  ] GC(185) Concurrent Mark
[2025-12-03T16:07:04.247+0000][6][gc,marking  ] GC(185) Concurrent Mark From Roots
[2025-12-03T16:07:04.247+0000][6][gc,task     ] GC(185) Using 2 workers of 2 for marking
[2025-12-03T16:07:04.317+0000][6][gc,marking  ] GC(185) Concurrent Mark From Roots 69.665ms
[2025-12-03T16:07:04.317+0000][6][gc,marking  ] GC(185) Concurrent Preclean
[2025-12-03T16:07:04.317+0000][6][gc,marking  ] GC(185) Concurrent Preclean 0.249ms
[2025-12-03T16:07:04.317+0000][6][gc,start    ] GC(185) Pause Remark
[2025-12-03T16:07:04.342+0000][6][gc          ] GC(185) Pause Remark 168M->168M(512M) 24.292ms
[2025-12-03T16:07:04.342+0000][6][gc,cpu      ] GC(185) User=0.18s Sys=0.00s Real=0.03s
[2025-12-03T16:07:04.342+0000][6][safepoint   ] Safepoint "G1Concurrent", Time since last: 74151625 ns, Reaching safepoint: 73708 ns, At safepoint: 24481625 ns, Total: 24555333 ns
[2025-12-03T16:07:04.342+0000][6][gc,marking  ] GC(185) Concurrent Mark 94.898ms
[2025-12-03T16:07:04.342+0000][6][gc,marking  ] GC(185) Concurrent Rebuild Remembered Sets
[2025-12-03T16:07:04.372+0000][6][gc,marking  ] GC(185) Concurrent Rebuild Remembered Sets 30.129ms
[2025-12-03T16:07:04.372+0000][6][gc,start    ] GC(185) Pause Cleanup
[2025-12-03T16:07:04.372+0000][6][gc          ] GC(185) Pause Cleanup 170M->170M(512M) 0.130ms
[2025-12-03T16:07:04.372+0000][6][gc,cpu      ] GC(185) User=0.00s Sys=0.00s Real=0.00s
[2025-12-03T16:07:04.373+0000][6][safepoint   ] Safepoint "G1Concurrent", Time since last: 30329625 ns, Reaching safepoint: 35209 ns, At safepoint: 280375 ns, Total: 315584 ns
[2025-12-03T16:07:04.373+0000][6][gc,marking  ] GC(185) Concurrent Cleanup for Next Mark
[2025-12-03T16:07:04.374+0000][6][gc,marking  ] GC(185) Concurrent Cleanup for Next Mark 1.287ms
[2025-12-03T16:07:04.374+0000][6][gc          ] GC(185) Concurrent Mark Cycle 130.734ms
[2025-12-03T16:07:43.206+0000][6][gc,start    ] GC(186) Pause Young (Normal) (G1 Evacuation Pause)
[2025-12-03T16:07:43.208+0000][6][gc,task     ] GC(186) Using 8 workers of 8 for evacuation
[2025-12-03T16:07:43.208+0000][6][gc,age      ] GC(186) Desired survivor size 16777216 bytes, new threshold 15 (max threshold 15)
[2025-12-03T16:07:43.218+0000][6][gc,age      ] GC(186) Age table with threshold 15 (max threshold 15)
[2025-12-03T16:07:43.218+0000][6][gc,age      ] GC(186) - age   1:    2120616 bytes,    2120616 total
[2025-12-03T16:07:43.219+0000][6][gc,age      ] GC(186) - age   2:     182512 bytes,    2303128 total
[2025-12-03T16:07:43.219+0000][6][gc,age      ] GC(186) - age   3:    1009736 bytes,    3312864 total
[2025-12-03T16:07:43.219+0000][6][gc,age      ] GC(186) - age   4:     169432 bytes,    3482296 total
[2025-12-03T16:07:43.219+0000][6][gc,age      ] GC(186) - age   5:      52360 bytes,    3534656 total
[2025-12-03T16:07:43.219+0000][6][gc,age      ] GC(186) - age   6:      25168 bytes,    3559824 total
[2025-12-03T16:07:43.219+0000][6][gc,age      ] GC(186) - age   7:      48808 bytes,    3608632 total
[2025-12-03T16:07:43.219+0000][6][gc,age      ] GC(186) - age   8:      57368 bytes,    3666000 total
[2025-12-03T16:07:43.219+0000][6][gc,age      ] GC(186) - age   9:      25032 bytes,    3691032 total
[2025-12-03T16:07:43.219+0000][6][gc,age      ] GC(186) - age  10:      79152 bytes,    3770184 total
[2025-12-03T16:07:43.219+0000][6][gc,age      ] GC(186) - age  11:      57256 bytes,    3827440 total
[2025-12-03T16:07:43.219+0000][6][gc,age      ] GC(186) - age  12:      29496 bytes,    3856936 total
[2025-12-03T16:07:43.219+0000][6][gc,age      ] GC(186) - age  13:      63344 bytes,    3920280 total
[2025-12-03T16:07:43.219+0000][6][gc,age      ] GC(186) - age  14:      58608 bytes,    3978888 total
[2025-12-03T16:07:43.219+0000][6][gc,age      ] GC(186) - age  15:      25272 bytes,    4004160 total
[2025-12-03T16:07:43.220+0000][6][gc,phases   ] GC(186)   Pre Evacuate Collection Set: 0.4ms
[2025-12-03T16:07:43.220+0000][6][gc,phases   ] GC(186)   Merge Heap Roots: 0.2ms
[2025-12-03T16:07:43.220+0000][6][gc,phases   ] GC(186)   Evacuate Collection Set: 6.7ms
[2025-12-03T16:07:43.220+0000][6][gc,phases   ] GC(186)   Post Evacuate Collection Set: 2.7ms
[2025-12-03T16:07:43.220+0000][6][gc,phases   ] GC(186)   Other: 3.7ms
[2025-12-03T16:07:43.220+0000][6][gc,heap     ] GC(186) Eden regions: 63->0(62)
[2025-12-03T16:07:43.220+0000][6][gc,heap     ] GC(186) Survivor regions: 1->2(8)
[2025-12-03T16:07:43.220+0000][6][gc,heap     ] GC(186) Old regions: 37->37
[2025-12-03T16:07:43.220+0000][6][gc,heap     ] GC(186) Archive regions: 2->2
[2025-12-03T16:07:43.220+0000][6][gc,heap     ] GC(186) Humongous regions: 2->2
[2025-12-03T16:07:43.220+0000][6][gc,metaspace] GC(186) Metaspace: 118072K(119872K)->118072K(119872K) NonClass: 103182K(104256K)->103182K(104256K) Class: 14890K(15616K)->14890K(15616K)
[2025-12-03T16:07:43.221+0000][6][gc          ] GC(186) Pause Young (Normal) (G1 Evacuation Pause) 413M->161M(512M) 14.556ms
[2025-12-03T16:07:43.221+0000][6][gc,cpu      ] GC(186) User=0.04s Sys=0.00s Real=0.02s
[2025-12-03T16:07:43.221+0000][6][safepoint   ] Safepoint "G1CollectForAllocation", Time since last: 38832062725 ns, Reaching safepoint: 404709 ns, At safepoint: 15090250 ns, Total: 15494959 ns
[2025-12-03T16:08:21.044+0000][6][gc,start    ] GC(187) Pause Young (Concurrent Start) (G1 Evacuation Pause)
[2025-12-03T16:08:21.045+0000][6][gc,task     ] GC(187) Using 8 workers of 8 for evacuation
[2025-12-03T16:08:21.046+0000][6][gc,age      ] GC(187) Desired survivor size 16777216 bytes, new threshold 15 (max threshold 15)
[2025-12-03T16:08:21.081+0000][6][gc,age      ] GC(187) Age table with threshold 15 (max threshold 15)
[2025-12-03T16:08:21.081+0000][6][gc,age      ] GC(187) - age   1:    3409160 bytes,    3409160 total
[2025-12-03T16:08:21.081+0000][6][gc,age      ] GC(187) - age   2:     488360 bytes,    3897520 total
[2025-12-03T16:08:21.081+0000][6][gc,age      ] GC(187) - age   3:     178232 bytes,    4075752 total
[2025-12-03T16:08:21.081+0000][6][gc,age      ] GC(187) - age   4:     510816 bytes,    4586568 total
[2025-12-03T16:08:21.081+0000][6][gc,age      ] GC(187) - age   5:     169208 bytes,    4755776 total
[2025-12-03T16:08:21.081+0000][6][gc,age      ] GC(187) - age   6:      52360 bytes,    4808136 total
[2025-12-03T16:08:21.081+0000][6][gc,age      ] GC(187) - age   7:      25168 bytes,    4833304 total
[2025-12-03T16:08:21.081+0000][6][gc,age      ] GC(187) - age   8:      48808 bytes,    4882112 total
[2025-12-03T16:08:21.081+0000][6][gc,age      ] GC(187) - age   9:      57368 bytes,    4939480 total
[2025-12-03T16:08:21.081+0000][6][gc,age      ] GC(187) - age  10:      25032 bytes,    4964512 total
[2025-12-03T16:08:21.081+0000][6][gc,age      ] GC(187) - age  11:      79152 bytes,    5043664 total
[2025-12-03T16:08:21.081+0000][6][gc,age      ] GC(187) - age  12:      57256 bytes,    5100920 total
[2025-12-03T16:08:21.081+0000][6][gc,age      ] GC(187) - age  13:      29496 bytes,    5130416 total
[2025-12-03T16:08:21.081+0000][6][gc,age      ] GC(187) - age  14:      63344 bytes,    5193760 total
[2025-12-03T16:08:21.082+0000][6][gc,age      ] GC(187) - age  15:      58608 bytes,    5252368 total
[2025-12-03T16:08:21.082+0000][6][gc,phases   ] GC(187)   Pre Evacuate Collection Set: 3.0ms
[2025-12-03T16:08:21.082+0000][6][gc,phases   ] GC(187)   Merge Heap Roots: 0.2ms
[2025-12-03T16:08:21.082+0000][6][gc,phases   ] GC(187)   Evacuate Collection Set: 29.2ms
[2025-12-03T16:08:21.082+0000][6][gc,phases   ] GC(187)   Post Evacuate Collection Set: 2.3ms
[2025-12-03T16:08:21.082+0000][6][gc,phases   ] GC(187)   Other: 2.7ms
[2025-12-03T16:08:21.082+0000][6][gc,heap     ] GC(187) Eden regions: 62->0(62)
[2025-12-03T16:08:21.082+0000][6][gc,heap     ] GC(187) Survivor regions: 2->2(8)
[2025-12-03T16:08:21.082+0000][6][gc,heap     ] GC(187) Old regions: 37->37
[2025-12-03T16:08:21.082+0000][6][gc,heap     ] GC(187) Archive regions: 2->2
[2025-12-03T16:08:21.082+0000][6][gc,heap     ] GC(187) Humongous regions: 2->2
[2025-12-03T16:08:21.082+0000][6][gc,metaspace] GC(187) Metaspace: 118072K(119872K)->118072K(119872K) NonClass: 103182K(104256K)->103182K(104256K) Class: 14890K(15616K)->14890K(15616K)
[2025-12-03T16:08:21.082+0000][6][gc          ] GC(187) Pause Young (Concurrent Start) (G1 Evacuation Pause) 409M->162M(512M) 37.692ms
[2025-12-03T16:08:21.082+0000][6][gc,cpu      ] GC(187) User=0.21s Sys=0.00s Real=0.04s
[2025-12-03T16:08:21.082+0000][6][safepoint   ] Safepoint "G1CollectForAllocation", Time since last: 37821893100 ns, Reaching safepoint: 663625 ns, At safepoint: 38244250 ns, Total: 38907875 ns
[2025-12-03T16:08:21.082+0000][6][gc          ] GC(188) Concurrent Mark Cycle
[2025-12-03T16:08:21.084+0000][6][gc,marking  ] GC(188) Concurrent Clear Claimed Marks
[2025-12-03T16:08:21.084+0000][6][gc,marking  ] GC(188) Concurrent Clear Claimed Marks 0.196ms
[2025-12-03T16:08:21.084+0000][6][gc,marking  ] GC(188) Concurrent Scan Root Regions
[2025-12-03T16:08:21.090+0000][6][gc,marking  ] GC(188) Concurrent Scan Root Regions 5.718ms
[2025-12-03T16:08:21.092+0000][6][gc,marking  ] GC(188) Concurrent Mark
[2025-12-03T16:08:21.092+0000][6][gc,marking  ] GC(188) Concurrent Mark From Roots
[2025-12-03T16:08:21.092+0000][6][gc,task     ] GC(188) Using 2 workers of 2 for marking
[2025-12-03T16:08:21.170+0000][6][gc,marking  ] GC(188) Concurrent Mark From Roots 78.034ms
[2025-12-03T16:08:21.170+0000][6][gc,marking  ] GC(188) Concurrent Preclean
[2025-12-03T16:08:21.170+0000][6][gc,marking  ] GC(188) Concurrent Preclean 0.310ms
[2025-12-03T16:08:21.171+0000][6][gc,start    ] GC(188) Pause Remark
[2025-12-03T16:08:21.207+0000][6][gc          ] GC(188) Pause Remark 169M->169M(512M) 36.649ms
[2025-12-03T16:08:21.208+0000][6][gc,cpu      ] GC(188) User=0.25s Sys=0.00s Real=0.03s
[2025-12-03T16:08:21.208+0000][6][safepoint   ] Safepoint "G1Concurrent", Time since last: 88267209 ns, Reaching safepoint: 97500 ns, At safepoint: 36922791 ns, Total: 37020291 ns
[2025-12-03T16:08:21.208+0000][6][gc,marking  ] GC(188) Concurrent Mark 115.914ms
[2025-12-03T16:08:21.208+0000][6][gc,marking  ] GC(188) Concurrent Rebuild Remembered Sets
[2025-12-03T16:08:21.237+0000][6][gc,marking  ] GC(188) Concurrent Rebuild Remembered Sets 29.073ms
[2025-12-03T16:08:21.237+0000][6][gc,start    ] GC(188) Pause Cleanup
[2025-12-03T16:08:21.237+0000][6][gc          ] GC(188) Pause Cleanup 169M->169M(512M) 0.141ms
[2025-12-03T16:08:21.237+0000][6][gc,cpu      ] GC(188) User=0.00s Sys=0.00s Real=0.00s
[2025-12-03T16:08:21.237+0000][6][safepoint   ] Safepoint "G1Concurrent", Time since last: 29373959 ns, Reaching safepoint: 40750 ns, At safepoint: 288166 ns, Total: 328916 ns
[2025-12-03T16:08:21.237+0000][6][gc,marking  ] GC(188) Concurrent Cleanup for Next Mark
[2025-12-03T16:08:21.239+0000][6][gc,marking  ] GC(188) Concurrent Cleanup for Next Mark 1.352ms
[2025-12-03T16:08:21.239+0000][6][gc          ] GC(188) Concurrent Mark Cycle 156.459ms
[2025-12-03T16:08:56.305+0000][6][safepoint   ] Safepoint "Cleanup", Time since last: 35065877058 ns, Reaching safepoint: 243209 ns, At safepoint: 34791 ns, Total: 278000 ns
[2025-12-03T16:09:02.316+0000][6][safepoint   ] Safepoint "Cleanup", Time since last: 6010777878 ns, Reaching safepoint: 82500 ns, At safepoint: 2917 ns, Total: 85417 ns
[2025-12-03T16:09:05.286+0000][6][gc,start    ] GC(189) Pause Young (Normal) (G1 Evacuation Pause)
[2025-12-03T16:09:05.287+0000][6][gc,task     ] GC(189) Using 8 workers of 8 for evacuation
[2025-12-03T16:09:05.287+0000][6][gc,age      ] GC(189) Desired survivor size 16777216 bytes, new threshold 15 (max threshold 15)
[2025-12-03T16:09:05.328+0000][6][gc,age      ] GC(189) Age table with threshold 15 (max threshold 15)
[2025-12-03T16:09:05.329+0000][6][gc,age      ] GC(189) - age   1:    2121304 bytes,    2121304 total
[2025-12-03T16:09:05.329+0000][6][gc,age      ] GC(189) - age   2:     537376 bytes,    2658680 total
[2025-12-03T16:09:05.329+0000][6][gc,age      ] GC(189) - age   3:     190328 bytes,    2849008 total
[2025-12-03T16:09:05.329+0000][6][gc,age      ] GC(189) - age   4:     177208 bytes,    3026216 total
[2025-12-03T16:09:05.329+0000][6][gc,age      ] GC(189) - age   5:     114264 bytes,    3140480 total
[2025-12-03T16:09:05.329+0000][6][gc,age      ] GC(189) - age   6:     165192 bytes,    3305672 total
[2025-12-03T16:09:05.329+0000][6][gc,age      ] GC(189) - age   7:      52296 bytes,    3357968 total
[2025-12-03T16:09:05.329+0000][6][gc,age      ] GC(189) - age   8:      25168 bytes,    3383136 total
[2025-12-03T16:09:05.329+0000][6][gc,age      ] GC(189) - age   9:      48808 bytes,    3431944 total
[2025-12-03T16:09:05.329+0000][6][gc,age      ] GC(189) - age  10:      57368 bytes,    3489312 total
[2025-12-03T16:09:05.329+0000][6][gc,age      ] GC(189) - age  11:      24936 bytes,    3514248 total
[2025-12-03T16:09:05.329+0000][6][gc,age      ] GC(189) - age  12:      79152 bytes,    3593400 total
[2025-12-03T16:09:05.330+0000][6][gc,age      ] GC(189) - age  13:      57256 bytes,    3650656 total
[2025-12-03T16:09:05.330+0000][6][gc,age      ] GC(189) - age  14:      29496 bytes,    3680152 total
[2025-12-03T16:09:05.330+0000][6][gc,age      ] GC(189) - age  15:      63344 bytes,    3743496 total
[2025-12-03T16:09:05.330+0000][6][gc,phases   ] GC(189)   Pre Evacuate Collection Set: 0.6ms
[2025-12-03T16:09:05.330+0000][6][gc,phases   ] GC(189)   Merge Heap Roots: 0.5ms
[2025-12-03T16:09:05.330+0000][6][gc,phases   ] GC(189)   Evacuate Collection Set: 33.3ms
[2025-12-03T16:09:05.331+0000][6][gc,phases   ] GC(189)   Post Evacuate Collection Set: 6.4ms
[2025-12-03T16:09:05.331+0000][6][gc,phases   ] GC(189)   Other: 3.4ms
[2025-12-03T16:09:05.331+0000][6][gc,heap     ] GC(189) Eden regions: 62->0(63)
[2025-12-03T16:09:05.332+0000][6][gc,heap     ] GC(189) Survivor regions: 2->1(8)
[2025-12-03T16:09:05.332+0000][6][gc,heap     ] GC(189) Old regions: 37->37
[2025-12-03T16:09:05.332+0000][6][gc,heap     ] GC(189) Archive regions: 2->2
[2025-12-03T16:09:05.332+0000][6][gc,heap     ] GC(189) Humongous regions: 2->2
[2025-12-03T16:09:05.333+0000][6][gc,metaspace] GC(189) Metaspace: 118072K(119872K)->118072K(119872K) NonClass: 103182K(104256K)->103182K(104256K) Class: 14890K(15616K)->14890K(15616K)
[2025-12-03T16:09:05.333+0000][6][gc          ] GC(189) Pause Young (Normal) (G1 Evacuation Pause) 410M->161M(512M) 46.809ms
[2025-12-03T16:09:05.335+0000][6][gc,cpu      ] GC(189) User=0.27s Sys=0.01s Real=0.05s
[2025-12-03T16:09:05.336+0000][6][safepoint   ] Safepoint "G1CollectForAllocation", Time since last: 2969485918 ns, Reaching safepoint: 252375 ns, At safepoint: 50200291 ns, Total: 50452666 ns
[2025-12-03T16:09:10.343+0000][6][safepoint   ] Safepoint "Cleanup", Time since last: 5006974419 ns, Reaching safepoint: 119709 ns, At safepoint: 3750 ns, Total: 123459 ns
[2025-12-03T16:09:18.362+0000][6][safepoint   ] Safepoint "Cleanup", Time since last: 8018923587 ns, Reaching safepoint: 113000 ns, At safepoint: 31125 ns, Total: 144125 ns
[2025-12-03T16:09:26.377+0000][6][safepoint   ] Safepoint "Cleanup", Time since last: 8014418545 ns, Reaching safepoint: 633834 ns, At safepoint: 37500 ns, Total: 671334 ns
[2025-12-03T16:09:40.427+0000][6][gc,start    ] GC(190) Pause Young (Concurrent Start) (G1 Evacuation Pause)
[2025-12-03T16:09:40.427+0000][6][gc,task     ] GC(190) Using 8 workers of 8 for evacuation
[2025-12-03T16:09:40.427+0000][6][gc,age      ] GC(190) Desired survivor size 16777216 bytes, new threshold 15 (max threshold 15)
[2025-12-03T16:09:40.443+0000][6][gc,age      ] GC(190) Age table with threshold 15 (max threshold 15)
[2025-12-03T16:09:40.444+0000][6][gc,age      ] GC(190) - age   1:    1985168 bytes,    1985168 total
[2025-12-03T16:09:40.444+0000][6][gc,age      ] GC(190) - age   2:     940496 bytes,    2925664 total
[2025-12-03T16:09:40.444+0000][6][gc,age      ] GC(190) - age   3:     530984 bytes,    3456648 total
[2025-12-03T16:09:40.444+0000][6][gc,age      ] GC(190) - age   4:     187328 bytes,    3643976 total
[2025-12-03T16:09:40.444+0000][6][gc,age      ] GC(190) - age   5:     100440 bytes,    3744416 total
[2025-12-03T16:09:40.444+0000][6][gc,age      ] GC(190) - age   6:     103264 bytes,    3847680 total
[2025-12-03T16:09:40.444+0000][6][gc,age      ] GC(190) - age   7:     165192 bytes,    4012872 total
[2025-12-03T16:09:40.444+0000][6][gc,age      ] GC(190) - age   8:      52296 bytes,    4065168 total
[2025-12-03T16:09:40.444+0000][6][gc,age      ] GC(190) - age   9:      24784 bytes,    4089952 total
[2025-12-03T16:09:40.444+0000][6][gc,age      ] GC(190) - age  10:      48808 bytes,    4138760 total
[2025-12-03T16:09:40.444+0000][6][gc,age      ] GC(190) - age  11:      57368 bytes,    4196128 total
[2025-12-03T16:09:40.444+0000][6][gc,age      ] GC(190) - age  12:      24936 bytes,    4221064 total
[2025-12-03T16:09:40.444+0000][6][gc,age      ] GC(190) - age  13:      79152 bytes,    4300216 total
[2025-12-03T16:09:40.444+0000][6][gc,age      ] GC(190) - age  14:      57256 bytes,    4357472 total
[2025-12-03T16:09:40.444+0000][6][gc,age      ] GC(190) - age  15:      29496 bytes,    4386968 total
[2025-12-03T16:09:40.444+0000][6][gc,phases   ] GC(190)   Pre Evacuate Collection Set: 3.0ms
[2025-12-03T16:09:40.445+0000][6][gc,phases   ] GC(190)   Merge Heap Roots: 0.2ms
[2025-12-03T16:09:40.445+0000][6][gc,phases   ] GC(190)   Evacuate Collection Set: 10.7ms
[2025-12-03T16:09:40.445+0000][6][gc,phases   ] GC(190)   Post Evacuate Collection Set: 1.9ms
[2025-12-03T16:09:40.445+0000][6][gc,phases   ] GC(190)   Other: 2.0ms
[2025-12-03T16:09:40.445+0000][6][gc,heap     ] GC(190) Eden regions: 63->0(63)
[2025-12-03T16:09:40.445+0000][6][gc,heap     ] GC(190) Survivor regions: 1->2(8)
[2025-12-03T16:09:40.445+0000][6][gc,heap     ] GC(190) Old regions: 37->37
[2025-12-03T16:09:40.445+0000][6][gc,heap     ] GC(190) Archive regions: 2->2
[2025-12-03T16:09:40.445+0000][6][gc,heap     ] GC(190) Humongous regions: 2->2
[2025-12-03T16:09:40.445+0000][6][gc,metaspace] GC(190) Metaspace: 118073K(119872K)->118073K(119872K) NonClass: 103183K(104256K)->103183K(104256K) Class: 14890K(15616K)->14890K(15616K)
[2025-12-03T16:09:40.445+0000][6][gc          ] GC(190) Pause Young (Concurrent Start) (G1 Evacuation Pause) 413M->161M(512M) 18.511ms
[2025-12-03T16:09:40.445+0000][6][gc,cpu      ] GC(190) User=0.08s Sys=0.00s Real=0.02s
[2025-12-03T16:09:40.445+0000][6][safepoint   ] Safepoint "G1CollectForAllocation", Time since last: 14048488756 ns, Reaching safepoint: 131708 ns, At safepoint: 18859167 ns, Total: 18990875 ns
[2025-12-03T16:09:40.445+0000][6][gc          ] GC(191) Concurrent Mark Cycle
[2025-12-03T16:09:40.446+0000][6][gc,marking  ] GC(191) Concurrent Clear Claimed Marks
[2025-12-03T16:09:40.446+0000][6][gc,marking  ] GC(191) Concurrent Clear Claimed Marks 0.141ms
[2025-12-03T16:09:40.446+0000][6][gc,marking  ] GC(191) Concurrent Scan Root Regions
[2025-12-03T16:09:40.449+0000][6][gc,marking  ] GC(191) Concurrent Scan Root Regions 3.003ms
[2025-12-03T16:09:40.449+0000][6][gc,marking  ] GC(191) Concurrent Mark
[2025-12-03T16:09:40.449+0000][6][gc,marking  ] GC(191) Concurrent Mark From Roots
[2025-12-03T16:09:40.449+0000][6][gc,task     ] GC(191) Using 2 workers of 2 for marking
[2025-12-03T16:09:40.519+0000][6][gc,marking  ] GC(191) Concurrent Mark From Roots 69.629ms
[2025-12-03T16:09:40.519+0000][6][gc,marking  ] GC(191) Concurrent Preclean
[2025-12-03T16:09:40.519+0000][6][gc,marking  ] GC(191) Concurrent Preclean 0.265ms
[2025-12-03T16:09:40.519+0000][6][gc,start    ] GC(191) Pause Remark
[2025-12-03T16:09:40.540+0000][6][gc          ] GC(191) Pause Remark 167M->167M(512M) 20.652ms
[2025-12-03T16:09:40.540+0000][6][gc,cpu      ] GC(191) User=0.16s Sys=0.01s Real=0.02s
[2025-12-03T16:09:40.540+0000][6][safepoint   ] Safepoint "G1Concurrent", Time since last: 73728417 ns, Reaching safepoint: 87625 ns, At safepoint: 20865750 ns, Total: 20953375 ns
[2025-12-03T16:09:40.540+0000][6][gc,marking  ] GC(191) Concurrent Mark 91.234ms
[2025-12-03T16:09:40.540+0000][6][gc,marking  ] GC(191) Concurrent Rebuild Remembered Sets
[2025-12-03T16:09:40.570+0000][6][gc,marking  ] GC(191) Concurrent Rebuild Remembered Sets 29.332ms
[2025-12-03T16:09:40.570+0000][6][gc,start    ] GC(191) Pause Cleanup
[2025-12-03T16:09:40.570+0000][6][gc          ] GC(191) Pause Cleanup 174M->174M(512M) 0.163ms
[2025-12-03T16:09:40.570+0000][6][gc,cpu      ] GC(191) User=0.00s Sys=0.00s Real=0.00s
[2025-12-03T16:09:40.570+0000][6][safepoint   ] Safepoint "G1Concurrent", Time since last: 29634458 ns, Reaching safepoint: 40625 ns, At safepoint: 307625 ns, Total: 348250 ns
[2025-12-03T16:09:40.570+0000][6][gc,marking  ] GC(191) Concurrent Cleanup for Next Mark
[2025-12-03T16:09:40.572+0000][6][gc,marking  ] GC(191) Concurrent Cleanup for Next Mark 1.436ms
[2025-12-03T16:09:40.572+0000][6][gc          ] GC(191) Concurrent Mark Cycle 126.251ms
[2025-12-03T16:10:10.620+0000][6][safepoint   ] Safepoint "Cleanup", Time since last: 30048793639 ns, Reaching safepoint: 344833 ns, At safepoint: 23042 ns, Total: 367875 ns
[2025-12-03T16:10:13.481+0000][6][gc,start    ] GC(192) Pause Young (Normal) (G1 Evacuation Pause)
[2025-12-03T16:10:13.481+0000][6][gc,task     ] GC(192) Using 8 workers of 8 for evacuation
[2025-12-03T16:10:13.481+0000][6][gc,age      ] GC(192) Desired survivor size 18874368 bytes, new threshold 15 (max threshold 15)
[2025-12-03T16:10:13.489+0000][6][gc,age      ] GC(192) Age table with threshold 15 (max threshold 15)
[2025-12-03T16:10:13.489+0000][6][gc,age      ] GC(192) - age   1:    3153520 bytes,    3153520 total
[2025-12-03T16:10:13.490+0000][6][gc,age      ] GC(192) - age   2:     130136 bytes,    3283656 total
[2025-12-03T16:10:13.490+0000][6][gc,age      ] GC(192) - age   3:     595144 bytes,    3878800 total
[2025-12-03T16:10:13.490+0000][6][gc,age      ] GC(192) - age   4:     529864 bytes,    4408664 total
[2025-12-03T16:10:13.490+0000][6][gc,age      ] GC(192) - age   5:     186344 bytes,    4595008 total
[2025-12-03T16:10:13.490+0000][6][gc,age      ] GC(192) - age   6:      90464 bytes,    4685472 total
[2025-12-03T16:10:13.490+0000][6][gc,age      ] GC(192) - age   7:     103264 bytes,    4788736 total
[2025-12-03T16:10:13.490+0000][6][gc,age      ] GC(192) - age   8:     164896 bytes,    4953632 total
[2025-12-03T16:10:13.490+0000][6][gc,age      ] GC(192) - age   9:      52296 bytes,    5005928 total
[2025-12-03T16:10:13.490+0000][6][gc,age      ] GC(192) - age  10:      24688 bytes,    5030616 total
[2025-12-03T16:10:13.490+0000][6][gc,age      ] GC(192) - age  11:      48808 bytes,    5079424 total
[2025-12-03T16:10:13.490+0000][6][gc,age      ] GC(192) - age  12:      57368 bytes,    5136792 total
[2025-12-03T16:10:13.490+0000][6][gc,age      ] GC(192) - age  13:      24936 bytes,    5161728 total
[2025-12-03T16:10:13.490+0000][6][gc,age      ] GC(192) - age  14:      79152 bytes,    5240880 total
[2025-12-03T16:10:13.490+0000][6][gc,age      ] GC(192) - age  15:      57232 bytes,    5298112 total
[2025-12-03T16:10:13.490+0000][6][gc,phases   ] GC(192)   Pre Evacuate Collection Set: 0.2ms
[2025-12-03T16:10:13.490+0000][6][gc,phases   ] GC(192)   Merge Heap Roots: 0.1ms
[2025-12-03T16:10:13.490+0000][6][gc,phases   ] GC(192)   Evacuate Collection Set: 5.8ms
[2025-12-03T16:10:13.490+0000][6][gc,phases   ] GC(192)   Post Evacuate Collection Set: 2.1ms
[2025-12-03T16:10:13.490+0000][6][gc,phases   ] GC(192)   Other: 1.1ms
[2025-12-03T16:10:13.490+0000][6][gc,heap     ] GC(192) Eden regions: 63->0(62)
[2025-12-03T16:10:13.490+0000][6][gc,heap     ] GC(192) Survivor regions: 2->2(9)
[2025-12-03T16:10:13.490+0000][6][gc,heap     ] GC(192) Old regions: 37->37
[2025-12-03T16:10:13.490+0000][6][gc,heap     ] GC(192) Archive regions: 2->2
[2025-12-03T16:10:13.490+0000][6][gc,heap     ] GC(192) Humongous regions: 2->2
[2025-12-03T16:10:13.490+0000][6][gc,metaspace] GC(192) Metaspace: 118073K(119872K)->118073K(119872K) NonClass: 103183K(104256K)->103183K(104256K) Class: 14890K(15616K)->14890K(15616K)
[2025-12-03T16:10:13.491+0000][6][gc          ] GC(192) Pause Young (Normal) (G1 Evacuation Pause) 413M->162M(512M) 9.676ms
[2025-12-03T16:10:13.491+0000][6][gc,cpu      ] GC(192) User=0.06s Sys=0.00s Real=0.01s
[2025-12-03T16:10:13.491+0000][6][safepoint   ] Safepoint "G1CollectForAllocation", Time since last: 2860983960 ns, Reaching safepoint: 42875 ns, At safepoint: 9818583 ns, Total: 9861458 ns
[2025-12-03T16:10:14.496+0000][6][safepoint   ] Safepoint "Cleanup", Time since last: 1005541500 ns, Reaching safepoint: 257125 ns, At safepoint: 15500 ns, Total: 272625 ns
[2025-12-03T16:10:29.513+0000][6][safepoint   ] Safepoint "Cleanup", Time since last: 15016002966 ns, Reaching safepoint: 860500 ns, At safepoint: 64416 ns, Total: 924916 ns
[2025-12-03T16:10:49.884+0000][6][gc,start    ] GC(193) Pause Young (Concurrent Start) (G1 Evacuation Pause)
[2025-12-03T16:10:49.886+0000][6][gc,task     ] GC(193) Using 8 workers of 8 for evacuation
[2025-12-03T16:10:49.887+0000][6][gc,age      ] GC(193) Desired survivor size 16777216 bytes, new threshold 15 (max threshold 15)
[2025-12-03T16:10:49.919+0000][6][gc,age      ] GC(193) Age table with threshold 15 (max threshold 15)
[2025-12-03T16:10:49.919+0000][6][gc,age      ] GC(193) - age   1:    3354784 bytes,    3354784 total
[2025-12-03T16:10:49.919+0000][6][gc,age      ] GC(193) - age   2:      41016 bytes,    3395800 total
[2025-12-03T16:10:49.919+0000][6][gc,age      ] GC(193) - age   3:     125640 bytes,    3521440 total
[2025-12-03T16:10:49.919+0000][6][gc,age      ] GC(193) - age   4:     593936 bytes,    4115376 total
[2025-12-03T16:10:49.919+0000][6][gc,age      ] GC(193) - age   5:      31352 bytes,    4146728 total
[2025-12-03T16:10:49.919+0000][6][gc,age      ] GC(193) - age   6:      57544 bytes,    4204272 total
[2025-12-03T16:10:49.920+0000][6][gc,age      ] GC(193) - age   7:      90464 bytes,    4294736 total
[2025-12-03T16:10:49.920+0000][6][gc,age      ] GC(193) - age   8:     103200 bytes,    4397936 total
[2025-12-03T16:10:49.920+0000][6][gc,age      ] GC(193) - age   9:     164784 bytes,    4562720 total
[2025-12-03T16:10:49.920+0000][6][gc,age      ] GC(193) - age  10:      52296 bytes,    4615016 total
[2025-12-03T16:10:49.920+0000][6][gc,age      ] GC(193) - age  11:      24688 bytes,    4639704 total
[2025-12-03T16:10:49.920+0000][6][gc,age      ] GC(193) - age  12:      48808 bytes,    4688512 total
[2025-12-03T16:10:49.920+0000][6][gc,age      ] GC(193) - age  13:      57368 bytes,    4745880 total
[2025-12-03T16:10:49.920+0000][6][gc,age      ] GC(193) - age  14:      24936 bytes,    4770816 total
[2025-12-03T16:10:49.920+0000][6][gc,age      ] GC(193) - age  15:      79152 bytes,    4849968 total
[2025-12-03T16:10:49.920+0000][6][gc,phases   ] GC(193)   Pre Evacuate Collection Set: 3.6ms
[2025-12-03T16:10:49.920+0000][6][gc,phases   ] GC(193)   Merge Heap Roots: 0.2ms
[2025-12-03T16:10:49.920+0000][6][gc,phases   ] GC(193)   Evacuate Collection Set: 25.1ms
[2025-12-03T16:10:49.921+0000][6][gc,phases   ] GC(193)   Post Evacuate Collection Set: 3.0ms
[2025-12-03T16:10:49.921+0000][6][gc,phases   ] GC(193)   Other: 4.9ms
[2025-12-03T16:10:49.921+0000][6][gc,heap     ] GC(193) Eden regions: 62->0(62)
[2025-12-03T16:10:49.921+0000][6][gc,heap     ] GC(193) Survivor regions: 2->2(8)
[2025-12-03T16:10:49.921+0000][6][gc,heap     ] GC(193) Old regions: 37->37
[2025-12-03T16:10:49.921+0000][6][gc,heap     ] GC(193) Archive regions: 2->2
[2025-12-03T16:10:49.921+0000][6][gc,heap     ] GC(193) Humongous regions: 2->2
[2025-12-03T16:10:49.921+0000][6][gc,metaspace] GC(193) Metaspace: 118073K(119872K)->118073K(119872K) NonClass: 103183K(104256K)->103183K(104256K) Class: 14890K(15616K)->14890K(15616K)
[2025-12-03T16:10:49.921+0000][6][gc          ] GC(193) Pause Young (Concurrent Start) (G1 Evacuation Pause) 410M->162M(512M) 37.243ms
[2025-12-03T16:10:49.921+0000][6][gc,cpu      ] GC(193) User=0.12s Sys=0.00s Real=0.03s
[2025-12-03T16:10:49.921+0000][6][safepoint   ] Safepoint "G1CollectForAllocation", Time since last: 20367766677 ns, Reaching safepoint: 837750 ns, At safepoint: 37900041 ns, Total: 38737791 ns
[2025-12-03T16:10:49.921+0000][6][gc          ] GC(194) Concurrent Mark Cycle
[2025-12-03T16:10:49.921+0000][6][gc,marking  ] GC(194) Concurrent Clear Claimed Marks
[2025-12-03T16:10:49.922+0000][6][gc,marking  ] GC(194) Concurrent Clear Claimed Marks 0.342ms
[2025-12-03T16:10:49.922+0000][6][gc,marking  ] GC(194) Concurrent Scan Root Regions
[2025-12-03T16:10:49.925+0000][6][gc,marking  ] GC(194) Concurrent Scan Root Regions 3.058ms
[2025-12-03T16:10:49.925+0000][6][gc,marking  ] GC(194) Concurrent Mark
[2025-12-03T16:10:49.925+0000][6][gc,marking  ] GC(194) Concurrent Mark From Roots
[2025-12-03T16:10:49.925+0000][6][gc,task     ] GC(194) Using 2 workers of 2 for marking
[2025-12-03T16:10:49.999+0000][6][gc,marking  ] GC(194) Concurrent Mark From Roots 73.513ms
[2025-12-03T16:10:49.999+0000][6][gc,marking  ] GC(194) Concurrent Preclean
[2025-12-03T16:10:49.999+0000][6][gc,marking  ] GC(194) Concurrent Preclean 0.280ms
[2025-12-03T16:10:49.999+0000][6][gc,start    ] GC(194) Pause Remark
[2025-12-03T16:10:50.023+0000][6][gc          ] GC(194) Pause Remark 167M->167M(512M) 23.816ms
[2025-12-03T16:10:50.023+0000][6][gc,cpu      ] GC(194) User=0.18s Sys=0.00s Real=0.02s
[2025-12-03T16:10:50.023+0000][6][safepoint   ] Safepoint "G1Concurrent", Time since last: 77830417 ns, Reaching safepoint: 122250 ns, At safepoint: 24058000 ns, Total: 24180250 ns
[2025-12-03T16:10:50.023+0000][6][gc,marking  ] GC(194) Concurrent Mark 98.378ms
[2025-12-03T16:10:50.023+0000][6][gc,marking  ] GC(194) Concurrent Rebuild Remembered Sets
[2025-12-03T16:10:50.053+0000][6][gc,marking  ] GC(194) Concurrent Rebuild Remembered Sets 29.450ms
[2025-12-03T16:10:50.053+0000][6][gc,start    ] GC(194) Pause Cleanup
[2025-12-03T16:10:50.053+0000][6][gc          ] GC(194) Pause Cleanup 167M->167M(512M) 0.130ms
[2025-12-03T16:10:50.053+0000][6][gc,cpu      ] GC(194) User=0.00s Sys=0.00s Real=0.00s
[2025-12-03T16:10:50.053+0000][6][safepoint   ] Safepoint "G1Concurrent", Time since last: 29730333 ns, Reaching safepoint: 74125 ns, At safepoint: 332167 ns, Total: 406292 ns
[2025-12-03T16:10:50.053+0000][6][gc,marking  ] GC(194) Concurrent Cleanup for Next Mark
[2025-12-03T16:10:50.055+0000][6][gc,marking  ] GC(194) Concurrent Cleanup for Next Mark 1.366ms
[2025-12-03T16:10:50.055+0000][6][gc          ] GC(194) Concurrent Mark Cycle 133.617ms
[2025-12-03T16:11:02.074+0000][6][safepoint   ] Safepoint "Cleanup", Time since last: 12018380880 ns, Reaching safepoint: 494958 ns, At safepoint: 16834 ns, Total: 511792 ns
[2025-12-03T16:11:10.097+0000][6][safepoint   ] Safepoint "Cleanup", Time since last: 8023473712 ns, Reaching safepoint: 193917 ns, At safepoint: 6458 ns, Total: 200375 ns
[2025-12-03T16:11:17.113+0000][6][safepoint   ] Safepoint "Cleanup", Time since last: 7014603170 ns, Reaching safepoint: 1416208 ns, At safepoint: 73375 ns, Total: 1489583 ns
[2025-12-03T16:11:28.619+0000][6][gc,start    ] GC(195) Pause Young (Normal) (G1 Evacuation Pause)
[2025-12-03T16:11:28.619+0000][6][gc,task     ] GC(195) Using 8 workers of 8 for evacuation
[2025-12-03T16:11:28.620+0000][6][gc,age      ] GC(195) Desired survivor size 16777216 bytes, new threshold 15 (max threshold 15)
[2025-12-03T16:11:28.627+0000][6][gc,age      ] GC(195) Age table with threshold 15 (max threshold 15)
[2025-12-03T16:11:28.627+0000][6][gc,age      ] GC(195) - age   1:    2154864 bytes,    2154864 total
[2025-12-03T16:11:28.627+0000][6][gc,age      ] GC(195) - age   2:     685376 bytes,    2840240 total
[2025-12-03T16:11:28.628+0000][6][gc,age      ] GC(195) - age   3:      32704 bytes,    2872944 total
[2025-12-03T16:11:28.628+0000][6][gc,age      ] GC(195) - age   4:     124568 bytes,    2997512 total
[2025-12-03T16:11:28.628+0000][6][gc,age      ] GC(195) - age   5:     593712 bytes,    3591224 total
[2025-12-03T16:11:28.628+0000][6][gc,age      ] GC(195) - age   6:      31160 bytes,    3622384 total
[2025-12-03T16:11:28.628+0000][6][gc,age      ] GC(195) - age   7:      57480 bytes,    3679864 total
[2025-12-03T16:11:28.628+0000][6][gc,age      ] GC(195) - age   8:      90464 bytes,    3770328 total
[2025-12-03T16:11:28.628+0000][6][gc,age      ] GC(195) - age   9:     103200 bytes,    3873528 total
[2025-12-03T16:11:28.628+0000][6][gc,age      ] GC(195) - age  10:     164784 bytes,    4038312 total
[2025-12-03T16:11:28.628+0000][6][gc,age      ] GC(195) - age  11:      52296 bytes,    4090608 total
[2025-12-03T16:11:28.628+0000][6][gc,age      ] GC(195) - age  12:      24688 bytes,    4115296 total
[2025-12-03T16:11:28.628+0000][6][gc,age      ] GC(195) - age  13:      48808 bytes,    4164104 total
[2025-12-03T16:11:28.628+0000][6][gc,age      ] GC(195) - age  14:      57368 bytes,    4221472 total
[2025-12-03T16:11:28.628+0000][6][gc,age      ] GC(195) - age  15:      24936 bytes,    4246408 total
[2025-12-03T16:11:28.628+0000][6][gc,phases   ] GC(195)   Pre Evacuate Collection Set: 0.2ms
[2025-12-03T16:11:28.628+0000][6][gc,phases   ] GC(195)   Merge Heap Roots: 0.2ms
[2025-12-03T16:11:28.628+0000][6][gc,phases   ] GC(195)   Evacuate Collection Set: 5.3ms
[2025-12-03T16:11:28.628+0000][6][gc,phases   ] GC(195)   Post Evacuate Collection Set: 2.1ms
[2025-12-03T16:11:28.628+0000][6][gc,phases   ] GC(195)   Other: 1.7ms
[2025-12-03T16:11:28.628+0000][6][gc,heap     ] GC(195) Eden regions: 62->0(62)
[2025-12-03T16:11:28.628+0000][6][gc,heap     ] GC(195) Survivor regions: 2->2(8)
[2025-12-03T16:11:28.628+0000][6][gc,heap     ] GC(195) Old regions: 37->37
[2025-12-03T16:11:28.628+0000][6][gc,heap     ] GC(195) Archive regions: 2->2
[2025-12-03T16:11:28.629+0000][6][gc,heap     ] GC(195) Humongous regions: 2->2
[2025-12-03T16:11:28.629+0000][6][gc,metaspace] GC(195) Metaspace: 118075K(119872K)->118075K(119872K) NonClass: 103184K(104256K)->103184K(104256K) Class: 14890K(15616K)->14890K(15616K)
[2025-12-03T16:11:28.629+0000][6][gc          ] GC(195) Pause Young (Normal) (G1 Evacuation Pause) 410M->161M(512M) 9.899ms
[2025-12-03T16:11:28.629+0000][6][gc,cpu      ] GC(195) User=0.05s Sys=0.00s Real=0.01s
[2025-12-03T16:11:28.629+0000][6][safepoint   ] Safepoint "G1CollectForAllocation", Time since last: 11505079672 ns, Reaching safepoint: 267250 ns, At safepoint: 10144042 ns, Total: 10411292 ns
[2025-12-03T16:12:07.517+0000][6][gc,start    ] GC(196) Pause Young (Concurrent Start) (G1 Evacuation Pause)
[2025-12-03T16:12:07.517+0000][6][gc,task     ] GC(196) Using 8 workers of 8 for evacuation
[2025-12-03T16:12:07.517+0000][6][gc,age      ] GC(196) Desired survivor size 16777216 bytes, new threshold 15 (max threshold 15)
[2025-12-03T16:12:07.530+0000][6][gc,age      ] GC(196) Age table with threshold 15 (max threshold 15)
[2025-12-03T16:12:07.530+0000][6][gc,age      ] GC(196) - age   1:    1604768 bytes,    1604768 total
[2025-12-03T16:12:07.531+0000][6][gc,age      ] GC(196) - age   2:     490696 bytes,    2095464 total
[2025-12-03T16:12:07.531+0000][6][gc,age      ] GC(196) - age   3:     679664 bytes,    2775128 total
[2025-12-03T16:12:07.531+0000][6][gc,age      ] GC(196) - age   4:      31368 bytes,    2806496 total
[2025-12-03T16:12:07.531+0000][6][gc,age      ] GC(196) - age   5:     123288 bytes,    2929784 total
[2025-12-03T16:12:07.531+0000][6][gc,age      ] GC(196) - age   6:     148232 bytes,    3078016 total
[2025-12-03T16:12:07.531+0000][6][gc,age      ] GC(196) - age   7:      31160 bytes,    3109176 total
[2025-12-03T16:12:07.531+0000][6][gc,age      ] GC(196) - age   8:      57448 bytes,    3166624 total
[2025-12-03T16:12:07.531+0000][6][gc,age      ] GC(196) - age   9:      90400 bytes,    3257024 total
[2025-12-03T16:12:07.531+0000][6][gc,age      ] GC(196) - age  10:     103000 bytes,    3360024 total
[2025-12-03T16:12:07.531+0000][6][gc,age      ] GC(196) - age  11:     164784 bytes,    3524808 total
[2025-12-03T16:12:07.531+0000][6][gc,age      ] GC(196) - age  12:      52296 bytes,    3577104 total
[2025-12-03T16:12:07.531+0000][6][gc,age      ] GC(196) - age  13:      24688 bytes,    3601792 total
[2025-12-03T16:12:07.531+0000][6][gc,age      ] GC(196) - age  14:      48808 bytes,    3650600 total
[2025-12-03T16:12:07.531+0000][6][gc,age      ] GC(196) - age  15:      57368 bytes,    3707968 total
[2025-12-03T16:12:07.531+0000][6][gc,phases   ] GC(196)   Pre Evacuate Collection Set: 1.4ms
[2025-12-03T16:12:07.531+0000][6][gc,phases   ] GC(196)   Merge Heap Roots: 0.1ms
[2025-12-03T16:12:07.531+0000][6][gc,phases   ] GC(196)   Evacuate Collection Set: 8.3ms
[2025-12-03T16:12:07.531+0000][6][gc,phases   ] GC(196)   Post Evacuate Collection Set: 3.4ms
[2025-12-03T16:12:07.532+0000][6][gc,phases   ] GC(196)   Other: 1.5ms
[2025-12-03T16:12:07.532+0000][6][gc,heap     ] GC(196) Eden regions: 62->0(63)
[2025-12-03T16:12:07.532+0000][6][gc,heap     ] GC(196) Survivor regions: 2->1(8)
[2025-12-03T16:12:07.532+0000][6][gc,heap     ] GC(196) Old regions: 37->37
[2025-12-03T16:12:07.532+0000][6][gc,heap     ] GC(196) Archive regions: 2->2
[2025-12-03T16:12:07.532+0000][6][gc,heap     ] GC(196) Humongous regions: 2->2
[2025-12-03T16:12:07.532+0000][6][gc,metaspace] GC(196) Metaspace: 118076K(119872K)->118076K(119872K) NonClass: 103185K(104256K)->103185K(104256K) Class: 14890K(15616K)->14890K(15616K)
[2025-12-03T16:12:07.532+0000][6][gc          ] GC(196) Pause Young (Concurrent Start) (G1 Evacuation Pause) 409M->161M(512M) 15.307ms
[2025-12-03T16:12:07.532+0000][6][gc,cpu      ] GC(196) User=0.06s Sys=0.00s Real=0.01s
[2025-12-03T16:12:07.532+0000][6][safepoint   ] Safepoint "G1CollectForAllocation", Time since last: 38886308184 ns, Reaching safepoint: 251458 ns, At safepoint: 15613708 ns, Total: 15865166 ns
[2025-12-03T16:12:07.535+0000][6][gc          ] GC(197) Concurrent Mark Cycle
[2025-12-03T16:12:07.535+0000][6][gc,marking  ] GC(197) Concurrent Clear Claimed Marks
[2025-12-03T16:12:07.535+0000][6][gc,marking  ] GC(197) Concurrent Clear Claimed Marks 0.257ms
[2025-12-03T16:12:07.535+0000][6][gc,marking  ] GC(197) Concurrent Scan Root Regions
[2025-12-03T16:12:07.543+0000][6][gc,marking  ] GC(197) Concurrent Scan Root Regions 7.888ms
[2025-12-03T16:12:07.543+0000][6][gc,marking  ] GC(197) Concurrent Mark
[2025-12-03T16:12:07.543+0000][6][gc,marking  ] GC(197) Concurrent Mark From Roots
[2025-12-03T16:12:07.543+0000][6][gc,task     ] GC(197) Using 2 workers of 2 for marking
[2025-12-03T16:12:07.621+0000][6][gc,marking  ] GC(197) Concurrent Mark From Roots 77.483ms
[2025-12-03T16:12:07.621+0000][6][gc,marking  ] GC(197) Concurrent Preclean
[2025-12-03T16:12:07.621+0000][6][gc,marking  ] GC(197) Concurrent Preclean 0.219ms
[2025-12-03T16:12:07.621+0000][6][gc,start    ] GC(197) Pause Remark
[2025-12-03T16:12:07.642+0000][6][gc          ] GC(197) Pause Remark 169M->169M(512M) 20.763ms
[2025-12-03T16:12:07.642+0000][6][gc,cpu      ] GC(197) User=0.14s Sys=0.01s Real=0.02s
[2025-12-03T16:12:07.642+0000][6][safepoint   ] Safepoint "G1Concurrent", Time since last: 88919584 ns, Reaching safepoint: 52833 ns, At safepoint: 20987083 ns, Total: 21039916 ns
[2025-12-03T16:12:07.642+0000][6][gc,marking  ] GC(197) Concurrent Mark 99.018ms
[2025-12-03T16:12:07.642+0000][6][gc,marking  ] GC(197) Concurrent Rebuild Remembered Sets
[2025-12-03T16:12:07.675+0000][6][gc,marking  ] GC(197) Concurrent Rebuild Remembered Sets 32.573ms
[2025-12-03T16:12:07.675+0000][6][gc,start    ] GC(197) Pause Cleanup
[2025-12-03T16:12:07.675+0000][6][gc          ] GC(197) Pause Cleanup 169M->169M(512M) 0.107ms
[2025-12-03T16:12:07.675+0000][6][gc,cpu      ] GC(197) User=0.00s Sys=0.00s Real=0.00s
[2025-12-03T16:12:07.675+0000][6][safepoint   ] Safepoint "G1Concurrent", Time since last: 32788334 ns, Reaching safepoint: 48375 ns, At safepoint: 216833 ns, Total: 265208 ns
[2025-12-03T16:12:07.675+0000][6][gc,marking  ] GC(197) Concurrent Cleanup for Next Mark
[2025-12-03T16:12:07.676+0000][6][gc,marking  ] GC(197) Concurrent Cleanup for Next Mark 1.185ms
[2025-12-03T16:12:07.677+0000][6][gc          ] GC(197) Concurrent Mark Cycle 141.905ms
[2025-12-03T16:12:10.681+0000][6][safepoint   ] Safepoint "Cleanup", Time since last: 3005543168 ns, Reaching safepoint: 149708 ns, At safepoint: 6709 ns, Total: 156417 ns
[2025-12-03T16:12:43.770+0000][6][safepoint   ] Safepoint "Cleanup", Time since last: 33087410931 ns, Reaching safepoint: 701375 ns, At safepoint: 47042 ns, Total: 748417 ns
[2025-12-03T16:12:49.599+0000][6][gc,start    ] GC(198) Pause Young (Normal) (G1 Evacuation Pause)
[2025-12-03T16:12:49.599+0000][6][gc,task     ] GC(198) Using 8 workers of 8 for evacuation
[2025-12-03T16:12:49.599+0000][6][gc,age      ] GC(198) Desired survivor size 16777216 bytes, new threshold 15 (max threshold 15)
[2025-12-03T16:12:49.619+0000][6][gc,age      ] GC(198) Age table with threshold 15 (max threshold 15)
[2025-12-03T16:12:49.620+0000][6][gc,age      ] GC(198) - age   1:    2743968 bytes,    2743968 total
[2025-12-03T16:12:49.620+0000][6][gc,age      ] GC(198) - age   2:     801624 bytes,    3545592 total
[2025-12-03T16:12:49.620+0000][6][gc,age      ] GC(198) - age   3:     219456 bytes,    3765048 total
[2025-12-03T16:12:49.620+0000][6][gc,age      ] GC(198) - age   4:     180312 bytes,    3945360 total
[2025-12-03T16:12:49.620+0000][6][gc,age      ] GC(198) - age   5:      31176 bytes,    3976536 total
[2025-12-03T16:12:49.620+0000][6][gc,age      ] GC(198) - age   6:      79528 bytes,    4056064 total
[2025-12-03T16:12:49.620+0000][6][gc,age      ] GC(198) - age   7:     143688 bytes,    4199752 total
[2025-12-03T16:12:49.620+0000][6][gc,age      ] GC(198) - age   8:      31160 bytes,    4230912 total
[2025-12-03T16:12:49.620+0000][6][gc,age      ] GC(198) - age   9:      57448 bytes,    4288360 total
[2025-12-03T16:12:49.620+0000][6][gc,age      ] GC(198) - age  10:      90400 bytes,    4378760 total
[2025-12-03T16:12:49.620+0000][6][gc,age      ] GC(198) - age  11:     103000 bytes,    4481760 total
[2025-12-03T16:12:49.620+0000][6][gc,age      ] GC(198) - age  12:     164784 bytes,    4646544 total
[2025-12-03T16:12:49.620+0000][6][gc,age      ] GC(198) - age  13:      52296 bytes,    4698840 total
[2025-12-03T16:12:49.620+0000][6][gc,age      ] GC(198) - age  14:      24688 bytes,    4723528 total
[2025-12-03T16:12:49.620+0000][6][gc,age      ] GC(198) - age  15:      48808 bytes,    4772336 total
[2025-12-03T16:12:49.620+0000][6][gc,phases   ] GC(198)   Pre Evacuate Collection Set: 0.3ms
[2025-12-03T16:12:49.620+0000][6][gc,phases   ] GC(198)   Merge Heap Roots: 0.1ms
[2025-12-03T16:12:49.620+0000][6][gc,phases   ] GC(198)   Evacuate Collection Set: 7.5ms
[2025-12-03T16:12:49.620+0000][6][gc,phases   ] GC(198)   Post Evacuate Collection Set: 12.4ms
[2025-12-03T16:12:49.620+0000][6][gc,phases   ] GC(198)   Other: 1.3ms
[2025-12-03T16:12:49.620+0000][6][gc,heap     ] GC(198) Eden regions: 63->0(62)
[2025-12-03T16:12:49.620+0000][6][gc,heap     ] GC(198) Survivor regions: 1->2(8)
[2025-12-03T16:12:49.621+0000][6][gc,heap     ] GC(198) Old regions: 37->37
[2025-12-03T16:12:49.621+0000][6][gc,heap     ] GC(198) Archive regions: 2->2
[2025-12-03T16:12:49.621+0000][6][gc,heap     ] GC(198) Humongous regions: 2->2
[2025-12-03T16:12:49.621+0000][6][gc,metaspace] GC(198) Metaspace: 118076K(119872K)->118076K(119872K) NonClass: 103185K(104256K)->103185K(104256K) Class: 14890K(15616K)->14890K(15616K)
[2025-12-03T16:12:49.621+0000][6][gc          ] GC(198) Pause Young (Normal) (G1 Evacuation Pause) 413M->162M(512M) 22.148ms
[2025-12-03T16:12:49.621+0000][6][gc,cpu      ] GC(198) User=0.12s Sys=0.00s Real=0.02s
[2025-12-03T16:12:49.621+0000][6][safepoint   ] Safepoint "G1CollectForAllocation", Time since last: 5828268878 ns, Reaching safepoint: 71208 ns, At safepoint: 22361500 ns, Total: 22432708 ns
[2025-12-03T16:13:28.545+0000][6][gc,start    ] GC(199) Pause Young (Concurrent Start) (G1 Evacuation Pause)
[2025-12-03T16:13:28.545+0000][6][gc,task     ] GC(199) Using 8 workers of 8 for evacuation
[2025-12-03T16:13:28.545+0000][6][gc,age      ] GC(199) Desired survivor size 16777216 bytes, new threshold 15 (max threshold 15)
[2025-12-03T16:13:28.558+0000][6][gc,age      ] GC(199) Age table with threshold 15 (max threshold 15)
[2025-12-03T16:13:28.559+0000][6][gc,age      ] GC(199) - age   1:    2226072 bytes,    2226072 total
[2025-12-03T16:13:28.559+0000][6][gc,age      ] GC(199) - age   2:     626840 bytes,    2852912 total
[2025-12-03T16:13:28.559+0000][6][gc,age      ] GC(199) - age   3:     574096 bytes,    3427008 total
[2025-12-03T16:13:28.559+0000][6][gc,age      ] GC(199) - age   4:     218184 bytes,    3645192 total
[2025-12-03T16:13:28.559+0000][6][gc,age      ] GC(199) - age   5:     180120 bytes,    3825312 total
[2025-12-03T16:13:28.559+0000][6][gc,age      ] GC(199) - age   6:      20136 bytes,    3845448 total
[2025-12-03T16:13:28.559+0000][6][gc,age      ] GC(199) - age   7:      25000 bytes,    3870448 total
[2025-12-03T16:13:28.559+0000][6][gc,age      ] GC(199) - age   8:     143688 bytes,    4014136 total
[2025-12-03T16:13:28.559+0000][6][gc,age      ] GC(199) - age   9:      31160 bytes,    4045296 total
[2025-12-03T16:13:28.559+0000][6][gc,age      ] GC(199) - age  10:      57448 bytes,    4102744 total
[2025-12-03T16:13:28.559+0000][6][gc,age      ] GC(199) - age  11:      90400 bytes,    4193144 total
[2025-12-03T16:13:28.559+0000][6][gc,age      ] GC(199) - age  12:     103000 bytes,    4296144 total
[2025-12-03T16:13:28.559+0000][6][gc,age      ] GC(199) - age  13:     164784 bytes,    4460928 total
[2025-12-03T16:13:28.559+0000][6][gc,age      ] GC(199) - age  14:      52296 bytes,    4513224 total
[2025-12-03T16:13:28.559+0000][6][gc,age      ] GC(199) - age  15:      24688 bytes,    4537912 total
[2025-12-03T16:13:28.559+0000][6][gc,phases   ] GC(199)   Pre Evacuate Collection Set: 1.7ms
[2025-12-03T16:13:28.559+0000][6][gc,phases   ] GC(199)   Merge Heap Roots: 0.1ms
[2025-12-03T16:13:28.559+0000][6][gc,phases   ] GC(199)   Evacuate Collection Set: 9.3ms
[2025-12-03T16:13:28.560+0000][6][gc,phases   ] GC(199)   Post Evacuate Collection Set: 2.2ms
[2025-12-03T16:13:28.560+0000][6][gc,phases   ] GC(199)   Other: 1.7ms
[2025-12-03T16:13:28.560+0000][6][gc,heap     ] GC(199) Eden regions: 62->0(62)
[2025-12-03T16:13:28.560+0000][6][gc,heap     ] GC(199) Survivor regions: 2->2(8)
[2025-12-03T16:13:28.560+0000][6][gc,heap     ] GC(199) Old regions: 37->37
[2025-12-03T16:13:28.560+0000][6][gc,heap     ] GC(199) Archive regions: 2->2
[2025-12-03T16:13:28.560+0000][6][gc,heap     ] GC(199) Humongous regions: 2->2
[2025-12-03T16:13:28.560+0000][6][gc,metaspace] GC(199) Metaspace: 118076K(119872K)->118076K(119872K) NonClass: 103186K(104256K)->103186K(104256K) Class: 14890K(15616K)->14890K(15616K)
[2025-12-03T16:13:28.560+0000][6][gc          ] GC(199) Pause Young (Concurrent Start) (G1 Evacuation Pause) 410M->162M(512M) 15.575ms
[2025-12-03T16:13:28.560+0000][6][gc,cpu      ] GC(199) User=0.05s Sys=0.00s Real=0.02s
[2025-12-03T16:13:28.560+0000][6][safepoint   ] Safepoint "G1CollectForAllocation", Time since last: 38923492601 ns, Reaching safepoint: 336917 ns, At safepoint: 15958875 ns, Total: 16295792 ns
[2025-12-03T16:13:28.560+0000][6][gc          ] GC(200) Concurrent Mark Cycle
[2025-12-03T16:13:28.561+0000][6][gc,marking  ] GC(200) Concurrent Clear Claimed Marks
[2025-12-03T16:13:28.561+0000][6][gc,marking  ] GC(200) Concurrent Clear Claimed Marks 0.306ms
[2025-12-03T16:13:28.561+0000][6][gc,marking  ] GC(200) Concurrent Scan Root Regions
[2025-12-03T16:13:28.564+0000][6][gc,marking  ] GC(200) Concurrent Scan Root Regions 2.861ms
[2025-12-03T16:13:28.564+0000][6][gc,marking  ] GC(200) Concurrent Mark
[2025-12-03T16:13:28.564+0000][6][gc,marking  ] GC(200) Concurrent Mark From Roots
[2025-12-03T16:13:28.564+0000][6][gc,task     ] GC(200) Using 2 workers of 2 for marking
[2025-12-03T16:13:28.647+0000][6][gc,marking  ] GC(200) Concurrent Mark From Roots 82.746ms
[2025-12-03T16:13:28.647+0000][6][gc,marking  ] GC(200) Concurrent Preclean
[2025-12-03T16:13:28.648+0000][6][gc,marking  ] GC(200) Concurrent Preclean 0.407ms
[2025-12-03T16:13:28.649+0000][6][gc,start    ] GC(200) Pause Remark
[2025-12-03T16:13:28.684+0000][6][gc          ] GC(200) Pause Remark 169M->169M(512M) 35.251ms
[2025-12-03T16:13:28.685+0000][6][gc,cpu      ] GC(200) User=0.15s Sys=0.00s Real=0.03s
[2025-12-03T16:13:28.685+0000][6][safepoint   ] Safepoint "G1Concurrent", Time since last: 87537125 ns, Reaching safepoint: 1184541 ns, At safepoint: 35585459 ns, Total: 36770000 ns
[2025-12-03T16:13:28.685+0000][6][gc,marking  ] GC(200) Concurrent Mark 120.769ms
[2025-12-03T16:13:28.685+0000][6][gc,marking  ] GC(200) Concurrent Rebuild Remembered Sets
[2025-12-03T16:13:28.721+0000][6][gc,marking  ] GC(200) Concurrent Rebuild Remembered Sets 36.034ms
[2025-12-03T16:13:28.721+0000][6][gc,start    ] GC(200) Pause Cleanup
[2025-12-03T16:13:28.722+0000][6][gc          ] GC(200) Pause Cleanup 169M->169M(512M) 0.146ms
[2025-12-03T16:13:28.722+0000][6][gc,cpu      ] GC(200) User=0.00s Sys=0.00s Real=0.00s
[2025-12-03T16:13:28.722+0000][6][safepoint   ] Safepoint "G1Concurrent", Time since last: 36740833 ns, Reaching safepoint: 78000 ns, At safepoint: 262917 ns, Total: 340917 ns
[2025-12-03T16:13:28.722+0000][6][gc,marking  ] GC(200) Concurrent Cleanup for Next Mark
[2025-12-03T16:13:28.723+0000][6][gc,marking  ] GC(200) Concurrent Cleanup for Next Mark 1.595ms
[2025-12-03T16:13:28.723+0000][6][gc          ] GC(200) Concurrent Mark Cycle 163.080ms
[2025-12-03T16:13:29.722+0000][6][safepoint   ] Safepoint "Cleanup", Time since last: 1000122167 ns, Reaching safepoint: 138667 ns, At safepoint: 11958 ns, Total: 150625 ns
[2025-12-03T16:13:43.743+0000][6][safepoint   ] Safepoint "Cleanup", Time since last: 14018033589 ns, Reaching safepoint: 474042 ns, At safepoint: 50500 ns, Total: 524542 ns
[2025-12-03T16:14:04.565+0000][6][gc,start    ] GC(201) Pause Young (Normal) (G1 Evacuation Pause)
[2025-12-03T16:14:04.566+0000][6][gc,task     ] GC(201) Using 8 workers of 8 for evacuation
[2025-12-03T16:14:04.566+0000][6][gc,age      ] GC(201) Desired survivor size 16777216 bytes, new threshold 15 (max threshold 15)
[2025-12-03T16:14:04.578+0000][6][gc,age      ] GC(201) Age table with threshold 15 (max threshold 15)
[2025-12-03T16:14:04.578+0000][6][gc,age      ] GC(201) - age   1:    1086384 bytes,    1086384 total
[2025-12-03T16:14:04.579+0000][6][gc,age      ] GC(201) - age   2:     109384 bytes,    1195768 total
[2025-12-03T16:14:04.579+0000][6][gc,age      ] GC(201) - age   3:     621688 bytes,    1817456 total
[2025-12-03T16:14:04.579+0000][6][gc,age      ] GC(201) - age   4:     573136 bytes,    2390592 total
[2025-12-03T16:14:04.579+0000][6][gc,age      ] GC(201) - age   5:     216536 bytes,    2607128 total
[2025-12-03T16:14:04.579+0000][6][gc,age      ] GC(201) - age   6:      81400 bytes,    2688528 total
[2025-12-03T16:14:04.579+0000][6][gc,age      ] GC(201) - age   7:      20136 bytes,    2708664 total
[2025-12-03T16:14:04.579+0000][6][gc,age      ] GC(201) - age   8:      25000 bytes,    2733664 total
[2025-12-03T16:14:04.579+0000][6][gc,age      ] GC(201) - age   9:     143688 bytes,    2877352 total
[2025-12-03T16:14:04.579+0000][6][gc,age      ] GC(201) - age  10:      31160 bytes,    2908512 total
[2025-12-03T16:14:04.579+0000][6][gc,age      ] GC(201) - age  11:      57448 bytes,    2965960 total
[2025-12-03T16:14:04.579+0000][6][gc,age      ] GC(201) - age  12:      90400 bytes,    3056360 total
[2025-12-03T16:14:04.579+0000][6][gc,age      ] GC(201) - age  13:     103000 bytes,    3159360 total
[2025-12-03T16:14:04.579+0000][6][gc,age      ] GC(201) - age  14:     164784 bytes,    3324144 total
[2025-12-03T16:14:04.579+0000][6][gc,age      ] GC(201) - age  15:      52296 bytes,    3376440 total
[2025-12-03T16:14:04.579+0000][6][gc,phases   ] GC(201)   Pre Evacuate Collection Set: 0.4ms
[2025-12-03T16:14:04.579+0000][6][gc,phases   ] GC(201)   Merge Heap Roots: 0.2ms
[2025-12-03T16:14:04.579+0000][6][gc,phases   ] GC(201)   Evacuate Collection Set: 8.0ms
[2025-12-03T16:14:04.580+0000][6][gc,phases   ] GC(201)   Post Evacuate Collection Set: 3.1ms
[2025-12-03T16:14:04.580+0000][6][gc,phases   ] GC(201)   Other: 2.3ms
[2025-12-03T16:14:04.580+0000][6][gc,heap     ] GC(201) Eden regions: 62->0(64)
[2025-12-03T16:14:04.580+0000][6][gc,heap     ] GC(201) Survivor regions: 2->1(8)
[2025-12-03T16:14:04.580+0000][6][gc,heap     ] GC(201) Old regions: 37->37
[2025-12-03T16:14:04.580+0000][6][gc,heap     ] GC(201) Archive regions: 2->2
[2025-12-03T16:14:04.580+0000][6][gc,heap     ] GC(201) Humongous regions: 2->2
[2025-12-03T16:14:04.580+0000][6][gc,metaspace] GC(201) Metaspace: 118076K(119872K)->118076K(119872K) NonClass: 103186K(104256K)->103186K(104256K) Class: 14890K(15616K)->14890K(15616K)
[2025-12-03T16:14:04.580+0000][6][gc          ] GC(201) Pause Young (Normal) (G1 Evacuation Pause) 410M->161M(512M) 14.656ms
[2025-12-03T16:14:04.580+0000][6][gc,cpu      ] GC(201) User=0.08s Sys=0.00s Real=0.02s
[2025-12-03T16:14:04.580+0000][6][safepoint   ] Safepoint "G1CollectForAllocation", Time since last: 20821010968 ns, Reaching safepoint: 520958 ns, At safepoint: 14983625 ns, Total: 15504583 ns
[2025-12-03T16:14:36.608+0000][6][safepoint   ] Safepoint "Cleanup", Time since last: 32032010682 ns, Reaching safepoint: 392708 ns, At safepoint: 42583 ns, Total: 435291 ns
[2025-12-03T16:14:41.389+0000][6][gc,start    ] GC(202) Pause Young (Concurrent Start) (G1 Evacuation Pause)
[2025-12-03T16:14:41.390+0000][6][gc,task     ] GC(202) Using 8 workers of 8 for evacuation
[2025-12-03T16:14:41.390+0000][6][gc,age      ] GC(202) Desired survivor size 18874368 bytes, new threshold 15 (max threshold 15)
[2025-12-03T16:14:41.405+0000][6][gc,age      ] GC(202) Age table with threshold 15 (max threshold 15)
[2025-12-03T16:14:41.405+0000][6][gc,age      ] GC(202) - age   1:    2255696 bytes,    2255696 total
[2025-12-03T16:14:41.405+0000][6][gc,age      ] GC(202) - age   2:     157360 bytes,    2413056 total
[2025-12-03T16:14:41.405+0000][6][gc,age      ] GC(202) - age   3:     101920 bytes,    2514976 total
[2025-12-03T16:14:41.405+0000][6][gc,age      ] GC(202) - age   4:     619616 bytes,    3134592 total
[2025-12-03T16:14:41.405+0000][6][gc,age      ] GC(202) - age   5:     572184 bytes,    3706776 total
[2025-12-03T16:14:41.405+0000][6][gc,age      ] GC(202) - age   6:     215768 bytes,    3922544 total
[2025-12-03T16:14:41.406+0000][6][gc,age      ] GC(202) - age   7:      34816 bytes,    3957360 total
[2025-12-03T16:14:41.406+0000][6][gc,age      ] GC(202) - age   8:      20136 bytes,    3977496 total
[2025-12-03T16:14:41.406+0000][6][gc,age      ] GC(202) - age   9:      24552 bytes,    4002048 total
[2025-12-03T16:14:41.406+0000][6][gc,age      ] GC(202) - age  10:     143688 bytes,    4145736 total
[2025-12-03T16:14:41.406+0000][6][gc,age      ] GC(202) - age  11:      31160 bytes,    4176896 total
[2025-12-03T16:14:41.406+0000][6][gc,age      ] GC(202) - age  12:      57448 bytes,    4234344 total
[2025-12-03T16:14:41.406+0000][6][gc,age      ] GC(202) - age  13:      90400 bytes,    4324744 total
[2025-12-03T16:14:41.406+0000][6][gc,age      ] GC(202) - age  14:     103000 bytes,    4427744 total
[2025-12-03T16:14:41.406+0000][6][gc,age      ] GC(202) - age  15:     164784 bytes,    4592528 total
[2025-12-03T16:14:41.406+0000][6][gc,phases   ] GC(202)   Pre Evacuate Collection Set: 2.2ms
[2025-12-03T16:14:41.406+0000][6][gc,phases   ] GC(202)   Merge Heap Roots: 0.2ms
[2025-12-03T16:14:41.406+0000][6][gc,phases   ] GC(202)   Evacuate Collection Set: 10.1ms
[2025-12-03T16:14:41.406+0000][6][gc,phases   ] GC(202)   Post Evacuate Collection Set: 2.3ms
[2025-12-03T16:14:41.407+0000][6][gc,phases   ] GC(202)   Other: 2.6ms
[2025-12-03T16:14:41.407+0000][6][gc,heap     ] GC(202) Eden regions: 64->0(63)
[2025-12-03T16:14:41.407+0000][6][gc,heap     ] GC(202) Survivor regions: 1->2(9)
[2025-12-03T16:14:41.407+0000][6][gc,heap     ] GC(202) Old regions: 37->37
[2025-12-03T16:14:41.407+0000][6][gc,heap     ] GC(202) Archive regions: 2->2
[2025-12-03T16:14:41.407+0000][6][gc,heap     ] GC(202) Humongous regions: 2->2
[2025-12-03T16:14:41.407+0000][6][gc,metaspace] GC(202) Metaspace: 118077K(119872K)->118077K(119872K) NonClass: 103187K(104256K)->103187K(104256K) Class: 14890K(15616K)->14890K(15616K)
[2025-12-03T16:14:41.407+0000][6][gc          ] GC(202) Pause Young (Concurrent Start) (G1 Evacuation Pause) 417M->162M(512M) 17.765ms
[2025-12-03T16:14:41.407+0000][6][gc,cpu      ] GC(202) User=0.07s Sys=0.00s Real=0.02s
[2025-12-03T16:14:41.407+0000][6][safepoint   ] Safepoint "G1CollectForAllocation", Time since last: 4780093877 ns, Reaching safepoint: 475292 ns, At safepoint: 18285208 ns, Total: 18760500 ns
[2025-12-03T16:14:41.407+0000][6][gc          ] GC(203) Concurrent Mark Cycle
[2025-12-03T16:14:41.407+0000][6][gc,marking  ] GC(203) Concurrent Clear Claimed Marks
[2025-12-03T16:14:41.408+0000][6][gc,marking  ] GC(203) Concurrent Clear Claimed Marks 0.330ms
[2025-12-03T16:14:41.408+0000][6][gc,marking  ] GC(203) Concurrent Scan Root Regions
[2025-12-03T16:14:41.411+0000][6][gc,marking  ] GC(203) Concurrent Scan Root Regions 3.620ms
[2025-12-03T16:14:41.412+0000][6][gc,marking  ] GC(203) Concurrent Mark
[2025-12-03T16:14:41.412+0000][6][gc,marking  ] GC(203) Concurrent Mark From Roots
[2025-12-03T16:14:41.412+0000][6][gc,task     ] GC(203) Using 2 workers of 2 for marking
[2025-12-03T16:14:41.520+0000][6][gc,marking  ] GC(203) Concurrent Mark From Roots 108.454ms
[2025-12-03T16:14:41.520+0000][6][gc,marking  ] GC(203) Concurrent Preclean
[2025-12-03T16:14:41.521+0000][6][gc,marking  ] GC(203) Concurrent Preclean 0.269ms
[2025-12-03T16:14:41.521+0000][6][gc,start    ] GC(203) Pause Remark
[2025-12-03T16:14:41.559+0000][6][gc          ] GC(203) Pause Remark 162M->162M(512M) 38.309ms
[2025-12-03T16:14:41.559+0000][6][gc,cpu      ] GC(203) User=0.28s Sys=0.01s Real=0.04s
[2025-12-03T16:14:41.559+0000][6][safepoint   ] Safepoint "G1Concurrent", Time since last: 113492459 ns, Reaching safepoint: 63958 ns, At safepoint: 38577209 ns, Total: 38641167 ns
[2025-12-03T16:14:41.559+0000][6][gc,marking  ] GC(203) Concurrent Mark 147.860ms
[2025-12-03T16:14:41.560+0000][6][gc,marking  ] GC(203) Concurrent Rebuild Remembered Sets
[2025-12-03T16:14:41.594+0000][6][gc,marking  ] GC(203) Concurrent Rebuild Remembered Sets 34.039ms
[2025-12-03T16:14:41.594+0000][6][gc,start    ] GC(203) Pause Cleanup
[2025-12-03T16:14:41.594+0000][6][gc          ] GC(203) Pause Cleanup 162M->162M(512M) 0.214ms
[2025-12-03T16:14:41.594+0000][6][gc,cpu      ] GC(203) User=0.00s Sys=0.00s Real=0.00s
[2025-12-03T16:14:41.594+0000][6][safepoint   ] Safepoint "G1Concurrent", Time since last: 34344541 ns, Reaching safepoint: 45792 ns, At safepoint: 353958 ns, Total: 399750 ns
[2025-12-03T16:14:41.594+0000][6][gc,marking  ] GC(203) Concurrent Cleanup for Next Mark
[2025-12-03T16:14:41.596+0000][6][gc,marking  ] GC(203) Concurrent Cleanup for Next Mark 1.389ms
[2025-12-03T16:14:41.596+0000][6][gc          ] GC(203) Concurrent Mark Cycle 188.340ms
[2025-12-03T16:15:19.821+0000][6][gc,start    ] GC(204) Pause Young (Normal) (G1 Evacuation Pause)
[2025-12-03T16:15:19.821+0000][6][gc,task     ] GC(204) Using 8 workers of 8 for evacuation
[2025-12-03T16:15:19.822+0000][6][gc,age      ] GC(204) Desired survivor size 18874368 bytes, new threshold 15 (max threshold 15)
[2025-12-03T16:15:19.851+0000][6][gc,age      ] GC(204) Age table with threshold 15 (max threshold 15)
[2025-12-03T16:15:19.852+0000][6][gc,age      ] GC(204) - age   1:    2991600 bytes,    2991600 total
[2025-12-03T16:15:19.852+0000][6][gc,age      ] GC(204) - age   2:      83088 bytes,    3074688 total
[2025-12-03T16:15:19.853+0000][6][gc,age      ] GC(204) - age   3:     154888 bytes,    3229576 total
[2025-12-03T16:15:19.853+0000][6][gc,age      ] GC(204) - age   4:     101088 bytes,    3330664 total
[2025-12-03T16:15:19.853+0000][6][gc,age      ] GC(204) - age   5:     120448 bytes,    3451112 total
[2025-12-03T16:15:19.853+0000][6][gc,age      ] GC(204) - age   6:      70832 bytes,    3521944 total
[2025-12-03T16:15:19.853+0000][6][gc,age      ] GC(204) - age   7:     215768 bytes,    3737712 total
[2025-12-03T16:15:19.853+0000][6][gc,age      ] GC(204) - age   8:      34672 bytes,    3772384 total
[2025-12-03T16:15:19.853+0000][6][gc,age      ] GC(204) - age   9:      20136 bytes,    3792520 total
[2025-12-03T16:15:19.854+0000][6][gc,age      ] GC(204) - age  10:      24552 bytes,    3817072 total
[2025-12-03T16:15:19.854+0000][6][gc,age      ] GC(204) - age  11:     143688 bytes,    3960760 total
[2025-12-03T16:15:19.854+0000][6][gc,age      ] GC(204) - age  12:      31160 bytes,    3991920 total
[2025-12-03T16:15:19.854+0000][6][gc,age      ] GC(204) - age  13:      57448 bytes,    4049368 total
[2025-12-03T16:15:19.854+0000][6][gc,age      ] GC(204) - age  14:      90400 bytes,    4139768 total
[2025-12-03T16:15:19.854+0000][6][gc,age      ] GC(204) - age  15:     103000 bytes,    4242768 total
[2025-12-03T16:15:19.854+0000][6][gc,phases   ] GC(204)   Pre Evacuate Collection Set: 0.5ms
[2025-12-03T16:15:19.854+0000][6][gc,phases   ] GC(204)   Merge Heap Roots: 0.3ms
[2025-12-03T16:15:19.854+0000][6][gc,phases   ] GC(204)   Evacuate Collection Set: 17.7ms
[2025-12-03T16:15:19.855+0000][6][gc,phases   ] GC(204)   Post Evacuate Collection Set: 10.7ms
[2025-12-03T16:15:19.855+0000][6][gc,phases   ] GC(204)   Other: 4.7ms
[2025-12-03T16:15:19.855+0000][6][gc,heap     ] GC(204) Eden regions: 63->0(62)
[2025-12-03T16:15:19.855+0000][6][gc,heap     ] GC(204) Survivor regions: 2->2(9)
[2025-12-03T16:15:19.855+0000][6][gc,heap     ] GC(204) Old regions: 37->37
[2025-12-03T16:15:19.855+0000][6][gc,heap     ] GC(204) Archive regions: 2->2
[2025-12-03T16:15:19.855+0000][6][gc,heap     ] GC(204) Humongous regions: 2->2
[2025-12-03T16:15:19.855+0000][6][gc,metaspace] GC(204) Metaspace: 118106K(119872K)->118106K(119872K) NonClass: 103215K(104256K)->103215K(104256K) Class: 14890K(15616K)->14890K(15616K)
[2025-12-03T16:15:19.855+0000][6][gc          ] GC(204) Pause Young (Normal) (G1 Evacuation Pause) 414M->162M(512M) 34.373ms
[2025-12-03T16:15:19.855+0000][6][gc,cpu      ] GC(204) User=0.14s Sys=0.00s Real=0.04s
[2025-12-03T16:15:19.855+0000][6][safepoint   ] Safepoint "G1CollectForAllocation", Time since last: 38218814434 ns, Reaching safepoint: 1366042 ns, At safepoint: 35223625 ns, Total: 36589667 ns
[2025-12-03T16:15:25.865+0000][6][safepoint   ] Safepoint "Cleanup", Time since last: 6009530628 ns, Reaching safepoint: 477292 ns, At safepoint: 29083 ns, Total: 506375 ns
[2025-12-03T16:15:55.632+0000][6][gc,start    ] GC(205) Pause Young (Concurrent Start) (G1 Evacuation Pause)
[2025-12-03T16:15:55.634+0000][6][gc,task     ] GC(205) Using 8 workers of 8 for evacuation
[2025-12-03T16:15:55.635+0000][6][gc,age      ] GC(205) Desired survivor size 16777216 bytes, new threshold 15 (max threshold 15)
[2025-12-03T16:15:55.652+0000][6][gc,age      ] GC(205) Age table with threshold 15 (max threshold 15)
[2025-12-03T16:15:55.653+0000][6][gc,age      ] GC(205) - age   1:    2815960 bytes,    2815960 total
[2025-12-03T16:15:55.653+0000][6][gc,age      ] GC(205) - age   2:    1458104 bytes,    4274064 total
[2025-12-03T16:15:55.653+0000][6][gc,age      ] GC(205) - age   3:      79400 bytes,    4353464 total
[2025-12-03T16:15:55.653+0000][6][gc,age      ] GC(205) - age   4:     154696 bytes,    4508160 total
[2025-12-03T16:15:55.654+0000][6][gc,age      ] GC(205) - age   5:     100896 bytes,    4609056 total
[2025-12-03T16:15:55.654+0000][6][gc,age      ] GC(205) - age   6:      80360 bytes,    4689416 total
[2025-12-03T16:15:55.654+0000][6][gc,age      ] GC(205) - age   7:      70768 bytes,    4760184 total
[2025-12-03T16:15:55.654+0000][6][gc,age      ] GC(205) - age   8:     215768 bytes,    4975952 total
[2025-12-03T16:15:55.654+0000][6][gc,age      ] GC(205) - age   9:      34672 bytes,    5010624 total
[2025-12-03T16:15:55.654+0000][6][gc,age      ] GC(205) - age  10:      20136 bytes,    5030760 total
[2025-12-03T16:15:55.654+0000][6][gc,age      ] GC(205) - age  11:      24552 bytes,    5055312 total
[2025-12-03T16:15:55.654+0000][6][gc,age      ] GC(205) - age  12:     143688 bytes,    5199000 total
[2025-12-03T16:15:55.654+0000][6][gc,age      ] GC(205) - age  13:      31160 bytes,    5230160 total
[2025-12-03T16:15:55.655+0000][6][gc,age      ] GC(205) - age  14:      57448 bytes,    5287608 total
[2025-12-03T16:15:55.655+0000][6][gc,age      ] GC(205) - age  15:      90400 bytes,    5378008 total
[2025-12-03T16:15:55.655+0000][6][gc,phases   ] GC(205)   Pre Evacuate Collection Set: 2.2ms
[2025-12-03T16:15:55.655+0000][6][gc,phases   ] GC(205)   Merge Heap Roots: 0.1ms
[2025-12-03T16:15:55.655+0000][6][gc,phases   ] GC(205)   Evacuate Collection Set: 13.1ms
[2025-12-03T16:15:55.655+0000][6][gc,phases   ] GC(205)   Post Evacuate Collection Set: 2.1ms
[2025-12-03T16:15:55.656+0000][6][gc,phases   ] GC(205)   Other: 5.0ms
[2025-12-03T16:15:55.656+0000][6][gc,heap     ] GC(205) Eden regions: 62->0(62)
[2025-12-03T16:15:55.656+0000][6][gc,heap     ] GC(205) Survivor regions: 2->2(8)
[2025-12-03T16:15:55.656+0000][6][gc,heap     ] GC(205) Old regions: 37->37
[2025-12-03T16:15:55.656+0000][6][gc,heap     ] GC(205) Archive regions: 2->2
[2025-12-03T16:15:55.656+0000][6][gc,heap     ] GC(205) Humongous regions: 2->2
[2025-12-03T16:15:55.657+0000][6][gc,metaspace] GC(205) Metaspace: 118106K(119872K)->118106K(119872K) NonClass: 103215K(104256K)->103215K(104256K) Class: 14890K(15616K)->14890K(15616K)
[2025-12-03T16:15:55.657+0000][6][gc          ] GC(205) Pause Young (Concurrent Start) (G1 Evacuation Pause) 410M->163M(512M) 24.960ms
[2025-12-03T16:15:55.658+0000][6][gc,cpu      ] GC(205) User=0.03s Sys=0.00s Real=0.02s
[2025-12-03T16:15:55.658+0000][6][safepoint   ] Safepoint "G1CollectForAllocation", Time since last: 29765564514 ns, Reaching safepoint: 373291 ns, At safepoint: 26025667 ns, Total: 26398958 ns
[2025-12-03T16:15:55.658+0000][6][gc          ] GC(206) Concurrent Mark Cycle
[2025-12-03T16:15:55.660+0000][6][gc,marking  ] GC(206) Concurrent Clear Claimed Marks
[2025-12-03T16:15:55.662+0000][6][gc,marking  ] GC(206) Concurrent Clear Claimed Marks 2.155ms
[2025-12-03T16:15:55.662+0000][6][gc,marking  ] GC(206) Concurrent Scan Root Regions
[2025-12-03T16:15:55.666+0000][6][gc,marking  ] GC(206) Concurrent Scan Root Regions 3.956ms
[2025-12-03T16:15:55.666+0000][6][gc,marking  ] GC(206) Concurrent Mark
[2025-12-03T16:15:55.666+0000][6][gc,marking  ] GC(206) Concurrent Mark From Roots
[2025-12-03T16:15:55.666+0000][6][gc,task     ] GC(206) Using 2 workers of 2 for marking
[2025-12-03T16:15:55.748+0000][6][gc,marking  ] GC(206) Concurrent Mark From Roots 81.656ms
[2025-12-03T16:15:55.748+0000][6][gc,marking  ] GC(206) Concurrent Preclean
[2025-12-03T16:15:55.749+0000][6][gc,marking  ] GC(206) Concurrent Preclean 0.296ms
[2025-12-03T16:15:55.749+0000][6][gc,start    ] GC(206) Pause Remark
[2025-12-03T16:15:55.790+0000][6][gc          ] GC(206) Pause Remark 180M->180M(512M) 40.587ms
[2025-12-03T16:15:55.790+0000][6][gc,cpu      ] GC(206) User=0.17s Sys=0.00s Real=0.04s
[2025-12-03T16:15:55.790+0000][6][safepoint   ] Safepoint "G1Concurrent", Time since last: 90632458 ns, Reaching safepoint: 42625 ns, At safepoint: 40932334 ns, Total: 40974959 ns
[2025-12-03T16:15:55.790+0000][6][gc,marking  ] GC(206) Concurrent Mark 123.801ms
[2025-12-03T16:15:55.790+0000][6][gc,marking  ] GC(206) Concurrent Rebuild Remembered Sets
[2025-12-03T16:15:55.823+0000][6][gc,marking  ] GC(206) Concurrent Rebuild Remembered Sets 33.184ms
[2025-12-03T16:15:55.824+0000][6][gc,start    ] GC(206) Pause Cleanup
[2025-12-03T16:15:55.824+0000][6][gc          ] GC(206) Pause Cleanup 181M->181M(512M) 0.175ms
[2025-12-03T16:15:55.824+0000][6][gc,cpu      ] GC(206) User=0.00s Sys=0.00s Real=0.00s
[2025-12-03T16:15:55.824+0000][6][safepoint   ] Safepoint "G1Concurrent", Time since last: 33661791 ns, Reaching safepoint: 81250 ns, At safepoint: 316334 ns, Total: 397584 ns
[2025-12-03T16:15:55.824+0000][6][gc,marking  ] GC(206) Concurrent Cleanup for Next Mark
[2025-12-03T16:15:55.835+0000][6][gc,marking  ] GC(206) Concurrent Cleanup for Next Mark 10.720ms
[2025-12-03T16:15:55.835+0000][6][gc          ] GC(206) Concurrent Mark Cycle 176.574ms
[2025-12-03T16:16:13.853+0000][6][safepoint   ] Safepoint "Cleanup", Time since last: 18027717674 ns, Reaching safepoint: 260459 ns, At safepoint: 16041 ns, Total: 276500 ns
[2025-12-03T16:16:32.323+0000][6][gc,start    ] GC(207) Pause Young (Normal) (G1 Evacuation Pause)
[2025-12-03T16:16:32.324+0000][6][gc,task     ] GC(207) Using 8 workers of 8 for evacuation
[2025-12-03T16:16:32.326+0000][6][gc,age      ] GC(207) Desired survivor size 16777216 bytes, new threshold 15 (max threshold 15)
[2025-12-03T16:16:32.344+0000][6][gc,age      ] GC(207) Age table with threshold 15 (max threshold 15)
[2025-12-03T16:16:32.344+0000][6][gc,age      ] GC(207) - age   1:    3164616 bytes,    3164616 total
[2025-12-03T16:16:32.344+0000][6][gc,age      ] GC(207) - age   2:      72288 bytes,    3236904 total
[2025-12-03T16:16:32.344+0000][6][gc,age      ] GC(207) - age   3:    1217496 bytes,    4454400 total
[2025-12-03T16:16:32.344+0000][6][gc,age      ] GC(207) - age   4:      78472 bytes,    4532872 total
[2025-12-03T16:16:32.344+0000][6][gc,age      ] GC(207) - age   5:     129696 bytes,    4662568 total
[2025-12-03T16:16:32.344+0000][6][gc,age      ] GC(207) - age   6:     100640 bytes,    4763208 total
[2025-12-03T16:16:32.344+0000][6][gc,age      ] GC(207) - age   7:      63520 bytes,    4826728 total
[2025-12-03T16:16:32.344+0000][6][gc,age      ] GC(207) - age   8:      19584 bytes,    4846312 total
[2025-12-03T16:16:32.344+0000][6][gc,age      ] GC(207) - age   9:     181912 bytes,    5028224 total
[2025-12-03T16:16:32.344+0000][6][gc,age      ] GC(207) - age  10:      34672 bytes,    5062896 total
[2025-12-03T16:16:32.344+0000][6][gc,age      ] GC(207) - age  11:      20136 bytes,    5083032 total
[2025-12-03T16:16:32.344+0000][6][gc,age      ] GC(207) - age  12:      24552 bytes,    5107584 total
[2025-12-03T16:16:32.344+0000][6][gc,age      ] GC(207) - age  13:     143688 bytes,    5251272 total
[2025-12-03T16:16:32.344+0000][6][gc,age      ] GC(207) - age  14:      31064 bytes,    5282336 total
[2025-12-03T16:16:32.344+0000][6][gc,age      ] GC(207) - age  15:      57448 bytes,    5339784 total
[2025-12-03T16:16:32.345+0000][6][gc,phases   ] GC(207)   Pre Evacuate Collection Set: 2.4ms
[2025-12-03T16:16:32.345+0000][6][gc,phases   ] GC(207)   Merge Heap Roots: 0.7ms
[2025-12-03T16:16:32.345+0000][6][gc,phases   ] GC(207)   Evacuate Collection Set: 11.8ms
[2025-12-03T16:16:32.345+0000][6][gc,phases   ] GC(207)   Post Evacuate Collection Set: 2.7ms
[2025-12-03T16:16:32.345+0000][6][gc,phases   ] GC(207)   Other: 5.2ms
[2025-12-03T16:16:32.345+0000][6][gc,heap     ] GC(207) Eden regions: 62->0(62)
[2025-12-03T16:16:32.345+0000][6][gc,heap     ] GC(207) Survivor regions: 2->2(8)
[2025-12-03T16:16:32.345+0000][6][gc,heap     ] GC(207) Old regions: 37->37
[2025-12-03T16:16:32.345+0000][6][gc,heap     ] GC(207) Archive regions: 2->2
[2025-12-03T16:16:32.345+0000][6][gc,heap     ] GC(207) Humongous regions: 2->2
[2025-12-03T16:16:32.345+0000][6][gc,metaspace] GC(207) Metaspace: 118123K(119872K)->118123K(119872K) NonClass: 103232K(104256K)->103232K(104256K) Class: 14890K(15616K)->14890K(15616K)
[2025-12-03T16:16:32.345+0000][6][gc          ] GC(207) Pause Young (Normal) (G1 Evacuation Pause) 411M->163M(512M) 22.428ms
[2025-12-03T16:16:32.345+0000][6][gc,cpu      ] GC(207) User=0.11s Sys=0.00s Real=0.03s
[2025-12-03T16:16:32.345+0000][6][safepoint   ] Safepoint "G1CollectForAllocation", Time since last: 18465988883 ns, Reaching safepoint: 1622208 ns, At safepoint: 23731917 ns, Total: 25354125 ns
[2025-12-03T16:17:13.774+0000][6][gc,start    ] GC(208) Pause Young (Concurrent Start) (G1 Evacuation Pause)
[2025-12-03T16:17:13.774+0000][6][gc,task     ] GC(208) Using 8 workers of 8 for evacuation
[2025-12-03T16:17:13.775+0000][6][gc,age      ] GC(208) Desired survivor size 16777216 bytes, new threshold 15 (max threshold 15)
[2025-12-03T16:17:13.806+0000][6][gc,age      ] GC(208) Age table with threshold 15 (max threshold 15)
[2025-12-03T16:17:13.807+0000][6][gc,age      ] GC(208) - age   1:    1463192 bytes,    1463192 total
[2025-12-03T16:17:13.807+0000][6][gc,age      ] GC(208) - age   2:     100568 bytes,    1563760 total
[2025-12-03T16:17:13.807+0000][6][gc,age      ] GC(208) - age   3:      65672 bytes,    1629432 total
[2025-12-03T16:17:13.807+0000][6][gc,age      ] GC(208) - age   4:    1215152 bytes,    2844584 total
[2025-12-03T16:17:13.807+0000][6][gc,age      ] GC(208) - age   5:      77976 bytes,    2922560 total
[2025-12-03T16:17:13.807+0000][6][gc,age      ] GC(208) - age   6:     129632 bytes,    3052192 total
[2025-12-03T16:17:13.807+0000][6][gc,age      ] GC(208) - age   7:     100640 bytes,    3152832 total
[2025-12-03T16:17:13.807+0000][6][gc,age      ] GC(208) - age   8:      63456 bytes,    3216288 total
[2025-12-03T16:17:13.807+0000][6][gc,age      ] GC(208) - age   9:      19328 bytes,    3235616 total
[2025-12-03T16:17:13.807+0000][6][gc,age      ] GC(208) - age  10:     181784 bytes,    3417400 total
[2025-12-03T16:17:13.807+0000][6][gc,age      ] GC(208) - age  11:      34608 bytes,    3452008 total
[2025-12-03T16:17:13.807+0000][6][gc,age      ] GC(208) - age  12:      20136 bytes,    3472144 total
[2025-12-03T16:17:13.807+0000][6][gc,age      ] GC(208) - age  13:      24552 bytes,    3496696 total
[2025-12-03T16:17:13.807+0000][6][gc,age      ] GC(208) - age  14:     143688 bytes,    3640384 total
[2025-12-03T16:17:13.807+0000][6][gc,age      ] GC(208) - age  15:      31064 bytes,    3671448 total
[2025-12-03T16:17:13.807+0000][6][gc,phases   ] GC(208)   Pre Evacuate Collection Set: 1.8ms
[2025-12-03T16:17:13.807+0000][6][gc,phases   ] GC(208)   Merge Heap Roots: 0.2ms
[2025-12-03T16:17:13.808+0000][6][gc,phases   ] GC(208)   Evacuate Collection Set: 27.5ms
[2025-12-03T16:17:13.808+0000][6][gc,phases   ] GC(208)   Post Evacuate Collection Set: 2.1ms
[2025-12-03T16:17:13.808+0000][6][gc,phases   ] GC(208)   Other: 2.4ms
[2025-12-03T16:17:13.808+0000][6][gc,heap     ] GC(208) Eden regions: 62->0(64)
[2025-12-03T16:17:13.808+0000][6][gc,heap     ] GC(208) Survivor regions: 2->1(8)
[2025-12-03T16:17:13.808+0000][6][gc,heap     ] GC(208) Old regions: 37->37
[2025-12-03T16:17:13.808+0000][6][gc,heap     ] GC(208) Archive regions: 2->2
[2025-12-03T16:17:13.808+0000][6][gc,heap     ] GC(208) Humongous regions: 2->2
[2025-12-03T16:17:13.808+0000][6][gc,metaspace] GC(208) Metaspace: 118127K(119872K)->118127K(119872K) NonClass: 103236K(104256K)->103236K(104256K) Class: 14890K(15616K)->14890K(15616K)
[2025-12-03T16:17:13.808+0000][6][gc          ] GC(208) Pause Young (Concurrent Start) (G1 Evacuation Pause) 411M->162M(512M) 34.470ms
[2025-12-03T16:17:13.808+0000][6][gc,cpu      ] GC(208) User=0.18s Sys=0.00s Real=0.04s
[2025-12-03T16:17:13.808+0000][6][safepoint   ] Safepoint "G1CollectForAllocation", Time since last: 41426781144 ns, Reaching safepoint: 469500 ns, At safepoint: 34851750 ns, Total: 35321250 ns
[2025-12-03T16:17:13.808+0000][6][gc          ] GC(209) Concurrent Mark Cycle
[2025-12-03T16:17:13.808+0000][6][gc,marking  ] GC(209) Concurrent Clear Claimed Marks
[2025-12-03T16:17:13.809+0000][6][gc,marking  ] GC(209) Concurrent Clear Claimed Marks 0.198ms
[2025-12-03T16:17:13.809+0000][6][gc,marking  ] GC(209) Concurrent Scan Root Regions
[2025-12-03T16:17:13.812+0000][6][gc,marking  ] GC(209) Concurrent Scan Root Regions 3.788ms
[2025-12-03T16:17:13.813+0000][6][gc,marking  ] GC(209) Concurrent Mark
[2025-12-03T16:17:13.813+0000][6][gc,marking  ] GC(209) Concurrent Mark From Roots
[2025-12-03T16:17:13.813+0000][6][gc,task     ] GC(209) Using 2 workers of 2 for marking
[2025-12-03T16:17:13.918+0000][6][gc,marking  ] GC(209) Concurrent Mark From Roots 105.056ms
[2025-12-03T16:17:13.918+0000][6][gc,marking  ] GC(209) Concurrent Preclean
[2025-12-03T16:17:13.918+0000][6][gc,marking  ] GC(209) Concurrent Preclean 0.482ms
[2025-12-03T16:17:13.919+0000][6][gc,start    ] GC(209) Pause Remark
[2025-12-03T16:17:13.948+0000][6][gc          ] GC(209) Pause Remark 169M->169M(512M) 29.289ms
[2025-12-03T16:17:13.948+0000][6][gc,cpu      ] GC(209) User=0.16s Sys=0.01s Real=0.03s
[2025-12-03T16:17:13.948+0000][6][safepoint   ] Safepoint "G1Concurrent", Time since last: 110212250 ns, Reaching safepoint: 128125 ns, At safepoint: 29564292 ns, Total: 29692417 ns
[2025-12-03T16:17:13.948+0000][6][gc,marking  ] GC(209) Concurrent Mark 135.817ms
[2025-12-03T16:17:13.948+0000][6][gc,marking  ] GC(209) Concurrent Rebuild Remembered Sets
[2025-12-03T16:17:13.988+0000][6][gc,marking  ] GC(209) Concurrent Rebuild Remembered Sets 39.401ms
[2025-12-03T16:17:13.988+0000][6][gc,start    ] GC(209) Pause Cleanup
[2025-12-03T16:17:13.988+0000][6][gc          ] GC(209) Pause Cleanup 172M->172M(512M) 0.311ms
[2025-12-03T16:17:13.989+0000][6][gc,cpu      ] GC(209) User=0.00s Sys=0.00s Real=0.00s
[2025-12-03T16:17:13.989+0000][6][safepoint   ] Safepoint "G1Concurrent", Time since last: 39932000 ns, Reaching safepoint: 41708 ns, At safepoint: 567667 ns, Total: 609375 ns
[2025-12-03T16:17:13.989+0000][6][gc,marking  ] GC(209) Concurrent Cleanup for Next Mark
[2025-12-03T16:17:13.990+0000][6][gc,marking  ] GC(209) Concurrent Cleanup for Next Mark 1.619ms
[2025-12-03T16:17:13.991+0000][6][gc          ] GC(209) Concurrent Mark Cycle 182.281ms
[2025-12-03T16:17:16.996+0000][6][safepoint   ] Safepoint "Cleanup", Time since last: 3006804918 ns, Reaching safepoint: 52416 ns, At safepoint: 3209 ns, Total: 55625 ns
[2025-12-03T16:17:55.718+0000][6][gc,start    ] GC(210) Pause Young (Normal) (G1 Evacuation Pause)
[2025-12-03T16:17:55.719+0000][6][gc,task     ] GC(210) Using 8 workers of 8 for evacuation
[2025-12-03T16:17:55.719+0000][6][gc,age      ] GC(210) Desired survivor size 18874368 bytes, new threshold 15 (max threshold 15)
[2025-12-03T16:17:55.729+0000][6][gc,age      ] GC(210) Age table with threshold 15 (max threshold 15)
[2025-12-03T16:17:55.729+0000][6][gc,age      ] GC(210) - age   1:    2982472 bytes,    2982472 total
[2025-12-03T16:17:55.729+0000][6][gc,age      ] GC(210) - age   2:     164848 bytes,    3147320 total
[2025-12-03T16:17:55.729+0000][6][gc,age      ] GC(210) - age   3:      95144 bytes,    3242464 total
[2025-12-03T16:17:55.729+0000][6][gc,age      ] GC(210) - age   4:      64328 bytes,    3306792 total
[2025-12-03T16:17:55.729+0000][6][gc,age      ] GC(210) - age   5:     716072 bytes,    4022864 total
[2025-12-03T16:17:55.729+0000][6][gc,age      ] GC(210) - age   6:      77912 bytes,    4100776 total
[2025-12-03T16:17:55.729+0000][6][gc,age      ] GC(210) - age   7:      18440 bytes,    4119216 total
[2025-12-03T16:17:55.729+0000][6][gc,age      ] GC(210) - age   8:      25880 bytes,    4145096 total
[2025-12-03T16:17:55.729+0000][6][gc,age      ] GC(210) - age   9:      63328 bytes,    4208424 total
[2025-12-03T16:17:55.729+0000][6][gc,age      ] GC(210) - age  10:      19328 bytes,    4227752 total
[2025-12-03T16:17:55.729+0000][6][gc,age      ] GC(210) - age  11:     181072 bytes,    4408824 total
[2025-12-03T16:17:55.729+0000][6][gc,age      ] GC(210) - age  12:      34608 bytes,    4443432 total
[2025-12-03T16:17:55.729+0000][6][gc,age      ] GC(210) - age  13:      20136 bytes,    4463568 total
[2025-12-03T16:17:55.729+0000][6][gc,age      ] GC(210) - age  14:      24552 bytes,    4488120 total
[2025-12-03T16:17:55.729+0000][6][gc,age      ] GC(210) - age  15:     143688 bytes,    4631808 total
[2025-12-03T16:17:55.729+0000][6][gc,phases   ] GC(210)   Pre Evacuate Collection Set: 0.4ms
[2025-12-03T16:17:55.729+0000][6][gc,phases   ] GC(210)   Merge Heap Roots: 0.2ms
[2025-12-03T16:17:55.729+0000][6][gc,phases   ] GC(210)   Evacuate Collection Set: 6.4ms
[2025-12-03T16:17:55.729+0000][6][gc,phases   ] GC(210)   Post Evacuate Collection Set: 2.6ms
[2025-12-03T16:17:55.729+0000][6][gc,phases   ] GC(210)   Other: 1.7ms
[2025-12-03T16:17:55.730+0000][6][gc,heap     ] GC(210) Eden regions: 64->0(62)
[2025-12-03T16:17:55.730+0000][6][gc,heap     ] GC(210) Survivor regions: 1->2(9)
[2025-12-03T16:17:55.730+0000][6][gc,heap     ] GC(210) Old regions: 37->37
[2025-12-03T16:17:55.730+0000][6][gc,heap     ] GC(210) Archive regions: 2->2
[2025-12-03T16:17:55.730+0000][6][gc,heap     ] GC(210) Humongous regions: 2->2
[2025-12-03T16:17:55.730+0000][6][gc,metaspace] GC(210) Metaspace: 118135K(119872K)->118135K(119872K) NonClass: 103245K(104256K)->103245K(104256K) Class: 14890K(15616K)->14890K(15616K)
[2025-12-03T16:17:55.730+0000][6][gc          ] GC(210) Pause Young (Normal) (G1 Evacuation Pause) 418M->163M(512M) 11.671ms
[2025-12-03T16:17:55.730+0000][6][gc,cpu      ] GC(210) User=0.06s Sys=0.00s Real=0.01s
[2025-12-03T16:17:55.730+0000][6][safepoint   ] Safepoint "G1CollectForAllocation", Time since last: 38721292809 ns, Reaching safepoint: 459834 ns, At safepoint: 11926833 ns, Total: 12386667 ns
[2025-12-03T16:17:56.732+0000][6][safepoint   ] Safepoint "Cleanup", Time since last: 1001946250 ns, Reaching safepoint: 102459 ns, At safepoint: 3458 ns, Total: 105917 ns
[2025-12-03T16:18:02.738+0000][6][safepoint   ] Safepoint "Cleanup", Time since last: 6005699919 ns, Reaching safepoint: 115333 ns, At safepoint: 14667 ns, Total: 130000 ns
[2025-12-03T16:18:10.751+0000][6][safepoint   ] Safepoint "Cleanup", Time since last: 8011777795 ns, Reaching safepoint: 518500 ns, At safepoint: 45709 ns, Total: 564209 ns
[2025-12-03T16:18:17.762+0000][6][safepoint   ] Safepoint "Cleanup", Time since last: 7008887628 ns, Reaching safepoint: 1979125 ns, At safepoint: 8000 ns, Total: 1987125 ns
[2025-12-03T16:18:31.743+0000][6][gc,start    ] GC(211) Pause Young (Concurrent Start) (G1 Evacuation Pause)
[2025-12-03T16:18:31.743+0000][6][gc,task     ] GC(211) Using 8 workers of 8 for evacuation
[2025-12-03T16:18:31.744+0000][6][gc,age      ] GC(211) Desired survivor size 16777216 bytes, new threshold 15 (max threshold 15)
[2025-12-03T16:18:31.769+0000][6][gc,age      ] GC(211) Age table with threshold 15 (max threshold 15)
[2025-12-03T16:18:31.769+0000][6][gc,age      ] GC(211) - age   1:    3146536 bytes,    3146536 total
[2025-12-03T16:18:31.769+0000][6][gc,age      ] GC(211) - age   2:    1255784 bytes,    4402320 total
[2025-12-03T16:18:31.769+0000][6][gc,age      ] GC(211) - age   3:     161736 bytes,    4564056 total
[2025-12-03T16:18:31.769+0000][6][gc,age      ] GC(211) - age   4:      94016 bytes,    4658072 total
[2025-12-03T16:18:31.769+0000][6][gc,age      ] GC(211) - age   5:      64040 bytes,    4722112 total
[2025-12-03T16:18:31.769+0000][6][gc,age      ] GC(211) - age   6:     715880 bytes,    5437992 total
[2025-12-03T16:18:31.770+0000][6][gc,age      ] GC(211) - age   7:      25208 bytes,    5463200 total
[2025-12-03T16:18:31.770+0000][6][gc,age      ] GC(211) - age   8:      18440 bytes,    5481640 total
[2025-12-03T16:18:31.770+0000][6][gc,age      ] GC(211) - age   9:      25880 bytes,    5507520 total
[2025-12-03T16:18:31.770+0000][6][gc,age      ] GC(211) - age  10:      63328 bytes,    5570848 total
[2025-12-03T16:18:31.770+0000][6][gc,age      ] GC(211) - age  11:      19328 bytes,    5590176 total
[2025-12-03T16:18:31.770+0000][6][gc,age      ] GC(211) - age  12:     181072 bytes,    5771248 total
[2025-12-03T16:18:31.770+0000][6][gc,age      ] GC(211) - age  13:      34608 bytes,    5805856 total
[2025-12-03T16:18:31.770+0000][6][gc,age      ] GC(211) - age  14:      20136 bytes,    5825992 total
[2025-12-03T16:18:31.770+0000][6][gc,age      ] GC(211) - age  15:      24552 bytes,    5850544 total
[2025-12-03T16:18:31.770+0000][6][gc,phases   ] GC(211)   Pre Evacuate Collection Set: 3.5ms
[2025-12-03T16:18:31.770+0000][6][gc,phases   ] GC(211)   Merge Heap Roots: 0.2ms
[2025-12-03T16:18:31.770+0000][6][gc,phases   ] GC(211)   Evacuate Collection Set: 17.1ms
[2025-12-03T16:18:31.770+0000][6][gc,phases   ] GC(211)   Post Evacuate Collection Set: 4.4ms
[2025-12-03T16:18:31.770+0000][6][gc,phases   ] GC(211)   Other: 2.0ms
[2025-12-03T16:18:31.770+0000][6][gc,heap     ] GC(211) Eden regions: 62->0(62)
[2025-12-03T16:18:31.770+0000][6][gc,heap     ] GC(211) Survivor regions: 2->2(8)
[2025-12-03T16:18:31.770+0000][6][gc,heap     ] GC(211) Old regions: 37->37
[2025-12-03T16:18:31.770+0000][6][gc,heap     ] GC(211) Archive regions: 2->2
[2025-12-03T16:18:31.770+0000][6][gc,heap     ] GC(211) Humongous regions: 2->2
[2025-12-03T16:18:31.770+0000][6][gc,metaspace] GC(211) Metaspace: 118139K(119872K)->118139K(119872K) NonClass: 103248K(104256K)->103248K(104256K) Class: 14890K(15616K)->14890K(15616K)
[2025-12-03T16:18:31.771+0000][6][gc          ] GC(211) Pause Young (Concurrent Start) (G1 Evacuation Pause) 410M->164M(512M) 27.673ms
[2025-12-03T16:18:31.771+0000][6][gc,cpu      ] GC(211) User=0.11s Sys=0.00s Real=0.03s
[2025-12-03T16:18:31.771+0000][6][safepoint   ] Safepoint "G1CollectForAllocation", Time since last: 13978924882 ns, Reaching safepoint: 577000 ns, At safepoint: 28016875 ns, Total: 28593875 ns
[2025-12-03T16:18:31.771+0000][6][gc          ] GC(212) Concurrent Mark Cycle
[2025-12-03T16:18:31.771+0000][6][gc,marking  ] GC(212) Concurrent Clear Claimed Marks
[2025-12-03T16:18:31.771+0000][6][gc,marking  ] GC(212) Concurrent Clear Claimed Marks 0.249ms
[2025-12-03T16:18:31.771+0000][6][gc,marking  ] GC(212) Concurrent Scan Root Regions
[2025-12-03T16:18:31.775+0000][6][gc,marking  ] GC(212) Concurrent Scan Root Regions 3.436ms
[2025-12-03T16:18:31.775+0000][6][gc,marking  ] GC(212) Concurrent Mark
[2025-12-03T16:18:31.775+0000][6][gc,marking  ] GC(212) Concurrent Mark From Roots
[2025-12-03T16:18:31.775+0000][6][gc,task     ] GC(212) Using 2 workers of 2 for marking
[2025-12-03T16:18:31.838+0000][6][gc,marking  ] GC(212) Concurrent Mark From Roots 62.918ms
[2025-12-03T16:18:31.838+0000][6][gc,marking  ] GC(212) Concurrent Preclean
[2025-12-03T16:18:31.838+0000][6][gc,marking  ] GC(212) Concurrent Preclean 0.226ms
[2025-12-03T16:18:31.839+0000][6][gc,start    ] GC(212) Pause Remark
[2025-12-03T16:18:31.862+0000][6][gc          ] GC(212) Pause Remark 174M->174M(512M) 23.611ms
[2025-12-03T16:18:31.862+0000][6][gc,cpu      ] GC(212) User=0.16s Sys=0.00s Real=0.02s
[2025-12-03T16:18:31.862+0000][6][safepoint   ] Safepoint "G1Concurrent", Time since last: 67724291 ns, Reaching safepoint: 76375 ns, At safepoint: 23841875 ns, Total: 23918250 ns
[2025-12-03T16:18:31.862+0000][6][gc,marking  ] GC(212) Concurrent Mark 87.472ms
[2025-12-03T16:18:31.863+0000][6][gc,marking  ] GC(212) Concurrent Rebuild Remembered Sets
[2025-12-03T16:18:31.894+0000][6][gc,marking  ] GC(212) Concurrent Rebuild Remembered Sets 31.646ms
[2025-12-03T16:18:31.894+0000][6][gc,start    ] GC(212) Pause Cleanup
[2025-12-03T16:18:31.895+0000][6][gc          ] GC(212) Pause Cleanup 175M->175M(512M) 0.152ms
[2025-12-03T16:18:31.895+0000][6][gc,cpu      ] GC(212) User=0.00s Sys=0.00s Real=0.00s
[2025-12-03T16:18:31.895+0000][6][safepoint   ] Safepoint "G1Concurrent", Time since last: 31931500 ns, Reaching safepoint: 68625 ns, At safepoint: 360125 ns, Total: 428750 ns
[2025-12-03T16:18:31.895+0000][6][gc,marking  ] GC(212) Concurrent Cleanup for Next Mark
[2025-12-03T16:18:31.897+0000][6][gc,marking  ] GC(212) Concurrent Cleanup for Next Mark 2.236ms
[2025-12-03T16:18:31.897+0000][6][gc          ] GC(212) Concurrent Mark Cycle 126.365ms
[2025-12-03T16:18:47.921+0000][6][safepoint   ] Safepoint "Cleanup", Time since last: 16025225216 ns, Reaching safepoint: 847875 ns, At safepoint: 197459 ns, Total: 1045334 ns
[2025-12-03T16:18:52.930+0000][6][safepoint   ] Safepoint "Cleanup", Time since last: 5008655544 ns, Reaching safepoint: 152416 ns, At safepoint: 10459 ns, Total: 162875 ns
[2025-12-03T16:19:11.773+0000][6][gc,start    ] GC(213) Pause Young (Normal) (G1 Evacuation Pause)
[2025-12-03T16:19:11.774+0000][6][gc,task     ] GC(213) Using 8 workers of 8 for evacuation
[2025-12-03T16:19:11.775+0000][6][gc,age      ] GC(213) Desired survivor size 16777216 bytes, new threshold 15 (max threshold 15)
[2025-12-03T16:19:11.791+0000][6][gc,age      ] GC(213) Age table with threshold 15 (max threshold 15)
[2025-12-03T16:19:11.791+0000][6][gc,age      ] GC(213) - age   1:    1823680 bytes,    1823680 total
[2025-12-03T16:19:11.791+0000][6][gc,age      ] GC(213) - age   2:      94944 bytes,    1918624 total
[2025-12-03T16:19:11.791+0000][6][gc,age      ] GC(213) - age   3:    1250776 bytes,    3169400 total
[2025-12-03T16:19:11.791+0000][6][gc,age      ] GC(213) - age   4:     160816 bytes,    3330216 total
[2025-12-03T16:19:11.791+0000][6][gc,age      ] GC(213) - age   5:      93648 bytes,    3423864 total
[2025-12-03T16:19:11.791+0000][6][gc,age      ] GC(213) - age   6:      63752 bytes,    3487616 total
[2025-12-03T16:19:11.791+0000][6][gc,age      ] GC(213) - age   7:     152024 bytes,    3639640 total
[2025-12-03T16:19:11.791+0000][6][gc,age      ] GC(213) - age   8:      25208 bytes,    3664848 total
[2025-12-03T16:19:11.791+0000][6][gc,age      ] GC(213) - age   9:      18440 bytes,    3683288 total
[2025-12-03T16:19:11.792+0000][6][gc,age      ] GC(213) - age  10:      25880 bytes,    3709168 total
[2025-12-03T16:19:11.792+0000][6][gc,age      ] GC(213) - age  11:      63328 bytes,    3772496 total
[2025-12-03T16:19:11.792+0000][6][gc,age      ] GC(213) - age  12:      19328 bytes,    3791824 total
[2025-12-03T16:19:11.792+0000][6][gc,age      ] GC(213) - age  13:     181072 bytes,    3972896 total
[2025-12-03T16:19:11.792+0000][6][gc,age      ] GC(213) - age  14:      34608 bytes,    4007504 total
[2025-12-03T16:19:11.792+0000][6][gc,age      ] GC(213) - age  15:      20136 bytes,    4027640 total
[2025-12-03T16:19:11.792+0000][6][gc,phases   ] GC(213)   Pre Evacuate Collection Set: 0.4ms
[2025-12-03T16:19:11.792+0000][6][gc,phases   ] GC(213)   Merge Heap Roots: 0.5ms
[2025-12-03T16:19:11.792+0000][6][gc,phases   ] GC(213)   Evacuate Collection Set: 11.8ms
[2025-12-03T16:19:11.792+0000][6][gc,phases   ] GC(213)   Post Evacuate Collection Set: 3.2ms
[2025-12-03T16:19:11.792+0000][6][gc,phases   ] GC(213)   Other: 3.4ms
[2025-12-03T16:19:11.792+0000][6][gc,heap     ] GC(213) Eden regions: 62->0(62)
[2025-12-03T16:19:11.792+0000][6][gc,heap     ] GC(213) Survivor regions: 2->2(8)
[2025-12-03T16:19:11.792+0000][6][gc,heap     ] GC(213) Old regions: 37->37
[2025-12-03T16:19:11.792+0000][6][gc,heap     ] GC(213) Archive regions: 2->2
[2025-12-03T16:19:11.792+0000][6][gc,heap     ] GC(213) Humongous regions: 2->2
[2025-12-03T16:19:11.792+0000][6][gc,metaspace] GC(213) Metaspace: 118142K(119872K)->118142K(119872K) NonClass: 103251K(104256K)->103251K(104256K) Class: 14890K(15616K)->14890K(15616K)
[2025-12-03T16:19:11.792+0000][6][gc          ] GC(213) Pause Young (Normal) (G1 Evacuation Pause) 412M->162M(512M) 19.839ms
[2025-12-03T16:19:11.792+0000][6][gc,cpu      ] GC(213) User=0.09s Sys=0.00s Real=0.02s
[2025-12-03T16:19:11.793+0000][6][safepoint   ] Safepoint "G1CollectForAllocation", Time since last: 18841509050 ns, Reaching safepoint: 490625 ns, At safepoint: 20063750 ns, Total: 20554375 ns
[2025-12-03T16:19:37.841+0000][6][safepoint   ] Safepoint "Cleanup", Time since last: 26032844762 ns, Reaching safepoint: 14274625 ns, At safepoint: 175333 ns, Total: 14449958 ns
[2025-12-03T16:19:50.033+0000][6][gc,start    ] GC(214) Pause Young (Concurrent Start) (G1 Evacuation Pause)
[2025-12-03T16:19:50.034+0000][6][gc,task     ] GC(214) Using 8 workers of 8 for evacuation
[2025-12-03T16:19:50.034+0000][6][gc,age      ] GC(214) Desired survivor size 16777216 bytes, new threshold 15 (max threshold 15)
[2025-12-03T16:19:50.075+0000][6][gc,age      ] GC(214) Age table with threshold 15 (max threshold 15)
[2025-12-03T16:19:50.075+0000][6][gc,age      ] GC(214) - age   1:    2435120 bytes,    2435120 total
[2025-12-03T16:19:50.075+0000][6][gc,age      ] GC(214) - age   2:     703328 bytes,    3138448 total
[2025-12-03T16:19:50.075+0000][6][gc,age      ] GC(214) - age   3:      87424 bytes,    3225872 total
[2025-12-03T16:19:50.075+0000][6][gc,age      ] GC(214) - age   4:     751392 bytes,    3977264 total
[2025-12-03T16:19:50.075+0000][6][gc,age      ] GC(214) - age   5:     160048 bytes,    4137312 total
[2025-12-03T16:19:50.075+0000][6][gc,age      ] GC(214) - age   6:      93328 bytes,    4230640 total
[2025-12-03T16:19:50.075+0000][6][gc,age      ] GC(214) - age   7:      18656 bytes,    4249296 total
[2025-12-03T16:19:50.075+0000][6][gc,age      ] GC(214) - age   8:     151960 bytes,    4401256 total
[2025-12-03T16:19:50.075+0000][6][gc,age      ] GC(214) - age   9:      24784 bytes,    4426040 total
[2025-12-03T16:19:50.075+0000][6][gc,age      ] GC(214) - age  10:      18440 bytes,    4444480 total
[2025-12-03T16:19:50.075+0000][6][gc,age      ] GC(214) - age  11:      25880 bytes,    4470360 total
[2025-12-03T16:19:50.075+0000][6][gc,age      ] GC(214) - age  12:      63328 bytes,    4533688 total
[2025-12-03T16:19:50.075+0000][6][gc,age      ] GC(214) - age  13:      19328 bytes,    4553016 total
[2025-12-03T16:19:50.075+0000][6][gc,age      ] GC(214) - age  14:     181072 bytes,    4734088 total
[2025-12-03T16:19:50.075+0000][6][gc,age      ] GC(214) - age  15:      34608 bytes,    4768696 total
[2025-12-03T16:19:50.075+0000][6][gc,phases   ] GC(214)   Pre Evacuate Collection Set: 2.4ms
[2025-12-03T16:19:50.076+0000][6][gc,phases   ] GC(214)   Merge Heap Roots: 0.2ms
[2025-12-03T16:19:50.076+0000][6][gc,phases   ] GC(214)   Evacuate Collection Set: 34.0ms
[2025-12-03T16:19:50.076+0000][6][gc,phases   ] GC(214)   Post Evacuate Collection Set: 3.5ms
[2025-12-03T16:19:50.076+0000][6][gc,phases   ] GC(214)   Other: 3.0ms
[2025-12-03T16:19:50.076+0000][6][gc,heap     ] GC(214) Eden regions: 62->0(62)
[2025-12-03T16:19:50.076+0000][6][gc,heap     ] GC(214) Survivor regions: 2->2(8)
[2025-12-03T16:19:50.076+0000][6][gc,heap     ] GC(214) Old regions: 37->37
[2025-12-03T16:19:50.076+0000][6][gc,heap     ] GC(214) Archive regions: 2->2
[2025-12-03T16:19:50.076+0000][6][gc,heap     ] GC(214) Humongous regions: 2->2
[2025-12-03T16:19:50.076+0000][6][gc,metaspace] GC(214) Metaspace: 118142K(119872K)->118142K(119872K) NonClass: 103252K(104256K)->103252K(104256K) Class: 14890K(15616K)->14890K(15616K)
[2025-12-03T16:19:50.076+0000][6][gc          ] GC(214) Pause Young (Concurrent Start) (G1 Evacuation Pause) 410M->163M(512M) 43.713ms
[2025-12-03T16:19:50.076+0000][6][gc,cpu      ] GC(214) User=0.18s Sys=0.01s Real=0.04s
[2025-12-03T16:19:50.076+0000][6][safepoint   ] Safepoint "G1CollectForAllocation", Time since last: 12190993006 ns, Reaching safepoint: 581208 ns, At safepoint: 44102375 ns, Total: 44683583 ns
[2025-12-03T16:19:50.076+0000][6][gc          ] GC(215) Concurrent Mark Cycle
[2025-12-03T16:19:50.077+0000][6][gc,marking  ] GC(215) Concurrent Clear Claimed Marks
[2025-12-03T16:19:50.078+0000][6][gc,marking  ] GC(215) Concurrent Clear Claimed Marks 0.169ms
[2025-12-03T16:19:50.078+0000][6][gc,marking  ] GC(215) Concurrent Scan Root Regions
[2025-12-03T16:19:50.080+0000][6][gc,marking  ] GC(215) Concurrent Scan Root Regions 2.827ms
[2025-12-03T16:19:50.081+0000][6][gc,marking  ] GC(215) Concurrent Mark
[2025-12-03T16:19:50.081+0000][6][gc,marking  ] GC(215) Concurrent Mark From Roots
[2025-12-03T16:19:50.081+0000][6][gc,task     ] GC(215) Using 2 workers of 2 for marking
[2025-12-03T16:19:50.149+0000][6][gc,marking  ] GC(215) Concurrent Mark From Roots 68.368ms
[2025-12-03T16:19:50.149+0000][6][gc,marking  ] GC(215) Concurrent Preclean
[2025-12-03T16:19:50.150+0000][6][gc,marking  ] GC(215) Concurrent Preclean 0.329ms
[2025-12-03T16:19:50.150+0000][6][gc,start    ] GC(215) Pause Remark
[2025-12-03T16:19:50.184+0000][6][gc          ] GC(215) Pause Remark 167M->167M(512M) 34.712ms
[2025-12-03T16:19:50.185+0000][6][gc,cpu      ] GC(215) User=0.22s Sys=0.01s Real=0.03s
[2025-12-03T16:19:50.185+0000][6][safepoint   ] Safepoint "G1Concurrent", Time since last: 73258667 ns, Reaching safepoint: 55875 ns, At safepoint: 35052667 ns, Total: 35108542 ns
[2025-12-03T16:19:50.185+0000][6][gc,marking  ] GC(215) Concurrent Mark 104.352ms
[2025-12-03T16:19:50.185+0000][6][gc,marking  ] GC(215) Concurrent Rebuild Remembered Sets
[2025-12-03T16:19:50.215+0000][6][gc,marking  ] GC(215) Concurrent Rebuild Remembered Sets 30.071ms
[2025-12-03T16:19:50.215+0000][6][gc,start    ] GC(215) Pause Cleanup
[2025-12-03T16:19:50.216+0000][6][gc          ] GC(215) Pause Cleanup 167M->167M(512M) 0.136ms
[2025-12-03T16:19:50.216+0000][6][gc,cpu      ] GC(215) User=0.00s Sys=0.00s Real=0.00s
[2025-12-03T16:19:50.216+0000][6][safepoint   ] Safepoint "G1Concurrent", Time since last: 30549125 ns, Reaching safepoint: 60583 ns, At safepoint: 285667 ns, Total: 346250 ns
[2025-12-03T16:19:50.216+0000][6][gc,marking  ] GC(215) Concurrent Cleanup for Next Mark
[2025-12-03T16:19:50.217+0000][6][gc,marking  ] GC(215) Concurrent Cleanup for Next Mark 1.265ms
[2025-12-03T16:19:50.217+0000][6][gc          ] GC(215) Concurrent Mark Cycle 140.633ms
[2025-12-03T16:20:09.993+0000][6][safepoint   ] Safepoint "Cleanup", Time since last: 19775062550 ns, Reaching safepoint: 591542 ns, At safepoint: 31500 ns, Total: 623042 ns
[2025-12-03T16:20:29.408+0000][6][gc,start    ] GC(216) Pause Young (Normal) (G1 Evacuation Pause)
[2025-12-03T16:20:29.408+0000][6][gc,task     ] GC(216) Using 8 workers of 8 for evacuation
[2025-12-03T16:20:29.409+0000][6][gc,age      ] GC(216) Desired survivor size 16777216 bytes, new threshold 15 (max threshold 15)
[2025-12-03T16:20:29.431+0000][6][gc,age      ] GC(216) Age table with threshold 15 (max threshold 15)
[2025-12-03T16:20:29.432+0000][6][gc,age      ] GC(216) - age   1:    2996736 bytes,    2996736 total
[2025-12-03T16:20:29.432+0000][6][gc,age      ] GC(216) - age   2:     581944 bytes,    3578680 total
[2025-12-03T16:20:29.432+0000][6][gc,age      ] GC(216) - age   3:     700296 bytes,    4278976 total
[2025-12-03T16:20:29.432+0000][6][gc,age      ] GC(216) - age   4:      86888 bytes,    4365864 total
[2025-12-03T16:20:29.432+0000][6][gc,age      ] GC(216) - age   5:     750760 bytes,    5116624 total
[2025-12-03T16:20:29.432+0000][6][gc,age      ] GC(216) - age   6:     159688 bytes,    5276312 total
[2025-12-03T16:20:29.432+0000][6][gc,age      ] GC(216) - age   7:      77240 bytes,    5353552 total
[2025-12-03T16:20:29.432+0000][6][gc,age      ] GC(216) - age   8:      18528 bytes,    5372080 total
[2025-12-03T16:20:29.432+0000][6][gc,age      ] GC(216) - age   9:     151784 bytes,    5523864 total
[2025-12-03T16:20:29.432+0000][6][gc,age      ] GC(216) - age  10:      24784 bytes,    5548648 total
[2025-12-03T16:20:29.432+0000][6][gc,age      ] GC(216) - age  11:      18440 bytes,    5567088 total
[2025-12-03T16:20:29.432+0000][6][gc,age      ] GC(216) - age  12:      25880 bytes,    5592968 total
[2025-12-03T16:20:29.432+0000][6][gc,age      ] GC(216) - age  13:      63328 bytes,    5656296 total
[2025-12-03T16:20:29.432+0000][6][gc,age      ] GC(216) - age  14:      19328 bytes,    5675624 total
[2025-12-03T16:20:29.432+0000][6][gc,age      ] GC(216) - age  15:     181072 bytes,    5856696 total
[2025-12-03T16:20:29.433+0000][6][gc,phases   ] GC(216)   Pre Evacuate Collection Set: 1.0ms
[2025-12-03T16:20:29.433+0000][6][gc,phases   ] GC(216)   Merge Heap Roots: 0.5ms
[2025-12-03T16:20:29.433+0000][6][gc,phases   ] GC(216)   Evacuate Collection Set: 15.9ms
[2025-12-03T16:20:29.433+0000][6][gc,phases   ] GC(216)   Post Evacuate Collection Set: 4.9ms
[2025-12-03T16:20:29.434+0000][6][gc,phases   ] GC(216)   Other: 2.9ms
[2025-12-03T16:20:29.434+0000][6][gc,heap     ] GC(216) Eden regions: 62->0(62)
[2025-12-03T16:20:29.434+0000][6][gc,heap     ] GC(216) Survivor regions: 2->2(8)
[2025-12-03T16:20:29.434+0000][6][gc,heap     ] GC(216) Old regions: 37->37
[2025-12-03T16:20:29.434+0000][6][gc,heap     ] GC(216) Archive regions: 2->2
[2025-12-03T16:20:29.435+0000][6][gc,heap     ] GC(216) Humongous regions: 2->2
[2025-12-03T16:20:29.435+0000][6][gc,metaspace] GC(216) Metaspace: 118143K(119872K)->118143K(119872K) NonClass: 103252K(104256K)->103252K(104256K) Class: 14890K(15616K)->14890K(15616K)
[2025-12-03T16:20:29.437+0000][6][gc          ] GC(216) Pause Young (Normal) (G1 Evacuation Pause) 411M->164M(512M) 29.074ms
[2025-12-03T16:20:29.437+0000][6][gc,cpu      ] GC(216) User=0.12s Sys=0.00s Real=0.03s
[2025-12-03T16:20:29.437+0000][6][safepoint   ] Safepoint "G1CollectForAllocation", Time since last: 19406486467 ns, Reaching safepoint: 8127334 ns, At safepoint: 29987833 ns, Total: 38115167 ns
[2025-12-03T16:20:44.462+0000][6][safepoint   ] Safepoint "Cleanup", Time since last: 15022782798 ns, Reaching safepoint: 1237292 ns, At safepoint: 116000 ns, Total: 1353292 ns
[2025-12-03T16:21:05.721+0000][6][gc,start    ] GC(217) Pause Young (Concurrent Start) (G1 Evacuation Pause)
[2025-12-03T16:21:05.721+0000][6][gc,task     ] GC(217) Using 8 workers of 8 for evacuation
[2025-12-03T16:21:05.722+0000][6][gc,age      ] GC(217) Desired survivor size 16777216 bytes, new threshold 15 (max threshold 15)
[2025-12-03T16:21:05.738+0000][6][gc,age      ] GC(217) Age table with threshold 15 (max threshold 15)
[2025-12-03T16:21:05.738+0000][6][gc,age      ] GC(217) - age   1:    3121552 bytes,    3121552 total
[2025-12-03T16:21:05.738+0000][6][gc,age      ] GC(217) - age   2:      59784 bytes,    3181336 total
[2025-12-03T16:21:05.738+0000][6][gc,age      ] GC(217) - age   3:     575600 bytes,    3756936 total
[2025-12-03T16:21:05.739+0000][6][gc,age      ] GC(217) - age   4:     699200 bytes,    4456136 total
[2025-12-03T16:21:05.739+0000][6][gc,age      ] GC(217) - age   5:      85992 bytes,    4542128 total
[2025-12-03T16:21:05.739+0000][6][gc,age      ] GC(217) - age   6:     750504 bytes,    5292632 total
[2025-12-03T16:21:05.739+0000][6][gc,age      ] GC(217) - age   7:     159624 bytes,    5452256 total
[2025-12-03T16:21:05.739+0000][6][gc,age      ] GC(217) - age   8:      77176 bytes,    5529432 total
[2025-12-03T16:21:05.739+0000][6][gc,age      ] GC(217) - age   9:      18400 bytes,    5547832 total
[2025-12-03T16:21:05.739+0000][6][gc,age      ] GC(217) - age  10:     151784 bytes,    5699616 total
[2025-12-03T16:21:05.739+0000][6][gc,age      ] GC(217) - age  11:      24688 bytes,    5724304 total
[2025-12-03T16:21:05.739+0000][6][gc,age      ] GC(217) - age  12:      18440 bytes,    5742744 total
[2025-12-03T16:21:05.739+0000][6][gc,age      ] GC(217) - age  13:      25880 bytes,    5768624 total
[2025-12-03T16:21:05.739+0000][6][gc,age      ] GC(217) - age  14:      63328 bytes,    5831952 total
[2025-12-03T16:21:05.739+0000][6][gc,age      ] GC(217) - age  15:      19328 bytes,    5851280 total
[2025-12-03T16:21:05.739+0000][6][gc,phases   ] GC(217)   Pre Evacuate Collection Set: 1.8ms
[2025-12-03T16:21:05.739+0000][6][gc,phases   ] GC(217)   Merge Heap Roots: 0.2ms
[2025-12-03T16:21:05.739+0000][6][gc,phases   ] GC(217)   Evacuate Collection Set: 12.3ms
[2025-12-03T16:21:05.739+0000][6][gc,phases   ] GC(217)   Post Evacuate Collection Set: 2.2ms
[2025-12-03T16:21:05.739+0000][6][gc,phases   ] GC(217)   Other: 1.8ms
[2025-12-03T16:21:05.739+0000][6][gc,heap     ] GC(217) Eden regions: 62->0(62)
[2025-12-03T16:21:05.739+0000][6][gc,heap     ] GC(217) Survivor regions: 2->2(8)
[2025-12-03T16:21:05.739+0000][6][gc,heap     ] GC(217) Old regions: 37->37
[2025-12-03T16:21:05.739+0000][6][gc,heap     ] GC(217) Archive regions: 2->2
[2025-12-03T16:21:05.739+0000][6][gc,heap     ] GC(217) Humongous regions: 2->2
[2025-12-03T16:21:05.740+0000][6][gc,metaspace] GC(217) Metaspace: 118143K(119872K)->118143K(119872K) NonClass: 103252K(104256K)->103252K(104256K) Class: 14890K(15616K)->14890K(15616K)
[2025-12-03T16:21:05.740+0000][6][gc          ] GC(217) Pause Young (Concurrent Start) (G1 Evacuation Pause) 412M->164M(512M) 18.738ms
[2025-12-03T16:21:05.740+0000][6][gc,cpu      ] GC(217) User=0.09s Sys=0.01s Real=0.02s
[2025-12-03T16:21:05.740+0000][6][safepoint   ] Safepoint "G1CollectForAllocation", Time since last: 21257442759 ns, Reaching safepoint: 488958 ns, At safepoint: 19027833 ns, Total: 19516791 ns
[2025-12-03T16:21:05.740+0000][6][gc          ] GC(218) Concurrent Mark Cycle
[2025-12-03T16:21:05.740+0000][6][gc,marking  ] GC(218) Concurrent Clear Claimed Marks
[2025-12-03T16:21:05.740+0000][6][gc,marking  ] GC(218) Concurrent Clear Claimed Marks 0.136ms
[2025-12-03T16:21:05.740+0000][6][gc,marking  ] GC(218) Concurrent Scan Root Regions
[2025-12-03T16:21:05.744+0000][6][gc,marking  ] GC(218) Concurrent Scan Root Regions 3.657ms
[2025-12-03T16:21:05.744+0000][6][gc,marking  ] GC(218) Concurrent Mark
[2025-12-03T16:21:05.744+0000][6][gc,marking  ] GC(218) Concurrent Mark From Roots
[2025-12-03T16:21:05.744+0000][6][gc,task     ] GC(218) Using 2 workers of 2 for marking
[2025-12-03T16:21:05.806+0000][6][gc,marking  ] GC(218) Concurrent Mark From Roots 61.737ms
[2025-12-03T16:21:05.806+0000][6][gc,marking  ] GC(218) Concurrent Preclean
[2025-12-03T16:21:05.806+0000][6][gc,marking  ] GC(218) Concurrent Preclean 0.225ms
[2025-12-03T16:21:05.806+0000][6][gc,start    ] GC(218) Pause Remark
[2025-12-03T16:21:05.858+0000][6][gc          ] GC(218) Pause Remark 165M->165M(512M) 52.215ms
[2025-12-03T16:21:05.858+0000][6][gc,cpu      ] GC(218) User=0.41s Sys=0.00s Real=0.05s
[2025-12-03T16:21:05.858+0000][6][safepoint   ] Safepoint "G1Concurrent", Time since last: 66230209 ns, Reaching safepoint: 51166 ns, At safepoint: 52465125 ns, Total: 52516291 ns
[2025-12-03T16:21:05.859+0000][6][gc,marking  ] GC(218) Concurrent Mark 114.794ms
[2025-12-03T16:21:05.859+0000][6][gc,marking  ] GC(218) Concurrent Rebuild Remembered Sets
[2025-12-03T16:21:05.888+0000][6][gc,marking  ] GC(218) Concurrent Rebuild Remembered Sets 29.430ms
[2025-12-03T16:21:05.888+0000][6][gc,start    ] GC(218) Pause Cleanup
[2025-12-03T16:21:05.888+0000][6][gc          ] GC(218) Pause Cleanup 165M->165M(512M) 0.147ms
[2025-12-03T16:21:05.888+0000][6][gc,cpu      ] GC(218) User=0.00s Sys=0.00s Real=0.00s
[2025-12-03T16:21:05.889+0000][6][safepoint   ] Safepoint "G1Concurrent", Time since last: 29676000 ns, Reaching safepoint: 75417 ns, At safepoint: 283292 ns, Total: 358709 ns
[2025-12-03T16:21:05.889+0000][6][gc,marking  ] GC(218) Concurrent Cleanup for Next Mark
[2025-12-03T16:21:05.890+0000][6][gc,marking  ] GC(218) Concurrent Cleanup for Next Mark 1.392ms
[2025-12-03T16:21:05.890+0000][6][gc          ] GC(218) Concurrent Mark Cycle 150.276ms
[2025-12-03T16:21:25.129+0000][6][safepoint   ] Safepoint "ICBufferFull", Time since last: 19239949301 ns, Reaching safepoint: 354500 ns, At safepoint: 7125 ns, Total: 361625 ns
[2025-12-03T16:21:25.133+0000][6][safepoint   ] Safepoint "ICBufferFull", Time since last: 4088291 ns, Reaching safepoint: 133750 ns, At safepoint: 3584 ns, Total: 137334 ns
[2025-12-03T16:21:25.180+0000][6][safepoint   ] Safepoint "ICBufferFull", Time since last: 46036208 ns, Reaching safepoint: 484083 ns, At safepoint: 8000 ns, Total: 492083 ns
[2025-12-03T16:21:25.241+0000][6][safepoint   ] Safepoint "ICBufferFull", Time since last: 61742750 ns, Reaching safepoint: 108375 ns, At safepoint: 7000 ns, Total: 115375 ns
[2025-12-03T16:21:25.329+0000][6][safepoint   ] Safepoint "ICBufferFull", Time since last: 87758500 ns, Reaching safepoint: 177167 ns, At safepoint: 17250 ns, Total: 194417 ns
[2025-12-03T16:21:27.200+0000][6][safepoint   ] Safepoint "Cleanup", Time since last: 1870160168 ns, Reaching safepoint: 339208 ns, At safepoint: 11167 ns, Total: 350375 ns
[2025-12-03T16:21:28.201+0000][6][safepoint   ] Safepoint "Cleanup", Time since last: 1000625458 ns, Reaching safepoint: 245334 ns, At safepoint: 19833 ns, Total: 265167 ns
[2025-12-03T16:21:29.203+0000][6][safepoint   ] Safepoint "Cleanup", Time since last: 1001894501 ns, Reaching safepoint: 208833 ns, At safepoint: 13000 ns, Total: 221833 ns
[2025-12-03T16:21:32.210+0000][6][safepoint   ] Safepoint "Cleanup", Time since last: 3005967334 ns, Reaching safepoint: 85958 ns, At safepoint: 4084 ns, Total: 90042 ns
[2025-12-03T16:21:38.217+0000][6][safepoint   ] Safepoint "Cleanup", Time since last: 6007129836 ns, Reaching safepoint: 221125 ns, At safepoint: 10958 ns, Total: 232083 ns
[2025-12-03T16:21:39.296+0000][6][safepoint   ] Safepoint "Cleanup", Time since last: 1012198501 ns, Reaching safepoint: 57418375 ns, At safepoint: 554333 ns, Total: 57972708 ns
[2025-12-03T16:21:41.890+0000][6][gc,start    ] GC(219) Pause Young (Normal) (G1 Evacuation Pause)
[2025-12-03T16:21:41.890+0000][6][gc,task     ] GC(219) Using 8 workers of 8 for evacuation
[2025-12-03T16:21:41.890+0000][6][gc,age      ] GC(219) Desired survivor size 16777216 bytes, new threshold 15 (max threshold 15)
[2025-12-03T16:21:41.919+0000][6][gc,age      ] GC(219) Age table with threshold 15 (max threshold 15)
[2025-12-03T16:21:41.919+0000][6][gc,age      ] GC(219) - age   1:    3192032 bytes,    3192032 total
[2025-12-03T16:21:41.919+0000][6][gc,age      ] GC(219) - age   2:     500416 bytes,    3692448 total
[2025-12-03T16:21:41.919+0000][6][gc,age      ] GC(219) - age   3:      53784 bytes,    3746232 total
[2025-12-03T16:21:41.919+0000][6][gc,age      ] GC(219) - age   4:     574376 bytes,    4320608 total
[2025-12-03T16:21:41.920+0000][6][gc,age      ] GC(219) - age   5:     698480 bytes,    5019088 total
[2025-12-03T16:21:41.920+0000][6][gc,age      ] GC(219) - age   6:      85632 bytes,    5104720 total
[2025-12-03T16:21:41.920+0000][6][gc,age      ] GC(219) - age   7:     745656 bytes,    5850376 total
[2025-12-03T16:21:41.920+0000][6][gc,age      ] GC(219) - age   8:     159464 bytes,    6009840 total
[2025-12-03T16:21:41.920+0000][6][gc,age      ] GC(219) - age   9:      77072 bytes,    6086912 total
[2025-12-03T16:21:41.920+0000][6][gc,age      ] GC(219) - age  10:      18400 bytes,    6105312 total
[2025-12-03T16:21:41.920+0000][6][gc,age      ] GC(219) - age  11:     151784 bytes,    6257096 total
[2025-12-03T16:21:41.920+0000][6][gc,age      ] GC(219) - age  12:      24448 bytes,    6281544 total
[2025-12-03T16:21:41.920+0000][6][gc,age      ] GC(219) - age  13:      18440 bytes,    6299984 total
[2025-12-03T16:21:41.920+0000][6][gc,age      ] GC(219) - age  14:      25856 bytes,    6325840 total
[2025-12-03T16:21:41.920+0000][6][gc,age      ] GC(219) - age  15:      63296 bytes,    6389136 total
[2025-12-03T16:21:41.920+0000][6][gc,phases   ] GC(219)   Pre Evacuate Collection Set: 0.3ms
[2025-12-03T16:21:41.920+0000][6][gc,phases   ] GC(219)   Merge Heap Roots: 0.2ms
[2025-12-03T16:21:41.920+0000][6][gc,phases   ] GC(219)   Evacuate Collection Set: 10.6ms
[2025-12-03T16:21:41.920+0000][6][gc,phases   ] GC(219)   Post Evacuate Collection Set: 17.7ms
[2025-12-03T16:21:41.921+0000][6][gc,phases   ] GC(219)   Other: 1.4ms
[2025-12-03T16:21:41.921+0000][6][gc,heap     ] GC(219) Eden regions: 62->0(62)
[2025-12-03T16:21:41.921+0000][6][gc,heap     ] GC(219) Survivor regions: 2->2(8)
[2025-12-03T16:21:41.921+0000][6][gc,heap     ] GC(219) Old regions: 37->37
[2025-12-03T16:21:41.921+0000][6][gc,heap     ] GC(219) Archive regions: 2->2
[2025-12-03T16:21:41.921+0000][6][gc,heap     ] GC(219) Humongous regions: 2->2
[2025-12-03T16:21:41.921+0000][6][gc,metaspace] GC(219) Metaspace: 118191K(119872K)->118191K(119872K) NonClass: 103297K(104256K)->103297K(104256K) Class: 14893K(15616K)->14893K(15616K)
[2025-12-03T16:21:41.922+0000][6][gc          ] GC(219) Pause Young (Normal) (G1 Evacuation Pause) 412M->165M(512M) 31.543ms
[2025-12-03T16:21:41.922+0000][6][gc,cpu      ] GC(219) User=0.13s Sys=0.00s Real=0.03s
[2025-12-03T16:21:41.922+0000][6][safepoint   ] Safepoint "G1CollectForAllocation", Time since last: 2602758960 ns, Reaching safepoint: 50625 ns, At safepoint: 31880416 ns, Total: 31931041 ns
[2025-12-03T16:21:42.923+0000][6][safepoint   ] Safepoint "Cleanup", Time since last: 1001267709 ns, Reaching safepoint: 93083 ns, At safepoint: 3500 ns, Total: 96583 ns
[2025-12-03T16:21:46.928+0000][6][safepoint   ] Safepoint "Cleanup", Time since last: 4004733961 ns, Reaching safepoint: 308833 ns, At safepoint: 95917 ns, Total: 404750 ns
[2025-12-03T16:21:49.935+0000][6][safepoint   ] Safepoint "Cleanup", Time since last: 3003939835 ns, Reaching safepoint: 3130291 ns, At safepoint: 15667 ns, Total: 3145958 ns
[2025-12-03T16:21:50.939+0000][6][safepoint   ] Safepoint "Cleanup", Time since last: 1003001417 ns, Reaching safepoint: 292125 ns, At safepoint: 14625 ns, Total: 306750 ns
[2025-12-03T16:21:53.943+0000][6][safepoint   ] Safepoint "Cleanup", Time since last: 3003800668 ns, Reaching safepoint: 752708 ns, At safepoint: 8959 ns, Total: 761667 ns
[2025-12-03T16:21:54.944+0000][6][safepoint   ] Safepoint "Cleanup", Time since last: 1000879292 ns, Reaching safepoint: 194625 ns, At safepoint: 6125 ns, Total: 200750 ns
[2025-12-03T16:21:55.948+0000][6][safepoint   ] Safepoint "Cleanup", Time since last: 1003305959 ns, Reaching safepoint: 70458 ns, At safepoint: 3417 ns, Total: 73875 ns
[2025-12-03T16:22:04.963+0000][6][safepoint   ] Safepoint "Cleanup", Time since last: 9014452670 ns, Reaching safepoint: 171125 ns, At safepoint: 8042 ns, Total: 179167 ns
[2025-12-03T16:22:07.967+0000][6][safepoint   ] Safepoint "Cleanup", Time since last: 3003851834 ns, Reaching safepoint: 72167 ns, At safepoint: 2958 ns, Total: 75125 ns
[2025-12-03T16:22:09.069+0000][6][safepoint   ] Safepoint "Cleanup", Time since last: 1096769001 ns, Reaching safepoint: 4585250 ns, At safepoint: 31625 ns, Total: 4616875 ns
[2025-12-03T16:22:11.159+0000][6][safepoint   ] Safepoint "Cleanup", Time since last: 2089776334 ns, Reaching safepoint: 184875 ns, At safepoint: 9209 ns, Total: 194084 ns
[2025-12-03T16:22:15.178+0000][6][safepoint   ] Safepoint "Cleanup", Time since last: 4018657918 ns, Reaching safepoint: 977709 ns, At safepoint: 54708 ns, Total: 1032417 ns
[2025-12-03T16:22:17.189+0000][6][safepoint   ] Safepoint "Cleanup", Time since last: 2010100459 ns, Reaching safepoint: 123584 ns, At safepoint: 6666 ns, Total: 130250 ns
[2025-12-03T16:22:17.711+0000][6][gc,start    ] GC(220) Pause Young (Concurrent Start) (G1 Evacuation Pause)
[2025-12-03T16:22:17.712+0000][6][gc,task     ] GC(220) Using 8 workers of 8 for evacuation
[2025-12-03T16:22:17.712+0000][6][gc,age      ] GC(220) Desired survivor size 16777216 bytes, new threshold 15 (max threshold 15)
[2025-12-03T16:22:17.723+0000][6][gc,age      ] GC(220) Age table with threshold 15 (max threshold 15)
[2025-12-03T16:22:17.723+0000][6][gc,age      ] GC(220) - age   1:    1631416 bytes,    1631416 total
[2025-12-03T16:22:17.723+0000][6][gc,age      ] GC(220) - age   2:     703016 bytes,    2334432 total
[2025-12-03T16:22:17.723+0000][6][gc,age      ] GC(220) - age   3:      78320 bytes,    2412752 total
[2025-12-03T16:22:17.723+0000][6][gc,age      ] GC(220) - age   4:      51840 bytes,    2464592 total
[2025-12-03T16:22:17.723+0000][6][gc,age      ] GC(220) - age   5:      75880 bytes,    2540472 total
[2025-12-03T16:22:17.723+0000][6][gc,age      ] GC(220) - age   6:     698480 bytes,    3238952 total
[2025-12-03T16:22:17.723+0000][6][gc,age      ] GC(220) - age   7:      85568 bytes,    3324520 total
[2025-12-03T16:22:17.723+0000][6][gc,age      ] GC(220) - age   8:     540808 bytes,    3865328 total
[2025-12-03T16:22:17.724+0000][6][gc,age      ] GC(220) - age   9:     159464 bytes,    4024792 total
[2025-12-03T16:22:17.724+0000][6][gc,age      ] GC(220) - age  10:      76976 bytes,    4101768 total
[2025-12-03T16:22:17.724+0000][6][gc,age      ] GC(220) - age  11:      18336 bytes,    4120104 total
[2025-12-03T16:22:17.724+0000][6][gc,age      ] GC(220) - age  12:     151784 bytes,    4271888 total
[2025-12-03T16:22:17.724+0000][6][gc,age      ] GC(220) - age  13:      24448 bytes,    4296336 total
[2025-12-03T16:22:17.724+0000][6][gc,age      ] GC(220) - age  14:      18440 bytes,    4314776 total
[2025-12-03T16:22:17.724+0000][6][gc,age      ] GC(220) - age  15:      25856 bytes,    4340632 total
[2025-12-03T16:22:17.724+0000][6][gc,phases   ] GC(220)   Pre Evacuate Collection Set: 1.6ms
[2025-12-03T16:22:17.724+0000][6][gc,phases   ] GC(220)   Merge Heap Roots: 0.1ms
[2025-12-03T16:22:17.724+0000][6][gc,phases   ] GC(220)   Evacuate Collection Set: 7.3ms
[2025-12-03T16:22:17.724+0000][6][gc,phases   ] GC(220)   Post Evacuate Collection Set: 1.9ms
[2025-12-03T16:22:17.724+0000][6][gc,phases   ] GC(220)   Other: 1.8ms
[2025-12-03T16:22:17.724+0000][6][gc,heap     ] GC(220) Eden regions: 62->0(62)
[2025-12-03T16:22:17.724+0000][6][gc,heap     ] GC(220) Survivor regions: 2->2(8)
[2025-12-03T16:22:17.725+0000][6][gc,heap     ] GC(220) Old regions: 37->37
[2025-12-03T16:22:17.725+0000][6][gc,heap     ] GC(220) Archive regions: 2->2
[2025-12-03T16:22:17.725+0000][6][gc,heap     ] GC(220) Humongous regions: 2->2
[2025-12-03T16:22:17.725+0000][6][gc,metaspace] GC(220) Metaspace: 118192K(119872K)->118192K(119872K) NonClass: 103298K(104256K)->103298K(104256K) Class: 14893K(15616K)->14893K(15616K)
[2025-12-03T16:22:17.725+0000][6][gc          ] GC(220) Pause Young (Concurrent Start) (G1 Evacuation Pause) 413M->163M(512M) 13.306ms
[2025-12-03T16:22:17.725+0000][6][gc,cpu      ] GC(220) User=0.04s Sys=0.00s Real=0.02s
[2025-12-03T16:22:17.725+0000][6][safepoint   ] Safepoint "G1CollectForAllocation", Time since last: 522576625 ns, Reaching safepoint: 77584 ns, At safepoint: 13512000 ns, Total: 13589584 ns
[2025-12-03T16:22:17.725+0000][6][gc          ] GC(221) Concurrent Mark Cycle
[2025-12-03T16:22:17.725+0000][6][gc,marking  ] GC(221) Concurrent Clear Claimed Marks
[2025-12-03T16:22:17.725+0000][6][gc,marking  ] GC(221) Concurrent Clear Claimed Marks 0.144ms
[2025-12-03T16:22:17.725+0000][6][gc,marking  ] GC(221) Concurrent Scan Root Regions
[2025-12-03T16:22:17.728+0000][6][gc,marking  ] GC(221) Concurrent Scan Root Regions 3.181ms
[2025-12-03T16:22:17.729+0000][6][gc,marking  ] GC(221) Concurrent Mark
[2025-12-03T16:22:17.729+0000][6][gc,marking  ] GC(221) Concurrent Mark From Roots
[2025-12-03T16:22:17.729+0000][6][gc,task     ] GC(221) Using 2 workers of 2 for marking
[2025-12-03T16:22:17.827+0000][6][gc,marking  ] GC(221) Concurrent Mark From Roots 98.921ms
[2025-12-03T16:22:17.828+0000][6][gc,marking  ] GC(221) Concurrent Preclean
[2025-12-03T16:22:17.828+0000][6][gc,marking  ] GC(221) Concurrent Preclean 0.333ms
[2025-12-03T16:22:17.828+0000][6][gc,start    ] GC(221) Pause Remark
[2025-12-03T16:22:17.858+0000][6][gc          ] GC(221) Pause Remark 165M->165M(512M) 29.423ms
[2025-12-03T16:22:17.858+0000][6][gc,cpu      ] GC(221) User=0.12s Sys=0.00s Real=0.03s
[2025-12-03T16:22:17.858+0000][6][safepoint   ] Safepoint "G1Concurrent", Time since last: 103387666 ns, Reaching safepoint: 125042 ns, At safepoint: 29973042 ns, Total: 30098084 ns
[2025-12-03T16:22:17.858+0000][6][gc,marking  ] GC(221) Concurrent Mark 129.938ms
[2025-12-03T16:22:17.858+0000][6][gc,marking  ] GC(221) Concurrent Rebuild Remembered Sets
[2025-12-03T16:22:17.890+0000][6][gc,marking  ] GC(221) Concurrent Rebuild Remembered Sets 31.138ms
[2025-12-03T16:22:17.890+0000][6][gc,start    ] GC(221) Pause Cleanup
[2025-12-03T16:22:17.890+0000][6][gc          ] GC(221) Pause Cleanup 165M->165M(512M) 0.091ms
[2025-12-03T16:22:17.890+0000][6][gc,cpu      ] GC(221) User=0.00s Sys=0.00s Real=0.00s
[2025-12-03T16:22:17.890+0000][6][safepoint   ] Safepoint "G1Concurrent", Time since last: 31366792 ns, Reaching safepoint: 40208 ns, At safepoint: 207333 ns, Total: 247541 ns
[2025-12-03T16:22:17.890+0000][6][gc,marking  ] GC(221) Concurrent Cleanup for Next Mark
[2025-12-03T16:22:17.891+0000][6][gc,marking  ] GC(221) Concurrent Cleanup for Next Mark 1.231ms
[2025-12-03T16:22:17.891+0000][6][gc          ] GC(221) Concurrent Mark Cycle 166.467ms
[2025-12-03T16:22:21.898+0000][6][safepoint   ] Safepoint "Cleanup", Time since last: 4007227127 ns, Reaching safepoint: 598917 ns, At safepoint: 32750 ns, Total: 631667 ns
[2025-12-03T16:22:31.911+0000][6][safepoint   ] Safepoint "Cleanup", Time since last: 10012303212 ns, Reaching safepoint: 117875 ns, At safepoint: 3125 ns, Total: 121000 ns
[2025-12-03T16:22:37.922+0000][6][safepoint   ] Safepoint "Cleanup", Time since last: 6011050628 ns, Reaching safepoint: 292375 ns, At safepoint: 13708 ns, Total: 306083 ns
[2025-12-03T16:22:41.937+0000][6][safepoint   ] Safepoint "Cleanup", Time since last: 4014643377 ns, Reaching safepoint: 165167 ns, At safepoint: 6208 ns, Total: 171375 ns
[2025-12-03T16:22:55.848+0000][6][gc,start    ] GC(222) Pause Young (Normal) (G1 Evacuation Pause)
[2025-12-03T16:22:55.849+0000][6][gc,task     ] GC(222) Using 8 workers of 8 for evacuation
[2025-12-03T16:22:55.849+0000][6][gc,age      ] GC(222) Desired survivor size 16777216 bytes, new threshold 15 (max threshold 15)
[2025-12-03T16:22:55.859+0000][6][gc,age      ] GC(222) Age table with threshold 15 (max threshold 15)
[2025-12-03T16:22:55.859+0000][6][gc,age      ] GC(222) - age   1:    1576240 bytes,    1576240 total
[2025-12-03T16:22:55.859+0000][6][gc,age      ] GC(222) - age   2:     966832 bytes,    2543072 total
[2025-12-03T16:22:55.859+0000][6][gc,age      ] GC(222) - age   3:     691960 bytes,    3235032 total
[2025-12-03T16:22:55.859+0000][6][gc,age      ] GC(222) - age   4:      76496 bytes,    3311528 total
[2025-12-03T16:22:55.859+0000][6][gc,age      ] GC(222) - age   5:      51056 bytes,    3362584 total
[2025-12-03T16:22:55.859+0000][6][gc,age      ] GC(222) - age   6:      75560 bytes,    3438144 total
[2025-12-03T16:22:55.859+0000][6][gc,age      ] GC(222) - age   7:     698416 bytes,    4136560 total
[2025-12-03T16:22:55.859+0000][6][gc,age      ] GC(222) - age   8:      85536 bytes,    4222096 total
[2025-12-03T16:22:55.859+0000][6][gc,age      ] GC(222) - age   9:     540808 bytes,    4762904 total
[2025-12-03T16:22:55.859+0000][6][gc,age      ] GC(222) - age  10:     159464 bytes,    4922368 total
[2025-12-03T16:22:55.859+0000][6][gc,age      ] GC(222) - age  11:      76976 bytes,    4999344 total
[2025-12-03T16:22:55.859+0000][6][gc,age      ] GC(222) - age  12:      18336 bytes,    5017680 total
[2025-12-03T16:22:55.859+0000][6][gc,age      ] GC(222) - age  13:     151784 bytes,    5169464 total
[2025-12-03T16:22:55.860+0000][6][gc,age      ] GC(222) - age  14:      24448 bytes,    5193912 total
[2025-12-03T16:22:55.860+0000][6][gc,age      ] GC(222) - age  15:      18440 bytes,    5212352 total
[2025-12-03T16:22:55.860+0000][6][gc,phases   ] GC(222)   Pre Evacuate Collection Set: 0.2ms
[2025-12-03T16:22:55.860+0000][6][gc,phases   ] GC(222)   Merge Heap Roots: 0.2ms
[2025-12-03T16:22:55.860+0000][6][gc,phases   ] GC(222)   Evacuate Collection Set: 7.5ms
[2025-12-03T16:22:55.860+0000][6][gc,phases   ] GC(222)   Post Evacuate Collection Set: 1.9ms
[2025-12-03T16:22:55.860+0000][6][gc,phases   ] GC(222)   Other: 1.5ms
[2025-12-03T16:22:55.860+0000][6][gc,heap     ] GC(222) Eden regions: 62->0(63)
[2025-12-03T16:22:55.860+0000][6][gc,heap     ] GC(222) Survivor regions: 2->2(8)
[2025-12-03T16:22:55.860+0000][6][gc,heap     ] GC(222) Old regions: 37->37
[2025-12-03T16:22:55.860+0000][6][gc,heap     ] GC(222) Archive regions: 2->2
[2025-12-03T16:22:55.860+0000][6][gc,heap     ] GC(222) Humongous regions: 2->2
[2025-12-03T16:22:55.860+0000][6][gc,metaspace] GC(222) Metaspace: 118192K(119872K)->118192K(119872K) NonClass: 103298K(104256K)->103298K(104256K) Class: 14893K(15616K)->14893K(15616K)
[2025-12-03T16:22:55.860+0000][6][gc          ] GC(222) Pause Young (Normal) (G1 Evacuation Pause) 411M->163M(512M) 11.780ms
[2025-12-03T16:22:55.860+0000][6][gc,cpu      ] GC(222) User=0.07s Sys=0.00s Real=0.01s
[2025-12-03T16:22:55.860+0000][6][safepoint   ] Safepoint "G1CollectForAllocation", Time since last: 13911221090 ns, Reaching safepoint: 54709 ns, At safepoint: 12019458 ns, Total: 12074167 ns
[2025-12-03T16:23:04.876+0000][6][safepoint   ] Safepoint "Cleanup", Time since last: 9014438253 ns, Reaching safepoint: 376500 ns, At safepoint: 54000 ns, Total: 430500 ns
[2025-12-03T16:23:07.879+0000][6][safepoint   ] Safepoint "Cleanup", Time since last: 3003080377 ns, Reaching safepoint: 124083 ns, At safepoint: 6250 ns, Total: 130333 ns
[2025-12-03T16:23:12.884+0000][6][safepoint   ] Safepoint "Cleanup", Time since last: 5005234502 ns, Reaching safepoint: 83875 ns, At safepoint: 4709 ns, Total: 88584 ns
[2025-12-03T16:23:19.896+0000][6][safepoint   ] Safepoint "Cleanup", Time since last: 7012244961 ns, Reaching safepoint: 183042 ns, At safepoint: 6583 ns, Total: 189625 ns
[2025-12-03T16:23:23.927+0000][6][safepoint   ] Safepoint "Cleanup", Time since last: 4029663211 ns, Reaching safepoint: 769208 ns, At safepoint: 26750 ns, Total: 795958 ns
[2025-12-03T16:23:31.892+0000][6][gc,start    ] GC(223) Pause Young (Concurrent Start) (G1 Evacuation Pause)
[2025-12-03T16:23:31.893+0000][6][gc,task     ] GC(223) Using 8 workers of 8 for evacuation
[2025-12-03T16:23:31.893+0000][6][gc,age      ] GC(223) Desired survivor size 18874368 bytes, new threshold 15 (max threshold 15)
[2025-12-03T16:23:31.905+0000][6][gc,age      ] GC(223) Age table with threshold 15 (max threshold 15)
[2025-12-03T16:23:31.905+0000][6][gc,age      ] GC(223) - age   1:    2691096 bytes,    2691096 total
[2025-12-03T16:23:31.905+0000][6][gc,age      ] GC(223) - age   2:      99304 bytes,    2790400 total
[2025-12-03T16:23:31.905+0000][6][gc,age      ] GC(223) - age   3:     813168 bytes,    3603568 total
[2025-12-03T16:23:31.905+0000][6][gc,age      ] GC(223) - age   4:     691024 bytes,    4294592 total
[2025-12-03T16:23:31.905+0000][6][gc,age      ] GC(223) - age   5:      76080 bytes,    4370672 total
[2025-12-03T16:23:31.905+0000][6][gc,age      ] GC(223) - age   6:      50864 bytes,    4421536 total
[2025-12-03T16:23:31.905+0000][6][gc,age      ] GC(223) - age   7:      75496 bytes,    4497032 total
[2025-12-03T16:23:31.905+0000][6][gc,age      ] GC(223) - age   8:      63928 bytes,    4560960 total
[2025-12-03T16:23:31.905+0000][6][gc,age      ] GC(223) - age   9:      25512 bytes,    4586472 total
[2025-12-03T16:23:31.905+0000][6][gc,age      ] GC(223) - age  10:     540808 bytes,    5127280 total
[2025-12-03T16:23:31.905+0000][6][gc,age      ] GC(223) - age  11:     159464 bytes,    5286744 total
[2025-12-03T16:23:31.905+0000][6][gc,age      ] GC(223) - age  12:      76976 bytes,    5363720 total
[2025-12-03T16:23:31.905+0000][6][gc,age      ] GC(223) - age  13:      18336 bytes,    5382056 total
[2025-12-03T16:23:31.905+0000][6][gc,age      ] GC(223) - age  14:     151784 bytes,    5533840 total
[2025-12-03T16:23:31.905+0000][6][gc,age      ] GC(223) - age  15:      24448 bytes,    5558288 total
[2025-12-03T16:23:31.905+0000][6][gc,phases   ] GC(223)   Pre Evacuate Collection Set: 1.8ms
[2025-12-03T16:23:31.905+0000][6][gc,phases   ] GC(223)   Merge Heap Roots: 0.2ms
[2025-12-03T16:23:31.905+0000][6][gc,phases   ] GC(223)   Evacuate Collection Set: 7.4ms
[2025-12-03T16:23:31.905+0000][6][gc,phases   ] GC(223)   Post Evacuate Collection Set: 2.0ms
[2025-12-03T16:23:31.905+0000][6][gc,phases   ] GC(223)   Other: 1.7ms
[2025-12-03T16:23:31.906+0000][6][gc,heap     ] GC(223) Eden regions: 63->0(62)
[2025-12-03T16:23:31.906+0000][6][gc,heap     ] GC(223) Survivor regions: 2->2(9)
[2025-12-03T16:23:31.906+0000][6][gc,heap     ] GC(223) Old regions: 37->37
[2025-12-03T16:23:31.906+0000][6][gc,heap     ] GC(223) Archive regions: 2->2
[2025-12-03T16:23:31.906+0000][6][gc,heap     ] GC(223) Humongous regions: 2->2
[2025-12-03T16:23:31.906+0000][6][gc,metaspace] GC(223) Metaspace: 118195K(119872K)->118195K(119872K) NonClass: 103302K(104256K)->103302K(104256K) Class: 14893K(15616K)->14893K(15616K)
[2025-12-03T16:23:31.906+0000][6][gc          ] GC(223) Pause Young (Concurrent Start) (G1 Evacuation Pause) 415M->164M(512M) 13.464ms
[2025-12-03T16:23:31.906+0000][6][gc,cpu      ] GC(223) User=0.06s Sys=0.00s Real=0.01s
[2025-12-03T16:23:31.906+0000][6][safepoint   ] Safepoint "G1CollectForAllocation", Time since last: 7963255461 ns, Reaching safepoint: 163709 ns, At safepoint: 13733125 ns, Total: 13896834 ns
[2025-12-03T16:23:31.906+0000][6][gc          ] GC(224) Concurrent Mark Cycle
[2025-12-03T16:23:31.906+0000][6][gc,marking  ] GC(224) Concurrent Clear Claimed Marks
[2025-12-03T16:23:31.906+0000][6][gc,marking  ] GC(224) Concurrent Clear Claimed Marks 0.219ms
[2025-12-03T16:23:31.906+0000][6][gc,marking  ] GC(224) Concurrent Scan Root Regions
[2025-12-03T16:23:31.910+0000][6][gc,marking  ] GC(224) Concurrent Scan Root Regions 3.249ms
[2025-12-03T16:23:31.912+0000][6][gc,marking  ] GC(224) Concurrent Mark
[2025-12-03T16:23:31.912+0000][6][gc,marking  ] GC(224) Concurrent Mark From Roots
[2025-12-03T16:23:31.913+0000][6][gc,task     ] GC(224) Using 2 workers of 2 for marking
[2025-12-03T16:23:31.988+0000][6][gc,marking  ] GC(224) Concurrent Mark From Roots 75.777ms
[2025-12-03T16:23:31.988+0000][6][gc,marking  ] GC(224) Concurrent Preclean
[2025-12-03T16:23:31.989+0000][6][gc,marking  ] GC(224) Concurrent Preclean 0.334ms
[2025-12-03T16:23:31.989+0000][6][gc,start    ] GC(224) Pause Remark
[2025-12-03T16:23:32.015+0000][6][gc          ] GC(224) Pause Remark 168M->168M(512M) 25.817ms
[2025-12-03T16:23:32.015+0000][6][gc,cpu      ] GC(224) User=0.16s Sys=0.01s Real=0.02s
[2025-12-03T16:23:32.015+0000][6][safepoint   ] Safepoint "G1Concurrent", Time since last: 82945791 ns, Reaching safepoint: 38917 ns, At safepoint: 26144833 ns, Total: 26183750 ns
[2025-12-03T16:23:32.015+0000][6][gc,marking  ] GC(224) Concurrent Mark 102.904ms
[2025-12-03T16:23:32.015+0000][6][gc,marking  ] GC(224) Concurrent Rebuild Remembered Sets
[2025-12-03T16:23:32.048+0000][6][gc,marking  ] GC(224) Concurrent Rebuild Remembered Sets 33.017ms
[2025-12-03T16:23:32.048+0000][6][gc,start    ] GC(224) Pause Cleanup
[2025-12-03T16:23:32.049+0000][6][gc          ] GC(224) Pause Cleanup 170M->170M(512M) 0.104ms
[2025-12-03T16:23:32.049+0000][6][gc,cpu      ] GC(224) User=0.00s Sys=0.00s Real=0.00s
[2025-12-03T16:23:32.049+0000][6][safepoint   ] Safepoint "G1Concurrent", Time since last: 33252959 ns, Reaching safepoint: 62750 ns, At safepoint: 226291 ns, Total: 289041 ns
[2025-12-03T16:23:32.049+0000][6][gc,marking  ] GC(224) Concurrent Cleanup for Next Mark
[2025-12-03T16:23:32.050+0000][6][gc,marking  ] GC(224) Concurrent Cleanup for Next Mark 1.393ms
[2025-12-03T16:23:32.050+0000][6][gc          ] GC(224) Concurrent Mark Cycle 144.148ms
[2025-12-03T16:24:05.099+0000][6][safepoint   ] Safepoint "Cleanup", Time since last: 33053490599 ns, Reaching safepoint: 800375 ns, At safepoint: 50208 ns, Total: 850583 ns
[2025-12-03T16:24:07.999+0000][6][gc,start    ] GC(225) Pause Young (Normal) (G1 Evacuation Pause)
[2025-12-03T16:24:07.999+0000][6][gc,task     ] GC(225) Using 8 workers of 8 for evacuation
[2025-12-03T16:24:07.999+0000][6][gc,age      ] GC(225) Desired survivor size 16777216 bytes, new threshold 15 (max threshold 15)
[2025-12-03T16:24:08.011+0000][6][gc,age      ] GC(225) Age table with threshold 15 (max threshold 15)
[2025-12-03T16:24:08.011+0000][6][gc,age      ] GC(225) - age   1:    2277432 bytes,    2277432 total
[2025-12-03T16:24:08.011+0000][6][gc,age      ] GC(225) - age   2:     908440 bytes,    3185872 total
[2025-12-03T16:24:08.011+0000][6][gc,age      ] GC(225) - age   3:      95648 bytes,    3281520 total
[2025-12-03T16:24:08.011+0000][6][gc,age      ] GC(225) - age   4:     811800 bytes,    4093320 total
[2025-12-03T16:24:08.011+0000][6][gc,age      ] GC(225) - age   5:     690024 bytes,    4783344 total
[2025-12-03T16:24:08.011+0000][6][gc,age      ] GC(225) - age   6:      76080 bytes,    4859424 total
[2025-12-03T16:24:08.011+0000][6][gc,age      ] GC(225) - age   7:      50864 bytes,    4910288 total
[2025-12-03T16:24:08.011+0000][6][gc,age      ] GC(225) - age   8:      24832 bytes,    4935120 total
[2025-12-03T16:24:08.011+0000][6][gc,age      ] GC(225) - age   9:      63928 bytes,    4999048 total
[2025-12-03T16:24:08.011+0000][6][gc,age      ] GC(225) - age  10:      25512 bytes,    5024560 total
[2025-12-03T16:24:08.011+0000][6][gc,age      ] GC(225) - age  11:     540808 bytes,    5565368 total
[2025-12-03T16:24:08.011+0000][6][gc,age      ] GC(225) - age  12:     159440 bytes,    5724808 total
[2025-12-03T16:24:08.011+0000][6][gc,age      ] GC(225) - age  13:      76976 bytes,    5801784 total
[2025-12-03T16:24:08.011+0000][6][gc,age      ] GC(225) - age  14:      18336 bytes,    5820120 total
[2025-12-03T16:24:08.011+0000][6][gc,age      ] GC(225) - age  15:     151784 bytes,    5971904 total
[2025-12-03T16:24:08.012+0000][6][gc,phases   ] GC(225)   Pre Evacuate Collection Set: 0.3ms
[2025-12-03T16:24:08.012+0000][6][gc,phases   ] GC(225)   Merge Heap Roots: 0.3ms
[2025-12-03T16:24:08.012+0000][6][gc,phases   ] GC(225)   Evacuate Collection Set: 8.4ms
[2025-12-03T16:24:08.012+0000][6][gc,phases   ] GC(225)   Post Evacuate Collection Set: 2.3ms
[2025-12-03T16:24:08.012+0000][6][gc,phases   ] GC(225)   Other: 1.6ms
[2025-12-03T16:24:08.012+0000][6][gc,heap     ] GC(225) Eden regions: 62->0(62)
[2025-12-03T16:24:08.012+0000][6][gc,heap     ] GC(225) Survivor regions: 2->2(8)
[2025-12-03T16:24:08.012+0000][6][gc,heap     ] GC(225) Old regions: 37->37
[2025-12-03T16:24:08.012+0000][6][gc,heap     ] GC(225) Archive regions: 2->2
[2025-12-03T16:24:08.012+0000][6][gc,heap     ] GC(225) Humongous regions: 2->2
[2025-12-03T16:24:08.012+0000][6][gc,metaspace] GC(225) Metaspace: 118196K(119872K)->118196K(119872K) NonClass: 103303K(104256K)->103303K(104256K) Class: 14893K(15616K)->14893K(15616K)
[2025-12-03T16:24:08.012+0000][6][gc          ] GC(225) Pause Young (Normal) (G1 Evacuation Pause) 412M->164M(512M) 13.473ms
[2025-12-03T16:24:08.012+0000][6][gc,cpu      ] GC(225) User=0.07s Sys=0.01s Real=0.01s
[2025-12-03T16:24:08.012+0000][6][safepoint   ] Safepoint "G1CollectForAllocation", Time since last: 2899779043 ns, Reaching safepoint: 108875 ns, At safepoint: 13744292 ns, Total: 13853167 ns
[2025-12-03T16:24:09.014+0000][6][safepoint   ] Safepoint "Cleanup", Time since last: 1001713459 ns, Reaching safepoint: 253416 ns, At safepoint: 25875 ns, Total: 279291 ns
[2025-12-03T16:24:38.052+0000][6][safepoint   ] Safepoint "Cleanup", Time since last: 29030789596 ns, Reaching safepoint: 378375 ns, At safepoint: 20209 ns, Total: 398584 ns
[2025-12-03T16:24:44.202+0000][6][gc,start    ] GC(226) Pause Young (Concurrent Start) (G1 Evacuation Pause)
[2025-12-03T16:24:44.203+0000][6][gc,task     ] GC(226) Using 8 workers of 8 for evacuation
[2025-12-03T16:24:44.203+0000][6][gc,age      ] GC(226) Desired survivor size 16777216 bytes, new threshold 15 (max threshold 15)
[2025-12-03T16:24:44.215+0000][6][gc,age      ] GC(226) Age table with threshold 15 (max threshold 15)
[2025-12-03T16:24:44.215+0000][6][gc,age      ] GC(226) - age   1:    2587592 bytes,    2587592 total
[2025-12-03T16:24:44.215+0000][6][gc,age      ] GC(226) - age   2:     266720 bytes,    2854312 total
[2025-12-03T16:24:44.215+0000][6][gc,age      ] GC(226) - age   3:     904624 bytes,    3758936 total
[2025-12-03T16:24:44.215+0000][6][gc,age      ] GC(226) - age   4:      95296 bytes,    3854232 total
[2025-12-03T16:24:44.215+0000][6][gc,age      ] GC(226) - age   5:     318544 bytes,    4172776 total
[2025-12-03T16:24:44.215+0000][6][gc,age      ] GC(226) - age   6:     690024 bytes,    4862800 total
[2025-12-03T16:24:44.215+0000][6][gc,age      ] GC(226) - age   7:      76080 bytes,    4938880 total
[2025-12-03T16:24:44.215+0000][6][gc,age      ] GC(226) - age   8:      50864 bytes,    4989744 total
[2025-12-03T16:24:44.215+0000][6][gc,age      ] GC(226) - age   9:      24448 bytes,    5014192 total
[2025-12-03T16:24:44.215+0000][6][gc,age      ] GC(226) - age  10:      63928 bytes,    5078120 total
[2025-12-03T16:24:44.215+0000][6][gc,age      ] GC(226) - age  11:      25512 bytes,    5103632 total
[2025-12-03T16:24:44.215+0000][6][gc,age      ] GC(226) - age  12:     540808 bytes,    5644440 total
[2025-12-03T16:24:44.215+0000][6][gc,age      ] GC(226) - age  13:     159440 bytes,    5803880 total
[2025-12-03T16:24:44.215+0000][6][gc,age      ] GC(226) - age  14:      76976 bytes,    5880856 total
[2025-12-03T16:24:44.215+0000][6][gc,age      ] GC(226) - age  15:      18336 bytes,    5899192 total
[2025-12-03T16:24:44.215+0000][6][gc,phases   ] GC(226)   Pre Evacuate Collection Set: 1.9ms
[2025-12-03T16:24:44.216+0000][6][gc,phases   ] GC(226)   Merge Heap Roots: 0.1ms
[2025-12-03T16:24:44.216+0000][6][gc,phases   ] GC(226)   Evacuate Collection Set: 8.2ms
[2025-12-03T16:24:44.216+0000][6][gc,phases   ] GC(226)   Post Evacuate Collection Set: 1.4ms
[2025-12-03T16:24:44.216+0000][6][gc,phases   ] GC(226)   Other: 1.6ms
[2025-12-03T16:24:44.216+0000][6][gc,heap     ] GC(226) Eden regions: 62->0(62)
[2025-12-03T16:24:44.216+0000][6][gc,heap     ] GC(226) Survivor regions: 2->2(8)
[2025-12-03T16:24:44.216+0000][6][gc,heap     ] GC(226) Old regions: 37->37
[2025-12-03T16:24:44.216+0000][6][gc,heap     ] GC(226) Archive regions: 2->2
[2025-12-03T16:24:44.216+0000][6][gc,heap     ] GC(226) Humongous regions: 2->2
[2025-12-03T16:24:44.216+0000][6][gc,metaspace] GC(226) Metaspace: 118196K(119872K)->118196K(119872K) NonClass: 103303K(104256K)->103303K(104256K) Class: 14893K(15616K)->14893K(15616K)
[2025-12-03T16:24:44.216+0000][6][gc          ] GC(226) Pause Young (Concurrent Start) (G1 Evacuation Pause) 412M->164M(512M) 13.579ms
[2025-12-03T16:24:44.216+0000][6][gc,cpu      ] GC(226) User=0.06s Sys=0.00s Real=0.01s
[2025-12-03T16:24:44.216+0000][6][safepoint   ] Safepoint "G1CollectForAllocation", Time since last: 6150638253 ns, Reaching safepoint: 164041 ns, At safepoint: 13851709 ns, Total: 14015750 ns
[2025-12-03T16:24:44.216+0000][6][gc          ] GC(227) Concurrent Mark Cycle
[2025-12-03T16:24:44.216+0000][6][gc,marking  ] GC(227) Concurrent Clear Claimed Marks
[2025-12-03T16:24:44.216+0000][6][gc,marking  ] GC(227) Concurrent Clear Claimed Marks 0.104ms
[2025-12-03T16:24:44.216+0000][6][gc,marking  ] GC(227) Concurrent Scan Root Regions
[2025-12-03T16:24:44.220+0000][6][gc,marking  ] GC(227) Concurrent Scan Root Regions 3.411ms
[2025-12-03T16:24:44.220+0000][6][gc,marking  ] GC(227) Concurrent Mark
[2025-12-03T16:24:44.220+0000][6][gc,marking  ] GC(227) Concurrent Mark From Roots
[2025-12-03T16:24:44.220+0000][6][gc,task     ] GC(227) Using 2 workers of 2 for marking
[2025-12-03T16:24:44.285+0000][6][gc,marking  ] GC(227) Concurrent Mark From Roots 65.565ms
[2025-12-03T16:24:44.286+0000][6][gc,marking  ] GC(227) Concurrent Preclean
[2025-12-03T16:24:44.286+0000][6][gc,marking  ] GC(227) Concurrent Preclean 0.232ms
[2025-12-03T16:24:44.286+0000][6][gc,start    ] GC(227) Pause Remark
[2025-12-03T16:24:44.310+0000][6][gc          ] GC(227) Pause Remark 166M->166M(512M) 23.717ms
[2025-12-03T16:24:44.310+0000][6][gc,cpu      ] GC(227) User=0.18s Sys=0.01s Real=0.03s
[2025-12-03T16:24:44.310+0000][6][safepoint   ] Safepoint "G1Concurrent", Time since last: 69732750 ns, Reaching safepoint: 69416 ns, At safepoint: 23966250 ns, Total: 24035666 ns
[2025-12-03T16:24:44.310+0000][6][gc,marking  ] GC(227) Concurrent Mark 90.128ms
[2025-12-03T16:24:44.310+0000][6][gc,marking  ] GC(227) Concurrent Rebuild Remembered Sets
[2025-12-03T16:24:44.342+0000][6][gc,marking  ] GC(227) Concurrent Rebuild Remembered Sets 31.745ms
[2025-12-03T16:24:44.342+0000][6][gc,start    ] GC(227) Pause Cleanup
[2025-12-03T16:24:44.342+0000][6][gc          ] GC(227) Pause Cleanup 166M->166M(512M) 0.135ms
[2025-12-03T16:24:44.342+0000][6][gc,cpu      ] GC(227) User=0.00s Sys=0.00s Real=0.00s
[2025-12-03T16:24:44.342+0000][6][safepoint   ] Safepoint "G1Concurrent", Time since last: 31986750 ns, Reaching safepoint: 84167 ns, At safepoint: 268208 ns, Total: 352375 ns
[2025-12-03T16:24:44.342+0000][6][gc,marking  ] GC(227) Concurrent Cleanup for Next Mark
[2025-12-03T16:24:44.344+0000][6][gc,marking  ] GC(227) Concurrent Cleanup for Next Mark 1.768ms
[2025-12-03T16:24:44.344+0000][6][gc          ] GC(227) Concurrent Mark Cycle 127.966ms
[2025-12-03T16:25:23.405+0000][6][safepoint   ] Safepoint "Cleanup", Time since last: 39062386935 ns, Reaching safepoint: 339208 ns, At safepoint: 12750 ns, Total: 351958 ns
[2025-12-03T16:25:25.887+0000][6][gc,start    ] GC(228) Pause Young (Normal) (G1 Evacuation Pause)
[2025-12-03T16:25:25.887+0000][6][gc,task     ] GC(228) Using 8 workers of 8 for evacuation
[2025-12-03T16:25:25.888+0000][6][gc,age      ] GC(228) Desired survivor size 16777216 bytes, new threshold 15 (max threshold 15)
[2025-12-03T16:25:25.920+0000][6][gc,age      ] GC(228) Age table with threshold 15 (max threshold 15)
[2025-12-03T16:25:25.920+0000][6][gc,age      ] GC(228) - age   1:    2550928 bytes,    2550928 total
[2025-12-03T16:25:25.922+0000][6][gc,age      ] GC(228) - age   2:     601224 bytes,    3152152 total
[2025-12-03T16:25:25.922+0000][6][gc,age      ] GC(228) - age   3:      86736 bytes,    3238888 total
[2025-12-03T16:25:25.922+0000][6][gc,age      ] GC(228) - age   4:     903312 bytes,    4142200 total
[2025-12-03T16:25:25.922+0000][6][gc,age      ] GC(228) - age   5:      95232 bytes,    4237432 total
[2025-12-03T16:25:25.922+0000][6][gc,age      ] GC(228) - age   6:     317728 bytes,    4555160 total
[2025-12-03T16:25:25.922+0000][6][gc,age      ] GC(228) - age   7:     431184 bytes,    4986344 total
[2025-12-03T16:25:25.923+0000][6][gc,age      ] GC(228) - age   8:      76048 bytes,    5062392 total
[2025-12-03T16:25:25.923+0000][6][gc,age      ] GC(228) - age   9:      32752 bytes,    5095144 total
[2025-12-03T16:25:25.923+0000][6][gc,age      ] GC(228) - age  10:      24448 bytes,    5119592 total
[2025-12-03T16:25:25.923+0000][6][gc,age      ] GC(228) - age  11:      63928 bytes,    5183520 total
[2025-12-03T16:25:25.923+0000][6][gc,age      ] GC(228) - age  12:      25512 bytes,    5209032 total
[2025-12-03T16:25:25.923+0000][6][gc,age      ] GC(228) - age  13:     540768 bytes,    5749800 total
[2025-12-03T16:25:25.923+0000][6][gc,age      ] GC(228) - age  14:     159440 bytes,    5909240 total
[2025-12-03T16:25:25.924+0000][6][gc,age      ] GC(228) - age  15:      76976 bytes,    5986216 total
[2025-12-03T16:25:25.924+0000][6][gc,phases   ] GC(228)   Pre Evacuate Collection Set: 1.0ms
[2025-12-03T16:25:25.924+0000][6][gc,phases   ] GC(228)   Merge Heap Roots: 1.4ms
[2025-12-03T16:25:25.924+0000][6][gc,phases   ] GC(228)   Evacuate Collection Set: 23.7ms
[2025-12-03T16:25:25.924+0000][6][gc,phases   ] GC(228)   Post Evacuate Collection Set: 5.5ms
[2025-12-03T16:25:25.924+0000][6][gc,phases   ] GC(228)   Other: 7.0ms
[2025-12-03T16:25:25.924+0000][6][gc,heap     ] GC(228) Eden regions: 62->0(62)
[2025-12-03T16:25:25.924+0000][6][gc,heap     ] GC(228) Survivor regions: 2->2(8)
[2025-12-03T16:25:25.925+0000][6][gc,heap     ] GC(228) Old regions: 37->37
[2025-12-03T16:25:25.925+0000][6][gc,heap     ] GC(228) Archive regions: 2->2
[2025-12-03T16:25:25.925+0000][6][gc,heap     ] GC(228) Humongous regions: 2->2
[2025-12-03T16:25:25.925+0000][6][gc,metaspace] GC(228) Metaspace: 118210K(119872K)->118210K(119872K) NonClass: 103312K(104256K)->103312K(104256K) Class: 14897K(15616K)->14897K(15616K)
[2025-12-03T16:25:25.925+0000][6][gc          ] GC(228) Pause Young (Normal) (G1 Evacuation Pause) 412M->165M(512M) 38.378ms
[2025-12-03T16:25:25.925+0000][6][gc,cpu      ] GC(228) User=0.14s Sys=0.00s Real=0.04s
[2025-12-03T16:25:25.925+0000][6][safepoint   ] Safepoint "G1CollectForAllocation", Time since last: 2479690585 ns, Reaching safepoint: 68916 ns, At safepoint: 40304250 ns, Total: 40373166 ns
[2025-12-03T16:25:32.936+0000][6][safepoint   ] Safepoint "Cleanup", Time since last: 7009297628 ns, Reaching safepoint: 115125 ns, At safepoint: 3625 ns, Total: 118750 ns
[2025-12-03T16:25:37.942+0000][6][safepoint   ] Safepoint "Cleanup", Time since last: 5005944377 ns, Reaching safepoint: 103000 ns, At safepoint: 11958 ns, Total: 114958 ns
[2025-12-03T16:25:38.944+0000][6][safepoint   ] Safepoint "Cleanup", Time since last: 1001845959 ns, Reaching safepoint: 164709 ns, At safepoint: 13500 ns, Total: 178209 ns
[2025-12-03T16:25:42.950+0000][6][safepoint   ] Safepoint "Cleanup", Time since last: 4005315460 ns, Reaching safepoint: 244041 ns, At safepoint: 12292 ns, Total: 256333 ns
[2025-12-03T16:26:03.041+0000][6][gc,start    ] GC(229) Pause Young (Concurrent Start) (G1 Evacuation Pause)
[2025-12-03T16:26:03.042+0000][6][gc,task     ] GC(229) Using 8 workers of 8 for evacuation
[2025-12-03T16:26:03.042+0000][6][gc,age      ] GC(229) Desired survivor size 16777216 bytes, new threshold 15 (max threshold 15)
[2025-12-03T16:26:03.059+0000][6][gc,age      ] GC(229) Age table with threshold 15 (max threshold 15)
[2025-12-03T16:26:03.059+0000][6][gc,age      ] GC(229) - age   1:    1489080 bytes,    1489080 total
[2025-12-03T16:26:03.059+0000][6][gc,age      ] GC(229) - age   2:    1999248 bytes,    3488328 total
[2025-12-03T16:26:03.060+0000][6][gc,age      ] GC(229) - age   3:     547656 bytes,    4035984 total
[2025-12-03T16:26:03.060+0000][6][gc,age      ] GC(229) - age   4:      85256 bytes,    4121240 total
[2025-12-03T16:26:03.060+0000][6][gc,age      ] GC(229) - age   5:     903088 bytes,    5024328 total
[2025-12-03T16:26:03.060+0000][6][gc,age      ] GC(229) - age   6:      94960 bytes,    5119288 total
[2025-12-03T16:26:03.060+0000][6][gc,age      ] GC(229) - age   7:     317696 bytes,    5436984 total
[2025-12-03T16:26:03.060+0000][6][gc,age      ] GC(229) - age   8:     431088 bytes,    5868072 total
[2025-12-03T16:26:03.060+0000][6][gc,age      ] GC(229) - age   9:      76048 bytes,    5944120 total
[2025-12-03T16:26:03.060+0000][6][gc,age      ] GC(229) - age  10:      32752 bytes,    5976872 total
[2025-12-03T16:26:03.060+0000][6][gc,age      ] GC(229) - age  11:      24448 bytes,    6001320 total
[2025-12-03T16:26:03.060+0000][6][gc,age      ] GC(229) - age  12:      63928 bytes,    6065248 total
[2025-12-03T16:26:03.060+0000][6][gc,age      ] GC(229) - age  13:      25512 bytes,    6090760 total
[2025-12-03T16:26:03.060+0000][6][gc,age      ] GC(229) - age  14:     540768 bytes,    6631528 total
[2025-12-03T16:26:03.060+0000][6][gc,age      ] GC(229) - age  15:     159440 bytes,    6790968 total
[2025-12-03T16:26:03.060+0000][6][gc,phases   ] GC(229)   Pre Evacuate Collection Set: 3.0ms
[2025-12-03T16:26:03.060+0000][6][gc,phases   ] GC(229)   Merge Heap Roots: 0.3ms
[2025-12-03T16:26:03.061+0000][6][gc,phases   ] GC(229)   Evacuate Collection Set: 11.6ms
[2025-12-03T16:26:03.061+0000][6][gc,phases   ] GC(229)   Post Evacuate Collection Set: 1.9ms
[2025-12-03T16:26:03.061+0000][6][gc,phases   ] GC(229)   Other: 2.9ms
[2025-12-03T16:26:03.061+0000][6][gc,heap     ] GC(229) Eden regions: 62->0(62)
[2025-12-03T16:26:03.061+0000][6][gc,heap     ] GC(229) Survivor regions: 2->2(8)
[2025-12-03T16:26:03.061+0000][6][gc,heap     ] GC(229) Old regions: 37->37
[2025-12-03T16:26:03.061+0000][6][gc,heap     ] GC(229) Archive regions: 2->2
[2025-12-03T16:26:03.061+0000][6][gc,heap     ] GC(229) Humongous regions: 2->2
[2025-12-03T16:26:03.061+0000][6][gc,metaspace] GC(229) Metaspace: 118216K(119936K)->118216K(119936K) NonClass: 103318K(104320K)->103318K(104320K) Class: 14897K(15616K)->14897K(15616K)
[2025-12-03T16:26:03.061+0000][6][gc          ] GC(229) Pause Young (Concurrent Start) (G1 Evacuation Pause) 413M->165M(512M) 20.203ms
[2025-12-03T16:26:03.061+0000][6][gc,cpu      ] GC(229) User=0.09s Sys=0.00s Real=0.02s
[2025-12-03T16:26:03.061+0000][6][safepoint   ] Safepoint "G1CollectForAllocation", Time since last: 20088988634 ns, Reaching safepoint: 723958 ns, At safepoint: 20583417 ns, Total: 21307375 ns
[2025-12-03T16:26:03.061+0000][6][gc          ] GC(230) Concurrent Mark Cycle
[2025-12-03T16:26:03.061+0000][6][gc,marking  ] GC(230) Concurrent Clear Claimed Marks
[2025-12-03T16:26:03.062+0000][6][gc,marking  ] GC(230) Concurrent Clear Claimed Marks 0.170ms
[2025-12-03T16:26:03.062+0000][6][gc,marking  ] GC(230) Concurrent Scan Root Regions
[2025-12-03T16:26:03.065+0000][6][gc,marking  ] GC(230) Concurrent Scan Root Regions 3.728ms
[2025-12-03T16:26:03.065+0000][6][gc,marking  ] GC(230) Concurrent Mark
[2025-12-03T16:26:03.066+0000][6][gc,marking  ] GC(230) Concurrent Mark From Roots
[2025-12-03T16:26:03.066+0000][6][gc,task     ] GC(230) Using 2 workers of 2 for marking
[2025-12-03T16:26:03.135+0000][6][gc,marking  ] GC(230) Concurrent Mark From Roots 69.031ms
[2025-12-03T16:26:03.135+0000][6][gc,marking  ] GC(230) Concurrent Preclean
[2025-12-03T16:26:03.135+0000][6][gc,marking  ] GC(230) Concurrent Preclean 0.232ms
[2025-12-03T16:26:03.135+0000][6][gc,start    ] GC(230) Pause Remark
[2025-12-03T16:26:03.155+0000][6][gc          ] GC(230) Pause Remark 169M->169M(512M) 19.719ms
[2025-12-03T16:26:03.155+0000][6][gc,cpu      ] GC(230) User=0.15s Sys=0.00s Real=0.02s
[2025-12-03T16:26:03.155+0000][6][safepoint   ] Safepoint "G1Concurrent", Time since last: 73766292 ns, Reaching safepoint: 81291 ns, At safepoint: 19939125 ns, Total: 20020416 ns
[2025-12-03T16:26:03.155+0000][6][gc,marking  ] GC(230) Concurrent Mark 89.655ms
[2025-12-03T16:26:03.155+0000][6][gc,marking  ] GC(230) Concurrent Rebuild Remembered Sets
[2025-12-03T16:26:03.204+0000][6][gc,marking  ] GC(230) Concurrent Rebuild Remembered Sets 48.855ms
[2025-12-03T16:26:03.204+0000][6][gc,start    ] GC(230) Pause Cleanup
[2025-12-03T16:26:03.204+0000][6][gc          ] GC(230) Pause Cleanup 169M->169M(512M) 0.131ms
[2025-12-03T16:26:03.204+0000][6][gc,cpu      ] GC(230) User=0.00s Sys=0.00s Real=0.00s
[2025-12-03T16:26:03.204+0000][6][safepoint   ] Safepoint "G1Concurrent", Time since last: 49120292 ns, Reaching safepoint: 48458 ns, At safepoint: 318625 ns, Total: 367083 ns
[2025-12-03T16:26:03.205+0000][6][gc,marking  ] GC(230) Concurrent Cleanup for Next Mark
[2025-12-03T16:26:03.206+0000][6][gc,marking  ] GC(230) Concurrent Cleanup for Next Mark 1.340ms
[2025-12-03T16:26:03.206+0000][6][gc          ] GC(230) Concurrent Mark Cycle 144.719ms
[2025-12-03T16:26:14.222+0000][6][safepoint   ] Safepoint "Cleanup", Time since last: 11017014797 ns, Reaching safepoint: 466834 ns, At safepoint: 22041 ns, Total: 488875 ns
[2025-12-03T16:26:25.240+0000][6][safepoint   ] Safepoint "Cleanup", Time since last: 11017504297 ns, Reaching safepoint: 221542 ns, At safepoint: 14500 ns, Total: 236042 ns
[2025-12-03T16:26:29.245+0000][6][safepoint   ] Safepoint "Cleanup", Time since last: 4005060460 ns, Reaching safepoint: 74209 ns, At safepoint: 4125 ns, Total: 78334 ns
[2025-12-03T16:26:38.019+0000][6][gc,start    ] GC(231) Pause Young (Normal) (G1 Evacuation Pause)
[2025-12-03T16:26:38.020+0000][6][gc,task     ] GC(231) Using 8 workers of 8 for evacuation
[2025-12-03T16:26:38.020+0000][6][gc,age      ] GC(231) Desired survivor size 16777216 bytes, new threshold 15 (max threshold 15)
[2025-12-03T16:26:38.037+0000][6][gc,age      ] GC(231) Age table with threshold 15 (max threshold 15)
[2025-12-03T16:26:38.037+0000][6][gc,age      ] GC(231) - age   1:    3022416 bytes,    3022416 total
[2025-12-03T16:26:38.037+0000][6][gc,age      ] GC(231) - age   2:     224952 bytes,    3247368 total
[2025-12-03T16:26:38.037+0000][6][gc,age      ] GC(231) - age   3:     376656 bytes,    3624024 total
[2025-12-03T16:26:38.037+0000][6][gc,age      ] GC(231) - age   4:      55160 bytes,    3679184 total
[2025-12-03T16:26:38.037+0000][6][gc,age      ] GC(231) - age   5:      84208 bytes,    3763392 total
[2025-12-03T16:26:38.037+0000][6][gc,age      ] GC(231) - age   6:     902864 bytes,    4666256 total
[2025-12-03T16:26:38.038+0000][6][gc,age      ] GC(231) - age   7:      94960 bytes,    4761216 total
[2025-12-03T16:26:38.038+0000][6][gc,age      ] GC(231) - age   8:     102584 bytes,    4863800 total
[2025-12-03T16:26:38.038+0000][6][gc,age      ] GC(231) - age   9:     421008 bytes,    5284808 total
[2025-12-03T16:26:38.038+0000][6][gc,age      ] GC(231) - age  10:      75920 bytes,    5360728 total
[2025-12-03T16:26:38.038+0000][6][gc,age      ] GC(231) - age  11:      32752 bytes,    5393480 total
[2025-12-03T16:26:38.038+0000][6][gc,age      ] GC(231) - age  12:      24448 bytes,    5417928 total
[2025-12-03T16:26:38.038+0000][6][gc,age      ] GC(231) - age  13:      63928 bytes,    5481856 total
[2025-12-03T16:26:38.038+0000][6][gc,age      ] GC(231) - age  14:      25448 bytes,    5507304 total
[2025-12-03T16:26:38.038+0000][6][gc,age      ] GC(231) - age  15:     540768 bytes,    6048072 total
[2025-12-03T16:26:38.038+0000][6][gc,phases   ] GC(231)   Pre Evacuate Collection Set: 0.4ms
[2025-12-03T16:26:38.038+0000][6][gc,phases   ] GC(231)   Merge Heap Roots: 0.2ms
[2025-12-03T16:26:38.038+0000][6][gc,phases   ] GC(231)   Evacuate Collection Set: 13.1ms
[2025-12-03T16:26:38.038+0000][6][gc,phases   ] GC(231)   Post Evacuate Collection Set: 3.4ms
[2025-12-03T16:26:38.038+0000][6][gc,phases   ] GC(231)   Other: 1.6ms
[2025-12-03T16:26:38.038+0000][6][gc,heap     ] GC(231) Eden regions: 62->0(62)
[2025-12-03T16:26:38.038+0000][6][gc,heap     ] GC(231) Survivor regions: 2->2(8)
[2025-12-03T16:26:38.038+0000][6][gc,heap     ] GC(231) Old regions: 37->37
[2025-12-03T16:26:38.038+0000][6][gc,heap     ] GC(231) Archive regions: 2->2
[2025-12-03T16:26:38.038+0000][6][gc,heap     ] GC(231) Humongous regions: 2->2
[2025-12-03T16:26:38.038+0000][6][gc,metaspace] GC(231) Metaspace: 118218K(119936K)->118218K(119936K) NonClass: 103321K(104320K)->103321K(104320K) Class: 14897K(15616K)->14897K(15616K)
[2025-12-03T16:26:38.038+0000][6][gc          ] GC(231) Pause Young (Normal) (G1 Evacuation Pause) 413M->165M(512M) 19.219ms
[2025-12-03T16:26:38.039+0000][6][gc,cpu      ] GC(231) User=0.11s Sys=0.00s Real=0.02s
[2025-12-03T16:26:38.039+0000][6][safepoint   ] Safepoint "G1CollectForAllocation", Time since last: 8774760837 ns, Reaching safepoint: 63708 ns, At safepoint: 19435792 ns, Total: 19499500 ns
[2025-12-03T16:27:08.160+0000][6][safepoint   ] Safepoint "Cleanup", Time since last: 30118454055 ns, Reaching safepoint: 459875 ns, At safepoint: 35500 ns, Total: 495375 ns
[2025-12-03T16:27:10.164+0000][6][safepoint   ] Safepoint "Cleanup", Time since last: 2002552667 ns, Reaching safepoint: 2325709 ns, At safepoint: 13458 ns, Total: 2339167 ns
[2025-12-03T16:27:20.085+0000][6][gc,start    ] GC(232) Pause Young (Concurrent Start) (G1 Evacuation Pause)
[2025-12-03T16:27:20.085+0000][6][gc,task     ] GC(232) Using 8 workers of 8 for evacuation
[2025-12-03T16:27:20.085+0000][6][gc,age      ] GC(232) Desired survivor size 16777216 bytes, new threshold 15 (max threshold 15)
[2025-12-03T16:27:20.113+0000][6][gc,age      ] GC(232) Age table with threshold 15 (max threshold 15)
[2025-12-03T16:27:20.113+0000][6][gc,age      ] GC(232) - age   1:    2398952 bytes,    2398952 total
[2025-12-03T16:27:20.113+0000][6][gc,age      ] GC(232) - age   2:    1272472 bytes,    3671424 total
[2025-12-03T16:27:20.114+0000][6][gc,age      ] GC(232) - age   3:     221256 bytes,    3892680 total
[2025-12-03T16:27:20.114+0000][6][gc,age      ] GC(232) - age   4:     375408 bytes,    4268088 total
[2025-12-03T16:27:20.114+0000][6][gc,age      ] GC(232) - age   5:      54416 bytes,    4322504 total
[2025-12-03T16:27:20.114+0000][6][gc,age      ] GC(232) - age   6:      83952 bytes,    4406456 total
[2025-12-03T16:27:20.114+0000][6][gc,age      ] GC(232) - age   7:     325544 bytes,    4732000 total
[2025-12-03T16:27:20.114+0000][6][gc,age      ] GC(232) - age   8:      94960 bytes,    4826960 total
[2025-12-03T16:27:20.114+0000][6][gc,age      ] GC(232) - age   9:      86384 bytes,    4913344 total
[2025-12-03T16:27:20.114+0000][6][gc,age      ] GC(232) - age  10:     421008 bytes,    5334352 total
[2025-12-03T16:27:20.114+0000][6][gc,age      ] GC(232) - age  11:      51336 bytes,    5385688 total
[2025-12-03T16:27:20.114+0000][6][gc,age      ] GC(232) - age  12:      32752 bytes,    5418440 total
[2025-12-03T16:27:20.114+0000][6][gc,age      ] GC(232) - age  13:      24448 bytes,    5442888 total
[2025-12-03T16:27:20.114+0000][6][gc,age      ] GC(232) - age  14:      63928 bytes,    5506816 total
[2025-12-03T16:27:20.114+0000][6][gc,age      ] GC(232) - age  15:      25448 bytes,    5532264 total
[2025-12-03T16:27:20.114+0000][6][gc,phases   ] GC(232)   Pre Evacuate Collection Set: 1.8ms
[2025-12-03T16:27:20.115+0000][6][gc,phases   ] GC(232)   Merge Heap Roots: 0.2ms
[2025-12-03T16:27:20.115+0000][6][gc,phases   ] GC(232)   Evacuate Collection Set: 22.4ms
[2025-12-03T16:27:20.115+0000][6][gc,phases   ] GC(232)   Post Evacuate Collection Set: 3.2ms
[2025-12-03T16:27:20.115+0000][6][gc,phases   ] GC(232)   Other: 2.6ms
[2025-12-03T16:27:20.115+0000][6][gc,heap     ] GC(232) Eden regions: 62->0(62)
[2025-12-03T16:27:20.115+0000][6][gc,heap     ] GC(232) Survivor regions: 2->2(8)
[2025-12-03T16:27:20.115+0000][6][gc,heap     ] GC(232) Old regions: 37->37
[2025-12-03T16:27:20.115+0000][6][gc,heap     ] GC(232) Archive regions: 2->2
[2025-12-03T16:27:20.115+0000][6][gc,heap     ] GC(232) Humongous regions: 2->2
[2025-12-03T16:27:20.115+0000][6][gc,metaspace] GC(232) Metaspace: 118224K(119936K)->118224K(119936K) NonClass: 103326K(104320K)->103326K(104320K) Class: 14897K(15616K)->14897K(15616K)
[2025-12-03T16:27:20.115+0000][6][gc          ] GC(232) Pause Young (Concurrent Start) (G1 Evacuation Pause) 413M->165M(512M) 30.786ms
[2025-12-03T16:27:20.115+0000][6][gc,cpu      ] GC(232) User=0.10s Sys=0.00s Real=0.03s
[2025-12-03T16:27:20.116+0000][6][safepoint   ] Safepoint "G1CollectForAllocation", Time since last: 9919203130 ns, Reaching safepoint: 630875 ns, At safepoint: 31193750 ns, Total: 31824625 ns
[2025-12-03T16:27:20.116+0000][6][gc          ] GC(233) Concurrent Mark Cycle
[2025-12-03T16:27:20.116+0000][6][gc,marking  ] GC(233) Concurrent Clear Claimed Marks
[2025-12-03T16:27:20.116+0000][6][gc,marking  ] GC(233) Concurrent Clear Claimed Marks 0.320ms
[2025-12-03T16:27:20.116+0000][6][gc,marking  ] GC(233) Concurrent Scan Root Regions
[2025-12-03T16:27:20.120+0000][6][gc,marking  ] GC(233) Concurrent Scan Root Regions 4.183ms
[2025-12-03T16:27:20.120+0000][6][gc,marking  ] GC(233) Concurrent Mark
[2025-12-03T16:27:20.121+0000][6][gc,marking  ] GC(233) Concurrent Mark From Roots
[2025-12-03T16:27:20.121+0000][6][gc,task     ] GC(233) Using 2 workers of 2 for marking
[2025-12-03T16:27:20.272+0000][6][gc,marking  ] GC(233) Concurrent Mark From Roots 151.576ms
[2025-12-03T16:27:20.272+0000][6][gc,marking  ] GC(233) Concurrent Preclean
[2025-12-03T16:27:20.273+0000][6][gc,marking  ] GC(233) Concurrent Preclean 0.324ms
[2025-12-03T16:27:20.273+0000][6][gc,start    ] GC(233) Pause Remark
[2025-12-03T16:27:20.337+0000][6][gc          ] GC(233) Pause Remark 171M->171M(512M) 64.215ms
[2025-12-03T16:27:20.338+0000][6][gc,cpu      ] GC(233) User=0.45s Sys=0.00s Real=0.06s
[2025-12-03T16:27:20.338+0000][6][safepoint   ] Safepoint "G1Concurrent", Time since last: 157342042 ns, Reaching safepoint: 158250 ns, At safepoint: 64777083 ns, Total: 64935333 ns
[2025-12-03T16:27:20.338+0000][6][gc,marking  ] GC(233) Concurrent Mark 217.487ms
[2025-12-03T16:27:20.338+0000][6][gc,marking  ] GC(233) Concurrent Rebuild Remembered Sets
[2025-12-03T16:27:20.459+0000][6][gc,marking  ] GC(233) Concurrent Rebuild Remembered Sets 121.376ms
[2025-12-03T16:27:20.460+0000][6][gc,start    ] GC(233) Pause Cleanup
[2025-12-03T16:27:20.460+0000][6][gc          ] GC(233) Pause Cleanup 172M->172M(512M) 0.205ms
[2025-12-03T16:27:20.460+0000][6][gc,cpu      ] GC(233) User=0.00s Sys=0.00s Real=0.00s
[2025-12-03T16:27:20.460+0000][6][safepoint   ] Safepoint "G1Concurrent", Time since last: 121821292 ns, Reaching safepoint: 67166 ns, At safepoint: 728667 ns, Total: 795833 ns
[2025-12-03T16:27:20.461+0000][6][gc,marking  ] GC(233) Concurrent Cleanup for Next Mark
[2025-12-03T16:27:20.466+0000][6][gc,marking  ] GC(233) Concurrent Cleanup for Next Mark 5.078ms
[2025-12-03T16:27:20.466+0000][6][gc          ] GC(233) Concurrent Mark Cycle 350.269ms
[2025-12-03T16:27:26.468+0000][6][safepoint   ] Safepoint "Cleanup", Time since last: 6006790253 ns, Reaching safepoint: 629417 ns, At safepoint: 39333 ns, Total: 668750 ns
[2025-12-03T16:27:32.480+0000][6][safepoint   ] Safepoint "Cleanup", Time since last: 6009778169 ns, Reaching safepoint: 872666 ns, At safepoint: 51542 ns, Total: 924208 ns
[2025-12-03T16:27:38.496+0000][6][safepoint   ] Safepoint "Cleanup", Time since last: 6015398920 ns, Reaching safepoint: 355750 ns, At safepoint: 33708 ns, Total: 389458 ns
[2025-12-03T16:27:48.513+0000][6][safepoint   ] Safepoint "Cleanup", Time since last: 10012718463 ns, Reaching safepoint: 4336625 ns, At safepoint: 49375 ns, Total: 4386000 ns
[2025-12-03T16:27:58.995+0000][6][gc,start    ] GC(234) Pause Young (Normal) (G1 Evacuation Pause)
[2025-12-03T16:27:58.997+0000][6][gc,task     ] GC(234) Using 8 workers of 8 for evacuation
[2025-12-03T16:27:58.997+0000][6][gc,age      ] GC(234) Desired survivor size 16777216 bytes, new threshold 15 (max threshold 15)
[2025-12-03T16:27:59.025+0000][6][gc,age      ] GC(234) Age table with threshold 15 (max threshold 15)
[2025-12-03T16:27:59.025+0000][6][gc,age      ] GC(234) - age   1:    2419016 bytes,    2419016 total
[2025-12-03T16:27:59.025+0000][6][gc,age      ] GC(234) - age   2:     783328 bytes,    3202344 total
[2025-12-03T16:27:59.025+0000][6][gc,age      ] GC(234) - age   3:    1118592 bytes,    4320936 total
[2025-12-03T16:27:59.025+0000][6][gc,age      ] GC(234) - age   4:     219784 bytes,    4540720 total
[2025-12-03T16:27:59.025+0000][6][gc,age      ] GC(234) - age   5:     375024 bytes,    4915744 total
[2025-12-03T16:27:59.025+0000][6][gc,age      ] GC(234) - age   6:      54224 bytes,    4969968 total
[2025-12-03T16:27:59.025+0000][6][gc,age      ] GC(234) - age   7:      64984 bytes,    5034952 total
[2025-12-03T16:27:59.025+0000][6][gc,age      ] GC(234) - age   8:     121368 bytes,    5156320 total
[2025-12-03T16:27:59.025+0000][6][gc,age      ] GC(234) - age   9:      94960 bytes,    5251280 total
[2025-12-03T16:27:59.025+0000][6][gc,age      ] GC(234) - age  10:      86320 bytes,    5337600 total
[2025-12-03T16:27:59.025+0000][6][gc,age      ] GC(234) - age  11:     414816 bytes,    5752416 total
[2025-12-03T16:27:59.025+0000][6][gc,age      ] GC(234) - age  12:      51336 bytes,    5803752 total
[2025-12-03T16:27:59.025+0000][6][gc,age      ] GC(234) - age  13:      32752 bytes,    5836504 total
[2025-12-03T16:27:59.025+0000][6][gc,age      ] GC(234) - age  14:      24448 bytes,    5860952 total
[2025-12-03T16:27:59.026+0000][6][gc,age      ] GC(234) - age  15:      63928 bytes,    5924880 total
[2025-12-03T16:27:59.026+0000][6][gc,phases   ] GC(234)   Pre Evacuate Collection Set: 0.3ms
[2025-12-03T16:27:59.026+0000][6][gc,phases   ] GC(234)   Merge Heap Roots: 0.3ms
[2025-12-03T16:27:59.026+0000][6][gc,phases   ] GC(234)   Evacuate Collection Set: 22.1ms
[2025-12-03T16:27:59.026+0000][6][gc,phases   ] GC(234)   Post Evacuate Collection Set: 4.6ms
[2025-12-03T16:27:59.026+0000][6][gc,phases   ] GC(234)   Other: 3.7ms
[2025-12-03T16:27:59.026+0000][6][gc,heap     ] GC(234) Eden regions: 62->0(62)
[2025-12-03T16:27:59.026+0000][6][gc,heap     ] GC(234) Survivor regions: 2->2(8)
[2025-12-03T16:27:59.026+0000][6][gc,heap     ] GC(234) Old regions: 37->37
[2025-12-03T16:27:59.026+0000][6][gc,heap     ] GC(234) Archive regions: 2->2
[2025-12-03T16:27:59.026+0000][6][gc,heap     ] GC(234) Humongous regions: 2->2
[2025-12-03T16:27:59.026+0000][6][gc,metaspace] GC(234) Metaspace: 118224K(119936K)->118224K(119936K) NonClass: 103326K(104320K)->103326K(104320K) Class: 14897K(15616K)->14897K(15616K)
[2025-12-03T16:27:59.026+0000][6][gc          ] GC(234) Pause Young (Normal) (G1 Evacuation Pause) 413M->165M(512M) 31.603ms
[2025-12-03T16:27:59.026+0000][6][gc,cpu      ] GC(234) User=0.15s Sys=0.00s Real=0.03s
[2025-12-03T16:27:59.027+0000][6][safepoint   ] Safepoint "G1CollectForAllocation", Time since last: 10481712963 ns, Reaching safepoint: 187209 ns, At safepoint: 31911041 ns, Total: 32098250 ns
[2025-12-03T16:28:10.044+0000][6][safepoint   ] Safepoint "Cleanup", Time since last: 11015854505 ns, Reaching safepoint: 408667 ns, At safepoint: 23291 ns, Total: 431958 ns
[2025-12-03T16:28:20.062+0000][6][safepoint   ] Safepoint "Cleanup", Time since last: 10017000880 ns, Reaching safepoint: 1160334 ns, At safepoint: 5375 ns, Total: 1165709 ns
[2025-12-03T16:28:35.127+0000][6][gc,start    ] GC(235) Pause Young (Concurrent Start) (G1 Evacuation Pause)
[2025-12-03T16:28:35.128+0000][6][gc,task     ] GC(235) Using 8 workers of 8 for evacuation
[2025-12-03T16:28:35.128+0000][6][gc,age      ] GC(235) Desired survivor size 16777216 bytes, new threshold 15 (max threshold 15)
[2025-12-03T16:28:35.138+0000][6][gc,age      ] GC(235) Age table with threshold 15 (max threshold 15)
[2025-12-03T16:28:35.138+0000][6][gc,age      ] GC(235) - age   1:    2910360 bytes,    2910360 total
[2025-12-03T16:28:35.138+0000][6][gc,age      ] GC(235) - age   2:     287096 bytes,    3197456 total
[2025-12-03T16:28:35.138+0000][6][gc,age      ] GC(235) - age   3:     777072 bytes,    3974528 total
[2025-12-03T16:28:35.138+0000][6][gc,age      ] GC(235) - age   4:     625720 bytes,    4600248 total
[2025-12-03T16:28:35.138+0000][6][gc,age      ] GC(235) - age   5:     219752 bytes,    4820000 total
[2025-12-03T16:28:35.138+0000][6][gc,age      ] GC(235) - age   6:     375024 bytes,    5195024 total
[2025-12-03T16:28:35.138+0000][6][gc,age      ] GC(235) - age   7:      54224 bytes,    5249248 total
[2025-12-03T16:28:35.138+0000][6][gc,age      ] GC(235) - age   8:      26952 bytes,    5276200 total
[2025-12-03T16:28:35.138+0000][6][gc,age      ] GC(235) - age   9:     121368 bytes,    5397568 total
[2025-12-03T16:28:35.138+0000][6][gc,age      ] GC(235) - age  10:      94960 bytes,    5492528 total
[2025-12-03T16:28:35.138+0000][6][gc,age      ] GC(235) - age  11:      70072 bytes,    5562600 total
[2025-12-03T16:28:35.138+0000][6][gc,age      ] GC(235) - age  12:     414512 bytes,    5977112 total
[2025-12-03T16:28:35.138+0000][6][gc,age      ] GC(235) - age  13:      51336 bytes,    6028448 total
[2025-12-03T16:28:35.138+0000][6][gc,age      ] GC(235) - age  14:      32752 bytes,    6061200 total
[2025-12-03T16:28:35.138+0000][6][gc,age      ] GC(235) - age  15:      24448 bytes,    6085648 total
[2025-12-03T16:28:35.139+0000][6][gc,phases   ] GC(235)   Pre Evacuate Collection Set: 1.5ms
[2025-12-03T16:28:35.139+0000][6][gc,phases   ] GC(235)   Merge Heap Roots: 0.1ms
[2025-12-03T16:28:35.139+0000][6][gc,phases   ] GC(235)   Evacuate Collection Set: 6.4ms
[2025-12-03T16:28:35.139+0000][6][gc,phases   ] GC(235)   Post Evacuate Collection Set: 1.6ms
[2025-12-03T16:28:35.139+0000][6][gc,phases   ] GC(235)   Other: 2.0ms
[2025-12-03T16:28:35.139+0000][6][gc,heap     ] GC(235) Eden regions: 62->0(62)
[2025-12-03T16:28:35.139+0000][6][gc,heap     ] GC(235) Survivor regions: 2->2(8)
[2025-12-03T16:28:35.139+0000][6][gc,heap     ] GC(235) Old regions: 37->37
[2025-12-03T16:28:35.139+0000][6][gc,heap     ] GC(235) Archive regions: 2->2
[2025-12-03T16:28:35.139+0000][6][gc,heap     ] GC(235) Humongous regions: 2->2
[2025-12-03T16:28:35.139+0000][6][gc,metaspace] GC(235) Metaspace: 118224K(119936K)->118224K(119936K) NonClass: 103326K(104320K)->103326K(104320K) Class: 14897K(15616K)->14897K(15616K)
[2025-12-03T16:28:35.139+0000][6][gc          ] GC(235) Pause Young (Concurrent Start) (G1 Evacuation Pause) 413M->166M(512M) 11.942ms
[2025-12-03T16:28:35.139+0000][6][gc,cpu      ] GC(235) User=0.06s Sys=0.00s Real=0.01s
[2025-12-03T16:28:35.139+0000][6][safepoint   ] Safepoint "G1CollectForAllocation", Time since last: 15064623548 ns, Reaching safepoint: 299333 ns, At safepoint: 12202167 ns, Total: 12501500 ns
[2025-12-03T16:28:35.139+0000][6][gc          ] GC(236) Concurrent Mark Cycle
[2025-12-03T16:28:35.139+0000][6][gc,marking  ] GC(236) Concurrent Clear Claimed Marks
[2025-12-03T16:28:35.139+0000][6][gc,marking  ] GC(236) Concurrent Clear Claimed Marks 0.135ms
[2025-12-03T16:28:35.139+0000][6][gc,marking  ] GC(236) Concurrent Scan Root Regions
[2025-12-03T16:28:35.143+0000][6][gc,marking  ] GC(236) Concurrent Scan Root Regions 3.194ms
[2025-12-03T16:28:35.143+0000][6][gc,marking  ] GC(236) Concurrent Mark
[2025-12-03T16:28:35.143+0000][6][gc,marking  ] GC(236) Concurrent Mark From Roots
[2025-12-03T16:28:35.143+0000][6][gc,task     ] GC(236) Using 2 workers of 2 for marking
[2025-12-03T16:28:35.211+0000][6][gc,marking  ] GC(236) Concurrent Mark From Roots 67.935ms
[2025-12-03T16:28:35.211+0000][6][gc,marking  ] GC(236) Concurrent Preclean
[2025-12-03T16:28:35.211+0000][6][gc,marking  ] GC(236) Concurrent Preclean 0.230ms
[2025-12-03T16:28:35.211+0000][6][gc,start    ] GC(236) Pause Remark
[2025-12-03T16:28:35.243+0000][6][gc          ] GC(236) Pause Remark 168M->168M(512M) 31.623ms
[2025-12-03T16:28:35.243+0000][6][gc,cpu      ] GC(236) User=0.20s Sys=0.00s Real=0.03s
[2025-12-03T16:28:35.243+0000][6][safepoint   ] Safepoint "G1Concurrent", Time since last: 71921917 ns, Reaching safepoint: 56625 ns, At safepoint: 31968000 ns, Total: 32024625 ns
[2025-12-03T16:28:35.243+0000][6][gc,marking  ] GC(236) Concurrent Mark 100.490ms
[2025-12-03T16:28:35.243+0000][6][gc,marking  ] GC(236) Concurrent Rebuild Remembered Sets
[2025-12-03T16:28:35.273+0000][6][gc,marking  ] GC(236) Concurrent Rebuild Remembered Sets 29.400ms
[2025-12-03T16:28:35.273+0000][6][gc,start    ] GC(236) Pause Cleanup
[2025-12-03T16:28:35.273+0000][6][gc          ] GC(236) Pause Cleanup 168M->168M(512M) 0.144ms
[2025-12-03T16:28:35.273+0000][6][gc,cpu      ] GC(236) User=0.00s Sys=0.00s Real=0.00s
[2025-12-03T16:28:35.273+0000][6][safepoint   ] Safepoint "G1Concurrent", Time since last: 29684083 ns, Reaching safepoint: 67667 ns, At safepoint: 276916 ns, Total: 344583 ns
[2025-12-03T16:28:35.273+0000][6][gc,marking  ] GC(236) Concurrent Cleanup for Next Mark
[2025-12-03T16:28:35.274+0000][6][gc,marking  ] GC(236) Concurrent Cleanup for Next Mark 1.292ms
[2025-12-03T16:28:35.275+0000][6][gc          ] GC(236) Concurrent Mark Cycle 135.379ms
[2025-12-03T16:28:41.289+0000][6][safepoint   ] Safepoint "Cleanup", Time since last: 6015188295 ns, Reaching safepoint: 317042 ns, At safepoint: 34500 ns, Total: 351542 ns
[2025-12-03T16:28:53.317+0000][6][safepoint   ] Safepoint "Cleanup", Time since last: 12025063922 ns, Reaching safepoint: 2746333 ns, At safepoint: 54500 ns, Total: 2800833 ns
[2025-12-03T16:29:12.085+0000][6][gc,start    ] GC(237) Pause Young (Normal) (G1 Evacuation Pause)
[2025-12-03T16:29:12.086+0000][6][gc,task     ] GC(237) Using 8 workers of 8 for evacuation
[2025-12-03T16:29:12.086+0000][6][gc,age      ] GC(237) Desired survivor size 16777216 bytes, new threshold 15 (max threshold 15)
[2025-12-03T16:29:12.097+0000][6][gc,age      ] GC(237) Age table with threshold 15 (max threshold 15)
[2025-12-03T16:29:12.097+0000][6][gc,age      ] GC(237) - age   1:     985584 bytes,     985584 total
[2025-12-03T16:29:12.097+0000][6][gc,age      ] GC(237) - age   2:     594128 bytes,    1579712 total
[2025-12-03T16:29:12.097+0000][6][gc,age      ] GC(237) - age   3:     280680 bytes,    1860392 total
[2025-12-03T16:29:12.097+0000][6][gc,age      ] GC(237) - age   4:     775496 bytes,    2635888 total
[2025-12-03T16:29:12.097+0000][6][gc,age      ] GC(237) - age   5:     625496 bytes,    3261384 total
[2025-12-03T16:29:12.097+0000][6][gc,age      ] GC(237) - age   6:     219624 bytes,    3481008 total
[2025-12-03T16:29:12.097+0000][6][gc,age      ] GC(237) - age   7:     374696 bytes,    3855704 total
[2025-12-03T16:29:12.097+0000][6][gc,age      ] GC(237) - age   8:      53840 bytes,    3909544 total
[2025-12-03T16:29:12.097+0000][6][gc,age      ] GC(237) - age   9:      26952 bytes,    3936496 total
[2025-12-03T16:29:12.098+0000][6][gc,age      ] GC(237) - age  10:     121368 bytes,    4057864 total
[2025-12-03T16:29:12.098+0000][6][gc,age      ] GC(237) - age  11:      94960 bytes,    4152824 total
[2025-12-03T16:29:12.098+0000][6][gc,age      ] GC(237) - age  12:      70072 bytes,    4222896 total
[2025-12-03T16:29:12.098+0000][6][gc,age      ] GC(237) - age  13:     414512 bytes,    4637408 total
[2025-12-03T16:29:12.098+0000][6][gc,age      ] GC(237) - age  14:      51336 bytes,    4688744 total
[2025-12-03T16:29:12.098+0000][6][gc,age      ] GC(237) - age  15:      32752 bytes,    4721496 total
[2025-12-03T16:29:12.098+0000][6][gc,phases   ] GC(237)   Pre Evacuate Collection Set: 0.3ms
[2025-12-03T16:29:12.098+0000][6][gc,phases   ] GC(237)   Merge Heap Roots: 0.2ms
[2025-12-03T16:29:12.098+0000][6][gc,phases   ] GC(237)   Evacuate Collection Set: 7.8ms
[2025-12-03T16:29:12.098+0000][6][gc,phases   ] GC(237)   Post Evacuate Collection Set: 2.1ms
[2025-12-03T16:29:12.098+0000][6][gc,phases   ] GC(237)   Other: 2.2ms
[2025-12-03T16:29:12.098+0000][6][gc,heap     ] GC(237) Eden regions: 62->0(63)
[2025-12-03T16:29:12.098+0000][6][gc,heap     ] GC(237) Survivor regions: 2->2(8)
[2025-12-03T16:29:12.098+0000][6][gc,heap     ] GC(237) Old regions: 37->37
[2025-12-03T16:29:12.099+0000][6][gc,heap     ] GC(237) Archive regions: 2->2
[2025-12-03T16:29:12.099+0000][6][gc,heap     ] GC(237) Humongous regions: 2->2
[2025-12-03T16:29:12.099+0000][6][gc,metaspace] GC(237) Metaspace: 118227K(119936K)->118227K(119936K) NonClass: 103329K(104320K)->103329K(104320K) Class: 14897K(15616K)->14897K(15616K)
[2025-12-03T16:29:12.099+0000][6][gc          ] GC(237) Pause Young (Normal) (G1 Evacuation Pause) 414M->165M(512M) 13.311ms
[2025-12-03T16:29:12.099+0000][6][gc,cpu      ] GC(237) User=0.07s Sys=0.00s Real=0.02s
[2025-12-03T16:29:12.099+0000][6][safepoint   ] Safepoint "G1CollectForAllocation", Time since last: 18767460050 ns, Reaching safepoint: 271167 ns, At safepoint: 13564958 ns, Total: 13836125 ns
[2025-12-03T16:29:21.111+0000][6][safepoint   ] Safepoint "Cleanup", Time since last: 9011452463 ns, Reaching safepoint: 327791 ns, At safepoint: 29209 ns, Total: 357000 ns
[2025-12-03T16:29:50.050+0000][6][gc,start    ] GC(238) Pause Young (Concurrent Start) (G1 Evacuation Pause)
[2025-12-03T16:29:50.052+0000][6][gc,task     ] GC(238) Using 8 workers of 8 for evacuation
[2025-12-03T16:29:50.052+0000][6][gc,age      ] GC(238) Desired survivor size 18874368 bytes, new threshold 15 (max threshold 15)
[2025-12-03T16:29:50.075+0000][6][gc,age      ] GC(238) Age table with threshold 15 (max threshold 15)
[2025-12-03T16:29:50.075+0000][6][gc,age      ] GC(238) - age   1:    1752224 bytes,    1752224 total
[2025-12-03T16:29:50.075+0000][6][gc,age      ] GC(238) - age   2:      31912 bytes,    1784136 total
[2025-12-03T16:29:50.075+0000][6][gc,age      ] GC(238) - age   3:     589056 bytes,    2373192 total
[2025-12-03T16:29:50.075+0000][6][gc,age      ] GC(238) - age   4:     279440 bytes,    2652632 total
[2025-12-03T16:29:50.075+0000][6][gc,age      ] GC(238) - age   5:     774888 bytes,    3427520 total
[2025-12-03T16:29:50.075+0000][6][gc,age      ] GC(238) - age   6:     625240 bytes,    4052760 total
[2025-12-03T16:29:50.075+0000][6][gc,age      ] GC(238) - age   7:     219472 bytes,    4272232 total
[2025-12-03T16:29:50.075+0000][6][gc,age      ] GC(238) - age   8:     374504 bytes,    4646736 total
[2025-12-03T16:29:50.075+0000][6][gc,age      ] GC(238) - age   9:      53544 bytes,    4700280 total
[2025-12-03T16:29:50.075+0000][6][gc,age      ] GC(238) - age  10:      26952 bytes,    4727232 total
[2025-12-03T16:29:50.075+0000][6][gc,age      ] GC(238) - age  11:     121368 bytes,    4848600 total
[2025-12-03T16:29:50.075+0000][6][gc,age      ] GC(238) - age  12:      94960 bytes,    4943560 total
[2025-12-03T16:29:50.076+0000][6][gc,age      ] GC(238) - age  13:      70072 bytes,    5013632 total
[2025-12-03T16:29:50.076+0000][6][gc,age      ] GC(238) - age  14:     414512 bytes,    5428144 total
[2025-12-03T16:29:50.076+0000][6][gc,age      ] GC(238) - age  15:      51336 bytes,    5479480 total
[2025-12-03T16:29:50.076+0000][6][gc,phases   ] GC(238)   Pre Evacuate Collection Set: 3.1ms
[2025-12-03T16:29:50.076+0000][6][gc,phases   ] GC(238)   Merge Heap Roots: 0.2ms
[2025-12-03T16:29:50.076+0000][6][gc,phases   ] GC(238)   Evacuate Collection Set: 12.8ms
[2025-12-03T16:29:50.076+0000][6][gc,phases   ] GC(238)   Post Evacuate Collection Set: 6.2ms
[2025-12-03T16:29:50.076+0000][6][gc,phases   ] GC(238)   Other: 3.8ms
[2025-12-03T16:29:50.076+0000][6][gc,heap     ] GC(238) Eden regions: 63->0(63)
[2025-12-03T16:29:50.076+0000][6][gc,heap     ] GC(238) Survivor regions: 2->2(9)
[2025-12-03T16:29:50.076+0000][6][gc,heap     ] GC(238) Old regions: 37->37
[2025-12-03T16:29:50.076+0000][6][gc,heap     ] GC(238) Archive regions: 2->2
[2025-12-03T16:29:50.076+0000][6][gc,heap     ] GC(238) Humongous regions: 2->2
[2025-12-03T16:29:50.076+0000][6][gc,metaspace] GC(238) Metaspace: 118230K(119936K)->118230K(119936K) NonClass: 103332K(104320K)->103332K(104320K) Class: 14897K(15616K)->14897K(15616K)
[2025-12-03T16:29:50.076+0000][6][gc          ] GC(238) Pause Young (Concurrent Start) (G1 Evacuation Pause) 417M->165M(512M) 26.556ms
[2025-12-03T16:29:50.077+0000][6][gc,cpu      ] GC(238) User=0.13s Sys=0.00s Real=0.02s
[2025-12-03T16:29:50.077+0000][6][safepoint   ] Safepoint "G1CollectForAllocation", Time since last: 28937224805 ns, Reaching safepoint: 853833 ns, At safepoint: 27073500 ns, Total: 27927333 ns
[2025-12-03T16:29:50.077+0000][6][gc          ] GC(239) Concurrent Mark Cycle
[2025-12-03T16:29:50.078+0000][6][gc,marking  ] GC(239) Concurrent Clear Claimed Marks
[2025-12-03T16:29:50.078+0000][6][gc,marking  ] GC(239) Concurrent Clear Claimed Marks 0.306ms
[2025-12-03T16:29:50.078+0000][6][gc,marking  ] GC(239) Concurrent Scan Root Regions
[2025-12-03T16:29:50.086+0000][6][gc,marking  ] GC(239) Concurrent Scan Root Regions 7.719ms
[2025-12-03T16:29:50.086+0000][6][gc,marking  ] GC(239) Concurrent Mark
[2025-12-03T16:29:50.086+0000][6][gc,marking  ] GC(239) Concurrent Mark From Roots
[2025-12-03T16:29:50.086+0000][6][gc,task     ] GC(239) Using 2 workers of 2 for marking
[2025-12-03T16:29:50.151+0000][6][gc,marking  ] GC(239) Concurrent Mark From Roots 64.942ms
[2025-12-03T16:29:50.151+0000][6][gc,marking  ] GC(239) Concurrent Preclean
[2025-12-03T16:29:50.151+0000][6][gc,marking  ] GC(239) Concurrent Preclean 0.216ms
[2025-12-03T16:29:50.151+0000][6][gc,start    ] GC(239) Pause Remark
[2025-12-03T16:29:50.170+0000][6][gc          ] GC(239) Pause Remark 176M->176M(512M) 18.336ms
[2025-12-03T16:29:50.170+0000][6][gc,cpu      ] GC(239) User=0.14s Sys=0.00s Real=0.02s
[2025-12-03T16:29:50.170+0000][6][safepoint   ] Safepoint "G1Concurrent", Time since last: 74713708 ns, Reaching safepoint: 114792 ns, At safepoint: 18530292 ns, Total: 18645084 ns
[2025-12-03T16:29:50.170+0000][6][gc,marking  ] GC(239) Concurrent Mark 84.124ms
[2025-12-03T16:29:50.170+0000][6][gc,marking  ] GC(239) Concurrent Rebuild Remembered Sets
[2025-12-03T16:29:50.199+0000][6][gc,marking  ] GC(239) Concurrent Rebuild Remembered Sets 28.459ms
[2025-12-03T16:29:50.199+0000][6][gc,start    ] GC(239) Pause Cleanup
[2025-12-03T16:29:50.199+0000][6][gc          ] GC(239) Pause Cleanup 177M->177M(512M) 0.170ms
[2025-12-03T16:29:50.199+0000][6][gc,cpu      ] GC(239) User=0.00s Sys=0.00s Real=0.00s
[2025-12-03T16:29:50.199+0000][6][safepoint   ] Safepoint "G1Concurrent", Time since last: 28731875 ns, Reaching safepoint: 47083 ns, At safepoint: 297708 ns, Total: 344791 ns
[2025-12-03T16:29:50.199+0000][6][gc,marking  ] GC(239) Concurrent Cleanup for Next Mark
[2025-12-03T16:29:50.201+0000][6][gc,marking  ] GC(239) Concurrent Cleanup for Next Mark 1.399ms
[2025-12-03T16:29:50.201+0000][6][gc          ] GC(239) Concurrent Mark Cycle 123.832ms
[2025-12-03T16:29:53.202+0000][6][safepoint   ] Safepoint "Cleanup", Time since last: 3003305210 ns, Reaching safepoint: 53875 ns, At safepoint: 2625 ns, Total: 56500 ns
[2025-12-03T16:30:00.211+0000][6][safepoint   ] Safepoint "Cleanup", Time since last: 7008721462 ns, Reaching safepoint: 129500 ns, At safepoint: 28833 ns, Total: 158333 ns
[2025-12-03T16:30:01.213+0000][6][safepoint   ] Safepoint "Cleanup", Time since last: 1000784209 ns, Reaching safepoint: 72541 ns, At safepoint: 7250 ns, Total: 79791 ns
[2025-12-03T16:30:02.215+0000][6][safepoint   ] Safepoint "Cleanup", Time since last: 1001409251 ns, Reaching safepoint: 127291 ns, At safepoint: 3875 ns, Total: 131166 ns
[2025-12-03T16:30:08.227+0000][6][safepoint   ] Safepoint "Cleanup", Time since last: 6011898212 ns, Reaching safepoint: 85250 ns, At safepoint: 4166 ns, Total: 89416 ns
[2025-12-03T16:30:09.228+0000][6][safepoint   ] Safepoint "Cleanup", Time since last: 1000595584 ns, Reaching safepoint: 301458 ns, At safepoint: 14625 ns, Total: 316083 ns
[2025-12-03T16:30:20.314+0000][6][safepoint   ] Safepoint "Cleanup", Time since last: 11084521297 ns, Reaching safepoint: 1264625 ns, At safepoint: 51792 ns, Total: 1316417 ns
[2025-12-03T16:30:26.716+0000][6][gc,start    ] GC(240) Pause Young (Normal) (G1 Evacuation Pause)
[2025-12-03T16:30:26.716+0000][6][gc,task     ] GC(240) Using 8 workers of 8 for evacuation
[2025-12-03T16:30:26.716+0000][6][gc,age      ] GC(240) Desired survivor size 18874368 bytes, new threshold 15 (max threshold 15)
[2025-12-03T16:30:26.727+0000][6][gc,age      ] GC(240) Age table with threshold 15 (max threshold 15)
[2025-12-03T16:30:26.727+0000][6][gc,age      ] GC(240) - age   1:    3189544 bytes,    3189544 total
[2025-12-03T16:30:26.727+0000][6][gc,age      ] GC(240) - age   2:     143736 bytes,    3333280 total
[2025-12-03T16:30:26.727+0000][6][gc,age      ] GC(240) - age   3:      28648 bytes,    3361928 total
[2025-12-03T16:30:26.727+0000][6][gc,age      ] GC(240) - age   4:     588144 bytes,    3950072 total
[2025-12-03T16:30:26.727+0000][6][gc,age      ] GC(240) - age   5:     278816 bytes,    4228888 total
[2025-12-03T16:30:26.727+0000][6][gc,age      ] GC(240) - age   6:     774664 bytes,    5003552 total
[2025-12-03T16:30:26.727+0000][6][gc,age      ] GC(240) - age   7:     625112 bytes,    5628664 total
[2025-12-03T16:30:26.727+0000][6][gc,age      ] GC(240) - age   8:     219472 bytes,    5848136 total
[2025-12-03T16:30:26.727+0000][6][gc,age      ] GC(240) - age   9:     361144 bytes,    6209280 total
[2025-12-03T16:30:26.727+0000][6][gc,age      ] GC(240) - age  10:      53544 bytes,    6262824 total
[2025-12-03T16:30:26.727+0000][6][gc,age      ] GC(240) - age  11:      26952 bytes,    6289776 total
[2025-12-03T16:30:26.727+0000][6][gc,age      ] GC(240) - age  12:     121368 bytes,    6411144 total
[2025-12-03T16:30:26.727+0000][6][gc,age      ] GC(240) - age  13:      94960 bytes,    6506104 total
[2025-12-03T16:30:26.727+0000][6][gc,age      ] GC(240) - age  14:      69392 bytes,    6575496 total
[2025-12-03T16:30:26.727+0000][6][gc,age      ] GC(240) - age  15:     410888 bytes,    6986384 total
[2025-12-03T16:30:26.728+0000][6][gc,phases   ] GC(240)   Pre Evacuate Collection Set: 0.2ms
[2025-12-03T16:30:26.728+0000][6][gc,phases   ] GC(240)   Merge Heap Roots: 0.2ms
[2025-12-03T16:30:26.728+0000][6][gc,phases   ] GC(240)   Evacuate Collection Set: 8.0ms
[2025-12-03T16:30:26.728+0000][6][gc,phases   ] GC(240)   Post Evacuate Collection Set: 2.0ms
[2025-12-03T16:30:26.728+0000][6][gc,phases   ] GC(240)   Other: 1.4ms
[2025-12-03T16:30:26.728+0000][6][gc,heap     ] GC(240) Eden regions: 63->0(62)
[2025-12-03T16:30:26.728+0000][6][gc,heap     ] GC(240) Survivor regions: 2->2(9)
[2025-12-03T16:30:26.728+0000][6][gc,heap     ] GC(240) Old regions: 37->37
[2025-12-03T16:30:26.728+0000][6][gc,heap     ] GC(240) Archive regions: 2->2
[2025-12-03T16:30:26.728+0000][6][gc,heap     ] GC(240) Humongous regions: 2->2
[2025-12-03T16:30:26.728+0000][6][gc,metaspace] GC(240) Metaspace: 118234K(119936K)->118234K(119936K) NonClass: 103336K(104320K)->103336K(104320K) Class: 14897K(15616K)->14897K(15616K)
[2025-12-03T16:30:26.728+0000][6][gc          ] GC(240) Pause Young (Normal) (G1 Evacuation Pause) 417M->166M(512M) 12.246ms
[2025-12-03T16:30:26.728+0000][6][gc,cpu      ] GC(240) User=0.07s Sys=0.01s Real=0.01s
[2025-12-03T16:30:26.728+0000][6][safepoint   ] Safepoint "G1CollectForAllocation", Time since last: 6402093420 ns, Reaching safepoint: 65708 ns, At safepoint: 12416792 ns, Total: 12482500 ns
[2025-12-03T16:30:38.802+0000][6][safepoint   ] Safepoint "Cleanup", Time since last: 12071627671 ns, Reaching safepoint: 539208 ns, At safepoint: 13667 ns, Total: 552875 ns
[2025-12-03T16:30:39.805+0000][6][safepoint   ] Safepoint "Cleanup", Time since last: 1002331376 ns, Reaching safepoint: 1180458 ns, At safepoint: 9208 ns, Total: 1189666 ns
[2025-12-03T16:30:42.852+0000][6][safepoint   ] Safepoint "Cleanup", Time since last: 3046508210 ns, Reaching safepoint: 420833 ns, At safepoint: 18167 ns, Total: 439000 ns
[2025-12-03T16:30:44.856+0000][6][safepoint   ] Safepoint "Cleanup", Time since last: 2002733584 ns, Reaching safepoint: 887334 ns, At safepoint: 136666 ns, Total: 1024000 ns
[2025-12-03T16:30:50.878+0000][6][safepoint   ] Safepoint "Cleanup", Time since last: 6021824212 ns, Reaching safepoint: 481583 ns, At safepoint: 24375 ns, Total: 505958 ns
[2025-12-03T16:31:03.899+0000][6][safepoint   ] Safepoint "Cleanup", Time since last: 13019617338 ns, Reaching safepoint: 530042 ns, At safepoint: 18708 ns, Total: 548750 ns
[2025-12-03T16:31:05.085+0000][6][gc,start    ] GC(241) Pause Young (Concurrent Start) (G1 Evacuation Pause)
[2025-12-03T16:31:05.085+0000][6][gc,task     ] GC(241) Using 8 workers of 8 for evacuation
[2025-12-03T16:31:05.085+0000][6][gc,age      ] GC(241) Desired survivor size 16777216 bytes, new threshold 15 (max threshold 15)
[2025-12-03T16:31:05.097+0000][6][gc,age      ] GC(241) Age table with threshold 15 (max threshold 15)
[2025-12-03T16:31:05.097+0000][6][gc,age      ] GC(241) - age   1:    1655464 bytes,    1655464 total
[2025-12-03T16:31:05.097+0000][6][gc,age      ] GC(241) - age   2:     147744 bytes,    1803208 total
[2025-12-03T16:31:05.097+0000][6][gc,age      ] GC(241) - age   3:     138664 bytes,    1941872 total
[2025-12-03T16:31:05.097+0000][6][gc,age      ] GC(241) - age   4:      27552 bytes,    1969424 total
[2025-12-03T16:31:05.097+0000][6][gc,age      ] GC(241) - age   5:      96064 bytes,    2065488 total
[2025-12-03T16:31:05.097+0000][6][gc,age      ] GC(241) - age   6:     278624 bytes,    2344112 total
[2025-12-03T16:31:05.097+0000][6][gc,age      ] GC(241) - age   7:     774664 bytes,    3118776 total
[2025-12-03T16:31:05.097+0000][6][gc,age      ] GC(241) - age   8:     625080 bytes,    3743856 total
[2025-12-03T16:31:05.097+0000][6][gc,age      ] GC(241) - age   9:     219440 bytes,    3963296 total
[2025-12-03T16:31:05.097+0000][6][gc,age      ] GC(241) - age  10:     353992 bytes,    4317288 total
[2025-12-03T16:31:05.097+0000][6][gc,age      ] GC(241) - age  11:      53448 bytes,    4370736 total
[2025-12-03T16:31:05.097+0000][6][gc,age      ] GC(241) - age  12:      26952 bytes,    4397688 total
[2025-12-03T16:31:05.097+0000][6][gc,age      ] GC(241) - age  13:     121368 bytes,    4519056 total
[2025-12-03T16:31:05.097+0000][6][gc,age      ] GC(241) - age  14:      94896 bytes,    4613952 total
[2025-12-03T16:31:05.097+0000][6][gc,age      ] GC(241) - age  15:      69360 bytes,    4683312 total
[2025-12-03T16:31:05.097+0000][6][gc,phases   ] GC(241)   Pre Evacuate Collection Set: 1.5ms
[2025-12-03T16:31:05.097+0000][6][gc,phases   ] GC(241)   Merge Heap Roots: 0.1ms
[2025-12-03T16:31:05.097+0000][6][gc,phases   ] GC(241)   Evacuate Collection Set: 8.4ms
[2025-12-03T16:31:05.097+0000][6][gc,phases   ] GC(241)   Post Evacuate Collection Set: 1.5ms
[2025-12-03T16:31:05.098+0000][6][gc,phases   ] GC(241)   Other: 1.3ms
[2025-12-03T16:31:05.098+0000][6][gc,heap     ] GC(241) Eden regions: 62->0(62)
[2025-12-03T16:31:05.098+0000][6][gc,heap     ] GC(241) Survivor regions: 2->2(8)
[2025-12-03T16:31:05.098+0000][6][gc,heap     ] GC(241) Old regions: 37->38
[2025-12-03T16:31:05.098+0000][6][gc,heap     ] GC(241) Archive regions: 2->2
[2025-12-03T16:31:05.098+0000][6][gc,heap     ] GC(241) Humongous regions: 2->2
[2025-12-03T16:31:05.098+0000][6][gc,metaspace] GC(241) Metaspace: 118234K(119936K)->118234K(119936K) NonClass: 103336K(104320K)->103336K(104320K) Class: 14897K(15616K)->14897K(15616K)
[2025-12-03T16:31:05.098+0000][6][gc          ] GC(241) Pause Young (Concurrent Start) (G1 Evacuation Pause) 414M->165M(512M) 13.114ms
[2025-12-03T16:31:05.098+0000][6][gc,cpu      ] GC(241) User=0.05s Sys=0.01s Real=0.01s
[2025-12-03T16:31:05.098+0000][6][safepoint   ] Safepoint "G1CollectForAllocation", Time since last: 1185588501 ns, Reaching safepoint: 179125 ns, At safepoint: 13280125 ns, Total: 13459250 ns
[2025-12-03T16:31:05.098+0000][6][gc          ] GC(242) Concurrent Mark Cycle
[2025-12-03T16:31:05.098+0000][6][gc,marking  ] GC(242) Concurrent Clear Claimed Marks
[2025-12-03T16:31:05.098+0000][6][gc,marking  ] GC(242) Concurrent Clear Claimed Marks 0.140ms
[2025-12-03T16:31:05.098+0000][6][gc,marking  ] GC(242) Concurrent Scan Root Regions
[2025-12-03T16:31:05.103+0000][6][gc,marking  ] GC(242) Concurrent Scan Root Regions 4.799ms
[2025-12-03T16:31:05.103+0000][6][gc,marking  ] GC(242) Concurrent Mark
[2025-12-03T16:31:05.103+0000][6][gc,marking  ] GC(242) Concurrent Mark From Roots
[2025-12-03T16:31:05.103+0000][6][gc,task     ] GC(242) Using 2 workers of 2 for marking
[2025-12-03T16:31:05.155+0000][6][gc,marking  ] GC(242) Concurrent Mark From Roots 52.142ms
[2025-12-03T16:31:05.155+0000][6][gc,marking  ] GC(242) Concurrent Preclean
[2025-12-03T16:31:05.156+0000][6][gc,marking  ] GC(242) Concurrent Preclean 0.219ms
[2025-12-03T16:31:05.156+0000][6][gc,start    ] GC(242) Pause Remark
[2025-12-03T16:31:05.176+0000][6][gc          ] GC(242) Pause Remark 170M->170M(512M) 20.121ms
[2025-12-03T16:31:05.176+0000][6][gc,cpu      ] GC(242) User=0.14s Sys=0.00s Real=0.02s
[2025-12-03T16:31:05.176+0000][6][safepoint   ] Safepoint "G1Concurrent", Time since last: 57864958 ns, Reaching safepoint: 79084 ns, At safepoint: 20342208 ns, Total: 20421292 ns
[2025-12-03T16:31:05.177+0000][6][gc,marking  ] GC(242) Concurrent Mark 73.456ms
[2025-12-03T16:31:05.177+0000][6][gc,marking  ] GC(242) Concurrent Rebuild Remembered Sets
[2025-12-03T16:31:05.207+0000][6][gc,marking  ] GC(242) Concurrent Rebuild Remembered Sets 30.169ms
[2025-12-03T16:31:05.207+0000][6][gc,start    ] GC(242) Pause Cleanup
[2025-12-03T16:31:05.207+0000][6][gc          ] GC(242) Pause Cleanup 172M->172M(512M) 0.138ms
[2025-12-03T16:31:05.207+0000][6][gc,cpu      ] GC(242) User=0.00s Sys=0.00s Real=0.00s
[2025-12-03T16:31:05.207+0000][6][safepoint   ] Safepoint "G1Concurrent", Time since last: 30877000 ns, Reaching safepoint: 77500 ns, At safepoint: 292375 ns, Total: 369875 ns
[2025-12-03T16:31:05.208+0000][6][gc,marking  ] GC(242) Concurrent Cleanup for Next Mark
[2025-12-03T16:31:05.209+0000][6][gc,marking  ] GC(242) Concurrent Cleanup for Next Mark 1.529ms
[2025-12-03T16:31:05.209+0000][6][gc          ] GC(242) Concurrent Mark Cycle 111.169ms
[2025-12-03T16:31:10.219+0000][6][safepoint   ] Safepoint "Cleanup", Time since last: 5010857919 ns, Reaching safepoint: 581250 ns, At safepoint: 14542 ns, Total: 595792 ns
[2025-12-03T16:31:28.616+0000][6][safepoint   ] Safepoint "Cleanup", Time since last: 18396401175 ns, Reaching safepoint: 342667 ns, At safepoint: 14875 ns, Total: 357542 ns
[2025-12-03T16:31:32.624+0000][6][safepoint   ] Safepoint "Cleanup", Time since last: 4007593126 ns, Reaching safepoint: 52792 ns, At safepoint: 3458 ns, Total: 56250 ns
[2025-12-03T16:31:38.631+0000][6][safepoint   ] Safepoint "Cleanup", Time since last: 6006724836 ns, Reaching safepoint: 163250 ns, At safepoint: 7000 ns, Total: 170250 ns
[2025-12-03T16:31:41.230+0000][6][gc,start    ] GC(243) Pause Young (Normal) (G1 Evacuation Pause)
[2025-12-03T16:31:41.230+0000][6][gc,task     ] GC(243) Using 8 workers of 8 for evacuation
[2025-12-03T16:31:41.230+0000][6][gc,age      ] GC(243) Desired survivor size 16777216 bytes, new threshold 15 (max threshold 15)
[2025-12-03T16:31:41.241+0000][6][gc,age      ] GC(243) Age table with threshold 15 (max threshold 15)
[2025-12-03T16:31:41.241+0000][6][gc,age      ] GC(243) - age   1:    2204432 bytes,    2204432 total
[2025-12-03T16:31:41.241+0000][6][gc,age      ] GC(243) - age   2:     744904 bytes,    2949336 total
[2025-12-03T16:31:41.241+0000][6][gc,age      ] GC(243) - age   3:     141712 bytes,    3091048 total
[2025-12-03T16:31:41.241+0000][6][gc,age      ] GC(243) - age   4:     136880 bytes,    3227928 total
[2025-12-03T16:31:41.241+0000][6][gc,age      ] GC(243) - age   5:      27456 bytes,    3255384 total
[2025-12-03T16:31:41.241+0000][6][gc,age      ] GC(243) - age   6:      96064 bytes,    3351448 total
[2025-12-03T16:31:41.241+0000][6][gc,age      ] GC(243) - age   7:     278624 bytes,    3630072 total
[2025-12-03T16:31:41.241+0000][6][gc,age      ] GC(243) - age   8:     774664 bytes,    4404736 total
[2025-12-03T16:31:41.241+0000][6][gc,age      ] GC(243) - age   9:     465160 bytes,    4869896 total
[2025-12-03T16:31:41.241+0000][6][gc,age      ] GC(243) - age  10:     219376 bytes,    5089272 total
[2025-12-03T16:31:41.241+0000][6][gc,age      ] GC(243) - age  11:     335272 bytes,    5424544 total
[2025-12-03T16:31:41.241+0000][6][gc,age      ] GC(243) - age  12:      53416 bytes,    5477960 total
[2025-12-03T16:31:41.241+0000][6][gc,age      ] GC(243) - age  13:      26856 bytes,    5504816 total
[2025-12-03T16:31:41.241+0000][6][gc,age      ] GC(243) - age  14:     121368 bytes,    5626184 total
[2025-12-03T16:31:41.241+0000][6][gc,age      ] GC(243) - age  15:      94896 bytes,    5721080 total
[2025-12-03T16:31:41.242+0000][6][gc,phases   ] GC(243)   Pre Evacuate Collection Set: 0.2ms
[2025-12-03T16:31:41.242+0000][6][gc,phases   ] GC(243)   Merge Heap Roots: 0.2ms
[2025-12-03T16:31:41.242+0000][6][gc,phases   ] GC(243)   Evacuate Collection Set: 7.3ms
[2025-12-03T16:31:41.242+0000][6][gc,phases   ] GC(243)   Post Evacuate Collection Set: 2.4ms
[2025-12-03T16:31:41.242+0000][6][gc,phases   ] GC(243)   Other: 1.5ms
[2025-12-03T16:31:41.242+0000][6][gc,heap     ] GC(243) Eden regions: 62->0(62)
[2025-12-03T16:31:41.242+0000][6][gc,heap     ] GC(243) Survivor regions: 2->2(8)
[2025-12-03T16:31:41.242+0000][6][gc,heap     ] GC(243) Old regions: 38->38
[2025-12-03T16:31:41.242+0000][6][gc,heap     ] GC(243) Archive regions: 2->2
[2025-12-03T16:31:41.242+0000][6][gc,heap     ] GC(243) Humongous regions: 2->2
[2025-12-03T16:31:41.242+0000][6][gc,metaspace] GC(243) Metaspace: 118234K(119936K)->118234K(119936K) NonClass: 103336K(104320K)->103336K(104320K) Class: 14897K(15616K)->14897K(15616K)
[2025-12-03T16:31:41.242+0000][6][gc          ] GC(243) Pause Young (Normal) (G1 Evacuation Pause) 413M->166M(512M) 12.057ms
[2025-12-03T16:31:41.242+0000][6][gc,cpu      ] GC(243) User=0.06s Sys=0.00s Real=0.02s
[2025-12-03T16:31:41.242+0000][6][safepoint   ] Safepoint "G1CollectForAllocation", Time since last: 2598823960 ns, Reaching safepoint: 102958 ns, At safepoint: 12266000 ns, Total: 12368958 ns
[2025-12-03T16:32:08.296+0000][6][safepoint   ] Safepoint "Cleanup", Time since last: 27052107429 ns, Reaching safepoint: 226750 ns, At safepoint: 20542 ns, Total: 247292 ns
[2025-12-03T16:32:10.302+0000][6][safepoint   ] Safepoint "Cleanup", Time since last: 2005509751 ns, Reaching safepoint: 149291 ns, At safepoint: 9709 ns, Total: 159000 ns
[2025-12-03T16:32:20.160+0000][6][gc,start    ] GC(244) Pause Young (Concurrent Start) (G1 Evacuation Pause)
[2025-12-03T16:32:20.161+0000][6][gc,task     ] GC(244) Using 8 workers of 8 for evacuation
[2025-12-03T16:32:20.161+0000][6][gc,age      ] GC(244) Desired survivor size 16777216 bytes, new threshold 15 (max threshold 15)
[2025-12-03T16:32:20.171+0000][6][gc,age      ] GC(244) Age table with threshold 15 (max threshold 15)
[2025-12-03T16:32:20.171+0000][6][gc,age      ] GC(244) - age   1:    3159768 bytes,    3159768 total
[2025-12-03T16:32:20.171+0000][6][gc,age      ] GC(244) - age   2:      88464 bytes,    3248232 total
[2025-12-03T16:32:20.171+0000][6][gc,age      ] GC(244) - age   3:     740800 bytes,    3989032 total
[2025-12-03T16:32:20.171+0000][6][gc,age      ] GC(244) - age   4:     139896 bytes,    4128928 total
[2025-12-03T16:32:20.171+0000][6][gc,age      ] GC(244) - age   5:     136144 bytes,    4265072 total
[2025-12-03T16:32:20.171+0000][6][gc,age      ] GC(244) - age   6:      27136 bytes,    4292208 total
[2025-12-03T16:32:20.171+0000][6][gc,age      ] GC(244) - age   7:      96064 bytes,    4388272 total
[2025-12-03T16:32:20.172+0000][6][gc,age      ] GC(244) - age   8:     278624 bytes,    4666896 total
[2025-12-03T16:32:20.172+0000][6][gc,age      ] GC(244) - age   9:     195056 bytes,    4861952 total
[2025-12-03T16:32:20.172+0000][6][gc,age      ] GC(244) - age  10:     221680 bytes,    5083632 total
[2025-12-03T16:32:20.172+0000][6][gc,age      ] GC(244) - age  11:     203224 bytes,    5286856 total
[2025-12-03T16:32:20.173+0000][6][gc,age      ] GC(244) - age  12:     335072 bytes,    5621928 total
[2025-12-03T16:32:20.173+0000][6][gc,age      ] GC(244) - age  13:      53416 bytes,    5675344 total
[2025-12-03T16:32:20.173+0000][6][gc,age      ] GC(244) - age  14:      26856 bytes,    5702200 total
[2025-12-03T16:32:20.173+0000][6][gc,age      ] GC(244) - age  15:     121368 bytes,    5823568 total
[2025-12-03T16:32:20.173+0000][6][gc,phases   ] GC(244)   Pre Evacuate Collection Set: 1.4ms
[2025-12-03T16:32:20.173+0000][6][gc,phases   ] GC(244)   Merge Heap Roots: 0.1ms
[2025-12-03T16:32:20.173+0000][6][gc,phases   ] GC(244)   Evacuate Collection Set: 6.9ms
[2025-12-03T16:32:20.173+0000][6][gc,phases   ] GC(244)   Post Evacuate Collection Set: 1.6ms
[2025-12-03T16:32:20.173+0000][6][gc,phases   ] GC(244)   Other: 2.4ms
[2025-12-03T16:32:20.173+0000][6][gc,heap     ] GC(244) Eden regions: 62->0(61)
[2025-12-03T16:32:20.173+0000][6][gc,heap     ] GC(244) Survivor regions: 2->2(8)
[2025-12-03T16:32:20.173+0000][6][gc,heap     ] GC(244) Old regions: 38->38
[2025-12-03T16:32:20.173+0000][6][gc,heap     ] GC(244) Archive regions: 2->2
[2025-12-03T16:32:20.173+0000][6][gc,heap     ] GC(244) Humongous regions: 2->2
[2025-12-03T16:32:20.173+0000][6][gc,metaspace] GC(244) Metaspace: 118234K(119936K)->118234K(119936K) NonClass: 103336K(104320K)->103336K(104320K) Class: 14897K(15616K)->14897K(15616K)
[2025-12-03T16:32:20.173+0000][6][gc          ] GC(244) Pause Young (Concurrent Start) (G1 Evacuation Pause) 414M->166M(512M) 12.662ms
[2025-12-03T16:32:20.173+0000][6][gc,cpu      ] GC(244) User=0.04s Sys=0.00s Real=0.02s
[2025-12-03T16:32:20.173+0000][6][safepoint   ] Safepoint "G1CollectForAllocation", Time since last: 9858591004 ns, Reaching safepoint: 42834 ns, At safepoint: 12802083 ns, Total: 12844917 ns
[2025-12-03T16:32:20.173+0000][6][gc          ] GC(245) Concurrent Mark Cycle
[2025-12-03T16:32:20.173+0000][6][gc,marking  ] GC(245) Concurrent Clear Claimed Marks
[2025-12-03T16:32:20.173+0000][6][gc,marking  ] GC(245) Concurrent Clear Claimed Marks 0.168ms
[2025-12-03T16:32:20.173+0000][6][gc,marking  ] GC(245) Concurrent Scan Root Regions
[2025-12-03T16:32:20.178+0000][6][gc,marking  ] GC(245) Concurrent Scan Root Regions 4.538ms
[2025-12-03T16:32:20.178+0000][6][gc,marking  ] GC(245) Concurrent Mark
[2025-12-03T16:32:20.178+0000][6][gc,marking  ] GC(245) Concurrent Mark From Roots
[2025-12-03T16:32:20.178+0000][6][gc,task     ] GC(245) Using 2 workers of 2 for marking
[2025-12-03T16:32:20.254+0000][6][gc,marking  ] GC(245) Concurrent Mark From Roots 75.588ms
[2025-12-03T16:32:20.254+0000][6][gc,marking  ] GC(245) Concurrent Preclean
[2025-12-03T16:32:20.254+0000][6][gc,marking  ] GC(245) Concurrent Preclean 0.237ms
[2025-12-03T16:32:20.254+0000][6][gc,start    ] GC(245) Pause Remark
[2025-12-03T16:32:20.270+0000][6][gc          ] GC(245) Pause Remark 175M->175M(512M) 16.258ms
[2025-12-03T16:32:20.271+0000][6][gc,cpu      ] GC(245) User=0.07s Sys=0.00s Real=0.01s
[2025-12-03T16:32:20.271+0000][6][safepoint   ] Safepoint "G1Concurrent", Time since last: 80995667 ns, Reaching safepoint: 49791 ns, At safepoint: 16554292 ns, Total: 16604083 ns
[2025-12-03T16:32:20.271+0000][6][gc,marking  ] GC(245) Concurrent Mark 92.742ms
[2025-12-03T16:32:20.271+0000][6][gc,marking  ] GC(245) Concurrent Rebuild Remembered Sets
[2025-12-03T16:32:20.300+0000][6][gc,marking  ] GC(245) Concurrent Rebuild Remembered Sets 28.970ms
[2025-12-03T16:32:20.300+0000][6][gc,start    ] GC(245) Pause Cleanup
[2025-12-03T16:32:20.300+0000][6][gc          ] GC(245) Pause Cleanup 175M->175M(512M) 0.434ms
[2025-12-03T16:32:20.301+0000][6][gc,cpu      ] GC(245) User=0.00s Sys=0.00s Real=0.00s
[2025-12-03T16:32:20.301+0000][6][safepoint   ] Safepoint "G1Concurrent", Time since last: 29278708 ns, Reaching safepoint: 79292 ns, At safepoint: 588250 ns, Total: 667542 ns
[2025-12-03T16:32:20.301+0000][6][gc,marking  ] GC(245) Concurrent Cleanup for Next Mark
[2025-12-03T16:32:20.302+0000][6][gc,marking  ] GC(245) Concurrent Cleanup for Next Mark 1.425ms
[2025-12-03T16:32:20.302+0000][6][gc          ] GC(245) Concurrent Mark Cycle 129.073ms
[2025-12-03T16:32:57.744+0000][6][gc,start    ] GC(246) Pause Young (Normal) (G1 Evacuation Pause)
[2025-12-03T16:32:57.745+0000][6][gc,task     ] GC(246) Using 8 workers of 8 for evacuation
[2025-12-03T16:32:57.745+0000][6][gc,age      ] GC(246) Desired survivor size 16777216 bytes, new threshold 15 (max threshold 15)
[2025-12-03T16:32:57.761+0000][6][gc,age      ] GC(246) Age table with threshold 15 (max threshold 15)
[2025-12-03T16:32:57.761+0000][6][gc,age      ] GC(246) - age   1:    2523496 bytes,    2523496 total
[2025-12-03T16:32:57.761+0000][6][gc,age      ] GC(246) - age   2:    1027240 bytes,    3550736 total
[2025-12-03T16:32:57.761+0000][6][gc,age      ] GC(246) - age   3:      86184 bytes,    3636920 total
[2025-12-03T16:32:57.762+0000][6][gc,age      ] GC(246) - age   4:     241664 bytes,    3878584 total
[2025-12-03T16:32:57.762+0000][6][gc,age      ] GC(246) - age   5:     139640 bytes,    4018224 total
[2025-12-03T16:32:57.762+0000][6][gc,age      ] GC(246) - age   6:     136080 bytes,    4154304 total
[2025-12-03T16:32:57.762+0000][6][gc,age      ] GC(246) - age   7:      27136 bytes,    4181440 total
[2025-12-03T16:32:57.762+0000][6][gc,age      ] GC(246) - age   8:      96064 bytes,    4277504 total
[2025-12-03T16:32:57.762+0000][6][gc,age      ] GC(246) - age   9:      48544 bytes,    4326048 total
[2025-12-03T16:32:57.762+0000][6][gc,age      ] GC(246) - age  10:     106848 bytes,    4432896 total
[2025-12-03T16:32:57.762+0000][6][gc,age      ] GC(246) - age  11:     188632 bytes,    4621528 total
[2025-12-03T16:32:57.762+0000][6][gc,age      ] GC(246) - age  12:     203224 bytes,    4824752 total
[2025-12-03T16:32:57.762+0000][6][gc,age      ] GC(246) - age  13:     334976 bytes,    5159728 total
[2025-12-03T16:32:57.762+0000][6][gc,age      ] GC(246) - age  14:      53416 bytes,    5213144 total
[2025-12-03T16:32:57.763+0000][6][gc,age      ] GC(246) - age  15:      26856 bytes,    5240000 total
[2025-12-03T16:32:57.763+0000][6][gc,phases   ] GC(246)   Pre Evacuate Collection Set: 0.5ms
[2025-12-03T16:32:57.763+0000][6][gc,phases   ] GC(246)   Merge Heap Roots: 0.3ms
[2025-12-03T16:32:57.763+0000][6][gc,phases   ] GC(246)   Evacuate Collection Set: 11.8ms
[2025-12-03T16:32:57.765+0000][6][gc,phases   ] GC(246)   Post Evacuate Collection Set: 3.4ms
[2025-12-03T16:32:57.765+0000][6][gc,phases   ] GC(246)   Other: 3.4ms
[2025-12-03T16:32:57.765+0000][6][gc,heap     ] GC(246) Eden regions: 61->0(61)
[2025-12-03T16:32:57.765+0000][6][gc,heap     ] GC(246) Survivor regions: 2->2(8)
[2025-12-03T16:32:57.765+0000][6][gc,heap     ] GC(246) Old regions: 38->38
[2025-12-03T16:32:57.765+0000][6][gc,heap     ] GC(246) Archive regions: 2->2
[2025-12-03T16:32:57.766+0000][6][gc,heap     ] GC(246) Humongous regions: 2->2
[2025-12-03T16:32:57.767+0000][6][gc,metaspace] GC(246) Metaspace: 118234K(119936K)->118234K(119936K) NonClass: 103336K(104320K)->103336K(104320K) Class: 14897K(15616K)->14897K(15616K)
[2025-12-03T16:32:57.767+0000][6][gc          ] GC(246) Pause Young (Normal) (G1 Evacuation Pause) 410M->166M(512M) 23.051ms
[2025-12-03T16:32:57.767+0000][6][gc,cpu      ] GC(246) User=0.09s Sys=0.01s Real=0.02s
[2025-12-03T16:32:57.767+0000][6][safepoint   ] Safepoint "G1CollectForAllocation", Time since last: 37441828601 ns, Reaching safepoint: 655833 ns, At safepoint: 23648000 ns, Total: 24303833 ns
[2025-12-03T16:33:02.774+0000][6][safepoint   ] Safepoint "Cleanup", Time since last: 5005787502 ns, Reaching safepoint: 290792 ns, At safepoint: 4375 ns, Total: 295167 ns
[2025-12-03T16:33:17.796+0000][6][safepoint   ] Safepoint "Cleanup", Time since last: 15021432132 ns, Reaching safepoint: 245875 ns, At safepoint: 45000 ns, Total: 290875 ns
[2025-12-03T16:33:38.192+0000][6][gc,start    ] GC(247) Pause Young (Concurrent Start) (G1 Evacuation Pause)
[2025-12-03T16:33:38.193+0000][6][gc,task     ] GC(247) Using 8 workers of 8 for evacuation
[2025-12-03T16:33:38.193+0000][6][gc,age      ] GC(247) Desired survivor size 16777216 bytes, new threshold 15 (max threshold 15)
[2025-12-03T16:33:38.205+0000][6][gc,age      ] GC(247) Age table with threshold 15 (max threshold 15)
[2025-12-03T16:33:38.205+0000][6][gc,age      ] GC(247) - age   1:    1650336 bytes,    1650336 total
[2025-12-03T16:33:38.205+0000][6][gc,age      ] GC(247) - age   2:    1078520 bytes,    2728856 total
[2025-12-03T16:33:38.205+0000][6][gc,age      ] GC(247) - age   3:    1018992 bytes,    3747848 total
[2025-12-03T16:33:38.205+0000][6][gc,age      ] GC(247) - age   4:      84776 bytes,    3832624 total
[2025-12-03T16:33:38.205+0000][6][gc,age      ] GC(247) - age   5:     241072 bytes,    4073696 total
[2025-12-03T16:33:38.206+0000][6][gc,age      ] GC(247) - age   6:     139480 bytes,    4213176 total
[2025-12-03T16:33:38.206+0000][6][gc,age      ] GC(247) - age   7:     136080 bytes,    4349256 total
[2025-12-03T16:33:38.206+0000][6][gc,age      ] GC(247) - age   8:      27072 bytes,    4376328 total
[2025-12-03T16:33:38.206+0000][6][gc,age      ] GC(247) - age   9:      53280 bytes,    4429608 total
[2025-12-03T16:33:38.206+0000][6][gc,age      ] GC(247) - age  10:      27200 bytes,    4456808 total
[2025-12-03T16:33:38.206+0000][6][gc,age      ] GC(247) - age  11:     106848 bytes,    4563656 total
[2025-12-03T16:33:38.206+0000][6][gc,age      ] GC(247) - age  12:     188600 bytes,    4752256 total
[2025-12-03T16:33:38.206+0000][6][gc,age      ] GC(247) - age  13:     203224 bytes,    4955480 total
[2025-12-03T16:33:38.206+0000][6][gc,age      ] GC(247) - age  14:     334976 bytes,    5290456 total
[2025-12-03T16:33:38.206+0000][6][gc,age      ] GC(247) - age  15:      53416 bytes,    5343872 total
[2025-12-03T16:33:38.206+0000][6][gc,phases   ] GC(247)   Pre Evacuate Collection Set: 1.8ms
[2025-12-03T16:33:38.206+0000][6][gc,phases   ] GC(247)   Merge Heap Roots: 0.2ms
[2025-12-03T16:33:38.206+0000][6][gc,phases   ] GC(247)   Evacuate Collection Set: 7.6ms
[2025-12-03T16:33:38.206+0000][6][gc,phases   ] GC(247)   Post Evacuate Collection Set: 1.8ms
[2025-12-03T16:33:38.206+0000][6][gc,phases   ] GC(247)   Other: 2.6ms
[2025-12-03T16:33:38.206+0000][6][gc,heap     ] GC(247) Eden regions: 61->0(62)
[2025-12-03T16:33:38.206+0000][6][gc,heap     ] GC(247) Survivor regions: 2->2(8)
[2025-12-03T16:33:38.206+0000][6][gc,heap     ] GC(247) Old regions: 38->38
[2025-12-03T16:33:38.207+0000][6][gc,heap     ] GC(247) Archive regions: 2->2
[2025-12-03T16:33:38.207+0000][6][gc,heap     ] GC(247) Humongous regions: 2->2
[2025-12-03T16:33:38.207+0000][6][gc,metaspace] GC(247) Metaspace: 118234K(119936K)->118234K(119936K) NonClass: 103336K(104320K)->103336K(104320K) Class: 14897K(15616K)->14897K(15616K)
[2025-12-03T16:33:38.207+0000][6][gc          ] GC(247) Pause Young (Concurrent Start) (G1 Evacuation Pause) 410M->166M(512M) 14.523ms
[2025-12-03T16:33:38.207+0000][6][gc,cpu      ] GC(247) User=0.05s Sys=0.00s Real=0.02s
[2025-12-03T16:33:38.207+0000][6][safepoint   ] Safepoint "G1CollectForAllocation", Time since last: 20395077842 ns, Reaching safepoint: 192250 ns, At safepoint: 14815501 ns, Total: 15007751 ns
[2025-12-03T16:33:38.207+0000][6][gc          ] GC(248) Concurrent Mark Cycle
[2025-12-03T16:33:38.207+0000][6][gc,marking  ] GC(248) Concurrent Clear Claimed Marks
[2025-12-03T16:33:38.207+0000][6][gc,marking  ] GC(248) Concurrent Clear Claimed Marks 0.200ms
[2025-12-03T16:33:38.207+0000][6][gc,marking  ] GC(248) Concurrent Scan Root Regions
[2025-12-03T16:33:38.211+0000][6][gc,marking  ] GC(248) Concurrent Scan Root Regions 3.957ms
[2025-12-03T16:33:38.212+0000][6][gc,marking  ] GC(248) Concurrent Mark
[2025-12-03T16:33:38.212+0000][6][gc,marking  ] GC(248) Concurrent Mark From Roots
[2025-12-03T16:33:38.212+0000][6][gc,task     ] GC(248) Using 2 workers of 2 for marking
[2025-12-03T16:33:38.338+0000][6][gc,marking  ] GC(248) Concurrent Mark From Roots 126.862ms
[2025-12-03T16:33:38.339+0000][6][gc,marking  ] GC(248) Concurrent Preclean
[2025-12-03T16:33:38.339+0000][6][gc,marking  ] GC(248) Concurrent Preclean 0.258ms
[2025-12-03T16:33:38.339+0000][6][gc,start    ] GC(248) Pause Remark
[2025-12-03T16:33:38.371+0000][6][gc          ] GC(248) Pause Remark 176M->176M(512M) 31.996ms
[2025-12-03T16:33:38.372+0000][6][gc,cpu      ] GC(248) User=0.15s Sys=0.00s Real=0.03s
[2025-12-03T16:33:38.372+0000][6][safepoint   ] Safepoint "G1Concurrent", Time since last: 132214208 ns, Reaching safepoint: 97167 ns, At safepoint: 32392625 ns, Total: 32489792 ns
[2025-12-03T16:33:38.372+0000][6][gc,marking  ] GC(248) Concurrent Mark 160.234ms
[2025-12-03T16:33:38.372+0000][6][gc,marking  ] GC(248) Concurrent Rebuild Remembered Sets
[2025-12-03T16:33:38.402+0000][6][gc,marking  ] GC(248) Concurrent Rebuild Remembered Sets 30.191ms
[2025-12-03T16:33:38.402+0000][6][gc,start    ] GC(248) Pause Cleanup
[2025-12-03T16:33:38.402+0000][6][gc          ] GC(248) Pause Cleanup 177M->177M(512M) 0.131ms
[2025-12-03T16:33:38.402+0000][6][gc,cpu      ] GC(248) User=0.00s Sys=0.00s Real=0.00s
[2025-12-03T16:33:38.403+0000][6][safepoint   ] Safepoint "G1Concurrent", Time since last: 30523791 ns, Reaching safepoint: 64250 ns, At safepoint: 281125 ns, Total: 345375 ns
[2025-12-03T16:33:38.403+0000][6][gc,marking  ] GC(248) Concurrent Cleanup for Next Mark
[2025-12-03T16:33:38.404+0000][6][gc,marking  ] GC(248) Concurrent Cleanup for Next Mark 1.363ms
[2025-12-03T16:33:38.404+0000][6][gc          ] GC(248) Concurrent Mark Cycle 197.057ms
[2025-12-03T16:34:09.146+0000][6][gc,start    ] GC(249) Pause Young (Normal) (G1 Evacuation Pause)
[2025-12-03T16:34:09.147+0000][6][gc,task     ] GC(249) Using 8 workers of 8 for evacuation
[2025-12-03T16:34:09.147+0000][6][gc,age      ] GC(249) Desired survivor size 16777216 bytes, new threshold 15 (max threshold 15)
[2025-12-03T16:34:09.158+0000][6][gc,age      ] GC(249) Age table with threshold 15 (max threshold 15)
[2025-12-03T16:34:09.159+0000][6][gc,age      ] GC(249) - age   1:    3014552 bytes,    3014552 total
[2025-12-03T16:34:09.159+0000][6][gc,age      ] GC(249) - age   2:     279144 bytes,    3293696 total
[2025-12-03T16:34:09.159+0000][6][gc,age      ] GC(249) - age   3:     879504 bytes,    4173200 total
[2025-12-03T16:34:09.159+0000][6][gc,age      ] GC(249) - age   4:    1017712 bytes,    5190912 total
[2025-12-03T16:34:09.159+0000][6][gc,age      ] GC(249) - age   5:      83992 bytes,    5274904 total
[2025-12-03T16:34:09.159+0000][6][gc,age      ] GC(249) - age   6:     241008 bytes,    5515912 total
[2025-12-03T16:34:09.159+0000][6][gc,age      ] GC(249) - age   7:     139280 bytes,    5655192 total
[2025-12-03T16:34:09.159+0000][6][gc,age      ] GC(249) - age   8:     136080 bytes,    5791272 total
[2025-12-03T16:34:09.159+0000][6][gc,age      ] GC(249) - age   9:      26688 bytes,    5817960 total
[2025-12-03T16:34:09.159+0000][6][gc,age      ] GC(249) - age  10:      53280 bytes,    5871240 total
[2025-12-03T16:34:09.159+0000][6][gc,age      ] GC(249) - age  11:      27200 bytes,    5898440 total
[2025-12-03T16:34:09.159+0000][6][gc,age      ] GC(249) - age  12:     106848 bytes,    6005288 total
[2025-12-03T16:34:09.159+0000][6][gc,age      ] GC(249) - age  13:     188600 bytes,    6193888 total
[2025-12-03T16:34:09.159+0000][6][gc,age      ] GC(249) - age  14:     203224 bytes,    6397112 total
[2025-12-03T16:34:09.159+0000][6][gc,age      ] GC(249) - age  15:     334976 bytes,    6732088 total
[2025-12-03T16:34:09.159+0000][6][gc,phases   ] GC(249)   Pre Evacuate Collection Set: 0.4ms
[2025-12-03T16:34:09.159+0000][6][gc,phases   ] GC(249)   Merge Heap Roots: 0.4ms
[2025-12-03T16:34:09.159+0000][6][gc,phases   ] GC(249)   Evacuate Collection Set: 8.6ms
[2025-12-03T16:34:09.160+0000][6][gc,phases   ] GC(249)   Post Evacuate Collection Set: 2.1ms
[2025-12-03T16:34:09.160+0000][6][gc,phases   ] GC(249)   Other: 2.1ms
[2025-12-03T16:34:09.160+0000][6][gc,heap     ] GC(249) Eden regions: 62->0(61)
[2025-12-03T16:34:09.160+0000][6][gc,heap     ] GC(249) Survivor regions: 2->2(8)
[2025-12-03T16:34:09.160+0000][6][gc,heap     ] GC(249) Old regions: 38->38
[2025-12-03T16:34:09.160+0000][6][gc,heap     ] GC(249) Archive regions: 2->2
[2025-12-03T16:34:09.160+0000][6][gc,heap     ] GC(249) Humongous regions: 2->2
[2025-12-03T16:34:09.160+0000][6][gc,metaspace] GC(249) Metaspace: 118238K(119936K)->118238K(119936K) NonClass: 103340K(104320K)->103340K(104320K) Class: 14897K(15616K)->14897K(15616K)
[2025-12-03T16:34:09.160+0000][6][gc          ] GC(249) Pause Young (Normal) (G1 Evacuation Pause) 414M->167M(512M) 14.019ms
[2025-12-03T16:34:09.160+0000][6][gc,cpu      ] GC(249) User=0.08s Sys=0.00s Real=0.01s
[2025-12-03T16:34:09.160+0000][6][safepoint   ] Safepoint "G1CollectForAllocation", Time since last: 30741861847 ns, Reaching safepoint: 510292 ns, At safepoint: 14350458 ns, Total: 14860750 ns
[2025-12-03T16:34:21.177+0000][6][safepoint   ] Safepoint "Cleanup", Time since last: 12016375464 ns, Reaching safepoint: 368042 ns, At safepoint: 69250 ns, Total: 437292 ns
[2025-12-03T16:34:50.335+0000][6][gc,start    ] GC(250) Pause Young (Concurrent Start) (G1 Evacuation Pause)
[2025-12-03T16:34:50.336+0000][6][gc,task     ] GC(250) Using 8 workers of 8 for evacuation
[2025-12-03T16:34:50.336+0000][6][gc,age      ] GC(250) Desired survivor size 16777216 bytes, new threshold 15 (max threshold 15)
[2025-12-03T16:34:50.352+0000][6][gc,age      ] GC(250) Age table with threshold 15 (max threshold 15)
[2025-12-03T16:34:50.352+0000][6][gc,age      ] GC(250) - age   1:     945928 bytes,     945928 total
[2025-12-03T16:34:50.353+0000][6][gc,age      ] GC(250) - age   2:     274192 bytes,    1220120 total
[2025-12-03T16:34:50.353+0000][6][gc,age      ] GC(250) - age   3:     108464 bytes,    1328584 total
[2025-12-03T16:34:50.353+0000][6][gc,age      ] GC(250) - age   4:     878928 bytes,    2207512 total
[2025-12-03T16:34:50.353+0000][6][gc,age      ] GC(250) - age   5:    1016784 bytes,    3224296 total
[2025-12-03T16:34:50.353+0000][6][gc,age      ] GC(250) - age   6:      83928 bytes,    3308224 total
[2025-12-03T16:34:50.353+0000][6][gc,age      ] GC(250) - age   7:     241008 bytes,    3549232 total
[2025-12-03T16:34:50.353+0000][6][gc,age      ] GC(250) - age   8:     139280 bytes,    3688512 total
[2025-12-03T16:34:50.353+0000][6][gc,age      ] GC(250) - age   9:     136080 bytes,    3824592 total
[2025-12-03T16:34:50.353+0000][6][gc,age      ] GC(250) - age  10:      26688 bytes,    3851280 total
[2025-12-03T16:34:50.353+0000][6][gc,age      ] GC(250) - age  11:      53184 bytes,    3904464 total
[2025-12-03T16:34:50.353+0000][6][gc,age      ] GC(250) - age  12:      27200 bytes,    3931664 total
[2025-12-03T16:34:50.353+0000][6][gc,age      ] GC(250) - age  13:     106848 bytes,    4038512 total
[2025-12-03T16:34:50.353+0000][6][gc,age      ] GC(250) - age  14:     188600 bytes,    4227112 total
[2025-12-03T16:34:50.353+0000][6][gc,age      ] GC(250) - age  15:     203192 bytes,    4430304 total
[2025-12-03T16:34:50.353+0000][6][gc,phases   ] GC(250)   Pre Evacuate Collection Set: 1.5ms
[2025-12-03T16:34:50.354+0000][6][gc,phases   ] GC(250)   Merge Heap Roots: 0.2ms
[2025-12-03T16:34:50.354+0000][6][gc,phases   ] GC(250)   Evacuate Collection Set: 8.9ms
[2025-12-03T16:34:50.354+0000][6][gc,phases   ] GC(250)   Post Evacuate Collection Set: 5.4ms
[2025-12-03T16:34:50.354+0000][6][gc,phases   ] GC(250)   Other: 2.2ms
[2025-12-03T16:34:50.354+0000][6][gc,heap     ] GC(250) Eden regions: 61->0(62)
[2025-12-03T16:34:50.354+0000][6][gc,heap     ] GC(250) Survivor regions: 2->2(8)
[2025-12-03T16:34:50.354+0000][6][gc,heap     ] GC(250) Old regions: 38->38
[2025-12-03T16:34:50.354+0000][6][gc,heap     ] GC(250) Archive regions: 2->2
[2025-12-03T16:34:50.354+0000][6][gc,heap     ] GC(250) Humongous regions: 2->2
[2025-12-03T16:34:50.354+0000][6][gc,metaspace] GC(250) Metaspace: 118240K(119936K)->118240K(119936K) NonClass: 103343K(104320K)->103343K(104320K) Class: 14897K(15616K)->14897K(15616K)
[2025-12-03T16:34:50.354+0000][6][gc          ] GC(250) Pause Young (Concurrent Start) (G1 Evacuation Pause) 411M->165M(512M) 18.737ms
[2025-12-03T16:34:50.354+0000][6][gc,cpu      ] GC(250) User=0.09s Sys=0.00s Real=0.02s
[2025-12-03T16:34:50.354+0000][6][safepoint   ] Safepoint "G1CollectForAllocation", Time since last: 29157040972 ns, Reaching safepoint: 346625 ns, At safepoint: 19082917 ns, Total: 19429542 ns
[2025-12-03T16:34:50.354+0000][6][gc          ] GC(251) Concurrent Mark Cycle
[2025-12-03T16:34:50.355+0000][6][gc,marking  ] GC(251) Concurrent Clear Claimed Marks
[2025-12-03T16:34:50.355+0000][6][gc,marking  ] GC(251) Concurrent Clear Claimed Marks 0.086ms
[2025-12-03T16:34:50.355+0000][6][gc,marking  ] GC(251) Concurrent Scan Root Regions
[2025-12-03T16:34:50.363+0000][6][gc,marking  ] GC(251) Concurrent Scan Root Regions 8.443ms
[2025-12-03T16:34:50.363+0000][6][gc,marking  ] GC(251) Concurrent Mark
[2025-12-03T16:34:50.363+0000][6][gc,marking  ] GC(251) Concurrent Mark From Roots
[2025-12-03T16:34:50.364+0000][6][gc,task     ] GC(251) Using 2 workers of 2 for marking
[2025-12-03T16:34:50.422+0000][6][gc,marking  ] GC(251) Concurrent Mark From Roots 58.385ms
[2025-12-03T16:34:50.422+0000][6][gc,marking  ] GC(251) Concurrent Preclean
[2025-12-03T16:34:50.422+0000][6][gc,marking  ] GC(251) Concurrent Preclean 0.273ms
[2025-12-03T16:34:50.422+0000][6][gc,start    ] GC(251) Pause Remark
[2025-12-03T16:34:50.460+0000][6][gc          ] GC(251) Pause Remark 171M->171M(512M) 37.447ms
[2025-12-03T16:34:50.460+0000][6][gc,cpu      ] GC(251) User=0.28s Sys=0.01s Real=0.04s
[2025-12-03T16:34:50.460+0000][6][safepoint   ] Safepoint "G1Concurrent", Time since last: 68043666 ns, Reaching safepoint: 42875 ns, At safepoint: 37686709 ns, Total: 37729584 ns
[2025-12-03T16:34:50.460+0000][6][gc,marking  ] GC(251) Concurrent Mark 96.767ms
[2025-12-03T16:34:50.460+0000][6][gc,marking  ] GC(251) Concurrent Rebuild Remembered Sets
[2025-12-03T16:34:50.490+0000][6][gc,marking  ] GC(251) Concurrent Rebuild Remembered Sets 30.064ms
[2025-12-03T16:34:50.491+0000][6][gc,start    ] GC(251) Pause Cleanup
[2025-12-03T16:34:50.491+0000][6][gc          ] GC(251) Pause Cleanup 171M->171M(512M) 0.149ms
[2025-12-03T16:34:50.491+0000][6][gc,cpu      ] GC(251) User=0.00s Sys=0.00s Real=0.00s
[2025-12-03T16:34:50.491+0000][6][safepoint   ] Safepoint "G1Concurrent", Time since last: 30334583 ns, Reaching safepoint: 65667 ns, At safepoint: 308500 ns, Total: 374167 ns
[2025-12-03T16:34:50.491+0000][6][gc,marking  ] GC(251) Concurrent Cleanup for Next Mark
[2025-12-03T16:34:50.492+0000][6][gc,marking  ] GC(251) Concurrent Cleanup for Next Mark 1.305ms
[2025-12-03T16:34:50.492+0000][6][gc          ] GC(251) Concurrent Mark Cycle 137.903ms
[2025-12-03T16:35:05.515+0000][6][safepoint   ] Safepoint "Cleanup", Time since last: 15023036756 ns, Reaching safepoint: 459042 ns, At safepoint: 18333 ns, Total: 477375 ns
[2025-12-03T16:35:17.542+0000][6][safepoint   ] Safepoint "Cleanup", Time since last: 12023404047 ns, Reaching safepoint: 3250667 ns, At safepoint: 171667 ns, Total: 3422334 ns
[2025-12-03T16:35:29.572+0000][6][gc,start    ] GC(252) Pause Young (Normal) (G1 Evacuation Pause)
[2025-12-03T16:35:29.572+0000][6][gc,task     ] GC(252) Using 8 workers of 8 for evacuation
[2025-12-03T16:35:29.573+0000][6][gc,age      ] GC(252) Desired survivor size 16777216 bytes, new threshold 15 (max threshold 15)
[2025-12-03T16:35:29.590+0000][6][gc,age      ] GC(252) Age table with threshold 15 (max threshold 15)
[2025-12-03T16:35:29.590+0000][6][gc,age      ] GC(252) - age   1:    2077448 bytes,    2077448 total
[2025-12-03T16:35:29.590+0000][6][gc,age      ] GC(252) - age   2:      31576 bytes,    2109024 total
[2025-12-03T16:35:29.590+0000][6][gc,age      ] GC(252) - age   3:      56200 bytes,    2165224 total
[2025-12-03T16:35:29.590+0000][6][gc,age      ] GC(252) - age   4:     106640 bytes,    2271864 total
[2025-12-03T16:35:29.590+0000][6][gc,age      ] GC(252) - age   5:     379448 bytes,    2651312 total
[2025-12-03T16:35:29.590+0000][6][gc,age      ] GC(252) - age   6:    1016320 bytes,    3667632 total
[2025-12-03T16:35:29.590+0000][6][gc,age      ] GC(252) - age   7:      83864 bytes,    3751496 total
[2025-12-03T16:35:29.590+0000][6][gc,age      ] GC(252) - age   8:     241008 bytes,    3992504 total
[2025-12-03T16:35:29.591+0000][6][gc,age      ] GC(252) - age   9:     139168 bytes,    4131672 total
[2025-12-03T16:35:29.591+0000][6][gc,age      ] GC(252) - age  10:     136080 bytes,    4267752 total
[2025-12-03T16:35:29.591+0000][6][gc,age      ] GC(252) - age  11:      26688 bytes,    4294440 total
[2025-12-03T16:35:29.591+0000][6][gc,age      ] GC(252) - age  12:      53184 bytes,    4347624 total
[2025-12-03T16:35:29.591+0000][6][gc,age      ] GC(252) - age  13:      27200 bytes,    4374824 total
[2025-12-03T16:35:29.591+0000][6][gc,age      ] GC(252) - age  14:     106848 bytes,    4481672 total
[2025-12-03T16:35:29.591+0000][6][gc,age      ] GC(252) - age  15:     188600 bytes,    4670272 total
[2025-12-03T16:35:29.591+0000][6][gc,phases   ] GC(252)   Pre Evacuate Collection Set: 0.7ms
[2025-12-03T16:35:29.591+0000][6][gc,phases   ] GC(252)   Merge Heap Roots: 0.4ms
[2025-12-03T16:35:29.591+0000][6][gc,phases   ] GC(252)   Evacuate Collection Set: 12.0ms
[2025-12-03T16:35:29.591+0000][6][gc,phases   ] GC(252)   Post Evacuate Collection Set: 3.8ms
[2025-12-03T16:35:29.592+0000][6][gc,phases   ] GC(252)   Other: 3.1ms
[2025-12-03T16:35:29.592+0000][6][gc,heap     ] GC(252) Eden regions: 62->0(62)
[2025-12-03T16:35:29.592+0000][6][gc,heap     ] GC(252) Survivor regions: 2->2(8)
[2025-12-03T16:35:29.592+0000][6][gc,heap     ] GC(252) Old regions: 38->38
[2025-12-03T16:35:29.592+0000][6][gc,heap     ] GC(252) Archive regions: 2->2
[2025-12-03T16:35:29.592+0000][6][gc,heap     ] GC(252) Humongous regions: 2->2
[2025-12-03T16:35:29.592+0000][6][gc,metaspace] GC(252) Metaspace: 118244K(119936K)->118244K(119936K) NonClass: 103346K(104320K)->103346K(104320K) Class: 14897K(15616K)->14897K(15616K)
[2025-12-03T16:35:29.592+0000][6][gc          ] GC(252) Pause Young (Normal) (G1 Evacuation Pause) 413M->166M(512M) 20.537ms
[2025-12-03T16:35:29.592+0000][6][gc,cpu      ] GC(252) User=0.11s Sys=0.00s Real=0.02s
[2025-12-03T16:35:29.592+0000][6][safepoint   ] Safepoint "G1CollectForAllocation", Time since last: 12028691297 ns, Reaching safepoint: 320958 ns, At safepoint: 21046334 ns, Total: 21367292 ns
[2025-12-03T16:35:53.632+0000][6][safepoint   ] Safepoint "Cleanup", Time since last: 24035840802 ns, Reaching safepoint: 2862667 ns, At safepoint: 49375 ns, Total: 2912042 ns
[2025-12-03T16:35:56.638+0000][6][safepoint   ] Safepoint "Cleanup", Time since last: 3006459043 ns, Reaching safepoint: 107208 ns, At safepoint: 8750 ns, Total: 115958 ns
[2025-12-03T16:36:08.339+0000][6][gc,start    ] GC(253) Pause Young (Concurrent Start) (G1 Evacuation Pause)
[2025-12-03T16:36:08.340+0000][6][gc,task     ] GC(253) Using 8 workers of 8 for evacuation
[2025-12-03T16:36:08.341+0000][6][gc,age      ] GC(253) Desired survivor size 16777216 bytes, new threshold 15 (max threshold 15)
[2025-12-03T16:36:08.353+0000][6][gc,age      ] GC(253) Age table with threshold 15 (max threshold 15)
[2025-12-03T16:36:08.353+0000][6][gc,age      ] GC(253) - age   1:    2425808 bytes,    2425808 total
[2025-12-03T16:36:08.353+0000][6][gc,age      ] GC(253) - age   2:     721976 bytes,    3147784 total
[2025-12-03T16:36:08.353+0000][6][gc,age      ] GC(253) - age   3:      28440 bytes,    3176224 total
[2025-12-03T16:36:08.354+0000][6][gc,age      ] GC(253) - age   4:      54536 bytes,    3230760 total
[2025-12-03T16:36:08.354+0000][6][gc,age      ] GC(253) - age   5:     106448 bytes,    3337208 total
[2025-12-03T16:36:08.354+0000][6][gc,age      ] GC(253) - age   6:     379152 bytes,    3716360 total
[2025-12-03T16:36:08.354+0000][6][gc,age      ] GC(253) - age   7:    1016320 bytes,    4732680 total
[2025-12-03T16:36:08.354+0000][6][gc,age      ] GC(253) - age   8:      83864 bytes,    4816544 total
[2025-12-03T16:36:08.354+0000][6][gc,age      ] GC(253) - age   9:     241008 bytes,    5057552 total
[2025-12-03T16:36:08.354+0000][6][gc,age      ] GC(253) - age  10:     139168 bytes,    5196720 total
[2025-12-03T16:36:08.354+0000][6][gc,age      ] GC(253) - age  11:     136080 bytes,    5332800 total
[2025-12-03T16:36:08.354+0000][6][gc,age      ] GC(253) - age  12:      26688 bytes,    5359488 total
[2025-12-03T16:36:08.354+0000][6][gc,age      ] GC(253) - age  13:      53184 bytes,    5412672 total
[2025-12-03T16:36:08.354+0000][6][gc,age      ] GC(253) - age  14:      27200 bytes,    5439872 total
[2025-12-03T16:36:08.354+0000][6][gc,age      ] GC(253) - age  15:     106848 bytes,    5546720 total
[2025-12-03T16:36:08.354+0000][6][gc,phases   ] GC(253)   Pre Evacuate Collection Set: 1.9ms
[2025-12-03T16:36:08.354+0000][6][gc,phases   ] GC(253)   Merge Heap Roots: 0.1ms
[2025-12-03T16:36:08.354+0000][6][gc,phases   ] GC(253)   Evacuate Collection Set: 8.3ms
[2025-12-03T16:36:08.354+0000][6][gc,phases   ] GC(253)   Post Evacuate Collection Set: 2.0ms
[2025-12-03T16:36:08.354+0000][6][gc,phases   ] GC(253)   Other: 2.6ms
[2025-12-03T16:36:08.355+0000][6][gc,heap     ] GC(253) Eden regions: 62->0(62)
[2025-12-03T16:36:08.355+0000][6][gc,heap     ] GC(253) Survivor regions: 2->2(8)
[2025-12-03T16:36:08.355+0000][6][gc,heap     ] GC(253) Old regions: 38->38
[2025-12-03T16:36:08.355+0000][6][gc,heap     ] GC(253) Archive regions: 2->2
[2025-12-03T16:36:08.355+0000][6][gc,heap     ] GC(253) Humongous regions: 2->2
[2025-12-03T16:36:08.355+0000][6][gc,metaspace] GC(253) Metaspace: 118245K(119936K)->118245K(119936K) NonClass: 103348K(104320K)->103348K(104320K) Class: 14897K(15616K)->14897K(15616K)
[2025-12-03T16:36:08.355+0000][6][gc          ] GC(253) Pause Young (Concurrent Start) (G1 Evacuation Pause) 414M->167M(512M) 15.514ms
[2025-12-03T16:36:08.355+0000][6][gc,cpu      ] GC(253) User=0.06s Sys=0.00s Real=0.01s
[2025-12-03T16:36:08.355+0000][6][safepoint   ] Safepoint "G1CollectForAllocation", Time since last: 11699608380 ns, Reaching safepoint: 169334 ns, At safepoint: 15786875 ns, Total: 15956209 ns
[2025-12-03T16:36:08.355+0000][6][gc          ] GC(254) Concurrent Mark Cycle
[2025-12-03T16:36:08.355+0000][6][gc,marking  ] GC(254) Concurrent Clear Claimed Marks
[2025-12-03T16:36:08.355+0000][6][gc,marking  ] GC(254) Concurrent Clear Claimed Marks 0.114ms
[2025-12-03T16:36:08.355+0000][6][gc,marking  ] GC(254) Concurrent Scan Root Regions
[2025-12-03T16:36:08.360+0000][6][gc,marking  ] GC(254) Concurrent Scan Root Regions 4.531ms
[2025-12-03T16:36:08.360+0000][6][gc,marking  ] GC(254) Concurrent Mark
[2025-12-03T16:36:08.360+0000][6][gc,marking  ] GC(254) Concurrent Mark From Roots
[2025-12-03T16:36:08.360+0000][6][gc,task     ] GC(254) Using 2 workers of 2 for marking
[2025-12-03T16:36:08.428+0000][6][gc,marking  ] GC(254) Concurrent Mark From Roots 67.914ms
[2025-12-03T16:36:08.428+0000][6][gc,marking  ] GC(254) Concurrent Preclean
[2025-12-03T16:36:08.428+0000][6][gc,marking  ] GC(254) Concurrent Preclean 0.224ms
[2025-12-03T16:36:08.428+0000][6][gc,start    ] GC(254) Pause Remark
[2025-12-03T16:36:08.465+0000][6][gc          ] GC(254) Pause Remark 171M->171M(512M) 36.799ms
[2025-12-03T16:36:08.465+0000][6][gc,cpu      ] GC(254) User=0.27s Sys=0.01s Real=0.04s
[2025-12-03T16:36:08.465+0000][6][safepoint   ] Safepoint "G1Concurrent", Time since last: 73286916 ns, Reaching safepoint: 46959 ns, At safepoint: 37034125 ns, Total: 37081084 ns
[2025-12-03T16:36:08.465+0000][6][gc,marking  ] GC(254) Concurrent Mark 105.483ms
[2025-12-03T16:36:08.465+0000][6][gc,marking  ] GC(254) Concurrent Rebuild Remembered Sets
[2025-12-03T16:36:08.495+0000][6][gc,marking  ] GC(254) Concurrent Rebuild Remembered Sets 29.945ms
[2025-12-03T16:36:08.496+0000][6][gc,start    ] GC(254) Pause Cleanup
[2025-12-03T16:36:08.496+0000][6][gc          ] GC(254) Pause Cleanup 171M->171M(512M) 0.132ms
[2025-12-03T16:36:08.496+0000][6][gc,cpu      ] GC(254) User=0.00s Sys=0.00s Real=0.00s
[2025-12-03T16:36:08.496+0000][6][safepoint   ] Safepoint "G1Concurrent", Time since last: 30206958 ns, Reaching safepoint: 67542 ns, At safepoint: 271416 ns, Total: 338958 ns
[2025-12-03T16:36:08.496+0000][6][gc,marking  ] GC(254) Concurrent Cleanup for Next Mark
[2025-12-03T16:36:08.497+0000][6][gc,marking  ] GC(254) Concurrent Cleanup for Next Mark 1.351ms
[2025-12-03T16:36:08.497+0000][6][gc          ] GC(254) Concurrent Mark Cycle 142.385ms
[2025-12-03T16:36:15.515+0000][6][safepoint   ] Safepoint "Cleanup", Time since last: 7019071254 ns, Reaching safepoint: 137666 ns, At safepoint: 11459 ns, Total: 149125 ns
[2025-12-03T16:36:50.281+0000][6][gc,start    ] GC(255) Pause Young (Normal) (G1 Evacuation Pause)
[2025-12-03T16:36:50.281+0000][6][gc,task     ] GC(255) Using 8 workers of 8 for evacuation
[2025-12-03T16:36:50.282+0000][6][gc,age      ] GC(255) Desired survivor size 16777216 bytes, new threshold 15 (max threshold 15)
[2025-12-03T16:36:50.294+0000][6][gc,age      ] GC(255) Age table with threshold 15 (max threshold 15)
[2025-12-03T16:36:50.294+0000][6][gc,age      ] GC(255) - age   1:    2398040 bytes,    2398040 total
[2025-12-03T16:36:50.294+0000][6][gc,age      ] GC(255) - age   2:     260120 bytes,    2658160 total
[2025-12-03T16:36:50.295+0000][6][gc,age      ] GC(255) - age   3:     568824 bytes,    3226984 total
[2025-12-03T16:36:50.295+0000][6][gc,age      ] GC(255) - age   4:      27256 bytes,    3254240 total
[2025-12-03T16:36:50.295+0000][6][gc,age      ] GC(255) - age   5:      53688 bytes,    3307928 total
[2025-12-03T16:36:50.295+0000][6][gc,age      ] GC(255) - age   6:     106256 bytes,    3414184 total
[2025-12-03T16:36:50.295+0000][6][gc,age      ] GC(255) - age   7:     379024 bytes,    3793208 total
[2025-12-03T16:36:50.295+0000][6][gc,age      ] GC(255) - age   8:    1016320 bytes,    4809528 total
[2025-12-03T16:36:50.295+0000][6][gc,age      ] GC(255) - age   9:      83864 bytes,    4893392 total
[2025-12-03T16:36:50.295+0000][6][gc,age      ] GC(255) - age  10:     232896 bytes,    5126288 total
[2025-12-03T16:36:50.295+0000][6][gc,age      ] GC(255) - age  11:     124192 bytes,    5250480 total
[2025-12-03T16:36:50.295+0000][6][gc,age      ] GC(255) - age  12:     136080 bytes,    5386560 total
[2025-12-03T16:36:50.295+0000][6][gc,age      ] GC(255) - age  13:      26688 bytes,    5413248 total
[2025-12-03T16:36:50.295+0000][6][gc,age      ] GC(255) - age  14:      53184 bytes,    5466432 total
[2025-12-03T16:36:50.295+0000][6][gc,age      ] GC(255) - age  15:      27200 bytes,    5493632 total
[2025-12-03T16:36:50.295+0000][6][gc,phases   ] GC(255)   Pre Evacuate Collection Set: 0.4ms
[2025-12-03T16:36:50.295+0000][6][gc,phases   ] GC(255)   Merge Heap Roots: 0.2ms
[2025-12-03T16:36:50.295+0000][6][gc,phases   ] GC(255)   Evacuate Collection Set: 8.4ms
[2025-12-03T16:36:50.295+0000][6][gc,phases   ] GC(255)   Post Evacuate Collection Set: 3.5ms
[2025-12-03T16:36:50.296+0000][6][gc,phases   ] GC(255)   Other: 1.8ms
[2025-12-03T16:36:50.296+0000][6][gc,heap     ] GC(255) Eden regions: 62->0(62)
[2025-12-03T16:36:50.296+0000][6][gc,heap     ] GC(255) Survivor regions: 2->2(8)
[2025-12-03T16:36:50.296+0000][6][gc,heap     ] GC(255) Old regions: 38->38
[2025-12-03T16:36:50.296+0000][6][gc,heap     ] GC(255) Archive regions: 2->2
[2025-12-03T16:36:50.296+0000][6][gc,heap     ] GC(255) Humongous regions: 2->2
[2025-12-03T16:36:50.296+0000][6][gc,metaspace] GC(255) Metaspace: 118246K(119936K)->118246K(119936K) NonClass: 103349K(104320K)->103349K(104320K) Class: 14897K(15616K)->14897K(15616K)
[2025-12-03T16:36:50.296+0000][6][gc          ] GC(255) Pause Young (Normal) (G1 Evacuation Pause) 415M->167M(512M) 14.867ms
[2025-12-03T16:36:50.296+0000][6][gc,cpu      ] GC(255) User=0.07s Sys=0.01s Real=0.01s
[2025-12-03T16:36:50.296+0000][6][safepoint   ] Safepoint "G1CollectForAllocation", Time since last: 34765045974 ns, Reaching safepoint: 407833 ns, At safepoint: 15178708 ns, Total: 15586541 ns
[2025-12-03T16:36:57.303+0000][6][safepoint   ] Safepoint "Cleanup", Time since last: 7006587420 ns, Reaching safepoint: 680000 ns, At safepoint: 32542 ns, Total: 712542 ns
[2025-12-03T16:37:00.309+0000][6][safepoint   ] Safepoint "Cleanup", Time since last: 3005689668 ns, Reaching safepoint: 268750 ns, At safepoint: 14958 ns, Total: 283708 ns
[2025-12-03T16:37:01.315+0000][6][safepoint   ] Safepoint "Cleanup", Time since last: 1004100750 ns, Reaching safepoint: 351500 ns, At safepoint: 21250 ns, Total: 372750 ns
[2025-12-03T16:37:02.316+0000][6][safepoint   ] Safepoint "Cleanup", Time since last: 1000789917 ns, Reaching safepoint: 150792 ns, At safepoint: 17208 ns, Total: 168000 ns
[2025-12-03T16:37:03.319+0000][6][safepoint   ] Safepoint "Cleanup", Time since last: 1003283501 ns, Reaching safepoint: 176250 ns, At safepoint: 7625 ns, Total: 183875 ns
[2025-12-03T16:37:15.343+0000][6][safepoint   ] Safepoint "Cleanup", Time since last: 12016599214 ns, Reaching safepoint: 695917 ns, At safepoint: 19250 ns, Total: 715167 ns
[2025-12-03T16:37:16.352+0000][6][safepoint   ] Safepoint "Cleanup", Time since last: 1010568250 ns, Reaching safepoint: 3963917 ns, At safepoint: 171250 ns, Total: 4135167 ns
[2025-12-03T16:37:23.294+0000][6][gc,start    ] GC(256) Pause Young (Concurrent Start) (G1 Evacuation Pause)
[2025-12-03T16:37:23.295+0000][6][gc,task     ] GC(256) Using 8 workers of 8 for evacuation
[2025-12-03T16:37:23.296+0000][6][gc,age      ] GC(256) Desired survivor size 16777216 bytes, new threshold 15 (max threshold 15)
[2025-12-03T16:37:23.316+0000][6][gc,age      ] GC(256) Age table with threshold 15 (max threshold 15)
[2025-12-03T16:37:23.316+0000][6][gc,age      ] GC(256) - age   1:    2412536 bytes,    2412536 total
[2025-12-03T16:37:23.316+0000][6][gc,age      ] GC(256) - age   2:     247360 bytes,    2659896 total
[2025-12-03T16:37:23.316+0000][6][gc,age      ] GC(256) - age   3:      62664 bytes,    2722560 total
[2025-12-03T16:37:23.316+0000][6][gc,age      ] GC(256) - age   4:      69392 bytes,    2791952 total
[2025-12-03T16:37:23.316+0000][6][gc,age      ] GC(256) - age   5:      27000 bytes,    2818952 total
[2025-12-03T16:37:23.317+0000][6][gc,age      ] GC(256) - age   6:      53496 bytes,    2872448 total
[2025-12-03T16:37:23.317+0000][6][gc,age      ] GC(256) - age   7:     106000 bytes,    2978448 total
[2025-12-03T16:37:23.317+0000][6][gc,age      ] GC(256) - age   8:     378928 bytes,    3357376 total
[2025-12-03T16:37:23.317+0000][6][gc,age      ] GC(256) - age   9:    1016320 bytes,    4373696 total
[2025-12-03T16:37:23.317+0000][6][gc,age      ] GC(256) - age  10:      52976 bytes,    4426672 total
[2025-12-03T16:37:23.317+0000][6][gc,age      ] GC(256) - age  11:     232896 bytes,    4659568 total
[2025-12-03T16:37:23.317+0000][6][gc,age      ] GC(256) - age  12:     124192 bytes,    4783760 total
[2025-12-03T16:37:23.317+0000][6][gc,age      ] GC(256) - age  13:     136080 bytes,    4919840 total
[2025-12-03T16:37:23.317+0000][6][gc,age      ] GC(256) - age  14:      26688 bytes,    4946528 total
[2025-12-03T16:37:23.317+0000][6][gc,age      ] GC(256) - age  15:      53184 bytes,    4999712 total
[2025-12-03T16:37:23.317+0000][6][gc,phases   ] GC(256)   Pre Evacuate Collection Set: 3.5ms
[2025-12-03T16:37:23.317+0000][6][gc,phases   ] GC(256)   Merge Heap Roots: 0.2ms
[2025-12-03T16:37:23.317+0000][6][gc,phases   ] GC(256)   Evacuate Collection Set: 13.2ms
[2025-12-03T16:37:23.317+0000][6][gc,phases   ] GC(256)   Post Evacuate Collection Set: 2.8ms
[2025-12-03T16:37:23.318+0000][6][gc,phases   ] GC(256)   Other: 4.0ms
[2025-12-03T16:37:23.318+0000][6][gc,heap     ] GC(256) Eden regions: 62->0(62)
[2025-12-03T16:37:23.318+0000][6][gc,heap     ] GC(256) Survivor regions: 2->2(8)
[2025-12-03T16:37:23.318+0000][6][gc,heap     ] GC(256) Old regions: 38->38
[2025-12-03T16:37:23.318+0000][6][gc,heap     ] GC(256) Archive regions: 2->2
[2025-12-03T16:37:23.318+0000][6][gc,heap     ] GC(256) Humongous regions: 2->2
[2025-12-03T16:37:23.318+0000][6][gc,metaspace] GC(256) Metaspace: 118248K(119936K)->118248K(119936K) NonClass: 103351K(104320K)->103351K(104320K) Class: 14897K(15616K)->14897K(15616K)
[2025-12-03T16:37:23.318+0000][6][gc          ] GC(256) Pause Young (Concurrent Start) (G1 Evacuation Pause) 415M->166M(512M) 24.272ms
[2025-12-03T16:37:23.318+0000][6][gc,cpu      ] GC(256) User=0.10s Sys=0.00s Real=0.02s
[2025-12-03T16:37:23.318+0000][6][safepoint   ] Safepoint "G1CollectForAllocation", Time since last: 6941517461 ns, Reaching safepoint: 427667 ns, At safepoint: 24755167 ns, Total: 25182834 ns
[2025-12-03T16:37:23.318+0000][6][gc          ] GC(257) Concurrent Mark Cycle
[2025-12-03T16:37:23.318+0000][6][gc,marking  ] GC(257) Concurrent Clear Claimed Marks
[2025-12-03T16:37:23.319+0000][6][gc,marking  ] GC(257) Concurrent Clear Claimed Marks 0.192ms
[2025-12-03T16:37:23.319+0000][6][gc,marking  ] GC(257) Concurrent Scan Root Regions
[2025-12-03T16:37:23.323+0000][6][gc,marking  ] GC(257) Concurrent Scan Root Regions 3.886ms
[2025-12-03T16:37:23.323+0000][6][gc,marking  ] GC(257) Concurrent Mark
[2025-12-03T16:37:23.323+0000][6][gc,marking  ] GC(257) Concurrent Mark From Roots
[2025-12-03T16:37:23.323+0000][6][gc,task     ] GC(257) Using 2 workers of 2 for marking
[2025-12-03T16:37:23.384+0000][6][gc,marking  ] GC(257) Concurrent Mark From Roots 61.696ms
[2025-12-03T16:37:23.385+0000][6][gc,marking  ] GC(257) Concurrent Preclean
[2025-12-03T16:37:23.385+0000][6][gc,marking  ] GC(257) Concurrent Preclean 0.245ms
[2025-12-03T16:37:23.385+0000][6][gc,start    ] GC(257) Pause Remark
[2025-12-03T16:37:23.416+0000][6][gc          ] GC(257) Pause Remark 168M->168M(512M) 31.400ms
[2025-12-03T16:37:23.417+0000][6][gc,cpu      ] GC(257) User=0.23s Sys=0.00s Real=0.03s
[2025-12-03T16:37:23.417+0000][6][safepoint   ] Safepoint "G1Concurrent", Time since last: 66668166 ns, Reaching safepoint: 75375 ns, At safepoint: 31667625 ns, Total: 31743000 ns
[2025-12-03T16:37:23.417+0000][6][gc,marking  ] GC(257) Concurrent Mark 94.087ms
[2025-12-03T16:37:23.417+0000][6][gc,marking  ] GC(257) Concurrent Rebuild Remembered Sets
[2025-12-03T16:37:23.451+0000][6][gc,marking  ] GC(257) Concurrent Rebuild Remembered Sets 33.736ms
[2025-12-03T16:37:23.451+0000][6][gc,start    ] GC(257) Pause Cleanup
[2025-12-03T16:37:23.451+0000][6][gc          ] GC(257) Pause Cleanup 168M->168M(512M) 0.161ms
[2025-12-03T16:37:23.451+0000][6][gc,cpu      ] GC(257) User=0.00s Sys=0.00s Real=0.00s
[2025-12-03T16:37:23.451+0000][6][safepoint   ] Safepoint "G1Concurrent", Time since last: 34082959 ns, Reaching safepoint: 178791 ns, At safepoint: 325500 ns, Total: 504291 ns
[2025-12-03T16:37:23.451+0000][6][gc,marking  ] GC(257) Concurrent Cleanup for Next Mark
[2025-12-03T16:37:23.453+0000][6][gc,marking  ] GC(257) Concurrent Cleanup for Next Mark 1.558ms
[2025-12-03T16:37:23.453+0000][6][gc          ] GC(257) Concurrent Mark Cycle 134.666ms
[2025-12-03T16:37:28.465+0000][6][safepoint   ] Safepoint "Cleanup", Time since last: 5011756961 ns, Reaching safepoint: 1830333 ns, At safepoint: 17542 ns, Total: 1847875 ns
[2025-12-03T16:37:50.492+0000][6][safepoint   ] Safepoint "Cleanup", Time since last: 22025454760 ns, Reaching safepoint: 420791 ns, At safepoint: 18459 ns, Total: 439250 ns
[2025-12-03T16:37:52.494+0000][6][safepoint   ] Safepoint "Cleanup", Time since last: 2002615584 ns, Reaching safepoint: 210792 ns, At safepoint: 12333 ns, Total: 223125 ns
[2025-12-03T16:37:59.433+0000][6][gc,start    ] GC(258) Pause Young (Normal) (G1 Evacuation Pause)
[2025-12-03T16:37:59.434+0000][6][gc,task     ] GC(258) Using 8 workers of 8 for evacuation
[2025-12-03T16:37:59.434+0000][6][gc,age      ] GC(258) Desired survivor size 16777216 bytes, new threshold 15 (max threshold 15)
[2025-12-03T16:37:59.628+0000][6][gc,age      ] GC(258) Age table with threshold 15 (max threshold 15)
[2025-12-03T16:37:59.628+0000][6][gc,age      ] GC(258) - age   1:    2055064 bytes,    2055064 total
[2025-12-03T16:37:59.629+0000][6][gc,age      ] GC(258) - age   2:     687640 bytes,    2742704 total
[2025-12-03T16:37:59.629+0000][6][gc,age      ] GC(258) - age   3:      57264 bytes,    2799968 total
[2025-12-03T16:37:59.629+0000][6][gc,age      ] GC(258) - age   4:      61072 bytes,    2861040 total
[2025-12-03T16:37:59.629+0000][6][gc,age      ] GC(258) - age   5:      68800 bytes,    2929840 total
[2025-12-03T16:37:59.629+0000][6][gc,age      ] GC(258) - age   6:      26936 bytes,    2956776 total
[2025-12-03T16:37:59.629+0000][6][gc,age      ] GC(258) - age   7:      53368 bytes,    3010144 total
[2025-12-03T16:37:59.629+0000][6][gc,age      ] GC(258) - age   8:     105808 bytes,    3115952 total
[2025-12-03T16:37:59.629+0000][6][gc,age      ] GC(258) - age   9:     205648 bytes,    3321600 total
[2025-12-03T16:37:59.629+0000][6][gc,age      ] GC(258) - age  10:      90224 bytes,    3411824 total
[2025-12-03T16:37:59.629+0000][6][gc,age      ] GC(258) - age  11:      46096 bytes,    3457920 total
[2025-12-03T16:37:59.629+0000][6][gc,age      ] GC(258) - age  12:     232896 bytes,    3690816 total
[2025-12-03T16:37:59.629+0000][6][gc,age      ] GC(258) - age  13:     124192 bytes,    3815008 total
[2025-12-03T16:37:59.629+0000][6][gc,age      ] GC(258) - age  14:     136080 bytes,    3951088 total
[2025-12-03T16:37:59.629+0000][6][gc,age      ] GC(258) - age  15:      26688 bytes,    3977776 total
[2025-12-03T16:37:59.629+0000][6][gc,phases   ] GC(258)   Pre Evacuate Collection Set: 0.4ms
[2025-12-03T16:37:59.630+0000][6][gc,phases   ] GC(258)   Merge Heap Roots: 0.2ms
[2025-12-03T16:37:59.630+0000][6][gc,phases   ] GC(258)   Evacuate Collection Set: 175.9ms
[2025-12-03T16:37:59.630+0000][6][gc,phases   ] GC(258)   Post Evacuate Collection Set: 18.0ms
[2025-12-03T16:37:59.630+0000][6][gc,phases   ] GC(258)   Other: 2.2ms
[2025-12-03T16:37:59.630+0000][6][gc,heap     ] GC(258) Eden regions: 62->0(62)
[2025-12-03T16:37:59.630+0000][6][gc,heap     ] GC(258) Survivor regions: 2->2(8)
[2025-12-03T16:37:59.630+0000][6][gc,heap     ] GC(258) Old regions: 38->38
[2025-12-03T16:37:59.630+0000][6][gc,heap     ] GC(258) Archive regions: 2->2
[2025-12-03T16:37:59.630+0000][6][gc,heap     ] GC(258) Humongous regions: 2->2
[2025-12-03T16:37:59.630+0000][6][gc,metaspace] GC(258) Metaspace: 118248K(119936K)->118248K(119936K) NonClass: 103351K(104320K)->103351K(104320K) Class: 14897K(15616K)->14897K(15616K)
[2025-12-03T16:37:59.630+0000][6][gc          ] GC(258) Pause Young (Normal) (G1 Evacuation Pause) 414M->165M(512M) 197.263ms
[2025-12-03T16:37:59.631+0000][6][gc,cpu      ] GC(258) User=1.04s Sys=0.11s Real=0.19s
[2025-12-03T16:37:59.631+0000][6][safepoint   ] Safepoint "G1CollectForAllocation", Time since last: 6937931587 ns, Reaching safepoint: 420708 ns, At safepoint: 198585583 ns, Total: 199006291 ns
[2025-12-03T16:38:08.640+0000][6][safepoint   ] Safepoint "Cleanup", Time since last: 9007518587 ns, Reaching safepoint: 430542 ns, At safepoint: 12458 ns, Total: 443000 ns
[2025-12-03T16:38:12.645+0000][6][safepoint   ] Safepoint "Cleanup", Time since last: 4004356294 ns, Reaching safepoint: 386917 ns, At safepoint: 9916 ns, Total: 396833 ns
[2025-12-03T16:38:32.470+0000][6][gc,start    ] GC(259) Pause Young (Concurrent Start) (G1 Evacuation Pause)
[2025-12-03T16:38:32.471+0000][6][gc,task     ] GC(259) Using 8 workers of 8 for evacuation
[2025-12-03T16:38:32.472+0000][6][gc,age      ] GC(259) Desired survivor size 16777216 bytes, new threshold 15 (max threshold 15)
[2025-12-03T16:38:32.521+0000][6][gc,age      ] GC(259) Age table with threshold 15 (max threshold 15)
[2025-12-03T16:38:32.522+0000][6][gc,age      ] GC(259) - age   1:    1530976 bytes,    1530976 total
[2025-12-03T16:38:32.522+0000][6][gc,age      ] GC(259) - age   2:    1379544 bytes,    2910520 total
[2025-12-03T16:38:32.523+0000][6][gc,age      ] GC(259) - age   3:     682880 bytes,    3593400 total
[2025-12-03T16:38:32.523+0000][6][gc,age      ] GC(259) - age   4:      55328 bytes,    3648728 total
[2025-12-03T16:38:32.523+0000][6][gc,age      ] GC(259) - age   5:      60248 bytes,    3708976 total
[2025-12-03T16:38:32.523+0000][6][gc,age      ] GC(259) - age   6:      68480 bytes,    3777456 total
[2025-12-03T16:38:32.523+0000][6][gc,age      ] GC(259) - age   7:      26936 bytes,    3804392 total
[2025-12-03T16:38:32.523+0000][6][gc,age      ] GC(259) - age   8:      53304 bytes,    3857696 total
[2025-12-03T16:38:32.524+0000][6][gc,age      ] GC(259) - age   9:      81792 bytes,    3939488 total
[2025-12-03T16:38:32.524+0000][6][gc,age      ] GC(259) - age  10:     106440 bytes,    4045928 total
[2025-12-03T16:38:32.524+0000][6][gc,age      ] GC(259) - age  11:      90224 bytes,    4136152 total
[2025-12-03T16:38:32.524+0000][6][gc,age      ] GC(259) - age  12:      46096 bytes,    4182248 total
[2025-12-03T16:38:32.524+0000][6][gc,age      ] GC(259) - age  13:     232896 bytes,    4415144 total
[2025-12-03T16:38:32.524+0000][6][gc,age      ] GC(259) - age  14:     124192 bytes,    4539336 total
[2025-12-03T16:38:32.525+0000][6][gc,age      ] GC(259) - age  15:     136080 bytes,    4675416 total
[2025-12-03T16:38:32.525+0000][6][gc,phases   ] GC(259)   Pre Evacuate Collection Set: 3.5ms
[2025-12-03T16:38:32.526+0000][6][gc,phases   ] GC(259)   Merge Heap Roots: 0.2ms
[2025-12-03T16:38:32.529+0000][6][gc,phases   ] GC(259)   Evacuate Collection Set: 40.5ms
[2025-12-03T16:38:32.529+0000][6][gc,phases   ] GC(259)   Post Evacuate Collection Set: 4.7ms
[2025-12-03T16:38:32.529+0000][6][gc,phases   ] GC(259)   Other: 7.4ms
[2025-12-03T16:38:32.530+0000][6][gc,heap     ] GC(259) Eden regions: 62->0(62)
[2025-12-03T16:38:32.530+0000][6][gc,heap     ] GC(259) Survivor regions: 2->2(8)
[2025-12-03T16:38:32.530+0000][6][gc,heap     ] GC(259) Old regions: 38->38
[2025-12-03T16:38:32.530+0000][6][gc,heap     ] GC(259) Archive regions: 2->2
[2025-12-03T16:38:32.531+0000][6][gc,heap     ] GC(259) Humongous regions: 2->2
[2025-12-03T16:38:32.531+0000][6][gc,metaspace] GC(259) Metaspace: 118253K(119936K)->118253K(119936K) NonClass: 103354K(104320K)->103354K(104320K) Class: 14898K(15616K)->14898K(15616K)
[2025-12-03T16:38:32.532+0000][6][gc          ] GC(259) Pause Young (Concurrent Start) (G1 Evacuation Pause) 413M->166M(512M) 61.694ms
[2025-12-03T16:38:32.532+0000][6][gc,cpu      ] GC(259) User=0.13s Sys=0.00s Real=0.06s
[2025-12-03T16:38:32.532+0000][6][safepoint   ] Safepoint "G1CollectForAllocation", Time since last: 19822276592 ns, Reaching safepoint: 1120959 ns, At safepoint: 62873500 ns, Total: 63994459 ns
[2025-12-03T16:38:32.532+0000][6][gc          ] GC(260) Concurrent Mark Cycle
[2025-12-03T16:38:32.532+0000][6][gc,marking  ] GC(260) Concurrent Clear Claimed Marks
[2025-12-03T16:38:32.532+0000][6][gc,marking  ] GC(260) Concurrent Clear Claimed Marks 0.264ms
[2025-12-03T16:38:32.533+0000][6][gc,marking  ] GC(260) Concurrent Scan Root Regions
[2025-12-03T16:38:32.543+0000][6][gc,marking  ] GC(260) Concurrent Scan Root Regions 10.603ms
[2025-12-03T16:38:32.543+0000][6][gc,marking  ] GC(260) Concurrent Mark
[2025-12-03T16:38:32.543+0000][6][gc,marking  ] GC(260) Concurrent Mark From Roots
[2025-12-03T16:38:32.544+0000][6][gc,task     ] GC(260) Using 2 workers of 2 for marking
[2025-12-03T16:38:32.691+0000][6][gc,marking  ] GC(260) Concurrent Mark From Roots 147.612ms
[2025-12-03T16:38:32.691+0000][6][gc,marking  ] GC(260) Concurrent Preclean
[2025-12-03T16:38:32.692+0000][6][gc,marking  ] GC(260) Concurrent Preclean 0.563ms
[2025-12-03T16:38:32.692+0000][6][gc,start    ] GC(260) Pause Remark
[2025-12-03T16:38:32.729+0000][6][gc          ] GC(260) Pause Remark 170M->170M(512M) 36.192ms
[2025-12-03T16:38:32.729+0000][6][gc,cpu      ] GC(260) User=0.15s Sys=0.00s Real=0.04s
[2025-12-03T16:38:32.729+0000][6][safepoint   ] Safepoint "G1Concurrent", Time since last: 160418125 ns, Reaching safepoint: 106000 ns, At safepoint: 36504875 ns, Total: 36610875 ns
[2025-12-03T16:38:32.729+0000][6][gc,marking  ] GC(260) Concurrent Mark 185.737ms
[2025-12-03T16:38:32.729+0000][6][gc,marking  ] GC(260) Concurrent Rebuild Remembered Sets
[2025-12-03T16:38:32.767+0000][6][gc,marking  ] GC(260) Concurrent Rebuild Remembered Sets 37.562ms
[2025-12-03T16:38:32.767+0000][6][gc,start    ] GC(260) Pause Cleanup
[2025-12-03T16:38:32.767+0000][6][gc          ] GC(260) Pause Cleanup 171M->171M(512M) 0.179ms
[2025-12-03T16:38:32.767+0000][6][gc,cpu      ] GC(260) User=0.00s Sys=0.00s Real=0.00s
[2025-12-03T16:38:32.767+0000][6][safepoint   ] Safepoint "G1Concurrent", Time since last: 38094208 ns, Reaching safepoint: 71667 ns, At safepoint: 338083 ns, Total: 409750 ns
[2025-12-03T16:38:32.767+0000][6][gc,marking  ] GC(260) Concurrent Cleanup for Next Mark
[2025-12-03T16:38:32.769+0000][6][gc,marking  ] GC(260) Concurrent Cleanup for Next Mark 1.461ms
[2025-12-03T16:38:32.769+0000][6][gc          ] GC(260) Concurrent Mark Cycle 237.143ms
[2025-12-03T16:38:46.794+0000][6][safepoint   ] Safepoint "Cleanup", Time since last: 14025368424 ns, Reaching safepoint: 922416 ns, At safepoint: 38667 ns, Total: 961083 ns
[2025-12-03T16:38:51.807+0000][6][safepoint   ] Safepoint "Cleanup", Time since last: 5013075169 ns, Reaching safepoint: 66375 ns, At safepoint: 3958 ns, Total: 70333 ns
[2025-12-03T16:38:53.814+0000][6][safepoint   ] Safepoint "Cleanup", Time since last: 2006937793 ns, Reaching safepoint: 141000 ns, At safepoint: 4250 ns, Total: 145250 ns
[2025-12-03T16:38:54.815+0000][6][safepoint   ] Safepoint "Cleanup", Time since last: 1001273834 ns, Reaching safepoint: 78916 ns, At safepoint: 5334 ns, Total: 84250 ns
[2025-12-03T16:39:11.439+0000][6][gc,start    ] GC(261) Pause Young (Normal) (G1 Evacuation Pause)
[2025-12-03T16:39:11.439+0000][6][gc,task     ] GC(261) Using 8 workers of 8 for evacuation
[2025-12-03T16:39:11.439+0000][6][gc,age      ] GC(261) Desired survivor size 16777216 bytes, new threshold 15 (max threshold 15)
[2025-12-03T16:39:11.450+0000][6][gc,age      ] GC(261) Age table with threshold 15 (max threshold 15)
[2025-12-03T16:39:11.450+0000][6][gc,age      ] GC(261) - age   1:    1626368 bytes,    1626368 total
[2025-12-03T16:39:11.450+0000][6][gc,age      ] GC(261) - age   2:     398408 bytes,    2024776 total
[2025-12-03T16:39:11.451+0000][6][gc,age      ] GC(261) - age   3:    1376608 bytes,    3401384 total
[2025-12-03T16:39:11.451+0000][6][gc,age      ] GC(261) - age   4:     676416 bytes,    4077800 total
[2025-12-03T16:39:11.451+0000][6][gc,age      ] GC(261) - age   5:      54224 bytes,    4132024 total
[2025-12-03T16:39:11.451+0000][6][gc,age      ] GC(261) - age   6:      59800 bytes,    4191824 total
[2025-12-03T16:39:11.451+0000][6][gc,age      ] GC(261) - age   7:      68480 bytes,    4260304 total
[2025-12-03T16:39:11.451+0000][6][gc,age      ] GC(261) - age   8:      26936 bytes,    4287240 total
[2025-12-03T16:39:11.451+0000][6][gc,age      ] GC(261) - age   9:      52920 bytes,    4340160 total
[2025-12-03T16:39:11.451+0000][6][gc,age      ] GC(261) - age  10:      33648 bytes,    4373808 total
[2025-12-03T16:39:11.451+0000][6][gc,age      ] GC(261) - age  11:      20064 bytes,    4393872 total
[2025-12-03T16:39:11.451+0000][6][gc,age      ] GC(261) - age  12:      90224 bytes,    4484096 total
[2025-12-03T16:39:11.451+0000][6][gc,age      ] GC(261) - age  13:      46016 bytes,    4530112 total
[2025-12-03T16:39:11.451+0000][6][gc,age      ] GC(261) - age  14:     232896 bytes,    4763008 total
[2025-12-03T16:39:11.451+0000][6][gc,age      ] GC(261) - age  15:     124192 bytes,    4887200 total
[2025-12-03T16:39:11.451+0000][6][gc,phases   ] GC(261)   Pre Evacuate Collection Set: 0.3ms
[2025-12-03T16:39:11.451+0000][6][gc,phases   ] GC(261)   Merge Heap Roots: 0.2ms
[2025-12-03T16:39:11.451+0000][6][gc,phases   ] GC(261)   Evacuate Collection Set: 6.5ms
[2025-12-03T16:39:11.451+0000][6][gc,phases   ] GC(261)   Post Evacuate Collection Set: 3.5ms
[2025-12-03T16:39:11.452+0000][6][gc,phases   ] GC(261)   Other: 2.1ms
[2025-12-03T16:39:11.452+0000][6][gc,heap     ] GC(261) Eden regions: 62->0(62)
[2025-12-03T16:39:11.452+0000][6][gc,heap     ] GC(261) Survivor regions: 2->2(8)
[2025-12-03T16:39:11.452+0000][6][gc,heap     ] GC(261) Old regions: 38->38
[2025-12-03T16:39:11.452+0000][6][gc,heap     ] GC(261) Archive regions: 2->2
[2025-12-03T16:39:11.452+0000][6][gc,heap     ] GC(261) Humongous regions: 2->2
[2025-12-03T16:39:11.452+0000][6][gc,metaspace] GC(261) Metaspace: 118257K(119936K)->118257K(119936K) NonClass: 103358K(104320K)->103358K(104320K) Class: 14898K(15616K)->14898K(15616K)
[2025-12-03T16:39:11.452+0000][6][gc          ] GC(261) Pause Young (Normal) (G1 Evacuation Pause) 414M->166M(512M) 13.243ms
[2025-12-03T16:39:11.452+0000][6][gc,cpu      ] GC(261) User=0.07s Sys=0.00s Real=0.01s
[2025-12-03T16:39:11.452+0000][6][safepoint   ] Safepoint "G1CollectForAllocation", Time since last: 16621945674 ns, Reaching safepoint: 436333 ns, At safepoint: 13481334 ns, Total: 13917667 ns
[2025-12-03T16:39:29.485+0000][6][safepoint   ] Safepoint "Cleanup", Time since last: 18030613883 ns, Reaching safepoint: 2722334 ns, At safepoint: 18333 ns, Total: 2740667 ns
[2025-12-03T16:39:32.490+0000][6][safepoint   ] Safepoint "Cleanup", Time since last: 3003905625 ns, Reaching safepoint: 68917 ns, At safepoint: 4000 ns, Total: 72917 ns
[2025-12-03T16:39:38.499+0000][6][safepoint   ] Safepoint "Cleanup", Time since last: 6008124586 ns, Reaching safepoint: 791417 ns, At safepoint: 12292 ns, Total: 803709 ns
[2025-12-03T16:39:53.474+0000][6][gc,start    ] GC(262) Pause Young (Concurrent Start) (G1 Evacuation Pause)
[2025-12-03T16:39:53.474+0000][6][gc,task     ] GC(262) Using 8 workers of 8 for evacuation
[2025-12-03T16:39:53.474+0000][6][gc,age      ] GC(262) Desired survivor size 16777216 bytes, new threshold 15 (max threshold 15)
[2025-12-03T16:39:53.494+0000][6][gc,age      ] GC(262) Age table with threshold 15 (max threshold 15)
[2025-12-03T16:39:53.494+0000][6][gc,age      ] GC(262) - age   1:    2500184 bytes,    2500184 total
[2025-12-03T16:39:53.494+0000][6][gc,age      ] GC(262) - age   2:     218304 bytes,    2718488 total
[2025-12-03T16:39:53.495+0000][6][gc,age      ] GC(262) - age   3:     203688 bytes,    2922176 total
[2025-12-03T16:39:53.495+0000][6][gc,age      ] GC(262) - age   4:    1375888 bytes,    4298064 total
[2025-12-03T16:39:53.495+0000][6][gc,age      ] GC(262) - age   5:     177656 bytes,    4475720 total
[2025-12-03T16:39:53.495+0000][6][gc,age      ] GC(262) - age   6:      53808 bytes,    4529528 total
[2025-12-03T16:39:53.495+0000][6][gc,age      ] GC(262) - age   7:      59800 bytes,    4589328 total
[2025-12-03T16:39:53.495+0000][6][gc,age      ] GC(262) - age   8:      68480 bytes,    4657808 total
[2025-12-03T16:39:53.495+0000][6][gc,age      ] GC(262) - age   9:      26936 bytes,    4684744 total
[2025-12-03T16:39:53.495+0000][6][gc,age      ] GC(262) - age  10:      52920 bytes,    4737664 total
[2025-12-03T16:39:53.495+0000][6][gc,age      ] GC(262) - age  11:      33648 bytes,    4771312 total
[2025-12-03T16:39:53.495+0000][6][gc,age      ] GC(262) - age  12:      20064 bytes,    4791376 total
[2025-12-03T16:39:53.496+0000][6][gc,age      ] GC(262) - age  13:      90224 bytes,    4881600 total
[2025-12-03T16:39:53.496+0000][6][gc,age      ] GC(262) - age  14:      46016 bytes,    4927616 total
[2025-12-03T16:39:53.496+0000][6][gc,age      ] GC(262) - age  15:     232896 bytes,    5160512 total
[2025-12-03T16:39:53.496+0000][6][gc,phases   ] GC(262)   Pre Evacuate Collection Set: 1.8ms
[2025-12-03T16:39:53.496+0000][6][gc,phases   ] GC(262)   Merge Heap Roots: 0.2ms
[2025-12-03T16:39:53.496+0000][6][gc,phases   ] GC(262)   Evacuate Collection Set: 9.9ms
[2025-12-03T16:39:53.496+0000][6][gc,phases   ] GC(262)   Post Evacuate Collection Set: 7.7ms
[2025-12-03T16:39:53.496+0000][6][gc,phases   ] GC(262)   Other: 2.8ms
[2025-12-03T16:39:53.496+0000][6][gc,heap     ] GC(262) Eden regions: 62->0(62)
[2025-12-03T16:39:53.496+0000][6][gc,heap     ] GC(262) Survivor regions: 2->2(8)
[2025-12-03T16:39:53.496+0000][6][gc,heap     ] GC(262) Old regions: 38->38
[2025-12-03T16:39:53.496+0000][6][gc,heap     ] GC(262) Archive regions: 2->2
[2025-12-03T16:39:53.496+0000][6][gc,heap     ] GC(262) Humongous regions: 2->2
[2025-12-03T16:39:53.496+0000][6][gc,metaspace] GC(262) Metaspace: 118261K(119936K)->118261K(119936K) NonClass: 103362K(104320K)->103362K(104320K) Class: 14898K(15616K)->14898K(15616K)
[2025-12-03T16:39:53.496+0000][6][gc          ] GC(262) Pause Young (Concurrent Start) (G1 Evacuation Pause) 414M->167M(512M) 22.895ms
[2025-12-03T16:39:53.496+0000][6][gc,cpu      ] GC(262) User=0.09s Sys=0.00s Real=0.03s
[2025-12-03T16:39:53.497+0000][6][safepoint   ] Safepoint "G1CollectForAllocation", Time since last: 14973818048 ns, Reaching safepoint: 377334 ns, At safepoint: 23290000 ns, Total: 23667334 ns
[2025-12-03T16:39:53.497+0000][6][gc          ] GC(263) Concurrent Mark Cycle
[2025-12-03T16:39:53.497+0000][6][gc,marking  ] GC(263) Concurrent Clear Claimed Marks
[2025-12-03T16:39:53.497+0000][6][gc,marking  ] GC(263) Concurrent Clear Claimed Marks 0.193ms
[2025-12-03T16:39:53.497+0000][6][gc,marking  ] GC(263) Concurrent Scan Root Regions
[2025-12-03T16:39:53.503+0000][6][gc,marking  ] GC(263) Concurrent Scan Root Regions 5.683ms
[2025-12-03T16:39:53.503+0000][6][gc,marking  ] GC(263) Concurrent Mark
[2025-12-03T16:39:53.503+0000][6][gc,marking  ] GC(263) Concurrent Mark From Roots
[2025-12-03T16:39:53.503+0000][6][gc,task     ] GC(263) Using 2 workers of 2 for marking
[2025-12-03T16:39:53.615+0000][6][gc,marking  ] GC(263) Concurrent Mark From Roots 112.184ms
[2025-12-03T16:39:53.616+0000][6][gc,marking  ] GC(263) Concurrent Preclean
[2025-12-03T16:39:53.616+0000][6][gc,marking  ] GC(263) Concurrent Preclean 0.314ms
[2025-12-03T16:39:53.616+0000][6][gc,start    ] GC(263) Pause Remark
[2025-12-03T16:39:53.665+0000][6][gc          ] GC(263) Pause Remark 175M->175M(512M) 48.376ms
[2025-12-03T16:39:53.665+0000][6][gc,cpu      ] GC(263) User=0.26s Sys=0.00s Real=0.04s
[2025-12-03T16:39:53.665+0000][6][safepoint   ] Safepoint "G1Concurrent", Time since last: 119290875 ns, Reaching safepoint: 247041 ns, At safepoint: 48643792 ns, Total: 48890833 ns
[2025-12-03T16:39:53.665+0000][6][gc,marking  ] GC(263) Concurrent Mark 161.822ms
[2025-12-03T16:39:53.665+0000][6][gc,marking  ] GC(263) Concurrent Rebuild Remembered Sets
[2025-12-03T16:39:53.700+0000][6][gc,marking  ] GC(263) Concurrent Rebuild Remembered Sets 34.685ms
[2025-12-03T16:39:53.700+0000][6][gc,start    ] GC(263) Pause Cleanup
[2025-12-03T16:39:53.700+0000][6][gc          ] GC(263) Pause Cleanup 175M->175M(512M) 0.164ms
[2025-12-03T16:39:53.700+0000][6][gc,cpu      ] GC(263) User=0.00s Sys=0.00s Real=0.00s
[2025-12-03T16:39:53.700+0000][6][safepoint   ] Safepoint "G1Concurrent", Time since last: 35017250 ns, Reaching safepoint: 68834 ns, At safepoint: 327000 ns, Total: 395834 ns
[2025-12-03T16:39:53.700+0000][6][gc,marking  ] GC(263) Concurrent Cleanup for Next Mark
[2025-12-03T16:39:53.702+0000][6][gc,marking  ] GC(263) Concurrent Cleanup for Next Mark 1.764ms
[2025-12-03T16:39:53.702+0000][6][gc          ] GC(263) Concurrent Mark Cycle 205.242ms
[2025-12-03T16:40:10.741+0000][6][safepoint   ] Safepoint "Cleanup", Time since last: 17039830590 ns, Reaching safepoint: 174500 ns, At safepoint: 16334 ns, Total: 190834 ns
[2025-12-03T16:40:29.621+0000][6][gc,start    ] GC(264) Pause Young (Normal) (G1 Evacuation Pause)
[2025-12-03T16:40:29.621+0000][6][gc,task     ] GC(264) Using 8 workers of 8 for evacuation
[2025-12-03T16:40:29.621+0000][6][gc,age      ] GC(264) Desired survivor size 16777216 bytes, new threshold 15 (max threshold 15)
[2025-12-03T16:40:29.631+0000][6][gc,age      ] GC(264) Age table with threshold 15 (max threshold 15)
[2025-12-03T16:40:29.631+0000][6][gc,age      ] GC(264) - age   1:    2984928 bytes,    2984928 total
[2025-12-03T16:40:29.632+0000][6][gc,age      ] GC(264) - age   2:     533800 bytes,    3518728 total
[2025-12-03T16:40:29.632+0000][6][gc,age      ] GC(264) - age   3:     212824 bytes,    3731552 total
[2025-12-03T16:40:29.632+0000][6][gc,age      ] GC(264) - age   4:     202568 bytes,    3934120 total
[2025-12-03T16:40:29.632+0000][6][gc,age      ] GC(264) - age   5:    1375824 bytes,    5309944 total
[2025-12-03T16:40:29.632+0000][6][gc,age      ] GC(264) - age   6:     177528 bytes,    5487472 total
[2025-12-03T16:40:29.632+0000][6][gc,age      ] GC(264) - age   7:      53744 bytes,    5541216 total
[2025-12-03T16:40:29.632+0000][6][gc,age      ] GC(264) - age   8:      59800 bytes,    5601016 total
[2025-12-03T16:40:29.632+0000][6][gc,age      ] GC(264) - age   9:      68368 bytes,    5669384 total
[2025-12-03T16:40:29.632+0000][6][gc,age      ] GC(264) - age  10:      26936 bytes,    5696320 total
[2025-12-03T16:40:29.632+0000][6][gc,age      ] GC(264) - age  11:      52920 bytes,    5749240 total
[2025-12-03T16:40:29.632+0000][6][gc,age      ] GC(264) - age  12:      33648 bytes,    5782888 total
[2025-12-03T16:40:29.632+0000][6][gc,age      ] GC(264) - age  13:      20064 bytes,    5802952 total
[2025-12-03T16:40:29.632+0000][6][gc,age      ] GC(264) - age  14:      90224 bytes,    5893176 total
[2025-12-03T16:40:29.632+0000][6][gc,age      ] GC(264) - age  15:      46016 bytes,    5939192 total
[2025-12-03T16:40:29.632+0000][6][gc,phases   ] GC(264)   Pre Evacuate Collection Set: 0.4ms
[2025-12-03T16:40:29.633+0000][6][gc,phases   ] GC(264)   Merge Heap Roots: 0.3ms
[2025-12-03T16:40:29.633+0000][6][gc,phases   ] GC(264)   Evacuate Collection Set: 7.6ms
[2025-12-03T16:40:29.633+0000][6][gc,phases   ] GC(264)   Post Evacuate Collection Set: 1.8ms
[2025-12-03T16:40:29.633+0000][6][gc,phases   ] GC(264)   Other: 1.9ms
[2025-12-03T16:40:29.633+0000][6][gc,heap     ] GC(264) Eden regions: 62->0(62)
[2025-12-03T16:40:29.633+0000][6][gc,heap     ] GC(264) Survivor regions: 2->2(8)
[2025-12-03T16:40:29.633+0000][6][gc,heap     ] GC(264) Old regions: 38->38
[2025-12-03T16:40:29.633+0000][6][gc,heap     ] GC(264) Archive regions: 2->2
[2025-12-03T16:40:29.633+0000][6][gc,heap     ] GC(264) Humongous regions: 2->2
[2025-12-03T16:40:29.633+0000][6][gc,metaspace] GC(264) Metaspace: 118264K(119936K)->118264K(119936K) NonClass: 103365K(104320K)->103365K(104320K) Class: 14898K(15616K)->14898K(15616K)
[2025-12-03T16:40:29.633+0000][6][gc          ] GC(264) Pause Young (Normal) (G1 Evacuation Pause) 415M->168M(512M) 12.731ms
[2025-12-03T16:40:29.633+0000][6][gc,cpu      ] GC(264) User=0.07s Sys=0.00s Real=0.01s
[2025-12-03T16:40:29.633+0000][6][safepoint   ] Safepoint "G1CollectForAllocation", Time since last: 18879202550 ns, Reaching safepoint: 127709 ns, At safepoint: 12984208 ns, Total: 13111917 ns
[2025-12-03T16:40:32.638+0000][6][safepoint   ] Safepoint "Cleanup", Time since last: 3003512001 ns, Reaching safepoint: 226375 ns, At safepoint: 11750 ns, Total: 238125 ns
[2025-12-03T16:40:38.648+0000][6][safepoint   ] Safepoint "Cleanup", Time since last: 6009780795 ns, Reaching safepoint: 97625 ns, At safepoint: 4000 ns, Total: 101625 ns
[2025-12-03T16:40:41.656+0000][6][safepoint   ] Safepoint "Cleanup", Time since last: 3007166501 ns, Reaching safepoint: 148583 ns, At safepoint: 8000 ns, Total: 156583 ns
[2025-12-03T16:40:46.659+0000][6][safepoint   ] Safepoint "Cleanup", Time since last: 5003572086 ns, Reaching safepoint: 250000 ns, At safepoint: 15000 ns, Total: 265000 ns
[2025-12-03T16:41:05.688+0000][6][safepoint   ] Safepoint "Cleanup", Time since last: 19027819634 ns, Reaching safepoint: 79250 ns, At safepoint: 3291 ns, Total: 82541 ns
[2025-12-03T16:41:05.733+0000][6][gc,start    ] GC(265) Pause Young (Concurrent Start) (G1 Evacuation Pause)
[2025-12-03T16:41:05.733+0000][6][gc,task     ] GC(265) Using 8 workers of 8 for evacuation
[2025-12-03T16:41:05.734+0000][6][gc,age      ] GC(265) Desired survivor size 16777216 bytes, new threshold 15 (max threshold 15)
[2025-12-03T16:41:05.748+0000][6][gc,age      ] GC(265) Age table with threshold 15 (max threshold 15)
[2025-12-03T16:41:05.748+0000][6][gc,age      ] GC(265) - age   1:    2534992 bytes,    2534992 total
[2025-12-03T16:41:05.748+0000][6][gc,age      ] GC(265) - age   2:      46752 bytes,    2581744 total
[2025-12-03T16:41:05.748+0000][6][gc,age      ] GC(265) - age   3:     530032 bytes,    3111776 total
[2025-12-03T16:41:05.748+0000][6][gc,age      ] GC(265) - age   4:     211768 bytes,    3323544 total
[2025-12-03T16:41:05.748+0000][6][gc,age      ] GC(265) - age   5:     202184 bytes,    3525728 total
[2025-12-03T16:41:05.748+0000][6][gc,age      ] GC(265) - age   6:    1375488 bytes,    4901216 total
[2025-12-03T16:41:05.748+0000][6][gc,age      ] GC(265) - age   7:     177336 bytes,    5078552 total
[2025-12-03T16:41:05.748+0000][6][gc,age      ] GC(265) - age   8:      53744 bytes,    5132296 total
[2025-12-03T16:41:05.748+0000][6][gc,age      ] GC(265) - age   9:      59736 bytes,    5192032 total
[2025-12-03T16:41:05.748+0000][6][gc,age      ] GC(265) - age  10:      68368 bytes,    5260400 total
[2025-12-03T16:41:05.749+0000][6][gc,age      ] GC(265) - age  11:      26936 bytes,    5287336 total
[2025-12-03T16:41:05.749+0000][6][gc,age      ] GC(265) - age  12:      52920 bytes,    5340256 total
[2025-12-03T16:41:05.749+0000][6][gc,age      ] GC(265) - age  13:      33648 bytes,    5373904 total
[2025-12-03T16:41:05.749+0000][6][gc,age      ] GC(265) - age  14:      20064 bytes,    5393968 total
[2025-12-03T16:41:05.749+0000][6][gc,age      ] GC(265) - age  15:      90224 bytes,    5484192 total
[2025-12-03T16:41:05.749+0000][6][gc,phases   ] GC(265)   Pre Evacuate Collection Set: 1.7ms
[2025-12-03T16:41:05.749+0000][6][gc,phases   ] GC(265)   Merge Heap Roots: 0.2ms
[2025-12-03T16:41:05.749+0000][6][gc,phases   ] GC(265)   Evacuate Collection Set: 10.1ms
[2025-12-03T16:41:05.749+0000][6][gc,phases   ] GC(265)   Post Evacuate Collection Set: 1.7ms
[2025-12-03T16:41:05.749+0000][6][gc,phases   ] GC(265)   Other: 2.0ms
[2025-12-03T16:41:05.749+0000][6][gc,heap     ] GC(265) Eden regions: 62->0(61)
[2025-12-03T16:41:05.749+0000][6][gc,heap     ] GC(265) Survivor regions: 2->2(8)
[2025-12-03T16:41:05.749+0000][6][gc,heap     ] GC(265) Old regions: 38->38
[2025-12-03T16:41:05.749+0000][6][gc,heap     ] GC(265) Archive regions: 2->2
[2025-12-03T16:41:05.749+0000][6][gc,heap     ] GC(265) Humongous regions: 2->2
[2025-12-03T16:41:05.749+0000][6][gc,metaspace] GC(265) Metaspace: 118264K(119936K)->118264K(119936K) NonClass: 103365K(104320K)->103365K(104320K) Class: 14898K(15616K)->14898K(15616K)
[2025-12-03T16:41:05.749+0000][6][gc          ] GC(265) Pause Young (Concurrent Start) (G1 Evacuation Pause) 416M->168M(512M) 16.253ms
[2025-12-03T16:41:05.749+0000][6][gc,cpu      ] GC(265) User=0.07s Sys=0.00s Real=0.02s
[2025-12-03T16:41:05.750+0000][6][safepoint   ] Safepoint "G1CollectForAllocation", Time since last: 44773875 ns, Reaching safepoint: 69084 ns, At safepoint: 16488000 ns, Total: 16557084 ns
[2025-12-03T16:41:05.750+0000][6][gc          ] GC(266) Concurrent Mark Cycle
[2025-12-03T16:41:05.750+0000][6][gc,marking  ] GC(266) Concurrent Clear Claimed Marks
[2025-12-03T16:41:05.750+0000][6][gc,marking  ] GC(266) Concurrent Clear Claimed Marks 0.190ms
[2025-12-03T16:41:05.750+0000][6][gc,marking  ] GC(266) Concurrent Scan Root Regions
[2025-12-03T16:41:05.753+0000][6][gc,marking  ] GC(266) Concurrent Scan Root Regions 2.857ms
[2025-12-03T16:41:05.753+0000][6][gc,marking  ] GC(266) Concurrent Mark
[2025-12-03T16:41:05.753+0000][6][gc,marking  ] GC(266) Concurrent Mark From Roots
[2025-12-03T16:41:05.753+0000][6][gc,task     ] GC(266) Using 2 workers of 2 for marking
[2025-12-03T16:41:05.821+0000][6][gc,marking  ] GC(266) Concurrent Mark From Roots 68.277ms
[2025-12-03T16:41:05.821+0000][6][gc,marking  ] GC(266) Concurrent Preclean
[2025-12-03T16:41:05.822+0000][6][gc,marking  ] GC(266) Concurrent Preclean 0.239ms
[2025-12-03T16:41:05.822+0000][6][gc,start    ] GC(266) Pause Remark
[2025-12-03T16:41:05.843+0000][6][gc          ] GC(266) Pause Remark 173M->173M(512M) 20.921ms
[2025-12-03T16:41:05.843+0000][6][gc,cpu      ] GC(266) User=0.15s Sys=0.00s Real=0.02s
[2025-12-03T16:41:05.843+0000][6][safepoint   ] Safepoint "G1Concurrent", Time since last: 72090666 ns, Reaching safepoint: 108625 ns, At safepoint: 21170292 ns, Total: 21278917 ns
[2025-12-03T16:41:05.843+0000][6][gc,marking  ] GC(266) Concurrent Mark 90.223ms
[2025-12-03T16:41:05.843+0000][6][gc,marking  ] GC(266) Concurrent Rebuild Remembered Sets
[2025-12-03T16:41:05.880+0000][6][gc,marking  ] GC(266) Concurrent Rebuild Remembered Sets 36.966ms
[2025-12-03T16:41:05.880+0000][6][gc,start    ] GC(266) Pause Cleanup
[2025-12-03T16:41:05.881+0000][6][gc          ] GC(266) Pause Cleanup 173M->173M(512M) 0.282ms
[2025-12-03T16:41:05.881+0000][6][gc,cpu      ] GC(266) User=0.00s Sys=0.00s Real=0.00s
[2025-12-03T16:41:05.881+0000][6][safepoint   ] Safepoint "G1Concurrent", Time since last: 37329083 ns, Reaching safepoint: 76250 ns, At safepoint: 502834 ns, Total: 579084 ns
[2025-12-03T16:41:05.881+0000][6][gc,marking  ] GC(266) Concurrent Cleanup for Next Mark
[2025-12-03T16:41:05.883+0000][6][gc,marking  ] GC(266) Concurrent Cleanup for Next Mark 1.544ms
[2025-12-03T16:41:05.883+0000][6][gc          ] GC(266) Concurrent Mark Cycle 133.064ms
[2025-12-03T16:41:10.890+0000][6][safepoint   ] Safepoint "Cleanup", Time since last: 5008382752 ns, Reaching safepoint: 821542 ns, At safepoint: 27833 ns, Total: 849375 ns
[2025-12-03T16:41:26.921+0000][6][safepoint   ] Safepoint "Cleanup", Time since last: 16029925216 ns, Reaching safepoint: 1132875 ns, At safepoint: 18292 ns, Total: 1151167 ns
[2025-12-03T16:41:32.935+0000][6][safepoint   ] Safepoint "Cleanup", Time since last: 6012754252 ns, Reaching safepoint: 209417 ns, At safepoint: 9208 ns, Total: 218625 ns
[2025-12-03T16:41:41.959+0000][6][safepoint   ] Safepoint "Cleanup", Time since last: 9021514129 ns, Reaching safepoint: 2601625 ns, At safepoint: 20834 ns, Total: 2622459 ns
[2025-12-03T16:41:44.586+0000][6][gc,start    ] GC(267) Pause Young (Normal) (G1 Evacuation Pause)
[2025-12-03T16:41:44.586+0000][6][gc,task     ] GC(267) Using 8 workers of 8 for evacuation
[2025-12-03T16:41:44.587+0000][6][gc,age      ] GC(267) Desired survivor size 16777216 bytes, new threshold 15 (max threshold 15)
[2025-12-03T16:41:44.597+0000][6][gc,age      ] GC(267) Age table with threshold 15 (max threshold 15)
[2025-12-03T16:41:44.598+0000][6][gc,age      ] GC(267) - age   1:    1257080 bytes,    1257080 total
[2025-12-03T16:41:44.598+0000][6][gc,age      ] GC(267) - age   2:      60520 bytes,    1317600 total
[2025-12-03T16:41:44.598+0000][6][gc,age      ] GC(267) - age   3:      39912 bytes,    1357512 total
[2025-12-03T16:41:44.598+0000][6][gc,age      ] GC(267) - age   4:      29040 bytes,    1386552 total
[2025-12-03T16:41:44.598+0000][6][gc,age      ] GC(267) - age   5:     211576 bytes,    1598128 total
[2025-12-03T16:41:44.598+0000][6][gc,age      ] GC(267) - age   6:     201960 bytes,    1800088 total
[2025-12-03T16:41:44.598+0000][6][gc,age      ] GC(267) - age   7:    1375424 bytes,    3175512 total
[2025-12-03T16:41:44.598+0000][6][gc,age      ] GC(267) - age   8:     177144 bytes,    3352656 total
[2025-12-03T16:41:44.598+0000][6][gc,age      ] GC(267) - age   9:      53744 bytes,    3406400 total
[2025-12-03T16:41:44.598+0000][6][gc,age      ] GC(267) - age  10:      59736 bytes,    3466136 total
[2025-12-03T16:41:44.598+0000][6][gc,age      ] GC(267) - age  11:      68368 bytes,    3534504 total
[2025-12-03T16:41:44.598+0000][6][gc,age      ] GC(267) - age  12:      26936 bytes,    3561440 total
[2025-12-03T16:41:44.598+0000][6][gc,age      ] GC(267) - age  13:      52920 bytes,    3614360 total
[2025-12-03T16:41:44.598+0000][6][gc,age      ] GC(267) - age  14:      33648 bytes,    3648008 total
[2025-12-03T16:41:44.598+0000][6][gc,age      ] GC(267) - age  15:      20064 bytes,    3668072 total
[2025-12-03T16:41:44.598+0000][6][gc,phases   ] GC(267)   Pre Evacuate Collection Set: 0.4ms
[2025-12-03T16:41:44.598+0000][6][gc,phases   ] GC(267)   Merge Heap Roots: 0.2ms
[2025-12-03T16:41:44.598+0000][6][gc,phases   ] GC(267)   Evacuate Collection Set: 7.9ms
[2025-12-03T16:41:44.598+0000][6][gc,phases   ] GC(267)   Post Evacuate Collection Set: 2.2ms
[2025-12-03T16:41:44.598+0000][6][gc,phases   ] GC(267)   Other: 1.5ms
[2025-12-03T16:41:44.599+0000][6][gc,heap     ] GC(267) Eden regions: 61->0(63)
[2025-12-03T16:41:44.599+0000][6][gc,heap     ] GC(267) Survivor regions: 2->1(8)
[2025-12-03T16:41:44.599+0000][6][gc,heap     ] GC(267) Old regions: 38->38
[2025-12-03T16:41:44.599+0000][6][gc,heap     ] GC(267) Archive regions: 2->2
[2025-12-03T16:41:44.599+0000][6][gc,heap     ] GC(267) Humongous regions: 2->2
[2025-12-03T16:41:44.599+0000][6][gc,metaspace] GC(267) Metaspace: 118270K(119936K)->118270K(119936K) NonClass: 103371K(104320K)->103371K(104320K) Class: 14898K(15616K)->14898K(15616K)
[2025-12-03T16:41:44.599+0000][6][gc          ] GC(267) Pause Young (Normal) (G1 Evacuation Pause) 412M->166M(512M) 12.616ms
[2025-12-03T16:41:44.599+0000][6][gc,cpu      ] GC(267) User=0.06s Sys=0.00s Real=0.02s
[2025-12-03T16:41:44.599+0000][6][safepoint   ] Safepoint "G1CollectForAllocation", Time since last: 2626797292 ns, Reaching safepoint: 160500 ns, At safepoint: 12868334 ns, Total: 13028834 ns
[2025-12-03T16:42:04.629+0000][6][safepoint   ] Safepoint "Cleanup", Time since last: 20026861550 ns, Reaching safepoint: 290917 ns, At safepoint: 27042 ns, Total: 317959 ns
[2025-12-03T16:42:27.178+0000][6][gc,start    ] GC(268) Pause Young (Concurrent Start) (G1 Evacuation Pause)
[2025-12-03T16:42:27.181+0000][6][gc,task     ] GC(268) Using 8 workers of 8 for evacuation
[2025-12-03T16:42:27.182+0000][6][gc,age      ] GC(268) Desired survivor size 16777216 bytes, new threshold 15 (max threshold 15)
[2025-12-03T16:42:27.195+0000][6][gc,age      ] GC(268) Age table with threshold 15 (max threshold 15)
[2025-12-03T16:42:27.195+0000][6][gc,age      ] GC(268) - age   1:    1842216 bytes,    1842216 total
[2025-12-03T16:42:27.195+0000][6][gc,age      ] GC(268) - age   2:     720512 bytes,    2562728 total
[2025-12-03T16:42:27.195+0000][6][gc,age      ] GC(268) - age   3:      54832 bytes,    2617560 total
[2025-12-03T16:42:27.195+0000][6][gc,age      ] GC(268) - age   4:      38800 bytes,    2656360 total
[2025-12-03T16:42:27.195+0000][6][gc,age      ] GC(268) - age   5:      28624 bytes,    2684984 total
[2025-12-03T16:42:27.195+0000][6][gc,age      ] GC(268) - age   6:     211448 bytes,    2896432 total
[2025-12-03T16:42:27.195+0000][6][gc,age      ] GC(268) - age   7:     201696 bytes,    3098128 total
[2025-12-03T16:42:27.195+0000][6][gc,age      ] GC(268) - age   8:    1375424 bytes,    4473552 total
[2025-12-03T16:42:27.195+0000][6][gc,age      ] GC(268) - age   9:     147024 bytes,    4620576 total
[2025-12-03T16:42:27.195+0000][6][gc,age      ] GC(268) - age  10:      53744 bytes,    4674320 total
[2025-12-03T16:42:27.195+0000][6][gc,age      ] GC(268) - age  11:      59736 bytes,    4734056 total
[2025-12-03T16:42:27.195+0000][6][gc,age      ] GC(268) - age  12:      68368 bytes,    4802424 total
[2025-12-03T16:42:27.196+0000][6][gc,age      ] GC(268) - age  13:      26936 bytes,    4829360 total
[2025-12-03T16:42:27.196+0000][6][gc,age      ] GC(268) - age  14:      52920 bytes,    4882280 total
[2025-12-03T16:42:27.196+0000][6][gc,age      ] GC(268) - age  15:      33648 bytes,    4915928 total
[2025-12-03T16:42:27.196+0000][6][gc,phases   ] GC(268)   Pre Evacuate Collection Set: 2.5ms
[2025-12-03T16:42:27.196+0000][6][gc,phases   ] GC(268)   Merge Heap Roots: 0.2ms
[2025-12-03T16:42:27.196+0000][6][gc,phases   ] GC(268)   Evacuate Collection Set: 8.0ms
[2025-12-03T16:42:27.196+0000][6][gc,phases   ] GC(268)   Post Evacuate Collection Set: 2.1ms
[2025-12-03T16:42:27.196+0000][6][gc,phases   ] GC(268)   Other: 5.4ms
[2025-12-03T16:42:27.196+0000][6][gc,heap     ] GC(268) Eden regions: 63->0(62)
[2025-12-03T16:42:27.196+0000][6][gc,heap     ] GC(268) Survivor regions: 1->2(8)
[2025-12-03T16:42:27.196+0000][6][gc,heap     ] GC(268) Old regions: 38->38
[2025-12-03T16:42:27.196+0000][6][gc,heap     ] GC(268) Archive regions: 2->2
[2025-12-03T16:42:27.196+0000][6][gc,heap     ] GC(268) Humongous regions: 2->2
[2025-12-03T16:42:27.196+0000][6][gc,metaspace] GC(268) Metaspace: 118275K(120000K)->118275K(120000K) NonClass: 103376K(104384K)->103376K(104384K) Class: 14898K(15616K)->14898K(15616K)
[2025-12-03T16:42:27.196+0000][6][gc          ] GC(268) Pause Young (Concurrent Start) (G1 Evacuation Pause) 418M->167M(512M) 18.870ms
[2025-12-03T16:42:27.197+0000][6][gc,cpu      ] GC(268) User=0.05s Sys=0.00s Real=0.02s
[2025-12-03T16:42:27.197+0000][6][safepoint   ] Safepoint "G1CollectForAllocation", Time since last: 22548391719 ns, Reaching safepoint: 505458 ns, At safepoint: 19297250 ns, Total: 19802708 ns
[2025-12-03T16:42:27.197+0000][6][gc          ] GC(269) Concurrent Mark Cycle
[2025-12-03T16:42:27.197+0000][6][gc,marking  ] GC(269) Concurrent Clear Claimed Marks
[2025-12-03T16:42:27.197+0000][6][gc,marking  ] GC(269) Concurrent Clear Claimed Marks 0.124ms
[2025-12-03T16:42:27.197+0000][6][gc,marking  ] GC(269) Concurrent Scan Root Regions
[2025-12-03T16:42:27.200+0000][6][gc,marking  ] GC(269) Concurrent Scan Root Regions 2.989ms
[2025-12-03T16:42:27.200+0000][6][gc,marking  ] GC(269) Concurrent Mark
[2025-12-03T16:42:27.200+0000][6][gc,marking  ] GC(269) Concurrent Mark From Roots
[2025-12-03T16:42:27.200+0000][6][gc,task     ] GC(269) Using 2 workers of 2 for marking
[2025-12-03T16:42:27.275+0000][6][gc,marking  ] GC(269) Concurrent Mark From Roots 74.964ms
[2025-12-03T16:42:27.275+0000][6][gc,marking  ] GC(269) Concurrent Preclean
[2025-12-03T16:42:27.276+0000][6][gc,marking  ] GC(269) Concurrent Preclean 0.390ms
[2025-12-03T16:42:27.276+0000][6][gc,start    ] GC(269) Pause Remark
[2025-12-03T16:42:27.300+0000][6][gc          ] GC(269) Pause Remark 172M->172M(512M) 23.678ms
[2025-12-03T16:42:27.300+0000][6][gc,cpu      ] GC(269) User=0.13s Sys=0.00s Real=0.02s
[2025-12-03T16:42:27.300+0000][6][safepoint   ] Safepoint "G1Concurrent", Time since last: 79188625 ns, Reaching safepoint: 148000 ns, At safepoint: 24021167 ns, Total: 24169167 ns
[2025-12-03T16:42:27.300+0000][6][gc,marking  ] GC(269) Concurrent Mark 100.059ms
[2025-12-03T16:42:27.300+0000][6][gc,marking  ] GC(269) Concurrent Rebuild Remembered Sets
[2025-12-03T16:42:27.333+0000][6][gc,marking  ] GC(269) Concurrent Rebuild Remembered Sets 32.354ms
[2025-12-03T16:42:27.333+0000][6][gc,start    ] GC(269) Pause Cleanup
[2025-12-03T16:42:27.333+0000][6][gc          ] GC(269) Pause Cleanup 172M->172M(512M) 0.136ms
[2025-12-03T16:42:27.333+0000][6][gc,cpu      ] GC(269) User=0.00s Sys=0.00s Real=0.00s
[2025-12-03T16:42:27.333+0000][6][safepoint   ] Safepoint "G1Concurrent", Time since last: 32840375 ns, Reaching safepoint: 67792 ns, At safepoint: 332833 ns, Total: 400625 ns
[2025-12-03T16:42:27.334+0000][6][gc,marking  ] GC(269) Concurrent Cleanup for Next Mark
[2025-12-03T16:42:27.335+0000][6][gc,marking  ] GC(269) Concurrent Cleanup for Next Mark 1.596ms
[2025-12-03T16:42:27.335+0000][6][gc          ] GC(269) Concurrent Mark Cycle 138.490ms
[2025-12-03T16:43:07.924+0000][6][gc,start    ] GC(270) Pause Young (Normal) (G1 Evacuation Pause)
[2025-12-03T16:43:07.925+0000][6][gc,task     ] GC(270) Using 8 workers of 8 for evacuation
[2025-12-03T16:43:07.926+0000][6][gc,age      ] GC(270) Desired survivor size 16777216 bytes, new threshold 15 (max threshold 15)
[2025-12-03T16:43:07.940+0000][6][gc,age      ] GC(270) Age table with threshold 15 (max threshold 15)
[2025-12-03T16:43:07.940+0000][6][gc,age      ] GC(270) - age   1:    1652240 bytes,    1652240 total
[2025-12-03T16:43:07.940+0000][6][gc,age      ] GC(270) - age   2:     237944 bytes,    1890184 total
[2025-12-03T16:43:07.940+0000][6][gc,age      ] GC(270) - age   3:     527232 bytes,    2417416 total
[2025-12-03T16:43:07.940+0000][6][gc,age      ] GC(270) - age   4:      54512 bytes,    2471928 total
[2025-12-03T16:43:07.940+0000][6][gc,age      ] GC(270) - age   5:      38344 bytes,    2510272 total
[2025-12-03T16:43:07.940+0000][6][gc,age      ] GC(270) - age   6:      28528 bytes,    2538800 total
[2025-12-03T16:43:07.940+0000][6][gc,age      ] GC(270) - age   7:     211448 bytes,    2750248 total
[2025-12-03T16:43:07.940+0000][6][gc,age      ] GC(270) - age   8:     201696 bytes,    2951944 total
[2025-12-03T16:43:07.940+0000][6][gc,age      ] GC(270) - age   9:    1375424 bytes,    4327368 total
[2025-12-03T16:43:07.940+0000][6][gc,age      ] GC(270) - age  10:     146376 bytes,    4473744 total
[2025-12-03T16:43:07.940+0000][6][gc,age      ] GC(270) - age  11:      27728 bytes,    4501472 total
[2025-12-03T16:43:07.940+0000][6][gc,age      ] GC(270) - age  12:      59736 bytes,    4561208 total
[2025-12-03T16:43:07.940+0000][6][gc,age      ] GC(270) - age  13:      68368 bytes,    4629576 total
[2025-12-03T16:43:07.941+0000][6][gc,age      ] GC(270) - age  14:      26936 bytes,    4656512 total
[2025-12-03T16:43:07.941+0000][6][gc,age      ] GC(270) - age  15:      52920 bytes,    4709432 total
[2025-12-03T16:43:07.941+0000][6][gc,phases   ] GC(270)   Pre Evacuate Collection Set: 0.5ms
[2025-12-03T16:43:07.941+0000][6][gc,phases   ] GC(270)   Merge Heap Roots: 0.4ms
[2025-12-03T16:43:07.941+0000][6][gc,phases   ] GC(270)   Evacuate Collection Set: 10.6ms
[2025-12-03T16:43:07.941+0000][6][gc,phases   ] GC(270)   Post Evacuate Collection Set: 2.3ms
[2025-12-03T16:43:07.941+0000][6][gc,phases   ] GC(270)   Other: 3.0ms
[2025-12-03T16:43:07.941+0000][6][gc,heap     ] GC(270) Eden regions: 62->0(62)
[2025-12-03T16:43:07.941+0000][6][gc,heap     ] GC(270) Survivor regions: 2->2(8)
[2025-12-03T16:43:07.941+0000][6][gc,heap     ] GC(270) Old regions: 38->38
[2025-12-03T16:43:07.941+0000][6][gc,heap     ] GC(270) Archive regions: 2->2
[2025-12-03T16:43:07.941+0000][6][gc,heap     ] GC(270) Humongous regions: 2->2
[2025-12-03T16:43:07.941+0000][6][gc,metaspace] GC(270) Metaspace: 118275K(120000K)->118275K(120000K) NonClass: 103376K(104384K)->103376K(104384K) Class: 14898K(15616K)->14898K(15616K)
[2025-12-03T16:43:07.942+0000][6][gc          ] GC(270) Pause Young (Normal) (G1 Evacuation Pause) 415M->167M(512M) 17.608ms
[2025-12-03T16:43:07.942+0000][6][gc,cpu      ] GC(270) User=0.09s Sys=0.00s Real=0.02s
[2025-12-03T16:43:07.942+0000][6][safepoint   ] Safepoint "G1CollectForAllocation", Time since last: 40553401768 ns, Reaching safepoint: 858542 ns, At safepoint: 18023750 ns, Total: 18882292 ns
[2025-12-03T16:43:08.944+0000][6][safepoint   ] Safepoint "Cleanup", Time since last: 1001699000 ns, Reaching safepoint: 86708 ns, At safepoint: 10834 ns, Total: 97542 ns
[2025-12-03T16:43:09.945+0000][6][safepoint   ] Safepoint "Cleanup", Time since last: 1000849417 ns, Reaching safepoint: 140875 ns, At safepoint: 14583 ns, Total: 155458 ns
[2025-12-03T16:43:44.632+0000][6][gc,start    ] GC(271) Pause Young (Concurrent Start) (G1 Evacuation Pause)
[2025-12-03T16:43:44.632+0000][6][gc,task     ] GC(271) Using 8 workers of 8 for evacuation
[2025-12-03T16:43:44.632+0000][6][gc,age      ] GC(271) Desired survivor size 16777216 bytes, new threshold 15 (max threshold 15)
[2025-12-03T16:43:44.646+0000][6][gc,age      ] GC(271) Age table with threshold 15 (max threshold 15)
[2025-12-03T16:43:44.646+0000][6][gc,age      ] GC(271) - age   1:    3015080 bytes,    3015080 total
[2025-12-03T16:43:44.646+0000][6][gc,age      ] GC(271) - age   2:     341752 bytes,    3356832 total
[2025-12-03T16:43:44.646+0000][6][gc,age      ] GC(271) - age   3:      71400 bytes,    3428232 total
[2025-12-03T16:43:44.646+0000][6][gc,age      ] GC(271) - age   4:      27664 bytes,    3455896 total
[2025-12-03T16:43:44.646+0000][6][gc,age      ] GC(271) - age   5:      53904 bytes,    3509800 total
[2025-12-03T16:43:44.646+0000][6][gc,age      ] GC(271) - age   6:      38344 bytes,    3548144 total
[2025-12-03T16:43:44.648+0000][6][gc,age      ] GC(271) - age   7:      28256 bytes,    3576400 total
[2025-12-03T16:43:44.649+0000][6][gc,age      ] GC(271) - age   8:     211000 bytes,    3787400 total
[2025-12-03T16:43:44.649+0000][6][gc,age      ] GC(271) - age   9:     201696 bytes,    3989096 total
[2025-12-03T16:43:44.649+0000][6][gc,age      ] GC(271) - age  10:     665024 bytes,    4654120 total
[2025-12-03T16:43:44.649+0000][6][gc,age      ] GC(271) - age  11:     113976 bytes,    4768096 total
[2025-12-03T16:43:44.649+0000][6][gc,age      ] GC(271) - age  12:      27728 bytes,    4795824 total
[2025-12-03T16:43:44.649+0000][6][gc,age      ] GC(271) - age  13:      59736 bytes,    4855560 total
[2025-12-03T16:43:44.649+0000][6][gc,age      ] GC(271) - age  14:      68368 bytes,    4923928 total
[2025-12-03T16:43:44.649+0000][6][gc,age      ] GC(271) - age  15:      26936 bytes,    4950864 total
[2025-12-03T16:43:44.649+0000][6][gc,phases   ] GC(271)   Pre Evacuate Collection Set: 1.7ms
[2025-12-03T16:43:44.649+0000][6][gc,phases   ] GC(271)   Merge Heap Roots: 0.1ms
[2025-12-03T16:43:44.649+0000][6][gc,phases   ] GC(271)   Evacuate Collection Set: 7.7ms
[2025-12-03T16:43:44.649+0000][6][gc,phases   ] GC(271)   Post Evacuate Collection Set: 3.9ms
[2025-12-03T16:43:44.649+0000][6][gc,phases   ] GC(271)   Other: 4.1ms
[2025-12-03T16:43:44.649+0000][6][gc,heap     ] GC(271) Eden regions: 62->0(62)
[2025-12-03T16:43:44.649+0000][6][gc,heap     ] GC(271) Survivor regions: 2->2(8)
[2025-12-03T16:43:44.649+0000][6][gc,heap     ] GC(271) Old regions: 38->38
[2025-12-03T16:43:44.649+0000][6][gc,heap     ] GC(271) Archive regions: 2->2
[2025-12-03T16:43:44.649+0000][6][gc,heap     ] GC(271) Humongous regions: 2->2
[2025-12-03T16:43:44.649+0000][6][gc,metaspace] GC(271) Metaspace: 118281K(120000K)->118281K(120000K) NonClass: 103382K(104384K)->103382K(104384K) Class: 14898K(15616K)->14898K(15616K)
[2025-12-03T16:43:44.649+0000][6][gc          ] GC(271) Pause Young (Concurrent Start) (G1 Evacuation Pause) 415M->167M(512M) 17.850ms
[2025-12-03T16:43:44.649+0000][6][gc,cpu      ] GC(271) User=0.08s Sys=0.00s Real=0.02s
[2025-12-03T16:43:44.649+0000][6][safepoint   ] Safepoint "G1CollectForAllocation", Time since last: 34684496766 ns, Reaching safepoint: 457792 ns, At safepoint: 18062416 ns, Total: 18520208 ns
[2025-12-03T16:43:44.649+0000][6][gc          ] GC(272) Concurrent Mark Cycle
[2025-12-03T16:43:44.651+0000][6][gc,marking  ] GC(272) Concurrent Clear Claimed Marks
[2025-12-03T16:43:44.651+0000][6][gc,marking  ] GC(272) Concurrent Clear Claimed Marks 0.144ms
[2025-12-03T16:43:44.651+0000][6][gc,marking  ] GC(272) Concurrent Scan Root Regions
[2025-12-03T16:43:44.657+0000][6][gc,marking  ] GC(272) Concurrent Scan Root Regions 5.909ms
[2025-12-03T16:43:44.657+0000][6][gc,marking  ] GC(272) Concurrent Mark
[2025-12-03T16:43:44.657+0000][6][gc,marking  ] GC(272) Concurrent Mark From Roots
[2025-12-03T16:43:44.657+0000][6][gc,task     ] GC(272) Using 2 workers of 2 for marking
[2025-12-03T16:43:44.744+0000][6][gc,marking  ] GC(272) Concurrent Mark From Roots 86.950ms
[2025-12-03T16:43:44.744+0000][6][gc,marking  ] GC(272) Concurrent Preclean
[2025-12-03T16:43:44.744+0000][6][gc,marking  ] GC(272) Concurrent Preclean 0.245ms
[2025-12-03T16:43:44.744+0000][6][gc,start    ] GC(272) Pause Remark
[2025-12-03T16:43:44.768+0000][6][gc          ] GC(272) Pause Remark 172M->172M(512M) 23.115ms
[2025-12-03T16:43:44.768+0000][6][gc,cpu      ] GC(272) User=0.16s Sys=0.00s Real=0.02s
[2025-12-03T16:43:44.768+0000][6][safepoint   ] Safepoint "G1Concurrent", Time since last: 94839209 ns, Reaching safepoint: 78083 ns, At safepoint: 23362625 ns, Total: 23440708 ns
[2025-12-03T16:43:44.768+0000][6][gc,marking  ] GC(272) Concurrent Mark 110.927ms
[2025-12-03T16:43:44.768+0000][6][gc,marking  ] GC(272) Concurrent Rebuild Remembered Sets
[2025-12-03T16:43:44.800+0000][6][gc,marking  ] GC(272) Concurrent Rebuild Remembered Sets 32.388ms
[2025-12-03T16:43:44.800+0000][6][gc,start    ] GC(272) Pause Cleanup
[2025-12-03T16:43:44.801+0000][6][gc          ] GC(272) Pause Cleanup 173M->173M(512M) 0.111ms
[2025-12-03T16:43:44.801+0000][6][gc,cpu      ] GC(272) User=0.00s Sys=0.00s Real=0.00s
[2025-12-03T16:43:44.801+0000][6][safepoint   ] Safepoint "G1Concurrent", Time since last: 32633917 ns, Reaching safepoint: 37833 ns, At safepoint: 221750 ns, Total: 259583 ns
[2025-12-03T16:43:44.801+0000][6][gc,marking  ] GC(272) Concurrent Cleanup for Next Mark
[2025-12-03T16:43:44.802+0000][6][gc,marking  ] GC(272) Concurrent Cleanup for Next Mark 1.495ms
[2025-12-03T16:43:44.802+0000][6][gc          ] GC(272) Concurrent Mark Cycle 152.750ms
[2025-12-03T16:44:10.847+0000][6][safepoint   ] Safepoint "Cleanup", Time since last: 26045968595 ns, Reaching safepoint: 331625 ns, At safepoint: 17125 ns, Total: 348750 ns
[2025-12-03T16:44:21.146+0000][6][gc,start    ] GC(273) Pause Young (Normal) (G1 Evacuation Pause)
[2025-12-03T16:44:21.146+0000][6][gc,task     ] GC(273) Using 8 workers of 8 for evacuation
[2025-12-03T16:44:21.147+0000][6][gc,age      ] GC(273) Desired survivor size 16777216 bytes, new threshold 15 (max threshold 15)
[2025-12-03T16:44:21.170+0000][6][gc,age      ] GC(273) Age table with threshold 15 (max threshold 15)
[2025-12-03T16:44:21.170+0000][6][gc,age      ] GC(273) - age   1:    3684976 bytes,    3684976 total
[2025-12-03T16:44:21.170+0000][6][gc,age      ] GC(273) - age   2:    1355848 bytes,    5040824 total
[2025-12-03T16:44:21.170+0000][6][gc,age      ] GC(273) - age   3:      91736 bytes,    5132560 total
[2025-12-03T16:44:21.170+0000][6][gc,age      ] GC(273) - age   4:      70672 bytes,    5203232 total
[2025-12-03T16:44:21.170+0000][6][gc,age      ] GC(273) - age   5:      27216 bytes,    5230448 total
[2025-12-03T16:44:21.170+0000][6][gc,age      ] GC(273) - age   6:      53200 bytes,    5283648 total
[2025-12-03T16:44:21.171+0000][6][gc,age      ] GC(273) - age   7:      38344 bytes,    5321992 total
[2025-12-03T16:44:21.171+0000][6][gc,age      ] GC(273) - age   8:      28192 bytes,    5350184 total
[2025-12-03T16:44:21.171+0000][6][gc,age      ] GC(273) - age   9:     211000 bytes,    5561184 total
[2025-12-03T16:44:21.171+0000][6][gc,age      ] GC(273) - age  10:     198904 bytes,    5760088 total
[2025-12-03T16:44:21.171+0000][6][gc,age      ] GC(273) - age  11:     462344 bytes,    6222432 total
[2025-12-03T16:44:21.171+0000][6][gc,age      ] GC(273) - age  12:     113456 bytes,    6335888 total
[2025-12-03T16:44:21.171+0000][6][gc,age      ] GC(273) - age  13:      27728 bytes,    6363616 total
[2025-12-03T16:44:21.171+0000][6][gc,age      ] GC(273) - age  14:      59736 bytes,    6423352 total
[2025-12-03T16:44:21.171+0000][6][gc,age      ] GC(273) - age  15:      68368 bytes,    6491720 total
[2025-12-03T16:44:21.172+0000][6][gc,phases   ] GC(273)   Pre Evacuate Collection Set: 0.2ms
[2025-12-03T16:44:21.172+0000][6][gc,phases   ] GC(273)   Merge Heap Roots: 0.2ms
[2025-12-03T16:44:21.172+0000][6][gc,phases   ] GC(273)   Evacuate Collection Set: 8.0ms
[2025-12-03T16:44:21.173+0000][6][gc,phases   ] GC(273)   Post Evacuate Collection Set: 14.6ms
[2025-12-03T16:44:21.173+0000][6][gc,phases   ] GC(273)   Other: 2.4ms
[2025-12-03T16:44:21.173+0000][6][gc,heap     ] GC(273) Eden regions: 62->0(61)
[2025-12-03T16:44:21.173+0000][6][gc,heap     ] GC(273) Survivor regions: 2->2(8)
[2025-12-03T16:44:21.173+0000][6][gc,heap     ] GC(273) Old regions: 38->38
[2025-12-03T16:44:21.173+0000][6][gc,heap     ] GC(273) Archive regions: 2->2
[2025-12-03T16:44:21.173+0000][6][gc,heap     ] GC(273) Humongous regions: 2->2
[2025-12-03T16:44:21.173+0000][6][gc,metaspace] GC(273) Metaspace: 118283K(120000K)->118283K(120000K) NonClass: 103384K(104384K)->103384K(104384K) Class: 14898K(15616K)->14898K(15616K)
[2025-12-03T16:44:21.174+0000][6][gc          ] GC(273) Pause Young (Normal) (G1 Evacuation Pause) 415M->169M(512M) 27.511ms
[2025-12-03T16:44:21.174+0000][6][gc,cpu      ] GC(273) User=0.08s Sys=0.00s Real=0.03s
[2025-12-03T16:44:21.174+0000][6][safepoint   ] Safepoint "G1CollectForAllocation", Time since last: 10298436797 ns, Reaching safepoint: 56292 ns, At safepoint: 27928416 ns, Total: 27984708 ns
[2025-12-03T16:44:42.212+0000][6][safepoint   ] Safepoint "Cleanup", Time since last: 21036122718 ns, Reaching safepoint: 853333 ns, At safepoint: 39042 ns, Total: 892375 ns
[2025-12-03T16:44:58.745+0000][6][gc,start    ] GC(274) Pause Young (Concurrent Start) (G1 Evacuation Pause)
[2025-12-03T16:44:58.746+0000][6][gc,task     ] GC(274) Using 8 workers of 8 for evacuation
[2025-12-03T16:44:58.746+0000][6][gc,age      ] GC(274) Desired survivor size 16777216 bytes, new threshold 15 (max threshold 15)
[2025-12-03T16:44:58.757+0000][6][gc,age      ] GC(274) Age table with threshold 15 (max threshold 15)
[2025-12-03T16:44:58.757+0000][6][gc,age      ] GC(274) - age   1:    1211824 bytes,    1211824 total
[2025-12-03T16:44:58.758+0000][6][gc,age      ] GC(274) - age   2:     298808 bytes,    1510632 total
[2025-12-03T16:44:58.758+0000][6][gc,age      ] GC(274) - age   3:    1351176 bytes,    2861808 total
[2025-12-03T16:44:58.758+0000][6][gc,age      ] GC(274) - age   4:      90088 bytes,    2951896 total
[2025-12-03T16:44:58.758+0000][6][gc,age      ] GC(274) - age   5:      70000 bytes,    3021896 total
[2025-12-03T16:44:58.758+0000][6][gc,age      ] GC(274) - age   6:      27024 bytes,    3048920 total
[2025-12-03T16:44:58.758+0000][6][gc,age      ] GC(274) - age   7:      52848 bytes,    3101768 total
[2025-12-03T16:44:58.758+0000][6][gc,age      ] GC(274) - age   8:      38280 bytes,    3140048 total
[2025-12-03T16:44:58.758+0000][6][gc,age      ] GC(274) - age   9:      28192 bytes,    3168240 total
[2025-12-03T16:44:58.758+0000][6][gc,age      ] GC(274) - age  10:     211000 bytes,    3379240 total
[2025-12-03T16:44:58.759+0000][6][gc,age      ] GC(274) - age  11:      60272 bytes,    3439512 total
[2025-12-03T16:44:58.759+0000][6][gc,age      ] GC(274) - age  12:     129592 bytes,    3569104 total
[2025-12-03T16:44:58.759+0000][6][gc,age      ] GC(274) - age  13:     113456 bytes,    3682560 total
[2025-12-03T16:44:58.759+0000][6][gc,age      ] GC(274) - age  14:      27664 bytes,    3710224 total
[2025-12-03T16:44:58.759+0000][6][gc,age      ] GC(274) - age  15:      59736 bytes,    3769960 total
[2025-12-03T16:44:58.759+0000][6][gc,phases   ] GC(274)   Pre Evacuate Collection Set: 1.9ms
[2025-12-03T16:44:58.760+0000][6][gc,phases   ] GC(274)   Merge Heap Roots: 0.1ms
[2025-12-03T16:44:58.760+0000][6][gc,phases   ] GC(274)   Evacuate Collection Set: 6.9ms
[2025-12-03T16:44:58.760+0000][6][gc,phases   ] GC(274)   Post Evacuate Collection Set: 1.7ms
[2025-12-03T16:44:58.760+0000][6][gc,phases   ] GC(274)   Other: 4.1ms
[2025-12-03T16:44:58.760+0000][6][gc,heap     ] GC(274) Eden regions: 61->0(61)
[2025-12-03T16:44:58.761+0000][6][gc,heap     ] GC(274) Survivor regions: 2->2(8)
[2025-12-03T16:44:58.761+0000][6][gc,heap     ] GC(274) Old regions: 38->38
[2025-12-03T16:44:58.762+0000][6][gc,heap     ] GC(274) Archive regions: 2->2
[2025-12-03T16:44:58.762+0000][6][gc,heap     ] GC(274) Humongous regions: 2->2
[2025-12-03T16:44:58.763+0000][6][gc,metaspace] GC(274) Metaspace: 118283K(120000K)->118283K(120000K) NonClass: 103384K(104384K)->103384K(104384K) Class: 14898K(15616K)->14898K(15616K)
[2025-12-03T16:44:58.764+0000][6][gc          ] GC(274) Pause Young (Concurrent Start) (G1 Evacuation Pause) 413M->166M(512M) 19.614ms
[2025-12-03T16:44:58.765+0000][6][gc,cpu      ] GC(274) User=0.03s Sys=0.00s Real=0.02s
[2025-12-03T16:44:58.765+0000][6][safepoint   ] Safepoint "G1CollectForAllocation", Time since last: 16532294800 ns, Reaching safepoint: 326875 ns, At safepoint: 20393375 ns, Total: 20720250 ns
[2025-12-03T16:44:58.766+0000][6][gc          ] GC(275) Concurrent Mark Cycle
[2025-12-03T16:44:58.766+0000][6][gc,marking  ] GC(275) Concurrent Clear Claimed Marks
[2025-12-03T16:44:58.767+0000][6][gc,marking  ] GC(275) Concurrent Clear Claimed Marks 0.413ms
[2025-12-03T16:44:58.767+0000][6][gc,marking  ] GC(275) Concurrent Scan Root Regions
[2025-12-03T16:44:58.776+0000][6][gc,marking  ] GC(275) Concurrent Scan Root Regions 8.904ms
[2025-12-03T16:44:58.776+0000][6][gc,marking  ] GC(275) Concurrent Mark
[2025-12-03T16:44:58.776+0000][6][gc,marking  ] GC(275) Concurrent Mark From Roots
[2025-12-03T16:44:58.776+0000][6][gc,task     ] GC(275) Using 2 workers of 2 for marking
[2025-12-03T16:44:58.846+0000][6][gc,marking  ] GC(275) Concurrent Mark From Roots 70.125ms
[2025-12-03T16:44:58.846+0000][6][gc,marking  ] GC(275) Concurrent Preclean
[2025-12-03T16:44:58.847+0000][6][gc,marking  ] GC(275) Concurrent Preclean 0.304ms
[2025-12-03T16:44:58.847+0000][6][gc,start    ] GC(275) Pause Remark
[2025-12-03T16:44:58.889+0000][6][gc          ] GC(275) Pause Remark 167M->167M(512M) 42.246ms
[2025-12-03T16:44:58.889+0000][6][gc,cpu      ] GC(275) User=0.19s Sys=0.00s Real=0.04s
[2025-12-03T16:44:58.889+0000][6][safepoint   ] Safepoint "G1Concurrent", Time since last: 81718250 ns, Reaching safepoint: 92375 ns, At safepoint: 42531458 ns, Total: 42623833 ns
[2025-12-03T16:44:58.889+0000][6][gc,marking  ] GC(275) Concurrent Mark 113.625ms
[2025-12-03T16:44:58.889+0000][6][gc,marking  ] GC(275) Concurrent Rebuild Remembered Sets
[2025-12-03T16:44:58.921+0000][6][gc,marking  ] GC(275) Concurrent Rebuild Remembered Sets 31.569ms
[2025-12-03T16:44:58.921+0000][6][gc,start    ] GC(275) Pause Cleanup
[2025-12-03T16:44:58.921+0000][6][gc          ] GC(275) Pause Cleanup 167M->167M(512M) 0.147ms
[2025-12-03T16:44:58.921+0000][6][gc,cpu      ] GC(275) User=0.00s Sys=0.00s Real=0.00s
[2025-12-03T16:44:58.921+0000][6][safepoint   ] Safepoint "G1Concurrent", Time since last: 31833375 ns, Reaching safepoint: 36750 ns, At safepoint: 296625 ns, Total: 333375 ns
[2025-12-03T16:44:58.922+0000][6][gc,marking  ] GC(275) Concurrent Cleanup for Next Mark
[2025-12-03T16:44:58.923+0000][6][gc,marking  ] GC(275) Concurrent Cleanup for Next Mark 1.310ms
[2025-12-03T16:44:58.923+0000][6][gc          ] GC(275) Concurrent Mark Cycle 157.077ms
[2025-12-03T16:45:10.945+0000][6][safepoint   ] Safepoint "Cleanup", Time since last: 12021615380 ns, Reaching safepoint: 1144209 ns, At safepoint: 25125 ns, Total: 1169334 ns
[2025-12-03T16:45:14.955+0000][6][safepoint   ] Safepoint "Cleanup", Time since last: 4009758918 ns, Reaching safepoint: 463459 ns, At safepoint: 19083 ns, Total: 482542 ns
[2025-12-03T16:45:38.738+0000][6][gc,start    ] GC(276) Pause Young (Normal) (G1 Evacuation Pause)
[2025-12-03T16:45:38.739+0000][6][gc,task     ] GC(276) Using 8 workers of 8 for evacuation
[2025-12-03T16:45:38.739+0000][6][gc,age      ] GC(276) Desired survivor size 16777216 bytes, new threshold 15 (max threshold 15)
[2025-12-03T16:45:38.749+0000][6][gc,age      ] GC(276) Age table with threshold 15 (max threshold 15)
[2025-12-03T16:45:38.749+0000][6][gc,age      ] GC(276) - age   1:    1568200 bytes,    1568200 total
[2025-12-03T16:45:38.749+0000][6][gc,age      ] GC(276) - age   2:     735352 bytes,    2303552 total
[2025-12-03T16:45:38.749+0000][6][gc,age      ] GC(276) - age   3:     290288 bytes,    2593840 total
[2025-12-03T16:45:38.749+0000][6][gc,age      ] GC(276) - age   4:    1350456 bytes,    3944296 total
[2025-12-03T16:45:38.749+0000][6][gc,age      ] GC(276) - age   5:      89704 bytes,    4034000 total
[2025-12-03T16:45:38.749+0000][6][gc,age      ] GC(276) - age   6:      69936 bytes,    4103936 total
[2025-12-03T16:45:38.749+0000][6][gc,age      ] GC(276) - age   7:      27024 bytes,    4130960 total
[2025-12-03T16:45:38.749+0000][6][gc,age      ] GC(276) - age   8:      52848 bytes,    4183808 total
[2025-12-03T16:45:38.749+0000][6][gc,age      ] GC(276) - age   9:      38168 bytes,    4221976 total
[2025-12-03T16:45:38.749+0000][6][gc,age      ] GC(276) - age  10:      28192 bytes,    4250168 total
[2025-12-03T16:45:38.749+0000][6][gc,age      ] GC(276) - age  11:      59728 bytes,    4309896 total
[2025-12-03T16:45:38.749+0000][6][gc,age      ] GC(276) - age  12:      60272 bytes,    4370168 total
[2025-12-03T16:45:38.749+0000][6][gc,age      ] GC(276) - age  13:     129592 bytes,    4499760 total
[2025-12-03T16:45:38.749+0000][6][gc,age      ] GC(276) - age  14:     113456 bytes,    4613216 total
[2025-12-03T16:45:38.749+0000][6][gc,age      ] GC(276) - age  15:      27664 bytes,    4640880 total
[2025-12-03T16:45:38.749+0000][6][gc,phases   ] GC(276)   Pre Evacuate Collection Set: 0.3ms
[2025-12-03T16:45:38.749+0000][6][gc,phases   ] GC(276)   Merge Heap Roots: 0.2ms
[2025-12-03T16:45:38.749+0000][6][gc,phases   ] GC(276)   Evacuate Collection Set: 6.6ms
[2025-12-03T16:45:38.750+0000][6][gc,phases   ] GC(276)   Post Evacuate Collection Set: 2.0ms
[2025-12-03T16:45:38.750+0000][6][gc,phases   ] GC(276)   Other: 2.3ms
[2025-12-03T16:45:38.750+0000][6][gc,heap     ] GC(276) Eden regions: 61->0(62)
[2025-12-03T16:45:38.750+0000][6][gc,heap     ] GC(276) Survivor regions: 2->2(8)
[2025-12-03T16:45:38.750+0000][6][gc,heap     ] GC(276) Old regions: 38->38
[2025-12-03T16:45:38.750+0000][6][gc,heap     ] GC(276) Archive regions: 2->2
[2025-12-03T16:45:38.750+0000][6][gc,heap     ] GC(276) Humongous regions: 2->2
[2025-12-03T16:45:38.750+0000][6][gc,metaspace] GC(276) Metaspace: 118283K(120000K)->118283K(120000K) NonClass: 103384K(104384K)->103384K(104384K) Class: 14898K(15616K)->14898K(15616K)
[2025-12-03T16:45:38.750+0000][6][gc          ] GC(276) Pause Young (Normal) (G1 Evacuation Pause) 410M->167M(512M) 11.813ms
[2025-12-03T16:45:38.750+0000][6][gc,cpu      ] GC(276) User=0.05s Sys=0.00s Real=0.01s
[2025-12-03T16:45:38.750+0000][6][safepoint   ] Safepoint "G1CollectForAllocation", Time since last: 23781576594 ns, Reaching safepoint: 118041 ns, At safepoint: 12030125 ns, Total: 12148166 ns
[2025-12-03T16:45:56.787+0000][6][safepoint   ] Safepoint "Cleanup", Time since last: 18037217592 ns, Reaching safepoint: 45792 ns, At safepoint: 1667 ns, Total: 47459 ns
[2025-12-03T16:46:17.713+0000][6][gc,start    ] GC(277) Pause Young (Concurrent Start) (G1 Evacuation Pause)
[2025-12-03T16:46:17.713+0000][6][gc,task     ] GC(277) Using 8 workers of 8 for evacuation
[2025-12-03T16:46:17.714+0000][6][gc,age      ] GC(277) Desired survivor size 16777216 bytes, new threshold 15 (max threshold 15)
[2025-12-03T16:46:17.729+0000][6][gc,age      ] GC(277) Age table with threshold 15 (max threshold 15)
[2025-12-03T16:46:17.729+0000][6][gc,age      ] GC(277) - age   1:    1818320 bytes,    1818320 total
[2025-12-03T16:46:17.729+0000][6][gc,age      ] GC(277) - age   2:     203048 bytes,    2021368 total
[2025-12-03T16:46:17.729+0000][6][gc,age      ] GC(277) - age   3:     732376 bytes,    2753744 total
[2025-12-03T16:46:17.730+0000][6][gc,age      ] GC(277) - age   4:     289304 bytes,    3043048 total
[2025-12-03T16:46:17.730+0000][6][gc,age      ] GC(277) - age   5:     851448 bytes,    3894496 total
[2025-12-03T16:46:17.730+0000][6][gc,age      ] GC(277) - age   6:      89240 bytes,    3983736 total
[2025-12-03T16:46:17.730+0000][6][gc,age      ] GC(277) - age   7:      69872 bytes,    4053608 total
[2025-12-03T16:46:17.730+0000][6][gc,age      ] GC(277) - age   8:      27024 bytes,    4080632 total
[2025-12-03T16:46:17.730+0000][6][gc,age      ] GC(277) - age   9:      52848 bytes,    4133480 total
[2025-12-03T16:46:17.730+0000][6][gc,age      ] GC(277) - age  10:      38072 bytes,    4171552 total
[2025-12-03T16:46:17.730+0000][6][gc,age      ] GC(277) - age  11:      28192 bytes,    4199744 total
[2025-12-03T16:46:17.730+0000][6][gc,age      ] GC(277) - age  12:      59728 bytes,    4259472 total
[2025-12-03T16:46:17.730+0000][6][gc,age      ] GC(277) - age  13:      60272 bytes,    4319744 total
[2025-12-03T16:46:17.730+0000][6][gc,age      ] GC(277) - age  14:     129592 bytes,    4449336 total
[2025-12-03T16:46:17.730+0000][6][gc,age      ] GC(277) - age  15:     113456 bytes,    4562792 total
[2025-12-03T16:46:17.730+0000][6][gc,phases   ] GC(277)   Pre Evacuate Collection Set: 2.4ms
[2025-12-03T16:46:17.730+0000][6][gc,phases   ] GC(277)   Merge Heap Roots: 0.2ms
[2025-12-03T16:46:17.730+0000][6][gc,phases   ] GC(277)   Evacuate Collection Set: 10.3ms
[2025-12-03T16:46:17.730+0000][6][gc,phases   ] GC(277)   Post Evacuate Collection Set: 2.4ms
[2025-12-03T16:46:17.731+0000][6][gc,phases   ] GC(277)   Other: 2.3ms
[2025-12-03T16:46:17.731+0000][6][gc,heap     ] GC(277) Eden regions: 62->0(62)
[2025-12-03T16:46:17.731+0000][6][gc,heap     ] GC(277) Survivor regions: 2->2(8)
[2025-12-03T16:46:17.731+0000][6][gc,heap     ] GC(277) Old regions: 38->38
[2025-12-03T16:46:17.731+0000][6][gc,heap     ] GC(277) Archive regions: 2->2
[2025-12-03T16:46:17.731+0000][6][gc,heap     ] GC(277) Humongous regions: 2->2
[2025-12-03T16:46:17.731+0000][6][gc,metaspace] GC(277) Metaspace: 118285K(120000K)->118285K(120000K) NonClass: 103386K(104384K)->103386K(104384K) Class: 14898K(15616K)->14898K(15616K)
[2025-12-03T16:46:17.731+0000][6][gc          ] GC(277) Pause Young (Concurrent Start) (G1 Evacuation Pause) 415M->167M(512M) 18.216ms
[2025-12-03T16:46:17.731+0000][6][gc,cpu      ] GC(277) User=0.08s Sys=0.00s Real=0.02s
[2025-12-03T16:46:17.731+0000][6][safepoint   ] Safepoint "G1CollectForAllocation", Time since last: 20924176634 ns, Reaching safepoint: 227917 ns, At safepoint: 18561583 ns, Total: 18789500 ns
[2025-12-03T16:46:17.731+0000][6][gc          ] GC(278) Concurrent Mark Cycle
[2025-12-03T16:46:17.731+0000][6][gc,marking  ] GC(278) Concurrent Clear Claimed Marks
[2025-12-03T16:46:17.731+0000][6][gc,marking  ] GC(278) Concurrent Clear Claimed Marks 0.162ms
[2025-12-03T16:46:17.731+0000][6][gc,marking  ] GC(278) Concurrent Scan Root Regions
[2025-12-03T16:46:17.734+0000][6][gc,marking  ] GC(278) Concurrent Scan Root Regions 2.870ms
[2025-12-03T16:46:17.735+0000][6][gc,marking  ] GC(278) Concurrent Mark
[2025-12-03T16:46:17.735+0000][6][gc,marking  ] GC(278) Concurrent Mark From Roots
[2025-12-03T16:46:17.735+0000][6][gc,task     ] GC(278) Using 2 workers of 2 for marking
[2025-12-03T16:46:17.795+0000][6][gc,marking  ] GC(278) Concurrent Mark From Roots 59.994ms
[2025-12-03T16:46:17.795+0000][6][gc,marking  ] GC(278) Concurrent Preclean
[2025-12-03T16:46:17.795+0000][6][gc,marking  ] GC(278) Concurrent Preclean 0.212ms
[2025-12-03T16:46:17.795+0000][6][gc,start    ] GC(278) Pause Remark
[2025-12-03T16:46:17.814+0000][6][gc          ] GC(278) Pause Remark 171M->171M(512M) 19.407ms
[2025-12-03T16:46:17.815+0000][6][gc,cpu      ] GC(278) User=0.14s Sys=0.00s Real=0.02s
[2025-12-03T16:46:17.815+0000][6][safepoint   ] Safepoint "G1Concurrent", Time since last: 63804750 ns, Reaching safepoint: 74250 ns, At safepoint: 19605500 ns, Total: 19679750 ns
[2025-12-03T16:46:17.815+0000][6][gc,marking  ] GC(278) Concurrent Mark 80.270ms
[2025-12-03T16:46:17.815+0000][6][gc,marking  ] GC(278) Concurrent Rebuild Remembered Sets
[2025-12-03T16:46:17.848+0000][6][gc,marking  ] GC(278) Concurrent Rebuild Remembered Sets 33.089ms
[2025-12-03T16:46:17.848+0000][6][gc,start    ] GC(278) Pause Cleanup
[2025-12-03T16:46:17.848+0000][6][gc          ] GC(278) Pause Cleanup 173M->173M(512M) 0.140ms
[2025-12-03T16:46:17.848+0000][6][gc,cpu      ] GC(278) User=0.00s Sys=0.00s Real=0.00s
[2025-12-03T16:46:17.848+0000][6][safepoint   ] Safepoint "G1Concurrent", Time since last: 33440125 ns, Reaching safepoint: 75167 ns, At safepoint: 308875 ns, Total: 384042 ns
[2025-12-03T16:46:17.849+0000][6][gc,marking  ] GC(278) Concurrent Cleanup for Next Mark
[2025-12-03T16:46:17.850+0000][6][gc,marking  ] GC(278) Concurrent Cleanup for Next Mark 1.310ms
[2025-12-03T16:46:17.850+0000][6][gc          ] GC(278) Concurrent Mark Cycle 118.726ms
[2025-12-03T16:46:53.881+0000][6][gc,start    ] GC(279) Pause Young (Normal) (G1 Evacuation Pause)
[2025-12-03T16:46:53.890+0000][6][gc,task     ] GC(279) Using 8 workers of 8 for evacuation
[2025-12-03T16:46:53.894+0000][6][gc,age      ] GC(279) Desired survivor size 16777216 bytes, new threshold 15 (max threshold 15)
[2025-12-03T16:46:53.935+0000][6][gc,age      ] GC(279) Age table with threshold 15 (max threshold 15)
[2025-12-03T16:46:53.935+0000][6][gc,age      ] GC(279) - age   1:    1563520 bytes,    1563520 total
[2025-12-03T16:46:53.935+0000][6][gc,age      ] GC(279) - age   2:     636328 bytes,    2199848 total
[2025-12-03T16:46:53.935+0000][6][gc,age      ] GC(279) - age   3:     198536 bytes,    2398384 total
[2025-12-03T16:46:53.935+0000][6][gc,age      ] GC(279) - age   4:     731304 bytes,    3129688 total
[2025-12-03T16:46:53.935+0000][6][gc,age      ] GC(279) - age   5:     288824 bytes,    3418512 total
[2025-12-03T16:46:53.935+0000][6][gc,age      ] GC(279) - age   6:     851288 bytes,    4269800 total
[2025-12-03T16:46:53.935+0000][6][gc,age      ] GC(279) - age   7:      89240 bytes,    4359040 total
[2025-12-03T16:46:53.936+0000][6][gc,age      ] GC(279) - age   8:      69872 bytes,    4428912 total
[2025-12-03T16:46:53.936+0000][6][gc,age      ] GC(279) - age   9:      27024 bytes,    4455936 total
[2025-12-03T16:46:53.936+0000][6][gc,age      ] GC(279) - age  10:      52848 bytes,    4508784 total
[2025-12-03T16:46:53.936+0000][6][gc,age      ] GC(279) - age  11:      38072 bytes,    4546856 total
[2025-12-03T16:46:53.936+0000][6][gc,age      ] GC(279) - age  12:      28192 bytes,    4575048 total
[2025-12-03T16:46:53.936+0000][6][gc,age      ] GC(279) - age  13:      59728 bytes,    4634776 total
[2025-12-03T16:46:53.937+0000][6][gc,age      ] GC(279) - age  14:      60272 bytes,    4695048 total
[2025-12-03T16:46:53.937+0000][6][gc,age      ] GC(279) - age  15:     129592 bytes,    4824640 total
[2025-12-03T16:46:53.937+0000][6][gc,phases   ] GC(279)   Pre Evacuate Collection Set: 3.6ms
[2025-12-03T16:46:53.937+0000][6][gc,phases   ] GC(279)   Merge Heap Roots: 5.9ms
[2025-12-03T16:46:53.937+0000][6][gc,phases   ] GC(279)   Evacuate Collection Set: 27.9ms
[2025-12-03T16:46:53.937+0000][6][gc,phases   ] GC(279)   Post Evacuate Collection Set: 6.7ms
[2025-12-03T16:46:53.937+0000][6][gc,phases   ] GC(279)   Other: 63.3ms
[2025-12-03T16:46:53.938+0000][6][gc,heap     ] GC(279) Eden regions: 62->0(62)
[2025-12-03T16:46:53.938+0000][6][gc,heap     ] GC(279) Survivor regions: 2->2(8)
[2025-12-03T16:46:53.938+0000][6][gc,heap     ] GC(279) Old regions: 38->38
[2025-12-03T16:46:53.938+0000][6][gc,heap     ] GC(279) Archive regions: 2->2
[2025-12-03T16:46:53.938+0000][6][gc,heap     ] GC(279) Humongous regions: 2->2
[2025-12-03T16:46:53.938+0000][6][gc,metaspace] GC(279) Metaspace: 118285K(120000K)->118285K(120000K) NonClass: 103386K(104384K)->103386K(104384K) Class: 14898K(15616K)->14898K(15616K)
[2025-12-03T16:46:53.938+0000][6][gc          ] GC(279) Pause Young (Normal) (G1 Evacuation Pause) 415M->167M(512M) 56.829ms
[2025-12-03T16:46:53.938+0000][6][gc,cpu      ] GC(279) User=0.12s Sys=0.01s Real=0.05s
[2025-12-03T16:46:53.939+0000][6][safepoint   ] Safepoint "G1CollectForAllocation", Time since last: 35961469599 ns, Reaching safepoint: 14591584 ns, At safepoint: 116950625 ns, Total: 131542209 ns
[2025-12-03T16:47:10.974+0000][6][safepoint   ] Safepoint "Cleanup", Time since last: 17030006715 ns, Reaching safepoint: 417209 ns, At safepoint: 13625 ns, Total: 430834 ns
[2025-12-03T16:47:29.719+0000][6][gc,start    ] GC(280) Pause Young (Concurrent Start) (G1 Evacuation Pause)
[2025-12-03T16:47:29.720+0000][6][gc,task     ] GC(280) Using 8 workers of 8 for evacuation
[2025-12-03T16:47:29.720+0000][6][gc,age      ] GC(280) Desired survivor size 16777216 bytes, new threshold 15 (max threshold 15)
[2025-12-03T16:47:29.739+0000][6][gc,age      ] GC(280) Age table with threshold 15 (max threshold 15)
[2025-12-03T16:47:29.739+0000][6][gc,age      ] GC(280) - age   1:    1622336 bytes,    1622336 total
[2025-12-03T16:47:29.739+0000][6][gc,age      ] GC(280) - age   2:     341264 bytes,    1963600 total
[2025-12-03T16:47:29.739+0000][6][gc,age      ] GC(280) - age   3:     633016 bytes,    2596616 total
[2025-12-03T16:47:29.739+0000][6][gc,age      ] GC(280) - age   4:     197376 bytes,    2793992 total
[2025-12-03T16:47:29.739+0000][6][gc,age      ] GC(280) - age   5:     730952 bytes,    3524944 total
[2025-12-03T16:47:29.739+0000][6][gc,age      ] GC(280) - age   6:     288632 bytes,    3813576 total
[2025-12-03T16:47:29.739+0000][6][gc,age      ] GC(280) - age   7:     851288 bytes,    4664864 total
[2025-12-03T16:47:29.739+0000][6][gc,age      ] GC(280) - age   8:      89112 bytes,    4753976 total
[2025-12-03T16:47:29.739+0000][6][gc,age      ] GC(280) - age   9:      69872 bytes,    4823848 total
[2025-12-03T16:47:29.739+0000][6][gc,age      ] GC(280) - age  10:      27024 bytes,    4850872 total
[2025-12-03T16:47:29.739+0000][6][gc,age      ] GC(280) - age  11:      52848 bytes,    4903720 total
[2025-12-03T16:47:29.739+0000][6][gc,age      ] GC(280) - age  12:      38072 bytes,    4941792 total
[2025-12-03T16:47:29.739+0000][6][gc,age      ] GC(280) - age  13:      28192 bytes,    4969984 total
[2025-12-03T16:47:29.739+0000][6][gc,age      ] GC(280) - age  14:      59728 bytes,    5029712 total
[2025-12-03T16:47:29.739+0000][6][gc,age      ] GC(280) - age  15:      60248 bytes,    5089960 total
[2025-12-03T16:47:29.739+0000][6][gc,phases   ] GC(280)   Pre Evacuate Collection Set: 2.6ms
[2025-12-03T16:47:29.740+0000][6][gc,phases   ] GC(280)   Merge Heap Roots: 0.4ms
[2025-12-03T16:47:29.740+0000][6][gc,phases   ] GC(280)   Evacuate Collection Set: 12.9ms
[2025-12-03T16:47:29.740+0000][6][gc,phases   ] GC(280)   Post Evacuate Collection Set: 2.2ms
[2025-12-03T16:47:29.740+0000][6][gc,phases   ] GC(280)   Other: 2.2ms
[2025-12-03T16:47:29.740+0000][6][gc,heap     ] GC(280) Eden regions: 62->0(62)
[2025-12-03T16:47:29.740+0000][6][gc,heap     ] GC(280) Survivor regions: 2->2(8)
[2025-12-03T16:47:29.740+0000][6][gc,heap     ] GC(280) Old regions: 38->38
[2025-12-03T16:47:29.740+0000][6][gc,heap     ] GC(280) Archive regions: 2->2
[2025-12-03T16:47:29.741+0000][6][gc,heap     ] GC(280) Humongous regions: 2->2
[2025-12-03T16:47:29.741+0000][6][gc,metaspace] GC(280) Metaspace: 118285K(120000K)->118285K(120000K) NonClass: 103386K(104384K)->103386K(104384K) Class: 14898K(15616K)->14898K(15616K)
[2025-12-03T16:47:29.741+0000][6][gc          ] GC(280) Pause Young (Concurrent Start) (G1 Evacuation Pause) 415M->168M(512M) 21.541ms
[2025-12-03T16:47:29.741+0000][6][gc,cpu      ] GC(280) User=0.07s Sys=0.00s Real=0.02s
[2025-12-03T16:47:29.741+0000][6][safepoint   ] Safepoint "G1CollectForAllocation", Time since last: 18744996967 ns, Reaching safepoint: 439958 ns, At safepoint: 22063500 ns, Total: 22503458 ns
[2025-12-03T16:47:29.741+0000][6][gc          ] GC(281) Concurrent Mark Cycle
[2025-12-03T16:47:29.743+0000][6][gc,marking  ] GC(281) Concurrent Clear Claimed Marks
[2025-12-03T16:47:29.744+0000][6][gc,marking  ] GC(281) Concurrent Clear Claimed Marks 0.636ms
[2025-12-03T16:47:29.744+0000][6][gc,marking  ] GC(281) Concurrent Scan Root Regions
[2025-12-03T16:47:29.762+0000][6][gc,marking  ] GC(281) Concurrent Scan Root Regions 18.044ms
[2025-12-03T16:47:29.762+0000][6][gc,marking  ] GC(281) Concurrent Mark
[2025-12-03T16:47:29.762+0000][6][gc,marking  ] GC(281) Concurrent Mark From Roots
[2025-12-03T16:47:29.763+0000][6][gc,task     ] GC(281) Using 2 workers of 2 for marking
[2025-12-03T16:47:29.855+0000][6][gc,marking  ] GC(281) Concurrent Mark From Roots 92.781ms
[2025-12-03T16:47:29.856+0000][6][gc,marking  ] GC(281) Concurrent Preclean
[2025-12-03T16:47:29.856+0000][6][gc,marking  ] GC(281) Concurrent Preclean 0.668ms
[2025-12-03T16:47:29.857+0000][6][gc,start    ] GC(281) Pause Remark
[2025-12-03T16:47:29.897+0000][6][gc          ] GC(281) Pause Remark 177M->177M(512M) 39.651ms
[2025-12-03T16:47:29.897+0000][6][gc,cpu      ] GC(281) User=0.29s Sys=0.00s Real=0.04s
[2025-12-03T16:47:29.897+0000][6][safepoint   ] Safepoint "G1Concurrent", Time since last: 115515792 ns, Reaching safepoint: 192125 ns, At safepoint: 39958750 ns, Total: 40150875 ns
[2025-12-03T16:47:29.897+0000][6][gc,marking  ] GC(281) Concurrent Mark 134.528ms
[2025-12-03T16:47:29.897+0000][6][gc,marking  ] GC(281) Concurrent Rebuild Remembered Sets
[2025-12-03T16:47:29.937+0000][6][gc,marking  ] GC(281) Concurrent Rebuild Remembered Sets 39.676ms
[2025-12-03T16:47:29.937+0000][6][gc,start    ] GC(281) Pause Cleanup
[2025-12-03T16:47:29.937+0000][6][gc          ] GC(281) Pause Cleanup 179M->179M(512M) 0.341ms
[2025-12-03T16:47:29.938+0000][6][gc,cpu      ] GC(281) User=0.00s Sys=0.00s Real=0.00s
[2025-12-03T16:47:29.938+0000][6][safepoint   ] Safepoint "G1Concurrent", Time since last: 40076125 ns, Reaching safepoint: 152708 ns, At safepoint: 721500 ns, Total: 874208 ns
[2025-12-03T16:47:29.938+0000][6][gc,marking  ] GC(281) Concurrent Cleanup for Next Mark
[2025-12-03T16:47:29.946+0000][6][gc,marking  ] GC(281) Concurrent Cleanup for Next Mark 8.473ms
[2025-12-03T16:47:29.950+0000][6][gc          ] GC(281) Concurrent Mark Cycle 208.311ms
[2025-12-03T16:47:51.023+0000][6][safepoint   ] Safepoint "Cleanup", Time since last: 21084621509 ns, Reaching safepoint: 347417 ns, At safepoint: 11125 ns, Total: 358542 ns
[2025-12-03T16:47:54.027+0000][6][safepoint   ] Safepoint "Cleanup", Time since last: 3004080835 ns, Reaching safepoint: 212750 ns, At safepoint: 9375 ns, Total: 222125 ns
[2025-12-03T16:47:57.039+0000][6][safepoint   ] Safepoint "Cleanup", Time since last: 3010800835 ns, Reaching safepoint: 514666 ns, At safepoint: 22375 ns, Total: 537041 ns
[2025-12-03T16:48:06.801+0000][6][gc,start    ] GC(282) Pause Young (Normal) (G1 Evacuation Pause)
[2025-12-03T16:48:06.802+0000][6][gc,task     ] GC(282) Using 8 workers of 8 for evacuation
[2025-12-03T16:48:06.802+0000][6][gc,age      ] GC(282) Desired survivor size 16777216 bytes, new threshold 15 (max threshold 15)
[2025-12-03T16:48:06.825+0000][6][gc,age      ] GC(282) Age table with threshold 15 (max threshold 15)
[2025-12-03T16:48:06.825+0000][6][gc,age      ] GC(282) - age   1:    3909024 bytes,    3909024 total
[2025-12-03T16:48:06.826+0000][6][gc,age      ] GC(282) - age   2:      35752 bytes,    3944776 total
[2025-12-03T16:48:06.826+0000][6][gc,age      ] GC(282) - age   3:     106400 bytes,    4051176 total
[2025-12-03T16:48:06.826+0000][6][gc,age      ] GC(282) - age   4:     133896 bytes,    4185072 total
[2025-12-03T16:48:06.826+0000][6][gc,age      ] GC(282) - age   5:     197184 bytes,    4382256 total
[2025-12-03T16:48:06.826+0000][6][gc,age      ] GC(282) - age   6:     730824 bytes,    5113080 total
[2025-12-03T16:48:06.826+0000][6][gc,age      ] GC(282) - age   7:     288568 bytes,    5401648 total
[2025-12-03T16:48:06.826+0000][6][gc,age      ] GC(282) - age   8:     851288 bytes,    6252936 total
[2025-12-03T16:48:06.827+0000][6][gc,age      ] GC(282) - age   9:      89112 bytes,    6342048 total
[2025-12-03T16:48:06.827+0000][6][gc,age      ] GC(282) - age  10:      69776 bytes,    6411824 total
[2025-12-03T16:48:06.827+0000][6][gc,age      ] GC(282) - age  11:      27024 bytes,    6438848 total
[2025-12-03T16:48:06.827+0000][6][gc,age      ] GC(282) - age  12:      52848 bytes,    6491696 total
[2025-12-03T16:48:06.827+0000][6][gc,age      ] GC(282) - age  13:      38072 bytes,    6529768 total
[2025-12-03T16:48:06.827+0000][6][gc,age      ] GC(282) - age  14:      28192 bytes,    6557960 total
[2025-12-03T16:48:06.828+0000][6][gc,age      ] GC(282) - age  15:      59728 bytes,    6617688 total
[2025-12-03T16:48:06.828+0000][6][gc,phases   ] GC(282)   Pre Evacuate Collection Set: 0.6ms
[2025-12-03T16:48:06.829+0000][6][gc,phases   ] GC(282)   Merge Heap Roots: 0.3ms
[2025-12-03T16:48:06.829+0000][6][gc,phases   ] GC(282)   Evacuate Collection Set: 16.7ms
[2025-12-03T16:48:06.829+0000][6][gc,phases   ] GC(282)   Post Evacuate Collection Set: 5.4ms
[2025-12-03T16:48:06.829+0000][6][gc,phases   ] GC(282)   Other: 4.0ms
[2025-12-03T16:48:06.829+0000][6][gc,heap     ] GC(282) Eden regions: 62->0(61)
[2025-12-03T16:48:06.829+0000][6][gc,heap     ] GC(282) Survivor regions: 2->2(8)
[2025-12-03T16:48:06.829+0000][6][gc,heap     ] GC(282) Old regions: 38->38
[2025-12-03T16:48:06.830+0000][6][gc,heap     ] GC(282) Archive regions: 2->2
[2025-12-03T16:48:06.830+0000][6][gc,heap     ] GC(282) Humongous regions: 2->2
[2025-12-03T16:48:06.830+0000][6][gc,metaspace] GC(282) Metaspace: 118289K(120000K)->118289K(120000K) NonClass: 103390K(104384K)->103390K(104384K) Class: 14898K(15616K)->14898K(15616K)
[2025-12-03T16:48:06.830+0000][6][gc          ] GC(282) Pause Young (Normal) (G1 Evacuation Pause) 415M->170M(512M) 29.129ms
[2025-12-03T16:48:06.830+0000][6][gc,cpu      ] GC(282) User=0.14s Sys=0.00s Real=0.03s
[2025-12-03T16:48:06.830+0000][6][safepoint   ] Safepoint "G1CollectForAllocation", Time since last: 9760273254 ns, Reaching safepoint: 304542 ns, At safepoint: 29611291 ns, Total: 29915833 ns
[2025-12-03T16:48:35.756+0000][6][gc,start    ] GC(283) Pause Young (Concurrent Start) (G1 Evacuation Pause)
[2025-12-03T16:48:35.757+0000][6][gc,task     ] GC(283) Using 8 workers of 8 for evacuation
[2025-12-03T16:48:35.757+0000][6][gc,age      ] GC(283) Desired survivor size 16777216 bytes, new threshold 15 (max threshold 15)
[2025-12-03T16:48:35.777+0000][6][gc,age      ] GC(283) Age table with threshold 15 (max threshold 15)
[2025-12-03T16:48:35.777+0000][6][gc,age      ] GC(283) - age   1:     974760 bytes,     974760 total
[2025-12-03T16:48:35.778+0000][6][gc,age      ] GC(283) - age   2:     525992 bytes,    1500752 total
[2025-12-03T16:48:35.778+0000][6][gc,age      ] GC(283) - age   3:      28088 bytes,    1528840 total
[2025-12-03T16:48:35.778+0000][6][gc,age      ] GC(283) - age   4:     105088 bytes,    1633928 total
[2025-12-03T16:48:35.778+0000][6][gc,age      ] GC(283) - age   5:     133584 bytes,    1767512 total
[2025-12-03T16:48:35.778+0000][6][gc,age      ] GC(283) - age   6:     197184 bytes,    1964696 total
[2025-12-03T16:48:35.778+0000][6][gc,age      ] GC(283) - age   7:     730824 bytes,    2695520 total
[2025-12-03T16:48:35.778+0000][6][gc,age      ] GC(283) - age   8:     288440 bytes,    2983960 total
[2025-12-03T16:48:35.778+0000][6][gc,age      ] GC(283) - age   9:     850840 bytes,    3834800 total
[2025-12-03T16:48:35.778+0000][6][gc,age      ] GC(283) - age  10:      89112 bytes,    3923912 total
[2025-12-03T16:48:35.778+0000][6][gc,age      ] GC(283) - age  11:      69776 bytes,    3993688 total
[2025-12-03T16:48:35.778+0000][6][gc,age      ] GC(283) - age  12:      27024 bytes,    4020712 total
[2025-12-03T16:48:35.778+0000][6][gc,age      ] GC(283) - age  13:      52848 bytes,    4073560 total
[2025-12-03T16:48:35.778+0000][6][gc,age      ] GC(283) - age  14:      37832 bytes,    4111392 total
[2025-12-03T16:48:35.778+0000][6][gc,age      ] GC(283) - age  15:      28192 bytes,    4139584 total
[2025-12-03T16:48:35.778+0000][6][gc,phases   ] GC(283)   Pre Evacuate Collection Set: 3.8ms
[2025-12-03T16:48:35.779+0000][6][gc,phases   ] GC(283)   Merge Heap Roots: 0.2ms
[2025-12-03T16:48:35.779+0000][6][gc,phases   ] GC(283)   Evacuate Collection Set: 13.4ms
[2025-12-03T16:48:35.779+0000][6][gc,phases   ] GC(283)   Post Evacuate Collection Set: 2.4ms
[2025-12-03T16:48:35.779+0000][6][gc,phases   ] GC(283)   Other: 2.9ms
[2025-12-03T16:48:35.779+0000][6][gc,heap     ] GC(283) Eden regions: 61->0(62)
[2025-12-03T16:48:35.779+0000][6][gc,heap     ] GC(283) Survivor regions: 2->2(8)
[2025-12-03T16:48:35.779+0000][6][gc,heap     ] GC(283) Old regions: 38->38
[2025-12-03T16:48:35.779+0000][6][gc,heap     ] GC(283) Archive regions: 2->2
[2025-12-03T16:48:35.779+0000][6][gc,heap     ] GC(283) Humongous regions: 2->2
[2025-12-03T16:48:35.779+0000][6][gc,metaspace] GC(283) Metaspace: 118289K(120000K)->118289K(120000K) NonClass: 103390K(104384K)->103390K(104384K) Class: 14898K(15616K)->14898K(15616K)
[2025-12-03T16:48:35.779+0000][6][gc          ] GC(283) Pause Young (Concurrent Start) (G1 Evacuation Pause) 414M->167M(512M) 23.299ms
[2025-12-03T16:48:35.779+0000][6][gc,cpu      ] GC(283) User=0.09s Sys=0.00s Real=0.03s
[2025-12-03T16:48:35.780+0000][6][safepoint   ] Safepoint "G1CollectForAllocation", Time since last: 28923670889 ns, Reaching safepoint: 697917 ns, At safepoint: 23691083 ns, Total: 24389000 ns
[2025-12-03T16:48:35.780+0000][6][gc          ] GC(284) Concurrent Mark Cycle
[2025-12-03T16:48:35.780+0000][6][gc,marking  ] GC(284) Concurrent Clear Claimed Marks
[2025-12-03T16:48:35.780+0000][6][gc,marking  ] GC(284) Concurrent Clear Claimed Marks 0.164ms
[2025-12-03T16:48:35.780+0000][6][gc,marking  ] GC(284) Concurrent Scan Root Regions
[2025-12-03T16:48:35.784+0000][6][gc,marking  ] GC(284) Concurrent Scan Root Regions 3.729ms
[2025-12-03T16:48:35.784+0000][6][gc,marking  ] GC(284) Concurrent Mark
[2025-12-03T16:48:35.784+0000][6][gc,marking  ] GC(284) Concurrent Mark From Roots
[2025-12-03T16:48:35.784+0000][6][gc,task     ] GC(284) Using 2 workers of 2 for marking
[2025-12-03T16:48:35.847+0000][6][gc,marking  ] GC(284) Concurrent Mark From Roots 63.041ms
[2025-12-03T16:48:35.847+0000][6][gc,marking  ] GC(284) Concurrent Preclean
[2025-12-03T16:48:35.847+0000][6][gc,marking  ] GC(284) Concurrent Preclean 0.228ms
[2025-12-03T16:48:35.847+0000][6][gc,start    ] GC(284) Pause Remark
[2025-12-03T16:48:35.870+0000][6][gc          ] GC(284) Pause Remark 168M->168M(512M) 22.874ms
[2025-12-03T16:48:35.870+0000][6][gc,cpu      ] GC(284) User=0.14s Sys=0.00s Real=0.03s
[2025-12-03T16:48:35.870+0000][6][safepoint   ] Safepoint "G1Concurrent", Time since last: 67775875 ns, Reaching safepoint: 82833 ns, At safepoint: 23090625 ns, Total: 23173458 ns
[2025-12-03T16:48:35.871+0000][6][gc,marking  ] GC(284) Concurrent Mark 86.802ms
[2025-12-03T16:48:35.871+0000][6][gc,marking  ] GC(284) Concurrent Rebuild Remembered Sets
[2025-12-03T16:48:35.901+0000][6][gc,marking  ] GC(284) Concurrent Rebuild Remembered Sets 30.865ms
[2025-12-03T16:48:35.902+0000][6][gc,start    ] GC(284) Pause Cleanup
[2025-12-03T16:48:35.902+0000][6][gc          ] GC(284) Pause Cleanup 168M->168M(512M) 0.109ms
[2025-12-03T16:48:35.902+0000][6][gc,cpu      ] GC(284) User=0.00s Sys=0.00s Real=0.00s
[2025-12-03T16:48:35.902+0000][6][safepoint   ] Safepoint "G1Concurrent", Time since last: 31147375 ns, Reaching safepoint: 40084 ns, At safepoint: 287250 ns, Total: 327334 ns
[2025-12-03T16:48:35.902+0000][6][gc,marking  ] GC(284) Concurrent Cleanup for Next Mark
[2025-12-03T16:48:35.904+0000][6][gc,marking  ] GC(284) Concurrent Cleanup for Next Mark 1.606ms
[2025-12-03T16:48:35.904+0000][6][gc          ] GC(284) Concurrent Mark Cycle 124.184ms
[2025-12-03T16:48:41.911+0000][6][safepoint   ] Safepoint "Cleanup", Time since last: 6009311086 ns, Reaching safepoint: 83958 ns, At safepoint: 5083 ns, Total: 89041 ns
[2025-12-03T16:49:10.961+0000][6][safepoint   ] Safepoint "Cleanup", Time since last: 29032887097 ns, Reaching safepoint: 16840917 ns, At safepoint: 68916 ns, Total: 16909833 ns
[2025-12-03T16:49:15.722+0000][6][gc,start    ] GC(285) Pause Young (Normal) (G1 Evacuation Pause)
[2025-12-03T16:49:15.723+0000][6][gc,task     ] GC(285) Using 8 workers of 8 for evacuation
[2025-12-03T16:49:15.723+0000][6][gc,age      ] GC(285) Desired survivor size 16777216 bytes, new threshold 15 (max threshold 15)
[2025-12-03T16:49:15.734+0000][6][gc,age      ] GC(285) Age table with threshold 15 (max threshold 15)
[2025-12-03T16:49:15.734+0000][6][gc,age      ] GC(285) - age   1:    2130000 bytes,    2130000 total
[2025-12-03T16:49:15.735+0000][6][gc,age      ] GC(285) - age   2:     218864 bytes,    2348864 total
[2025-12-03T16:49:15.735+0000][6][gc,age      ] GC(285) - age   3:     520576 bytes,    2869440 total
[2025-12-03T16:49:15.735+0000][6][gc,age      ] GC(285) - age   4:      27416 bytes,    2896856 total
[2025-12-03T16:49:15.735+0000][6][gc,age      ] GC(285) - age   5:     104768 bytes,    3001624 total
[2025-12-03T16:49:15.735+0000][6][gc,age      ] GC(285) - age   6:     133272 bytes,    3134896 total
[2025-12-03T16:49:15.735+0000][6][gc,age      ] GC(285) - age   7:     197184 bytes,    3332080 total
[2025-12-03T16:49:15.735+0000][6][gc,age      ] GC(285) - age   8:     730824 bytes,    4062904 total
[2025-12-03T16:49:15.735+0000][6][gc,age      ] GC(285) - age   9:     288440 bytes,    4351344 total
[2025-12-03T16:49:15.735+0000][6][gc,age      ] GC(285) - age  10:     850840 bytes,    5202184 total
[2025-12-03T16:49:15.735+0000][6][gc,age      ] GC(285) - age  11:      89112 bytes,    5291296 total
[2025-12-03T16:49:15.735+0000][6][gc,age      ] GC(285) - age  12:      69776 bytes,    5361072 total
[2025-12-03T16:49:15.735+0000][6][gc,age      ] GC(285) - age  13:      27024 bytes,    5388096 total
[2025-12-03T16:49:15.735+0000][6][gc,age      ] GC(285) - age  14:      52848 bytes,    5440944 total
[2025-12-03T16:49:15.735+0000][6][gc,age      ] GC(285) - age  15:      37832 bytes,    5478776 total
[2025-12-03T16:49:15.735+0000][6][gc,phases   ] GC(285)   Pre Evacuate Collection Set: 0.3ms
[2025-12-03T16:49:15.735+0000][6][gc,phases   ] GC(285)   Merge Heap Roots: 0.2ms
[2025-12-03T16:49:15.735+0000][6][gc,phases   ] GC(285)   Evacuate Collection Set: 8.1ms
[2025-12-03T16:49:15.735+0000][6][gc,phases   ] GC(285)   Post Evacuate Collection Set: 2.7ms
[2025-12-03T16:49:15.735+0000][6][gc,phases   ] GC(285)   Other: 1.8ms
[2025-12-03T16:49:15.736+0000][6][gc,heap     ] GC(285) Eden regions: 62->0(62)
[2025-12-03T16:49:15.736+0000][6][gc,heap     ] GC(285) Survivor regions: 2->2(8)
[2025-12-03T16:49:15.736+0000][6][gc,heap     ] GC(285) Old regions: 38->38
[2025-12-03T16:49:15.736+0000][6][gc,heap     ] GC(285) Archive regions: 2->2
[2025-12-03T16:49:15.736+0000][6][gc,heap     ] GC(285) Humongous regions: 2->2
[2025-12-03T16:49:15.736+0000][6][gc,metaspace] GC(285) Metaspace: 118289K(120000K)->118289K(120000K) NonClass: 103390K(104384K)->103390K(104384K) Class: 14898K(15616K)->14898K(15616K)
[2025-12-03T16:49:15.736+0000][6][gc          ] GC(285) Pause Young (Normal) (G1 Evacuation Pause) 415M->168M(512M) 13.271ms
[2025-12-03T16:49:15.736+0000][6][gc,cpu      ] GC(285) User=0.06s Sys=0.01s Real=0.01s
[2025-12-03T16:49:15.736+0000][6][safepoint   ] Safepoint "G1CollectForAllocation", Time since last: 4761302669 ns, Reaching safepoint: 151750 ns, At safepoint: 13577750 ns, Total: 13729500 ns
[2025-12-03T16:49:24.745+0000][6][safepoint   ] Safepoint "Cleanup", Time since last: 9009089130 ns, Reaching safepoint: 345916 ns, At safepoint: 15125 ns, Total: 361041 ns
[2025-12-03T16:49:27.749+0000][6][safepoint   ] Safepoint "Cleanup", Time since last: 3002938252 ns, Reaching safepoint: 814333 ns, At safepoint: 21125 ns, Total: 835458 ns
[2025-12-03T16:49:53.829+0000][6][gc,start    ] GC(286) Pause Young (Concurrent Start) (G1 Evacuation Pause)
[2025-12-03T16:49:53.830+0000][6][gc,task     ] GC(286) Using 8 workers of 8 for evacuation
[2025-12-03T16:49:53.831+0000][6][gc,age      ] GC(286) Desired survivor size 16777216 bytes, new threshold 15 (max threshold 15)
[2025-12-03T16:49:53.852+0000][6][gc,age      ] GC(286) Age table with threshold 15 (max threshold 15)
[2025-12-03T16:49:53.852+0000][6][gc,age      ] GC(286) - age   1:    1913064 bytes,    1913064 total
[2025-12-03T16:49:53.852+0000][6][gc,age      ] GC(286) - age   2:     313536 bytes,    2226600 total
[2025-12-03T16:49:53.852+0000][6][gc,age      ] GC(286) - age   3:      56432 bytes,    2283032 total
[2025-12-03T16:49:53.852+0000][6][gc,age      ] GC(286) - age   4:     518896 bytes,    2801928 total
[2025-12-03T16:49:53.852+0000][6][gc,age      ] GC(286) - age   5:      27288 bytes,    2829216 total
[2025-12-03T16:49:53.852+0000][6][gc,age      ] GC(286) - age   6:     104608 bytes,    2933824 total
[2025-12-03T16:49:53.852+0000][6][gc,age      ] GC(286) - age   7:     133144 bytes,    3066968 total
[2025-12-03T16:49:53.852+0000][6][gc,age      ] GC(286) - age   8:     197184 bytes,    3264152 total
[2025-12-03T16:49:53.853+0000][6][gc,age      ] GC(286) - age   9:     730824 bytes,    3994976 total
[2025-12-03T16:49:53.853+0000][6][gc,age      ] GC(286) - age  10:     288440 bytes,    4283416 total
[2025-12-03T16:49:53.853+0000][6][gc,age      ] GC(286) - age  11:     850720 bytes,    5134136 total
[2025-12-03T16:49:53.853+0000][6][gc,age      ] GC(286) - age  12:      89112 bytes,    5223248 total
[2025-12-03T16:49:53.853+0000][6][gc,age      ] GC(286) - age  13:      69776 bytes,    5293024 total
[2025-12-03T16:49:53.853+0000][6][gc,age      ] GC(286) - age  14:      27024 bytes,    5320048 total
[2025-12-03T16:49:53.853+0000][6][gc,age      ] GC(286) - age  15:      52848 bytes,    5372896 total
[2025-12-03T16:49:53.853+0000][6][gc,phases   ] GC(286)   Pre Evacuate Collection Set: 4.0ms
[2025-12-03T16:49:53.853+0000][6][gc,phases   ] GC(286)   Merge Heap Roots: 0.3ms
[2025-12-03T16:49:53.853+0000][6][gc,phases   ] GC(286)   Evacuate Collection Set: 13.8ms
[2025-12-03T16:49:53.853+0000][6][gc,phases   ] GC(286)   Post Evacuate Collection Set: 2.8ms
[2025-12-03T16:49:53.853+0000][6][gc,phases   ] GC(286)   Other: 3.2ms
[2025-12-03T16:49:53.853+0000][6][gc,heap     ] GC(286) Eden regions: 62->0(62)
[2025-12-03T16:49:53.853+0000][6][gc,heap     ] GC(286) Survivor regions: 2->2(8)
[2025-12-03T16:49:53.853+0000][6][gc,heap     ] GC(286) Old regions: 38->38
[2025-12-03T16:49:53.854+0000][6][gc,heap     ] GC(286) Archive regions: 2->2
[2025-12-03T16:49:53.854+0000][6][gc,heap     ] GC(286) Humongous regions: 2->2
[2025-12-03T16:49:53.854+0000][6][gc,metaspace] GC(286) Metaspace: 118292K(120000K)->118292K(120000K) NonClass: 103393K(104384K)->103393K(104384K) Class: 14898K(15616K)->14898K(15616K)
[2025-12-03T16:49:53.854+0000][6][gc          ] GC(286) Pause Young (Concurrent Start) (G1 Evacuation Pause) 416M->168M(512M) 24.752ms
[2025-12-03T16:49:53.854+0000][6][gc,cpu      ] GC(286) User=0.10s Sys=0.00s Real=0.03s
[2025-12-03T16:49:53.854+0000][6][safepoint   ] Safepoint "G1CollectForAllocation", Time since last: 26076697637 ns, Reaching safepoint: 762625 ns, At safepoint: 25236750 ns, Total: 25999375 ns
[2025-12-03T16:49:53.854+0000][6][gc          ] GC(287) Concurrent Mark Cycle
[2025-12-03T16:49:53.854+0000][6][gc,marking  ] GC(287) Concurrent Clear Claimed Marks
[2025-12-03T16:49:53.855+0000][6][gc,marking  ] GC(287) Concurrent Clear Claimed Marks 0.248ms
[2025-12-03T16:49:53.855+0000][6][gc,marking  ] GC(287) Concurrent Scan Root Regions
[2025-12-03T16:49:53.858+0000][6][gc,marking  ] GC(287) Concurrent Scan Root Regions 3.667ms
[2025-12-03T16:49:53.858+0000][6][gc,marking  ] GC(287) Concurrent Mark
[2025-12-03T16:49:53.858+0000][6][gc,marking  ] GC(287) Concurrent Mark From Roots
[2025-12-03T16:49:53.858+0000][6][gc,task     ] GC(287) Using 2 workers of 2 for marking
[2025-12-03T16:49:53.927+0000][6][gc,marking  ] GC(287) Concurrent Mark From Roots 68.558ms
[2025-12-03T16:49:53.927+0000][6][gc,marking  ] GC(287) Concurrent Preclean
[2025-12-03T16:49:53.927+0000][6][gc,marking  ] GC(287) Concurrent Preclean 0.276ms
[2025-12-03T16:49:53.928+0000][6][gc,start    ] GC(287) Pause Remark
[2025-12-03T16:49:53.955+0000][6][gc          ] GC(287) Pause Remark 177M->177M(512M) 27.899ms
[2025-12-03T16:49:53.956+0000][6][gc,cpu      ] GC(287) User=0.19s Sys=0.00s Real=0.03s
[2025-12-03T16:49:53.956+0000][6][safepoint   ] Safepoint "G1Concurrent", Time since last: 73428250 ns, Reaching safepoint: 64959 ns, At safepoint: 28158166 ns, Total: 28223125 ns
[2025-12-03T16:49:53.956+0000][6][gc,marking  ] GC(287) Concurrent Mark 97.529ms
[2025-12-03T16:49:53.956+0000][6][gc,marking  ] GC(287) Concurrent Rebuild Remembered Sets
[2025-12-03T16:49:53.991+0000][6][gc,marking  ] GC(287) Concurrent Rebuild Remembered Sets 35.213ms
[2025-12-03T16:49:53.992+0000][6][gc,start    ] GC(287) Pause Cleanup
[2025-12-03T16:49:53.992+0000][6][gc          ] GC(287) Pause Cleanup 183M->183M(512M) 0.135ms
[2025-12-03T16:49:53.992+0000][6][gc,cpu      ] GC(287) User=0.00s Sys=0.00s Real=0.00s
[2025-12-03T16:49:53.992+0000][6][safepoint   ] Safepoint "G1Concurrent", Time since last: 35666084 ns, Reaching safepoint: 823916 ns, At safepoint: 264334 ns, Total: 1088250 ns
[2025-12-03T16:49:53.993+0000][6][gc,marking  ] GC(287) Concurrent Cleanup for Next Mark
[2025-12-03T16:49:53.994+0000][6][gc,marking  ] GC(287) Concurrent Cleanup for Next Mark 1.604ms
[2025-12-03T16:49:53.994+0000][6][gc          ] GC(287) Concurrent Mark Cycle 140.007ms
[2025-12-03T16:50:15.043+0000][6][safepoint   ] Safepoint "Cleanup", Time since last: 21048877675 ns, Reaching safepoint: 612875 ns, At safepoint: 48625 ns, Total: 661500 ns
[2025-12-03T16:50:29.840+0000][6][gc,start    ] GC(288) Pause Young (Normal) (G1 Evacuation Pause)
[2025-12-03T16:50:29.840+0000][6][gc,task     ] GC(288) Using 8 workers of 8 for evacuation
[2025-12-03T16:50:29.840+0000][6][gc,age      ] GC(288) Desired survivor size 16777216 bytes, new threshold 15 (max threshold 15)
[2025-12-03T16:50:29.852+0000][6][gc,age      ] GC(288) Age table with threshold 15 (max threshold 15)
[2025-12-03T16:50:29.852+0000][6][gc,age      ] GC(288) - age   1:    3521232 bytes,    3521232 total
[2025-12-03T16:50:29.852+0000][6][gc,age      ] GC(288) - age   2:     443352 bytes,    3964584 total
[2025-12-03T16:50:29.852+0000][6][gc,age      ] GC(288) - age   3:      29696 bytes,    3994280 total
[2025-12-03T16:50:29.853+0000][6][gc,age      ] GC(288) - age   4:      55416 bytes,    4049696 total
[2025-12-03T16:50:29.853+0000][6][gc,age      ] GC(288) - age   5:      20160 bytes,    4069856 total
[2025-12-03T16:50:29.853+0000][6][gc,age      ] GC(288) - age   6:      26936 bytes,    4096792 total
[2025-12-03T16:50:29.853+0000][6][gc,age      ] GC(288) - age   7:     104608 bytes,    4201400 total
[2025-12-03T16:50:29.853+0000][6][gc,age      ] GC(288) - age   8:     133144 bytes,    4334544 total
[2025-12-03T16:50:29.853+0000][6][gc,age      ] GC(288) - age   9:     197072 bytes,    4531616 total
[2025-12-03T16:50:29.853+0000][6][gc,age      ] GC(288) - age  10:     730824 bytes,    5262440 total
[2025-12-03T16:50:29.853+0000][6][gc,age      ] GC(288) - age  11:     288344 bytes,    5550784 total
[2025-12-03T16:50:29.853+0000][6][gc,age      ] GC(288) - age  12:      51520 bytes,    5602304 total
[2025-12-03T16:50:29.853+0000][6][gc,age      ] GC(288) - age  13:      59784 bytes,    5662088 total
[2025-12-03T16:50:29.853+0000][6][gc,age      ] GC(288) - age  14:      69776 bytes,    5731864 total
[2025-12-03T16:50:29.853+0000][6][gc,age      ] GC(288) - age  15:      27024 bytes,    5758888 total
[2025-12-03T16:50:29.853+0000][6][gc,phases   ] GC(288)   Pre Evacuate Collection Set: 0.2ms
[2025-12-03T16:50:29.853+0000][6][gc,phases   ] GC(288)   Merge Heap Roots: 0.2ms
[2025-12-03T16:50:29.853+0000][6][gc,phases   ] GC(288)   Evacuate Collection Set: 8.8ms
[2025-12-03T16:50:29.853+0000][6][gc,phases   ] GC(288)   Post Evacuate Collection Set: 2.6ms
[2025-12-03T16:50:29.853+0000][6][gc,phases   ] GC(288)   Other: 1.0ms
[2025-12-03T16:50:29.853+0000][6][gc,heap     ] GC(288) Eden regions: 62->0(61)
[2025-12-03T16:50:29.853+0000][6][gc,heap     ] GC(288) Survivor regions: 2->2(8)
[2025-12-03T16:50:29.853+0000][6][gc,heap     ] GC(288) Old regions: 38->38
[2025-12-03T16:50:29.853+0000][6][gc,heap     ] GC(288) Archive regions: 2->2
[2025-12-03T16:50:29.853+0000][6][gc,heap     ] GC(288) Humongous regions: 2->2
[2025-12-03T16:50:29.853+0000][6][gc,metaspace] GC(288) Metaspace: 118292K(120000K)->118292K(120000K) NonClass: 103393K(104384K)->103393K(104384K) Class: 14898K(15616K)->14898K(15616K)
[2025-12-03T16:50:29.853+0000][6][gc          ] GC(288) Pause Young (Normal) (G1 Evacuation Pause) 416M->169M(512M) 13.069ms
[2025-12-03T16:50:29.853+0000][6][gc,cpu      ] GC(288) User=0.07s Sys=0.00s Real=0.02s
[2025-12-03T16:50:29.853+0000][6][safepoint   ] Safepoint "G1CollectForAllocation", Time since last: 14796820674 ns, Reaching safepoint: 333583 ns, At safepoint: 13201667 ns, Total: 13535250 ns
[2025-12-03T16:51:06.405+0000][6][gc,start    ] GC(289) Pause Young (Concurrent Start) (G1 Evacuation Pause)
[2025-12-03T16:51:06.406+0000][6][gc,task     ] GC(289) Using 8 workers of 8 for evacuation
[2025-12-03T16:51:06.406+0000][6][gc,age      ] GC(289) Desired survivor size 16777216 bytes, new threshold 15 (max threshold 15)
[2025-12-03T16:51:06.419+0000][6][gc,age      ] GC(289) Age table with threshold 15 (max threshold 15)
[2025-12-03T16:51:06.420+0000][6][gc,age      ] GC(289) - age   1:    3204104 bytes,    3204104 total
[2025-12-03T16:51:06.420+0000][6][gc,age      ] GC(289) - age   2:    1468512 bytes,    4672616 total
[2025-12-03T16:51:06.420+0000][6][gc,age      ] GC(289) - age   3:     172824 bytes,    4845440 total
[2025-12-03T16:51:06.420+0000][6][gc,age      ] GC(289) - age   4:      27456 bytes,    4872896 total
[2025-12-03T16:51:06.420+0000][6][gc,age      ] GC(289) - age   5:      55064 bytes,    4927960 total
[2025-12-03T16:51:06.420+0000][6][gc,age      ] GC(289) - age   6:      20064 bytes,    4948024 total
[2025-12-03T16:51:06.420+0000][6][gc,age      ] GC(289) - age   7:      26936 bytes,    4974960 total
[2025-12-03T16:51:06.420+0000][6][gc,age      ] GC(289) - age   8:     104576 bytes,    5079536 total
[2025-12-03T16:51:06.420+0000][6][gc,age      ] GC(289) - age   9:     133144 bytes,    5212680 total
[2025-12-03T16:51:06.420+0000][6][gc,age      ] GC(289) - age  10:     197072 bytes,    5409752 total
[2025-12-03T16:51:06.421+0000][6][gc,age      ] GC(289) - age  11:     730824 bytes,    6140576 total
[2025-12-03T16:51:06.421+0000][6][gc,age      ] GC(289) - age  12:     288344 bytes,    6428920 total
[2025-12-03T16:51:06.421+0000][6][gc,age      ] GC(289) - age  13:      51520 bytes,    6480440 total
[2025-12-03T16:51:06.421+0000][6][gc,age      ] GC(289) - age  14:      59784 bytes,    6540224 total
[2025-12-03T16:51:06.421+0000][6][gc,age      ] GC(289) - age  15:      69776 bytes,    6610000 total
[2025-12-03T16:51:06.421+0000][6][gc,phases   ] GC(289)   Pre Evacuate Collection Set: 1.9ms
[2025-12-03T16:51:06.421+0000][6][gc,phases   ] GC(289)   Merge Heap Roots: 0.2ms
[2025-12-03T16:51:06.421+0000][6][gc,phases   ] GC(289)   Evacuate Collection Set: 9.2ms
[2025-12-03T16:51:06.421+0000][6][gc,phases   ] GC(289)   Post Evacuate Collection Set: 1.7ms
[2025-12-03T16:51:06.421+0000][6][gc,phases   ] GC(289)   Other: 2.6ms
[2025-12-03T16:51:06.421+0000][6][gc,heap     ] GC(289) Eden regions: 61->0(61)
[2025-12-03T16:51:06.421+0000][6][gc,heap     ] GC(289) Survivor regions: 2->2(8)
[2025-12-03T16:51:06.421+0000][6][gc,heap     ] GC(289) Old regions: 38->38
[2025-12-03T16:51:06.421+0000][6][gc,heap     ] GC(289) Archive regions: 2->2
[2025-12-03T16:51:06.421+0000][6][gc,heap     ] GC(289) Humongous regions: 2->2
[2025-12-03T16:51:06.421+0000][6][gc,metaspace] GC(289) Metaspace: 118292K(120000K)->118292K(120000K) NonClass: 103393K(104384K)->103393K(104384K) Class: 14898K(15616K)->14898K(15616K)
[2025-12-03T16:51:06.421+0000][6][gc          ] GC(289) Pause Young (Concurrent Start) (G1 Evacuation Pause) 413M->170M(512M) 16.068ms
[2025-12-03T16:51:06.422+0000][6][gc,cpu      ] GC(289) User=0.05s Sys=0.00s Real=0.01s
[2025-12-03T16:51:06.422+0000][6][safepoint   ] Safepoint "G1CollectForAllocation", Time since last: 36550346059 ns, Reaching safepoint: 419041 ns, At safepoint: 16288209 ns, Total: 16707250 ns
[2025-12-03T16:51:06.422+0000][6][gc          ] GC(290) Concurrent Mark Cycle
[2025-12-03T16:51:06.422+0000][6][gc,marking  ] GC(290) Concurrent Clear Claimed Marks
[2025-12-03T16:51:06.422+0000][6][gc,marking  ] GC(290) Concurrent Clear Claimed Marks 0.232ms
[2025-12-03T16:51:06.422+0000][6][gc,marking  ] GC(290) Concurrent Scan Root Regions
[2025-12-03T16:51:06.439+0000][6][gc,marking  ] GC(290) Concurrent Scan Root Regions 16.768ms
[2025-12-03T16:51:06.439+0000][6][gc,marking  ] GC(290) Concurrent Mark
[2025-12-03T16:51:06.439+0000][6][gc,marking  ] GC(290) Concurrent Mark From Roots
[2025-12-03T16:51:06.439+0000][6][gc,task     ] GC(290) Using 2 workers of 2 for marking
[2025-12-03T16:51:06.520+0000][6][gc,marking  ] GC(290) Concurrent Mark From Roots 80.733ms
[2025-12-03T16:51:06.520+0000][6][gc,marking  ] GC(290) Concurrent Preclean
[2025-12-03T16:51:06.520+0000][6][gc,marking  ] GC(290) Concurrent Preclean 0.275ms
[2025-12-03T16:51:06.520+0000][6][gc,start    ] GC(290) Pause Remark
[2025-12-03T16:51:06.555+0000][6][gc          ] GC(290) Pause Remark 175M->175M(512M) 34.721ms
[2025-12-03T16:51:06.555+0000][6][gc,cpu      ] GC(290) User=0.19s Sys=0.02s Real=0.04s
[2025-12-03T16:51:06.555+0000][6][safepoint   ] Safepoint "G1Concurrent", Time since last: 98697375 ns, Reaching safepoint: 86875 ns, At safepoint: 35032375 ns, Total: 35119250 ns
[2025-12-03T16:51:06.556+0000][6][gc,marking  ] GC(290) Concurrent Mark 116.548ms
[2025-12-03T16:51:06.556+0000][6][gc,marking  ] GC(290) Concurrent Rebuild Remembered Sets
[2025-12-03T16:51:06.586+0000][6][gc,marking  ] GC(290) Concurrent Rebuild Remembered Sets 29.959ms
[2025-12-03T16:51:06.586+0000][6][gc,start    ] GC(290) Pause Cleanup
[2025-12-03T16:51:06.586+0000][6][gc          ] GC(290) Pause Cleanup 175M->175M(512M) 0.140ms
[2025-12-03T16:51:06.586+0000][6][gc,cpu      ] GC(290) User=0.00s Sys=0.00s Real=0.00s
[2025-12-03T16:51:06.586+0000][6][safepoint   ] Safepoint "G1Concurrent", Time since last: 30244250 ns, Reaching safepoint: 95916 ns, At safepoint: 280917 ns, Total: 376833 ns
[2025-12-03T16:51:06.586+0000][6][gc,marking  ] GC(290) Concurrent Cleanup for Next Mark
[2025-12-03T16:51:06.588+0000][6][gc,marking  ] GC(290) Concurrent Cleanup for Next Mark 1.681ms
[2025-12-03T16:51:06.588+0000][6][gc          ] GC(290) Concurrent Mark Cycle 166.213ms
[2025-12-03T16:51:21.622+0000][6][safepoint   ] Safepoint "Cleanup", Time since last: 15034789299 ns, Reaching safepoint: 651208 ns, At safepoint: 26375 ns, Total: 677583 ns
[2025-12-03T16:51:22.624+0000][6][safepoint   ] Safepoint "Cleanup", Time since last: 1001975584 ns, Reaching safepoint: 86250 ns, At safepoint: 7083 ns, Total: 93333 ns
[2025-12-03T16:51:24.627+0000][6][safepoint   ] Safepoint "Cleanup", Time since last: 2002754085 ns, Reaching safepoint: 247375 ns, At safepoint: 21458 ns, Total: 268833 ns
[2025-12-03T16:51:43.600+0000][6][gc,start    ] GC(291) Pause Young (Normal) (G1 Evacuation Pause)
[2025-12-03T16:51:43.601+0000][6][gc,task     ] GC(291) Using 8 workers of 8 for evacuation
[2025-12-03T16:51:43.601+0000][6][gc,age      ] GC(291) Desired survivor size 16777216 bytes, new threshold 15 (max threshold 15)
[2025-12-03T16:51:43.611+0000][6][gc,age      ] GC(291) Age table with threshold 15 (max threshold 15)
[2025-12-03T16:51:43.611+0000][6][gc,age      ] GC(291) - age   1:    2463416 bytes,    2463416 total
[2025-12-03T16:51:43.611+0000][6][gc,age      ] GC(291) - age   2:      69688 bytes,    2533104 total
[2025-12-03T16:51:43.611+0000][6][gc,age      ] GC(291) - age   3:    1461712 bytes,    3994816 total
[2025-12-03T16:51:43.611+0000][6][gc,age      ] GC(291) - age   4:     170696 bytes,    4165512 total
[2025-12-03T16:51:43.611+0000][6][gc,age      ] GC(291) - age   5:      26880 bytes,    4192392 total
[2025-12-03T16:51:43.611+0000][6][gc,age      ] GC(291) - age   6:      55064 bytes,    4247456 total
[2025-12-03T16:51:43.611+0000][6][gc,age      ] GC(291) - age   7:      20064 bytes,    4267520 total
[2025-12-03T16:51:43.611+0000][6][gc,age      ] GC(291) - age   8:      26936 bytes,    4294456 total
[2025-12-03T16:51:43.611+0000][6][gc,age      ] GC(291) - age   9:     104576 bytes,    4399032 total
[2025-12-03T16:51:43.611+0000][6][gc,age      ] GC(291) - age  10:     133144 bytes,    4532176 total
[2025-12-03T16:51:43.611+0000][6][gc,age      ] GC(291) - age  11:     197072 bytes,    4729248 total
[2025-12-03T16:51:43.612+0000][6][gc,age      ] GC(291) - age  12:     730824 bytes,    5460072 total
[2025-12-03T16:51:43.612+0000][6][gc,age      ] GC(291) - age  13:      69080 bytes,    5529152 total
[2025-12-03T16:51:43.612+0000][6][gc,age      ] GC(291) - age  14:      51520 bytes,    5580672 total
[2025-12-03T16:51:43.612+0000][6][gc,age      ] GC(291) - age  15:      59784 bytes,    5640456 total
[2025-12-03T16:51:43.612+0000][6][gc,phases   ] GC(291)   Pre Evacuate Collection Set: 0.3ms
[2025-12-03T16:51:43.612+0000][6][gc,phases   ] GC(291)   Merge Heap Roots: 0.2ms
[2025-12-03T16:51:43.612+0000][6][gc,phases   ] GC(291)   Evacuate Collection Set: 6.3ms
[2025-12-03T16:51:43.612+0000][6][gc,phases   ] GC(291)   Post Evacuate Collection Set: 2.5ms
[2025-12-03T16:51:43.612+0000][6][gc,phases   ] GC(291)   Other: 2.7ms
[2025-12-03T16:51:43.612+0000][6][gc,heap     ] GC(291) Eden regions: 61->0(61)
[2025-12-03T16:51:43.612+0000][6][gc,heap     ] GC(291) Survivor regions: 2->2(8)
[2025-12-03T16:51:43.612+0000][6][gc,heap     ] GC(291) Old regions: 38->38
[2025-12-03T16:51:43.612+0000][6][gc,heap     ] GC(291) Archive regions: 2->2
[2025-12-03T16:51:43.612+0000][6][gc,heap     ] GC(291) Humongous regions: 2->2
[2025-12-03T16:51:43.612+0000][6][gc,metaspace] GC(291) Metaspace: 118303K(120000K)->118303K(120000K) NonClass: 103404K(104384K)->103404K(104384K) Class: 14898K(15616K)->14898K(15616K)
[2025-12-03T16:51:43.613+0000][6][gc          ] GC(291) Pause Young (Normal) (G1 Evacuation Pause) 414M->169M(512M) 12.544ms
[2025-12-03T16:51:43.613+0000][6][gc,cpu      ] GC(291) User=0.05s Sys=0.01s Real=0.01s
[2025-12-03T16:51:43.613+0000][6][safepoint   ] Safepoint "G1CollectForAllocation", Time since last: 18972045967 ns, Reaching safepoint: 380541 ns, At safepoint: 12878334 ns, Total: 13258875 ns
[2025-12-03T16:52:03.639+0000][6][safepoint   ] Safepoint "Cleanup", Time since last: 20024762592 ns, Reaching safepoint: 732833 ns, At safepoint: 91750 ns, Total: 824583 ns
[2025-12-03T16:52:20.933+0000][6][gc,start    ] GC(292) Pause Young (Concurrent Start) (G1 Evacuation Pause)
[2025-12-03T16:52:20.933+0000][6][gc,task     ] GC(292) Using 8 workers of 8 for evacuation
[2025-12-03T16:52:20.933+0000][6][gc,age      ] GC(292) Desired survivor size 16777216 bytes, new threshold 15 (max threshold 15)
[2025-12-03T16:52:20.943+0000][6][gc,age      ] GC(292) Age table with threshold 15 (max threshold 15)
[2025-12-03T16:52:20.943+0000][6][gc,age      ] GC(292) - age   1:    1744136 bytes,    1744136 total
[2025-12-03T16:52:20.944+0000][6][gc,age      ] GC(292) - age   2:     331320 bytes,    2075456 total
[2025-12-03T16:52:20.944+0000][6][gc,age      ] GC(292) - age   3:      62632 bytes,    2138088 total
[2025-12-03T16:52:20.944+0000][6][gc,age      ] GC(292) - age   4:     961608 bytes,    3099696 total
[2025-12-03T16:52:20.944+0000][6][gc,age      ] GC(292) - age   5:     170312 bytes,    3270008 total
[2025-12-03T16:52:20.944+0000][6][gc,age      ] GC(292) - age   6:      26816 bytes,    3296824 total
[2025-12-03T16:52:20.944+0000][6][gc,age      ] GC(292) - age   7:      55064 bytes,    3351888 total
[2025-12-03T16:52:20.944+0000][6][gc,age      ] GC(292) - age   8:      20064 bytes,    3371952 total
[2025-12-03T16:52:20.944+0000][6][gc,age      ] GC(292) - age   9:      26936 bytes,    3398888 total
[2025-12-03T16:52:20.944+0000][6][gc,age      ] GC(292) - age  10:     104576 bytes,    3503464 total
[2025-12-03T16:52:20.944+0000][6][gc,age      ] GC(292) - age  11:     133048 bytes,    3636512 total
[2025-12-03T16:52:20.944+0000][6][gc,age      ] GC(292) - age  12:     136144 bytes,    3772656 total
[2025-12-03T16:52:20.944+0000][6][gc,age      ] GC(292) - age  13:     348608 bytes,    4121264 total
[2025-12-03T16:52:20.944+0000][6][gc,age      ] GC(292) - age  14:      60240 bytes,    4181504 total
[2025-12-03T16:52:20.944+0000][6][gc,age      ] GC(292) - age  15:      51520 bytes,    4233024 total
[2025-12-03T16:52:20.944+0000][6][gc,phases   ] GC(292)   Pre Evacuate Collection Set: 1.4ms
[2025-12-03T16:52:20.944+0000][6][gc,phases   ] GC(292)   Merge Heap Roots: 0.1ms
[2025-12-03T16:52:20.944+0000][6][gc,phases   ] GC(292)   Evacuate Collection Set: 6.7ms
[2025-12-03T16:52:20.944+0000][6][gc,phases   ] GC(292)   Post Evacuate Collection Set: 1.7ms
[2025-12-03T16:52:20.944+0000][6][gc,phases   ] GC(292)   Other: 1.8ms
[2025-12-03T16:52:20.944+0000][6][gc,heap     ] GC(292) Eden regions: 61->0(61)
[2025-12-03T16:52:20.944+0000][6][gc,heap     ] GC(292) Survivor regions: 2->2(8)
[2025-12-03T16:52:20.944+0000][6][gc,heap     ] GC(292) Old regions: 38->38
[2025-12-03T16:52:20.944+0000][6][gc,heap     ] GC(292) Archive regions: 2->2
[2025-12-03T16:52:20.944+0000][6][gc,heap     ] GC(292) Humongous regions: 2->2
[2025-12-03T16:52:20.944+0000][6][gc,metaspace] GC(292) Metaspace: 118303K(120000K)->118303K(120000K) NonClass: 103404K(104384K)->103404K(104384K) Class: 14898K(15616K)->14898K(15616K)
[2025-12-03T16:52:20.945+0000][6][gc          ] GC(292) Pause Young (Concurrent Start) (G1 Evacuation Pause) 413M->168M(512M) 11.979ms
[2025-12-03T16:52:20.945+0000][6][gc,cpu      ] GC(292) User=0.04s Sys=0.00s Real=0.02s
[2025-12-03T16:52:20.945+0000][6][safepoint   ] Safepoint "G1CollectForAllocation", Time since last: 17292624300 ns, Reaching safepoint: 371583 ns, At safepoint: 12247125 ns, Total: 12618708 ns
[2025-12-03T16:52:20.945+0000][6][gc          ] GC(293) Concurrent Mark Cycle
[2025-12-03T16:52:20.945+0000][6][gc,marking  ] GC(293) Concurrent Clear Claimed Marks
[2025-12-03T16:52:20.945+0000][6][gc,marking  ] GC(293) Concurrent Clear Claimed Marks 0.092ms
[2025-12-03T16:52:20.945+0000][6][gc,marking  ] GC(293) Concurrent Scan Root Regions
[2025-12-03T16:52:20.948+0000][6][gc,marking  ] GC(293) Concurrent Scan Root Regions 2.674ms
[2025-12-03T16:52:20.948+0000][6][gc,marking  ] GC(293) Concurrent Mark
[2025-12-03T16:52:20.948+0000][6][gc,marking  ] GC(293) Concurrent Mark From Roots
[2025-12-03T16:52:20.948+0000][6][gc,task     ] GC(293) Using 2 workers of 2 for marking
[2025-12-03T16:52:21.043+0000][6][gc,marking  ] GC(293) Concurrent Mark From Roots 95.280ms
[2025-12-03T16:52:21.043+0000][6][gc,marking  ] GC(293) Concurrent Preclean
[2025-12-03T16:52:21.043+0000][6][gc,marking  ] GC(293) Concurrent Preclean 0.226ms
[2025-12-03T16:52:21.043+0000][6][gc,start    ] GC(293) Pause Remark
[2025-12-03T16:52:21.072+0000][6][gc          ] GC(293) Pause Remark 172M->172M(512M) 28.575ms
[2025-12-03T16:52:21.072+0000][6][gc,cpu      ] GC(293) User=0.19s Sys=0.00s Real=0.03s
[2025-12-03T16:52:21.072+0000][6][safepoint   ] Safepoint "G1Concurrent", Time since last: 98701292 ns, Reaching safepoint: 64208 ns, At safepoint: 28836583 ns, Total: 28900791 ns
[2025-12-03T16:52:21.072+0000][6][gc,marking  ] GC(293) Concurrent Mark 124.714ms
[2025-12-03T16:52:21.072+0000][6][gc,marking  ] GC(293) Concurrent Rebuild Remembered Sets
[2025-12-03T16:52:21.103+0000][6][gc,marking  ] GC(293) Concurrent Rebuild Remembered Sets 30.177ms
[2025-12-03T16:52:21.103+0000][6][gc,start    ] GC(293) Pause Cleanup
[2025-12-03T16:52:21.103+0000][6][gc          ] GC(293) Pause Cleanup 172M->172M(512M) 0.142ms
[2025-12-03T16:52:21.103+0000][6][gc,cpu      ] GC(293) User=0.00s Sys=0.00s Real=0.00s
[2025-12-03T16:52:21.103+0000][6][safepoint   ] Safepoint "G1Concurrent", Time since last: 30435334 ns, Reaching safepoint: 93375 ns, At safepoint: 284833 ns, Total: 378208 ns
[2025-12-03T16:52:21.103+0000][6][gc,marking  ] GC(293) Concurrent Cleanup for Next Mark
[2025-12-03T16:52:21.104+0000][6][gc,marking  ] GC(293) Concurrent Cleanup for Next Mark 1.299ms
[2025-12-03T16:52:21.105+0000][6][gc          ] GC(293) Concurrent Mark Cycle 159.844ms
[2025-12-03T16:52:57.077+0000][6][gc,start    ] GC(294) Pause Young (Normal) (G1 Evacuation Pause)
[2025-12-03T16:52:57.078+0000][6][gc,task     ] GC(294) Using 8 workers of 8 for evacuation
[2025-12-03T16:52:57.078+0000][6][gc,age      ] GC(294) Desired survivor size 16777216 bytes, new threshold 15 (max threshold 15)
[2025-12-03T16:52:57.088+0000][6][gc,age      ] GC(294) Age table with threshold 15 (max threshold 15)
[2025-12-03T16:52:57.088+0000][6][gc,age      ] GC(294) - age   1:    1630600 bytes,    1630600 total
[2025-12-03T16:52:57.088+0000][6][gc,age      ] GC(294) - age   2:    1075712 bytes,    2706312 total
[2025-12-03T16:52:57.088+0000][6][gc,age      ] GC(294) - age   3:     276176 bytes,    2982488 total
[2025-12-03T16:52:57.088+0000][6][gc,age      ] GC(294) - age   4:      61352 bytes,    3043840 total
[2025-12-03T16:52:57.088+0000][6][gc,age      ] GC(294) - age   5:     961416 bytes,    4005256 total
[2025-12-03T16:52:57.088+0000][6][gc,age      ] GC(294) - age   6:     169840 bytes,    4175096 total
[2025-12-03T16:52:57.088+0000][6][gc,age      ] GC(294) - age   7:      26752 bytes,    4201848 total
[2025-12-03T16:52:57.088+0000][6][gc,age      ] GC(294) - age   8:      54680 bytes,    4256528 total
[2025-12-03T16:52:57.088+0000][6][gc,age      ] GC(294) - age   9:      20064 bytes,    4276592 total
[2025-12-03T16:52:57.088+0000][6][gc,age      ] GC(294) - age  10:      26936 bytes,    4303528 total
[2025-12-03T16:52:57.088+0000][6][gc,age      ] GC(294) - age  11:     104576 bytes,    4408104 total
[2025-12-03T16:52:57.088+0000][6][gc,age      ] GC(294) - age  12:     133048 bytes,    4541152 total
[2025-12-03T16:52:57.088+0000][6][gc,age      ] GC(294) - age  13:     136144 bytes,    4677296 total
[2025-12-03T16:52:57.088+0000][6][gc,age      ] GC(294) - age  14:     199424 bytes,    4876720 total
[2025-12-03T16:52:57.088+0000][6][gc,age      ] GC(294) - age  15:      60240 bytes,    4936960 total
[2025-12-03T16:52:57.088+0000][6][gc,phases   ] GC(294)   Pre Evacuate Collection Set: 0.3ms
[2025-12-03T16:52:57.088+0000][6][gc,phases   ] GC(294)   Merge Heap Roots: 0.2ms
[2025-12-03T16:52:57.088+0000][6][gc,phases   ] GC(294)   Evacuate Collection Set: 6.4ms
[2025-12-03T16:52:57.088+0000][6][gc,phases   ] GC(294)   Post Evacuate Collection Set: 2.1ms
[2025-12-03T16:52:57.088+0000][6][gc,phases   ] GC(294)   Other: 2.1ms
[2025-12-03T16:52:57.089+0000][6][gc,heap     ] GC(294) Eden regions: 61->0(61)
[2025-12-03T16:52:57.089+0000][6][gc,heap     ] GC(294) Survivor regions: 2->2(8)
[2025-12-03T16:52:57.089+0000][6][gc,heap     ] GC(294) Old regions: 38->38
[2025-12-03T16:52:57.089+0000][6][gc,heap     ] GC(294) Archive regions: 2->2
[2025-12-03T16:52:57.089+0000][6][gc,heap     ] GC(294) Humongous regions: 2->2
[2025-12-03T16:52:57.089+0000][6][gc,metaspace] GC(294) Metaspace: 118303K(120000K)->118303K(120000K) NonClass: 103404K(104384K)->103404K(104384K) Class: 14898K(15616K)->14898K(15616K)
[2025-12-03T16:52:57.089+0000][6][gc          ] GC(294) Pause Young (Normal) (G1 Evacuation Pause) 412M->168M(512M) 11.477ms
[2025-12-03T16:52:57.089+0000][6][gc,cpu      ] GC(294) User=0.06s Sys=0.00s Real=0.01s
[2025-12-03T16:52:57.089+0000][6][safepoint   ] Safepoint "G1CollectForAllocation", Time since last: 35972331850 ns, Reaching safepoint: 599167 ns, At safepoint: 11812375 ns, Total: 12411542 ns
[2025-12-03T16:53:10.113+0000][6][safepoint   ] Safepoint "Cleanup", Time since last: 13022576089 ns, Reaching safepoint: 934166 ns, At safepoint: 7584 ns, Total: 941750 ns
[2025-12-03T16:53:33.218+0000][6][gc,start    ] GC(295) Pause Young (Concurrent Start) (G1 Evacuation Pause)
[2025-12-03T16:53:33.219+0000][6][gc,task     ] GC(295) Using 8 workers of 8 for evacuation
[2025-12-03T16:53:33.219+0000][6][gc,age      ] GC(295) Desired survivor size 16777216 bytes, new threshold 15 (max threshold 15)
[2025-12-03T16:53:33.236+0000][6][gc,age      ] GC(295) Age table with threshold 15 (max threshold 15)
[2025-12-03T16:53:33.236+0000][6][gc,age      ] GC(295) - age   1:    2859272 bytes,    2859272 total
[2025-12-03T16:53:33.236+0000][6][gc,age      ] GC(295) - age   2:     193000 bytes,    3052272 total
[2025-12-03T16:53:33.236+0000][6][gc,age      ] GC(295) - age   3:    1071176 bytes,    4123448 total
[2025-12-03T16:53:33.236+0000][6][gc,age      ] GC(295) - age   4:     274576 bytes,    4398024 total
[2025-12-03T16:53:33.236+0000][6][gc,age      ] GC(295) - age   5:      61096 bytes,    4459120 total
[2025-12-03T16:53:33.236+0000][6][gc,age      ] GC(295) - age   6:     961128 bytes,    5420248 total
[2025-12-03T16:53:33.237+0000][6][gc,age      ] GC(295) - age   7:     165776 bytes,    5586024 total
[2025-12-03T16:53:33.237+0000][6][gc,age      ] GC(295) - age   8:      26752 bytes,    5612776 total
[2025-12-03T16:53:33.237+0000][6][gc,age      ] GC(295) - age   9:      54680 bytes,    5667456 total
[2025-12-03T16:53:33.237+0000][6][gc,age      ] GC(295) - age  10:      20064 bytes,    5687520 total
[2025-12-03T16:53:33.237+0000][6][gc,age      ] GC(295) - age  11:      26936 bytes,    5714456 total
[2025-12-03T16:53:33.237+0000][6][gc,age      ] GC(295) - age  12:     104576 bytes,    5819032 total
[2025-12-03T16:53:33.237+0000][6][gc,age      ] GC(295) - age  13:     133048 bytes,    5952080 total
[2025-12-03T16:53:33.237+0000][6][gc,age      ] GC(295) - age  14:      26832 bytes,    5978912 total
[2025-12-03T16:53:33.237+0000][6][gc,age      ] GC(295) - age  15:     199424 bytes,    6178336 total
[2025-12-03T16:53:33.237+0000][6][gc,phases   ] GC(295)   Pre Evacuate Collection Set: 5.3ms
[2025-12-03T16:53:33.237+0000][6][gc,phases   ] GC(295)   Merge Heap Roots: 0.1ms
[2025-12-03T16:53:33.237+0000][6][gc,phases   ] GC(295)   Evacuate Collection Set: 9.5ms
[2025-12-03T16:53:33.237+0000][6][gc,phases   ] GC(295)   Post Evacuate Collection Set: 1.9ms
[2025-12-03T16:53:33.237+0000][6][gc,phases   ] GC(295)   Other: 2.8ms
[2025-12-03T16:53:33.237+0000][6][gc,heap     ] GC(295) Eden regions: 61->0(61)
[2025-12-03T16:53:33.237+0000][6][gc,heap     ] GC(295) Survivor regions: 2->2(8)
[2025-12-03T16:53:33.238+0000][6][gc,heap     ] GC(295) Old regions: 38->38
[2025-12-03T16:53:33.238+0000][6][gc,heap     ] GC(295) Archive regions: 2->2
[2025-12-03T16:53:33.238+0000][6][gc,heap     ] GC(295) Humongous regions: 2->2
[2025-12-03T16:53:33.238+0000][6][gc,metaspace] GC(295) Metaspace: 118306K(120000K)->118306K(120000K) NonClass: 103407K(104384K)->103407K(104384K) Class: 14898K(15616K)->14898K(15616K)
[2025-12-03T16:53:33.238+0000][6][gc          ] GC(295) Pause Young (Concurrent Start) (G1 Evacuation Pause) 412M->169M(512M) 20.201ms
[2025-12-03T16:53:33.238+0000][6][gc,cpu      ] GC(295) User=0.07s Sys=0.00s Real=0.02s
[2025-12-03T16:53:33.238+0000][6][safepoint   ] Safepoint "G1CollectForAllocation", Time since last: 23103158635 ns, Reaching safepoint: 490959 ns, At safepoint: 20591916 ns, Total: 21082875 ns
[2025-12-03T16:53:33.238+0000][6][gc          ] GC(296) Concurrent Mark Cycle
[2025-12-03T16:53:33.238+0000][6][gc,marking  ] GC(296) Concurrent Clear Claimed Marks
[2025-12-03T16:53:33.238+0000][6][gc,marking  ] GC(296) Concurrent Clear Claimed Marks 0.140ms
[2025-12-03T16:53:33.238+0000][6][gc,marking  ] GC(296) Concurrent Scan Root Regions
[2025-12-03T16:53:33.242+0000][6][gc,marking  ] GC(296) Concurrent Scan Root Regions 3.271ms
[2025-12-03T16:53:33.242+0000][6][gc,marking  ] GC(296) Concurrent Mark
[2025-12-03T16:53:33.242+0000][6][gc,marking  ] GC(296) Concurrent Mark From Roots
[2025-12-03T16:53:33.242+0000][6][gc,task     ] GC(296) Using 2 workers of 2 for marking
[2025-12-03T16:53:33.304+0000][6][gc,marking  ] GC(296) Concurrent Mark From Roots 62.139ms
[2025-12-03T16:53:33.304+0000][6][gc,marking  ] GC(296) Concurrent Preclean
[2025-12-03T16:53:33.304+0000][6][gc,marking  ] GC(296) Concurrent Preclean 0.296ms
[2025-12-03T16:53:33.304+0000][6][gc,start    ] GC(296) Pause Remark
[2025-12-03T16:53:33.328+0000][6][gc          ] GC(296) Pause Remark 170M->170M(512M) 23.544ms
[2025-12-03T16:53:33.328+0000][6][gc,cpu      ] GC(296) User=0.12s Sys=0.00s Real=0.03s
[2025-12-03T16:53:33.328+0000][6][safepoint   ] Safepoint "G1Concurrent", Time since last: 66413584 ns, Reaching safepoint: 75416 ns, At safepoint: 24009375 ns, Total: 24084791 ns
[2025-12-03T16:53:33.329+0000][6][gc,marking  ] GC(296) Concurrent Mark 86.965ms
[2025-12-03T16:53:33.329+0000][6][gc,marking  ] GC(296) Concurrent Rebuild Remembered Sets
[2025-12-03T16:53:33.360+0000][6][gc,marking  ] GC(296) Concurrent Rebuild Remembered Sets 31.534ms
[2025-12-03T16:53:33.360+0000][6][gc,start    ] GC(296) Pause Cleanup
[2025-12-03T16:53:33.361+0000][6][gc          ] GC(296) Pause Cleanup 177M->177M(512M) 0.219ms
[2025-12-03T16:53:33.361+0000][6][gc,cpu      ] GC(296) User=0.00s Sys=0.00s Real=0.00s
[2025-12-03T16:53:33.361+0000][6][safepoint   ] Safepoint "G1Concurrent", Time since last: 31939959 ns, Reaching safepoint: 47833 ns, At safepoint: 572000 ns, Total: 619833 ns
[2025-12-03T16:53:33.361+0000][6][gc,marking  ] GC(296) Concurrent Cleanup for Next Mark
[2025-12-03T16:53:33.367+0000][6][gc,marking  ] GC(296) Concurrent Cleanup for Next Mark 5.512ms
[2025-12-03T16:53:33.367+0000][6][gc          ] GC(296) Concurrent Mark Cycle 128.773ms
[2025-12-03T16:53:42.440+0000][6][safepoint   ] Safepoint "Cleanup", Time since last: 9078737171 ns, Reaching safepoint: 230708 ns, At safepoint: 10167 ns, Total: 240875 ns
[2025-12-03T16:53:43.443+0000][6][safepoint   ] Safepoint "Cleanup", Time since last: 1002681251 ns, Reaching safepoint: 254666 ns, At safepoint: 19292 ns, Total: 273958 ns
[2025-12-03T16:53:47.461+0000][6][safepoint   ] Safepoint "Cleanup", Time since last: 4017552668 ns, Reaching safepoint: 281834 ns, At safepoint: 116750 ns, Total: 398584 ns
[2025-12-03T16:54:09.091+0000][6][gc,start    ] GC(297) Pause Young (Normal) (G1 Evacuation Pause)
[2025-12-03T16:54:09.091+0000][6][gc,task     ] GC(297) Using 8 workers of 8 for evacuation
[2025-12-03T16:54:09.092+0000][6][gc,age      ] GC(297) Desired survivor size 16777216 bytes, new threshold 15 (max threshold 15)
[2025-12-03T16:54:09.101+0000][6][gc,age      ] GC(297) Age table with threshold 15 (max threshold 15)
[2025-12-03T16:54:09.101+0000][6][gc,age      ] GC(297) - age   1:    2033600 bytes,    2033600 total
[2025-12-03T16:54:09.101+0000][6][gc,age      ] GC(297) - age   2:     266744 bytes,    2300344 total
[2025-12-03T16:54:09.101+0000][6][gc,age      ] GC(297) - age   3:     190304 bytes,    2490648 total
[2025-12-03T16:54:09.101+0000][6][gc,age      ] GC(297) - age   4:    1070080 bytes,    3560728 total
[2025-12-03T16:54:09.101+0000][6][gc,age      ] GC(297) - age   5:     274224 bytes,    3834952 total
[2025-12-03T16:54:09.101+0000][6][gc,age      ] GC(297) - age   6:      61032 bytes,    3895984 total
[2025-12-03T16:54:09.101+0000][6][gc,age      ] GC(297) - age   7:     961128 bytes,    4857112 total
[2025-12-03T16:54:09.101+0000][6][gc,age      ] GC(297) - age   8:     165776 bytes,    5022888 total
[2025-12-03T16:54:09.101+0000][6][gc,age      ] GC(297) - age   9:      26752 bytes,    5049640 total
[2025-12-03T16:54:09.101+0000][6][gc,age      ] GC(297) - age  10:      54680 bytes,    5104320 total
[2025-12-03T16:54:09.101+0000][6][gc,age      ] GC(297) - age  11:      20064 bytes,    5124384 total
[2025-12-03T16:54:09.101+0000][6][gc,age      ] GC(297) - age  12:      26936 bytes,    5151320 total
[2025-12-03T16:54:09.101+0000][6][gc,age      ] GC(297) - age  13:     104576 bytes,    5255896 total
[2025-12-03T16:54:09.101+0000][6][gc,age      ] GC(297) - age  14:     132808 bytes,    5388704 total
[2025-12-03T16:54:09.101+0000][6][gc,age      ] GC(297) - age  15:      26832 bytes,    5415536 total
[2025-12-03T16:54:09.101+0000][6][gc,phases   ] GC(297)   Pre Evacuate Collection Set: 0.3ms
[2025-12-03T16:54:09.102+0000][6][gc,phases   ] GC(297)   Merge Heap Roots: 0.3ms
[2025-12-03T16:54:09.102+0000][6][gc,phases   ] GC(297)   Evacuate Collection Set: 6.5ms
[2025-12-03T16:54:09.102+0000][6][gc,phases   ] GC(297)   Post Evacuate Collection Set: 1.9ms
[2025-12-03T16:54:09.102+0000][6][gc,phases   ] GC(297)   Other: 1.6ms
[2025-12-03T16:54:09.102+0000][6][gc,heap     ] GC(297) Eden regions: 61->0(61)
[2025-12-03T16:54:09.102+0000][6][gc,heap     ] GC(297) Survivor regions: 2->2(8)
[2025-12-03T16:54:09.102+0000][6][gc,heap     ] GC(297) Old regions: 38->38
[2025-12-03T16:54:09.102+0000][6][gc,heap     ] GC(297) Archive regions: 2->2
[2025-12-03T16:54:09.102+0000][6][gc,heap     ] GC(297) Humongous regions: 2->2
[2025-12-03T16:54:09.102+0000][6][gc,metaspace] GC(297) Metaspace: 118306K(120000K)->118306K(120000K) NonClass: 103407K(104384K)->103407K(104384K) Class: 14898K(15616K)->14898K(15616K)
[2025-12-03T16:54:09.102+0000][6][gc          ] GC(297) Pause Young (Normal) (G1 Evacuation Pause) 413M->169M(512M) 11.091ms
[2025-12-03T16:54:09.102+0000][6][gc,cpu      ] GC(297) User=0.05s Sys=0.00s Real=0.01s
[2025-12-03T16:54:09.102+0000][6][safepoint   ] Safepoint "G1CollectForAllocation", Time since last: 21628383176 ns, Reaching safepoint: 161333 ns, At safepoint: 11404958 ns, Total: 11566291 ns
[2025-12-03T16:54:19.119+0000][6][safepoint   ] Safepoint "Cleanup", Time since last: 10016741505 ns, Reaching safepoint: 204167 ns, At safepoint: 15083 ns, Total: 219250 ns
[2025-12-03T16:54:36.142+0000][6][safepoint   ] Safepoint "Cleanup", Time since last: 17021566091 ns, Reaching safepoint: 85584 ns, At safepoint: 13625 ns, Total: 99209 ns
[2025-12-03T16:54:42.684+0000][6][gc,start    ] GC(298) Pause Young (Concurrent Start) (G1 Evacuation Pause)
[2025-12-03T16:54:42.684+0000][6][gc,task     ] GC(298) Using 8 workers of 8 for evacuation
[2025-12-03T16:54:42.685+0000][6][gc,age      ] GC(298) Desired survivor size 16777216 bytes, new threshold 15 (max threshold 15)
[2025-12-03T16:54:42.702+0000][6][gc,age      ] GC(298) Age table with threshold 15 (max threshold 15)
[2025-12-03T16:54:42.702+0000][6][gc,age      ] GC(298) - age   1:    2691616 bytes,    2691616 total
[2025-12-03T16:54:42.702+0000][6][gc,age      ] GC(298) - age   2:      35520 bytes,    2727136 total
[2025-12-03T16:54:42.702+0000][6][gc,age      ] GC(298) - age   3:     262848 bytes,    2989984 total
[2025-12-03T16:54:42.703+0000][6][gc,age      ] GC(298) - age   4:     189848 bytes,    3179832 total
[2025-12-03T16:54:42.703+0000][6][gc,age      ] GC(298) - age   5:     570784 bytes,    3750616 total
[2025-12-03T16:54:42.703+0000][6][gc,age      ] GC(298) - age   6:     273904 bytes,    4024520 total
[2025-12-03T16:54:42.703+0000][6][gc,age      ] GC(298) - age   7:      60968 bytes,    4085488 total
[2025-12-03T16:54:42.703+0000][6][gc,age      ] GC(298) - age   8:     961064 bytes,    5046552 total
[2025-12-03T16:54:42.703+0000][6][gc,age      ] GC(298) - age   9:     165712 bytes,    5212264 total
[2025-12-03T16:54:42.703+0000][6][gc,age      ] GC(298) - age  10:      26752 bytes,    5239016 total
[2025-12-03T16:54:42.703+0000][6][gc,age      ] GC(298) - age  11:      54584 bytes,    5293600 total
[2025-12-03T16:54:42.704+0000][6][gc,age      ] GC(298) - age  12:      20064 bytes,    5313664 total
[2025-12-03T16:54:42.704+0000][6][gc,age      ] GC(298) - age  13:      26936 bytes,    5340600 total
[2025-12-03T16:54:42.704+0000][6][gc,age      ] GC(298) - age  14:     104576 bytes,    5445176 total
[2025-12-03T16:54:42.704+0000][6][gc,age      ] GC(298) - age  15:     132808 bytes,    5577984 total
[2025-12-03T16:54:42.704+0000][6][gc,phases   ] GC(298)   Pre Evacuate Collection Set: 1.3ms
[2025-12-03T16:54:42.704+0000][6][gc,phases   ] GC(298)   Merge Heap Roots: 0.1ms
[2025-12-03T16:54:42.704+0000][6][gc,phases   ] GC(298)   Evacuate Collection Set: 12.8ms
[2025-12-03T16:54:42.704+0000][6][gc,phases   ] GC(298)   Post Evacuate Collection Set: 2.3ms
[2025-12-03T16:54:42.705+0000][6][gc,phases   ] GC(298)   Other: 3.6ms
[2025-12-03T16:54:42.705+0000][6][gc,heap     ] GC(298) Eden regions: 61->0(61)
[2025-12-03T16:54:42.705+0000][6][gc,heap     ] GC(298) Survivor regions: 2->2(8)
[2025-12-03T16:54:42.705+0000][6][gc,heap     ] GC(298) Old regions: 38->38
[2025-12-03T16:54:42.705+0000][6][gc,heap     ] GC(298) Archive regions: 2->2
[2025-12-03T16:54:42.705+0000][6][gc,heap     ] GC(298) Humongous regions: 2->2
[2025-12-03T16:54:42.705+0000][6][gc,metaspace] GC(298) Metaspace: 118306K(120000K)->118306K(120000K) NonClass: 103407K(104384K)->103407K(104384K) Class: 14898K(15616K)->14898K(15616K)
[2025-12-03T16:54:42.705+0000][6][gc          ] GC(298) Pause Young (Concurrent Start) (G1 Evacuation Pause) 413M->169M(512M) 21.313ms
[2025-12-03T16:54:42.706+0000][6][gc,cpu      ] GC(298) User=0.05s Sys=0.00s Real=0.02s
[2025-12-03T16:54:42.706+0000][6][safepoint   ] Safepoint "G1CollectForAllocation", Time since last: 6541544919 ns, Reaching safepoint: 240292 ns, At safepoint: 21831208 ns, Total: 22071500 ns
[2025-12-03T16:54:42.706+0000][6][gc          ] GC(299) Concurrent Mark Cycle
[2025-12-03T16:54:42.706+0000][6][gc,marking  ] GC(299) Concurrent Clear Claimed Marks
[2025-12-03T16:54:42.707+0000][6][gc,marking  ] GC(299) Concurrent Clear Claimed Marks 0.312ms
[2025-12-03T16:54:42.707+0000][6][gc,marking  ] GC(299) Concurrent Scan Root Regions
[2025-12-03T16:54:42.714+0000][6][gc,marking  ] GC(299) Concurrent Scan Root Regions 7.349ms
[2025-12-03T16:54:42.714+0000][6][gc,marking  ] GC(299) Concurrent Mark
[2025-12-03T16:54:42.714+0000][6][gc,marking  ] GC(299) Concurrent Mark From Roots
[2025-12-03T16:54:42.714+0000][6][gc,task     ] GC(299) Using 2 workers of 2 for marking
[2025-12-03T16:54:42.780+0000][6][gc,marking  ] GC(299) Concurrent Mark From Roots 65.999ms
[2025-12-03T16:54:42.780+0000][6][gc,marking  ] GC(299) Concurrent Preclean
[2025-12-03T16:54:42.781+0000][6][gc,marking  ] GC(299) Concurrent Preclean 0.226ms
[2025-12-03T16:54:42.781+0000][6][gc,start    ] GC(299) Pause Remark
[2025-12-03T16:54:42.799+0000][6][gc          ] GC(299) Pause Remark 170M->170M(512M) 18.326ms
[2025-12-03T16:54:42.799+0000][6][gc,cpu      ] GC(299) User=0.12s Sys=0.00s Real=0.02s
[2025-12-03T16:54:42.799+0000][6][safepoint   ] Safepoint "G1Concurrent", Time since last: 74903792 ns, Reaching safepoint: 94625 ns, At safepoint: 18527042 ns, Total: 18621667 ns
[2025-12-03T16:54:42.799+0000][6][gc,marking  ] GC(299) Concurrent Mark 85.191ms
[2025-12-03T16:54:42.799+0000][6][gc,marking  ] GC(299) Concurrent Rebuild Remembered Sets
[2025-12-03T16:54:42.828+0000][6][gc,marking  ] GC(299) Concurrent Rebuild Remembered Sets 28.931ms
[2025-12-03T16:54:42.828+0000][6][gc,start    ] GC(299) Pause Cleanup
[2025-12-03T16:54:42.829+0000][6][gc          ] GC(299) Pause Cleanup 170M->170M(512M) 0.124ms
[2025-12-03T16:54:42.829+0000][6][gc,cpu      ] GC(299) User=0.00s Sys=0.00s Real=0.00s
[2025-12-03T16:54:42.829+0000][6][safepoint   ] Safepoint "G1Concurrent", Time since last: 29105417 ns, Reaching safepoint: 41291 ns, At safepoint: 258584 ns, Total: 299875 ns
[2025-12-03T16:54:42.829+0000][6][gc,marking  ] GC(299) Concurrent Cleanup for Next Mark
[2025-12-03T16:54:42.830+0000][6][gc,marking  ] GC(299) Concurrent Cleanup for Next Mark 1.259ms
[2025-12-03T16:54:42.830+0000][6][gc          ] GC(299) Concurrent Mark Cycle 124.258ms
[2025-12-03T16:55:03.858+0000][6][safepoint   ] Safepoint "Cleanup", Time since last: 21028604717 ns, Reaching safepoint: 108042 ns, At safepoint: 14083 ns, Total: 122125 ns
[2025-12-03T16:55:10.870+0000][6][safepoint   ] Safepoint "Cleanup", Time since last: 7012051628 ns, Reaching safepoint: 299750 ns, At safepoint: 13750 ns, Total: 313500 ns
[2025-12-03T16:55:18.899+0000][6][safepoint   ] Safepoint "Cleanup", Time since last: 8028093421 ns, Reaching safepoint: 210250 ns, At safepoint: 23500 ns, Total: 233750 ns
[2025-12-03T16:55:21.180+0000][6][gc,start    ] GC(300) Pause Young (Normal) (G1 Evacuation Pause)
[2025-12-03T16:55:21.180+0000][6][gc,task     ] GC(300) Using 8 workers of 8 for evacuation
[2025-12-03T16:55:21.180+0000][6][gc,age      ] GC(300) Desired survivor size 16777216 bytes, new threshold 15 (max threshold 15)
[2025-12-03T16:55:21.192+0000][6][gc,age      ] GC(300) Age table with threshold 15 (max threshold 15)
[2025-12-03T16:55:21.192+0000][6][gc,age      ] GC(300) - age   1:    3395304 bytes,    3395304 total
[2025-12-03T16:55:21.193+0000][6][gc,age      ] GC(300) - age   2:     533920 bytes,    3929224 total
[2025-12-03T16:55:21.193+0000][6][gc,age      ] GC(300) - age   3:      29288 bytes,    3958512 total
[2025-12-03T16:55:21.193+0000][6][gc,age      ] GC(300) - age   4:     261616 bytes,    4220128 total
[2025-12-03T16:55:21.193+0000][6][gc,age      ] GC(300) - age   5:     189560 bytes,    4409688 total
[2025-12-03T16:55:21.193+0000][6][gc,age      ] GC(300) - age   6:     570592 bytes,    4980280 total
[2025-12-03T16:55:21.193+0000][6][gc,age      ] GC(300) - age   7:     273840 bytes,    5254120 total
[2025-12-03T16:55:21.193+0000][6][gc,age      ] GC(300) - age   8:      60840 bytes,    5314960 total
[2025-12-03T16:55:21.193+0000][6][gc,age      ] GC(300) - age   9:     960952 bytes,    6275912 total
[2025-12-03T16:55:21.193+0000][6][gc,age      ] GC(300) - age  10:     165712 bytes,    6441624 total
[2025-12-03T16:55:21.193+0000][6][gc,age      ] GC(300) - age  11:      26752 bytes,    6468376 total
[2025-12-03T16:55:21.193+0000][6][gc,age      ] GC(300) - age  12:      54584 bytes,    6522960 total
[2025-12-03T16:55:21.193+0000][6][gc,age      ] GC(300) - age  13:      20064 bytes,    6543024 total
[2025-12-03T16:55:21.193+0000][6][gc,age      ] GC(300) - age  14:      26936 bytes,    6569960 total
[2025-12-03T16:55:21.193+0000][6][gc,age      ] GC(300) - age  15:     104576 bytes,    6674536 total
[2025-12-03T16:55:21.193+0000][6][gc,phases   ] GC(300)   Pre Evacuate Collection Set: 0.3ms
[2025-12-03T16:55:21.193+0000][6][gc,phases   ] GC(300)   Merge Heap Roots: 0.3ms
[2025-12-03T16:55:21.194+0000][6][gc,phases   ] GC(300)   Evacuate Collection Set: 9.0ms
[2025-12-03T16:55:21.194+0000][6][gc,phases   ] GC(300)   Post Evacuate Collection Set: 2.6ms
[2025-12-03T16:55:21.194+0000][6][gc,phases   ] GC(300)   Other: 1.8ms
[2025-12-03T16:55:21.194+0000][6][gc,heap     ] GC(300) Eden regions: 61->0(61)
[2025-12-03T16:55:21.194+0000][6][gc,heap     ] GC(300) Survivor regions: 2->2(8)
[2025-12-03T16:55:21.194+0000][6][gc,heap     ] GC(300) Old regions: 38->38
[2025-12-03T16:55:21.194+0000][6][gc,heap     ] GC(300) Archive regions: 2->2
[2025-12-03T16:55:21.194+0000][6][gc,heap     ] GC(300) Humongous regions: 2->2
[2025-12-03T16:55:21.194+0000][6][gc,metaspace] GC(300) Metaspace: 118306K(120000K)->118306K(120000K) NonClass: 103407K(104384K)->103407K(104384K) Class: 14898K(15616K)->14898K(15616K)
[2025-12-03T16:55:21.194+0000][6][gc          ] GC(300) Pause Young (Normal) (G1 Evacuation Pause) 413M->170M(512M) 14.362ms
[2025-12-03T16:55:21.194+0000][6][gc,cpu      ] GC(300) User=0.07s Sys=0.00s Real=0.02s
[2025-12-03T16:55:21.194+0000][6][safepoint   ] Safepoint "G1CollectForAllocation", Time since last: 2280700418 ns, Reaching safepoint: 131500 ns, At safepoint: 14633791 ns, Total: 14765291 ns
[2025-12-03T16:55:22.196+0000][6][safepoint   ] Safepoint "Cleanup", Time since last: 1001479667 ns, Reaching safepoint: 161209 ns, At safepoint: 6208 ns, Total: 167417 ns
[2025-12-03T16:55:28.214+0000][6][safepoint   ] Safepoint "Cleanup", Time since last: 6017682545 ns, Reaching safepoint: 841708 ns, At safepoint: 26250 ns, Total: 867958 ns
[2025-12-03T16:55:55.139+0000][6][safepoint   ] Safepoint "Cleanup", Time since last: 26923294887 ns, Reaching safepoint: 280417 ns, At safepoint: 5166 ns, Total: 285583 ns
[2025-12-03T16:55:57.131+0000][6][gc,start    ] GC(301) Pause Young (Concurrent Start) (G1 Evacuation Pause)
[2025-12-03T16:55:57.131+0000][6][gc,task     ] GC(301) Using 8 workers of 8 for evacuation
[2025-12-03T16:55:57.131+0000][6][gc,age      ] GC(301) Desired survivor size 16777216 bytes, new threshold 15 (max threshold 15)
[2025-12-03T16:55:57.140+0000][6][gc,age      ] GC(301) Age table with threshold 15 (max threshold 15)
[2025-12-03T16:55:57.140+0000][6][gc,age      ] GC(301) - age   1:     919736 bytes,     919736 total
[2025-12-03T16:55:57.140+0000][6][gc,age      ] GC(301) - age   2:      34936 bytes,     954672 total
[2025-12-03T16:55:57.140+0000][6][gc,age      ] GC(301) - age   3:     529632 bytes,    1484304 total
[2025-12-03T16:55:57.140+0000][6][gc,age      ] GC(301) - age   4:      28072 bytes,    1512376 total
[2025-12-03T16:55:57.140+0000][6][gc,age      ] GC(301) - age   5:     261488 bytes,    1773864 total
[2025-12-03T16:55:57.140+0000][6][gc,age      ] GC(301) - age   6:     189368 bytes,    1963232 total
[2025-12-03T16:55:57.140+0000][6][gc,age      ] GC(301) - age   7:     570528 bytes,    2533760 total
[2025-12-03T16:55:57.140+0000][6][gc,age      ] GC(301) - age   8:     273840 bytes,    2807600 total
[2025-12-03T16:55:57.140+0000][6][gc,age      ] GC(301) - age   9:      60840 bytes,    2868440 total
[2025-12-03T16:55:57.140+0000][6][gc,age      ] GC(301) - age  10:     960952 bytes,    3829392 total
[2025-12-03T16:55:57.140+0000][6][gc,age      ] GC(301) - age  11:     133408 bytes,    3962800 total
[2025-12-03T16:55:57.140+0000][6][gc,age      ] GC(301) - age  12:      26752 bytes,    3989552 total
[2025-12-03T16:55:57.140+0000][6][gc,age      ] GC(301) - age  13:      54584 bytes,    4044136 total
[2025-12-03T16:55:57.140+0000][6][gc,age      ] GC(301) - age  14:      20064 bytes,    4064200 total
[2025-12-03T16:55:57.140+0000][6][gc,age      ] GC(301) - age  15:      26936 bytes,    4091136 total
[2025-12-03T16:55:57.141+0000][6][gc,phases   ] GC(301)   Pre Evacuate Collection Set: 1.5ms
[2025-12-03T16:55:57.141+0000][6][gc,phases   ] GC(301)   Merge Heap Roots: 0.1ms
[2025-12-03T16:55:57.141+0000][6][gc,phases   ] GC(301)   Evacuate Collection Set: 5.8ms
[2025-12-03T16:55:57.141+0000][6][gc,phases   ] GC(301)   Post Evacuate Collection Set: 1.5ms
[2025-12-03T16:55:57.141+0000][6][gc,phases   ] GC(301)   Other: 1.1ms
[2025-12-03T16:55:57.141+0000][6][gc,heap     ] GC(301) Eden regions: 61->0(61)
[2025-12-03T16:55:57.141+0000][6][gc,heap     ] GC(301) Survivor regions: 2->2(8)
[2025-12-03T16:55:57.141+0000][6][gc,heap     ] GC(301) Old regions: 38->39
[2025-12-03T16:55:57.141+0000][6][gc,heap     ] GC(301) Archive regions: 2->2
[2025-12-03T16:55:57.141+0000][6][gc,heap     ] GC(301) Humongous regions: 2->2
[2025-12-03T16:55:57.141+0000][6][gc,metaspace] GC(301) Metaspace: 118306K(120000K)->118306K(120000K) NonClass: 103407K(104384K)->103407K(104384K) Class: 14898K(15616K)->14898K(15616K)
[2025-12-03T16:55:57.141+0000][6][gc          ] GC(301) Pause Young (Concurrent Start) (G1 Evacuation Pause) 414M->168M(512M) 10.487ms
[2025-12-03T16:55:57.141+0000][6][gc,cpu      ] GC(301) User=0.04s Sys=0.00s Real=0.02s
[2025-12-03T16:55:57.141+0000][6][safepoint   ] Safepoint "G1CollectForAllocation", Time since last: 1991628626 ns, Reaching safepoint: 52084 ns, At safepoint: 10649666 ns, Total: 10701750 ns
[2025-12-03T16:55:57.141+0000][6][gc          ] GC(302) Concurrent Mark Cycle
[2025-12-03T16:55:57.141+0000][6][gc,marking  ] GC(302) Concurrent Clear Claimed Marks
[2025-12-03T16:55:57.141+0000][6][gc,marking  ] GC(302) Concurrent Clear Claimed Marks 0.114ms
[2025-12-03T16:55:57.141+0000][6][gc,marking  ] GC(302) Concurrent Scan Root Regions
[2025-12-03T16:55:57.144+0000][6][gc,marking  ] GC(302) Concurrent Scan Root Regions 2.793ms
[2025-12-03T16:55:57.144+0000][6][gc,marking  ] GC(302) Concurrent Mark
[2025-12-03T16:55:57.144+0000][6][gc,marking  ] GC(302) Concurrent Mark From Roots
[2025-12-03T16:55:57.144+0000][6][gc,task     ] GC(302) Using 2 workers of 2 for marking
[2025-12-03T16:55:57.221+0000][6][gc,marking  ] GC(302) Concurrent Mark From Roots 76.898ms
[2025-12-03T16:55:57.221+0000][6][gc,marking  ] GC(302) Concurrent Preclean
[2025-12-03T16:55:57.222+0000][6][gc,marking  ] GC(302) Concurrent Preclean 0.232ms
[2025-12-03T16:55:57.222+0000][6][gc,start    ] GC(302) Pause Remark
[2025-12-03T16:55:57.227+0000][6][gc          ] GC(302) Pause Remark 175M->175M(512M) 5.444ms
[2025-12-03T16:55:57.227+0000][6][gc,cpu      ] GC(302) User=0.03s Sys=0.00s Real=0.00s
[2025-12-03T16:55:57.227+0000][6][safepoint   ] Safepoint "G1Concurrent", Time since last: 80521459 ns, Reaching safepoint: 93416 ns, At safepoint: 5635000 ns, Total: 5728416 ns
[2025-12-03T16:55:57.227+0000][6][gc,marking  ] GC(302) Concurrent Mark 83.206ms
[2025-12-03T16:55:57.228+0000][6][gc,marking  ] GC(302) Concurrent Rebuild Remembered Sets
[2025-12-03T16:55:57.260+0000][6][gc,marking  ] GC(302) Concurrent Rebuild Remembered Sets 32.738ms
[2025-12-03T16:55:57.261+0000][6][gc,start    ] GC(302) Pause Cleanup
[2025-12-03T16:55:57.261+0000][6][gc          ] GC(302) Pause Cleanup 176M->176M(512M) 0.136ms
[2025-12-03T16:55:57.261+0000][6][gc,cpu      ] GC(302) User=0.00s Sys=0.00s Real=0.01s
[2025-12-03T16:55:57.261+0000][6][safepoint   ] Safepoint "G1Concurrent", Time since last: 33014917 ns, Reaching safepoint: 119500 ns, At safepoint: 332875 ns, Total: 452375 ns
[2025-12-03T16:55:57.261+0000][6][gc,marking  ] GC(302) Concurrent Cleanup for Next Mark
[2025-12-03T16:55:57.263+0000][6][gc,marking  ] GC(302) Concurrent Cleanup for Next Mark 1.841ms
[2025-12-03T16:55:57.263+0000][6][gc          ] GC(302) Concurrent Mark Cycle 121.677ms
[2025-12-03T16:56:10.284+0000][6][safepoint   ] Safepoint "Cleanup", Time since last: 13022008005 ns, Reaching safepoint: 508709 ns, At safepoint: 28791 ns, Total: 537500 ns
[2025-12-03T16:56:12.288+0000][6][safepoint   ] Safepoint "Cleanup", Time since last: 2003124126 ns, Reaching safepoint: 212209 ns, At safepoint: 7083 ns, Total: 219292 ns
[2025-12-03T16:56:13.290+0000][6][safepoint   ] Safepoint "Cleanup", Time since last: 1001428000 ns, Reaching safepoint: 365042 ns, At safepoint: 9458 ns, Total: 374500 ns
[2025-12-03T16:56:33.224+0000][6][gc,start    ] GC(303) Pause Young (Normal) (G1 Evacuation Pause)
[2025-12-03T16:56:33.225+0000][6][gc,task     ] GC(303) Using 8 workers of 8 for evacuation
[2025-12-03T16:56:33.225+0000][6][gc,age      ] GC(303) Desired survivor size 16777216 bytes, new threshold 15 (max threshold 15)
[2025-12-03T16:56:33.241+0000][6][gc,age      ] GC(303) Age table with threshold 15 (max threshold 15)
[2025-12-03T16:56:33.241+0000][6][gc,age      ] GC(303) - age   1:    2107872 bytes,    2107872 total
[2025-12-03T16:56:33.241+0000][6][gc,age      ] GC(303) - age   2:      55480 bytes,    2163352 total
[2025-12-03T16:56:33.241+0000][6][gc,age      ] GC(303) - age   3:      27984 bytes,    2191336 total
[2025-12-03T16:56:33.241+0000][6][gc,age      ] GC(303) - age   4:     528320 bytes,    2719656 total
[2025-12-03T16:56:33.241+0000][6][gc,age      ] GC(303) - age   5:      27312 bytes,    2746968 total
[2025-12-03T16:56:33.241+0000][6][gc,age      ] GC(303) - age   6:     261360 bytes,    3008328 total
[2025-12-03T16:56:33.241+0000][6][gc,age      ] GC(303) - age   7:     189304 bytes,    3197632 total
[2025-12-03T16:56:33.241+0000][6][gc,age      ] GC(303) - age   8:     570528 bytes,    3768160 total
[2025-12-03T16:56:33.241+0000][6][gc,age      ] GC(303) - age   9:     273840 bytes,    4042000 total
[2025-12-03T16:56:33.241+0000][6][gc,age      ] GC(303) - age  10:      60776 bytes,    4102776 total
[2025-12-03T16:56:33.241+0000][6][gc,age      ] GC(303) - age  11:     960856 bytes,    5063632 total
[2025-12-03T16:56:33.242+0000][6][gc,age      ] GC(303) - age  12:     133408 bytes,    5197040 total
[2025-12-03T16:56:33.242+0000][6][gc,age      ] GC(303) - age  13:      26752 bytes,    5223792 total
[2025-12-03T16:56:33.242+0000][6][gc,age      ] GC(303) - age  14:      54344 bytes,    5278136 total
[2025-12-03T16:56:33.242+0000][6][gc,age      ] GC(303) - age  15:      20064 bytes,    5298200 total
[2025-12-03T16:56:33.242+0000][6][gc,phases   ] GC(303)   Pre Evacuate Collection Set: 0.3ms
[2025-12-03T16:56:33.242+0000][6][gc,phases   ] GC(303)   Merge Heap Roots: 0.2ms
[2025-12-03T16:56:33.242+0000][6][gc,phases   ] GC(303)   Evacuate Collection Set: 6.3ms
[2025-12-03T16:56:33.242+0000][6][gc,phases   ] GC(303)   Post Evacuate Collection Set: 9.2ms
[2025-12-03T16:56:33.242+0000][6][gc,phases   ] GC(303)   Other: 1.7ms
[2025-12-03T16:56:33.242+0000][6][gc,heap     ] GC(303) Eden regions: 61->0(61)
[2025-12-03T16:56:33.242+0000][6][gc,heap     ] GC(303) Survivor regions: 2->2(8)
[2025-12-03T16:56:33.242+0000][6][gc,heap     ] GC(303) Old regions: 39->39
[2025-12-03T16:56:33.242+0000][6][gc,heap     ] GC(303) Archive regions: 2->2
[2025-12-03T16:56:33.242+0000][6][gc,heap     ] GC(303) Humongous regions: 2->2
[2025-12-03T16:56:33.242+0000][6][gc,metaspace] GC(303) Metaspace: 118306K(120000K)->118306K(120000K) NonClass: 103407K(104384K)->103407K(104384K) Class: 14898K(15616K)->14898K(15616K)
[2025-12-03T16:56:33.242+0000][6][gc          ] GC(303) Pause Young (Normal) (G1 Evacuation Pause) 412M->169M(512M) 18.176ms
[2025-12-03T16:56:33.242+0000][6][gc,cpu      ] GC(303) User=0.11s Sys=0.00s Real=0.01s
[2025-12-03T16:56:33.243+0000][6][safepoint   ] Safepoint "G1CollectForAllocation", Time since last: 19933093843 ns, Reaching safepoint: 389500 ns, At safepoint: 18485416 ns, Total: 18874916 ns
[2025-12-03T16:56:36.247+0000][6][safepoint   ] Safepoint "Cleanup", Time since last: 3004855043 ns, Reaching safepoint: 95250 ns, At safepoint: 2792 ns, Total: 98042 ns
[2025-12-03T16:56:39.254+0000][6][safepoint   ] Safepoint "Cleanup", Time since last: 3006213960 ns, Reaching safepoint: 74333 ns, At safepoint: 2667 ns, Total: 77000 ns
[2025-12-03T16:57:04.299+0000][6][safepoint   ] Safepoint "Cleanup", Time since last: 25043880178 ns, Reaching safepoint: 393292 ns, At safepoint: 15000 ns, Total: 408292 ns
[2025-12-03T16:57:09.308+0000][6][gc,start    ] GC(304) Pause Young (Concurrent Start) (G1 Evacuation Pause)
[2025-12-03T16:57:09.309+0000][6][gc,task     ] GC(304) Using 8 workers of 8 for evacuation
[2025-12-03T16:57:09.309+0000][6][gc,age      ] GC(304) Desired survivor size 16777216 bytes, new threshold 15 (max threshold 15)
[2025-12-03T16:57:09.334+0000][6][gc,age      ] GC(304) Age table with threshold 15 (max threshold 15)
[2025-12-03T16:57:09.335+0000][6][gc,age      ] GC(304) - age   1:    1958984 bytes,    1958984 total
[2025-12-03T16:57:09.335+0000][6][gc,age      ] GC(304) - age   2:      75360 bytes,    2034344 total
[2025-12-03T16:57:09.335+0000][6][gc,age      ] GC(304) - age   3:      54296 bytes,    2088640 total
[2025-12-03T16:57:09.335+0000][6][gc,age      ] GC(304) - age   4:      27536 bytes,    2116176 total
[2025-12-03T16:57:09.335+0000][6][gc,age      ] GC(304) - age   5:      29152 bytes,    2145328 total
[2025-12-03T16:57:09.335+0000][6][gc,age      ] GC(304) - age   6:      27312 bytes,    2172640 total
[2025-12-03T16:57:09.335+0000][6][gc,age      ] GC(304) - age   7:     261360 bytes,    2434000 total
[2025-12-03T16:57:09.335+0000][6][gc,age      ] GC(304) - age   8:     189240 bytes,    2623240 total
[2025-12-03T16:57:09.335+0000][6][gc,age      ] GC(304) - age   9:     570256 bytes,    3193496 total
[2025-12-03T16:57:09.335+0000][6][gc,age      ] GC(304) - age  10:     273840 bytes,    3467336 total
[2025-12-03T16:57:09.335+0000][6][gc,age      ] GC(304) - age  11:      60776 bytes,    3528112 total
[2025-12-03T16:57:09.335+0000][6][gc,age      ] GC(304) - age  12:     960856 bytes,    4488968 total
[2025-12-03T16:57:09.335+0000][6][gc,age      ] GC(304) - age  13:     133408 bytes,    4622376 total
[2025-12-03T16:57:09.336+0000][6][gc,age      ] GC(304) - age  14:      26752 bytes,    4649128 total
[2025-12-03T16:57:09.336+0000][6][gc,age      ] GC(304) - age  15:      54344 bytes,    4703472 total
[2025-12-03T16:57:09.336+0000][6][gc,phases   ] GC(304)   Pre Evacuate Collection Set: 1.9ms
[2025-12-03T16:57:09.336+0000][6][gc,phases   ] GC(304)   Merge Heap Roots: 0.2ms
[2025-12-03T16:57:09.336+0000][6][gc,phases   ] GC(304)   Evacuate Collection Set: 20.5ms
[2025-12-03T16:57:09.336+0000][6][gc,phases   ] GC(304)   Post Evacuate Collection Set: 2.4ms
[2025-12-03T16:57:09.336+0000][6][gc,phases   ] GC(304)   Other: 2.4ms
[2025-12-03T16:57:09.336+0000][6][gc,heap     ] GC(304) Eden regions: 61->0(61)
[2025-12-03T16:57:09.336+0000][6][gc,heap     ] GC(304) Survivor regions: 2->2(8)
[2025-12-03T16:57:09.336+0000][6][gc,heap     ] GC(304) Old regions: 39->39
[2025-12-03T16:57:09.336+0000][6][gc,heap     ] GC(304) Archive regions: 2->2
[2025-12-03T16:57:09.336+0000][6][gc,heap     ] GC(304) Humongous regions: 2->2
[2025-12-03T16:57:09.337+0000][6][gc,metaspace] GC(304) Metaspace: 118306K(120000K)->118306K(120000K) NonClass: 103407K(104384K)->103407K(104384K) Class: 14898K(15616K)->14898K(15616K)
[2025-12-03T16:57:09.337+0000][6][gc          ] GC(304) Pause Young (Concurrent Start) (G1 Evacuation Pause) 413M->168M(512M) 28.410ms
[2025-12-03T16:57:09.337+0000][6][gc,cpu      ] GC(304) User=0.10s Sys=0.00s Real=0.03s
[2025-12-03T16:57:09.337+0000][6][safepoint   ] Safepoint "G1CollectForAllocation", Time since last: 5009271044 ns, Reaching safepoint: 423167 ns, At safepoint: 28901250 ns, Total: 29324417 ns
[2025-12-03T16:57:09.337+0000][6][gc          ] GC(305) Concurrent Mark Cycle
[2025-12-03T16:57:09.337+0000][6][gc,marking  ] GC(305) Concurrent Clear Claimed Marks
[2025-12-03T16:57:09.339+0000][6][gc,marking  ] GC(305) Concurrent Clear Claimed Marks 1.378ms
[2025-12-03T16:57:09.339+0000][6][gc,marking  ] GC(305) Concurrent Scan Root Regions
[2025-12-03T16:57:09.343+0000][6][gc,marking  ] GC(305) Concurrent Scan Root Regions 4.417ms
[2025-12-03T16:57:09.343+0000][6][gc,marking  ] GC(305) Concurrent Mark
[2025-12-03T16:57:09.343+0000][6][gc,marking  ] GC(305) Concurrent Mark From Roots
[2025-12-03T16:57:09.343+0000][6][gc,task     ] GC(305) Using 2 workers of 2 for marking
[2025-12-03T16:57:09.463+0000][6][gc,marking  ] GC(305) Concurrent Mark From Roots 119.910ms
[2025-12-03T16:57:09.463+0000][6][gc,marking  ] GC(305) Concurrent Preclean
[2025-12-03T16:57:09.464+0000][6][gc,marking  ] GC(305) Concurrent Preclean 0.257ms
[2025-12-03T16:57:09.464+0000][6][gc,start    ] GC(305) Pause Remark
[2025-12-03T16:57:09.476+0000][6][gc          ] GC(305) Pause Remark 179M->179M(512M) 11.653ms
[2025-12-03T16:57:09.476+0000][6][gc,cpu      ] GC(305) User=0.07s Sys=0.00s Real=0.01s
[2025-12-03T16:57:09.476+0000][6][safepoint   ] Safepoint "G1Concurrent", Time since last: 126624416 ns, Reaching safepoint: 66625 ns, At safepoint: 11916459 ns, Total: 11983084 ns
[2025-12-03T16:57:09.476+0000][6][gc,marking  ] GC(305) Concurrent Mark 132.440ms
[2025-12-03T16:57:09.476+0000][6][gc,marking  ] GC(305) Concurrent Rebuild Remembered Sets
[2025-12-03T16:57:09.548+0000][6][gc,marking  ] GC(305) Concurrent Rebuild Remembered Sets 71.653ms
[2025-12-03T16:57:09.555+0000][6][gc,start    ] GC(305) Pause Cleanup
[2025-12-03T16:57:09.555+0000][6][gc          ] GC(305) Pause Cleanup 181M->181M(512M) 0.734ms
[2025-12-03T16:57:09.556+0000][6][gc,cpu      ] GC(305) User=0.00s Sys=0.00s Real=0.00s
[2025-12-03T16:57:09.556+0000][6][safepoint   ] Safepoint "G1Concurrent", Time since last: 75872500 ns, Reaching safepoint: 3032708 ns, At safepoint: 1293958 ns, Total: 4326666 ns
[2025-12-03T16:57:09.556+0000][6][gc,marking  ] GC(305) Concurrent Cleanup for Next Mark
[2025-12-03T16:57:09.567+0000][6][gc,marking  ] GC(305) Concurrent Cleanup for Next Mark 10.699ms
[2025-12-03T16:57:09.567+0000][6][gc          ] GC(305) Concurrent Mark Cycle 229.833ms
[2025-12-03T16:57:10.557+0000][6][safepoint   ] Safepoint "Cleanup", Time since last: 1001293959 ns, Reaching safepoint: 73833 ns, At safepoint: 3917 ns, Total: 77750 ns
[2025-12-03T16:57:33.587+0000][6][safepoint   ] Safepoint "Cleanup", Time since last: 23037622427 ns, Reaching safepoint: 1243917 ns, At safepoint: 40708 ns, Total: 1284625 ns
[2025-12-03T16:57:45.352+0000][6][gc,start    ] GC(306) Pause Young (Normal) (G1 Evacuation Pause)
[2025-12-03T16:57:45.353+0000][6][gc,task     ] GC(306) Using 8 workers of 8 for evacuation
[2025-12-03T16:57:45.353+0000][6][gc,age      ] GC(306) Desired survivor size 16777216 bytes, new threshold 15 (max threshold 15)
[2025-12-03T16:57:45.369+0000][6][gc,age      ] GC(306) Age table with threshold 15 (max threshold 15)
[2025-12-03T16:57:45.369+0000][6][gc,age      ] GC(306) - age   1:    2582688 bytes,    2582688 total
[2025-12-03T16:57:45.369+0000][6][gc,age      ] GC(306) - age   2:     602816 bytes,    3185504 total
[2025-12-03T16:57:45.369+0000][6][gc,age      ] GC(306) - age   3:      72480 bytes,    3257984 total
[2025-12-03T16:57:45.369+0000][6][gc,age      ] GC(306) - age   4:      53640 bytes,    3311624 total
[2025-12-03T16:57:45.370+0000][6][gc,age      ] GC(306) - age   5:      27088 bytes,    3338712 total
[2025-12-03T16:57:45.370+0000][6][gc,age      ] GC(306) - age   6:      29056 bytes,    3367768 total
[2025-12-03T16:57:45.370+0000][6][gc,age      ] GC(306) - age   7:      27248 bytes,    3395016 total
[2025-12-03T16:57:45.370+0000][6][gc,age      ] GC(306) - age   8:     261360 bytes,    3656376 total
[2025-12-03T16:57:45.370+0000][6][gc,age      ] GC(306) - age   9:     188856 bytes,    3845232 total
[2025-12-03T16:57:45.370+0000][6][gc,age      ] GC(306) - age  10:     569944 bytes,    4415176 total
[2025-12-03T16:57:45.370+0000][6][gc,age      ] GC(306) - age  11:     273840 bytes,    4689016 total
[2025-12-03T16:57:45.370+0000][6][gc,age      ] GC(306) - age  12:      60776 bytes,    4749792 total
[2025-12-03T16:57:45.370+0000][6][gc,age      ] GC(306) - age  13:     960856 bytes,    5710648 total
[2025-12-03T16:57:45.370+0000][6][gc,age      ] GC(306) - age  14:     133408 bytes,    5844056 total
[2025-12-03T16:57:45.370+0000][6][gc,age      ] GC(306) - age  15:      26752 bytes,    5870808 total
[2025-12-03T16:57:45.370+0000][6][gc,phases   ] GC(306)   Pre Evacuate Collection Set: 0.4ms
[2025-12-03T16:57:45.370+0000][6][gc,phases   ] GC(306)   Merge Heap Roots: 0.2ms
[2025-12-03T16:57:45.370+0000][6][gc,phases   ] GC(306)   Evacuate Collection Set: 8.9ms
[2025-12-03T16:57:45.370+0000][6][gc,phases   ] GC(306)   Post Evacuate Collection Set: 6.6ms
[2025-12-03T16:57:45.371+0000][6][gc,phases   ] GC(306)   Other: 1.9ms
[2025-12-03T16:57:45.371+0000][6][gc,heap     ] GC(306) Eden regions: 61->0(61)
[2025-12-03T16:57:45.371+0000][6][gc,heap     ] GC(306) Survivor regions: 2->2(8)
[2025-12-03T16:57:45.371+0000][6][gc,heap     ] GC(306) Old regions: 39->39
[2025-12-03T16:57:45.371+0000][6][gc,heap     ] GC(306) Archive regions: 2->2
[2025-12-03T16:57:45.371+0000][6][gc,heap     ] GC(306) Humongous regions: 2->2
[2025-12-03T16:57:45.371+0000][6][gc,metaspace] GC(306) Metaspace: 118308K(120000K)->118308K(120000K) NonClass: 103409K(104384K)->103409K(104384K) Class: 14898K(15616K)->14898K(15616K)
[2025-12-03T16:57:45.371+0000][6][gc          ] GC(306) Pause Young (Normal) (G1 Evacuation Pause) 412M->170M(512M) 18.652ms
[2025-12-03T16:57:45.371+0000][6][gc,cpu      ] GC(306) User=0.11s Sys=0.00s Real=0.02s
[2025-12-03T16:57:45.371+0000][6][safepoint   ] Safepoint "G1CollectForAllocation", Time since last: 11765089089 ns, Reaching safepoint: 225709 ns, At safepoint: 18962916 ns, Total: 19188625 ns
[2025-12-03T16:58:10.440+0000][6][safepoint   ] Safepoint "Cleanup", Time since last: 25069888095 ns, Reaching safepoint: 285292 ns, At safepoint: 17042 ns, Total: 302334 ns
[2025-12-03T16:58:21.304+0000][6][gc,start    ] GC(307) Pause Young (Concurrent Start) (G1 Evacuation Pause)
[2025-12-03T16:58:21.304+0000][6][gc,task     ] GC(307) Using 8 workers of 8 for evacuation
[2025-12-03T16:58:21.304+0000][6][gc,age      ] GC(307) Desired survivor size 16777216 bytes, new threshold 15 (max threshold 15)
[2025-12-03T16:58:21.328+0000][6][gc,age      ] GC(307) Age table with threshold 15 (max threshold 15)
[2025-12-03T16:58:21.328+0000][6][gc,age      ] GC(307) - age   1:    3285072 bytes,    3285072 total
[2025-12-03T16:58:21.328+0000][6][gc,age      ] GC(307) - age   2:      25552 bytes,    3310624 total
[2025-12-03T16:58:21.328+0000][6][gc,age      ] GC(307) - age   3:     595664 bytes,    3906288 total
[2025-12-03T16:58:21.328+0000][6][gc,age      ] GC(307) - age   4:      71016 bytes,    3977304 total
[2025-12-03T16:58:21.328+0000][6][gc,age      ] GC(307) - age   5:      53320 bytes,    4030624 total
[2025-12-03T16:58:21.328+0000][6][gc,age      ] GC(307) - age   6:      27088 bytes,    4057712 total
[2025-12-03T16:58:21.328+0000][6][gc,age      ] GC(307) - age   7:      28992 bytes,    4086704 total
[2025-12-03T16:58:21.328+0000][6][gc,age      ] GC(307) - age   8:      27152 bytes,    4113856 total
[2025-12-03T16:58:21.328+0000][6][gc,age      ] GC(307) - age   9:     261296 bytes,    4375152 total
[2025-12-03T16:58:21.328+0000][6][gc,age      ] GC(307) - age  10:     188856 bytes,    4564008 total
[2025-12-03T16:58:21.328+0000][6][gc,age      ] GC(307) - age  11:     569848 bytes,    5133856 total
[2025-12-03T16:58:21.328+0000][6][gc,age      ] GC(307) - age  12:     273840 bytes,    5407696 total
[2025-12-03T16:58:21.328+0000][6][gc,age      ] GC(307) - age  13:      60776 bytes,    5468472 total
[2025-12-03T16:58:21.328+0000][6][gc,age      ] GC(307) - age  14:      50200 bytes,    5518672 total
[2025-12-03T16:58:21.328+0000][6][gc,age      ] GC(307) - age  15:     133408 bytes,    5652080 total
[2025-12-03T16:58:21.329+0000][6][gc,phases   ] GC(307)   Pre Evacuate Collection Set: 2.1ms
[2025-12-03T16:58:21.329+0000][6][gc,phases   ] GC(307)   Merge Heap Roots: 0.1ms
[2025-12-03T16:58:21.329+0000][6][gc,phases   ] GC(307)   Evacuate Collection Set: 18.6ms
[2025-12-03T16:58:21.329+0000][6][gc,phases   ] GC(307)   Post Evacuate Collection Set: 2.2ms
[2025-12-03T16:58:21.329+0000][6][gc,phases   ] GC(307)   Other: 2.1ms
[2025-12-03T16:58:21.329+0000][6][gc,heap     ] GC(307) Eden regions: 61->0(60)
[2025-12-03T16:58:21.329+0000][6][gc,heap     ] GC(307) Survivor regions: 2->2(8)
[2025-12-03T16:58:21.329+0000][6][gc,heap     ] GC(307) Old regions: 39->39
[2025-12-03T16:58:21.329+0000][6][gc,heap     ] GC(307) Archive regions: 2->2
[2025-12-03T16:58:21.329+0000][6][gc,heap     ] GC(307) Humongous regions: 2->2
[2025-12-03T16:58:21.329+0000][6][gc,metaspace] GC(307) Metaspace: 118314K(120000K)->118314K(120000K) NonClass: 103415K(104384K)->103415K(104384K) Class: 14898K(15616K)->14898K(15616K)
[2025-12-03T16:58:21.329+0000][6][gc          ] GC(307) Pause Young (Concurrent Start) (G1 Evacuation Pause) 414M->170M(512M) 25.524ms
[2025-12-03T16:58:21.329+0000][6][gc,cpu      ] GC(307) User=0.15s Sys=0.00s Real=0.02s
[2025-12-03T16:58:21.329+0000][6][safepoint   ] Safepoint "G1CollectForAllocation", Time since last: 10862728422 ns, Reaching safepoint: 518833 ns, At safepoint: 25880667 ns, Total: 26399500 ns
[2025-12-03T16:58:21.329+0000][6][gc          ] GC(308) Concurrent Mark Cycle
[2025-12-03T16:58:21.330+0000][6][gc,marking  ] GC(308) Concurrent Clear Claimed Marks
[2025-12-03T16:58:21.330+0000][6][gc,marking  ] GC(308) Concurrent Clear Claimed Marks 0.214ms
[2025-12-03T16:58:21.330+0000][6][gc,marking  ] GC(308) Concurrent Scan Root Regions
[2025-12-03T16:58:21.333+0000][6][gc,marking  ] GC(308) Concurrent Scan Root Regions 3.083ms
[2025-12-03T16:58:21.333+0000][6][gc,marking  ] GC(308) Concurrent Mark
[2025-12-03T16:58:21.333+0000][6][gc,marking  ] GC(308) Concurrent Mark From Roots
[2025-12-03T16:58:21.333+0000][6][gc,task     ] GC(308) Using 2 workers of 2 for marking
[2025-12-03T16:58:21.403+0000][6][gc,marking  ] GC(308) Concurrent Mark From Roots 69.867ms
[2025-12-03T16:58:21.403+0000][6][gc,marking  ] GC(308) Concurrent Preclean
[2025-12-03T16:58:21.403+0000][6][gc,marking  ] GC(308) Concurrent Preclean 0.276ms
[2025-12-03T16:58:21.404+0000][6][gc,start    ] GC(308) Pause Remark
[2025-12-03T16:58:21.441+0000][6][gc          ] GC(308) Pause Remark 173M->173M(512M) 37.790ms
[2025-12-03T16:58:21.441+0000][6][gc,cpu      ] GC(308) User=0.26s Sys=0.00s Real=0.03s
[2025-12-03T16:58:21.442+0000][6][safepoint   ] Safepoint "G1Concurrent", Time since last: 74002208 ns, Reaching safepoint: 76708 ns, At safepoint: 38036709 ns, Total: 38113417 ns
[2025-12-03T16:58:21.442+0000][6][gc,marking  ] GC(308) Concurrent Mark 108.596ms
[2025-12-03T16:58:21.442+0000][6][gc,marking  ] GC(308) Concurrent Rebuild Remembered Sets
[2025-12-03T16:58:21.472+0000][6][gc,marking  ] GC(308) Concurrent Rebuild Remembered Sets 30.167ms
[2025-12-03T16:58:21.472+0000][6][gc,start    ] GC(308) Pause Cleanup
[2025-12-03T16:58:21.472+0000][6][gc          ] GC(308) Pause Cleanup 174M->174M(512M) 0.166ms
[2025-12-03T16:58:21.472+0000][6][gc,cpu      ] GC(308) User=0.00s Sys=0.00s Real=0.00s
[2025-12-03T16:58:21.472+0000][6][safepoint   ] Safepoint "G1Concurrent", Time since last: 30447458 ns, Reaching safepoint: 56625 ns, At safepoint: 309750 ns, Total: 366375 ns
[2025-12-03T16:58:21.472+0000][6][gc,marking  ] GC(308) Concurrent Cleanup for Next Mark
[2025-12-03T16:58:21.474+0000][6][gc,marking  ] GC(308) Concurrent Cleanup for Next Mark 1.510ms
[2025-12-03T16:58:21.474+0000][6][gc          ] GC(308) Concurrent Mark Cycle 144.538ms
[2025-12-03T16:58:30.485+0000][6][safepoint   ] Safepoint "Cleanup", Time since last: 9012467421 ns, Reaching safepoint: 189375 ns, At safepoint: 5792 ns, Total: 195167 ns
[2025-12-03T16:58:31.487+0000][6][safepoint   ] Safepoint "Cleanup", Time since last: 1001998583 ns, Reaching safepoint: 189500 ns, At safepoint: 13250 ns, Total: 202750 ns
[2025-12-03T16:58:42.497+0000][6][safepoint   ] Safepoint "Cleanup", Time since last: 11011553963 ns, Reaching safepoint: 99792 ns, At safepoint: 3583 ns, Total: 103375 ns
[2025-12-03T16:58:58.170+0000][6][gc,start    ] GC(309) Pause Young (Normal) (G1 Evacuation Pause)
[2025-12-03T16:58:58.171+0000][6][gc,task     ] GC(309) Using 8 workers of 8 for evacuation
[2025-12-03T16:58:58.172+0000][6][gc,age      ] GC(309) Desired survivor size 16777216 bytes, new threshold 15 (max threshold 15)
[2025-12-03T16:58:58.191+0000][6][gc,age      ] GC(309) Age table with threshold 15 (max threshold 15)
[2025-12-03T16:58:58.191+0000][6][gc,age      ] GC(309) - age   1:    4461000 bytes,    4461000 total
[2025-12-03T16:58:58.191+0000][6][gc,age      ] GC(309) - age   2:    1092496 bytes,    5553496 total
[2025-12-03T16:58:58.191+0000][6][gc,age      ] GC(309) - age   3:      22048 bytes,    5575544 total
[2025-12-03T16:58:58.191+0000][6][gc,age      ] GC(309) - age   4:      95688 bytes,    5671232 total
[2025-12-03T16:58:58.191+0000][6][gc,age      ] GC(309) - age   5:      70888 bytes,    5742120 total
[2025-12-03T16:58:58.191+0000][6][gc,age      ] GC(309) - age   6:      53320 bytes,    5795440 total
[2025-12-03T16:58:58.191+0000][6][gc,age      ] GC(309) - age   7:      27088 bytes,    5822528 total
[2025-12-03T16:58:58.192+0000][6][gc,age      ] GC(309) - age   8:      28992 bytes,    5851520 total
[2025-12-03T16:58:58.192+0000][6][gc,age      ] GC(309) - age   9:      27152 bytes,    5878672 total
[2025-12-03T16:58:58.192+0000][6][gc,age      ] GC(309) - age  10:     261296 bytes,    6139968 total
[2025-12-03T16:58:58.192+0000][6][gc,age      ] GC(309) - age  11:     188736 bytes,    6328704 total
[2025-12-03T16:58:58.192+0000][6][gc,age      ] GC(309) - age  12:     569848 bytes,    6898552 total
[2025-12-03T16:58:58.192+0000][6][gc,age      ] GC(309) - age  13:     273840 bytes,    7172392 total
[2025-12-03T16:58:58.192+0000][6][gc,age      ] GC(309) - age  14:      60776 bytes,    7233168 total
[2025-12-03T16:58:58.192+0000][6][gc,age      ] GC(309) - age  15:      28792 bytes,    7261960 total
[2025-12-03T16:58:58.192+0000][6][gc,phases   ] GC(309)   Pre Evacuate Collection Set: 0.3ms
[2025-12-03T16:58:58.192+0000][6][gc,phases   ] GC(309)   Merge Heap Roots: 0.2ms
[2025-12-03T16:58:58.192+0000][6][gc,phases   ] GC(309)   Evacuate Collection Set: 16.8ms
[2025-12-03T16:58:58.192+0000][6][gc,phases   ] GC(309)   Post Evacuate Collection Set: 2.3ms
[2025-12-03T16:58:58.192+0000][6][gc,phases   ] GC(309)   Other: 2.5ms
[2025-12-03T16:58:58.192+0000][6][gc,heap     ] GC(309) Eden regions: 60->0(60)
[2025-12-03T16:58:58.192+0000][6][gc,heap     ] GC(309) Survivor regions: 2->2(8)
[2025-12-03T16:58:58.192+0000][6][gc,heap     ] GC(309) Old regions: 39->39
[2025-12-03T16:58:58.192+0000][6][gc,heap     ] GC(309) Archive regions: 2->2
[2025-12-03T16:58:58.192+0000][6][gc,heap     ] GC(309) Humongous regions: 2->2
[2025-12-03T16:58:58.192+0000][6][gc,metaspace] GC(309) Metaspace: 118314K(120000K)->118314K(120000K) NonClass: 103415K(104384K)->103415K(104384K) Class: 14898K(15616K)->14898K(15616K)
[2025-12-03T16:58:58.192+0000][6][gc          ] GC(309) Pause Young (Normal) (G1 Evacuation Pause) 409M->171M(512M) 22.460ms
[2025-12-03T16:58:58.192+0000][6][gc,cpu      ] GC(309) User=0.13s Sys=0.00s Real=0.03s
[2025-12-03T16:58:58.192+0000][6][safepoint   ] Safepoint "G1CollectForAllocation", Time since last: 15672693049 ns, Reaching safepoint: 423125 ns, At safepoint: 22666000 ns, Total: 23089125 ns
[2025-12-03T16:59:19.246+0000][6][safepoint   ] Safepoint "Cleanup", Time since last: 21049488426 ns, Reaching safepoint: 1136959 ns, At safepoint: 46208 ns, Total: 1183167 ns
[2025-12-03T16:59:32.271+0000][6][safepoint   ] Safepoint "Cleanup", Time since last: 13022783214 ns, Reaching safepoint: 1110458 ns, At safepoint: 120417 ns, Total: 1230875 ns
[2025-12-03T16:59:33.354+0000][6][gc,start    ] GC(310) Pause Young (Concurrent Start) (G1 Evacuation Pause)
[2025-12-03T16:59:33.355+0000][6][gc,task     ] GC(310) Using 8 workers of 8 for evacuation
[2025-12-03T16:59:33.355+0000][6][gc,age      ] GC(310) Desired survivor size 16777216 bytes, new threshold 15 (max threshold 15)
[2025-12-03T16:59:33.380+0000][6][gc,age      ] GC(310) Age table with threshold 15 (max threshold 15)
[2025-12-03T16:59:33.380+0000][6][gc,age      ] GC(310) - age   1:    1193672 bytes,    1193672 total
[2025-12-03T16:59:33.380+0000][6][gc,age      ] GC(310) - age   2:     575928 bytes,    1769600 total
[2025-12-03T16:59:33.380+0000][6][gc,age      ] GC(310) - age   3:    1085792 bytes,    2855392 total
[2025-12-03T16:59:33.380+0000][6][gc,age      ] GC(310) - age   4:      20704 bytes,    2876096 total
[2025-12-03T16:59:33.380+0000][6][gc,age      ] GC(310) - age   5:      94728 bytes,    2970824 total
[2025-12-03T16:59:33.381+0000][6][gc,age      ] GC(310) - age   6:      70888 bytes,    3041712 total
[2025-12-03T16:59:33.381+0000][6][gc,age      ] GC(310) - age   7:      53320 bytes,    3095032 total
[2025-12-03T16:59:33.381+0000][6][gc,age      ] GC(310) - age   8:      27088 bytes,    3122120 total
[2025-12-03T16:59:33.381+0000][6][gc,age      ] GC(310) - age   9:      28928 bytes,    3151048 total
[2025-12-03T16:59:33.381+0000][6][gc,age      ] GC(310) - age  10:      27152 bytes,    3178200 total
[2025-12-03T16:59:33.381+0000][6][gc,age      ] GC(310) - age  11:     261296 bytes,    3439496 total
[2025-12-03T16:59:33.381+0000][6][gc,age      ] GC(310) - age  12:     188736 bytes,    3628232 total
[2025-12-03T16:59:33.381+0000][6][gc,age      ] GC(310) - age  13:     569848 bytes,    4198080 total
[2025-12-03T16:59:33.381+0000][6][gc,age      ] GC(310) - age  14:      27152 bytes,    4225232 total
[2025-12-03T16:59:33.381+0000][6][gc,age      ] GC(310) - age  15:      60776 bytes,    4286008 total
[2025-12-03T16:59:33.381+0000][6][gc,phases   ] GC(310)   Pre Evacuate Collection Set: 1.7ms
[2025-12-03T16:59:33.381+0000][6][gc,phases   ] GC(310)   Merge Heap Roots: 0.1ms
[2025-12-03T16:59:33.381+0000][6][gc,phases   ] GC(310)   Evacuate Collection Set: 20.9ms
[2025-12-03T16:59:33.381+0000][6][gc,phases   ] GC(310)   Post Evacuate Collection Set: 2.3ms
[2025-12-03T16:59:33.381+0000][6][gc,phases   ] GC(310)   Other: 1.7ms
[2025-12-03T16:59:33.381+0000][6][gc,heap     ] GC(310) Eden regions: 60->0(60)
[2025-12-03T16:59:33.381+0000][6][gc,heap     ] GC(310) Survivor regions: 2->2(8)
[2025-12-03T16:59:33.381+0000][6][gc,heap     ] GC(310) Old regions: 39->39
[2025-12-03T16:59:33.381+0000][6][gc,heap     ] GC(310) Archive regions: 2->2
[2025-12-03T16:59:33.381+0000][6][gc,heap     ] GC(310) Humongous regions: 2->2
[2025-12-03T16:59:33.381+0000][6][gc,metaspace] GC(310) Metaspace: 118314K(120000K)->118314K(120000K) NonClass: 103415K(104384K)->103415K(104384K) Class: 14898K(15616K)->14898K(15616K)
[2025-12-03T16:59:33.382+0000][6][gc          ] GC(310) Pause Young (Concurrent Start) (G1 Evacuation Pause) 411M->168M(512M) 27.170ms
[2025-12-03T16:59:33.382+0000][6][gc,cpu      ] GC(310) User=0.13s Sys=0.00s Real=0.03s
[2025-12-03T16:59:33.382+0000][6][safepoint   ] Safepoint "G1CollectForAllocation", Time since last: 1082969126 ns, Reaching safepoint: 86583 ns, At safepoint: 27491917 ns, Total: 27578500 ns
[2025-12-03T16:59:33.382+0000][6][gc          ] GC(311) Concurrent Mark Cycle
[2025-12-03T16:59:33.382+0000][6][gc,marking  ] GC(311) Concurrent Clear Claimed Marks
[2025-12-03T16:59:33.382+0000][6][gc,marking  ] GC(311) Concurrent Clear Claimed Marks 0.218ms
[2025-12-03T16:59:33.382+0000][6][gc,marking  ] GC(311) Concurrent Scan Root Regions
[2025-12-03T16:59:33.386+0000][6][gc,marking  ] GC(311) Concurrent Scan Root Regions 3.532ms
[2025-12-03T16:59:33.386+0000][6][gc,marking  ] GC(311) Concurrent Mark
[2025-12-03T16:59:33.386+0000][6][gc,marking  ] GC(311) Concurrent Mark From Roots
[2025-12-03T16:59:33.386+0000][6][gc,task     ] GC(311) Using 2 workers of 2 for marking
[2025-12-03T16:59:33.458+0000][6][gc,marking  ] GC(311) Concurrent Mark From Roots 72.613ms
[2025-12-03T16:59:33.459+0000][6][gc,marking  ] GC(311) Concurrent Preclean
[2025-12-03T16:59:33.459+0000][6][gc,marking  ] GC(311) Concurrent Preclean 0.302ms
[2025-12-03T16:59:33.459+0000][6][gc,start    ] GC(311) Pause Remark
[2025-12-03T16:59:33.488+0000][6][gc          ] GC(311) Pause Remark 171M->171M(512M) 29.314ms
[2025-12-03T16:59:33.489+0000][6][gc,cpu      ] GC(311) User=0.17s Sys=0.00s Real=0.03s
[2025-12-03T16:59:33.489+0000][6][safepoint   ] Safepoint "G1Concurrent", Time since last: 77212416 ns, Reaching safepoint: 53125 ns, At safepoint: 29649500 ns, Total: 29702625 ns
[2025-12-03T16:59:33.489+0000][6][gc,marking  ] GC(311) Concurrent Mark 102.960ms
[2025-12-03T16:59:33.489+0000][6][gc,marking  ] GC(311) Concurrent Rebuild Remembered Sets
[2025-12-03T16:59:33.520+0000][6][gc,marking  ] GC(311) Concurrent Rebuild Remembered Sets 31.083ms
[2025-12-03T16:59:33.520+0000][6][gc,start    ] GC(311) Pause Cleanup
[2025-12-03T16:59:33.520+0000][6][gc          ] GC(311) Pause Cleanup 172M->172M(512M) 0.136ms
[2025-12-03T16:59:33.520+0000][6][gc,cpu      ] GC(311) User=0.00s Sys=0.00s Real=0.00s
[2025-12-03T16:59:33.520+0000][6][safepoint   ] Safepoint "G1Concurrent", Time since last: 31359834 ns, Reaching safepoint: 42583 ns, At safepoint: 274458 ns, Total: 317041 ns
[2025-12-03T16:59:33.520+0000][6][gc,marking  ] GC(311) Concurrent Cleanup for Next Mark
[2025-12-03T16:59:33.522+0000][6][gc,marking  ] GC(311) Concurrent Cleanup for Next Mark 1.401ms
[2025-12-03T16:59:33.522+0000][6][gc          ] GC(311) Concurrent Mark Cycle 140.103ms
[2025-12-03T17:00:03.576+0000][6][safepoint   ] Safepoint "Cleanup", Time since last: 30054473389 ns, Reaching safepoint: 528750 ns, At safepoint: 12541 ns, Total: 541291 ns
[2025-12-03T17:00:12.585+0000][6][safepoint   ] Safepoint "Cleanup", Time since last: 9008462713 ns, Reaching safepoint: 340417 ns, At safepoint: 24416 ns, Total: 364833 ns
[2025-12-03T17:00:15.341+0000][6][gc,start    ] GC(312) Pause Young (Normal) (G1 Evacuation Pause)
[2025-12-03T17:00:15.341+0000][6][gc,task     ] GC(312) Using 8 workers of 8 for evacuation
[2025-12-03T17:00:15.342+0000][6][gc,age      ] GC(312) Desired survivor size 16777216 bytes, new threshold 15 (max threshold 15)
[2025-12-03T17:00:15.351+0000][6][gc,age      ] GC(312) Age table with threshold 15 (max threshold 15)
[2025-12-03T17:00:15.352+0000][6][gc,age      ] GC(312) - age   1:    1586624 bytes,    1586624 total
[2025-12-03T17:00:15.352+0000][6][gc,age      ] GC(312) - age   2:     349912 bytes,    1936536 total
[2025-12-03T17:00:15.352+0000][6][gc,age      ] GC(312) - age   3:     569272 bytes,    2505808 total
[2025-12-03T17:00:15.352+0000][6][gc,age      ] GC(312) - age   4:    1084448 bytes,    3590256 total
[2025-12-03T17:00:15.352+0000][6][gc,age      ] GC(312) - age   5:      20704 bytes,    3610960 total
[2025-12-03T17:00:15.352+0000][6][gc,age      ] GC(312) - age   6:      94728 bytes,    3705688 total
[2025-12-03T17:00:15.352+0000][6][gc,age      ] GC(312) - age   7:      70856 bytes,    3776544 total
[2025-12-03T17:00:15.352+0000][6][gc,age      ] GC(312) - age   8:      53320 bytes,    3829864 total
[2025-12-03T17:00:15.352+0000][6][gc,age      ] GC(312) - age   9:      27024 bytes,    3856888 total
[2025-12-03T17:00:15.352+0000][6][gc,age      ] GC(312) - age  10:      28928 bytes,    3885816 total
[2025-12-03T17:00:15.352+0000][6][gc,age      ] GC(312) - age  11:      27056 bytes,    3912872 total
[2025-12-03T17:00:15.352+0000][6][gc,age      ] GC(312) - age  12:     261296 bytes,    4174168 total
[2025-12-03T17:00:15.352+0000][6][gc,age      ] GC(312) - age  13:     188736 bytes,    4362904 total
[2025-12-03T17:00:15.352+0000][6][gc,age      ] GC(312) - age  14:     394392 bytes,    4757296 total
[2025-12-03T17:00:15.352+0000][6][gc,age      ] GC(312) - age  15:      27152 bytes,    4784448 total
[2025-12-03T17:00:15.352+0000][6][gc,phases   ] GC(312)   Pre Evacuate Collection Set: 0.4ms
[2025-12-03T17:00:15.352+0000][6][gc,phases   ] GC(312)   Merge Heap Roots: 0.2ms
[2025-12-03T17:00:15.352+0000][6][gc,phases   ] GC(312)   Evacuate Collection Set: 6.6ms
[2025-12-03T17:00:15.352+0000][6][gc,phases   ] GC(312)   Post Evacuate Collection Set: 2.6ms
[2025-12-03T17:00:15.352+0000][6][gc,phases   ] GC(312)   Other: 1.2ms
[2025-12-03T17:00:15.352+0000][6][gc,heap     ] GC(312) Eden regions: 60->0(60)
[2025-12-03T17:00:15.352+0000][6][gc,heap     ] GC(312) Survivor regions: 2->2(8)
[2025-12-03T17:00:15.352+0000][6][gc,heap     ] GC(312) Old regions: 39->39
[2025-12-03T17:00:15.353+0000][6][gc,heap     ] GC(312) Archive regions: 2->2
[2025-12-03T17:00:15.353+0000][6][gc,heap     ] GC(312) Humongous regions: 2->2
[2025-12-03T17:00:15.353+0000][6][gc,metaspace] GC(312) Metaspace: 118316K(120000K)->118316K(120000K) NonClass: 103417K(104384K)->103417K(104384K) Class: 14898K(15616K)->14898K(15616K)
[2025-12-03T17:00:15.353+0000][6][gc          ] GC(312) Pause Young (Normal) (G1 Evacuation Pause) 408M->169M(512M) 11.362ms
[2025-12-03T17:00:15.353+0000][6][gc,cpu      ] GC(312) User=0.06s Sys=0.00s Real=0.01s
[2025-12-03T17:00:15.353+0000][6][safepoint   ] Safepoint "G1CollectForAllocation", Time since last: 2755860210 ns, Reaching safepoint: 123542 ns, At safepoint: 11578583 ns, Total: 11702125 ns
[2025-12-03T17:00:21.370+0000][6][safepoint   ] Safepoint "Cleanup", Time since last: 6016983086 ns, Reaching safepoint: 428959 ns, At safepoint: 19083 ns, Total: 448042 ns
[2025-12-03T17:00:27.383+0000][6][safepoint   ] Safepoint "Cleanup", Time since last: 6012559586 ns, Reaching safepoint: 106000 ns, At safepoint: 8708 ns, Total: 114708 ns
[2025-12-03T17:00:28.384+0000][6][safepoint   ] Safepoint "Cleanup", Time since last: 1000953084 ns, Reaching safepoint: 117500 ns, At safepoint: 5292 ns, Total: 122792 ns
[2025-12-03T17:00:30.386+0000][6][safepoint   ] Safepoint "Cleanup", Time since last: 2001783584 ns, Reaching safepoint: 114209 ns, At safepoint: 8000 ns, Total: 122209 ns
[2025-12-03T17:00:45.419+0000][6][safepoint   ] Safepoint "Cleanup", Time since last: 15032253964 ns, Reaching safepoint: 410834 ns, At safepoint: 22958 ns, Total: 433792 ns
[2025-12-03T17:00:51.381+0000][6][gc,start    ] GC(313) Pause Young (Concurrent Start) (G1 Evacuation Pause)
[2025-12-03T17:00:51.382+0000][6][gc,task     ] GC(313) Using 8 workers of 8 for evacuation
[2025-12-03T17:00:51.382+0000][6][gc,age      ] GC(313) Desired survivor size 16777216 bytes, new threshold 15 (max threshold 15)
[2025-12-03T17:00:51.415+0000][6][gc,age      ] GC(313) Age table with threshold 15 (max threshold 15)
[2025-12-03T17:00:51.415+0000][6][gc,age      ] GC(313) - age   1:    1922240 bytes,    1922240 total
[2025-12-03T17:00:51.415+0000][6][gc,age      ] GC(313) - age   2:     264200 bytes,    2186440 total
[2025-12-03T17:00:51.416+0000][6][gc,age      ] GC(313) - age   3:     347320 bytes,    2533760 total
[2025-12-03T17:00:51.416+0000][6][gc,age      ] GC(313) - age   4:     568240 bytes,    3102000 total
[2025-12-03T17:00:51.416+0000][6][gc,age      ] GC(313) - age   5:    1084288 bytes,    4186288 total
[2025-12-03T17:00:51.416+0000][6][gc,age      ] GC(313) - age   6:      20448 bytes,    4206736 total
[2025-12-03T17:00:51.416+0000][6][gc,age      ] GC(313) - age   7:      94728 bytes,    4301464 total
[2025-12-03T17:00:51.416+0000][6][gc,age      ] GC(313) - age   8:      70856 bytes,    4372320 total
[2025-12-03T17:00:51.416+0000][6][gc,age      ] GC(313) - age   9:      53320 bytes,    4425640 total
[2025-12-03T17:00:51.416+0000][6][gc,age      ] GC(313) - age  10:      26912 bytes,    4452552 total
[2025-12-03T17:00:51.416+0000][6][gc,age      ] GC(313) - age  11:      28928 bytes,    4481480 total
[2025-12-03T17:00:51.416+0000][6][gc,age      ] GC(313) - age  12:      27056 bytes,    4508536 total
[2025-12-03T17:00:51.416+0000][6][gc,age      ] GC(313) - age  13:     261296 bytes,    4769832 total
[2025-12-03T17:00:51.416+0000][6][gc,age      ] GC(313) - age  14:     188736 bytes,    4958568 total
[2025-12-03T17:00:51.416+0000][6][gc,age      ] GC(313) - age  15:      61048 bytes,    5019616 total
[2025-12-03T17:00:51.416+0000][6][gc,phases   ] GC(313)   Pre Evacuate Collection Set: 1.7ms
[2025-12-03T17:00:51.416+0000][6][gc,phases   ] GC(313)   Merge Heap Roots: 0.1ms
[2025-12-03T17:00:51.416+0000][6][gc,phases   ] GC(313)   Evacuate Collection Set: 27.5ms
[2025-12-03T17:00:51.416+0000][6][gc,phases   ] GC(313)   Post Evacuate Collection Set: 3.7ms
[2025-12-03T17:00:51.416+0000][6][gc,phases   ] GC(313)   Other: 2.3ms
[2025-12-03T17:00:51.416+0000][6][gc,heap     ] GC(313) Eden regions: 60->0(61)
[2025-12-03T17:00:51.416+0000][6][gc,heap     ] GC(313) Survivor regions: 2->2(8)
[2025-12-03T17:00:51.417+0000][6][gc,heap     ] GC(313) Old regions: 39->39
[2025-12-03T17:00:51.417+0000][6][gc,heap     ] GC(313) Archive regions: 2->2
[2025-12-03T17:00:51.417+0000][6][gc,heap     ] GC(313) Humongous regions: 2->2
[2025-12-03T17:00:51.417+0000][6][gc,metaspace] GC(313) Metaspace: 118316K(120000K)->118316K(120000K) NonClass: 103417K(104384K)->103417K(104384K) Class: 14898K(15616K)->14898K(15616K)
[2025-12-03T17:00:51.417+0000][6][gc          ] GC(313) Pause Young (Concurrent Start) (G1 Evacuation Pause) 409M->169M(512M) 35.787ms
[2025-12-03T17:00:51.417+0000][6][gc,cpu      ] GC(313) User=0.14s Sys=0.07s Real=0.04s
[2025-12-03T17:00:51.417+0000][6][safepoint   ] Safepoint "G1CollectForAllocation", Time since last: 5961754420 ns, Reaching safepoint: 85666 ns, At safepoint: 36010292 ns, Total: 36095958 ns
[2025-12-03T17:00:51.417+0000][6][gc          ] GC(314) Concurrent Mark Cycle
[2025-12-03T17:00:51.417+0000][6][gc,marking  ] GC(314) Concurrent Clear Claimed Marks
[2025-12-03T17:00:51.417+0000][6][gc,marking  ] GC(314) Concurrent Clear Claimed Marks 0.340ms
[2025-12-03T17:00:51.418+0000][6][gc,marking  ] GC(314) Concurrent Scan Root Regions
[2025-12-03T17:00:51.426+0000][6][gc,marking  ] GC(314) Concurrent Scan Root Regions 8.460ms
[2025-12-03T17:00:51.426+0000][6][gc,marking  ] GC(314) Concurrent Mark
[2025-12-03T17:00:51.426+0000][6][gc,marking  ] GC(314) Concurrent Mark From Roots
[2025-12-03T17:00:51.426+0000][6][gc,task     ] GC(314) Using 2 workers of 2 for marking
[2025-12-03T17:00:51.490+0000][6][gc,marking  ] GC(314) Concurrent Mark From Roots 64.193ms
[2025-12-03T17:00:51.490+0000][6][gc,marking  ] GC(314) Concurrent Preclean
[2025-12-03T17:00:51.491+0000][6][gc,marking  ] GC(314) Concurrent Preclean 0.279ms
[2025-12-03T17:00:51.491+0000][6][gc,start    ] GC(314) Pause Remark
[2025-12-03T17:00:51.528+0000][6][gc          ] GC(314) Pause Remark 171M->171M(512M) 36.764ms
[2025-12-03T17:00:51.528+0000][6][gc,cpu      ] GC(314) User=0.24s Sys=0.00s Real=0.04s
[2025-12-03T17:00:51.528+0000][6][safepoint   ] Safepoint "G1Concurrent", Time since last: 73888625 ns, Reaching safepoint: 165167 ns, At safepoint: 37027875 ns, Total: 37193042 ns
[2025-12-03T17:00:51.528+0000][6][gc,marking  ] GC(314) Concurrent Mark 102.057ms
[2025-12-03T17:00:51.528+0000][6][gc,marking  ] GC(314) Concurrent Rebuild Remembered Sets
[2025-12-03T17:00:51.558+0000][6][gc,marking  ] GC(314) Concurrent Rebuild Remembered Sets 30.095ms
[2025-12-03T17:00:51.559+0000][6][gc,start    ] GC(314) Pause Cleanup
[2025-12-03T17:00:51.559+0000][6][gc          ] GC(314) Pause Cleanup 173M->173M(512M) 0.125ms
[2025-12-03T17:00:51.559+0000][6][gc,cpu      ] GC(314) User=0.00s Sys=0.00s Real=0.00s
[2025-12-03T17:00:51.559+0000][6][safepoint   ] Safepoint "G1Concurrent", Time since last: 30465375 ns, Reaching safepoint: 89750 ns, At safepoint: 273416 ns, Total: 363166 ns
[2025-12-03T17:00:51.559+0000][6][gc,marking  ] GC(314) Concurrent Cleanup for Next Mark
[2025-12-03T17:00:51.560+0000][6][gc,marking  ] GC(314) Concurrent Cleanup for Next Mark 1.346ms
[2025-12-03T17:00:51.560+0000][6][gc          ] GC(314) Concurrent Mark Cycle 143.352ms
[2025-12-03T17:01:12.663+0000][6][safepoint   ] Safepoint "Cleanup", Time since last: 21041854260 ns, Reaching safepoint: 61651125 ns, At safepoint: 34041 ns, Total: 61685166 ns
[2025-12-03T17:01:19.684+0000][6][safepoint   ] Safepoint "Cleanup", Time since last: 7020571795 ns, Reaching safepoint: 137250 ns, At safepoint: 67000 ns, Total: 204250 ns
[2025-12-03T17:01:21.688+0000][6][safepoint   ] Safepoint "Cleanup", Time since last: 2003347001 ns, Reaching safepoint: 516542 ns, At safepoint: 16000 ns, Total: 532542 ns
[2025-12-03T17:01:30.716+0000][6][gc,start    ] GC(315) Pause Young (Normal) (G1 Evacuation Pause)
[2025-12-03T17:01:30.717+0000][6][gc,task     ] GC(315) Using 8 workers of 8 for evacuation
[2025-12-03T17:01:30.717+0000][6][gc,age      ] GC(315) Desired survivor size 16777216 bytes, new threshold 15 (max threshold 15)
[2025-12-03T17:01:30.733+0000][6][gc,age      ] GC(315) Age table with threshold 15 (max threshold 15)
[2025-12-03T17:01:30.733+0000][6][gc,age      ] GC(315) - age   1:    2408104 bytes,    2408104 total
[2025-12-03T17:01:30.733+0000][6][gc,age      ] GC(315) - age   2:     440912 bytes,    2849016 total
[2025-12-03T17:01:30.733+0000][6][gc,age      ] GC(315) - age   3:     260232 bytes,    3109248 total
[2025-12-03T17:01:30.733+0000][6][gc,age      ] GC(315) - age   4:     346296 bytes,    3455544 total
[2025-12-03T17:01:30.734+0000][6][gc,age      ] GC(315) - age   5:      69560 bytes,    3525104 total
[2025-12-03T17:01:30.734+0000][6][gc,age      ] GC(315) - age   6:    1084160 bytes,    4609264 total
[2025-12-03T17:01:30.734+0000][6][gc,age      ] GC(315) - age   7:      20448 bytes,    4629712 total
[2025-12-03T17:01:30.734+0000][6][gc,age      ] GC(315) - age   8:      94728 bytes,    4724440 total
[2025-12-03T17:01:30.734+0000][6][gc,age      ] GC(315) - age   9:      70856 bytes,    4795296 total
[2025-12-03T17:01:30.734+0000][6][gc,age      ] GC(315) - age  10:      53320 bytes,    4848616 total
[2025-12-03T17:01:30.734+0000][6][gc,age      ] GC(315) - age  11:      26912 bytes,    4875528 total
[2025-12-03T17:01:30.734+0000][6][gc,age      ] GC(315) - age  12:      28928 bytes,    4904456 total
[2025-12-03T17:01:30.734+0000][6][gc,age      ] GC(315) - age  13:      27056 bytes,    4931512 total
[2025-12-03T17:01:30.734+0000][6][gc,age      ] GC(315) - age  14:     137832 bytes,    5069344 total
[2025-12-03T17:01:30.734+0000][6][gc,age      ] GC(315) - age  15:      20064 bytes,    5089408 total
[2025-12-03T17:01:30.734+0000][6][gc,phases   ] GC(315)   Pre Evacuate Collection Set: 0.5ms
[2025-12-03T17:01:30.734+0000][6][gc,phases   ] GC(315)   Merge Heap Roots: 0.3ms
[2025-12-03T17:01:30.734+0000][6][gc,phases   ] GC(315)   Evacuate Collection Set: 10.1ms
[2025-12-03T17:01:30.734+0000][6][gc,phases   ] GC(315)   Post Evacuate Collection Set: 4.6ms
[2025-12-03T17:01:30.734+0000][6][gc,phases   ] GC(315)   Other: 3.2ms
[2025-12-03T17:01:30.734+0000][6][gc,heap     ] GC(315) Eden regions: 61->0(61)
[2025-12-03T17:01:30.734+0000][6][gc,heap     ] GC(315) Survivor regions: 2->2(8)
[2025-12-03T17:01:30.734+0000][6][gc,heap     ] GC(315) Old regions: 39->39
[2025-12-03T17:01:30.734+0000][6][gc,heap     ] GC(315) Archive regions: 2->2
[2025-12-03T17:01:30.734+0000][6][gc,heap     ] GC(315) Humongous regions: 2->2
[2025-12-03T17:01:30.734+0000][6][gc,metaspace] GC(315) Metaspace: 118316K(120000K)->118316K(120000K) NonClass: 103417K(104384K)->103417K(104384K) Class: 14898K(15616K)->14898K(15616K)
[2025-12-03T17:01:30.734+0000][6][gc          ] GC(315) Pause Young (Normal) (G1 Evacuation Pause) 413M->169M(512M) 18.921ms
[2025-12-03T17:01:30.735+0000][6][gc,cpu      ] GC(315) User=0.07s Sys=0.00s Real=0.02s
[2025-12-03T17:01:30.735+0000][6][safepoint   ] Safepoint "G1CollectForAllocation", Time since last: 9023931879 ns, Reaching safepoint: 3665042 ns, At safepoint: 19212792 ns, Total: 22877834 ns
[2025-12-03T17:01:52.771+0000][6][safepoint   ] Safepoint "Cleanup", Time since last: 22035481384 ns, Reaching safepoint: 519542 ns, At safepoint: 23292 ns, Total: 542834 ns
[2025-12-03T17:01:58.784+0000][6][safepoint   ] Safepoint "Cleanup", Time since last: 6012292294 ns, Reaching safepoint: 464542 ns, At safepoint: 15708 ns, Total: 480250 ns
[2025-12-03T17:02:10.327+0000][6][gc,start    ] GC(316) Pause Young (Concurrent Start) (G1 Evacuation Pause)
[2025-12-03T17:02:10.329+0000][6][gc,task     ] GC(316) Using 8 workers of 8 for evacuation
[2025-12-03T17:02:10.329+0000][6][gc,age      ] GC(316) Desired survivor size 16777216 bytes, new threshold 15 (max threshold 15)
[2025-12-03T17:02:10.349+0000][6][gc,age      ] GC(316) Age table with threshold 15 (max threshold 15)
[2025-12-03T17:02:10.349+0000][6][gc,age      ] GC(316) - age   1:    2619672 bytes,    2619672 total
[2025-12-03T17:02:10.349+0000][6][gc,age      ] GC(316) - age   2:     861888 bytes,    3481560 total
[2025-12-03T17:02:10.349+0000][6][gc,age      ] GC(316) - age   3:     436496 bytes,    3918056 total
[2025-12-03T17:02:10.350+0000][6][gc,age      ] GC(316) - age   4:     259112 bytes,    4177168 total
[2025-12-03T17:02:10.350+0000][6][gc,age      ] GC(316) - age   5:     346072 bytes,    4523240 total
[2025-12-03T17:02:10.350+0000][6][gc,age      ] GC(316) - age   6:      69400 bytes,    4592640 total
[2025-12-03T17:02:10.350+0000][6][gc,age      ] GC(316) - age   7:    1084160 bytes,    5676800 total
[2025-12-03T17:02:10.350+0000][6][gc,age      ] GC(316) - age   8:      20448 bytes,    5697248 total
[2025-12-03T17:02:10.350+0000][6][gc,age      ] GC(316) - age   9:      94728 bytes,    5791976 total
[2025-12-03T17:02:10.350+0000][6][gc,age      ] GC(316) - age  10:      70856 bytes,    5862832 total
[2025-12-03T17:02:10.350+0000][6][gc,age      ] GC(316) - age  11:      53320 bytes,    5916152 total
[2025-12-03T17:02:10.350+0000][6][gc,age      ] GC(316) - age  12:      26912 bytes,    5943064 total
[2025-12-03T17:02:10.350+0000][6][gc,age      ] GC(316) - age  13:      28928 bytes,    5971992 total
[2025-12-03T17:02:10.350+0000][6][gc,age      ] GC(316) - age  14:      27056 bytes,    5999048 total
[2025-12-03T17:02:10.350+0000][6][gc,age      ] GC(316) - age  15:     137832 bytes,    6136880 total
[2025-12-03T17:02:10.350+0000][6][gc,phases   ] GC(316)   Pre Evacuate Collection Set: 3.2ms
[2025-12-03T17:02:10.351+0000][6][gc,phases   ] GC(316)   Merge Heap Roots: 0.2ms
[2025-12-03T17:02:10.351+0000][6][gc,phases   ] GC(316)   Evacuate Collection Set: 13.3ms
[2025-12-03T17:02:10.351+0000][6][gc,phases   ] GC(316)   Post Evacuate Collection Set: 2.8ms
[2025-12-03T17:02:10.351+0000][6][gc,phases   ] GC(316)   Other: 4.5ms
[2025-12-03T17:02:10.351+0000][6][gc,heap     ] GC(316) Eden regions: 61->0(60)
[2025-12-03T17:02:10.351+0000][6][gc,heap     ] GC(316) Survivor regions: 2->2(8)
[2025-12-03T17:02:10.352+0000][6][gc,heap     ] GC(316) Old regions: 39->39
[2025-12-03T17:02:10.352+0000][6][gc,heap     ] GC(316) Archive regions: 2->2
[2025-12-03T17:02:10.352+0000][6][gc,heap     ] GC(316) Humongous regions: 2->2
[2025-12-03T17:02:10.352+0000][6][gc,metaspace] GC(316) Metaspace: 118316K(120000K)->118316K(120000K) NonClass: 103417K(104384K)->103417K(104384K) Class: 14898K(15616K)->14898K(15616K)
[2025-12-03T17:02:10.352+0000][6][gc          ] GC(316) Pause Young (Concurrent Start) (G1 Evacuation Pause) 413M->170M(512M) 25.473ms
[2025-12-03T17:02:10.352+0000][6][gc,cpu      ] GC(316) User=0.09s Sys=0.00s Real=0.03s
[2025-12-03T17:02:10.353+0000][6][safepoint   ] Safepoint "G1CollectForAllocation", Time since last: 11530843672 ns, Reaching safepoint: 10985167 ns, At safepoint: 26161458 ns, Total: 37146625 ns
[2025-12-03T17:02:10.353+0000][6][gc          ] GC(317) Concurrent Mark Cycle
[2025-12-03T17:02:10.353+0000][6][gc,marking  ] GC(317) Concurrent Clear Claimed Marks
[2025-12-03T17:02:10.353+0000][6][gc,marking  ] GC(317) Concurrent Clear Claimed Marks 0.329ms
[2025-12-03T17:02:10.353+0000][6][gc,marking  ] GC(317) Concurrent Scan Root Regions
[2025-12-03T17:02:10.358+0000][6][gc,marking  ] GC(317) Concurrent Scan Root Regions 4.362ms
[2025-12-03T17:02:10.358+0000][6][gc,marking  ] GC(317) Concurrent Mark
[2025-12-03T17:02:10.358+0000][6][gc,marking  ] GC(317) Concurrent Mark From Roots
[2025-12-03T17:02:10.358+0000][6][gc,task     ] GC(317) Using 2 workers of 2 for marking
[2025-12-03T17:02:10.422+0000][6][gc,marking  ] GC(317) Concurrent Mark From Roots 64.332ms
[2025-12-03T17:02:10.422+0000][6][gc,marking  ] GC(317) Concurrent Preclean
[2025-12-03T17:02:10.423+0000][6][gc,marking  ] GC(317) Concurrent Preclean 0.449ms
[2025-12-03T17:02:10.423+0000][6][gc,start    ] GC(317) Pause Remark
[2025-12-03T17:02:10.460+0000][6][gc          ] GC(317) Pause Remark 176M->176M(512M) 36.618ms
[2025-12-03T17:02:10.460+0000][6][gc,cpu      ] GC(317) User=0.27s Sys=0.00s Real=0.04s
[2025-12-03T17:02:10.460+0000][6][safepoint   ] Safepoint "G1Concurrent", Time since last: 70453000 ns, Reaching safepoint: 176833 ns, At safepoint: 37122125 ns, Total: 37298958 ns
[2025-12-03T17:02:10.460+0000][6][gc,marking  ] GC(317) Concurrent Mark 102.746ms
[2025-12-03T17:02:10.461+0000][6][gc,marking  ] GC(317) Concurrent Rebuild Remembered Sets
[2025-12-03T17:02:10.498+0000][6][gc,marking  ] GC(317) Concurrent Rebuild Remembered Sets 37.651ms
[2025-12-03T17:02:10.499+0000][6][gc,start    ] GC(317) Pause Cleanup
[2025-12-03T17:02:10.499+0000][6][gc          ] GC(317) Pause Cleanup 176M->176M(512M) 0.342ms
[2025-12-03T17:02:10.499+0000][6][gc,cpu      ] GC(317) User=0.00s Sys=0.00s Real=0.00s
[2025-12-03T17:02:10.499+0000][6][safepoint   ] Safepoint "G1Concurrent", Time since last: 38194917 ns, Reaching safepoint: 103417 ns, At safepoint: 709708 ns, Total: 813125 ns
[2025-12-03T17:02:10.500+0000][6][gc,marking  ] GC(317) Concurrent Cleanup for Next Mark
[2025-12-03T17:02:10.501+0000][6][gc,marking  ] GC(317) Concurrent Cleanup for Next Mark 1.732ms
[2025-12-03T17:02:10.502+0000][6][gc          ] GC(317) Concurrent Mark Cycle 149.568ms
[2025-12-03T17:02:16.506+0000][6][safepoint   ] Safepoint "Cleanup", Time since last: 6006457795 ns, Reaching safepoint: 206625 ns, At safepoint: 22666 ns, Total: 229291 ns
[2025-12-03T17:02:31.534+0000][6][safepoint   ] Safepoint "Cleanup", Time since last: 15027291632 ns, Reaching safepoint: 617959 ns, At safepoint: 36208 ns, Total: 654167 ns
[2025-12-03T17:02:32.538+0000][6][safepoint   ] Safepoint "Cleanup", Time since last: 1002014500 ns, Reaching safepoint: 157667 ns, At safepoint: 43375 ns, Total: 201042 ns
[2025-12-03T17:02:45.436+0000][6][gc,start    ] GC(318) Pause Young (Normal) (G1 Evacuation Pause)
[2025-12-03T17:02:45.437+0000][6][gc,task     ] GC(318) Using 8 workers of 8 for evacuation
[2025-12-03T17:02:45.437+0000][6][gc,age      ] GC(318) Desired survivor size 16777216 bytes, new threshold 15 (max threshold 15)
[2025-12-03T17:02:45.457+0000][6][gc,age      ] GC(318) Age table with threshold 15 (max threshold 15)
[2025-12-03T17:02:45.457+0000][6][gc,age      ] GC(318) - age   1:    2860704 bytes,    2860704 total
[2025-12-03T17:02:45.457+0000][6][gc,age      ] GC(318) - age   2:      35808 bytes,    2896512 total
[2025-12-03T17:02:45.457+0000][6][gc,age      ] GC(318) - age   3:     857856 bytes,    3754368 total
[2025-12-03T17:02:45.457+0000][6][gc,age      ] GC(318) - age   4:     435792 bytes,    4190160 total
[2025-12-03T17:02:45.457+0000][6][gc,age      ] GC(318) - age   5:     258888 bytes,    4449048 total
[2025-12-03T17:02:45.457+0000][6][gc,age      ] GC(318) - age   6:     345912 bytes,    4794960 total
[2025-12-03T17:02:45.457+0000][6][gc,age      ] GC(318) - age   7:      69400 bytes,    4864360 total
[2025-12-03T17:02:45.457+0000][6][gc,age      ] GC(318) - age   8:    1084160 bytes,    5948520 total
[2025-12-03T17:02:45.457+0000][6][gc,age      ] GC(318) - age   9:      20064 bytes,    5968584 total
[2025-12-03T17:02:45.457+0000][6][gc,age      ] GC(318) - age  10:      94728 bytes,    6063312 total
[2025-12-03T17:02:45.457+0000][6][gc,age      ] GC(318) - age  11:      70760 bytes,    6134072 total
[2025-12-03T17:02:45.457+0000][6][gc,age      ] GC(318) - age  12:      53320 bytes,    6187392 total
[2025-12-03T17:02:45.458+0000][6][gc,age      ] GC(318) - age  13:      26912 bytes,    6214304 total
[2025-12-03T17:02:45.458+0000][6][gc,age      ] GC(318) - age  14:      28928 bytes,    6243232 total
[2025-12-03T17:02:45.458+0000][6][gc,age      ] GC(318) - age  15:      27056 bytes,    6270288 total
[2025-12-03T17:02:45.458+0000][6][gc,phases   ] GC(318)   Pre Evacuate Collection Set: 0.5ms
[2025-12-03T17:02:45.458+0000][6][gc,phases   ] GC(318)   Merge Heap Roots: 0.4ms
[2025-12-03T17:02:45.458+0000][6][gc,phases   ] GC(318)   Evacuate Collection Set: 15.9ms
[2025-12-03T17:02:45.458+0000][6][gc,phases   ] GC(318)   Post Evacuate Collection Set: 2.6ms
[2025-12-03T17:02:45.458+0000][6][gc,phases   ] GC(318)   Other: 2.0ms
[2025-12-03T17:02:45.458+0000][6][gc,heap     ] GC(318) Eden regions: 60->0(60)
[2025-12-03T17:02:45.458+0000][6][gc,heap     ] GC(318) Survivor regions: 2->2(8)
[2025-12-03T17:02:45.458+0000][6][gc,heap     ] GC(318) Old regions: 39->39
[2025-12-03T17:02:45.458+0000][6][gc,heap     ] GC(318) Archive regions: 2->2
[2025-12-03T17:02:45.458+0000][6][gc,heap     ] GC(318) Humongous regions: 2->2
[2025-12-03T17:02:45.458+0000][6][gc,metaspace] GC(318) Metaspace: 118316K(120000K)->118316K(120000K) NonClass: 103417K(104384K)->103417K(104384K) Class: 14898K(15616K)->14898K(15616K)
[2025-12-03T17:02:45.458+0000][6][gc          ] GC(318) Pause Young (Normal) (G1 Evacuation Pause) 410M->170M(512M) 21.708ms
[2025-12-03T17:02:45.458+0000][6][gc,cpu      ] GC(318) User=0.14s Sys=0.00s Real=0.02s
[2025-12-03T17:02:45.458+0000][6][safepoint   ] Safepoint "G1CollectForAllocation", Time since last: 12898337923 ns, Reaching safepoint: 90000 ns, At safepoint: 21930375 ns, Total: 22020375 ns
[2025-12-03T17:03:10.495+0000][6][safepoint   ] Safepoint "Cleanup", Time since last: 25037647095 ns, Reaching safepoint: 1030125 ns, At safepoint: 42333 ns, Total: 1072458 ns
[2025-12-03T17:03:18.395+0000][6][gc,start    ] GC(319) Pause Young (Concurrent Start) (G1 Evacuation Pause)
[2025-12-03T17:03:18.395+0000][6][gc,task     ] GC(319) Using 8 workers of 8 for evacuation
[2025-12-03T17:03:18.395+0000][6][gc,age      ] GC(319) Desired survivor size 16777216 bytes, new threshold 15 (max threshold 15)
[2025-12-03T17:03:18.406+0000][6][gc,age      ] GC(319) Age table with threshold 15 (max threshold 15)
[2025-12-03T17:03:18.407+0000][6][gc,age      ] GC(319) - age   1:    1996400 bytes,    1996400 total
[2025-12-03T17:03:18.407+0000][6][gc,age      ] GC(319) - age   2:      58992 bytes,    2055392 total
[2025-12-03T17:03:18.407+0000][6][gc,age      ] GC(319) - age   3:      28456 bytes,    2083848 total
[2025-12-03T17:03:18.407+0000][6][gc,age      ] GC(319) - age   4:     358280 bytes,    2442128 total
[2025-12-03T17:03:18.407+0000][6][gc,age      ] GC(319) - age   5:     435344 bytes,    2877472 total
[2025-12-03T17:03:18.407+0000][6][gc,age      ] GC(319) - age   6:     258888 bytes,    3136360 total
[2025-12-03T17:03:18.407+0000][6][gc,age      ] GC(319) - age   7:     345912 bytes,    3482272 total
[2025-12-03T17:03:18.407+0000][6][gc,age      ] GC(319) - age   8:      69336 bytes,    3551608 total
[2025-12-03T17:03:18.407+0000][6][gc,age      ] GC(319) - age   9:    1084160 bytes,    4635768 total
[2025-12-03T17:03:18.407+0000][6][gc,age      ] GC(319) - age  10:      20064 bytes,    4655832 total
[2025-12-03T17:03:18.407+0000][6][gc,age      ] GC(319) - age  11:      94728 bytes,    4750560 total
[2025-12-03T17:03:18.407+0000][6][gc,age      ] GC(319) - age  12:      70760 bytes,    4821320 total
[2025-12-03T17:03:18.407+0000][6][gc,age      ] GC(319) - age  13:      53320 bytes,    4874640 total
[2025-12-03T17:03:18.407+0000][6][gc,age      ] GC(319) - age  14:      26912 bytes,    4901552 total
[2025-12-03T17:03:18.407+0000][6][gc,age      ] GC(319) - age  15:      28928 bytes,    4930480 total
[2025-12-03T17:03:18.407+0000][6][gc,phases   ] GC(319)   Pre Evacuate Collection Set: 2.0ms
[2025-12-03T17:03:18.408+0000][6][gc,phases   ] GC(319)   Merge Heap Roots: 0.1ms
[2025-12-03T17:03:18.408+0000][6][gc,phases   ] GC(319)   Evacuate Collection Set: 7.2ms
[2025-12-03T17:03:18.408+0000][6][gc,phases   ] GC(319)   Post Evacuate Collection Set: 1.8ms
[2025-12-03T17:03:18.408+0000][6][gc,phases   ] GC(319)   Other: 1.6ms
[2025-12-03T17:03:18.408+0000][6][gc,heap     ] GC(319) Eden regions: 60->0(60)
[2025-12-03T17:03:18.408+0000][6][gc,heap     ] GC(319) Survivor regions: 2->2(8)
[2025-12-03T17:03:18.408+0000][6][gc,heap     ] GC(319) Old regions: 39->39
[2025-12-03T17:03:18.408+0000][6][gc,heap     ] GC(319) Archive regions: 2->2
[2025-12-03T17:03:18.408+0000][6][gc,heap     ] GC(319) Humongous regions: 2->2
[2025-12-03T17:03:18.408+0000][6][gc,metaspace] GC(319) Metaspace: 118317K(120000K)->118317K(120000K) NonClass: 103418K(104384K)->103418K(104384K) Class: 14898K(15616K)->14898K(15616K)
[2025-12-03T17:03:18.408+0000][6][gc          ] GC(319) Pause Young (Concurrent Start) (G1 Evacuation Pause) 410M->169M(512M) 13.370ms
[2025-12-03T17:03:18.408+0000][6][gc,cpu      ] GC(319) User=0.05s Sys=0.00s Real=0.02s
[2025-12-03T17:03:18.408+0000][6][safepoint   ] Safepoint "G1CollectForAllocation", Time since last: 7899238879 ns, Reaching safepoint: 79500 ns, At safepoint: 13610375 ns, Total: 13689875 ns
[2025-12-03T17:03:18.408+0000][6][gc          ] GC(320) Concurrent Mark Cycle
[2025-12-03T17:03:18.409+0000][6][gc,marking  ] GC(320) Concurrent Clear Claimed Marks
[2025-12-03T17:03:18.409+0000][6][gc,marking  ] GC(320) Concurrent Clear Claimed Marks 0.122ms
[2025-12-03T17:03:18.409+0000][6][gc,marking  ] GC(320) Concurrent Scan Root Regions
[2025-12-03T17:03:18.412+0000][6][gc,marking  ] GC(320) Concurrent Scan Root Regions 2.794ms
[2025-12-03T17:03:18.412+0000][6][gc,marking  ] GC(320) Concurrent Mark
[2025-12-03T17:03:18.412+0000][6][gc,marking  ] GC(320) Concurrent Mark From Roots
[2025-12-03T17:03:18.412+0000][6][gc,task     ] GC(320) Using 2 workers of 2 for marking
[2025-12-03T17:03:18.482+0000][6][gc,marking  ] GC(320) Concurrent Mark From Roots 69.935ms
[2025-12-03T17:03:18.482+0000][6][gc,marking  ] GC(320) Concurrent Preclean
[2025-12-03T17:03:18.482+0000][6][gc,marking  ] GC(320) Concurrent Preclean 0.293ms
[2025-12-03T17:03:18.482+0000][6][gc,start    ] GC(320) Pause Remark
[2025-12-03T17:03:18.516+0000][6][gc          ] GC(320) Pause Remark 176M->176M(512M) 34.155ms
[2025-12-03T17:03:18.517+0000][6][gc,cpu      ] GC(320) User=0.22s Sys=0.00s Real=0.03s
[2025-12-03T17:03:18.517+0000][6][safepoint   ] Safepoint "G1Concurrent", Time since last: 73787750 ns, Reaching safepoint: 88083 ns, At safepoint: 34459709 ns, Total: 34547792 ns
[2025-12-03T17:03:18.517+0000][6][gc,marking  ] GC(320) Concurrent Mark 105.168ms
[2025-12-03T17:03:18.517+0000][6][gc,marking  ] GC(320) Concurrent Rebuild Remembered Sets
[2025-12-03T17:03:18.548+0000][6][gc,marking  ] GC(320) Concurrent Rebuild Remembered Sets 31.013ms
[2025-12-03T17:03:18.548+0000][6][gc,start    ] GC(320) Pause Cleanup
[2025-12-03T17:03:18.548+0000][6][gc          ] GC(320) Pause Cleanup 176M->176M(512M) 0.105ms
[2025-12-03T17:03:18.548+0000][6][gc,cpu      ] GC(320) User=0.00s Sys=0.00s Real=0.00s
[2025-12-03T17:03:18.548+0000][6][safepoint   ] Safepoint "G1Concurrent", Time since last: 31284541 ns, Reaching safepoint: 48750 ns, At safepoint: 263542 ns, Total: 312292 ns
[2025-12-03T17:03:18.548+0000][6][gc,marking  ] GC(320) Concurrent Cleanup for Next Mark
[2025-12-03T17:03:18.550+0000][6][gc,marking  ] GC(320) Concurrent Cleanup for Next Mark 1.409ms
[2025-12-03T17:03:18.550+0000][6][gc          ] GC(320) Concurrent Mark Cycle 141.427ms
[2025-12-03T17:03:54.455+0000][6][gc,start    ] GC(321) Pause Young (Normal) (G1 Evacuation Pause)
[2025-12-03T17:03:54.456+0000][6][gc,task     ] GC(321) Using 8 workers of 8 for evacuation
[2025-12-03T17:03:54.456+0000][6][gc,age      ] GC(321) Desired survivor size 16777216 bytes, new threshold 15 (max threshold 15)
[2025-12-03T17:03:54.482+0000][6][gc,age      ] GC(321) Age table with threshold 15 (max threshold 15)
[2025-12-03T17:03:54.483+0000][6][gc,age      ] GC(321) - age   1:    1866112 bytes,    1866112 total
[2025-12-03T17:03:54.483+0000][6][gc,age      ] GC(321) - age   2:     532296 bytes,    2398408 total
[2025-12-03T17:03:54.483+0000][6][gc,age      ] GC(321) - age   3:      54896 bytes,    2453304 total
[2025-12-03T17:03:54.483+0000][6][gc,age      ] GC(321) - age   4:      27744 bytes,    2481048 total
[2025-12-03T17:03:54.483+0000][6][gc,age      ] GC(321) - age   5:     357800 bytes,    2838848 total
[2025-12-03T17:03:54.483+0000][6][gc,age      ] GC(321) - age   6:     435280 bytes,    3274128 total
[2025-12-03T17:03:54.483+0000][6][gc,age      ] GC(321) - age   7:     258824 bytes,    3532952 total
[2025-12-03T17:03:54.483+0000][6][gc,age      ] GC(321) - age   8:     345912 bytes,    3878864 total
[2025-12-03T17:03:54.483+0000][6][gc,age      ] GC(321) - age   9:      69336 bytes,    3948200 total
[2025-12-03T17:03:54.483+0000][6][gc,age      ] GC(321) - age  10:    1084160 bytes,    5032360 total
[2025-12-03T17:03:54.483+0000][6][gc,age      ] GC(321) - age  11:      20064 bytes,    5052424 total
[2025-12-03T17:03:54.483+0000][6][gc,age      ] GC(321) - age  12:      94728 bytes,    5147152 total
[2025-12-03T17:03:54.484+0000][6][gc,age      ] GC(321) - age  13:      70760 bytes,    5217912 total
[2025-12-03T17:03:54.484+0000][6][gc,age      ] GC(321) - age  14:      53320 bytes,    5271232 total
[2025-12-03T17:03:54.484+0000][6][gc,age      ] GC(321) - age  15:      26912 bytes,    5298144 total
[2025-12-03T17:03:54.484+0000][6][gc,phases   ] GC(321)   Pre Evacuate Collection Set: 0.5ms
[2025-12-03T17:03:54.484+0000][6][gc,phases   ] GC(321)   Merge Heap Roots: 0.2ms
[2025-12-03T17:03:54.484+0000][6][gc,phases   ] GC(321)   Evacuate Collection Set: 22.7ms
[2025-12-03T17:03:54.484+0000][6][gc,phases   ] GC(321)   Post Evacuate Collection Set: 2.7ms
[2025-12-03T17:03:54.484+0000][6][gc,phases   ] GC(321)   Other: 2.3ms
[2025-12-03T17:03:54.484+0000][6][gc,heap     ] GC(321) Eden regions: 60->0(61)
[2025-12-03T17:03:54.484+0000][6][gc,heap     ] GC(321) Survivor regions: 2->2(8)
[2025-12-03T17:03:54.484+0000][6][gc,heap     ] GC(321) Old regions: 39->39
[2025-12-03T17:03:54.484+0000][6][gc,heap     ] GC(321) Archive regions: 2->2
[2025-12-03T17:03:54.484+0000][6][gc,heap     ] GC(321) Humongous regions: 2->2
[2025-12-03T17:03:54.484+0000][6][gc,metaspace] GC(321) Metaspace: 118317K(120000K)->118317K(120000K) NonClass: 103418K(104384K)->103418K(104384K) Class: 14898K(15616K)->14898K(15616K)
[2025-12-03T17:03:54.484+0000][6][gc          ] GC(321) Pause Young (Normal) (G1 Evacuation Pause) 409M->170M(512M) 29.011ms
[2025-12-03T17:03:54.485+0000][6][gc,cpu      ] GC(321) User=0.14s Sys=0.00s Real=0.03s
[2025-12-03T17:03:54.485+0000][6][safepoint   ] Safepoint "G1CollectForAllocation", Time since last: 35903695225 ns, Reaching safepoint: 444833 ns, At safepoint: 29292250 ns, Total: 29737083 ns
[2025-12-03T17:04:33.333+0000][6][gc,start    ] GC(322) Pause Young (Concurrent Start) (G1 Evacuation Pause)
[2025-12-03T17:04:33.334+0000][6][gc,task     ] GC(322) Using 8 workers of 8 for evacuation
[2025-12-03T17:04:33.334+0000][6][gc,age      ] GC(322) Desired survivor size 16777216 bytes, new threshold 15 (max threshold 15)
[2025-12-03T17:04:33.365+0000][6][gc,age      ] GC(322) Age table with threshold 15 (max threshold 15)
[2025-12-03T17:04:33.365+0000][6][gc,age      ] GC(322) - age   1:    1473264 bytes,    1473264 total
[2025-12-03T17:04:33.365+0000][6][gc,age      ] GC(322) - age   2:     566176 bytes,    2039440 total
[2025-12-03T17:04:33.365+0000][6][gc,age      ] GC(322) - age   3:     526920 bytes,    2566360 total
[2025-12-03T17:04:33.365+0000][6][gc,age      ] GC(322) - age   4:      53896 bytes,    2620256 total
[2025-12-03T17:04:33.365+0000][6][gc,age      ] GC(322) - age   5:      27016 bytes,    2647272 total
[2025-12-03T17:04:33.366+0000][6][gc,age      ] GC(322) - age   6:     357384 bytes,    3004656 total
[2025-12-03T17:04:33.366+0000][6][gc,age      ] GC(322) - age   7:     435152 bytes,    3439808 total
[2025-12-03T17:04:33.366+0000][6][gc,age      ] GC(322) - age   8:     258696 bytes,    3698504 total
[2025-12-03T17:04:33.366+0000][6][gc,age      ] GC(322) - age   9:     345912 bytes,    4044416 total
[2025-12-03T17:04:33.366+0000][6][gc,age      ] GC(322) - age  10:      69272 bytes,    4113688 total
[2025-12-03T17:04:33.366+0000][6][gc,age      ] GC(322) - age  11:    1084160 bytes,    5197848 total
[2025-12-03T17:04:33.366+0000][6][gc,age      ] GC(322) - age  12:      20064 bytes,    5217912 total
[2025-12-03T17:04:33.366+0000][6][gc,age      ] GC(322) - age  13:      94728 bytes,    5312640 total
[2025-12-03T17:04:33.366+0000][6][gc,age      ] GC(322) - age  14:      70760 bytes,    5383400 total
[2025-12-03T17:04:33.366+0000][6][gc,age      ] GC(322) - age  15:      53320 bytes,    5436720 total
[2025-12-03T17:04:33.366+0000][6][gc,phases   ] GC(322)   Pre Evacuate Collection Set: 10.9ms
[2025-12-03T17:04:33.366+0000][6][gc,phases   ] GC(322)   Merge Heap Roots: 0.3ms
[2025-12-03T17:04:33.366+0000][6][gc,phases   ] GC(322)   Evacuate Collection Set: 16.0ms
[2025-12-03T17:04:33.366+0000][6][gc,phases   ] GC(322)   Post Evacuate Collection Set: 2.4ms
[2025-12-03T17:04:33.366+0000][6][gc,phases   ] GC(322)   Other: 3.9ms
[2025-12-03T17:04:33.367+0000][6][gc,heap     ] GC(322) Eden regions: 61->0(61)
[2025-12-03T17:04:33.367+0000][6][gc,heap     ] GC(322) Survivor regions: 2->2(8)
[2025-12-03T17:04:33.367+0000][6][gc,heap     ] GC(322) Old regions: 39->39
[2025-12-03T17:04:33.367+0000][6][gc,heap     ] GC(322) Archive regions: 2->2
[2025-12-03T17:04:33.367+0000][6][gc,heap     ] GC(322) Humongous regions: 2->2
[2025-12-03T17:04:33.367+0000][6][gc,metaspace] GC(322) Metaspace: 118318K(120000K)->118318K(120000K) NonClass: 103419K(104384K)->103419K(104384K) Class: 14898K(15616K)->14898K(15616K)
[2025-12-03T17:04:33.367+0000][6][gc          ] GC(322) Pause Young (Concurrent Start) (G1 Evacuation Pause) 414M->170M(512M) 33.923ms
[2025-12-03T17:04:33.367+0000][6][gc,cpu      ] GC(322) User=0.11s Sys=0.01s Real=0.03s
[2025-12-03T17:04:33.367+0000][6][safepoint   ] Safepoint "G1CollectForAllocation", Time since last: 38940665350 ns, Reaching safepoint: 1241334 ns, At safepoint: 34376291 ns, Total: 35617625 ns
[2025-12-03T17:04:33.367+0000][6][gc          ] GC(323) Concurrent Mark Cycle
[2025-12-03T17:04:33.367+0000][6][gc,marking  ] GC(323) Concurrent Clear Claimed Marks
[2025-12-03T17:04:33.368+0000][6][gc,marking  ] GC(323) Concurrent Clear Claimed Marks 0.135ms
[2025-12-03T17:04:33.368+0000][6][gc,marking  ] GC(323) Concurrent Scan Root Regions
[2025-12-03T17:04:33.371+0000][6][gc,marking  ] GC(323) Concurrent Scan Root Regions 3.696ms
[2025-12-03T17:04:33.371+0000][6][gc,marking  ] GC(323) Concurrent Mark
[2025-12-03T17:04:33.371+0000][6][gc,marking  ] GC(323) Concurrent Mark From Roots
[2025-12-03T17:04:33.372+0000][6][gc,task     ] GC(323) Using 2 workers of 2 for marking
[2025-12-03T17:04:33.461+0000][6][gc,marking  ] GC(323) Concurrent Mark From Roots 90.019ms
[2025-12-03T17:04:33.462+0000][6][gc,marking  ] GC(323) Concurrent Preclean
[2025-12-03T17:04:33.462+0000][6][gc,marking  ] GC(323) Concurrent Preclean 0.316ms
[2025-12-03T17:04:33.462+0000][6][gc,start    ] GC(323) Pause Remark
[2025-12-03T17:04:33.494+0000][6][gc          ] GC(323) Pause Remark 179M->179M(512M) 31.826ms
[2025-12-03T17:04:33.494+0000][6][gc,cpu      ] GC(323) User=0.23s Sys=0.00s Real=0.03s
[2025-12-03T17:04:33.494+0000][6][safepoint   ] Safepoint "G1Concurrent", Time since last: 94937125 ns, Reaching safepoint: 68584 ns, At safepoint: 32089958 ns, Total: 32158542 ns
[2025-12-03T17:04:33.494+0000][6][gc,marking  ] GC(323) Concurrent Mark 122.918ms
[2025-12-03T17:04:33.494+0000][6][gc,marking  ] GC(323) Concurrent Rebuild Remembered Sets
[2025-12-03T17:04:33.525+0000][6][gc,marking  ] GC(323) Concurrent Rebuild Remembered Sets 30.362ms
[2025-12-03T17:04:33.525+0000][6][gc,start    ] GC(323) Pause Cleanup
[2025-12-03T17:04:33.525+0000][6][gc          ] GC(323) Pause Cleanup 180M->180M(512M) 0.167ms
[2025-12-03T17:04:33.525+0000][6][gc,cpu      ] GC(323) User=0.00s Sys=0.00s Real=0.00s
[2025-12-03T17:04:33.525+0000][6][safepoint   ] Safepoint "G1Concurrent", Time since last: 30686583 ns, Reaching safepoint: 61000 ns, At safepoint: 310875 ns, Total: 371875 ns
[2025-12-03T17:04:33.525+0000][6][gc,marking  ] GC(323) Concurrent Cleanup for Next Mark
[2025-12-03T17:04:33.527+0000][6][gc,marking  ] GC(323) Concurrent Cleanup for Next Mark 1.290ms
[2025-12-03T17:04:33.527+0000][6][gc          ] GC(323) Concurrent Mark Cycle 159.554ms
[2025-12-03T17:04:45.548+0000][6][safepoint   ] Safepoint "Cleanup", Time since last: 12021432839 ns, Reaching safepoint: 1724042 ns, At safepoint: 27583 ns, Total: 1751625 ns
[2025-12-03T17:05:03.680+0000][6][safepoint   ] Safepoint "Cleanup", Time since last: 18035650216 ns, Reaching safepoint: 493584 ns, At safepoint: 33041 ns, Total: 526625 ns
[2025-12-03T17:05:15.504+0000][6][gc,start    ] GC(324) Pause Young (Normal) (G1 Evacuation Pause)
[2025-12-03T17:05:15.505+0000][6][gc,task     ] GC(324) Using 8 workers of 8 for evacuation
[2025-12-03T17:05:15.505+0000][6][gc,age      ] GC(324) Desired survivor size 16777216 bytes, new threshold 15 (max threshold 15)
[2025-12-03T17:05:15.532+0000][6][gc,age      ] GC(324) Age table with threshold 15 (max threshold 15)
[2025-12-03T17:05:15.532+0000][6][gc,age      ] GC(324) - age   1:    4007136 bytes,    4007136 total
[2025-12-03T17:05:15.532+0000][6][gc,age      ] GC(324) - age   2:     235408 bytes,    4242544 total
[2025-12-03T17:05:15.532+0000][6][gc,age      ] GC(324) - age   3:     162816 bytes,    4405360 total
[2025-12-03T17:05:15.532+0000][6][gc,age      ] GC(324) - age   4:     525784 bytes,    4931144 total
[2025-12-03T17:05:15.532+0000][6][gc,age      ] GC(324) - age   5:      53544 bytes,    4984688 total
[2025-12-03T17:05:15.532+0000][6][gc,age      ] GC(324) - age   6:      27016 bytes,    5011704 total
[2025-12-03T17:05:15.532+0000][6][gc,age      ] GC(324) - age   7:     357384 bytes,    5369088 total
[2025-12-03T17:05:15.532+0000][6][gc,age      ] GC(324) - age   8:     435152 bytes,    5804240 total
[2025-12-03T17:05:15.532+0000][6][gc,age      ] GC(324) - age   9:     258424 bytes,    6062664 total
[2025-12-03T17:05:15.532+0000][6][gc,age      ] GC(324) - age  10:     345912 bytes,    6408576 total
[2025-12-03T17:05:15.532+0000][6][gc,age      ] GC(324) - age  11:      69272 bytes,    6477848 total
[2025-12-03T17:05:15.532+0000][6][gc,age      ] GC(324) - age  12:    1084160 bytes,    7562008 total
[2025-12-03T17:05:15.532+0000][6][gc,age      ] GC(324) - age  13:      20064 bytes,    7582072 total
[2025-12-03T17:05:15.532+0000][6][gc,age      ] GC(324) - age  14:      94728 bytes,    7676800 total
[2025-12-03T17:05:15.532+0000][6][gc,age      ] GC(324) - age  15:      70760 bytes,    7747560 total
[2025-12-03T17:05:15.532+0000][6][gc,phases   ] GC(324)   Pre Evacuate Collection Set: 0.3ms
[2025-12-03T17:05:15.532+0000][6][gc,phases   ] GC(324)   Merge Heap Roots: 0.2ms
[2025-12-03T17:05:15.532+0000][6][gc,phases   ] GC(324)   Evacuate Collection Set: 23.5ms
[2025-12-03T17:05:15.533+0000][6][gc,phases   ] GC(324)   Post Evacuate Collection Set: 2.7ms
[2025-12-03T17:05:15.533+0000][6][gc,phases   ] GC(324)   Other: 1.6ms
[2025-12-03T17:05:15.533+0000][6][gc,heap     ] GC(324) Eden regions: 61->0(60)
[2025-12-03T17:05:15.533+0000][6][gc,heap     ] GC(324) Survivor regions: 2->2(8)
[2025-12-03T17:05:15.533+0000][6][gc,heap     ] GC(324) Old regions: 39->39
[2025-12-03T17:05:15.533+0000][6][gc,heap     ] GC(324) Archive regions: 2->2
[2025-12-03T17:05:15.533+0000][6][gc,heap     ] GC(324) Humongous regions: 2->2
[2025-12-03T17:05:15.533+0000][6][gc,metaspace] GC(324) Metaspace: 118322K(120000K)->118322K(120000K) NonClass: 103423K(104384K)->103423K(104384K) Class: 14898K(15616K)->14898K(15616K)
[2025-12-03T17:05:15.533+0000][6][gc          ] GC(324) Pause Young (Normal) (G1 Evacuation Pause) 414M->172M(512M) 28.605ms
[2025-12-03T17:05:15.533+0000][6][gc,cpu      ] GC(324) User=0.18s Sys=0.00s Real=0.02s
[2025-12-03T17:05:15.533+0000][6][safepoint   ] Safepoint "G1CollectForAllocation", Time since last: 11823412339 ns, Reaching safepoint: 424292 ns, At safepoint: 28819500 ns, Total: 29243792 ns
[2025-12-03T17:05:46.580+0000][6][gc,start    ] GC(325) Pause Young (Concurrent Start) (G1 Evacuation Pause)
[2025-12-03T17:05:46.581+0000][6][gc,task     ] GC(325) Using 8 workers of 8 for evacuation
[2025-12-03T17:05:46.582+0000][6][gc,age      ] GC(325) Desired survivor size 16777216 bytes, new threshold 15 (max threshold 15)
[2025-12-03T17:05:46.596+0000][6][gc,age      ] GC(325) Age table with threshold 15 (max threshold 15)
[2025-12-03T17:05:46.596+0000][6][gc,age      ] GC(325) - age   1:    3552832 bytes,    3552832 total
[2025-12-03T17:05:46.596+0000][6][gc,age      ] GC(325) - age   2:    2016864 bytes,    5569696 total
[2025-12-03T17:05:46.596+0000][6][gc,age      ] GC(325) - age   3:      62368 bytes,    5632064 total
[2025-12-03T17:05:46.596+0000][6][gc,age      ] GC(325) - age   4:     160920 bytes,    5792984 total
[2025-12-03T17:05:46.597+0000][6][gc,age      ] GC(325) - age   5:      27056 bytes,    5820040 total
[2025-12-03T17:05:46.597+0000][6][gc,age      ] GC(325) - age   6:      53384 bytes,    5873424 total
[2025-12-03T17:05:46.597+0000][6][gc,age      ] GC(325) - age   7:      26952 bytes,    5900376 total
[2025-12-03T17:05:46.597+0000][6][gc,age      ] GC(325) - age   8:     357384 bytes,    6257760 total
[2025-12-03T17:05:46.597+0000][6][gc,age      ] GC(325) - age   9:     435040 bytes,    6692800 total
[2025-12-03T17:05:46.597+0000][6][gc,age      ] GC(325) - age  10:     258360 bytes,    6951160 total
[2025-12-03T17:05:46.597+0000][6][gc,age      ] GC(325) - age  11:     345912 bytes,    7297072 total
[2025-12-03T17:05:46.597+0000][6][gc,age      ] GC(325) - age  12:      69272 bytes,    7366344 total
[2025-12-03T17:05:46.597+0000][6][gc,age      ] GC(325) - age  13:    1084160 bytes,    8450504 total
[2025-12-03T17:05:46.597+0000][6][gc,age      ] GC(325) - age  14:      20064 bytes,    8470568 total
[2025-12-03T17:05:46.597+0000][6][gc,age      ] GC(325) - age  15:      94728 bytes,    8565296 total
[2025-12-03T17:05:46.597+0000][6][gc,phases   ] GC(325)   Pre Evacuate Collection Set: 2.3ms
[2025-12-03T17:05:46.597+0000][6][gc,phases   ] GC(325)   Merge Heap Roots: 0.2ms
[2025-12-03T17:05:46.597+0000][6][gc,phases   ] GC(325)   Evacuate Collection Set: 10.0ms
[2025-12-03T17:05:46.597+0000][6][gc,phases   ] GC(325)   Post Evacuate Collection Set: 1.7ms
[2025-12-03T17:05:46.597+0000][6][gc,phases   ] GC(325)   Other: 3.0ms
[2025-12-03T17:05:46.597+0000][6][gc,heap     ] GC(325) Eden regions: 60->0(59)
[2025-12-03T17:05:46.598+0000][6][gc,heap     ] GC(325) Survivor regions: 2->3(8)
[2025-12-03T17:05:46.598+0000][6][gc,heap     ] GC(325) Old regions: 39->39
[2025-12-03T17:05:46.598+0000][6][gc,heap     ] GC(325) Archive regions: 2->2
[2025-12-03T17:05:46.598+0000][6][gc,heap     ] GC(325) Humongous regions: 2->2
[2025-12-03T17:05:46.598+0000][6][gc,metaspace] GC(325) Metaspace: 118322K(120000K)->118322K(120000K) NonClass: 103423K(104384K)->103423K(104384K) Class: 14898K(15616K)->14898K(15616K)
[2025-12-03T17:05:46.598+0000][6][gc          ] GC(325) Pause Young (Concurrent Start) (G1 Evacuation Pause) 412M->173M(512M) 17.611ms
[2025-12-03T17:05:46.598+0000][6][gc,cpu      ] GC(325) User=0.08s Sys=0.00s Real=0.02s
[2025-12-03T17:05:46.598+0000][6][safepoint   ] Safepoint "G1CollectForAllocation", Time since last: 31045690848 ns, Reaching safepoint: 532917 ns, At safepoint: 17912583 ns, Total: 18445500 ns
[2025-12-03T17:05:46.598+0000][6][gc          ] GC(326) Concurrent Mark Cycle
[2025-12-03T17:05:46.598+0000][6][gc,marking  ] GC(326) Concurrent Clear Claimed Marks
[2025-12-03T17:05:46.599+0000][6][gc,marking  ] GC(326) Concurrent Clear Claimed Marks 0.335ms
[2025-12-03T17:05:46.599+0000][6][gc,marking  ] GC(326) Concurrent Scan Root Regions
[2025-12-03T17:05:46.603+0000][6][gc,marking  ] GC(326) Concurrent Scan Root Regions 4.045ms
[2025-12-03T17:05:46.603+0000][6][gc,marking  ] GC(326) Concurrent Mark
[2025-12-03T17:05:46.603+0000][6][gc,marking  ] GC(326) Concurrent Mark From Roots
[2025-12-03T17:05:46.603+0000][6][gc,task     ] GC(326) Using 2 workers of 2 for marking
[2025-12-03T17:05:46.660+0000][6][gc,marking  ] GC(326) Concurrent Mark From Roots 57.320ms
[2025-12-03T17:05:46.660+0000][6][gc,marking  ] GC(326) Concurrent Preclean
[2025-12-03T17:05:46.660+0000][6][gc,marking  ] GC(326) Concurrent Preclean 0.206ms
[2025-12-03T17:05:46.661+0000][6][gc,start    ] GC(326) Pause Remark
[2025-12-03T17:05:46.689+0000][6][gc          ] GC(326) Pause Remark 181M->181M(512M) 28.642ms
[2025-12-03T17:05:46.689+0000][6][gc,cpu      ] GC(326) User=0.20s Sys=0.00s Real=0.03s
[2025-12-03T17:05:46.689+0000][6][safepoint   ] Safepoint "G1Concurrent", Time since last: 62574417 ns, Reaching safepoint: 70750 ns, At safepoint: 28866416 ns, Total: 28937166 ns
[2025-12-03T17:05:46.690+0000][6][gc,marking  ] GC(326) Concurrent Mark 86.998ms
[2025-12-03T17:05:46.690+0000][6][gc,marking  ] GC(326) Concurrent Rebuild Remembered Sets
[2025-12-03T17:05:46.721+0000][6][gc,marking  ] GC(326) Concurrent Rebuild Remembered Sets 30.923ms
[2025-12-03T17:05:46.721+0000][6][gc,start    ] GC(326) Pause Cleanup
[2025-12-03T17:05:46.721+0000][6][gc          ] GC(326) Pause Cleanup 181M->181M(512M) 0.148ms
[2025-12-03T17:05:46.721+0000][6][gc,cpu      ] GC(326) User=0.00s Sys=0.00s Real=0.00s
[2025-12-03T17:05:46.721+0000][6][safepoint   ] Safepoint "G1Concurrent", Time since last: 31360292 ns, Reaching safepoint: 60292 ns, At safepoint: 309333 ns, Total: 369625 ns
[2025-12-03T17:05:46.721+0000][6][gc,marking  ] GC(326) Concurrent Cleanup for Next Mark
[2025-12-03T17:05:46.723+0000][6][gc,marking  ] GC(326) Concurrent Cleanup for Next Mark 1.376ms
[2025-12-03T17:05:46.723+0000][6][gc          ] GC(326) Concurrent Mark Cycle 124.739ms
[2025-12-03T17:06:03.753+0000][6][safepoint   ] Safepoint "Cleanup", Time since last: 17029746758 ns, Reaching safepoint: 219291 ns, At safepoint: 11875 ns, Total: 231166 ns
[2025-12-03T17:06:09.769+0000][6][safepoint   ] Safepoint "Cleanup", Time since last: 6015931420 ns, Reaching safepoint: 83167 ns, At safepoint: 3208 ns, Total: 86375 ns
[2025-12-03T17:06:10.770+0000][6][safepoint   ] Safepoint "Cleanup", Time since last: 1001056167 ns, Reaching safepoint: 149167 ns, At safepoint: 4916 ns, Total: 154083 ns
[2025-12-03T17:06:18.832+0000][6][gc,start    ] GC(327) Pause Young (Normal) (G1 Evacuation Pause)
[2025-12-03T17:06:18.835+0000][6][gc,task     ] GC(327) Using 8 workers of 8 for evacuation
[2025-12-03T17:06:18.835+0000][6][gc,age      ] GC(327) Desired survivor size 16777216 bytes, new threshold 15 (max threshold 15)
[2025-12-03T17:06:18.847+0000][6][gc,age      ] GC(327) Age table with threshold 15 (max threshold 15)
[2025-12-03T17:06:18.847+0000][6][gc,age      ] GC(327) - age   1:    1595768 bytes,    1595768 total
[2025-12-03T17:06:18.847+0000][6][gc,age      ] GC(327) - age   2:     566264 bytes,    2162032 total
[2025-12-03T17:06:18.847+0000][6][gc,age      ] GC(327) - age   3:    2010168 bytes,    4172200 total
[2025-12-03T17:06:18.847+0000][6][gc,age      ] GC(327) - age   4:      60344 bytes,    4232544 total
[2025-12-03T17:06:18.847+0000][6][gc,age      ] GC(327) - age   5:     160504 bytes,    4393048 total
[2025-12-03T17:06:18.847+0000][6][gc,age      ] GC(327) - age   6:      26928 bytes,    4419976 total
[2025-12-03T17:06:18.847+0000][6][gc,age      ] GC(327) - age   7:      53232 bytes,    4473208 total
[2025-12-03T17:06:18.847+0000][6][gc,age      ] GC(327) - age   8:      26952 bytes,    4500160 total
[2025-12-03T17:06:18.848+0000][6][gc,age      ] GC(327) - age   9:     357256 bytes,    4857416 total
[2025-12-03T17:06:18.848+0000][6][gc,age      ] GC(327) - age  10:     435040 bytes,    5292456 total
[2025-12-03T17:06:18.848+0000][6][gc,age      ] GC(327) - age  11:     258296 bytes,    5550752 total
[2025-12-03T17:06:18.848+0000][6][gc,age      ] GC(327) - age  12:     345888 bytes,    5896640 total
[2025-12-03T17:06:18.848+0000][6][gc,age      ] GC(327) - age  13:      69272 bytes,    5965912 total
[2025-12-03T17:06:18.848+0000][6][gc,age      ] GC(327) - age  14:    1084160 bytes,    7050072 total
[2025-12-03T17:06:18.848+0000][6][gc,age      ] GC(327) - age  15:      20064 bytes,    7070136 total
[2025-12-03T17:06:18.848+0000][6][gc,phases   ] GC(327)   Pre Evacuate Collection Set: 0.5ms
[2025-12-03T17:06:18.848+0000][6][gc,phases   ] GC(327)   Merge Heap Roots: 0.3ms
[2025-12-03T17:06:18.848+0000][6][gc,phases   ] GC(327)   Evacuate Collection Set: 8.8ms
[2025-12-03T17:06:18.848+0000][6][gc,phases   ] GC(327)   Post Evacuate Collection Set: 2.6ms
[2025-12-03T17:06:18.848+0000][6][gc,phases   ] GC(327)   Other: 4.0ms
[2025-12-03T17:06:18.848+0000][6][gc,heap     ] GC(327) Eden regions: 59->0(60)
[2025-12-03T17:06:18.848+0000][6][gc,heap     ] GC(327) Survivor regions: 3->2(8)
[2025-12-03T17:06:18.848+0000][6][gc,heap     ] GC(327) Old regions: 39->39
[2025-12-03T17:06:18.848+0000][6][gc,heap     ] GC(327) Archive regions: 2->2
[2025-12-03T17:06:18.848+0000][6][gc,heap     ] GC(327) Humongous regions: 2->2
[2025-12-03T17:06:18.848+0000][6][gc,metaspace] GC(327) Metaspace: 118323K(120000K)->118323K(120000K) NonClass: 103424K(104384K)->103424K(104384K) Class: 14898K(15616K)->14898K(15616K)
[2025-12-03T17:06:18.848+0000][6][gc          ] GC(327) Pause Young (Normal) (G1 Evacuation Pause) 409M->172M(512M) 16.607ms
[2025-12-03T17:06:18.848+0000][6][gc,cpu      ] GC(327) User=0.07s Sys=0.00s Real=0.02s
[2025-12-03T17:06:18.849+0000][6][safepoint   ] Safepoint "G1CollectForAllocation", Time since last: 8061179504 ns, Reaching safepoint: 455000 ns, At safepoint: 16828042 ns, Total: 17283042 ns
[2025-12-03T17:06:57.551+0000][6][gc,start    ] GC(328) Pause Young (Concurrent Start) (G1 Evacuation Pause)
[2025-12-03T17:06:57.551+0000][6][gc,task     ] GC(328) Using 8 workers of 8 for evacuation
[2025-12-03T17:06:57.551+0000][6][gc,age      ] GC(328) Desired survivor size 16777216 bytes, new threshold 15 (max threshold 15)
[2025-12-03T17:06:57.563+0000][6][gc,age      ] GC(328) Age table with threshold 15 (max threshold 15)
[2025-12-03T17:06:57.563+0000][6][gc,age      ] GC(328) - age   1:    1333736 bytes,    1333736 total
[2025-12-03T17:06:57.563+0000][6][gc,age      ] GC(328) - age   2:     156672 bytes,    1490408 total
[2025-12-03T17:06:57.563+0000][6][gc,age      ] GC(328) - age   3:     561432 bytes,    2051840 total
[2025-12-03T17:06:57.563+0000][6][gc,age      ] GC(328) - age   4:    2008976 bytes,    4060816 total
[2025-12-03T17:06:57.563+0000][6][gc,age      ] GC(328) - age   5:      60056 bytes,    4120872 total
[2025-12-03T17:06:57.564+0000][6][gc,age      ] GC(328) - age   6:     160376 bytes,    4281248 total
[2025-12-03T17:06:57.564+0000][6][gc,age      ] GC(328) - age   7:      26928 bytes,    4308176 total
[2025-12-03T17:06:57.564+0000][6][gc,age      ] GC(328) - age   8:      53232 bytes,    4361408 total
[2025-12-03T17:06:57.564+0000][6][gc,age      ] GC(328) - age   9:      26952 bytes,    4388360 total
[2025-12-03T17:06:57.564+0000][6][gc,age      ] GC(328) - age  10:     357256 bytes,    4745616 total
[2025-12-03T17:06:57.564+0000][6][gc,age      ] GC(328) - age  11:     435040 bytes,    5180656 total
[2025-12-03T17:06:57.564+0000][6][gc,age      ] GC(328) - age  12:     258296 bytes,    5438952 total
[2025-12-03T17:06:57.564+0000][6][gc,age      ] GC(328) - age  13:     345888 bytes,    5784840 total
[2025-12-03T17:06:57.564+0000][6][gc,age      ] GC(328) - age  14:      69272 bytes,    5854112 total
[2025-12-03T17:06:57.564+0000][6][gc,age      ] GC(328) - age  15:    1084160 bytes,    6938272 total
[2025-12-03T17:06:57.564+0000][6][gc,phases   ] GC(328)   Pre Evacuate Collection Set: 1.7ms
[2025-12-03T17:06:57.564+0000][6][gc,phases   ] GC(328)   Merge Heap Roots: 0.1ms
[2025-12-03T17:06:57.564+0000][6][gc,phases   ] GC(328)   Evacuate Collection Set: 7.8ms
[2025-12-03T17:06:57.564+0000][6][gc,phases   ] GC(328)   Post Evacuate Collection Set: 2.1ms
[2025-12-03T17:06:57.564+0000][6][gc,phases   ] GC(328)   Other: 1.6ms
[2025-12-03T17:06:57.564+0000][6][gc,heap     ] GC(328) Eden regions: 60->0(61)
[2025-12-03T17:06:57.564+0000][6][gc,heap     ] GC(328) Survivor regions: 2->2(8)
[2025-12-03T17:06:57.564+0000][6][gc,heap     ] GC(328) Old regions: 39->39
[2025-12-03T17:06:57.564+0000][6][gc,heap     ] GC(328) Archive regions: 2->2
[2025-12-03T17:06:57.564+0000][6][gc,heap     ] GC(328) Humongous regions: 2->2
[2025-12-03T17:06:57.564+0000][6][gc,metaspace] GC(328) Metaspace: 118323K(120000K)->118323K(120000K) NonClass: 103424K(104384K)->103424K(104384K) Class: 14898K(15616K)->14898K(15616K)
[2025-12-03T17:06:57.564+0000][6][gc          ] GC(328) Pause Young (Concurrent Start) (G1 Evacuation Pause) 412M->172M(512M) 13.676ms
[2025-12-03T17:06:57.564+0000][6][gc,cpu      ] GC(328) User=0.06s Sys=0.00s Real=0.01s
[2025-12-03T17:06:57.564+0000][6][safepoint   ] Safepoint "G1CollectForAllocation", Time since last: 38701056518 ns, Reaching safepoint: 337500 ns, At safepoint: 13910375 ns, Total: 14247875 ns
[2025-12-03T17:06:57.564+0000][6][gc          ] GC(329) Concurrent Mark Cycle
[2025-12-03T17:06:57.565+0000][6][gc,marking  ] GC(329) Concurrent Clear Claimed Marks
[2025-12-03T17:06:57.565+0000][6][gc,marking  ] GC(329) Concurrent Clear Claimed Marks 0.144ms
[2025-12-03T17:06:57.565+0000][6][gc,marking  ] GC(329) Concurrent Scan Root Regions
[2025-12-03T17:06:57.568+0000][6][gc,marking  ] GC(329) Concurrent Scan Root Regions 2.768ms
[2025-12-03T17:06:57.568+0000][6][gc,marking  ] GC(329) Concurrent Mark
[2025-12-03T17:06:57.568+0000][6][gc,marking  ] GC(329) Concurrent Mark From Roots
[2025-12-03T17:06:57.568+0000][6][gc,task     ] GC(329) Using 2 workers of 2 for marking
[2025-12-03T17:06:57.631+0000][6][gc,marking  ] GC(329) Concurrent Mark From Roots 63.127ms
[2025-12-03T17:06:57.631+0000][6][gc,marking  ] GC(329) Concurrent Preclean
[2025-12-03T17:06:57.631+0000][6][gc,marking  ] GC(329) Concurrent Preclean 0.301ms
[2025-12-03T17:06:57.631+0000][6][gc,start    ] GC(329) Pause Remark
[2025-12-03T17:06:57.680+0000][6][gc          ] GC(329) Pause Remark 176M->176M(512M) 48.647ms
[2025-12-03T17:06:57.680+0000][6][gc,cpu      ] GC(329) User=0.32s Sys=0.00s Real=0.05s
[2025-12-03T17:06:57.680+0000][6][safepoint   ] Safepoint "G1Concurrent", Time since last: 66875708 ns, Reaching safepoint: 64084 ns, At safepoint: 48872708 ns, Total: 48936792 ns
[2025-12-03T17:06:57.680+0000][6][gc,marking  ] GC(329) Concurrent Mark 112.735ms
[2025-12-03T17:06:57.680+0000][6][gc,marking  ] GC(329) Concurrent Rebuild Remembered Sets
[2025-12-03T17:06:57.711+0000][6][gc,marking  ] GC(329) Concurrent Rebuild Remembered Sets 30.292ms
[2025-12-03T17:06:57.711+0000][6][gc,start    ] GC(329) Pause Cleanup
[2025-12-03T17:06:57.711+0000][6][gc          ] GC(329) Pause Cleanup 178M->178M(512M) 0.136ms
[2025-12-03T17:06:57.711+0000][6][gc,cpu      ] GC(329) User=0.00s Sys=0.00s Real=0.00s
[2025-12-03T17:06:57.711+0000][6][safepoint   ] Safepoint "G1Concurrent", Time since last: 30534167 ns, Reaching safepoint: 65167 ns, At safepoint: 265625 ns, Total: 330792 ns
[2025-12-03T17:06:57.711+0000][6][gc,marking  ] GC(329) Concurrent Cleanup for Next Mark
[2025-12-03T17:06:57.712+0000][6][gc,marking  ] GC(329) Concurrent Cleanup for Next Mark 1.242ms
[2025-12-03T17:06:57.713+0000][6][gc          ] GC(329) Concurrent Mark Cycle 148.037ms
[2025-12-03T17:07:22.743+0000][6][safepoint   ] Safepoint "Cleanup", Time since last: 25031104927 ns, Reaching safepoint: 417834 ns, At safepoint: 25375 ns, Total: 443209 ns
[2025-12-03T17:07:33.541+0000][6][gc,start    ] GC(330) Pause Young (Normal) (G1 Evacuation Pause)
[2025-12-03T17:07:33.542+0000][6][gc,task     ] GC(330) Using 8 workers of 8 for evacuation
[2025-12-03T17:07:33.542+0000][6][gc,age      ] GC(330) Desired survivor size 16777216 bytes, new threshold 15 (max threshold 15)
[2025-12-03T17:07:33.551+0000][6][gc,age      ] GC(330) Age table with threshold 15 (max threshold 15)
[2025-12-03T17:07:33.551+0000][6][gc,age      ] GC(330) - age   1:    3065512 bytes,    3065512 total
[2025-12-03T17:07:33.551+0000][6][gc,age      ] GC(330) - age   2:      95936 bytes,    3161448 total
[2025-12-03T17:07:33.551+0000][6][gc,age      ] GC(330) - age   3:     151464 bytes,    3312912 total
[2025-12-03T17:07:33.551+0000][6][gc,age      ] GC(330) - age   4:      62016 bytes,    3374928 total
[2025-12-03T17:07:33.551+0000][6][gc,age      ] GC(330) - age   5:    2008328 bytes,    5383256 total
[2025-12-03T17:07:33.551+0000][6][gc,age      ] GC(330) - age   6:      60056 bytes,    5443312 total
[2025-12-03T17:07:33.551+0000][6][gc,age      ] GC(330) - age   7:     160312 bytes,    5603624 total
[2025-12-03T17:07:33.551+0000][6][gc,age      ] GC(330) - age   8:      26928 bytes,    5630552 total
[2025-12-03T17:07:33.551+0000][6][gc,age      ] GC(330) - age   9:      52848 bytes,    5683400 total
[2025-12-03T17:07:33.551+0000][6][gc,age      ] GC(330) - age  10:      26952 bytes,    5710352 total
[2025-12-03T17:07:33.551+0000][6][gc,age      ] GC(330) - age  11:     357256 bytes,    6067608 total
[2025-12-03T17:07:33.551+0000][6][gc,age      ] GC(330) - age  12:     435040 bytes,    6502648 total
[2025-12-03T17:07:33.551+0000][6][gc,age      ] GC(330) - age  13:     258296 bytes,    6760944 total
[2025-12-03T17:07:33.551+0000][6][gc,age      ] GC(330) - age  14:     345888 bytes,    7106832 total
[2025-12-03T17:07:33.551+0000][6][gc,age      ] GC(330) - age  15:      69272 bytes,    7176104 total
[2025-12-03T17:07:33.551+0000][6][gc,phases   ] GC(330)   Pre Evacuate Collection Set: 0.2ms
[2025-12-03T17:07:33.551+0000][6][gc,phases   ] GC(330)   Merge Heap Roots: 0.2ms
[2025-12-03T17:07:33.551+0000][6][gc,phases   ] GC(330)   Evacuate Collection Set: 6.2ms
[2025-12-03T17:07:33.551+0000][6][gc,phases   ] GC(330)   Post Evacuate Collection Set: 2.1ms
[2025-12-03T17:07:33.551+0000][6][gc,phases   ] GC(330)   Other: 1.2ms
[2025-12-03T17:07:33.551+0000][6][gc,heap     ] GC(330) Eden regions: 61->0(60)
[2025-12-03T17:07:33.551+0000][6][gc,heap     ] GC(330) Survivor regions: 2->2(8)
[2025-12-03T17:07:33.552+0000][6][gc,heap     ] GC(330) Old regions: 39->39
[2025-12-03T17:07:33.552+0000][6][gc,heap     ] GC(330) Archive regions: 2->2
[2025-12-03T17:07:33.552+0000][6][gc,heap     ] GC(330) Humongous regions: 2->2
[2025-12-03T17:07:33.552+0000][6][gc,metaspace] GC(330) Metaspace: 118324K(120000K)->118324K(120000K) NonClass: 103425K(104384K)->103425K(104384K) Class: 14898K(15616K)->14898K(15616K)
[2025-12-03T17:07:33.552+0000][6][gc          ] GC(330) Pause Young (Normal) (G1 Evacuation Pause) 416M->172M(512M) 10.254ms
[2025-12-03T17:07:33.552+0000][6][gc,cpu      ] GC(330) User=0.05s Sys=0.00s Real=0.01s
[2025-12-03T17:07:33.552+0000][6][safepoint   ] Safepoint "G1CollectForAllocation", Time since last: 10796525963 ns, Reaching safepoint: 114666 ns, At safepoint: 10447500 ns, Total: 10562166 ns
[2025-12-03T17:08:10.504+0000][6][gc,start    ] GC(331) Pause Young (Concurrent Start) (G1 Evacuation Pause)
[2025-12-03T17:08:10.506+0000][6][gc,task     ] GC(331) Using 8 workers of 8 for evacuation
[2025-12-03T17:08:10.507+0000][6][gc,age      ] GC(331) Desired survivor size 16777216 bytes, new threshold 15 (max threshold 15)
[2025-12-03T17:08:10.519+0000][6][gc,age      ] GC(331) Age table with threshold 15 (max threshold 15)
[2025-12-03T17:08:10.520+0000][6][gc,age      ] GC(331) - age   1:    1657664 bytes,    1657664 total
[2025-12-03T17:08:10.520+0000][6][gc,age      ] GC(331) - age   2:    1851496 bytes,    3509160 total
[2025-12-03T17:08:10.520+0000][6][gc,age      ] GC(331) - age   3:      92760 bytes,    3601920 total
[2025-12-03T17:08:10.520+0000][6][gc,age      ] GC(331) - age   4:     149864 bytes,    3751784 total
[2025-12-03T17:08:10.520+0000][6][gc,age      ] GC(331) - age   5:      61616 bytes,    3813400 total
[2025-12-03T17:08:10.520+0000][6][gc,age      ] GC(331) - age   6:    2008200 bytes,    5821600 total
[2025-12-03T17:08:10.520+0000][6][gc,age      ] GC(331) - age   7:      60056 bytes,    5881656 total
[2025-12-03T17:08:10.520+0000][6][gc,age      ] GC(331) - age   8:     160312 bytes,    6041968 total
[2025-12-03T17:08:10.520+0000][6][gc,age      ] GC(331) - age   9:      26928 bytes,    6068896 total
[2025-12-03T17:08:10.520+0000][6][gc,age      ] GC(331) - age  10:      52848 bytes,    6121744 total
[2025-12-03T17:08:10.520+0000][6][gc,age      ] GC(331) - age  11:      26952 bytes,    6148696 total
[2025-12-03T17:08:10.520+0000][6][gc,age      ] GC(331) - age  12:     357256 bytes,    6505952 total
[2025-12-03T17:08:10.520+0000][6][gc,age      ] GC(331) - age  13:     435040 bytes,    6940992 total
[2025-12-03T17:08:10.520+0000][6][gc,age      ] GC(331) - age  14:     258296 bytes,    7199288 total
[2025-12-03T17:08:10.520+0000][6][gc,age      ] GC(331) - age  15:     345888 bytes,    7545176 total
[2025-12-03T17:08:10.521+0000][6][gc,phases   ] GC(331)   Pre Evacuate Collection Set: 1.8ms
[2025-12-03T17:08:10.521+0000][6][gc,phases   ] GC(331)   Merge Heap Roots: 0.2ms
[2025-12-03T17:08:10.521+0000][6][gc,phases   ] GC(331)   Evacuate Collection Set: 8.6ms
[2025-12-03T17:08:10.521+0000][6][gc,phases   ] GC(331)   Post Evacuate Collection Set: 1.9ms
[2025-12-03T17:08:10.521+0000][6][gc,phases   ] GC(331)   Other: 4.1ms
[2025-12-03T17:08:10.521+0000][6][gc,heap     ] GC(331) Eden regions: 60->0(61)
[2025-12-03T17:08:10.521+0000][6][gc,heap     ] GC(331) Survivor regions: 2->2(8)
[2025-12-03T17:08:10.521+0000][6][gc,heap     ] GC(331) Old regions: 39->39
[2025-12-03T17:08:10.521+0000][6][gc,heap     ] GC(331) Archive regions: 2->2
[2025-12-03T17:08:10.521+0000][6][gc,heap     ] GC(331) Humongous regions: 2->2
[2025-12-03T17:08:10.521+0000][6][gc,metaspace] GC(331) Metaspace: 118326K(120000K)->118326K(120000K) NonClass: 103427K(104384K)->103427K(104384K) Class: 14898K(15616K)->14898K(15616K)
[2025-12-03T17:08:10.522+0000][6][gc          ] GC(331) Pause Young (Concurrent Start) (G1 Evacuation Pause) 412M->172M(512M) 17.646ms
[2025-12-03T17:08:10.522+0000][6][gc,cpu      ] GC(331) User=0.04s Sys=0.00s Real=0.02s
[2025-12-03T17:08:10.522+0000][6][safepoint   ] Safepoint "G1CollectForAllocation", Time since last: 36951169059 ns, Reaching safepoint: 909375 ns, At safepoint: 18050583 ns, Total: 18959958 ns
[2025-12-03T17:08:10.522+0000][6][gc          ] GC(332) Concurrent Mark Cycle
[2025-12-03T17:08:10.523+0000][6][gc,marking  ] GC(332) Concurrent Clear Claimed Marks
[2025-12-03T17:08:10.523+0000][6][gc,marking  ] GC(332) Concurrent Clear Claimed Marks 0.185ms
[2025-12-03T17:08:10.523+0000][6][gc,marking  ] GC(332) Concurrent Scan Root Regions
[2025-12-03T17:08:10.533+0000][6][gc,marking  ] GC(332) Concurrent Scan Root Regions 9.463ms
[2025-12-03T17:08:10.533+0000][6][gc,marking  ] GC(332) Concurrent Mark
[2025-12-03T17:08:10.534+0000][6][gc,marking  ] GC(332) Concurrent Mark From Roots
[2025-12-03T17:08:10.534+0000][6][gc,task     ] GC(332) Using 2 workers of 2 for marking
[2025-12-03T17:08:10.649+0000][6][gc,marking  ] GC(332) Concurrent Mark From Roots 115.147ms
[2025-12-03T17:08:10.650+0000][6][gc,marking  ] GC(332) Concurrent Preclean
[2025-12-03T17:08:10.650+0000][6][gc,marking  ] GC(332) Concurrent Preclean 0.306ms
[2025-12-03T17:08:10.650+0000][6][gc,start    ] GC(332) Pause Remark
[2025-12-03T17:08:10.675+0000][6][gc          ] GC(332) Pause Remark 176M->176M(512M) 24.793ms
[2025-12-03T17:08:10.675+0000][6][gc,cpu      ] GC(332) User=0.12s Sys=0.01s Real=0.02s
[2025-12-03T17:08:10.675+0000][6][safepoint   ] Safepoint "G1Concurrent", Time since last: 127787500 ns, Reaching safepoint: 73459 ns, At safepoint: 25032666 ns, Total: 25106125 ns
[2025-12-03T17:08:10.675+0000][6][gc,marking  ] GC(332) Concurrent Mark 141.751ms
[2025-12-03T17:08:10.675+0000][6][gc,marking  ] GC(332) Concurrent Rebuild Remembered Sets
[2025-12-03T17:08:10.707+0000][6][gc,marking  ] GC(332) Concurrent Rebuild Remembered Sets 31.533ms
[2025-12-03T17:08:10.707+0000][6][gc,start    ] GC(332) Pause Cleanup
[2025-12-03T17:08:10.707+0000][6][gc          ] GC(332) Pause Cleanup 176M->176M(512M) 0.110ms
[2025-12-03T17:08:10.707+0000][6][gc,cpu      ] GC(332) User=0.00s Sys=0.00s Real=0.00s
[2025-12-03T17:08:10.707+0000][6][safepoint   ] Safepoint "G1Concurrent", Time since last: 31928167 ns, Reaching safepoint: 67208 ns, At safepoint: 274375 ns, Total: 341583 ns
[2025-12-03T17:08:10.707+0000][6][gc,marking  ] GC(332) Concurrent Cleanup for Next Mark
[2025-12-03T17:08:10.709+0000][6][gc,marking  ] GC(332) Concurrent Cleanup for Next Mark 1.447ms
[2025-12-03T17:08:10.709+0000][6][gc          ] GC(332) Concurrent Mark Cycle 186.586ms
[2025-12-03T17:08:21.722+0000][6][safepoint   ] Safepoint "Cleanup", Time since last: 11014607297 ns, Reaching safepoint: 388834 ns, At safepoint: 21875 ns, Total: 410709 ns
[2025-12-03T17:08:39.738+0000][6][safepoint   ] Safepoint "Cleanup", Time since last: 18014254633 ns, Reaching safepoint: 297875 ns, At safepoint: 13250 ns, Total: 311125 ns
[2025-12-03T17:08:51.619+0000][6][gc,start    ] GC(333) Pause Young (Normal) (G1 Evacuation Pause)
[2025-12-03T17:08:51.619+0000][6][gc,task     ] GC(333) Using 8 workers of 8 for evacuation
[2025-12-03T17:08:51.620+0000][6][gc,age      ] GC(333) Desired survivor size 16777216 bytes, new threshold 15 (max threshold 15)
[2025-12-03T17:08:51.629+0000][6][gc,age      ] GC(333) Age table with threshold 15 (max threshold 15)
[2025-12-03T17:08:51.629+0000][6][gc,age      ] GC(333) - age   1:    2504184 bytes,    2504184 total
[2025-12-03T17:08:51.629+0000][6][gc,age      ] GC(333) - age   2:      95048 bytes,    2599232 total
[2025-12-03T17:08:51.629+0000][6][gc,age      ] GC(333) - age   3:    1830720 bytes,    4429952 total
[2025-12-03T17:08:51.629+0000][6][gc,age      ] GC(333) - age   4:      92248 bytes,    4522200 total
[2025-12-03T17:08:51.629+0000][6][gc,age      ] GC(333) - age   5:     149608 bytes,    4671808 total
[2025-12-03T17:08:51.629+0000][6][gc,age      ] GC(333) - age   6:      61360 bytes,    4733168 total
[2025-12-03T17:08:51.629+0000][6][gc,age      ] GC(333) - age   7:    2008200 bytes,    6741368 total
[2025-12-03T17:08:51.629+0000][6][gc,age      ] GC(333) - age   8:      60056 bytes,    6801424 total
[2025-12-03T17:08:51.629+0000][6][gc,age      ] GC(333) - age   9:     160312 bytes,    6961736 total
[2025-12-03T17:08:51.629+0000][6][gc,age      ] GC(333) - age  10:      26928 bytes,    6988664 total
[2025-12-03T17:08:51.629+0000][6][gc,age      ] GC(333) - age  11:      52848 bytes,    7041512 total
[2025-12-03T17:08:51.629+0000][6][gc,age      ] GC(333) - age  12:      26952 bytes,    7068464 total
[2025-12-03T17:08:51.629+0000][6][gc,age      ] GC(333) - age  13:     357256 bytes,    7425720 total
[2025-12-03T17:08:51.629+0000][6][gc,age      ] GC(333) - age  14:     435040 bytes,    7860760 total
[2025-12-03T17:08:51.629+0000][6][gc,age      ] GC(333) - age  15:     219808 bytes,    8080568 total
[2025-12-03T17:08:51.629+0000][6][gc,phases   ] GC(333)   Pre Evacuate Collection Set: 0.2ms
[2025-12-03T17:08:51.629+0000][6][gc,phases   ] GC(333)   Merge Heap Roots: 0.2ms
[2025-12-03T17:08:51.629+0000][6][gc,phases   ] GC(333)   Evacuate Collection Set: 6.8ms
[2025-12-03T17:08:51.629+0000][6][gc,phases   ] GC(333)   Post Evacuate Collection Set: 1.8ms
[2025-12-03T17:08:51.629+0000][6][gc,phases   ] GC(333)   Other: 1.3ms
[2025-12-03T17:08:51.629+0000][6][gc,heap     ] GC(333) Eden regions: 61->0(59)
[2025-12-03T17:08:51.629+0000][6][gc,heap     ] GC(333) Survivor regions: 2->3(8)
[2025-12-03T17:08:51.629+0000][6][gc,heap     ] GC(333) Old regions: 39->39
[2025-12-03T17:08:51.629+0000][6][gc,heap     ] GC(333) Archive regions: 2->2
[2025-12-03T17:08:51.630+0000][6][gc,heap     ] GC(333) Humongous regions: 2->2
[2025-12-03T17:08:51.630+0000][6][gc,metaspace] GC(333) Metaspace: 118326K(120000K)->118326K(120000K) NonClass: 103427K(104384K)->103427K(104384K) Class: 14898K(15616K)->14898K(15616K)
[2025-12-03T17:08:51.630+0000][6][gc          ] GC(333) Pause Young (Normal) (G1 Evacuation Pause) 416M->173M(512M) 10.514ms
[2025-12-03T17:08:51.630+0000][6][gc,cpu      ] GC(333) User=0.05s Sys=0.00s Real=0.02s
[2025-12-03T17:08:51.630+0000][6][safepoint   ] Safepoint "G1CollectForAllocation", Time since last: 11880776714 ns, Reaching safepoint: 225291 ns, At safepoint: 10708334 ns, Total: 10933625 ns
[2025-12-03T17:08:52.631+0000][6][safepoint   ] Safepoint "Cleanup", Time since last: 1001246750 ns, Reaching safepoint: 79333 ns, At safepoint: 6875 ns, Total: 86208 ns
[2025-12-03T17:08:57.637+0000][6][safepoint   ] Safepoint "Cleanup", Time since last: 5005729919 ns, Reaching safepoint: 41875 ns, At safepoint: 2084 ns, Total: 43959 ns
[2025-12-03T17:09:04.644+0000][6][safepoint   ] Safepoint "Cleanup", Time since last: 7006235419 ns, Reaching safepoint: 191625 ns, At safepoint: 12792 ns, Total: 204417 ns
[2025-12-03T17:09:10.653+0000][6][safepoint   ] Safepoint "Cleanup", Time since last: 6009304211 ns, Reaching safepoint: 137458 ns, At safepoint: 4167 ns, Total: 141625 ns
[2025-12-03T17:09:21.861+0000][6][gc,start    ] GC(334) Pause Young (Concurrent Start) (G1 Evacuation Pause)
[2025-12-03T17:09:21.861+0000][6][gc,task     ] GC(334) Using 8 workers of 8 for evacuation
[2025-12-03T17:09:21.861+0000][6][gc,age      ] GC(334) Desired survivor size 16777216 bytes, new threshold 15 (max threshold 15)
[2025-12-03T17:09:21.870+0000][6][gc,age      ] GC(334) Age table with threshold 15 (max threshold 15)
[2025-12-03T17:09:21.870+0000][6][gc,age      ] GC(334) - age   1:    3238104 bytes,    3238104 total
[2025-12-03T17:09:21.870+0000][6][gc,age      ] GC(334) - age   2:     551264 bytes,    3789368 total
[2025-12-03T17:09:21.870+0000][6][gc,age      ] GC(334) - age   3:      90080 bytes,    3879448 total
[2025-12-03T17:09:21.870+0000][6][gc,age      ] GC(334) - age   4:    1830048 bytes,    5709496 total
[2025-12-03T17:09:21.870+0000][6][gc,age      ] GC(334) - age   5:      91992 bytes,    5801488 total
[2025-12-03T17:09:21.870+0000][6][gc,age      ] GC(334) - age   6:     149160 bytes,    5950648 total
[2025-12-03T17:09:21.870+0000][6][gc,age      ] GC(334) - age   7:      61296 bytes,    6011944 total
[2025-12-03T17:09:21.871+0000][6][gc,age      ] GC(334) - age   8:    2008200 bytes,    8020144 total
[2025-12-03T17:09:21.871+0000][6][gc,age      ] GC(334) - age   9:      60056 bytes,    8080200 total
[2025-12-03T17:09:21.871+0000][6][gc,age      ] GC(334) - age  10:     160312 bytes,    8240512 total
[2025-12-03T17:09:21.871+0000][6][gc,age      ] GC(334) - age  11:      26928 bytes,    8267440 total
[2025-12-03T17:09:21.871+0000][6][gc,age      ] GC(334) - age  12:      52848 bytes,    8320288 total
[2025-12-03T17:09:21.871+0000][6][gc,age      ] GC(334) - age  13:      26952 bytes,    8347240 total
[2025-12-03T17:09:21.871+0000][6][gc,age      ] GC(334) - age  14:     357256 bytes,    8704496 total
[2025-12-03T17:09:21.871+0000][6][gc,age      ] GC(334) - age  15:     357920 bytes,    9062416 total
[2025-12-03T17:09:21.871+0000][6][gc,phases   ] GC(334)   Pre Evacuate Collection Set: 1.4ms
[2025-12-03T17:09:21.871+0000][6][gc,phases   ] GC(334)   Merge Heap Roots: 0.2ms
[2025-12-03T17:09:21.871+0000][6][gc,phases   ] GC(334)   Evacuate Collection Set: 6.1ms
[2025-12-03T17:09:21.871+0000][6][gc,phases   ] GC(334)   Post Evacuate Collection Set: 0.9ms
[2025-12-03T17:09:21.871+0000][6][gc,phases   ] GC(334)   Other: 1.6ms
[2025-12-03T17:09:21.871+0000][6][gc,heap     ] GC(334) Eden regions: 59->0(59)
[2025-12-03T17:09:21.871+0000][6][gc,heap     ] GC(334) Survivor regions: 3->3(8)
[2025-12-03T17:09:21.871+0000][6][gc,heap     ] GC(334) Old regions: 39->39
[2025-12-03T17:09:21.871+0000][6][gc,heap     ] GC(334) Archive regions: 2->2
[2025-12-03T17:09:21.871+0000][6][gc,heap     ] GC(334) Humongous regions: 2->2
[2025-12-03T17:09:21.871+0000][6][gc,metaspace] GC(334) Metaspace: 118326K(120000K)->118326K(120000K) NonClass: 103427K(104384K)->103427K(104384K) Class: 14898K(15616K)->14898K(15616K)
[2025-12-03T17:09:21.871+0000][6][gc          ] GC(334) Pause Young (Concurrent Start) (G1 Evacuation Pause) 409M->175M(512M) 10.739ms
[2025-12-03T17:09:21.871+0000][6][gc,cpu      ] GC(334) User=0.04s Sys=0.00s Real=0.01s
[2025-12-03T17:09:21.872+0000][6][safepoint   ] Safepoint "G1CollectForAllocation", Time since last: 11207259672 ns, Reaching safepoint: 257500 ns, At safepoint: 10963875 ns, Total: 11221375 ns
[2025-12-03T17:09:21.872+0000][6][gc          ] GC(335) Concurrent Mark Cycle
[2025-12-03T17:09:21.872+0000][6][gc,marking  ] GC(335) Concurrent Clear Claimed Marks
[2025-12-03T17:09:21.872+0000][6][gc,marking  ] GC(335) Concurrent Clear Claimed Marks 0.140ms
[2025-12-03T17:09:21.872+0000][6][gc,marking  ] GC(335) Concurrent Scan Root Regions
[2025-12-03T17:09:21.876+0000][6][gc,marking  ] GC(335) Concurrent Scan Root Regions 4.485ms
[2025-12-03T17:09:21.876+0000][6][gc,marking  ] GC(335) Concurrent Mark
[2025-12-03T17:09:21.876+0000][6][gc,marking  ] GC(335) Concurrent Mark From Roots
[2025-12-03T17:09:21.877+0000][6][gc,task     ] GC(335) Using 2 workers of 2 for marking
[2025-12-03T17:09:21.949+0000][6][gc,marking  ] GC(335) Concurrent Mark From Roots 72.719ms
[2025-12-03T17:09:21.949+0000][6][gc,marking  ] GC(335) Concurrent Preclean
[2025-12-03T17:09:21.949+0000][6][gc,marking  ] GC(335) Concurrent Preclean 0.217ms
[2025-12-03T17:09:21.950+0000][6][gc,start    ] GC(335) Pause Remark
[2025-12-03T17:09:21.984+0000][6][gc          ] GC(335) Pause Remark 182M->182M(512M) 34.006ms
[2025-12-03T17:09:21.984+0000][6][gc,cpu      ] GC(335) User=0.27s Sys=0.00s Real=0.04s
[2025-12-03T17:09:21.984+0000][6][safepoint   ] Safepoint "G1Concurrent", Time since last: 77993791 ns, Reaching safepoint: 56125 ns, At safepoint: 34224584 ns, Total: 34280709 ns
[2025-12-03T17:09:21.984+0000][6][gc,marking  ] GC(335) Concurrent Mark 107.537ms
[2025-12-03T17:09:21.984+0000][6][gc,marking  ] GC(335) Concurrent Rebuild Remembered Sets
[2025-12-03T17:09:22.015+0000][6][gc,marking  ] GC(335) Concurrent Rebuild Remembered Sets 30.759ms
[2025-12-03T17:09:22.015+0000][6][gc,start    ] GC(335) Pause Cleanup
[2025-12-03T17:09:22.015+0000][6][gc          ] GC(335) Pause Cleanup 182M->182M(512M) 0.272ms
[2025-12-03T17:09:22.016+0000][6][gc,cpu      ] GC(335) User=0.00s Sys=0.00s Real=0.00s
[2025-12-03T17:09:22.016+0000][6][safepoint   ] Safepoint "G1Concurrent", Time since last: 31180083 ns, Reaching safepoint: 83250 ns, At safepoint: 574417 ns, Total: 657667 ns
[2025-12-03T17:09:22.016+0000][6][gc,marking  ] GC(335) Concurrent Cleanup for Next Mark
[2025-12-03T17:09:22.017+0000][6][gc,marking  ] GC(335) Concurrent Cleanup for Next Mark 1.399ms
[2025-12-03T17:09:22.017+0000][6][gc          ] GC(335) Concurrent Mark Cycle 145.781ms
[2025-12-03T17:09:39.042+0000][6][safepoint   ] Safepoint "Cleanup", Time since last: 17024342090 ns, Reaching safepoint: 977042 ns, At safepoint: 60167 ns, Total: 1037209 ns
[2025-12-03T17:09:58.029+0000][6][gc,start    ] GC(336) Pause Young (Normal) (G1 Evacuation Pause)
[2025-12-03T17:09:58.030+0000][6][gc,task     ] GC(336) Using 8 workers of 8 for evacuation
[2025-12-03T17:09:58.030+0000][6][gc,age      ] GC(336) Desired survivor size 16777216 bytes, new threshold 15 (max threshold 15)
[2025-12-03T17:09:58.045+0000][6][gc,age      ] GC(336) Age table with threshold 15 (max threshold 15)
[2025-12-03T17:09:58.045+0000][6][gc,age      ] GC(336) - age   1:    3288320 bytes,    3288320 total
[2025-12-03T17:09:58.045+0000][6][gc,age      ] GC(336) - age   2:     294784 bytes,    3583104 total
[2025-12-03T17:09:58.046+0000][6][gc,age      ] GC(336) - age   3:     546144 bytes,    4129248 total
[2025-12-03T17:09:58.046+0000][6][gc,age      ] GC(336) - age   4:      89248 bytes,    4218496 total
[2025-12-03T17:09:58.046+0000][6][gc,age      ] GC(336) - age   5:    1331072 bytes,    5549568 total
[2025-12-03T17:09:58.046+0000][6][gc,age      ] GC(336) - age   6:      91992 bytes,    5641560 total
[2025-12-03T17:09:58.046+0000][6][gc,age      ] GC(336) - age   7:     149160 bytes,    5790720 total
[2025-12-03T17:09:58.047+0000][6][gc,age      ] GC(336) - age   8:      61296 bytes,    5852016 total
[2025-12-03T17:09:58.047+0000][6][gc,age      ] GC(336) - age   9:    2008168 bytes,    7860184 total
[2025-12-03T17:09:58.047+0000][6][gc,age      ] GC(336) - age  10:      60056 bytes,    7920240 total
[2025-12-03T17:09:58.047+0000][6][gc,age      ] GC(336) - age  11:     160312 bytes,    8080552 total
[2025-12-03T17:09:58.047+0000][6][gc,age      ] GC(336) - age  12:      26928 bytes,    8107480 total
[2025-12-03T17:09:58.048+0000][6][gc,age      ] GC(336) - age  13:      52848 bytes,    8160328 total
[2025-12-03T17:09:58.048+0000][6][gc,age      ] GC(336) - age  14:      26952 bytes,    8187280 total
[2025-12-03T17:09:58.048+0000][6][gc,age      ] GC(336) - age  15:     357256 bytes,    8544536 total
[2025-12-03T17:09:58.048+0000][6][gc,phases   ] GC(336)   Pre Evacuate Collection Set: 0.4ms
[2025-12-03T17:09:58.048+0000][6][gc,phases   ] GC(336)   Merge Heap Roots: 0.3ms
[2025-12-03T17:09:58.048+0000][6][gc,phases   ] GC(336)   Evacuate Collection Set: 8.2ms
[2025-12-03T17:09:58.049+0000][6][gc,phases   ] GC(336)   Post Evacuate Collection Set: 5.1ms
[2025-12-03T17:09:58.049+0000][6][gc,phases   ] GC(336)   Other: 5.3ms
[2025-12-03T17:09:58.049+0000][6][gc,heap     ] GC(336) Eden regions: 59->0(59)
[2025-12-03T17:09:58.049+0000][6][gc,heap     ] GC(336) Survivor regions: 3->3(8)
[2025-12-03T17:09:58.050+0000][6][gc,heap     ] GC(336) Old regions: 39->39
[2025-12-03T17:09:58.050+0000][6][gc,heap     ] GC(336) Archive regions: 2->2
[2025-12-03T17:09:58.050+0000][6][gc,heap     ] GC(336) Humongous regions: 2->2
[2025-12-03T17:09:58.050+0000][6][gc,metaspace] GC(336) Metaspace: 118326K(120000K)->118326K(120000K) NonClass: 103427K(104384K)->103427K(104384K) Class: 14898K(15616K)->14898K(15616K)
[2025-12-03T17:09:58.050+0000][6][gc          ] GC(336) Pause Young (Normal) (G1 Evacuation Pause) 411M->174M(512M) 21.068ms
[2025-12-03T17:09:58.050+0000][6][gc,cpu      ] GC(336) User=0.09s Sys=0.00s Real=0.02s
[2025-12-03T17:09:58.050+0000][6][safepoint   ] Safepoint "G1CollectForAllocation", Time since last: 18986350550 ns, Reaching safepoint: 320625 ns, At safepoint: 21437917 ns, Total: 21758542 ns
[2025-12-03T17:10:11.072+0000][6][safepoint   ] Safepoint "Cleanup", Time since last: 13019756256 ns, Reaching safepoint: 953333 ns, At safepoint: 41625 ns, Total: 994958 ns
[2025-12-03T17:10:34.220+0000][6][gc,start    ] GC(337) Pause Young (Concurrent Start) (G1 Evacuation Pause)
[2025-12-03T17:10:34.221+0000][6][gc,task     ] GC(337) Using 8 workers of 8 for evacuation
[2025-12-03T17:10:34.221+0000][6][gc,age      ] GC(337) Desired survivor size 16777216 bytes, new threshold 15 (max threshold 15)
[2025-12-03T17:10:34.235+0000][6][gc,age      ] GC(337) Age table with threshold 15 (max threshold 15)
[2025-12-03T17:10:34.236+0000][6][gc,age      ] GC(337) - age   1:    3305432 bytes,    3305432 total
[2025-12-03T17:10:34.236+0000][6][gc,age      ] GC(337) - age   2:     559280 bytes,    3864712 total
[2025-12-03T17:10:34.236+0000][6][gc,age      ] GC(337) - age   3:     287768 bytes,    4152480 total
[2025-12-03T17:10:34.236+0000][6][gc,age      ] GC(337) - age   4:     434456 bytes,    4586936 total
[2025-12-03T17:10:34.236+0000][6][gc,age      ] GC(337) - age   5:      87552 bytes,    4674488 total
[2025-12-03T17:10:34.236+0000][6][gc,age      ] GC(337) - age   6:    1180336 bytes,    5854824 total
[2025-12-03T17:10:34.236+0000][6][gc,age      ] GC(337) - age   7:      91928 bytes,    5946752 total
[2025-12-03T17:10:34.236+0000][6][gc,age      ] GC(337) - age   8:     149160 bytes,    6095912 total
[2025-12-03T17:10:34.236+0000][6][gc,age      ] GC(337) - age   9:      61184 bytes,    6157096 total
[2025-12-03T17:10:34.236+0000][6][gc,age      ] GC(337) - age  10:    2008168 bytes,    8165264 total
[2025-12-03T17:10:34.236+0000][6][gc,age      ] GC(337) - age  11:      59960 bytes,    8225224 total
[2025-12-03T17:10:34.236+0000][6][gc,age      ] GC(337) - age  12:     160312 bytes,    8385536 total
[2025-12-03T17:10:34.236+0000][6][gc,age      ] GC(337) - age  13:      26928 bytes,    8412464 total
[2025-12-03T17:10:34.236+0000][6][gc,age      ] GC(337) - age  14:      52848 bytes,    8465312 total
[2025-12-03T17:10:34.236+0000][6][gc,age      ] GC(337) - age  15:      26952 bytes,    8492264 total
[2025-12-03T17:10:34.236+0000][6][gc,phases   ] GC(337)   Pre Evacuate Collection Set: 1.7ms
[2025-12-03T17:10:34.236+0000][6][gc,phases   ] GC(337)   Merge Heap Roots: 0.1ms
[2025-12-03T17:10:34.236+0000][6][gc,phases   ] GC(337)   Evacuate Collection Set: 10.6ms
[2025-12-03T17:10:34.236+0000][6][gc,phases   ] GC(337)   Post Evacuate Collection Set: 2.1ms
[2025-12-03T17:10:34.236+0000][6][gc,phases   ] GC(337)   Other: 1.6ms
[2025-12-03T17:10:34.236+0000][6][gc,heap     ] GC(337) Eden regions: 59->0(59)
[2025-12-03T17:10:34.236+0000][6][gc,heap     ] GC(337) Survivor regions: 3->3(8)
[2025-12-03T17:10:34.237+0000][6][gc,heap     ] GC(337) Old regions: 39->39
[2025-12-03T17:10:34.237+0000][6][gc,heap     ] GC(337) Archive regions: 2->2
[2025-12-03T17:10:34.237+0000][6][gc,heap     ] GC(337) Humongous regions: 2->2
[2025-12-03T17:10:34.237+0000][6][gc,metaspace] GC(337) Metaspace: 118326K(120000K)->118326K(120000K) NonClass: 103428K(104384K)->103428K(104384K) Class: 14898K(15616K)->14898K(15616K)
[2025-12-03T17:10:34.237+0000][6][gc          ] GC(337) Pause Young (Concurrent Start) (G1 Evacuation Pause) 410M->175M(512M) 16.563ms
[2025-12-03T17:10:34.237+0000][6][gc,cpu      ] GC(337) User=0.08s Sys=0.00s Real=0.02s
[2025-12-03T17:10:34.237+0000][6][safepoint   ] Safepoint "G1CollectForAllocation", Time since last: 23146746427 ns, Reaching safepoint: 123375 ns, At safepoint: 16849500 ns, Total: 16972875 ns
[2025-12-03T17:10:34.237+0000][6][gc          ] GC(338) Concurrent Mark Cycle
[2025-12-03T17:10:34.237+0000][6][gc,marking  ] GC(338) Concurrent Clear Claimed Marks
[2025-12-03T17:10:34.237+0000][6][gc,marking  ] GC(338) Concurrent Clear Claimed Marks 0.174ms
[2025-12-03T17:10:34.237+0000][6][gc,marking  ] GC(338) Concurrent Scan Root Regions
[2025-12-03T17:10:34.244+0000][6][gc,marking  ] GC(338) Concurrent Scan Root Regions 6.627ms
[2025-12-03T17:10:34.244+0000][6][gc,marking  ] GC(338) Concurrent Mark
[2025-12-03T17:10:34.244+0000][6][gc,marking  ] GC(338) Concurrent Mark From Roots
[2025-12-03T17:10:34.244+0000][6][gc,task     ] GC(338) Using 2 workers of 2 for marking
[2025-12-03T17:10:34.319+0000][6][gc,marking  ] GC(338) Concurrent Mark From Roots 75.496ms
[2025-12-03T17:10:34.320+0000][6][gc,marking  ] GC(338) Concurrent Preclean
[2025-12-03T17:10:34.320+0000][6][gc,marking  ] GC(338) Concurrent Preclean 0.231ms
[2025-12-03T17:10:34.320+0000][6][gc,start    ] GC(338) Pause Remark
[2025-12-03T17:10:34.355+0000][6][gc          ] GC(338) Pause Remark 179M->179M(512M) 35.390ms
[2025-12-03T17:10:34.356+0000][6][gc,cpu      ] GC(338) User=0.24s Sys=0.00s Real=0.04s
[2025-12-03T17:10:34.356+0000][6][safepoint   ] Safepoint "G1Concurrent", Time since last: 83059667 ns, Reaching safepoint: 67292 ns, At safepoint: 35608208 ns, Total: 35675500 ns
[2025-12-03T17:10:34.356+0000][6][gc,marking  ] GC(338) Concurrent Mark 111.746ms
[2025-12-03T17:10:34.356+0000][6][gc,marking  ] GC(338) Concurrent Rebuild Remembered Sets
[2025-12-03T17:10:34.386+0000][6][gc,marking  ] GC(338) Concurrent Rebuild Remembered Sets 30.660ms
[2025-12-03T17:10:34.387+0000][6][gc,start    ] GC(338) Pause Cleanup
[2025-12-03T17:10:34.387+0000][6][gc          ] GC(338) Pause Cleanup 179M->179M(512M) 0.144ms
[2025-12-03T17:10:34.387+0000][6][gc,cpu      ] GC(338) User=0.00s Sys=0.00s Real=0.00s
[2025-12-03T17:10:34.387+0000][6][safepoint   ] Safepoint "G1Concurrent", Time since last: 30928417 ns, Reaching safepoint: 60375 ns, At safepoint: 299750 ns, Total: 360125 ns
[2025-12-03T17:10:34.387+0000][6][gc,marking  ] GC(338) Concurrent Cleanup for Next Mark
[2025-12-03T17:10:34.388+0000][6][gc,marking  ] GC(338) Concurrent Cleanup for Next Mark 1.520ms
[2025-12-03T17:10:34.389+0000][6][gc          ] GC(338) Concurrent Mark Cycle 151.638ms
[2025-12-03T17:10:37.394+0000][6][safepoint   ] Safepoint "Cleanup", Time since last: 3006205168 ns, Reaching safepoint: 453250 ns, At safepoint: 12291 ns, Total: 465541 ns
[2025-12-03T17:10:46.412+0000][6][safepoint   ] Safepoint "Cleanup", Time since last: 9016803630 ns, Reaching safepoint: 1980333 ns, At safepoint: 38458 ns, Total: 2018791 ns
[2025-12-03T17:10:55.454+0000][6][safepoint   ] Safepoint "Cleanup", Time since last: 9039922213 ns, Reaching safepoint: 1537833 ns, At safepoint: 41625 ns, Total: 1579458 ns
[2025-12-03T17:11:10.520+0000][6][gc,start    ] GC(339) Pause Young (Normal) (G1 Evacuation Pause)
[2025-12-03T17:11:10.520+0000][6][gc,task     ] GC(339) Using 8 workers of 8 for evacuation
[2025-12-03T17:11:10.520+0000][6][gc,age      ] GC(339) Desired survivor size 16777216 bytes, new threshold 15 (max threshold 15)
[2025-12-03T17:11:10.544+0000][6][gc,age      ] GC(339) Age table with threshold 15 (max threshold 15)
[2025-12-03T17:11:10.544+0000][6][gc,age      ] GC(339) - age   1:    3446208 bytes,    3446208 total
[2025-12-03T17:11:10.544+0000][6][gc,age      ] GC(339) - age   2:     655600 bytes,    4101808 total
[2025-12-03T17:11:10.544+0000][6][gc,age      ] GC(339) - age   3:     553808 bytes,    4655616 total
[2025-12-03T17:11:10.544+0000][6][gc,age      ] GC(339) - age   4:     286576 bytes,    4942192 total
[2025-12-03T17:11:10.544+0000][6][gc,age      ] GC(339) - age   5:     434232 bytes,    5376424 total
[2025-12-03T17:11:10.544+0000][6][gc,age      ] GC(339) - age   6:      87392 bytes,    5463816 total
[2025-12-03T17:11:10.544+0000][6][gc,age      ] GC(339) - age   7:    1180048 bytes,    6643864 total
[2025-12-03T17:11:10.544+0000][6][gc,age      ] GC(339) - age   8:      91928 bytes,    6735792 total
[2025-12-03T17:11:10.544+0000][6][gc,age      ] GC(339) - age   9:     149160 bytes,    6884952 total
[2025-12-03T17:11:10.544+0000][6][gc,age      ] GC(339) - age  10:      61184 bytes,    6946136 total
[2025-12-03T17:11:10.544+0000][6][gc,age      ] GC(339) - age  11:    2008168 bytes,    8954304 total
[2025-12-03T17:11:10.544+0000][6][gc,age      ] GC(339) - age  12:      59960 bytes,    9014264 total
[2025-12-03T17:11:10.544+0000][6][gc,age      ] GC(339) - age  13:     160312 bytes,    9174576 total
[2025-12-03T17:11:10.545+0000][6][gc,age      ] GC(339) - age  14:      26928 bytes,    9201504 total
[2025-12-03T17:11:10.545+0000][6][gc,age      ] GC(339) - age  15:      52848 bytes,    9254352 total
[2025-12-03T17:11:10.545+0000][6][gc,phases   ] GC(339)   Pre Evacuate Collection Set: 0.4ms
[2025-12-03T17:11:10.545+0000][6][gc,phases   ] GC(339)   Merge Heap Roots: 0.2ms
[2025-12-03T17:11:10.545+0000][6][gc,phases   ] GC(339)   Evacuate Collection Set: 16.4ms
[2025-12-03T17:11:10.545+0000][6][gc,phases   ] GC(339)   Post Evacuate Collection Set: 6.3ms
[2025-12-03T17:11:10.545+0000][6][gc,phases   ] GC(339)   Other: 1.9ms
[2025-12-03T17:11:10.545+0000][6][gc,heap     ] GC(339) Eden regions: 59->0(59)
[2025-12-03T17:11:10.545+0000][6][gc,heap     ] GC(339) Survivor regions: 3->3(8)
[2025-12-03T17:11:10.545+0000][6][gc,heap     ] GC(339) Old regions: 39->39
[2025-12-03T17:11:10.545+0000][6][gc,heap     ] GC(339) Archive regions: 2->2
[2025-12-03T17:11:10.545+0000][6][gc,heap     ] GC(339) Humongous regions: 2->2
[2025-12-03T17:11:10.545+0000][6][gc,metaspace] GC(339) Metaspace: 118326K(120000K)->118326K(120000K) NonClass: 103428K(104384K)->103428K(104384K) Class: 14898K(15616K)->14898K(15616K)
[2025-12-03T17:11:10.545+0000][6][gc          ] GC(339) Pause Young (Normal) (G1 Evacuation Pause) 411M->175M(512M) 25.654ms
[2025-12-03T17:11:10.545+0000][6][gc,cpu      ] GC(339) User=0.15s Sys=0.00s Real=0.03s
[2025-12-03T17:11:10.545+0000][6][safepoint   ] Safepoint "G1CollectForAllocation", Time since last: 15065003716 ns, Reaching safepoint: 449625 ns, At safepoint: 25969375 ns, Total: 26419000 ns
[2025-12-03T17:11:19.558+0000][6][safepoint   ] Safepoint "Cleanup", Time since last: 9012425587 ns, Reaching safepoint: 221000 ns, At safepoint: 11917 ns, Total: 232917 ns
[2025-12-03T17:11:43.691+0000][6][safepoint   ] Safepoint "Cleanup", Time since last: 24130369552 ns, Reaching safepoint: 465792 ns, At safepoint: 11167 ns, Total: 476959 ns
[2025-12-03T17:11:47.697+0000][6][safepoint   ] Safepoint "Cleanup", Time since last: 4006345377 ns, Reaching safepoint: 236583 ns, At safepoint: 11875 ns, Total: 248458 ns
[2025-12-03T17:11:48.291+0000][6][gc,start    ] GC(340) Pause Young (Concurrent Start) (G1 Evacuation Pause)
[2025-12-03T17:11:48.292+0000][6][gc,task     ] GC(340) Using 8 workers of 8 for evacuation
[2025-12-03T17:11:48.292+0000][6][gc,age      ] GC(340) Desired survivor size 16777216 bytes, new threshold 15 (max threshold 15)
[2025-12-03T17:11:48.308+0000][6][gc,age      ] GC(340) Age table with threshold 15 (max threshold 15)
[2025-12-03T17:11:48.308+0000][6][gc,age      ] GC(340) - age   1:     504664 bytes,     504664 total
[2025-12-03T17:11:48.308+0000][6][gc,age      ] GC(340) - age   2:     737312 bytes,    1241976 total
[2025-12-03T17:11:48.308+0000][6][gc,age      ] GC(340) - age   3:     435096 bytes,    1677072 total
[2025-12-03T17:11:48.308+0000][6][gc,age      ] GC(340) - age   4:     552568 bytes,    2229640 total
[2025-12-03T17:11:48.308+0000][6][gc,age      ] GC(340) - age   5:     286320 bytes,    2515960 total
[2025-12-03T17:11:48.308+0000][6][gc,age      ] GC(340) - age   6:     434168 bytes,    2950128 total
[2025-12-03T17:11:48.309+0000][6][gc,age      ] GC(340) - age   7:      87088 bytes,    3037216 total
[2025-12-03T17:11:48.309+0000][6][gc,age      ] GC(340) - age   8:    1179952 bytes,    4217168 total
[2025-12-03T17:11:48.309+0000][6][gc,age      ] GC(340) - age   9:      91928 bytes,    4309096 total
[2025-12-03T17:11:48.309+0000][6][gc,age      ] GC(340) - age  10:     149160 bytes,    4458256 total
[2025-12-03T17:11:48.309+0000][6][gc,age      ] GC(340) - age  11:      61120 bytes,    4519376 total
[2025-12-03T17:11:48.309+0000][6][gc,age      ] GC(340) - age  12:    2008168 bytes,    6527544 total
[2025-12-03T17:11:48.309+0000][6][gc,age      ] GC(340) - age  13:      59960 bytes,    6587504 total
[2025-12-03T17:11:48.309+0000][6][gc,age      ] GC(340) - age  14:     160312 bytes,    6747816 total
[2025-12-03T17:11:48.309+0000][6][gc,age      ] GC(340) - age  15:      26928 bytes,    6774744 total
[2025-12-03T17:11:48.309+0000][6][gc,phases   ] GC(340)   Pre Evacuate Collection Set: 3.1ms
[2025-12-03T17:11:48.309+0000][6][gc,phases   ] GC(340)   Merge Heap Roots: 0.2ms
[2025-12-03T17:11:48.309+0000][6][gc,phases   ] GC(340)   Evacuate Collection Set: 10.7ms
[2025-12-03T17:11:48.309+0000][6][gc,phases   ] GC(340)   Post Evacuate Collection Set: 1.9ms
[2025-12-03T17:11:48.309+0000][6][gc,phases   ] GC(340)   Other: 2.2ms
[2025-12-03T17:11:48.309+0000][6][gc,heap     ] GC(340) Eden regions: 59->0(60)
[2025-12-03T17:11:48.309+0000][6][gc,heap     ] GC(340) Survivor regions: 3->2(8)
[2025-12-03T17:11:48.310+0000][6][gc,heap     ] GC(340) Old regions: 39->39
[2025-12-03T17:11:48.310+0000][6][gc,heap     ] GC(340) Archive regions: 2->2
[2025-12-03T17:11:48.310+0000][6][gc,heap     ] GC(340) Humongous regions: 2->2
[2025-12-03T17:11:48.310+0000][6][gc,metaspace] GC(340) Metaspace: 118326K(120000K)->118326K(120000K) NonClass: 103428K(104384K)->103428K(104384K) Class: 14898K(15616K)->14898K(15616K)
[2025-12-03T17:11:48.310+0000][6][gc          ] GC(340) Pause Young (Concurrent Start) (G1 Evacuation Pause) 411M->173M(512M) 18.452ms
[2025-12-03T17:11:48.310+0000][6][gc,cpu      ] GC(340) User=0.08s Sys=0.00s Real=0.02s
[2025-12-03T17:11:48.310+0000][6][safepoint   ] Safepoint "G1CollectForAllocation", Time since last: 593829375 ns, Reaching safepoint: 80125 ns, At safepoint: 18944875 ns, Total: 19025000 ns
[2025-12-03T17:11:48.310+0000][6][gc          ] GC(341) Concurrent Mark Cycle
[2025-12-03T17:11:48.310+0000][6][gc,marking  ] GC(341) Concurrent Clear Claimed Marks
[2025-12-03T17:11:48.310+0000][6][gc,marking  ] GC(341) Concurrent Clear Claimed Marks 0.194ms
[2025-12-03T17:11:48.310+0000][6][gc,marking  ] GC(341) Concurrent Scan Root Regions
[2025-12-03T17:11:48.315+0000][6][gc,marking  ] GC(341) Concurrent Scan Root Regions 4.150ms
[2025-12-03T17:11:48.315+0000][6][gc,marking  ] GC(341) Concurrent Mark
[2025-12-03T17:11:48.315+0000][6][gc,marking  ] GC(341) Concurrent Mark From Roots
[2025-12-03T17:11:48.315+0000][6][gc,task     ] GC(341) Using 2 workers of 2 for marking
[2025-12-03T17:11:48.409+0000][6][gc,marking  ] GC(341) Concurrent Mark From Roots 94.567ms
[2025-12-03T17:11:48.409+0000][6][gc,marking  ] GC(341) Concurrent Preclean
[2025-12-03T17:11:48.410+0000][6][gc,marking  ] GC(341) Concurrent Preclean 0.269ms
[2025-12-03T17:11:48.410+0000][6][gc,start    ] GC(341) Pause Remark
[2025-12-03T17:11:48.452+0000][6][gc          ] GC(341) Pause Remark 177M->177M(512M) 42.428ms
[2025-12-03T17:11:48.452+0000][6][gc,cpu      ] GC(341) User=0.29s Sys=0.00s Real=0.04s
[2025-12-03T17:11:48.452+0000][6][safepoint   ] Safepoint "G1Concurrent", Time since last: 99748000 ns, Reaching safepoint: 53750 ns, At safepoint: 42737125 ns, Total: 42790875 ns
[2025-12-03T17:11:48.453+0000][6][gc,marking  ] GC(341) Concurrent Mark 137.935ms
[2025-12-03T17:11:48.453+0000][6][gc,marking  ] GC(341) Concurrent Rebuild Remembered Sets
[2025-12-03T17:11:48.482+0000][6][gc,marking  ] GC(341) Concurrent Rebuild Remembered Sets 29.554ms
[2025-12-03T17:11:48.482+0000][6][gc,start    ] GC(341) Pause Cleanup
[2025-12-03T17:11:48.483+0000][6][gc          ] GC(341) Pause Cleanup 177M->177M(512M) 0.186ms
[2025-12-03T17:11:48.483+0000][6][gc,cpu      ] GC(341) User=0.00s Sys=0.00s Real=0.00s
[2025-12-03T17:11:48.483+0000][6][safepoint   ] Safepoint "G1Concurrent", Time since last: 29839667 ns, Reaching safepoint: 54792 ns, At safepoint: 444000 ns, Total: 498792 ns
[2025-12-03T17:11:48.483+0000][6][gc,marking  ] GC(341) Concurrent Cleanup for Next Mark
[2025-12-03T17:11:48.487+0000][6][gc,marking  ] GC(341) Concurrent Cleanup for Next Mark 4.253ms
[2025-12-03T17:11:48.487+0000][6][gc          ] GC(341) Concurrent Mark Cycle 177.260ms
[2025-12-03T17:12:25.309+0000][6][gc,start    ] GC(342) Pause Young (Normal) (G1 Evacuation Pause)
[2025-12-03T17:12:25.310+0000][6][gc,task     ] GC(342) Using 8 workers of 8 for evacuation
[2025-12-03T17:12:25.311+0000][6][gc,age      ] GC(342) Desired survivor size 16777216 bytes, new threshold 15 (max threshold 15)
[2025-12-03T17:12:25.335+0000][6][gc,age      ] GC(342) Age table with threshold 15 (max threshold 15)
[2025-12-03T17:12:25.335+0000][6][gc,age      ] GC(342) - age   1:    1901680 bytes,    1901680 total
[2025-12-03T17:12:25.335+0000][6][gc,age      ] GC(342) - age   2:     257784 bytes,    2159464 total
[2025-12-03T17:12:25.335+0000][6][gc,age      ] GC(342) - age   3:     535176 bytes,    2694640 total
[2025-12-03T17:12:25.335+0000][6][gc,age      ] GC(342) - age   4:     431184 bytes,    3125824 total
[2025-12-03T17:12:25.336+0000][6][gc,age      ] GC(342) - age   5:      53008 bytes,    3178832 total
[2025-12-03T17:12:25.336+0000][6][gc,age      ] GC(342) - age   6:     286104 bytes,    3464936 total
[2025-12-03T17:12:25.336+0000][6][gc,age      ] GC(342) - age   7:     434008 bytes,    3898944 total
[2025-12-03T17:12:25.336+0000][6][gc,age      ] GC(342) - age   8:      87024 bytes,    3985968 total
[2025-12-03T17:12:25.336+0000][6][gc,age      ] GC(342) - age   9:    1179568 bytes,    5165536 total
[2025-12-03T17:12:25.336+0000][6][gc,age      ] GC(342) - age  10:      91928 bytes,    5257464 total
[2025-12-03T17:12:25.336+0000][6][gc,age      ] GC(342) - age  11:     149160 bytes,    5406624 total
[2025-12-03T17:12:25.336+0000][6][gc,age      ] GC(342) - age  12:      58344 bytes,    5464968 total
[2025-12-03T17:12:25.336+0000][6][gc,age      ] GC(342) - age  13:    2008168 bytes,    7473136 total
[2025-12-03T17:12:25.336+0000][6][gc,age      ] GC(342) - age  14:      59960 bytes,    7533096 total
[2025-12-03T17:12:25.336+0000][6][gc,age      ] GC(342) - age  15:     160312 bytes,    7693408 total
[2025-12-03T17:12:25.336+0000][6][gc,phases   ] GC(342)   Pre Evacuate Collection Set: 0.7ms
[2025-12-03T17:12:25.337+0000][6][gc,phases   ] GC(342)   Merge Heap Roots: 0.5ms
[2025-12-03T17:12:25.337+0000][6][gc,phases   ] GC(342)   Evacuate Collection Set: 18.3ms
[2025-12-03T17:12:25.337+0000][6][gc,phases   ] GC(342)   Post Evacuate Collection Set: 4.3ms
[2025-12-03T17:12:25.337+0000][6][gc,phases   ] GC(342)   Other: 3.8ms
[2025-12-03T17:12:25.337+0000][6][gc,heap     ] GC(342) Eden regions: 60->0(60)
[2025-12-03T17:12:25.337+0000][6][gc,heap     ] GC(342) Survivor regions: 2->2(8)
[2025-12-03T17:12:25.337+0000][6][gc,heap     ] GC(342) Old regions: 39->39
[2025-12-03T17:12:25.337+0000][6][gc,heap     ] GC(342) Archive regions: 2->2
[2025-12-03T17:12:25.337+0000][6][gc,heap     ] GC(342) Humongous regions: 2->2
[2025-12-03T17:12:25.337+0000][6][gc,metaspace] GC(342) Metaspace: 118326K(120000K)->118326K(120000K) NonClass: 103428K(104384K)->103428K(104384K) Class: 14898K(15616K)->14898K(15616K)
[2025-12-03T17:12:25.337+0000][6][gc          ] GC(342) Pause Young (Normal) (G1 Evacuation Pause) 413M->174M(512M) 28.032ms
[2025-12-03T17:12:25.337+0000][6][gc,cpu      ] GC(342) User=0.15s Sys=0.00s Real=0.03s
[2025-12-03T17:12:25.337+0000][6][safepoint   ] Safepoint "G1CollectForAllocation", Time since last: 36824818600 ns, Reaching safepoint: 1035208 ns, At safepoint: 28572708 ns, Total: 29607916 ns
[2025-12-03T17:12:44.260+0000][6][safepoint   ] Safepoint "Cleanup", Time since last: 19045609842 ns, Reaching safepoint: 1576916 ns, At safepoint: 36667 ns, Total: 1613583 ns
[2025-12-03T17:13:01.398+0000][6][gc,start    ] GC(343) Pause Young (Concurrent Start) (G1 Evacuation Pause)
[2025-12-03T17:13:01.399+0000][6][gc,task     ] GC(343) Using 8 workers of 8 for evacuation
[2025-12-03T17:13:01.400+0000][6][gc,age      ] GC(343) Desired survivor size 16777216 bytes, new threshold 15 (max threshold 15)
[2025-12-03T17:13:01.431+0000][6][gc,age      ] GC(343) Age table with threshold 15 (max threshold 15)
[2025-12-03T17:13:01.431+0000][6][gc,age      ] GC(343) - age   1:    1520824 bytes,    1520824 total
[2025-12-03T17:13:01.431+0000][6][gc,age      ] GC(343) - age   2:     695592 bytes,    2216416 total
[2025-12-03T17:13:01.431+0000][6][gc,age      ] GC(343) - age   3:     254952 bytes,    2471368 total
[2025-12-03T17:13:01.431+0000][6][gc,age      ] GC(343) - age   4:     534056 bytes,    3005424 total
[2025-12-03T17:13:01.431+0000][6][gc,age      ] GC(343) - age   5:     430480 bytes,    3435904 total
[2025-12-03T17:13:01.431+0000][6][gc,age      ] GC(343) - age   6:      53008 bytes,    3488912 total
[2025-12-03T17:13:01.431+0000][6][gc,age      ] GC(343) - age   7:     286040 bytes,    3774952 total
[2025-12-03T17:13:01.431+0000][6][gc,age      ] GC(343) - age   8:     433880 bytes,    4208832 total
[2025-12-03T17:13:01.431+0000][6][gc,age      ] GC(343) - age   9:      87024 bytes,    4295856 total
[2025-12-03T17:13:01.431+0000][6][gc,age      ] GC(343) - age  10:    1179568 bytes,    5475424 total
[2025-12-03T17:13:01.431+0000][6][gc,age      ] GC(343) - age  11:      91928 bytes,    5567352 total
[2025-12-03T17:13:01.431+0000][6][gc,age      ] GC(343) - age  12:     149136 bytes,    5716488 total
[2025-12-03T17:13:01.431+0000][6][gc,age      ] GC(343) - age  13:      58344 bytes,    5774832 total
[2025-12-03T17:13:01.431+0000][6][gc,age      ] GC(343) - age  14:    2008168 bytes,    7783000 total
[2025-12-03T17:13:01.431+0000][6][gc,age      ] GC(343) - age  15:      59960 bytes,    7842960 total
[2025-12-03T17:13:01.431+0000][6][gc,phases   ] GC(343)   Pre Evacuate Collection Set: 1.9ms
[2025-12-03T17:13:01.431+0000][6][gc,phases   ] GC(343)   Merge Heap Roots: 0.1ms
[2025-12-03T17:13:01.432+0000][6][gc,phases   ] GC(343)   Evacuate Collection Set: 18.1ms
[2025-12-03T17:13:01.432+0000][6][gc,phases   ] GC(343)   Post Evacuate Collection Set: 10.5ms
[2025-12-03T17:13:01.432+0000][6][gc,phases   ] GC(343)   Other: 3.1ms
[2025-12-03T17:13:01.432+0000][6][gc,heap     ] GC(343) Eden regions: 60->0(60)
[2025-12-03T17:13:01.432+0000][6][gc,heap     ] GC(343) Survivor regions: 2->2(8)
[2025-12-03T17:13:01.432+0000][6][gc,heap     ] GC(343) Old regions: 39->39
[2025-12-03T17:13:01.432+0000][6][gc,heap     ] GC(343) Archive regions: 2->2
[2025-12-03T17:13:01.432+0000][6][gc,heap     ] GC(343) Humongous regions: 2->2
[2025-12-03T17:13:01.432+0000][6][gc,metaspace] GC(343) Metaspace: 118327K(120000K)->118327K(120000K) NonClass: 103428K(104384K)->103428K(104384K) Class: 14898K(15616K)->14898K(15616K)
[2025-12-03T17:13:01.432+0000][6][gc          ] GC(343) Pause Young (Concurrent Start) (G1 Evacuation Pause) 414M->174M(512M) 34.431ms
[2025-12-03T17:13:01.432+0000][6][gc,cpu      ] GC(343) User=0.14s Sys=0.00s Real=0.04s
[2025-12-03T17:13:01.432+0000][6][safepoint   ] Safepoint "G1CollectForAllocation", Time since last: 17137090383 ns, Reaching safepoint: 197084 ns, At safepoint: 34662541 ns, Total: 34859625 ns
[2025-12-03T17:13:01.432+0000][6][gc          ] GC(344) Concurrent Mark Cycle
[2025-12-03T17:13:01.432+0000][6][gc,marking  ] GC(344) Concurrent Clear Claimed Marks
[2025-12-03T17:13:01.433+0000][6][gc,marking  ] GC(344) Concurrent Clear Claimed Marks 0.164ms
[2025-12-03T17:13:01.433+0000][6][gc,marking  ] GC(344) Concurrent Scan Root Regions
[2025-12-03T17:13:01.436+0000][6][gc,marking  ] GC(344) Concurrent Scan Root Regions 3.238ms
[2025-12-03T17:13:01.436+0000][6][gc,marking  ] GC(344) Concurrent Mark
[2025-12-03T17:13:01.436+0000][6][gc,marking  ] GC(344) Concurrent Mark From Roots
[2025-12-03T17:13:01.436+0000][6][gc,task     ] GC(344) Using 2 workers of 2 for marking
[2025-12-03T17:13:01.497+0000][6][gc,marking  ] GC(344) Concurrent Mark From Roots 60.800ms
[2025-12-03T17:13:01.497+0000][6][gc,marking  ] GC(344) Concurrent Preclean
[2025-12-03T17:13:01.497+0000][6][gc,marking  ] GC(344) Concurrent Preclean 0.274ms
[2025-12-03T17:13:01.497+0000][6][gc,start    ] GC(344) Pause Remark
[2025-12-03T17:13:01.535+0000][6][gc          ] GC(344) Pause Remark 176M->176M(512M) 37.979ms
[2025-12-03T17:13:01.536+0000][6][gc,cpu      ] GC(344) User=0.29s Sys=0.00s Real=0.04s
[2025-12-03T17:13:01.536+0000][6][safepoint   ] Safepoint "G1Concurrent", Time since last: 65052667 ns, Reaching safepoint: 68458 ns, At safepoint: 38204500 ns, Total: 38272958 ns
[2025-12-03T17:13:01.536+0000][6][gc,marking  ] GC(344) Concurrent Mark 99.767ms
[2025-12-03T17:13:01.536+0000][6][gc,marking  ] GC(344) Concurrent Rebuild Remembered Sets
[2025-12-03T17:13:01.565+0000][6][gc,marking  ] GC(344) Concurrent Rebuild Remembered Sets 29.041ms
[2025-12-03T17:13:01.565+0000][6][gc,start    ] GC(344) Pause Cleanup
[2025-12-03T17:13:01.565+0000][6][gc          ] GC(344) Pause Cleanup 176M->176M(512M) 0.130ms
[2025-12-03T17:13:01.565+0000][6][gc,cpu      ] GC(344) User=0.00s Sys=0.00s Real=0.00s
[2025-12-03T17:13:01.565+0000][6][safepoint   ] Safepoint "G1Concurrent", Time since last: 29296375 ns, Reaching safepoint: 78292 ns, At safepoint: 256500 ns, Total: 334792 ns
[2025-12-03T17:13:01.565+0000][6][gc,marking  ] GC(344) Concurrent Cleanup for Next Mark
[2025-12-03T17:13:01.567+0000][6][gc,marking  ] GC(344) Concurrent Cleanup for Next Mark 1.350ms
[2025-12-03T17:13:01.567+0000][6][gc          ] GC(344) Concurrent Mark Cycle 134.413ms
[2025-12-03T17:13:04.569+0000][6][safepoint   ] Safepoint "Cleanup", Time since last: 3003326959 ns, Reaching safepoint: 356417 ns, At safepoint: 32583 ns, Total: 389000 ns
[2025-12-03T17:13:10.595+0000][6][safepoint   ] Safepoint "Cleanup", Time since last: 6015593711 ns, Reaching safepoint: 9285125 ns, At safepoint: 296458 ns, Total: 9581583 ns
[2025-12-03T17:13:39.788+0000][6][gc,start    ] GC(345) Pause Young (Normal) (G1 Evacuation Pause)
[2025-12-03T17:13:39.788+0000][6][gc,task     ] GC(345) Using 8 workers of 8 for evacuation
[2025-12-03T17:13:39.788+0000][6][gc,age      ] GC(345) Desired survivor size 16777216 bytes, new threshold 15 (max threshold 15)
[2025-12-03T17:13:39.798+0000][6][gc,age      ] GC(345) Age table with threshold 15 (max threshold 15)
[2025-12-03T17:13:39.798+0000][6][gc,age      ] GC(345) - age   1:    1754824 bytes,    1754824 total
[2025-12-03T17:13:39.798+0000][6][gc,age      ] GC(345) - age   2:      64816 bytes,    1819640 total
[2025-12-03T17:13:39.798+0000][6][gc,age      ] GC(345) - age   3:     692432 bytes,    2512072 total
[2025-12-03T17:13:39.798+0000][6][gc,age      ] GC(345) - age   4:     254136 bytes,    2766208 total
[2025-12-03T17:13:39.798+0000][6][gc,age      ] GC(345) - age   5:     529392 bytes,    3295600 total
[2025-12-03T17:13:39.798+0000][6][gc,age      ] GC(345) - age   6:     430288 bytes,    3725888 total
[2025-12-03T17:13:39.799+0000][6][gc,age      ] GC(345) - age   7:      52848 bytes,    3778736 total
[2025-12-03T17:13:39.799+0000][6][gc,age      ] GC(345) - age   8:     285848 bytes,    4064584 total
[2025-12-03T17:13:39.799+0000][6][gc,age      ] GC(345) - age   9:     433720 bytes,    4498304 total
[2025-12-03T17:13:39.799+0000][6][gc,age      ] GC(345) - age  10:      87024 bytes,    4585328 total
[2025-12-03T17:13:39.799+0000][6][gc,age      ] GC(345) - age  11:    1179568 bytes,    5764896 total
[2025-12-03T17:13:39.799+0000][6][gc,age      ] GC(345) - age  12:      91928 bytes,    5856824 total
[2025-12-03T17:13:39.799+0000][6][gc,age      ] GC(345) - age  13:     149136 bytes,    6005960 total
[2025-12-03T17:13:39.799+0000][6][gc,age      ] GC(345) - age  14:      58344 bytes,    6064304 total
[2025-12-03T17:13:39.799+0000][6][gc,age      ] GC(345) - age  15:    2008168 bytes,    8072472 total
[2025-12-03T17:13:39.799+0000][6][gc,phases   ] GC(345)   Pre Evacuate Collection Set: 0.2ms
[2025-12-03T17:13:39.799+0000][6][gc,phases   ] GC(345)   Merge Heap Roots: 0.2ms
[2025-12-03T17:13:39.800+0000][6][gc,phases   ] GC(345)   Evacuate Collection Set: 6.5ms
[2025-12-03T17:13:39.800+0000][6][gc,phases   ] GC(345)   Post Evacuate Collection Set: 2.5ms
[2025-12-03T17:13:39.800+0000][6][gc,phases   ] GC(345)   Other: 2.2ms
[2025-12-03T17:13:39.800+0000][6][gc,heap     ] GC(345) Eden regions: 60->0(59)
[2025-12-03T17:13:39.800+0000][6][gc,heap     ] GC(345) Survivor regions: 2->3(8)
[2025-12-03T17:13:39.800+0000][6][gc,heap     ] GC(345) Old regions: 39->39
[2025-12-03T17:13:39.800+0000][6][gc,heap     ] GC(345) Archive regions: 2->2
[2025-12-03T17:13:39.800+0000][6][gc,heap     ] GC(345) Humongous regions: 2->2
[2025-12-03T17:13:39.800+0000][6][gc,metaspace] GC(345) Metaspace: 118327K(120000K)->118327K(120000K) NonClass: 103428K(104384K)->103428K(104384K) Class: 14898K(15616K)->14898K(15616K)
[2025-12-03T17:13:39.800+0000][6][gc          ] GC(345) Pause Young (Normal) (G1 Evacuation Pause) 414M->174M(512M) 12.429ms
[2025-12-03T17:13:39.800+0000][6][gc,cpu      ] GC(345) User=0.06s Sys=0.00s Real=0.02s
[2025-12-03T17:13:39.800+0000][6][safepoint   ] Safepoint "G1CollectForAllocation", Time since last: 29193694514 ns, Reaching safepoint: 258875 ns, At safepoint: 12684666 ns, Total: 12943541 ns
[2025-12-03T17:13:42.806+0000][6][safepoint   ] Safepoint "Cleanup", Time since last: 3005066418 ns, Reaching safepoint: 224375 ns, At safepoint: 12625 ns, Total: 237000 ns
[2025-12-03T17:14:01.871+0000][6][safepoint   ] Safepoint "Cleanup", Time since last: 19063807176 ns, Reaching safepoint: 402792 ns, At safepoint: 21125 ns, Total: 423917 ns
[2025-12-03T17:14:10.005+0000][6][gc,start    ] GC(346) Pause Young (Concurrent Start) (G1 Evacuation Pause)
[2025-12-03T17:14:10.005+0000][6][gc,task     ] GC(346) Using 8 workers of 8 for evacuation
[2025-12-03T17:14:10.005+0000][6][gc,age      ] GC(346) Desired survivor size 16777216 bytes, new threshold 15 (max threshold 15)
[2025-12-03T17:14:10.020+0000][6][gc,age      ] GC(346) Age table with threshold 15 (max threshold 15)
[2025-12-03T17:14:10.020+0000][6][gc,age      ] GC(346) - age   1:    2498856 bytes,    2498856 total
[2025-12-03T17:14:10.020+0000][6][gc,age      ] GC(346) - age   2:      81384 bytes,    2580240 total
[2025-12-03T17:14:10.020+0000][6][gc,age      ] GC(346) - age   3:      61248 bytes,    2641488 total
[2025-12-03T17:14:10.020+0000][6][gc,age      ] GC(346) - age   4:     192552 bytes,    2834040 total
[2025-12-03T17:14:10.020+0000][6][gc,age      ] GC(346) - age   5:     253696 bytes,    3087736 total
[2025-12-03T17:14:10.020+0000][6][gc,age      ] GC(346) - age   6:     529264 bytes,    3617000 total
[2025-12-03T17:14:10.020+0000][6][gc,age      ] GC(346) - age   7:     430024 bytes,    4047024 total
[2025-12-03T17:14:10.021+0000][6][gc,age      ] GC(346) - age   8:      52848 bytes,    4099872 total
[2025-12-03T17:14:10.021+0000][6][gc,age      ] GC(346) - age   9:     285784 bytes,    4385656 total
[2025-12-03T17:14:10.021+0000][6][gc,age      ] GC(346) - age  10:     433720 bytes,    4819376 total
[2025-12-03T17:14:10.021+0000][6][gc,age      ] GC(346) - age  11:      87024 bytes,    4906400 total
[2025-12-03T17:14:10.021+0000][6][gc,age      ] GC(346) - age  12:    1179568 bytes,    6085968 total
[2025-12-03T17:14:10.021+0000][6][gc,age      ] GC(346) - age  13:      91928 bytes,    6177896 total
[2025-12-03T17:14:10.021+0000][6][gc,age      ] GC(346) - age  14:     149040 bytes,    6326936 total
[2025-12-03T17:14:10.021+0000][6][gc,age      ] GC(346) - age  15:      58344 bytes,    6385280 total
[2025-12-03T17:14:10.021+0000][6][gc,phases   ] GC(346)   Pre Evacuate Collection Set: 1.7ms
[2025-12-03T17:14:10.021+0000][6][gc,phases   ] GC(346)   Merge Heap Roots: 0.1ms
[2025-12-03T17:14:10.021+0000][6][gc,phases   ] GC(346)   Evacuate Collection Set: 10.6ms
[2025-12-03T17:14:10.021+0000][6][gc,phases   ] GC(346)   Post Evacuate Collection Set: 1.8ms
[2025-12-03T17:14:10.021+0000][6][gc,phases   ] GC(346)   Other: 2.1ms
[2025-12-03T17:14:10.021+0000][6][gc,heap     ] GC(346) Eden regions: 59->0(60)
[2025-12-03T17:14:10.021+0000][6][gc,heap     ] GC(346) Survivor regions: 3->2(8)
[2025-12-03T17:14:10.022+0000][6][gc,heap     ] GC(346) Old regions: 39->40
[2025-12-03T17:14:10.022+0000][6][gc,heap     ] GC(346) Archive regions: 2->2
[2025-12-03T17:14:10.022+0000][6][gc,heap     ] GC(346) Humongous regions: 2->2
[2025-12-03T17:14:10.022+0000][6][gc,metaspace] GC(346) Metaspace: 118327K(120000K)->118327K(120000K) NonClass: 103428K(104384K)->103428K(104384K) Class: 14898K(15616K)->14898K(15616K)
[2025-12-03T17:14:10.022+0000][6][gc          ] GC(346) Pause Young (Concurrent Start) (G1 Evacuation Pause) 410M->175M(512M) 16.904ms
[2025-12-03T17:14:10.022+0000][6][gc,cpu      ] GC(346) User=0.05s Sys=0.00s Real=0.02s
[2025-12-03T17:14:10.022+0000][6][safepoint   ] Safepoint "G1CollectForAllocation", Time since last: 8134142045 ns, Reaching safepoint: 82458 ns, At safepoint: 17227792 ns, Total: 17310250 ns
[2025-12-03T17:14:10.022+0000][6][gc          ] GC(347) Concurrent Mark Cycle
[2025-12-03T17:14:10.022+0000][6][gc,marking  ] GC(347) Concurrent Clear Claimed Marks
[2025-12-03T17:14:10.022+0000][6][gc,marking  ] GC(347) Concurrent Clear Claimed Marks 0.177ms
[2025-12-03T17:14:10.022+0000][6][gc,marking  ] GC(347) Concurrent Scan Root Regions
[2025-12-03T17:14:10.025+0000][6][gc,marking  ] GC(347) Concurrent Scan Root Regions 2.963ms
[2025-12-03T17:14:10.025+0000][6][gc,marking  ] GC(347) Concurrent Mark
[2025-12-03T17:14:10.025+0000][6][gc,marking  ] GC(347) Concurrent Mark From Roots
[2025-12-03T17:14:10.025+0000][6][gc,task     ] GC(347) Using 2 workers of 2 for marking
[2025-12-03T17:14:10.097+0000][6][gc,marking  ] GC(347) Concurrent Mark From Roots 71.695ms
[2025-12-03T17:14:10.097+0000][6][gc,marking  ] GC(347) Concurrent Preclean
[2025-12-03T17:14:10.097+0000][6][gc,marking  ] GC(347) Concurrent Preclean 0.232ms
[2025-12-03T17:14:10.098+0000][6][gc,start    ] GC(347) Pause Remark
[2025-12-03T17:14:10.120+0000][6][gc          ] GC(347) Pause Remark 192M->192M(512M) 22.304ms
[2025-12-03T17:14:10.120+0000][6][gc,cpu      ] GC(347) User=0.17s Sys=0.00s Real=0.02s
[2025-12-03T17:14:10.120+0000][6][safepoint   ] Safepoint "G1Concurrent", Time since last: 75589125 ns, Reaching safepoint: 63167 ns, At safepoint: 22540708 ns, Total: 22603875 ns
[2025-12-03T17:14:10.120+0000][6][gc,marking  ] GC(347) Concurrent Mark 94.864ms
[2025-12-03T17:14:10.120+0000][6][gc,marking  ] GC(347) Concurrent Rebuild Remembered Sets
[2025-12-03T17:14:10.151+0000][6][gc,marking  ] GC(347) Concurrent Rebuild Remembered Sets 30.351ms
[2025-12-03T17:14:10.151+0000][6][gc,start    ] GC(347) Pause Cleanup
[2025-12-03T17:14:10.151+0000][6][gc          ] GC(347) Pause Cleanup 192M->192M(512M) 0.153ms
[2025-12-03T17:14:10.151+0000][6][gc,cpu      ] GC(347) User=0.00s Sys=0.00s Real=0.00s
[2025-12-03T17:14:10.151+0000][6][safepoint   ] Safepoint "G1Concurrent", Time since last: 30626459 ns, Reaching safepoint: 70291 ns, At safepoint: 348459 ns, Total: 418750 ns
[2025-12-03T17:14:10.151+0000][6][gc,marking  ] GC(347) Concurrent Cleanup for Next Mark
[2025-12-03T17:14:10.155+0000][6][gc,marking  ] GC(347) Concurrent Cleanup for Next Mark 3.971ms
[2025-12-03T17:14:10.155+0000][6][gc          ] GC(347) Concurrent Mark Cycle 133.317ms
[2025-12-03T17:14:31.185+0000][6][safepoint   ] Safepoint "Cleanup", Time since last: 21032782010 ns, Reaching safepoint: 981875 ns, At safepoint: 93375 ns, Total: 1075250 ns
[2025-12-03T17:14:46.208+0000][6][gc,start    ] GC(348) Pause Young (Normal) (G1 Evacuation Pause)
[2025-12-03T17:14:46.208+0000][6][gc,task     ] GC(348) Using 8 workers of 8 for evacuation
[2025-12-03T17:14:46.208+0000][6][gc,age      ] GC(348) Desired survivor size 16777216 bytes, new threshold 15 (max threshold 15)
[2025-12-03T17:14:46.223+0000][6][gc,age      ] GC(348) Age table with threshold 15 (max threshold 15)
[2025-12-03T17:14:46.223+0000][6][gc,age      ] GC(348) - age   1:    3610048 bytes,    3610048 total
[2025-12-03T17:14:46.223+0000][6][gc,age      ] GC(348) - age   2:     529728 bytes,    4139776 total
[2025-12-03T17:14:46.223+0000][6][gc,age      ] GC(348) - age   3:      75616 bytes,    4215392 total
[2025-12-03T17:14:46.224+0000][6][gc,age      ] GC(348) - age   4:      60448 bytes,    4275840 total
[2025-12-03T17:14:46.224+0000][6][gc,age      ] GC(348) - age   5:     192360 bytes,    4468200 total
[2025-12-03T17:14:46.224+0000][6][gc,age      ] GC(348) - age   6:     253664 bytes,    4721864 total
[2025-12-03T17:14:46.224+0000][6][gc,age      ] GC(348) - age   7:     529200 bytes,    5251064 total
[2025-12-03T17:14:46.224+0000][6][gc,age      ] GC(348) - age   8:     429832 bytes,    5680896 total
[2025-12-03T17:14:46.224+0000][6][gc,age      ] GC(348) - age   9:      52848 bytes,    5733744 total
[2025-12-03T17:14:46.224+0000][6][gc,age      ] GC(348) - age  10:     285656 bytes,    6019400 total
[2025-12-03T17:14:46.224+0000][6][gc,age      ] GC(348) - age  11:     433720 bytes,    6453120 total
[2025-12-03T17:14:46.224+0000][6][gc,age      ] GC(348) - age  12:      87024 bytes,    6540144 total
[2025-12-03T17:14:46.224+0000][6][gc,age      ] GC(348) - age  13:    1179568 bytes,    7719712 total
[2025-12-03T17:14:46.224+0000][6][gc,age      ] GC(348) - age  14:      91928 bytes,    7811640 total
[2025-12-03T17:14:46.224+0000][6][gc,age      ] GC(348) - age  15:     149040 bytes,    7960680 total
[2025-12-03T17:14:46.224+0000][6][gc,phases   ] GC(348)   Pre Evacuate Collection Set: 0.2ms
[2025-12-03T17:14:46.224+0000][6][gc,phases   ] GC(348)   Merge Heap Roots: 0.1ms
[2025-12-03T17:14:46.224+0000][6][gc,phases   ] GC(348)   Evacuate Collection Set: 9.5ms
[2025-12-03T17:14:46.224+0000][6][gc,phases   ] GC(348)   Post Evacuate Collection Set: 5.3ms
[2025-12-03T17:14:46.224+0000][6][gc,phases   ] GC(348)   Other: 1.5ms
[2025-12-03T17:14:46.224+0000][6][gc,heap     ] GC(348) Eden regions: 60->0(58)
[2025-12-03T17:14:46.224+0000][6][gc,heap     ] GC(348) Survivor regions: 2->3(8)
[2025-12-03T17:14:46.224+0000][6][gc,heap     ] GC(348) Old regions: 40->40
[2025-12-03T17:14:46.224+0000][6][gc,heap     ] GC(348) Archive regions: 2->2
[2025-12-03T17:14:46.224+0000][6][gc,heap     ] GC(348) Humongous regions: 2->2
[2025-12-03T17:14:46.224+0000][6][gc,metaspace] GC(348) Metaspace: 118327K(120000K)->118327K(120000K) NonClass: 103428K(104384K)->103428K(104384K) Class: 14898K(15616K)->14898K(15616K)
[2025-12-03T17:14:46.224+0000][6][gc          ] GC(348) Pause Young (Normal) (G1 Evacuation Pause) 415M->176M(512M) 16.865ms
[2025-12-03T17:14:46.224+0000][6][gc,cpu      ] GC(348) User=0.09s Sys=0.00s Real=0.02s
[2025-12-03T17:14:46.224+0000][6][safepoint   ] Safepoint "G1CollectForAllocation", Time since last: 15022226714 ns, Reaching safepoint: 78625 ns, At safepoint: 17068375 ns, Total: 17147000 ns
[2025-12-03T17:15:05.252+0000][6][safepoint   ] Safepoint "Cleanup", Time since last: 19026084509 ns, Reaching safepoint: 698750 ns, At safepoint: 52625 ns, Total: 751375 ns
[2025-12-03T17:15:19.400+0000][6][gc,start    ] GC(349) Pause Young (Concurrent Start) (G1 Evacuation Pause)
[2025-12-03T17:15:19.401+0000][6][gc,task     ] GC(349) Using 8 workers of 8 for evacuation
[2025-12-03T17:15:19.401+0000][6][gc,age      ] GC(349) Desired survivor size 16777216 bytes, new threshold 15 (max threshold 15)
[2025-12-03T17:15:19.412+0000][6][gc,age      ] GC(349) Age table with threshold 15 (max threshold 15)
[2025-12-03T17:15:19.412+0000][6][gc,age      ] GC(349) - age   1:    2843264 bytes,    2843264 total
[2025-12-03T17:15:19.412+0000][6][gc,age      ] GC(349) - age   2:     247800 bytes,    3091064 total
[2025-12-03T17:15:19.412+0000][6][gc,age      ] GC(349) - age   3:     523792 bytes,    3614856 total
[2025-12-03T17:15:19.412+0000][6][gc,age      ] GC(349) - age   4:      74032 bytes,    3688888 total
[2025-12-03T17:15:19.412+0000][6][gc,age      ] GC(349) - age   5:      59800 bytes,    3748688 total
[2025-12-03T17:15:19.412+0000][6][gc,age      ] GC(349) - age   6:     192232 bytes,    3940920 total
[2025-12-03T17:15:19.412+0000][6][gc,age      ] GC(349) - age   7:     253624 bytes,    4194544 total
[2025-12-03T17:15:19.413+0000][6][gc,age      ] GC(349) - age   8:     529136 bytes,    4723680 total
[2025-12-03T17:15:19.413+0000][6][gc,age      ] GC(349) - age   9:     429592 bytes,    5153272 total
[2025-12-03T17:15:19.413+0000][6][gc,age      ] GC(349) - age  10:      52848 bytes,    5206120 total
[2025-12-03T17:15:19.413+0000][6][gc,age      ] GC(349) - age  11:     285656 bytes,    5491776 total
[2025-12-03T17:15:19.413+0000][6][gc,age      ] GC(349) - age  12:     433720 bytes,    5925496 total
[2025-12-03T17:15:19.413+0000][6][gc,age      ] GC(349) - age  13:      87024 bytes,    6012520 total
[2025-12-03T17:15:19.413+0000][6][gc,age      ] GC(349) - age  14:    1179568 bytes,    7192088 total
[2025-12-03T17:15:19.413+0000][6][gc,age      ] GC(349) - age  15:      91928 bytes,    7284016 total
[2025-12-03T17:15:19.413+0000][6][gc,phases   ] GC(349)   Pre Evacuate Collection Set: 1.7ms
[2025-12-03T17:15:19.413+0000][6][gc,phases   ] GC(349)   Merge Heap Roots: 0.2ms
[2025-12-03T17:15:19.413+0000][6][gc,phases   ] GC(349)   Evacuate Collection Set: 7.3ms
[2025-12-03T17:15:19.413+0000][6][gc,phases   ] GC(349)   Post Evacuate Collection Set: 1.4ms
[2025-12-03T17:15:19.413+0000][6][gc,phases   ] GC(349)   Other: 2.5ms
[2025-12-03T17:15:19.413+0000][6][gc,heap     ] GC(349) Eden regions: 58->0(59)
[2025-12-03T17:15:19.413+0000][6][gc,heap     ] GC(349) Survivor regions: 3->2(8)
[2025-12-03T17:15:19.413+0000][6][gc,heap     ] GC(349) Old regions: 40->40
[2025-12-03T17:15:19.413+0000][6][gc,heap     ] GC(349) Archive regions: 2->2
[2025-12-03T17:15:19.414+0000][6][gc,heap     ] GC(349) Humongous regions: 2->2
[2025-12-03T17:15:19.414+0000][6][gc,metaspace] GC(349) Metaspace: 118327K(120000K)->118327K(120000K) NonClass: 103428K(104384K)->103428K(104384K) Class: 14898K(15616K)->14898K(15616K)
[2025-12-03T17:15:19.414+0000][6][gc          ] GC(349) Pause Young (Concurrent Start) (G1 Evacuation Pause) 408M->176M(512M) 13.693ms
[2025-12-03T17:15:19.414+0000][6][gc,cpu      ] GC(349) User=0.06s Sys=0.00s Real=0.02s
[2025-12-03T17:15:19.414+0000][6][safepoint   ] Safepoint "G1CollectForAllocation", Time since last: 14148151715 ns, Reaching safepoint: 133792 ns, At safepoint: 13918583 ns, Total: 14052375 ns
[2025-12-03T17:15:19.414+0000][6][gc          ] GC(350) Concurrent Mark Cycle
[2025-12-03T17:15:19.414+0000][6][gc,marking  ] GC(350) Concurrent Clear Claimed Marks
[2025-12-03T17:15:19.414+0000][6][gc,marking  ] GC(350) Concurrent Clear Claimed Marks 0.112ms
[2025-12-03T17:15:19.414+0000][6][gc,marking  ] GC(350) Concurrent Scan Root Regions
[2025-12-03T17:15:19.417+0000][6][gc,marking  ] GC(350) Concurrent Scan Root Regions 3.149ms
[2025-12-03T17:15:19.417+0000][6][gc,marking  ] GC(350) Concurrent Mark
[2025-12-03T17:15:19.417+0000][6][gc,marking  ] GC(350) Concurrent Mark From Roots
[2025-12-03T17:15:19.418+0000][6][gc,task     ] GC(350) Using 2 workers of 2 for marking
[2025-12-03T17:15:19.487+0000][6][gc,marking  ] GC(350) Concurrent Mark From Roots 69.846ms
[2025-12-03T17:15:19.487+0000][6][gc,marking  ] GC(350) Concurrent Preclean
[2025-12-03T17:15:19.488+0000][6][gc,marking  ] GC(350) Concurrent Preclean 0.206ms
[2025-12-03T17:15:19.488+0000][6][gc,start    ] GC(350) Pause Remark
[2025-12-03T17:15:19.518+0000][6][gc          ] GC(350) Pause Remark 185M->185M(512M) 30.660ms
[2025-12-03T17:15:19.519+0000][6][gc,cpu      ] GC(350) User=0.24s Sys=0.00s Real=0.03s
[2025-12-03T17:15:19.519+0000][6][safepoint   ] Safepoint "G1Concurrent", Time since last: 73865917 ns, Reaching safepoint: 69000 ns, At safepoint: 30858625 ns, Total: 30927625 ns
[2025-12-03T17:15:19.519+0000][6][gc,marking  ] GC(350) Concurrent Mark 101.299ms
[2025-12-03T17:15:19.519+0000][6][gc,marking  ] GC(350) Concurrent Rebuild Remembered Sets
[2025-12-03T17:15:19.548+0000][6][gc,marking  ] GC(350) Concurrent Rebuild Remembered Sets 28.997ms
[2025-12-03T17:15:19.548+0000][6][gc,start    ] GC(350) Pause Cleanup
[2025-12-03T17:15:19.548+0000][6][gc          ] GC(350) Pause Cleanup 185M->185M(512M) 0.115ms
[2025-12-03T17:15:19.548+0000][6][gc,cpu      ] GC(350) User=0.00s Sys=0.00s Real=0.00s
[2025-12-03T17:15:19.548+0000][6][safepoint   ] Safepoint "G1Concurrent", Time since last: 29217708 ns, Reaching safepoint: 62917 ns, At safepoint: 265333 ns, Total: 328250 ns
[2025-12-03T17:15:19.548+0000][6][gc,marking  ] GC(350) Concurrent Cleanup for Next Mark
[2025-12-03T17:15:19.550+0000][6][gc,marking  ] GC(350) Concurrent Cleanup for Next Mark 1.409ms
[2025-12-03T17:15:19.550+0000][6][gc          ] GC(350) Concurrent Mark Cycle 135.906ms
[2025-12-03T17:15:55.957+0000][6][gc,start    ] GC(351) Pause Young (Normal) (G1 Evacuation Pause)
[2025-12-03T17:15:55.957+0000][6][gc,task     ] GC(351) Using 8 workers of 8 for evacuation
[2025-12-03T17:15:55.958+0000][6][gc,age      ] GC(351) Desired survivor size 16777216 bytes, new threshold 15 (max threshold 15)
[2025-12-03T17:15:55.981+0000][6][gc,age      ] GC(351) Age table with threshold 15 (max threshold 15)
[2025-12-03T17:15:55.981+0000][6][gc,age      ] GC(351) - age   1:    2946632 bytes,    2946632 total
[2025-12-03T17:15:55.981+0000][6][gc,age      ] GC(351) - age   2:      76344 bytes,    3022976 total
[2025-12-03T17:15:55.981+0000][6][gc,age      ] GC(351) - age   3:      23736 bytes,    3046712 total
[2025-12-03T17:15:55.981+0000][6][gc,age      ] GC(351) - age   4:     521440 bytes,    3568152 total
[2025-12-03T17:15:55.981+0000][6][gc,age      ] GC(351) - age   5:      73744 bytes,    3641896 total
[2025-12-03T17:15:55.981+0000][6][gc,age      ] GC(351) - age   6:      59736 bytes,    3701632 total
[2025-12-03T17:15:55.981+0000][6][gc,age      ] GC(351) - age   7:     192232 bytes,    3893864 total
[2025-12-03T17:15:55.981+0000][6][gc,age      ] GC(351) - age   8:     253480 bytes,    4147344 total
[2025-12-03T17:15:55.981+0000][6][gc,age      ] GC(351) - age   9:     529136 bytes,    4676480 total
[2025-12-03T17:15:55.981+0000][6][gc,age      ] GC(351) - age  10:     429592 bytes,    5106072 total
[2025-12-03T17:15:55.981+0000][6][gc,age      ] GC(351) - age  11:      52848 bytes,    5158920 total
[2025-12-03T17:15:55.981+0000][6][gc,age      ] GC(351) - age  12:     285656 bytes,    5444576 total
[2025-12-03T17:15:55.981+0000][6][gc,age      ] GC(351) - age  13:     433720 bytes,    5878296 total
[2025-12-03T17:15:55.981+0000][6][gc,age      ] GC(351) - age  14:      87024 bytes,    5965320 total
[2025-12-03T17:15:55.981+0000][6][gc,age      ] GC(351) - age  15:    1179568 bytes,    7144888 total
[2025-12-03T17:15:55.981+0000][6][gc,phases   ] GC(351)   Pre Evacuate Collection Set: 0.4ms
[2025-12-03T17:15:55.981+0000][6][gc,phases   ] GC(351)   Merge Heap Roots: 0.2ms
[2025-12-03T17:15:55.982+0000][6][gc,phases   ] GC(351)   Evacuate Collection Set: 19.5ms
[2025-12-03T17:15:55.982+0000][6][gc,phases   ] GC(351)   Post Evacuate Collection Set: 2.7ms
[2025-12-03T17:15:55.982+0000][6][gc,phases   ] GC(351)   Other: 1.9ms
[2025-12-03T17:15:55.982+0000][6][gc,heap     ] GC(351) Eden regions: 59->0(59)
[2025-12-03T17:15:55.982+0000][6][gc,heap     ] GC(351) Survivor regions: 2->2(8)
[2025-12-03T17:15:55.982+0000][6][gc,heap     ] GC(351) Old regions: 40->40
[2025-12-03T17:15:55.982+0000][6][gc,heap     ] GC(351) Archive regions: 2->2
[2025-12-03T17:15:55.982+0000][6][gc,heap     ] GC(351) Humongous regions: 2->2
[2025-12-03T17:15:55.982+0000][6][gc,metaspace] GC(351) Metaspace: 118327K(120000K)->118327K(120000K) NonClass: 103428K(104384K)->103428K(104384K) Class: 14898K(15616K)->14898K(15616K)
[2025-12-03T17:15:55.982+0000][6][gc          ] GC(351) Pause Young (Normal) (G1 Evacuation Pause) 412M->175M(512M) 25.103ms
[2025-12-03T17:15:55.982+0000][6][gc,cpu      ] GC(351) User=0.15s Sys=0.00s Real=0.03s
[2025-12-03T17:15:55.982+0000][6][safepoint   ] Safepoint "G1CollectForAllocation", Time since last: 36407713184 ns, Reaching safepoint: 466208 ns, At safepoint: 25427833 ns, Total: 25894041 ns
[2025-12-03T17:15:57.985+0000][6][safepoint   ] Safepoint "Cleanup", Time since last: 2003150251 ns, Reaching safepoint: 87959 ns, At safepoint: 4291 ns, Total: 92250 ns
[2025-12-03T17:16:11.005+0000][6][safepoint   ] Safepoint "Cleanup", Time since last: 13019032881 ns, Reaching safepoint: 661334 ns, At safepoint: 32833 ns, Total: 694167 ns
[2025-12-03T17:16:28.263+0000][6][gc,start    ] GC(352) Pause Young (Concurrent Start) (G1 Evacuation Pause)
[2025-12-03T17:16:28.264+0000][6][gc,task     ] GC(352) Using 8 workers of 8 for evacuation
[2025-12-03T17:16:28.264+0000][6][gc,age      ] GC(352) Desired survivor size 16777216 bytes, new threshold 15 (max threshold 15)
[2025-12-03T17:16:28.293+0000][6][gc,age      ] GC(352) Age table with threshold 15 (max threshold 15)
[2025-12-03T17:16:28.293+0000][6][gc,age      ] GC(352) - age   1:    1242376 bytes,    1242376 total
[2025-12-03T17:16:28.293+0000][6][gc,age      ] GC(352) - age   2:      29736 bytes,    1272112 total
[2025-12-03T17:16:28.293+0000][6][gc,age      ] GC(352) - age   3:      62464 bytes,    1334576 total
[2025-12-03T17:16:28.293+0000][6][gc,age      ] GC(352) - age   4:      21880 bytes,    1356456 total
[2025-12-03T17:16:28.293+0000][6][gc,age      ] GC(352) - age   5:      21768 bytes,    1378224 total
[2025-12-03T17:16:28.293+0000][6][gc,age      ] GC(352) - age   6:      69696 bytes,    1447920 total
[2025-12-03T17:16:28.293+0000][6][gc,age      ] GC(352) - age   7:      59736 bytes,    1507656 total
[2025-12-03T17:16:28.293+0000][6][gc,age      ] GC(352) - age   8:     167632 bytes,    1675288 total
[2025-12-03T17:16:28.293+0000][6][gc,age      ] GC(352) - age   9:     178544 bytes,    1853832 total
[2025-12-03T17:16:28.293+0000][6][gc,age      ] GC(352) - age  10:     520336 bytes,    2374168 total
[2025-12-03T17:16:28.293+0000][6][gc,age      ] GC(352) - age  11:     429528 bytes,    2803696 total
[2025-12-03T17:16:28.294+0000][6][gc,age      ] GC(352) - age  12:      52848 bytes,    2856544 total
[2025-12-03T17:16:28.294+0000][6][gc,age      ] GC(352) - age  13:     285656 bytes,    3142200 total
[2025-12-03T17:16:28.294+0000][6][gc,age      ] GC(352) - age  14:     433720 bytes,    3575920 total
[2025-12-03T17:16:28.294+0000][6][gc,age      ] GC(352) - age  15:      87024 bytes,    3662944 total
[2025-12-03T17:16:28.294+0000][6][gc,phases   ] GC(352)   Pre Evacuate Collection Set: 1.5ms
[2025-12-03T17:16:28.294+0000][6][gc,phases   ] GC(352)   Merge Heap Roots: 0.1ms
[2025-12-03T17:16:28.294+0000][6][gc,phases   ] GC(352)   Evacuate Collection Set: 24.6ms
[2025-12-03T17:16:28.294+0000][6][gc,phases   ] GC(352)   Post Evacuate Collection Set: 2.2ms
[2025-12-03T17:16:28.294+0000][6][gc,phases   ] GC(352)   Other: 2.3ms
[2025-12-03T17:16:28.294+0000][6][gc,heap     ] GC(352) Eden regions: 59->0(60)
[2025-12-03T17:16:28.294+0000][6][gc,heap     ] GC(352) Survivor regions: 2->1(8)
[2025-12-03T17:16:28.294+0000][6][gc,heap     ] GC(352) Old regions: 40->40
[2025-12-03T17:16:28.294+0000][6][gc,heap     ] GC(352) Archive regions: 2->2
[2025-12-03T17:16:28.294+0000][6][gc,heap     ] GC(352) Humongous regions: 2->2
[2025-12-03T17:16:28.294+0000][6][gc,metaspace] GC(352) Metaspace: 118328K(120000K)->118328K(120000K) NonClass: 103429K(104384K)->103429K(104384K) Class: 14898K(15616K)->14898K(15616K)
[2025-12-03T17:16:28.294+0000][6][gc          ] GC(352) Pause Young (Concurrent Start) (G1 Evacuation Pause) 411M->173M(512M) 31.060ms
[2025-12-03T17:16:28.295+0000][6][gc,cpu      ] GC(352) User=0.19s Sys=0.00s Real=0.03s
[2025-12-03T17:16:28.295+0000][6][safepoint   ] Safepoint "G1CollectForAllocation", Time since last: 17257853758 ns, Reaching safepoint: 317292 ns, At safepoint: 31412541 ns, Total: 31729833 ns
[2025-12-03T17:16:28.295+0000][6][gc          ] GC(353) Concurrent Mark Cycle
[2025-12-03T17:16:28.295+0000][6][gc,marking  ] GC(353) Concurrent Clear Claimed Marks
[2025-12-03T17:16:28.295+0000][6][gc,marking  ] GC(353) Concurrent Clear Claimed Marks 0.301ms
[2025-12-03T17:16:28.295+0000][6][gc,marking  ] GC(353) Concurrent Scan Root Regions
[2025-12-03T17:16:28.298+0000][6][gc,marking  ] GC(353) Concurrent Scan Root Regions 2.956ms
[2025-12-03T17:16:28.298+0000][6][gc,marking  ] GC(353) Concurrent Mark
[2025-12-03T17:16:28.298+0000][6][gc,marking  ] GC(353) Concurrent Mark From Roots
[2025-12-03T17:16:28.298+0000][6][gc,task     ] GC(353) Using 2 workers of 2 for marking
[2025-12-03T17:16:28.364+0000][6][gc,marking  ] GC(353) Concurrent Mark From Roots 65.541ms
[2025-12-03T17:16:28.364+0000][6][gc,marking  ] GC(353) Concurrent Preclean
[2025-12-03T17:16:28.364+0000][6][gc,marking  ] GC(353) Concurrent Preclean 0.246ms
[2025-12-03T17:16:28.364+0000][6][gc,start    ] GC(353) Pause Remark
[2025-12-03T17:16:28.389+0000][6][gc          ] GC(353) Pause Remark 175M->175M(512M) 24.856ms
[2025-12-03T17:16:28.390+0000][6][gc,cpu      ] GC(353) User=0.18s Sys=0.00s Real=0.02s
[2025-12-03T17:16:28.390+0000][6][safepoint   ] Safepoint "G1Concurrent", Time since last: 69750876 ns, Reaching safepoint: 86083 ns, At safepoint: 25225208 ns, Total: 25311291 ns
[2025-12-03T17:16:28.390+0000][6][gc,marking  ] GC(353) Concurrent Mark 91.533ms
[2025-12-03T17:16:28.390+0000][6][gc,marking  ] GC(353) Concurrent Rebuild Remembered Sets
[2025-12-03T17:16:28.429+0000][6][gc,marking  ] GC(353) Concurrent Rebuild Remembered Sets 38.770ms
[2025-12-03T17:16:28.429+0000][6][gc,start    ] GC(353) Pause Cleanup
[2025-12-03T17:16:28.429+0000][6][gc          ] GC(353) Pause Cleanup 175M->175M(512M) 0.166ms
[2025-12-03T17:16:28.429+0000][6][gc,cpu      ] GC(353) User=0.01s Sys=0.00s Real=0.00s
[2025-12-03T17:16:28.429+0000][6][safepoint   ] Safepoint "G1Concurrent", Time since last: 39268042 ns, Reaching safepoint: 84708 ns, At safepoint: 337209 ns, Total: 421917 ns
[2025-12-03T17:16:28.429+0000][6][gc,marking  ] GC(353) Concurrent Cleanup for Next Mark
[2025-12-03T17:16:28.431+0000][6][gc,marking  ] GC(353) Concurrent Cleanup for Next Mark 1.264ms
[2025-12-03T17:16:28.431+0000][6][gc          ] GC(353) Concurrent Mark Cycle 136.139ms
[2025-12-03T17:17:04.313+0000][6][gc,start    ] GC(354) Pause Young (Normal) (G1 Evacuation Pause)
[2025-12-03T17:17:04.316+0000][6][gc,task     ] GC(354) Using 8 workers of 8 for evacuation
[2025-12-03T17:17:04.317+0000][6][gc,age      ] GC(354) Desired survivor size 16777216 bytes, new threshold 15 (max threshold 15)
[2025-12-03T17:17:04.338+0000][6][gc,age      ] GC(354) Age table with threshold 15 (max threshold 15)
[2025-12-03T17:17:04.338+0000][6][gc,age      ] GC(354) - age   1:    2751848 bytes,    2751848 total
[2025-12-03T17:17:04.338+0000][6][gc,age      ] GC(354) - age   2:     741512 bytes,    3493360 total
[2025-12-03T17:17:04.338+0000][6][gc,age      ] GC(354) - age   3:      22672 bytes,    3516032 total
[2025-12-03T17:17:04.338+0000][6][gc,age      ] GC(354) - age   4:      60600 bytes,    3576632 total
[2025-12-03T17:17:04.339+0000][6][gc,age      ] GC(354) - age   5:      20984 bytes,    3597616 total
[2025-12-03T17:17:04.339+0000][6][gc,age      ] GC(354) - age   6:      21768 bytes,    3619384 total
[2025-12-03T17:17:04.339+0000][6][gc,age      ] GC(354) - age   7:      69568 bytes,    3688952 total
[2025-12-03T17:17:04.339+0000][6][gc,age      ] GC(354) - age   8:      59736 bytes,    3748688 total
[2025-12-03T17:17:04.339+0000][6][gc,age      ] GC(354) - age   9:     167184 bytes,    3915872 total
[2025-12-03T17:17:04.339+0000][6][gc,age      ] GC(354) - age  10:     178416 bytes,    4094288 total
[2025-12-03T17:17:04.339+0000][6][gc,age      ] GC(354) - age  11:     519688 bytes,    4613976 total
[2025-12-03T17:17:04.339+0000][6][gc,age      ] GC(354) - age  12:     429528 bytes,    5043504 total
[2025-12-03T17:17:04.339+0000][6][gc,age      ] GC(354) - age  13:      52848 bytes,    5096352 total
[2025-12-03T17:17:04.339+0000][6][gc,age      ] GC(354) - age  14:     285656 bytes,    5382008 total
[2025-12-03T17:17:04.339+0000][6][gc,age      ] GC(354) - age  15:     433720 bytes,    5815728 total
[2025-12-03T17:17:04.339+0000][6][gc,phases   ] GC(354)   Pre Evacuate Collection Set: 0.7ms
[2025-12-03T17:17:04.339+0000][6][gc,phases   ] GC(354)   Merge Heap Roots: 0.4ms
[2025-12-03T17:17:04.339+0000][6][gc,phases   ] GC(354)   Evacuate Collection Set: 14.3ms
[2025-12-03T17:17:04.339+0000][6][gc,phases   ] GC(354)   Post Evacuate Collection Set: 5.8ms
[2025-12-03T17:17:04.340+0000][6][gc,phases   ] GC(354)   Other: 5.3ms
[2025-12-03T17:17:04.340+0000][6][gc,heap     ] GC(354) Eden regions: 60->0(59)
[2025-12-03T17:17:04.340+0000][6][gc,heap     ] GC(354) Survivor regions: 1->2(8)
[2025-12-03T17:17:04.340+0000][6][gc,heap     ] GC(354) Old regions: 40->40
[2025-12-03T17:17:04.340+0000][6][gc,heap     ] GC(354) Archive regions: 2->2
[2025-12-03T17:17:04.340+0000][6][gc,heap     ] GC(354) Humongous regions: 2->2
[2025-12-03T17:17:04.340+0000][6][gc,metaspace] GC(354) Metaspace: 118328K(120000K)->118328K(120000K) NonClass: 103429K(104384K)->103429K(104384K) Class: 14898K(15616K)->14898K(15616K)
[2025-12-03T17:17:04.340+0000][6][gc          ] GC(354) Pause Young (Normal) (G1 Evacuation Pause) 413M->175M(512M) 27.143ms
[2025-12-03T17:17:04.340+0000][6][gc,cpu      ] GC(354) User=0.12s Sys=0.00s Real=0.02s
[2025-12-03T17:17:04.340+0000][6][safepoint   ] Safepoint "G1CollectForAllocation", Time since last: 35882597432 ns, Reaching safepoint: 1272166 ns, At safepoint: 27748750 ns, Total: 29020916 ns
[2025-12-03T17:17:38.220+0000][6][gc,start    ] GC(355) Pause Young (Concurrent Start) (G1 Evacuation Pause)
[2025-12-03T17:17:38.220+0000][6][gc,task     ] GC(355) Using 8 workers of 8 for evacuation
[2025-12-03T17:17:38.221+0000][6][gc,age      ] GC(355) Desired survivor size 16777216 bytes, new threshold 15 (max threshold 15)
[2025-12-03T17:17:38.239+0000][6][gc,age      ] GC(355) Age table with threshold 15 (max threshold 15)
[2025-12-03T17:17:38.239+0000][6][gc,age      ] GC(355) - age   1:    1515960 bytes,    1515960 total
[2025-12-03T17:17:38.239+0000][6][gc,age      ] GC(355) - age   2:    1419632 bytes,    2935592 total
[2025-12-03T17:17:38.239+0000][6][gc,age      ] GC(355) - age   3:     588704 bytes,    3524296 total
[2025-12-03T17:17:38.240+0000][6][gc,age      ] GC(355) - age   4:      21728 bytes,    3546024 total
[2025-12-03T17:17:38.240+0000][6][gc,age      ] GC(355) - age   5:      59872 bytes,    3605896 total
[2025-12-03T17:17:38.240+0000][6][gc,age      ] GC(355) - age   6:      20984 bytes,    3626880 total
[2025-12-03T17:17:38.240+0000][6][gc,age      ] GC(355) - age   7:      21704 bytes,    3648584 total
[2025-12-03T17:17:38.240+0000][6][gc,age      ] GC(355) - age   8:      69568 bytes,    3718152 total
[2025-12-03T17:17:38.240+0000][6][gc,age      ] GC(355) - age   9:      59712 bytes,    3777864 total
[2025-12-03T17:17:38.240+0000][6][gc,age      ] GC(355) - age  10:     167184 bytes,    3945048 total
[2025-12-03T17:17:38.240+0000][6][gc,age      ] GC(355) - age  11:     178416 bytes,    4123464 total
[2025-12-03T17:17:38.240+0000][6][gc,age      ] GC(355) - age  12:     519688 bytes,    4643152 total
[2025-12-03T17:17:38.240+0000][6][gc,age      ] GC(355) - age  13:     429528 bytes,    5072680 total
[2025-12-03T17:17:38.240+0000][6][gc,age      ] GC(355) - age  14:      52848 bytes,    5125528 total
[2025-12-03T17:17:38.240+0000][6][gc,age      ] GC(355) - age  15:     285656 bytes,    5411184 total
[2025-12-03T17:17:38.240+0000][6][gc,phases   ] GC(355)   Pre Evacuate Collection Set: 2.8ms
[2025-12-03T17:17:38.240+0000][6][gc,phases   ] GC(355)   Merge Heap Roots: 0.2ms
[2025-12-03T17:17:38.240+0000][6][gc,phases   ] GC(355)   Evacuate Collection Set: 13.1ms
[2025-12-03T17:17:38.240+0000][6][gc,phases   ] GC(355)   Post Evacuate Collection Set: 2.5ms
[2025-12-03T17:17:38.240+0000][6][gc,phases   ] GC(355)   Other: 1.9ms
[2025-12-03T17:17:38.240+0000][6][gc,heap     ] GC(355) Eden regions: 59->0(59)
[2025-12-03T17:17:38.240+0000][6][gc,heap     ] GC(355) Survivor regions: 2->2(8)
[2025-12-03T17:17:38.240+0000][6][gc,heap     ] GC(355) Old regions: 40->40
[2025-12-03T17:17:38.240+0000][6][gc,heap     ] GC(355) Archive regions: 2->2
[2025-12-03T17:17:38.240+0000][6][gc,heap     ] GC(355) Humongous regions: 2->2
[2025-12-03T17:17:38.240+0000][6][gc,metaspace] GC(355) Metaspace: 118328K(120000K)->118328K(120000K) NonClass: 103429K(104384K)->103429K(104384K) Class: 14898K(15616K)->14898K(15616K)
[2025-12-03T17:17:38.240+0000][6][gc          ] GC(355) Pause Young (Concurrent Start) (G1 Evacuation Pause) 411M->175M(512M) 20.659ms
[2025-12-03T17:17:38.240+0000][6][gc,cpu      ] GC(355) User=0.10s Sys=0.00s Real=0.02s
[2025-12-03T17:17:38.240+0000][6][safepoint   ] Safepoint "G1CollectForAllocation", Time since last: 33877367683 ns, Reaching safepoint: 879500 ns, At safepoint: 20916042 ns, Total: 21795542 ns
[2025-12-03T17:17:38.240+0000][6][gc          ] GC(356) Concurrent Mark Cycle
[2025-12-03T17:17:38.241+0000][6][gc,marking  ] GC(356) Concurrent Clear Claimed Marks
[2025-12-03T17:17:38.241+0000][6][gc,marking  ] GC(356) Concurrent Clear Claimed Marks 0.171ms
[2025-12-03T17:17:38.241+0000][6][gc,marking  ] GC(356) Concurrent Scan Root Regions
[2025-12-03T17:17:38.244+0000][6][gc,marking  ] GC(356) Concurrent Scan Root Regions 3.642ms
[2025-12-03T17:17:38.244+0000][6][gc,marking  ] GC(356) Concurrent Mark
[2025-12-03T17:17:38.245+0000][6][gc,marking  ] GC(356) Concurrent Mark From Roots
[2025-12-03T17:17:38.245+0000][6][gc,task     ] GC(356) Using 2 workers of 2 for marking
[2025-12-03T17:17:38.319+0000][6][gc,marking  ] GC(356) Concurrent Mark From Roots 74.857ms
[2025-12-03T17:17:38.319+0000][6][gc,marking  ] GC(356) Concurrent Preclean
[2025-12-03T17:17:38.320+0000][6][gc,marking  ] GC(356) Concurrent Preclean 0.245ms
[2025-12-03T17:17:38.320+0000][6][gc,start    ] GC(356) Pause Remark
[2025-12-03T17:17:38.342+0000][6][gc          ] GC(356) Pause Remark 179M->179M(512M) 22.421ms
[2025-12-03T17:17:38.342+0000][6][gc,cpu      ] GC(356) User=0.15s Sys=0.00s Real=0.03s
[2025-12-03T17:17:38.343+0000][6][safepoint   ] Safepoint "G1Concurrent", Time since last: 79479541 ns, Reaching safepoint: 74750 ns, At safepoint: 22622500 ns, Total: 22697250 ns
[2025-12-03T17:17:38.343+0000][6][gc,marking  ] GC(356) Concurrent Mark 98.136ms
[2025-12-03T17:17:38.343+0000][6][gc,marking  ] GC(356) Concurrent Rebuild Remembered Sets
[2025-12-03T17:17:38.372+0000][6][gc,marking  ] GC(356) Concurrent Rebuild Remembered Sets 29.076ms
[2025-12-03T17:17:38.372+0000][6][gc,start    ] GC(356) Pause Cleanup
[2025-12-03T17:17:38.372+0000][6][gc          ] GC(356) Pause Cleanup 179M->179M(512M) 0.132ms
[2025-12-03T17:17:38.372+0000][6][gc,cpu      ] GC(356) User=0.00s Sys=0.00s Real=0.00s
[2025-12-03T17:17:38.372+0000][6][safepoint   ] Safepoint "G1Concurrent", Time since last: 29308709 ns, Reaching safepoint: 67375 ns, At safepoint: 257708 ns, Total: 325083 ns
[2025-12-03T17:17:38.372+0000][6][gc,marking  ] GC(356) Concurrent Cleanup for Next Mark
[2025-12-03T17:17:38.374+0000][6][gc,marking  ] GC(356) Concurrent Cleanup for Next Mark 1.335ms
[2025-12-03T17:17:38.374+0000][6][gc          ] GC(356) Concurrent Mark Cycle 133.249ms
[2025-12-03T17:17:40.375+0000][6][safepoint   ] Safepoint "Cleanup", Time since last: 2002514584 ns, Reaching safepoint: 565084 ns, At safepoint: 13375 ns, Total: 578459 ns
[2025-12-03T17:18:12.949+0000][6][gc,start    ] GC(357) Pause Young (Normal) (G1 Evacuation Pause)
[2025-12-03T17:18:12.951+0000][6][gc,task     ] GC(357) Using 8 workers of 8 for evacuation
[2025-12-03T17:18:12.951+0000][6][gc,age      ] GC(357) Desired survivor size 16777216 bytes, new threshold 15 (max threshold 15)
[2025-12-03T17:18:12.963+0000][6][gc,age      ] GC(357) Age table with threshold 15 (max threshold 15)
[2025-12-03T17:18:12.963+0000][6][gc,age      ] GC(357) - age   1:    1473896 bytes,    1473896 total
[2025-12-03T17:18:12.964+0000][6][gc,age      ] GC(357) - age   2:      92960 bytes,    1566856 total
[2025-12-03T17:18:12.964+0000][6][gc,age      ] GC(357) - age   3:    1415936 bytes,    2982792 total
[2025-12-03T17:18:12.964+0000][6][gc,age      ] GC(357) - age   4:     587560 bytes,    3570352 total
[2025-12-03T17:18:12.964+0000][6][gc,age      ] GC(357) - age   5:      21376 bytes,    3591728 total
[2025-12-03T17:18:12.964+0000][6][gc,age      ] GC(357) - age   6:      59648 bytes,    3651376 total
[2025-12-03T17:18:12.964+0000][6][gc,age      ] GC(357) - age   7:      20984 bytes,    3672360 total
[2025-12-03T17:18:12.964+0000][6][gc,age      ] GC(357) - age   8:      21576 bytes,    3693936 total
[2025-12-03T17:18:12.964+0000][6][gc,age      ] GC(357) - age   9:      69568 bytes,    3763504 total
[2025-12-03T17:18:12.964+0000][6][gc,age      ] GC(357) - age  10:      59712 bytes,    3823216 total
[2025-12-03T17:18:12.964+0000][6][gc,age      ] GC(357) - age  11:     167024 bytes,    3990240 total
[2025-12-03T17:18:12.964+0000][6][gc,age      ] GC(357) - age  12:     178080 bytes,    4168320 total
[2025-12-03T17:18:12.964+0000][6][gc,age      ] GC(357) - age  13:     519688 bytes,    4688008 total
[2025-12-03T17:18:12.964+0000][6][gc,age      ] GC(357) - age  14:     429528 bytes,    5117536 total
[2025-12-03T17:18:12.964+0000][6][gc,age      ] GC(357) - age  15:      52848 bytes,    5170384 total
[2025-12-03T17:18:12.964+0000][6][gc,phases   ] GC(357)   Pre Evacuate Collection Set: 0.3ms
[2025-12-03T17:18:12.964+0000][6][gc,phases   ] GC(357)   Merge Heap Roots: 0.3ms
[2025-12-03T17:18:12.965+0000][6][gc,phases   ] GC(357)   Evacuate Collection Set: 9.0ms
[2025-12-03T17:18:12.965+0000][6][gc,phases   ] GC(357)   Post Evacuate Collection Set: 2.5ms
[2025-12-03T17:18:12.965+0000][6][gc,phases   ] GC(357)   Other: 3.3ms
[2025-12-03T17:18:12.965+0000][6][gc,heap     ] GC(357) Eden regions: 59->0(60)
[2025-12-03T17:18:12.965+0000][6][gc,heap     ] GC(357) Survivor regions: 2->2(8)
[2025-12-03T17:18:12.965+0000][6][gc,heap     ] GC(357) Old regions: 40->40
[2025-12-03T17:18:12.965+0000][6][gc,heap     ] GC(357) Archive regions: 2->2
[2025-12-03T17:18:12.965+0000][6][gc,heap     ] GC(357) Humongous regions: 2->2
[2025-12-03T17:18:12.965+0000][6][gc,metaspace] GC(357) Metaspace: 118328K(120000K)->118328K(120000K) NonClass: 103429K(104384K)->103429K(104384K) Class: 14898K(15616K)->14898K(15616K)
[2025-12-03T17:18:12.965+0000][6][gc          ] GC(357) Pause Young (Normal) (G1 Evacuation Pause) 411M->175M(512M) 15.969ms
[2025-12-03T17:18:12.965+0000][6][gc,cpu      ] GC(357) User=0.07s Sys=0.00s Real=0.02s
[2025-12-03T17:18:12.965+0000][6][safepoint   ] Safepoint "G1CollectForAllocation", Time since last: 32572972056 ns, Reaching safepoint: 552667 ns, At safepoint: 16329333 ns, Total: 16882000 ns
[2025-12-03T17:18:15.975+0000][6][safepoint   ] Safepoint "Cleanup", Time since last: 3009841544 ns, Reaching safepoint: 125500 ns, At safepoint: 9541 ns, Total: 135041 ns
[2025-12-03T17:18:51.971+0000][6][gc,start    ] GC(358) Pause Young (Concurrent Start) (G1 Evacuation Pause)
[2025-12-03T17:18:51.973+0000][6][gc,task     ] GC(358) Using 8 workers of 8 for evacuation
[2025-12-03T17:18:51.973+0000][6][gc,age      ] GC(358) Desired survivor size 16777216 bytes, new threshold 15 (max threshold 15)
[2025-12-03T17:18:51.994+0000][6][gc,age      ] GC(358) Age table with threshold 15 (max threshold 15)
[2025-12-03T17:18:51.994+0000][6][gc,age      ] GC(358) - age   1:    2474440 bytes,    2474440 total
[2025-12-03T17:18:51.994+0000][6][gc,age      ] GC(358) - age   2:      47448 bytes,    2521888 total
[2025-12-03T17:18:51.994+0000][6][gc,age      ] GC(358) - age   3:      88840 bytes,    2610728 total
[2025-12-03T17:18:51.994+0000][6][gc,age      ] GC(358) - age   4:    1415808 bytes,    4026536 total
[2025-12-03T17:18:51.994+0000][6][gc,age      ] GC(358) - age   5:      88408 bytes,    4114944 total
[2025-12-03T17:18:51.994+0000][6][gc,age      ] GC(358) - age   6:      21056 bytes,    4136000 total
[2025-12-03T17:18:51.995+0000][6][gc,age      ] GC(358) - age   7:      59648 bytes,    4195648 total
[2025-12-03T17:18:51.995+0000][6][gc,age      ] GC(358) - age   8:      20984 bytes,    4216632 total
[2025-12-03T17:18:51.995+0000][6][gc,age      ] GC(358) - age   9:      21576 bytes,    4238208 total
[2025-12-03T17:18:51.995+0000][6][gc,age      ] GC(358) - age  10:      69568 bytes,    4307776 total
[2025-12-03T17:18:51.995+0000][6][gc,age      ] GC(358) - age  11:      59712 bytes,    4367488 total
[2025-12-03T17:18:51.995+0000][6][gc,age      ] GC(358) - age  12:     167024 bytes,    4534512 total
[2025-12-03T17:18:51.995+0000][6][gc,age      ] GC(358) - age  13:     178080 bytes,    4712592 total
[2025-12-03T17:18:51.995+0000][6][gc,age      ] GC(358) - age  14:     519688 bytes,    5232280 total
[2025-12-03T17:18:51.995+0000][6][gc,age      ] GC(358) - age  15:     429528 bytes,    5661808 total
[2025-12-03T17:18:51.995+0000][6][gc,phases   ] GC(358)   Pre Evacuate Collection Set: 3.6ms
[2025-12-03T17:18:51.995+0000][6][gc,phases   ] GC(358)   Merge Heap Roots: 0.3ms
[2025-12-03T17:18:51.995+0000][6][gc,phases   ] GC(358)   Evacuate Collection Set: 13.9ms
[2025-12-03T17:18:51.995+0000][6][gc,phases   ] GC(358)   Post Evacuate Collection Set: 2.3ms
[2025-12-03T17:18:51.995+0000][6][gc,phases   ] GC(358)   Other: 4.3ms
[2025-12-03T17:18:51.996+0000][6][gc,heap     ] GC(358) Eden regions: 60->0(60)
[2025-12-03T17:18:51.996+0000][6][gc,heap     ] GC(358) Survivor regions: 2->2(8)
[2025-12-03T17:18:51.996+0000][6][gc,heap     ] GC(358) Old regions: 40->40
[2025-12-03T17:18:51.996+0000][6][gc,heap     ] GC(358) Archive regions: 2->2
[2025-12-03T17:18:51.996+0000][6][gc,heap     ] GC(358) Humongous regions: 2->2
[2025-12-03T17:18:51.996+0000][6][gc,metaspace] GC(358) Metaspace: 118328K(120000K)->118328K(120000K) NonClass: 103429K(104384K)->103429K(104384K) Class: 14898K(15616K)->14898K(15616K)
[2025-12-03T17:18:51.996+0000][6][gc          ] GC(358) Pause Young (Concurrent Start) (G1 Evacuation Pause) 415M->176M(512M) 25.032ms
[2025-12-03T17:18:51.996+0000][6][gc,cpu      ] GC(358) User=0.10s Sys=0.00s Real=0.03s
[2025-12-03T17:18:51.996+0000][6][safepoint   ] Safepoint "G1CollectForAllocation", Time since last: 35994973433 ns, Reaching safepoint: 1168542 ns, At safepoint: 25545417 ns, Total: 26713959 ns
[2025-12-03T17:18:51.996+0000][6][gc          ] GC(359) Concurrent Mark Cycle
[2025-12-03T17:18:51.997+0000][6][gc,marking  ] GC(359) Concurrent Clear Claimed Marks
[2025-12-03T17:18:51.997+0000][6][gc,marking  ] GC(359) Concurrent Clear Claimed Marks 0.172ms
[2025-12-03T17:18:51.997+0000][6][gc,marking  ] GC(359) Concurrent Scan Root Regions
[2025-12-03T17:18:52.001+0000][6][gc,marking  ] GC(359) Concurrent Scan Root Regions 3.804ms
[2025-12-03T17:18:52.002+0000][6][gc,marking  ] GC(359) Concurrent Mark
[2025-12-03T17:18:52.002+0000][6][gc,marking  ] GC(359) Concurrent Mark From Roots
[2025-12-03T17:18:52.002+0000][6][gc,task     ] GC(359) Using 2 workers of 2 for marking
[2025-12-03T17:18:52.095+0000][6][gc,marking  ] GC(359) Concurrent Mark From Roots 93.040ms
[2025-12-03T17:18:52.095+0000][6][gc,marking  ] GC(359) Concurrent Preclean
[2025-12-03T17:18:52.096+0000][6][gc,marking  ] GC(359) Concurrent Preclean 0.233ms
[2025-12-03T17:18:52.096+0000][6][gc,start    ] GC(359) Pause Remark
[2025-12-03T17:18:52.119+0000][6][gc          ] GC(359) Pause Remark 187M->187M(512M) 22.767ms
[2025-12-03T17:18:52.119+0000][6][gc,cpu      ] GC(359) User=0.16s Sys=0.00s Real=0.02s
[2025-12-03T17:18:52.119+0000][6][safepoint   ] Safepoint "G1Concurrent", Time since last: 99635708 ns, Reaching safepoint: 139167 ns, At safepoint: 23009292 ns, Total: 23148459 ns
[2025-12-03T17:18:52.119+0000][6][gc,marking  ] GC(359) Concurrent Mark 116.854ms
[2025-12-03T17:18:52.119+0000][6][gc,marking  ] GC(359) Concurrent Rebuild Remembered Sets
[2025-12-03T17:18:52.157+0000][6][gc,marking  ] GC(359) Concurrent Rebuild Remembered Sets 37.626ms
[2025-12-03T17:18:52.157+0000][6][gc,start    ] GC(359) Pause Cleanup
[2025-12-03T17:18:52.157+0000][6][gc          ] GC(359) Pause Cleanup 189M->189M(512M) 0.188ms
[2025-12-03T17:18:52.157+0000][6][gc,cpu      ] GC(359) User=0.00s Sys=0.00s Real=0.00s
[2025-12-03T17:18:52.157+0000][6][safepoint   ] Safepoint "G1Concurrent", Time since last: 37928458 ns, Reaching safepoint: 69000 ns, At safepoint: 360792 ns, Total: 429792 ns
[2025-12-03T17:18:52.157+0000][6][gc,marking  ] GC(359) Concurrent Cleanup for Next Mark
[2025-12-03T17:18:52.159+0000][6][gc,marking  ] GC(359) Concurrent Cleanup for Next Mark 1.574ms
[2025-12-03T17:18:52.159+0000][6][gc          ] GC(359) Concurrent Mark Cycle 162.829ms
[2025-12-03T17:19:14.197+0000][6][safepoint   ] Safepoint "Cleanup", Time since last: 22031936759 ns, Reaching safepoint: 17387208 ns, At safepoint: 40917 ns, Total: 17428125 ns
[2025-12-03T17:19:22.183+0000][6][gc,start    ] GC(360) Pause Young (Normal) (G1 Evacuation Pause)
[2025-12-03T17:19:22.183+0000][6][gc,task     ] GC(360) Using 8 workers of 8 for evacuation
[2025-12-03T17:19:22.183+0000][6][gc,age      ] GC(360) Desired survivor size 16777216 bytes, new threshold 15 (max threshold 15)
[2025-12-03T17:19:22.203+0000][6][gc,age      ] GC(360) Age table with threshold 15 (max threshold 15)
[2025-12-03T17:19:22.203+0000][6][gc,age      ] GC(360) - age   1:    2221984 bytes,    2221984 total
[2025-12-03T17:19:22.203+0000][6][gc,age      ] GC(360) - age   2:    1215728 bytes,    3437712 total
[2025-12-03T17:19:22.203+0000][6][gc,age      ] GC(360) - age   3:      42352 bytes,    3480064 total
[2025-12-03T17:19:22.203+0000][6][gc,age      ] GC(360) - age   4:      87560 bytes,    3567624 total
[2025-12-03T17:19:22.203+0000][6][gc,age      ] GC(360) - age   5:    1415648 bytes,    4983272 total
[2025-12-03T17:19:22.203+0000][6][gc,age      ] GC(360) - age   6:      88216 bytes,    5071488 total
[2025-12-03T17:19:22.203+0000][6][gc,age      ] GC(360) - age   7:      20992 bytes,    5092480 total
[2025-12-03T17:19:22.203+0000][6][gc,age      ] GC(360) - age   8:      59648 bytes,    5152128 total
[2025-12-03T17:19:22.203+0000][6][gc,age      ] GC(360) - age   9:      20984 bytes,    5173112 total
[2025-12-03T17:19:22.203+0000][6][gc,age      ] GC(360) - age  10:      21576 bytes,    5194688 total
[2025-12-03T17:19:22.203+0000][6][gc,age      ] GC(360) - age  11:      69568 bytes,    5264256 total
[2025-12-03T17:19:22.203+0000][6][gc,age      ] GC(360) - age  12:      59712 bytes,    5323968 total
[2025-12-03T17:19:22.204+0000][6][gc,age      ] GC(360) - age  13:     167024 bytes,    5490992 total
[2025-12-03T17:19:22.204+0000][6][gc,age      ] GC(360) - age  14:     178080 bytes,    5669072 total
[2025-12-03T17:19:22.204+0000][6][gc,age      ] GC(360) - age  15:     519688 bytes,    6188760 total
[2025-12-03T17:19:22.204+0000][6][gc,phases   ] GC(360)   Pre Evacuate Collection Set: 0.4ms
[2025-12-03T17:19:22.204+0000][6][gc,phases   ] GC(360)   Merge Heap Roots: 0.3ms
[2025-12-03T17:19:22.204+0000][6][gc,phases   ] GC(360)   Evacuate Collection Set: 13.5ms
[2025-12-03T17:19:22.204+0000][6][gc,phases   ] GC(360)   Post Evacuate Collection Set: 4.9ms
[2025-12-03T17:19:22.204+0000][6][gc,phases   ] GC(360)   Other: 2.2ms
[2025-12-03T17:19:22.204+0000][6][gc,heap     ] GC(360) Eden regions: 60->0(60)
[2025-12-03T17:19:22.204+0000][6][gc,heap     ] GC(360) Survivor regions: 2->2(8)
[2025-12-03T17:19:22.204+0000][6][gc,heap     ] GC(360) Old regions: 40->40
[2025-12-03T17:19:22.204+0000][6][gc,heap     ] GC(360) Archive regions: 2->2
[2025-12-03T17:19:22.204+0000][6][gc,heap     ] GC(360) Humongous regions: 2->2
[2025-12-03T17:19:22.204+0000][6][gc,metaspace] GC(360) Metaspace: 118329K(120000K)->118329K(120000K) NonClass: 103429K(104384K)->103429K(104384K) Class: 14899K(15616K)->14899K(15616K)
[2025-12-03T17:19:22.204+0000][6][gc          ] GC(360) Pause Young (Normal) (G1 Evacuation Pause) 416M->177M(512M) 21.884ms
[2025-12-03T17:19:22.205+0000][6][gc,cpu      ] GC(360) User=0.09s Sys=0.01s Real=0.02s
[2025-12-03T17:19:22.205+0000][6][safepoint   ] Safepoint "G1CollectForAllocation", Time since last: 7984716004 ns, Reaching safepoint: 216625 ns, At safepoint: 22267792 ns, Total: 22484417 ns
[2025-12-03T17:19:30.214+0000][6][safepoint   ] Safepoint "Cleanup", Time since last: 8008792712 ns, Reaching safepoint: 163500 ns, At safepoint: 20916 ns, Total: 184416 ns
[2025-12-03T17:20:00.994+0000][6][gc,start    ] GC(361) Pause Young (Concurrent Start) (G1 Evacuation Pause)
[2025-12-03T17:20:00.995+0000][6][gc,task     ] GC(361) Using 8 workers of 8 for evacuation
[2025-12-03T17:20:00.996+0000][6][gc,age      ] GC(361) Desired survivor size 16777216 bytes, new threshold 15 (max threshold 15)
[2025-12-03T17:20:01.008+0000][6][gc,age      ] GC(361) Age table with threshold 15 (max threshold 15)
[2025-12-03T17:20:01.008+0000][6][gc,age      ] GC(361) - age   1:    2039304 bytes,    2039304 total
[2025-12-03T17:20:01.008+0000][6][gc,age      ] GC(361) - age   2:     779128 bytes,    2818432 total
[2025-12-03T17:20:01.008+0000][6][gc,age      ] GC(361) - age   3:     998928 bytes,    3817360 total
[2025-12-03T17:20:01.008+0000][6][gc,age      ] GC(361) - age   4:      40656 bytes,    3858016 total
[2025-12-03T17:20:01.008+0000][6][gc,age      ] GC(361) - age   5:      86792 bytes,    3944808 total
[2025-12-03T17:20:01.008+0000][6][gc,age      ] GC(361) - age   6:    1415424 bytes,    5360232 total
[2025-12-03T17:20:01.008+0000][6][gc,age      ] GC(361) - age   7:      88152 bytes,    5448384 total
[2025-12-03T17:20:01.009+0000][6][gc,age      ] GC(361) - age   8:      20992 bytes,    5469376 total
[2025-12-03T17:20:01.009+0000][6][gc,age      ] GC(361) - age   9:      59648 bytes,    5529024 total
[2025-12-03T17:20:01.009+0000][6][gc,age      ] GC(361) - age  10:      20984 bytes,    5550008 total
[2025-12-03T17:20:01.009+0000][6][gc,age      ] GC(361) - age  11:      21576 bytes,    5571584 total
[2025-12-03T17:20:01.009+0000][6][gc,age      ] GC(361) - age  12:      69568 bytes,    5641152 total
[2025-12-03T17:20:01.009+0000][6][gc,age      ] GC(361) - age  13:      59712 bytes,    5700864 total
[2025-12-03T17:20:01.009+0000][6][gc,age      ] GC(361) - age  14:     167024 bytes,    5867888 total
[2025-12-03T17:20:01.009+0000][6][gc,age      ] GC(361) - age  15:     178080 bytes,    6045968 total
[2025-12-03T17:20:01.009+0000][6][gc,phases   ] GC(361)   Pre Evacuate Collection Set: 1.9ms
[2025-12-03T17:20:01.009+0000][6][gc,phases   ] GC(361)   Merge Heap Roots: 0.1ms
[2025-12-03T17:20:01.009+0000][6][gc,phases   ] GC(361)   Evacuate Collection Set: 8.7ms
[2025-12-03T17:20:01.009+0000][6][gc,phases   ] GC(361)   Post Evacuate Collection Set: 1.7ms
[2025-12-03T17:20:01.009+0000][6][gc,phases   ] GC(361)   Other: 1.9ms
[2025-12-03T17:20:01.009+0000][6][gc,heap     ] GC(361) Eden regions: 60->0(60)
[2025-12-03T17:20:01.009+0000][6][gc,heap     ] GC(361) Survivor regions: 2->2(8)
[2025-12-03T17:20:01.009+0000][6][gc,heap     ] GC(361) Old regions: 40->40
[2025-12-03T17:20:01.009+0000][6][gc,heap     ] GC(361) Archive regions: 2->2
[2025-12-03T17:20:01.009+0000][6][gc,heap     ] GC(361) Humongous regions: 2->2
[2025-12-03T17:20:01.009+0000][6][gc,metaspace] GC(361) Metaspace: 118329K(120000K)->118329K(120000K) NonClass: 103429K(104384K)->103429K(104384K) Class: 14899K(15616K)->14899K(15616K)
[2025-12-03T17:20:01.009+0000][6][gc          ] GC(361) Pause Young (Concurrent Start) (G1 Evacuation Pause) 417M->177M(512M) 14.510ms
[2025-12-03T17:20:01.009+0000][6][gc,cpu      ] GC(361) User=0.06s Sys=0.00s Real=0.01s
[2025-12-03T17:20:01.009+0000][6][safepoint   ] Safepoint "G1CollectForAllocation", Time since last: 30770152431 ns, Reaching safepoint: 429417 ns, At safepoint: 14733291 ns, Total: 15162708 ns
[2025-12-03T17:20:01.009+0000][6][gc          ] GC(362) Concurrent Mark Cycle
[2025-12-03T17:20:01.009+0000][6][gc,marking  ] GC(362) Concurrent Clear Claimed Marks
[2025-12-03T17:20:01.009+0000][6][gc,marking  ] GC(362) Concurrent Clear Claimed Marks 0.124ms
[2025-12-03T17:20:01.009+0000][6][gc,marking  ] GC(362) Concurrent Scan Root Regions
[2025-12-03T17:20:01.012+0000][6][gc,marking  ] GC(362) Concurrent Scan Root Regions 2.753ms
[2025-12-03T17:20:01.012+0000][6][gc,marking  ] GC(362) Concurrent Mark
[2025-12-03T17:20:01.012+0000][6][gc,marking  ] GC(362) Concurrent Mark From Roots
[2025-12-03T17:20:01.012+0000][6][gc,task     ] GC(362) Using 2 workers of 2 for marking
[2025-12-03T17:20:01.070+0000][6][gc,marking  ] GC(362) Concurrent Mark From Roots 57.320ms
[2025-12-03T17:20:01.070+0000][6][gc,marking  ] GC(362) Concurrent Preclean
[2025-12-03T17:20:01.070+0000][6][gc,marking  ] GC(362) Concurrent Preclean 0.218ms
[2025-12-03T17:20:01.070+0000][6][gc,start    ] GC(362) Pause Remark
[2025-12-03T17:20:01.093+0000][6][gc          ] GC(362) Pause Remark 178M->178M(512M) 23.303ms
[2025-12-03T17:20:01.094+0000][6][gc,cpu      ] GC(362) User=0.18s Sys=0.00s Real=0.03s
[2025-12-03T17:20:01.094+0000][6][safepoint   ] Safepoint "G1Concurrent", Time since last: 60914792 ns, Reaching safepoint: 56542 ns, At safepoint: 23484250 ns, Total: 23540792 ns
[2025-12-03T17:20:01.094+0000][6][gc,marking  ] GC(362) Concurrent Mark 81.450ms
[2025-12-03T17:20:01.094+0000][6][gc,marking  ] GC(362) Concurrent Rebuild Remembered Sets
[2025-12-03T17:20:01.124+0000][6][gc,marking  ] GC(362) Concurrent Rebuild Remembered Sets 30.451ms
[2025-12-03T17:20:01.124+0000][6][gc,start    ] GC(362) Pause Cleanup
[2025-12-03T17:20:01.124+0000][6][gc          ] GC(362) Pause Cleanup 178M->178M(512M) 0.130ms
[2025-12-03T17:20:01.124+0000][6][gc,cpu      ] GC(362) User=0.00s Sys=0.00s Real=0.00s
[2025-12-03T17:20:01.125+0000][6][safepoint   ] Safepoint "G1Concurrent", Time since last: 30706458 ns, Reaching safepoint: 41250 ns, At safepoint: 235292 ns, Total: 276542 ns
[2025-12-03T17:20:01.125+0000][6][gc,marking  ] GC(362) Concurrent Cleanup for Next Mark
[2025-12-03T17:20:01.126+0000][6][gc,marking  ] GC(362) Concurrent Cleanup for Next Mark 1.297ms
[2025-12-03T17:20:01.126+0000][6][gc          ] GC(362) Concurrent Mark Cycle 116.825ms
[2025-12-03T17:20:20.152+0000][6][safepoint   ] Safepoint "Cleanup", Time since last: 19026741175 ns, Reaching safepoint: 560916 ns, At safepoint: 17209 ns, Total: 578125 ns
[2025-12-03T17:20:38.293+0000][6][gc,start    ] GC(363) Pause Young (Normal) (G1 Evacuation Pause)
[2025-12-03T17:20:38.294+0000][6][gc,task     ] GC(363) Using 8 workers of 8 for evacuation
[2025-12-03T17:20:38.295+0000][6][gc,age      ] GC(363) Desired survivor size 16777216 bytes, new threshold 15 (max threshold 15)
[2025-12-03T17:20:38.314+0000][6][gc,age      ] GC(363) Age table with threshold 15 (max threshold 15)
[2025-12-03T17:20:38.314+0000][6][gc,age      ] GC(363) - age   1:    2880056 bytes,    2880056 total
[2025-12-03T17:20:38.314+0000][6][gc,age      ] GC(363) - age   2:     236024 bytes,    3116080 total
[2025-12-03T17:20:38.314+0000][6][gc,age      ] GC(363) - age   3:     616256 bytes,    3732336 total
[2025-12-03T17:20:38.314+0000][6][gc,age      ] GC(363) - age   4:     498832 bytes,    4231168 total
[2025-12-03T17:20:38.314+0000][6][gc,age      ] GC(363) - age   5:      39952 bytes,    4271120 total
[2025-12-03T17:20:38.314+0000][6][gc,age      ] GC(363) - age   6:      86792 bytes,    4357912 total
[2025-12-03T17:20:38.314+0000][6][gc,age      ] GC(363) - age   7:    1415424 bytes,    5773336 total
[2025-12-03T17:20:38.314+0000][6][gc,age      ] GC(363) - age   8:      88024 bytes,    5861360 total
[2025-12-03T17:20:38.314+0000][6][gc,age      ] GC(363) - age   9:      20992 bytes,    5882352 total
[2025-12-03T17:20:38.314+0000][6][gc,age      ] GC(363) - age  10:      59536 bytes,    5941888 total
[2025-12-03T17:20:38.314+0000][6][gc,age      ] GC(363) - age  11:      20984 bytes,    5962872 total
[2025-12-03T17:20:38.314+0000][6][gc,age      ] GC(363) - age  12:      21576 bytes,    5984448 total
[2025-12-03T17:20:38.314+0000][6][gc,age      ] GC(363) - age  13:      69568 bytes,    6054016 total
[2025-12-03T17:20:38.314+0000][6][gc,age      ] GC(363) - age  14:      59712 bytes,    6113728 total
[2025-12-03T17:20:38.315+0000][6][gc,age      ] GC(363) - age  15:     167024 bytes,    6280752 total
[2025-12-03T17:20:38.315+0000][6][gc,phases   ] GC(363)   Pre Evacuate Collection Set: 1.2ms
[2025-12-03T17:20:38.315+0000][6][gc,phases   ] GC(363)   Merge Heap Roots: 0.2ms
[2025-12-03T17:20:38.315+0000][6][gc,phases   ] GC(363)   Evacuate Collection Set: 16.2ms
[2025-12-03T17:20:38.315+0000][6][gc,phases   ] GC(363)   Post Evacuate Collection Set: 2.2ms
[2025-12-03T17:20:38.315+0000][6][gc,phases   ] GC(363)   Other: 2.0ms
[2025-12-03T17:20:38.315+0000][6][gc,heap     ] GC(363) Eden regions: 60->0(59)
[2025-12-03T17:20:38.315+0000][6][gc,heap     ] GC(363) Survivor regions: 2->2(8)
[2025-12-03T17:20:38.315+0000][6][gc,heap     ] GC(363) Old regions: 40->40
[2025-12-03T17:20:38.315+0000][6][gc,heap     ] GC(363) Archive regions: 2->2
[2025-12-03T17:20:38.315+0000][6][gc,heap     ] GC(363) Humongous regions: 2->2
[2025-12-03T17:20:38.315+0000][6][gc,metaspace] GC(363) Metaspace: 118329K(120000K)->118329K(120000K) NonClass: 103429K(104384K)->103429K(104384K) Class: 14899K(15616K)->14899K(15616K)
[2025-12-03T17:20:38.315+0000][6][gc          ] GC(363) Pause Young (Normal) (G1 Evacuation Pause) 417M->178M(512M) 22.285ms
[2025-12-03T17:20:38.315+0000][6][gc,cpu      ] GC(363) User=0.13s Sys=0.00s Real=0.02s
[2025-12-03T17:20:38.315+0000][6][safepoint   ] Safepoint "G1CollectForAllocation", Time since last: 18140924632 ns, Reaching safepoint: 241125 ns, At safepoint: 22579792 ns, Total: 22820917 ns
[2025-12-03T17:21:16.079+0000][6][gc,start    ] GC(364) Pause Young (Concurrent Start) (G1 Evacuation Pause)
[2025-12-03T17:21:16.080+0000][6][gc,task     ] GC(364) Using 8 workers of 8 for evacuation
[2025-12-03T17:21:16.080+0000][6][gc,age      ] GC(364) Desired survivor size 16777216 bytes, new threshold 15 (max threshold 15)
[2025-12-03T17:21:16.092+0000][6][gc,age      ] GC(364) Age table with threshold 15 (max threshold 15)
[2025-12-03T17:21:16.092+0000][6][gc,age      ] GC(364) - age   1:    1993616 bytes,    1993616 total
[2025-12-03T17:21:16.092+0000][6][gc,age      ] GC(364) - age   2:     978448 bytes,    2972064 total
[2025-12-03T17:21:16.092+0000][6][gc,age      ] GC(364) - age   3:     231096 bytes,    3203160 total
[2025-12-03T17:21:16.092+0000][6][gc,age      ] GC(364) - age   4:     614976 bytes,    3818136 total
[2025-12-03T17:21:16.092+0000][6][gc,age      ] GC(364) - age   5:     498512 bytes,    4316648 total
[2025-12-03T17:21:16.092+0000][6][gc,age      ] GC(364) - age   6:      39952 bytes,    4356600 total
[2025-12-03T17:21:16.092+0000][6][gc,age      ] GC(364) - age   7:      86696 bytes,    4443296 total
[2025-12-03T17:21:16.092+0000][6][gc,age      ] GC(364) - age   8:    1415280 bytes,    5858576 total
[2025-12-03T17:21:16.092+0000][6][gc,age      ] GC(364) - age   9:      87992 bytes,    5946568 total
[2025-12-03T17:21:16.092+0000][6][gc,age      ] GC(364) - age  10:      20992 bytes,    5967560 total
[2025-12-03T17:21:16.092+0000][6][gc,age      ] GC(364) - age  11:      59536 bytes,    6027096 total
[2025-12-03T17:21:16.092+0000][6][gc,age      ] GC(364) - age  12:      20984 bytes,    6048080 total
[2025-12-03T17:21:16.092+0000][6][gc,age      ] GC(364) - age  13:      21576 bytes,    6069656 total
[2025-12-03T17:21:16.092+0000][6][gc,age      ] GC(364) - age  14:      69568 bytes,    6139224 total
[2025-12-03T17:21:16.092+0000][6][gc,age      ] GC(364) - age  15:      59712 bytes,    6198936 total
[2025-12-03T17:21:16.092+0000][6][gc,phases   ] GC(364)   Pre Evacuate Collection Set: 2.0ms
[2025-12-03T17:21:16.093+0000][6][gc,phases   ] GC(364)   Merge Heap Roots: 0.1ms
[2025-12-03T17:21:16.093+0000][6][gc,phases   ] GC(364)   Evacuate Collection Set: 7.8ms
[2025-12-03T17:21:16.093+0000][6][gc,phases   ] GC(364)   Post Evacuate Collection Set: 1.5ms
[2025-12-03T17:21:16.093+0000][6][gc,phases   ] GC(364)   Other: 1.9ms
[2025-12-03T17:21:16.093+0000][6][gc,heap     ] GC(364) Eden regions: 59->0(60)
[2025-12-03T17:21:16.093+0000][6][gc,heap     ] GC(364) Survivor regions: 2->2(8)
[2025-12-03T17:21:16.093+0000][6][gc,heap     ] GC(364) Old regions: 40->40
[2025-12-03T17:21:16.093+0000][6][gc,heap     ] GC(364) Archive regions: 2->2
[2025-12-03T17:21:16.093+0000][6][gc,heap     ] GC(364) Humongous regions: 2->2
[2025-12-03T17:21:16.093+0000][6][gc,metaspace] GC(364) Metaspace: 118330K(120000K)->118330K(120000K) NonClass: 103430K(104384K)->103430K(104384K) Class: 14899K(15616K)->14899K(15616K)
[2025-12-03T17:21:16.093+0000][6][gc          ] GC(364) Pause Young (Concurrent Start) (G1 Evacuation Pause) 414M->178M(512M) 13.583ms
[2025-12-03T17:21:16.093+0000][6][gc,cpu      ] GC(364) User=0.06s Sys=0.00s Real=0.02s
[2025-12-03T17:21:16.093+0000][6][safepoint   ] Safepoint "G1CollectForAllocation", Time since last: 37763491684 ns, Reaching safepoint: 446792 ns, At safepoint: 13847208 ns, Total: 14294000 ns
[2025-12-03T17:21:16.093+0000][6][gc          ] GC(365) Concurrent Mark Cycle
[2025-12-03T17:21:16.094+0000][6][gc,marking  ] GC(365) Concurrent Clear Claimed Marks
[2025-12-03T17:21:16.094+0000][6][gc,marking  ] GC(365) Concurrent Clear Claimed Marks 0.104ms
[2025-12-03T17:21:16.094+0000][6][gc,marking  ] GC(365) Concurrent Scan Root Regions
[2025-12-03T17:21:16.096+0000][6][gc,marking  ] GC(365) Concurrent Scan Root Regions 2.505ms
[2025-12-03T17:21:16.096+0000][6][gc,marking  ] GC(365) Concurrent Mark
[2025-12-03T17:21:16.096+0000][6][gc,marking  ] GC(365) Concurrent Mark From Roots
[2025-12-03T17:21:16.096+0000][6][gc,task     ] GC(365) Using 2 workers of 2 for marking
[2025-12-03T17:21:16.172+0000][6][gc,marking  ] GC(365) Concurrent Mark From Roots 76.049ms
[2025-12-03T17:21:16.173+0000][6][gc,marking  ] GC(365) Concurrent Preclean
[2025-12-03T17:21:16.173+0000][6][gc,marking  ] GC(365) Concurrent Preclean 0.277ms
[2025-12-03T17:21:16.173+0000][6][gc,start    ] GC(365) Pause Remark
[2025-12-03T17:21:16.194+0000][6][gc          ] GC(365) Pause Remark 203M->203M(512M) 20.808ms
[2025-12-03T17:21:16.194+0000][6][gc,cpu      ] GC(365) User=0.16s Sys=0.00s Real=0.02s
[2025-12-03T17:21:16.194+0000][6][safepoint   ] Safepoint "G1Concurrent", Time since last: 79886334 ns, Reaching safepoint: 97166 ns, At safepoint: 21055084 ns, Total: 21152250 ns
[2025-12-03T17:21:16.194+0000][6][gc,marking  ] GC(365) Concurrent Mark 97.868ms
[2025-12-03T17:21:16.194+0000][6][gc,marking  ] GC(365) Concurrent Rebuild Remembered Sets
[2025-12-03T17:21:16.224+0000][6][gc,marking  ] GC(365) Concurrent Rebuild Remembered Sets 30.110ms
[2025-12-03T17:21:16.225+0000][6][gc,start    ] GC(365) Pause Cleanup
[2025-12-03T17:21:16.225+0000][6][gc          ] GC(365) Pause Cleanup 204M->204M(512M) 0.135ms
[2025-12-03T17:21:16.225+0000][6][gc,cpu      ] GC(365) User=0.00s Sys=0.00s Real=0.00s
[2025-12-03T17:21:16.225+0000][6][safepoint   ] Safepoint "G1Concurrent", Time since last: 30387000 ns, Reaching safepoint: 72458 ns, At safepoint: 273625 ns, Total: 346083 ns
[2025-12-03T17:21:16.225+0000][6][gc,marking  ] GC(365) Concurrent Cleanup for Next Mark
[2025-12-03T17:21:16.226+0000][6][gc,marking  ] GC(365) Concurrent Cleanup for Next Mark 1.253ms
[2025-12-03T17:21:16.226+0000][6][gc          ] GC(365) Concurrent Mark Cycle 133.140ms
[2025-12-03T17:21:49.053+0000][6][gc,start    ] GC(366) Pause Young (Normal) (G1 Evacuation Pause)
[2025-12-03T17:21:49.054+0000][6][gc,task     ] GC(366) Using 8 workers of 8 for evacuation
[2025-12-03T17:21:49.054+0000][6][gc,age      ] GC(366) Desired survivor size 16777216 bytes, new threshold 15 (max threshold 15)
[2025-12-03T17:21:49.066+0000][6][gc,age      ] GC(366) Age table with threshold 15 (max threshold 15)
[2025-12-03T17:21:49.066+0000][6][gc,age      ] GC(366) - age   1:    4111536 bytes,    4111536 total
[2025-12-03T17:21:49.066+0000][6][gc,age      ] GC(366) - age   2:      33528 bytes,    4145064 total
[2025-12-03T17:21:49.066+0000][6][gc,age      ] GC(366) - age   3:     973240 bytes,    5118304 total
[2025-12-03T17:21:49.066+0000][6][gc,age      ] GC(366) - age   4:     229296 bytes,    5347600 total
[2025-12-03T17:21:49.066+0000][6][gc,age      ] GC(366) - age   5:     614560 bytes,    5962160 total
[2025-12-03T17:21:49.067+0000][6][gc,age      ] GC(366) - age   6:     498512 bytes,    6460672 total
[2025-12-03T17:21:49.067+0000][6][gc,age      ] GC(366) - age   7:      39952 bytes,    6500624 total
[2025-12-03T17:21:49.067+0000][6][gc,age      ] GC(366) - age   8:      86696 bytes,    6587320 total
[2025-12-03T17:21:49.067+0000][6][gc,age      ] GC(366) - age   9:    1414896 bytes,    8002216 total
[2025-12-03T17:21:49.067+0000][6][gc,age      ] GC(366) - age  10:      87928 bytes,    8090144 total
[2025-12-03T17:21:49.067+0000][6][gc,age      ] GC(366) - age  11:      20992 bytes,    8111136 total
[2025-12-03T17:21:49.067+0000][6][gc,age      ] GC(366) - age  12:      59536 bytes,    8170672 total
[2025-12-03T17:21:49.067+0000][6][gc,age      ] GC(366) - age  13:      20984 bytes,    8191656 total
[2025-12-03T17:21:49.067+0000][6][gc,age      ] GC(366) - age  14:      21576 bytes,    8213232 total
[2025-12-03T17:21:49.067+0000][6][gc,age      ] GC(366) - age  15:      69568 bytes,    8282800 total
[2025-12-03T17:21:49.067+0000][6][gc,phases   ] GC(366)   Pre Evacuate Collection Set: 1.1ms
[2025-12-03T17:21:49.067+0000][6][gc,phases   ] GC(366)   Merge Heap Roots: 0.5ms
[2025-12-03T17:21:49.067+0000][6][gc,phases   ] GC(366)   Evacuate Collection Set: 8.6ms
[2025-12-03T17:21:49.067+0000][6][gc,phases   ] GC(366)   Post Evacuate Collection Set: 2.0ms
[2025-12-03T17:21:49.067+0000][6][gc,phases   ] GC(366)   Other: 2.0ms
[2025-12-03T17:21:49.067+0000][6][gc,heap     ] GC(366) Eden regions: 60->0(58)
[2025-12-03T17:21:49.067+0000][6][gc,heap     ] GC(366) Survivor regions: 2->3(8)
[2025-12-03T17:21:49.067+0000][6][gc,heap     ] GC(366) Old regions: 40->40
[2025-12-03T17:21:49.068+0000][6][gc,heap     ] GC(366) Archive regions: 2->2
[2025-12-03T17:21:49.068+0000][6][gc,heap     ] GC(366) Humongous regions: 2->2
[2025-12-03T17:21:49.068+0000][6][gc,metaspace] GC(366) Metaspace: 118330K(120000K)->118330K(120000K) NonClass: 103430K(104384K)->103430K(104384K) Class: 14899K(15616K)->14899K(15616K)
[2025-12-03T17:21:49.068+0000][6][gc          ] GC(366) Pause Young (Normal) (G1 Evacuation Pause) 418M->180M(512M) 14.703ms
[2025-12-03T17:21:49.068+0000][6][gc,cpu      ] GC(366) User=0.07s Sys=0.00s Real=0.01s
[2025-12-03T17:21:49.068+0000][6][safepoint   ] Safepoint "G1CollectForAllocation", Time since last: 32826636557 ns, Reaching safepoint: 1103333 ns, At safepoint: 15043458 ns, Total: 16146791 ns
[2025-12-03T17:22:10.097+0000][6][safepoint   ] Safepoint "Cleanup", Time since last: 21029146510 ns, Reaching safepoint: 88250 ns, At safepoint: 6208 ns, Total: 94458 ns
[2025-12-03T17:22:16.128+0000][6][safepoint   ] Safepoint "Cleanup", Time since last: 6027258170 ns, Reaching safepoint: 1988083 ns, At safepoint: 1338333 ns, Total: 3326416 ns
[2025-12-03T17:22:22.830+0000][6][gc,start    ] GC(367) Pause Young (Concurrent Start) (G1 Evacuation Pause)
[2025-12-03T17:22:22.830+0000][6][gc,task     ] GC(367) Using 8 workers of 8 for evacuation
[2025-12-03T17:22:22.831+0000][6][gc,age      ] GC(367) Desired survivor size 16777216 bytes, new threshold 15 (max threshold 15)
[2025-12-03T17:22:22.847+0000][6][gc,age      ] GC(367) Age table with threshold 15 (max threshold 15)
[2025-12-03T17:22:22.847+0000][6][gc,age      ] GC(367) - age   1:    1543520 bytes,    1543520 total
[2025-12-03T17:22:22.847+0000][6][gc,age      ] GC(367) - age   2:     453984 bytes,    1997504 total
[2025-12-03T17:22:22.847+0000][6][gc,age      ] GC(367) - age   3:      27888 bytes,    2025392 total
[2025-12-03T17:22:22.847+0000][6][gc,age      ] GC(367) - age   4:     971480 bytes,    2996872 total
[2025-12-03T17:22:22.847+0000][6][gc,age      ] GC(367) - age   5:     228352 bytes,    3225224 total
[2025-12-03T17:22:22.847+0000][6][gc,age      ] GC(367) - age   6:     614560 bytes,    3839784 total
[2025-12-03T17:22:22.847+0000][6][gc,age      ] GC(367) - age   7:     498448 bytes,    4338232 total
[2025-12-03T17:22:22.847+0000][6][gc,age      ] GC(367) - age   8:      39952 bytes,    4378184 total
[2025-12-03T17:22:22.847+0000][6][gc,age      ] GC(367) - age   9:      86696 bytes,    4464880 total
[2025-12-03T17:22:22.847+0000][6][gc,age      ] GC(367) - age  10:    1414704 bytes,    5879584 total
[2025-12-03T17:22:22.847+0000][6][gc,age      ] GC(367) - age  11:      87736 bytes,    5967320 total
[2025-12-03T17:22:22.847+0000][6][gc,age      ] GC(367) - age  12:      20992 bytes,    5988312 total
[2025-12-03T17:22:22.847+0000][6][gc,age      ] GC(367) - age  13:      59536 bytes,    6047848 total
[2025-12-03T17:22:22.848+0000][6][gc,age      ] GC(367) - age  14:      20984 bytes,    6068832 total
[2025-12-03T17:22:22.848+0000][6][gc,age      ] GC(367) - age  15:      21576 bytes,    6090408 total
[2025-12-03T17:22:22.848+0000][6][gc,phases   ] GC(367)   Pre Evacuate Collection Set: 2.7ms
[2025-12-03T17:22:22.848+0000][6][gc,phases   ] GC(367)   Merge Heap Roots: 0.2ms
[2025-12-03T17:22:22.848+0000][6][gc,phases   ] GC(367)   Evacuate Collection Set: 10.5ms
[2025-12-03T17:22:22.848+0000][6][gc,phases   ] GC(367)   Post Evacuate Collection Set: 2.1ms
[2025-12-03T17:22:22.848+0000][6][gc,phases   ] GC(367)   Other: 2.6ms
[2025-12-03T17:22:22.848+0000][6][gc,heap     ] GC(367) Eden regions: 58->0(58)
[2025-12-03T17:22:22.848+0000][6][gc,heap     ] GC(367) Survivor regions: 3->2(8)
[2025-12-03T17:22:22.848+0000][6][gc,heap     ] GC(367) Old regions: 40->41
[2025-12-03T17:22:22.848+0000][6][gc,heap     ] GC(367) Archive regions: 2->2
[2025-12-03T17:22:22.848+0000][6][gc,heap     ] GC(367) Humongous regions: 2->2
[2025-12-03T17:22:22.848+0000][6][gc,metaspace] GC(367) Metaspace: 118331K(120000K)->118331K(120000K) NonClass: 103431K(104384K)->103431K(104384K) Class: 14899K(15616K)->14899K(15616K)
[2025-12-03T17:22:22.848+0000][6][gc          ] GC(367) Pause Young (Concurrent Start) (G1 Evacuation Pause) 412M->178M(512M) 18.735ms
[2025-12-03T17:22:22.849+0000][6][gc,cpu      ] GC(367) User=0.08s Sys=0.00s Real=0.02s
[2025-12-03T17:22:22.849+0000][6][safepoint   ] Safepoint "G1CollectForAllocation", Time since last: 6701593379 ns, Reaching safepoint: 176916 ns, At safepoint: 19157834 ns, Total: 19334750 ns
[2025-12-03T17:22:22.849+0000][6][gc          ] GC(368) Concurrent Mark Cycle
[2025-12-03T17:22:22.849+0000][6][gc,marking  ] GC(368) Concurrent Clear Claimed Marks
[2025-12-03T17:22:22.849+0000][6][gc,marking  ] GC(368) Concurrent Clear Claimed Marks 0.231ms
[2025-12-03T17:22:22.849+0000][6][gc,marking  ] GC(368) Concurrent Scan Root Regions
[2025-12-03T17:22:22.853+0000][6][gc,marking  ] GC(368) Concurrent Scan Root Regions 3.520ms
[2025-12-03T17:22:22.853+0000][6][gc,marking  ] GC(368) Concurrent Mark
[2025-12-03T17:22:22.853+0000][6][gc,marking  ] GC(368) Concurrent Mark From Roots
[2025-12-03T17:22:22.853+0000][6][gc,task     ] GC(368) Using 2 workers of 2 for marking
[2025-12-03T17:22:22.928+0000][6][gc,marking  ] GC(368) Concurrent Mark From Roots 75.322ms
[2025-12-03T17:22:22.928+0000][6][gc,marking  ] GC(368) Concurrent Preclean
[2025-12-03T17:22:22.928+0000][6][gc,marking  ] GC(368) Concurrent Preclean 0.239ms
[2025-12-03T17:22:22.929+0000][6][gc,start    ] GC(368) Pause Remark
[2025-12-03T17:22:22.948+0000][6][gc          ] GC(368) Pause Remark 179M->179M(512M) 19.363ms
[2025-12-03T17:22:22.948+0000][6][gc,cpu      ] GC(368) User=0.15s Sys=0.00s Real=0.02s
[2025-12-03T17:22:22.948+0000][6][safepoint   ] Safepoint "G1Concurrent", Time since last: 79819208 ns, Reaching safepoint: 69208 ns, At safepoint: 19578125 ns, Total: 19647333 ns
[2025-12-03T17:22:22.948+0000][6][gc,marking  ] GC(368) Concurrent Mark 95.509ms
[2025-12-03T17:22:22.948+0000][6][gc,marking  ] GC(368) Concurrent Rebuild Remembered Sets
[2025-12-03T17:22:22.978+0000][6][gc,marking  ] GC(368) Concurrent Rebuild Remembered Sets 30.225ms
[2025-12-03T17:22:22.979+0000][6][gc,start    ] GC(368) Pause Cleanup
[2025-12-03T17:22:22.979+0000][6][gc          ] GC(368) Pause Cleanup 179M->179M(512M) 0.126ms
[2025-12-03T17:22:22.979+0000][6][gc,cpu      ] GC(368) User=0.00s Sys=0.00s Real=0.00s
[2025-12-03T17:22:22.979+0000][6][safepoint   ] Safepoint "G1Concurrent", Time since last: 30521417 ns, Reaching safepoint: 79125 ns, At safepoint: 262375 ns, Total: 341500 ns
[2025-12-03T17:22:22.979+0000][6][gc,marking  ] GC(368) Concurrent Cleanup for Next Mark
[2025-12-03T17:22:22.981+0000][6][gc,marking  ] GC(368) Concurrent Cleanup for Next Mark 1.456ms
[2025-12-03T17:22:22.981+0000][6][gc          ] GC(368) Concurrent Mark Cycle 132.025ms
[2025-12-03T17:22:49.024+0000][6][safepoint   ] Safepoint "Cleanup", Time since last: 26044205512 ns, Reaching safepoint: 390250 ns, At safepoint: 22625 ns, Total: 412875 ns
[2025-12-03T17:22:58.073+0000][6][gc,start    ] GC(369) Pause Young (Normal) (G1 Evacuation Pause)
[2025-12-03T17:22:58.073+0000][6][gc,task     ] GC(369) Using 8 workers of 8 for evacuation
[2025-12-03T17:22:58.073+0000][6][gc,age      ] GC(369) Desired survivor size 16777216 bytes, new threshold 15 (max threshold 15)
[2025-12-03T17:22:58.083+0000][6][gc,age      ] GC(369) Age table with threshold 15 (max threshold 15)
[2025-12-03T17:22:58.083+0000][6][gc,age      ] GC(369) - age   1:    1661864 bytes,    1661864 total
[2025-12-03T17:22:58.083+0000][6][gc,age      ] GC(369) - age   2:      58808 bytes,    1720672 total
[2025-12-03T17:22:58.083+0000][6][gc,age      ] GC(369) - age   3:     448984 bytes,    2169656 total
[2025-12-03T17:22:58.083+0000][6][gc,age      ] GC(369) - age   4:      26512 bytes,    2196168 total
[2025-12-03T17:22:58.083+0000][6][gc,age      ] GC(369) - age   5:     471984 bytes,    2668152 total
[2025-12-03T17:22:58.083+0000][6][gc,age      ] GC(369) - age   6:     228320 bytes,    2896472 total
[2025-12-03T17:22:58.083+0000][6][gc,age      ] GC(369) - age   7:     614560 bytes,    3511032 total
[2025-12-03T17:22:58.083+0000][6][gc,age      ] GC(369) - age   8:     498384 bytes,    4009416 total
[2025-12-03T17:22:58.083+0000][6][gc,age      ] GC(369) - age   9:      39952 bytes,    4049368 total
[2025-12-03T17:22:58.083+0000][6][gc,age      ] GC(369) - age  10:      86696 bytes,    4136064 total
[2025-12-03T17:22:58.083+0000][6][gc,age      ] GC(369) - age  11:    1414704 bytes,    5550768 total
[2025-12-03T17:22:58.083+0000][6][gc,age      ] GC(369) - age  12:      87656 bytes,    5638424 total
[2025-12-03T17:22:58.083+0000][6][gc,age      ] GC(369) - age  13:      20992 bytes,    5659416 total
[2025-12-03T17:22:58.083+0000][6][gc,age      ] GC(369) - age  14:      59536 bytes,    5718952 total
[2025-12-03T17:22:58.083+0000][6][gc,age      ] GC(369) - age  15:      20984 bytes,    5739936 total
[2025-12-03T17:22:58.083+0000][6][gc,phases   ] GC(369)   Pre Evacuate Collection Set: 0.2ms
[2025-12-03T17:22:58.083+0000][6][gc,phases   ] GC(369)   Merge Heap Roots: 0.1ms
[2025-12-03T17:22:58.083+0000][6][gc,phases   ] GC(369)   Evacuate Collection Set: 6.9ms
[2025-12-03T17:22:58.083+0000][6][gc,phases   ] GC(369)   Post Evacuate Collection Set: 2.1ms
[2025-12-03T17:22:58.083+0000][6][gc,phases   ] GC(369)   Other: 1.2ms
[2025-12-03T17:22:58.083+0000][6][gc,heap     ] GC(369) Eden regions: 58->0(58)
[2025-12-03T17:22:58.083+0000][6][gc,heap     ] GC(369) Survivor regions: 2->2(8)
[2025-12-03T17:22:58.084+0000][6][gc,heap     ] GC(369) Old regions: 41->41
[2025-12-03T17:22:58.084+0000][6][gc,heap     ] GC(369) Archive regions: 2->2
[2025-12-03T17:22:58.084+0000][6][gc,heap     ] GC(369) Humongous regions: 2->2
[2025-12-03T17:22:58.084+0000][6][gc,metaspace] GC(369) Metaspace: 118331K(120000K)->118331K(120000K) NonClass: 103431K(104384K)->103431K(104384K) Class: 14899K(15616K)->14899K(15616K)
[2025-12-03T17:22:58.084+0000][6][gc          ] GC(369) Pause Young (Normal) (G1 Evacuation Pause) 410M->178M(512M) 10.882ms
[2025-12-03T17:22:58.084+0000][6][gc,cpu      ] GC(369) User=0.05s Sys=0.00s Real=0.01s
[2025-12-03T17:22:58.084+0000][6][safepoint   ] Safepoint "G1CollectForAllocation", Time since last: 9048837463 ns, Reaching safepoint: 50875 ns, At safepoint: 11079958 ns, Total: 11130833 ns
[2025-12-03T17:23:10.102+0000][6][safepoint   ] Safepoint "Cleanup", Time since last: 12017476005 ns, Reaching safepoint: 1312750 ns, At safepoint: 12625 ns, Total: 1325375 ns
[2025-12-03T17:23:11.105+0000][6][safepoint   ] Safepoint "Cleanup", Time since last: 1002255584 ns, Reaching safepoint: 68875 ns, At safepoint: 4667 ns, Total: 73542 ns
[2025-12-03T17:23:31.087+0000][6][gc,start    ] GC(370) Pause Young (Concurrent Start) (G1 Evacuation Pause)
[2025-12-03T17:23:31.088+0000][6][gc,task     ] GC(370) Using 8 workers of 8 for evacuation
[2025-12-03T17:23:31.088+0000][6][gc,age      ] GC(370) Desired survivor size 16777216 bytes, new threshold 15 (max threshold 15)
[2025-12-03T17:23:31.096+0000][6][gc,age      ] GC(370) Age table with threshold 15 (max threshold 15)
[2025-12-03T17:23:31.096+0000][6][gc,age      ] GC(370) - age   1:    1017384 bytes,    1017384 total
[2025-12-03T17:23:31.096+0000][6][gc,age      ] GC(370) - age   2:     668912 bytes,    1686296 total
[2025-12-03T17:23:31.096+0000][6][gc,age      ] GC(370) - age   3:      54992 bytes,    1741288 total
[2025-12-03T17:23:31.096+0000][6][gc,age      ] GC(370) - age   4:     447272 bytes,    2188560 total
[2025-12-03T17:23:31.096+0000][6][gc,age      ] GC(370) - age   5:      25688 bytes,    2214248 total
[2025-12-03T17:23:31.096+0000][6][gc,age      ] GC(370) - age   6:     471792 bytes,    2686040 total
[2025-12-03T17:23:31.096+0000][6][gc,age      ] GC(370) - age   7:     228192 bytes,    2914232 total
[2025-12-03T17:23:31.096+0000][6][gc,age      ] GC(370) - age   8:     614560 bytes,    3528792 total
[2025-12-03T17:23:31.096+0000][6][gc,age      ] GC(370) - age   9:     498384 bytes,    4027176 total
[2025-12-03T17:23:31.096+0000][6][gc,age      ] GC(370) - age  10:      39952 bytes,    4067128 total
[2025-12-03T17:23:31.096+0000][6][gc,age      ] GC(370) - age  11:      86696 bytes,    4153824 total
[2025-12-03T17:23:31.096+0000][6][gc,age      ] GC(370) - age  12:    1414704 bytes,    5568528 total
[2025-12-03T17:23:31.097+0000][6][gc,age      ] GC(370) - age  13:      87656 bytes,    5656184 total
[2025-12-03T17:23:31.097+0000][6][gc,age      ] GC(370) - age  14:      20992 bytes,    5677176 total
[2025-12-03T17:23:31.097+0000][6][gc,age      ] GC(370) - age  15:      59536 bytes,    5736712 total
[2025-12-03T17:23:31.097+0000][6][gc,phases   ] GC(370)   Pre Evacuate Collection Set: 1.7ms
[2025-12-03T17:23:31.097+0000][6][gc,phases   ] GC(370)   Merge Heap Roots: 0.1ms
[2025-12-03T17:23:31.097+0000][6][gc,phases   ] GC(370)   Evacuate Collection Set: 5.4ms
[2025-12-03T17:23:31.097+0000][6][gc,phases   ] GC(370)   Post Evacuate Collection Set: 0.8ms
[2025-12-03T17:23:31.097+0000][6][gc,phases   ] GC(370)   Other: 1.5ms
[2025-12-03T17:23:31.097+0000][6][gc,heap     ] GC(370) Eden regions: 58->0(59)
[2025-12-03T17:23:31.097+0000][6][gc,heap     ] GC(370) Survivor regions: 2->2(8)
[2025-12-03T17:23:31.097+0000][6][gc,heap     ] GC(370) Old regions: 41->41
[2025-12-03T17:23:31.097+0000][6][gc,heap     ] GC(370) Archive regions: 2->2
[2025-12-03T17:23:31.097+0000][6][gc,heap     ] GC(370) Humongous regions: 2->2
[2025-12-03T17:23:31.097+0000][6][gc,metaspace] GC(370) Metaspace: 118331K(120000K)->118331K(120000K) NonClass: 103431K(104384K)->103431K(104384K) Class: 14899K(15616K)->14899K(15616K)
[2025-12-03T17:23:31.097+0000][6][gc          ] GC(370) Pause Young (Concurrent Start) (G1 Evacuation Pause) 410M->178M(512M) 9.923ms
[2025-12-03T17:23:31.097+0000][6][gc,cpu      ] GC(370) User=0.04s Sys=0.00s Real=0.01s
[2025-12-03T17:23:31.097+0000][6][safepoint   ] Safepoint "G1CollectForAllocation", Time since last: 19982280634 ns, Reaching safepoint: 229417 ns, At safepoint: 10139708 ns, Total: 10369125 ns
[2025-12-03T17:23:31.097+0000][6][gc          ] GC(371) Concurrent Mark Cycle
[2025-12-03T17:23:31.097+0000][6][gc,marking  ] GC(371) Concurrent Clear Claimed Marks
[2025-12-03T17:23:31.098+0000][6][gc,marking  ] GC(371) Concurrent Clear Claimed Marks 0.136ms
[2025-12-03T17:23:31.098+0000][6][gc,marking  ] GC(371) Concurrent Scan Root Regions
[2025-12-03T17:23:31.100+0000][6][gc,marking  ] GC(371) Concurrent Scan Root Regions 2.682ms
[2025-12-03T17:23:31.100+0000][6][gc,marking  ] GC(371) Concurrent Mark
[2025-12-03T17:23:31.100+0000][6][gc,marking  ] GC(371) Concurrent Mark From Roots
[2025-12-03T17:23:31.100+0000][6][gc,task     ] GC(371) Using 2 workers of 2 for marking
[2025-12-03T17:23:31.162+0000][6][gc,marking  ] GC(371) Concurrent Mark From Roots 61.335ms
[2025-12-03T17:23:31.162+0000][6][gc,marking  ] GC(371) Concurrent Preclean
[2025-12-03T17:23:31.162+0000][6][gc,marking  ] GC(371) Concurrent Preclean 0.274ms
[2025-12-03T17:23:31.162+0000][6][gc,start    ] GC(371) Pause Remark
[2025-12-03T17:23:31.182+0000][6][gc          ] GC(371) Pause Remark 182M->182M(512M) 19.897ms
[2025-12-03T17:23:31.182+0000][6][gc,cpu      ] GC(371) User=0.11s Sys=0.00s Real=0.02s
[2025-12-03T17:23:31.182+0000][6][safepoint   ] Safepoint "G1Concurrent", Time since last: 64902875 ns, Reaching safepoint: 37000 ns, At safepoint: 20166542 ns, Total: 20203542 ns
[2025-12-03T17:23:31.183+0000][6][gc,marking  ] GC(371) Concurrent Mark 82.428ms
[2025-12-03T17:23:31.183+0000][6][gc,marking  ] GC(371) Concurrent Rebuild Remembered Sets
[2025-12-03T17:23:31.215+0000][6][gc,marking  ] GC(371) Concurrent Rebuild Remembered Sets 31.932ms
[2025-12-03T17:23:31.215+0000][6][gc,start    ] GC(371) Pause Cleanup
[2025-12-03T17:23:31.215+0000][6][gc          ] GC(371) Pause Cleanup 184M->184M(512M) 0.184ms
[2025-12-03T17:23:31.215+0000][6][gc,cpu      ] GC(371) User=0.00s Sys=0.00s Real=0.00s
[2025-12-03T17:23:31.215+0000][6][safepoint   ] Safepoint "G1Concurrent", Time since last: 32484750 ns, Reaching safepoint: 84583 ns, At safepoint: 330917 ns, Total: 415500 ns
[2025-12-03T17:23:31.215+0000][6][gc,marking  ] GC(371) Concurrent Cleanup for Next Mark
[2025-12-03T17:23:31.217+0000][6][gc,marking  ] GC(371) Concurrent Cleanup for Next Mark 1.231ms
[2025-12-03T17:23:31.217+0000][6][gc          ] GC(371) Concurrent Mark Cycle 119.350ms
[2025-12-03T17:23:41.244+0000][6][safepoint   ] Safepoint "Cleanup", Time since last: 10025984046 ns, Reaching safepoint: 2054625 ns, At safepoint: 21333 ns, Total: 2075958 ns
[2025-12-03T17:23:43.248+0000][6][safepoint   ] Safepoint "Cleanup", Time since last: 2004192710 ns, Reaching safepoint: 129250 ns, At safepoint: 21375 ns, Total: 150625 ns
[2025-12-03T17:24:07.649+0000][6][gc,start    ] GC(372) Pause Young (Normal) (G1 Evacuation Pause)
[2025-12-03T17:24:07.651+0000][6][gc,task     ] GC(372) Using 8 workers of 8 for evacuation
[2025-12-03T17:24:07.652+0000][6][gc,age      ] GC(372) Desired survivor size 16777216 bytes, new threshold 15 (max threshold 15)
[2025-12-03T17:24:07.664+0000][6][gc,age      ] GC(372) Age table with threshold 15 (max threshold 15)
[2025-12-03T17:24:07.664+0000][6][gc,age      ] GC(372) - age   1:    1189640 bytes,    1189640 total
[2025-12-03T17:24:07.665+0000][6][gc,age      ] GC(372) - age   2:      33592 bytes,    1223232 total
[2025-12-03T17:24:07.665+0000][6][gc,age      ] GC(372) - age   3:     665824 bytes,    1889056 total
[2025-12-03T17:24:07.665+0000][6][gc,age      ] GC(372) - age   4:      53760 bytes,    1942816 total
[2025-12-03T17:24:07.665+0000][6][gc,age      ] GC(372) - age   5:     446888 bytes,    2389704 total
[2025-12-03T17:24:07.665+0000][6][gc,age      ] GC(372) - age   6:      25240 bytes,    2414944 total
[2025-12-03T17:24:07.665+0000][6][gc,age      ] GC(372) - age   7:     471760 bytes,    2886704 total
[2025-12-03T17:24:07.665+0000][6][gc,age      ] GC(372) - age   8:     227880 bytes,    3114584 total
[2025-12-03T17:24:07.665+0000][6][gc,age      ] GC(372) - age   9:     614560 bytes,    3729144 total
[2025-12-03T17:24:07.665+0000][6][gc,age      ] GC(372) - age  10:     498384 bytes,    4227528 total
[2025-12-03T17:24:07.665+0000][6][gc,age      ] GC(372) - age  11:      39952 bytes,    4267480 total
[2025-12-03T17:24:07.665+0000][6][gc,age      ] GC(372) - age  12:      86696 bytes,    4354176 total
[2025-12-03T17:24:07.665+0000][6][gc,age      ] GC(372) - age  13:    1414704 bytes,    5768880 total
[2025-12-03T17:24:07.665+0000][6][gc,age      ] GC(372) - age  14:      87656 bytes,    5856536 total
[2025-12-03T17:24:07.665+0000][6][gc,age      ] GC(372) - age  15:      20992 bytes,    5877528 total
[2025-12-03T17:24:07.665+0000][6][gc,phases   ] GC(372)   Pre Evacuate Collection Set: 0.8ms
[2025-12-03T17:24:07.665+0000][6][gc,phases   ] GC(372)   Merge Heap Roots: 0.8ms
[2025-12-03T17:24:07.665+0000][6][gc,phases   ] GC(372)   Evacuate Collection Set: 9.2ms
[2025-12-03T17:24:07.665+0000][6][gc,phases   ] GC(372)   Post Evacuate Collection Set: 2.0ms
[2025-12-03T17:24:07.665+0000][6][gc,phases   ] GC(372)   Other: 4.2ms
[2025-12-03T17:24:07.665+0000][6][gc,heap     ] GC(372) Eden regions: 59->0(59)
[2025-12-03T17:24:07.665+0000][6][gc,heap     ] GC(372) Survivor regions: 2->2(8)
[2025-12-03T17:24:07.665+0000][6][gc,heap     ] GC(372) Old regions: 41->41
[2025-12-03T17:24:07.665+0000][6][gc,heap     ] GC(372) Archive regions: 2->2
[2025-12-03T17:24:07.665+0000][6][gc,heap     ] GC(372) Humongous regions: 2->2
[2025-12-03T17:24:07.665+0000][6][gc,metaspace] GC(372) Metaspace: 118331K(120000K)->118331K(120000K) NonClass: 103431K(104384K)->103431K(104384K) Class: 14899K(15616K)->14899K(15616K)
[2025-12-03T17:24:07.666+0000][6][gc          ] GC(372) Pause Young (Normal) (G1 Evacuation Pause) 414M->178M(512M) 16.886ms
[2025-12-03T17:24:07.666+0000][6][gc,cpu      ] GC(372) User=0.08s Sys=0.00s Real=0.02s
[2025-12-03T17:24:07.666+0000][6][safepoint   ] Safepoint "G1CollectForAllocation", Time since last: 24399511719 ns, Reaching safepoint: 1056083 ns, At safepoint: 17640250 ns, Total: 18696333 ns
[2025-12-03T17:24:43.867+0000][6][gc,start    ] GC(373) Pause Young (Concurrent Start) (G1 Evacuation Pause)
[2025-12-03T17:24:43.869+0000][6][gc,task     ] GC(373) Using 8 workers of 8 for evacuation
[2025-12-03T17:24:43.869+0000][6][gc,age      ] GC(373) Desired survivor size 16777216 bytes, new threshold 15 (max threshold 15)
[2025-12-03T17:24:43.914+0000][6][gc,age      ] GC(373) Age table with threshold 15 (max threshold 15)
[2025-12-03T17:24:43.914+0000][6][gc,age      ] GC(373) - age   1:    1881984 bytes,    1881984 total
[2025-12-03T17:24:43.914+0000][6][gc,age      ] GC(373) - age   2:     363200 bytes,    2245184 total
[2025-12-03T17:24:43.914+0000][6][gc,age      ] GC(373) - age   3:      28000 bytes,    2273184 total
[2025-12-03T17:24:43.915+0000][6][gc,age      ] GC(373) - age   4:     664392 bytes,    2937576 total
[2025-12-03T17:24:43.915+0000][6][gc,age      ] GC(373) - age   5:      53536 bytes,    2991112 total
[2025-12-03T17:24:43.915+0000][6][gc,age      ] GC(373) - age   6:     446824 bytes,    3437936 total
[2025-12-03T17:24:43.915+0000][6][gc,age      ] GC(373) - age   7:      25112 bytes,    3463048 total
[2025-12-03T17:24:43.915+0000][6][gc,age      ] GC(373) - age   8:     471696 bytes,    3934744 total
[2025-12-03T17:24:43.915+0000][6][gc,age      ] GC(373) - age   9:     227880 bytes,    4162624 total
[2025-12-03T17:24:43.915+0000][6][gc,age      ] GC(373) - age  10:     614560 bytes,    4777184 total
[2025-12-03T17:24:43.915+0000][6][gc,age      ] GC(373) - age  11:     498384 bytes,    5275568 total
[2025-12-03T17:24:43.915+0000][6][gc,age      ] GC(373) - age  12:      39952 bytes,    5315520 total
[2025-12-03T17:24:43.915+0000][6][gc,age      ] GC(373) - age  13:      86696 bytes,    5402216 total
[2025-12-03T17:24:43.915+0000][6][gc,age      ] GC(373) - age  14:    1414704 bytes,    6816920 total
[2025-12-03T17:24:43.915+0000][6][gc,age      ] GC(373) - age  15:      87656 bytes,    6904576 total
[2025-12-03T17:24:43.916+0000][6][gc,phases   ] GC(373)   Pre Evacuate Collection Set: 4.9ms
[2025-12-03T17:24:43.916+0000][6][gc,phases   ] GC(373)   Merge Heap Roots: 0.4ms
[2025-12-03T17:24:43.916+0000][6][gc,phases   ] GC(373)   Evacuate Collection Set: 17.6ms
[2025-12-03T17:24:43.916+0000][6][gc,phases   ] GC(373)   Post Evacuate Collection Set: 21.5ms
[2025-12-03T17:24:43.916+0000][6][gc,phases   ] GC(373)   Other: 4.5ms
[2025-12-03T17:24:43.916+0000][6][gc,heap     ] GC(373) Eden regions: 59->0(59)
[2025-12-03T17:24:43.917+0000][6][gc,heap     ] GC(373) Survivor regions: 2->2(8)
[2025-12-03T17:24:43.917+0000][6][gc,heap     ] GC(373) Old regions: 41->41
[2025-12-03T17:24:43.917+0000][6][gc,heap     ] GC(373) Archive regions: 2->2
[2025-12-03T17:24:43.917+0000][6][gc,heap     ] GC(373) Humongous regions: 2->2
[2025-12-03T17:24:43.917+0000][6][gc,metaspace] GC(373) Metaspace: 118332K(120000K)->118332K(120000K) NonClass: 103431K(104384K)->103431K(104384K) Class: 14900K(15616K)->14900K(15616K)
[2025-12-03T17:24:43.917+0000][6][gc          ] GC(373) Pause Young (Concurrent Start) (G1 Evacuation Pause) 414M->179M(512M) 50.107ms
[2025-12-03T17:24:43.917+0000][6][gc,cpu      ] GC(373) User=0.20s Sys=0.01s Real=0.05s
[2025-12-03T17:24:43.918+0000][6][safepoint   ] Safepoint "G1CollectForAllocation", Time since last: 36197580350 ns, Reaching safepoint: 2613291 ns, At safepoint: 50840000 ns, Total: 53453291 ns
[2025-12-03T17:24:43.918+0000][6][gc          ] GC(374) Concurrent Mark Cycle
[2025-12-03T17:24:43.918+0000][6][gc,marking  ] GC(374) Concurrent Clear Claimed Marks
[2025-12-03T17:24:43.918+0000][6][gc,marking  ] GC(374) Concurrent Clear Claimed Marks 0.352ms
[2025-12-03T17:24:43.919+0000][6][gc,marking  ] GC(374) Concurrent Scan Root Regions
[2025-12-03T17:24:43.923+0000][6][gc,marking  ] GC(374) Concurrent Scan Root Regions 4.226ms
[2025-12-03T17:24:43.923+0000][6][gc,marking  ] GC(374) Concurrent Mark
[2025-12-03T17:24:43.923+0000][6][gc,marking  ] GC(374) Concurrent Mark From Roots
[2025-12-03T17:24:43.924+0000][6][gc,task     ] GC(374) Using 2 workers of 2 for marking
[2025-12-03T17:24:44.011+0000][6][gc,marking  ] GC(374) Concurrent Mark From Roots 87.747ms
[2025-12-03T17:24:44.011+0000][6][gc,marking  ] GC(374) Concurrent Preclean
[2025-12-03T17:24:44.012+0000][6][gc,marking  ] GC(374) Concurrent Preclean 0.299ms
[2025-12-03T17:24:44.012+0000][6][gc,start    ] GC(374) Pause Remark
[2025-12-03T17:24:44.048+0000][6][gc          ] GC(374) Pause Remark 184M->184M(512M) 36.247ms
[2025-12-03T17:24:44.048+0000][6][gc,cpu      ] GC(374) User=0.25s Sys=0.00s Real=0.04s
[2025-12-03T17:24:44.048+0000][6][safepoint   ] Safepoint "G1Concurrent", Time since last: 94079917 ns, Reaching safepoint: 152500 ns, At safepoint: 36538417 ns, Total: 36690917 ns
[2025-12-03T17:24:44.048+0000][6][gc,marking  ] GC(374) Concurrent Mark 125.168ms
[2025-12-03T17:24:44.049+0000][6][gc,marking  ] GC(374) Concurrent Rebuild Remembered Sets
[2025-12-03T17:24:44.097+0000][6][gc,marking  ] GC(374) Concurrent Rebuild Remembered Sets 48.945ms
[2025-12-03T17:24:44.098+0000][6][gc,start    ] GC(374) Pause Cleanup
[2025-12-03T17:24:44.099+0000][6][gc          ] GC(374) Pause Cleanup 184M->184M(512M) 0.823ms
[2025-12-03T17:24:44.099+0000][6][gc,cpu      ] GC(374) User=0.00s Sys=0.00s Real=0.00s
[2025-12-03T17:24:44.100+0000][6][safepoint   ] Safepoint "G1Concurrent", Time since last: 49488708 ns, Reaching safepoint: 492500 ns, At safepoint: 1499042 ns, Total: 1991542 ns
[2025-12-03T17:24:44.100+0000][6][gc,marking  ] GC(374) Concurrent Cleanup for Next Mark
[2025-12-03T17:24:44.109+0000][6][gc,marking  ] GC(374) Concurrent Cleanup for Next Mark 9.174ms
[2025-12-03T17:24:44.110+0000][6][gc          ] GC(374) Concurrent Mark Cycle 191.931ms
[2025-12-03T17:25:14.134+0000][6][safepoint   ] Safepoint "Cleanup", Time since last: 30035446180 ns, Reaching safepoint: 648083 ns, At safepoint: 27958 ns, Total: 676041 ns
[2025-12-03T17:25:17.920+0000][6][gc,start    ] GC(375) Pause Young (Normal) (G1 Evacuation Pause)
[2025-12-03T17:25:17.920+0000][6][gc,task     ] GC(375) Using 8 workers of 8 for evacuation
[2025-12-03T17:25:17.921+0000][6][gc,age      ] GC(375) Desired survivor size 16777216 bytes, new threshold 15 (max threshold 15)
[2025-12-03T17:25:17.937+0000][6][gc,age      ] GC(375) Age table with threshold 15 (max threshold 15)
[2025-12-03T17:25:17.937+0000][6][gc,age      ] GC(375) - age   1:    2193648 bytes,    2193648 total
[2025-12-03T17:25:17.938+0000][6][gc,age      ] GC(375) - age   2:      68072 bytes,    2261720 total
[2025-12-03T17:25:17.938+0000][6][gc,age      ] GC(375) - age   3:     102792 bytes,    2364512 total
[2025-12-03T17:25:17.938+0000][6][gc,age      ] GC(375) - age   4:      27584 bytes,    2392096 total
[2025-12-03T17:25:17.938+0000][6][gc,age      ] GC(375) - age   5:     165664 bytes,    2557760 total
[2025-12-03T17:25:17.938+0000][6][gc,age      ] GC(375) - age   6:      53472 bytes,    2611232 total
[2025-12-03T17:25:17.938+0000][6][gc,age      ] GC(375) - age   7:     446824 bytes,    3058056 total
[2025-12-03T17:25:17.938+0000][6][gc,age      ] GC(375) - age   8:      25016 bytes,    3083072 total
[2025-12-03T17:25:17.938+0000][6][gc,age      ] GC(375) - age   9:     471664 bytes,    3554736 total
[2025-12-03T17:25:17.938+0000][6][gc,age      ] GC(375) - age  10:     227880 bytes,    3782616 total
[2025-12-03T17:25:17.938+0000][6][gc,age      ] GC(375) - age  11:     611840 bytes,    4394456 total
[2025-12-03T17:25:17.938+0000][6][gc,age      ] GC(375) - age  12:     498384 bytes,    4892840 total
[2025-12-03T17:25:17.938+0000][6][gc,age      ] GC(375) - age  13:      39952 bytes,    4932792 total
[2025-12-03T17:25:17.938+0000][6][gc,age      ] GC(375) - age  14:      86696 bytes,    5019488 total
[2025-12-03T17:25:17.938+0000][6][gc,age      ] GC(375) - age  15:    1414704 bytes,    6434192 total
[2025-12-03T17:25:17.938+0000][6][gc,phases   ] GC(375)   Pre Evacuate Collection Set: 0.5ms
[2025-12-03T17:25:17.938+0000][6][gc,phases   ] GC(375)   Merge Heap Roots: 0.3ms
[2025-12-03T17:25:17.938+0000][6][gc,phases   ] GC(375)   Evacuate Collection Set: 10.8ms
[2025-12-03T17:25:17.938+0000][6][gc,phases   ] GC(375)   Post Evacuate Collection Set: 5.0ms
[2025-12-03T17:25:17.938+0000][6][gc,phases   ] GC(375)   Other: 1.8ms
[2025-12-03T17:25:17.938+0000][6][gc,heap     ] GC(375) Eden regions: 59->0(59)
[2025-12-03T17:25:17.938+0000][6][gc,heap     ] GC(375) Survivor regions: 2->2(8)
[2025-12-03T17:25:17.938+0000][6][gc,heap     ] GC(375) Old regions: 41->41
[2025-12-03T17:25:17.938+0000][6][gc,heap     ] GC(375) Archive regions: 2->2
[2025-12-03T17:25:17.938+0000][6][gc,heap     ] GC(375) Humongous regions: 2->2
[2025-12-03T17:25:17.939+0000][6][gc,metaspace] GC(375) Metaspace: 118332K(120000K)->118332K(120000K) NonClass: 103432K(104384K)->103432K(104384K) Class: 14900K(15616K)->14900K(15616K)
[2025-12-03T17:25:17.939+0000][6][gc          ] GC(375) Pause Young (Normal) (G1 Evacuation Pause) 415M->178M(512M) 18.633ms
[2025-12-03T17:25:17.939+0000][6][gc,cpu      ] GC(375) User=0.11s Sys=0.00s Real=0.02s
[2025-12-03T17:25:17.939+0000][6][safepoint   ] Safepoint "G1CollectForAllocation", Time since last: 3785110169 ns, Reaching safepoint: 376208 ns, At safepoint: 19116083 ns, Total: 19492291 ns
[2025-12-03T17:25:23.942+0000][6][safepoint   ] Safepoint "Cleanup", Time since last: 6003324712 ns, Reaching safepoint: 338041 ns, At safepoint: 18959 ns, Total: 357000 ns
[2025-12-03T17:25:52.293+0000][6][gc,start    ] GC(376) Pause Young (Concurrent Start) (G1 Evacuation Pause)
[2025-12-03T17:25:52.293+0000][6][gc,task     ] GC(376) Using 8 workers of 8 for evacuation
[2025-12-03T17:25:52.294+0000][6][gc,age      ] GC(376) Desired survivor size 16777216 bytes, new threshold 15 (max threshold 15)
[2025-12-03T17:25:52.307+0000][6][gc,age      ] GC(376) Age table with threshold 15 (max threshold 15)
[2025-12-03T17:25:52.308+0000][6][gc,age      ] GC(376) - age   1:    2477648 bytes,    2477648 total
[2025-12-03T17:25:52.308+0000][6][gc,age      ] GC(376) - age   2:     566464 bytes,    3044112 total
[2025-12-03T17:25:52.308+0000][6][gc,age      ] GC(376) - age   3:      64024 bytes,    3108136 total
[2025-12-03T17:25:52.308+0000][6][gc,age      ] GC(376) - age   4:     101600 bytes,    3209736 total
[2025-12-03T17:25:52.308+0000][6][gc,age      ] GC(376) - age   5:      26912 bytes,    3236648 total
[2025-12-03T17:25:52.308+0000][6][gc,age      ] GC(376) - age   6:     165536 bytes,    3402184 total
[2025-12-03T17:25:52.308+0000][6][gc,age      ] GC(376) - age   7:      53408 bytes,    3455592 total
[2025-12-03T17:25:52.308+0000][6][gc,age      ] GC(376) - age   8:     446760 bytes,    3902352 total
[2025-12-03T17:25:52.308+0000][6][gc,age      ] GC(376) - age   9:      24952 bytes,    3927304 total
[2025-12-03T17:25:52.308+0000][6][gc,age      ] GC(376) - age  10:     471552 bytes,    4398856 total
[2025-12-03T17:25:52.308+0000][6][gc,age      ] GC(376) - age  11:     227880 bytes,    4626736 total
[2025-12-03T17:25:52.308+0000][6][gc,age      ] GC(376) - age  12:     611840 bytes,    5238576 total
[2025-12-03T17:25:52.308+0000][6][gc,age      ] GC(376) - age  13:     498384 bytes,    5736960 total
[2025-12-03T17:25:52.308+0000][6][gc,age      ] GC(376) - age  14:      39952 bytes,    5776912 total
[2025-12-03T17:25:52.308+0000][6][gc,age      ] GC(376) - age  15:      86656 bytes,    5863568 total
[2025-12-03T17:25:52.308+0000][6][gc,phases   ] GC(376)   Pre Evacuate Collection Set: 2.0ms
[2025-12-03T17:25:52.308+0000][6][gc,phases   ] GC(376)   Merge Heap Roots: 0.1ms
[2025-12-03T17:25:52.308+0000][6][gc,phases   ] GC(376)   Evacuate Collection Set: 9.5ms
[2025-12-03T17:25:52.308+0000][6][gc,phases   ] GC(376)   Post Evacuate Collection Set: 2.1ms
[2025-12-03T17:25:52.308+0000][6][gc,phases   ] GC(376)   Other: 2.1ms
[2025-12-03T17:25:52.308+0000][6][gc,heap     ] GC(376) Eden regions: 59->0(59)
[2025-12-03T17:25:52.308+0000][6][gc,heap     ] GC(376) Survivor regions: 2->2(8)
[2025-12-03T17:25:52.308+0000][6][gc,heap     ] GC(376) Old regions: 41->41
[2025-12-03T17:25:52.309+0000][6][gc,heap     ] GC(376) Archive regions: 2->2
[2025-12-03T17:25:52.309+0000][6][gc,heap     ] GC(376) Humongous regions: 2->2
[2025-12-03T17:25:52.309+0000][6][gc,metaspace] GC(376) Metaspace: 118332K(120000K)->118332K(120000K) NonClass: 103432K(104384K)->103432K(104384K) Class: 14900K(15616K)->14900K(15616K)
[2025-12-03T17:25:52.309+0000][6][gc          ] GC(376) Pause Young (Concurrent Start) (G1 Evacuation Pause) 414M->179M(512M) 16.137ms
[2025-12-03T17:25:52.309+0000][6][gc,cpu      ] GC(376) User=0.08s Sys=0.00s Real=0.02s
[2025-12-03T17:25:52.309+0000][6][safepoint   ] Safepoint "G1CollectForAllocation", Time since last: 28347627388 ns, Reaching safepoint: 489500 ns, At safepoint: 16429958 ns, Total: 16919458 ns
[2025-12-03T17:25:52.309+0000][6][gc          ] GC(377) Concurrent Mark Cycle
[2025-12-03T17:25:52.309+0000][6][gc,marking  ] GC(377) Concurrent Clear Claimed Marks
[2025-12-03T17:25:52.309+0000][6][gc,marking  ] GC(377) Concurrent Clear Claimed Marks 0.142ms
[2025-12-03T17:25:52.309+0000][6][gc,marking  ] GC(377) Concurrent Scan Root Regions
[2025-12-03T17:25:52.312+0000][6][gc,marking  ] GC(377) Concurrent Scan Root Regions 2.960ms
[2025-12-03T17:25:52.312+0000][6][gc,marking  ] GC(377) Concurrent Mark
[2025-12-03T17:25:52.313+0000][6][gc,marking  ] GC(377) Concurrent Mark From Roots
[2025-12-03T17:25:52.313+0000][6][gc,task     ] GC(377) Using 2 workers of 2 for marking
[2025-12-03T17:25:52.380+0000][6][gc,marking  ] GC(377) Concurrent Mark From Roots 67.163ms
[2025-12-03T17:25:52.380+0000][6][gc,marking  ] GC(377) Concurrent Preclean
[2025-12-03T17:25:52.380+0000][6][gc,marking  ] GC(377) Concurrent Preclean 0.229ms
[2025-12-03T17:25:52.380+0000][6][gc,start    ] GC(377) Pause Remark
[2025-12-03T17:25:52.410+0000][6][gc          ] GC(377) Pause Remark 180M->180M(512M) 29.882ms
[2025-12-03T17:25:52.410+0000][6][gc,cpu      ] GC(377) User=0.23s Sys=0.00s Real=0.03s
[2025-12-03T17:25:52.410+0000][6][safepoint   ] Safepoint "G1Concurrent", Time since last: 71318958 ns, Reaching safepoint: 72500 ns, At safepoint: 30147625 ns, Total: 30220125 ns
[2025-12-03T17:25:52.410+0000][6][gc,marking  ] GC(377) Concurrent Mark 97.900ms
[2025-12-03T17:25:52.410+0000][6][gc,marking  ] GC(377) Concurrent Rebuild Remembered Sets
[2025-12-03T17:25:52.441+0000][6][gc,marking  ] GC(377) Concurrent Rebuild Remembered Sets 30.230ms
[2025-12-03T17:25:52.441+0000][6][gc,start    ] GC(377) Pause Cleanup
[2025-12-03T17:25:52.441+0000][6][gc          ] GC(377) Pause Cleanup 186M->186M(512M) 0.150ms
[2025-12-03T17:25:52.441+0000][6][gc,cpu      ] GC(377) User=0.00s Sys=0.00s Real=0.00s
[2025-12-03T17:25:52.441+0000][6][safepoint   ] Safepoint "G1Concurrent", Time since last: 30517167 ns, Reaching safepoint: 60167 ns, At safepoint: 293041 ns, Total: 353208 ns
[2025-12-03T17:25:52.441+0000][6][gc,marking  ] GC(377) Concurrent Cleanup for Next Mark
[2025-12-03T17:25:52.443+0000][6][gc,marking  ] GC(377) Concurrent Cleanup for Next Mark 1.372ms
[2025-12-03T17:25:52.443+0000][6][gc          ] GC(377) Concurrent Mark Cycle 133.888ms
[2025-12-03T17:26:11.475+0000][6][safepoint   ] Safepoint "Cleanup", Time since last: 19029756009 ns, Reaching safepoint: 3803333 ns, At safepoint: 51375 ns, Total: 3854708 ns
[2025-12-03T17:26:13.483+0000][6][safepoint   ] Safepoint "Cleanup", Time since last: 2008286668 ns, Reaching safepoint: 92750 ns, At safepoint: 5125 ns, Total: 97875 ns
[2025-12-03T17:26:17.489+0000][6][safepoint   ] Safepoint "Cleanup", Time since last: 4005843002 ns, Reaching safepoint: 283958 ns, At safepoint: 8750 ns, Total: 292708 ns
[2025-12-03T17:26:28.249+0000][6][gc,start    ] GC(378) Pause Young (Normal) (G1 Evacuation Pause)
[2025-12-03T17:26:28.249+0000][6][gc,task     ] GC(378) Using 8 workers of 8 for evacuation
[2025-12-03T17:26:28.249+0000][6][gc,age      ] GC(378) Desired survivor size 16777216 bytes, new threshold 15 (max threshold 15)
[2025-12-03T17:26:28.258+0000][6][gc,age      ] GC(378) Age table with threshold 15 (max threshold 15)
[2025-12-03T17:26:28.258+0000][6][gc,age      ] GC(378) - age   1:    2321488 bytes,    2321488 total
[2025-12-03T17:26:28.258+0000][6][gc,age      ] GC(378) - age   2:      73680 bytes,    2395168 total
[2025-12-03T17:26:28.258+0000][6][gc,age      ] GC(378) - age   3:     558824 bytes,    2953992 total
[2025-12-03T17:26:28.258+0000][6][gc,age      ] GC(378) - age   4:      63040 bytes,    3017032 total
[2025-12-03T17:26:28.258+0000][6][gc,age      ] GC(378) - age   5:     100792 bytes,    3117824 total
[2025-12-03T17:26:28.258+0000][6][gc,age      ] GC(378) - age   6:      26816 bytes,    3144640 total
[2025-12-03T17:26:28.258+0000][6][gc,age      ] GC(378) - age   7:     165440 bytes,    3310080 total
[2025-12-03T17:26:28.259+0000][6][gc,age      ] GC(378) - age   8:      53408 bytes,    3363488 total
[2025-12-03T17:26:28.259+0000][6][gc,age      ] GC(378) - age   9:     446376 bytes,    3809864 total
[2025-12-03T17:26:28.259+0000][6][gc,age      ] GC(378) - age  10:      24952 bytes,    3834816 total
[2025-12-03T17:26:28.259+0000][6][gc,age      ] GC(378) - age  11:     471552 bytes,    4306368 total
[2025-12-03T17:26:28.259+0000][6][gc,age      ] GC(378) - age  12:     227880 bytes,    4534248 total
[2025-12-03T17:26:28.259+0000][6][gc,age      ] GC(378) - age  13:     611840 bytes,    5146088 total
[2025-12-03T17:26:28.259+0000][6][gc,age      ] GC(378) - age  14:     498384 bytes,    5644472 total
[2025-12-03T17:26:28.259+0000][6][gc,age      ] GC(378) - age  15:      39856 bytes,    5684328 total
[2025-12-03T17:26:28.259+0000][6][gc,phases   ] GC(378)   Pre Evacuate Collection Set: 0.3ms
[2025-12-03T17:26:28.259+0000][6][gc,phases   ] GC(378)   Merge Heap Roots: 0.2ms
[2025-12-03T17:26:28.259+0000][6][gc,phases   ] GC(378)   Evacuate Collection Set: 6.4ms
[2025-12-03T17:26:28.259+0000][6][gc,phases   ] GC(378)   Post Evacuate Collection Set: 2.0ms
[2025-12-03T17:26:28.259+0000][6][gc,phases   ] GC(378)   Other: 1.1ms
[2025-12-03T17:26:28.259+0000][6][gc,heap     ] GC(378) Eden regions: 59->0(59)
[2025-12-03T17:26:28.259+0000][6][gc,heap     ] GC(378) Survivor regions: 2->2(8)
[2025-12-03T17:26:28.259+0000][6][gc,heap     ] GC(378) Old regions: 41->41
[2025-12-03T17:26:28.259+0000][6][gc,heap     ] GC(378) Archive regions: 2->2
[2025-12-03T17:26:28.259+0000][6][gc,heap     ] GC(378) Humongous regions: 2->2
[2025-12-03T17:26:28.259+0000][6][gc,metaspace] GC(378) Metaspace: 118333K(120000K)->118333K(120000K) NonClass: 103432K(104384K)->103432K(104384K) Class: 14900K(15616K)->14900K(15616K)
[2025-12-03T17:26:28.259+0000][6][gc          ] GC(378) Pause Young (Normal) (G1 Evacuation Pause) 415M->179M(512M) 10.356ms
[2025-12-03T17:26:28.259+0000][6][gc,cpu      ] GC(378) User=0.06s Sys=0.00s Real=0.01s
[2025-12-03T17:26:28.259+0000][6][safepoint   ] Safepoint "G1CollectForAllocation", Time since last: 10758938797 ns, Reaching safepoint: 434292 ns, At safepoint: 10532833 ns, Total: 10967125 ns
[2025-12-03T17:27:01.379+0000][6][gc,start    ] GC(379) Pause Young (Concurrent Start) (G1 Evacuation Pause)
[2025-12-03T17:27:01.380+0000][6][gc,task     ] GC(379) Using 8 workers of 8 for evacuation
[2025-12-03T17:27:01.380+0000][6][gc,age      ] GC(379) Desired survivor size 16777216 bytes, new threshold 15 (max threshold 15)
[2025-12-03T17:27:01.398+0000][6][gc,age      ] GC(379) Age table with threshold 15 (max threshold 15)
[2025-12-03T17:27:01.398+0000][6][gc,age      ] GC(379) - age   1:    3617536 bytes,    3617536 total
[2025-12-03T17:27:01.398+0000][6][gc,age      ] GC(379) - age   2:      27744 bytes,    3645280 total
[2025-12-03T17:27:01.398+0000][6][gc,age      ] GC(379) - age   3:      68272 bytes,    3713552 total
[2025-12-03T17:27:01.398+0000][6][gc,age      ] GC(379) - age   4:      59208 bytes,    3772760 total
[2025-12-03T17:27:01.398+0000][6][gc,age      ] GC(379) - age   5:      62624 bytes,    3835384 total
[2025-12-03T17:27:01.398+0000][6][gc,age      ] GC(379) - age   6:     100664 bytes,    3936048 total
[2025-12-03T17:27:01.398+0000][6][gc,age      ] GC(379) - age   7:      26816 bytes,    3962864 total
[2025-12-03T17:27:01.398+0000][6][gc,age      ] GC(379) - age   8:     165440 bytes,    4128304 total
[2025-12-03T17:27:01.398+0000][6][gc,age      ] GC(379) - age   9:      53408 bytes,    4181712 total
[2025-12-03T17:27:01.398+0000][6][gc,age      ] GC(379) - age  10:     446376 bytes,    4628088 total
[2025-12-03T17:27:01.399+0000][6][gc,age      ] GC(379) - age  11:      24856 bytes,    4652944 total
[2025-12-03T17:27:01.399+0000][6][gc,age      ] GC(379) - age  12:     471552 bytes,    5124496 total
[2025-12-03T17:27:01.399+0000][6][gc,age      ] GC(379) - age  13:     227880 bytes,    5352376 total
[2025-12-03T17:27:01.399+0000][6][gc,age      ] GC(379) - age  14:     611840 bytes,    5964216 total
[2025-12-03T17:27:01.399+0000][6][gc,age      ] GC(379) - age  15:     498384 bytes,    6462600 total
[2025-12-03T17:27:01.399+0000][6][gc,phases   ] GC(379)   Pre Evacuate Collection Set: 3.0ms
[2025-12-03T17:27:01.399+0000][6][gc,phases   ] GC(379)   Merge Heap Roots: 0.2ms
[2025-12-03T17:27:01.399+0000][6][gc,phases   ] GC(379)   Evacuate Collection Set: 12.1ms
[2025-12-03T17:27:01.399+0000][6][gc,phases   ] GC(379)   Post Evacuate Collection Set: 2.2ms
[2025-12-03T17:27:01.399+0000][6][gc,phases   ] GC(379)   Other: 2.7ms
[2025-12-03T17:27:01.399+0000][6][gc,heap     ] GC(379) Eden regions: 59->0(58)
[2025-12-03T17:27:01.399+0000][6][gc,heap     ] GC(379) Survivor regions: 2->2(8)
[2025-12-03T17:27:01.399+0000][6][gc,heap     ] GC(379) Old regions: 41->41
[2025-12-03T17:27:01.399+0000][6][gc,heap     ] GC(379) Archive regions: 2->2
[2025-12-03T17:27:01.399+0000][6][gc,heap     ] GC(379) Humongous regions: 2->2
[2025-12-03T17:27:01.399+0000][6][gc,metaspace] GC(379) Metaspace: 118333K(120000K)->118333K(120000K) NonClass: 103432K(104384K)->103432K(104384K) Class: 14900K(15616K)->14900K(15616K)
[2025-12-03T17:27:01.399+0000][6][gc          ] GC(379) Pause Young (Concurrent Start) (G1 Evacuation Pause) 415M->180M(512M) 20.705ms
[2025-12-03T17:27:01.400+0000][6][gc,cpu      ] GC(379) User=0.07s Sys=0.01s Real=0.02s
[2025-12-03T17:27:01.400+0000][6][safepoint   ] Safepoint "G1CollectForAllocation", Time since last: 33119418057 ns, Reaching safepoint: 704125 ns, At safepoint: 21107125 ns, Total: 21811250 ns
[2025-12-03T17:27:01.400+0000][6][gc          ] GC(380) Concurrent Mark Cycle
[2025-12-03T17:27:01.400+0000][6][gc,marking  ] GC(380) Concurrent Clear Claimed Marks
[2025-12-03T17:27:01.400+0000][6][gc,marking  ] GC(380) Concurrent Clear Claimed Marks 0.185ms
[2025-12-03T17:27:01.400+0000][6][gc,marking  ] GC(380) Concurrent Scan Root Regions
[2025-12-03T17:27:01.403+0000][6][gc,marking  ] GC(380) Concurrent Scan Root Regions 3.046ms
[2025-12-03T17:27:01.403+0000][6][gc,marking  ] GC(380) Concurrent Mark
[2025-12-03T17:27:01.403+0000][6][gc,marking  ] GC(380) Concurrent Mark From Roots
[2025-12-03T17:27:01.403+0000][6][gc,task     ] GC(380) Using 2 workers of 2 for marking
[2025-12-03T17:27:01.478+0000][6][gc,marking  ] GC(380) Concurrent Mark From Roots 74.579ms
[2025-12-03T17:27:01.478+0000][6][gc,marking  ] GC(380) Concurrent Preclean
[2025-12-03T17:27:01.478+0000][6][gc,marking  ] GC(380) Concurrent Preclean 0.272ms
[2025-12-03T17:27:01.479+0000][6][gc,start    ] GC(380) Pause Remark
[2025-12-03T17:27:01.517+0000][6][gc          ] GC(380) Pause Remark 180M->180M(512M) 38.543ms
[2025-12-03T17:27:01.517+0000][6][gc,cpu      ] GC(380) User=0.29s Sys=0.00s Real=0.04s
[2025-12-03T17:27:01.517+0000][6][safepoint   ] Safepoint "G1Concurrent", Time since last: 78783959 ns, Reaching safepoint: 96125 ns, At safepoint: 38810541 ns, Total: 38906666 ns
[2025-12-03T17:27:01.517+0000][6][gc,marking  ] GC(380) Concurrent Mark 114.254ms
[2025-12-03T17:27:01.517+0000][6][gc,marking  ] GC(380) Concurrent Rebuild Remembered Sets
[2025-12-03T17:27:01.548+0000][6][gc,marking  ] GC(380) Concurrent Rebuild Remembered Sets 30.966ms
[2025-12-03T17:27:01.549+0000][6][gc,start    ] GC(380) Pause Cleanup
[2025-12-03T17:27:01.549+0000][6][gc          ] GC(380) Pause Cleanup 180M->180M(512M) 0.155ms
[2025-12-03T17:27:01.549+0000][6][gc,cpu      ] GC(380) User=0.00s Sys=0.00s Real=0.00s
[2025-12-03T17:27:01.549+0000][6][safepoint   ] Safepoint "G1Concurrent", Time since last: 31237834 ns, Reaching safepoint: 40125 ns, At safepoint: 401750 ns, Total: 441875 ns
[2025-12-03T17:27:01.549+0000][6][gc,marking  ] GC(380) Concurrent Cleanup for Next Mark
[2025-12-03T17:27:01.551+0000][6][gc,marking  ] GC(380) Concurrent Cleanup for Next Mark 1.475ms
[2025-12-03T17:27:01.551+0000][6][gc          ] GC(380) Concurrent Mark Cycle 150.963ms
[2025-12-03T17:27:19.576+0000][6][safepoint   ] Safepoint "Cleanup", Time since last: 18025142716 ns, Reaching safepoint: 562541 ns, At safepoint: 58459 ns, Total: 621000 ns
[2025-12-03T17:27:35.151+0000][6][gc,start    ] GC(381) Pause Young (Normal) (G1 Evacuation Pause)
[2025-12-03T17:27:35.152+0000][6][gc,task     ] GC(381) Using 8 workers of 8 for evacuation
[2025-12-03T17:27:35.152+0000][6][gc,age      ] GC(381) Desired survivor size 16777216 bytes, new threshold 15 (max threshold 15)
[2025-12-03T17:27:35.162+0000][6][gc,age      ] GC(381) Age table with threshold 15 (max threshold 15)
[2025-12-03T17:27:35.162+0000][6][gc,age      ] GC(381) - age   1:    2656160 bytes,    2656160 total
[2025-12-03T17:27:35.162+0000][6][gc,age      ] GC(381) - age   2:     820184 bytes,    3476344 total
[2025-12-03T17:27:35.162+0000][6][gc,age      ] GC(381) - age   3:      23440 bytes,    3499784 total
[2025-12-03T17:27:35.162+0000][6][gc,age      ] GC(381) - age   4:      67056 bytes,    3566840 total
[2025-12-03T17:27:35.162+0000][6][gc,age      ] GC(381) - age   5:      59080 bytes,    3625920 total
[2025-12-03T17:27:35.162+0000][6][gc,age      ] GC(381) - age   6:      62512 bytes,    3688432 total
[2025-12-03T17:27:35.163+0000][6][gc,age      ] GC(381) - age   7:     100664 bytes,    3789096 total
[2025-12-03T17:27:35.163+0000][6][gc,age      ] GC(381) - age   8:      26816 bytes,    3815912 total
[2025-12-03T17:27:35.163+0000][6][gc,age      ] GC(381) - age   9:     165440 bytes,    3981352 total
[2025-12-03T17:27:35.163+0000][6][gc,age      ] GC(381) - age  10:      53408 bytes,    4034760 total
[2025-12-03T17:27:35.163+0000][6][gc,age      ] GC(381) - age  11:     446376 bytes,    4481136 total
[2025-12-03T17:27:35.163+0000][6][gc,age      ] GC(381) - age  12:      24856 bytes,    4505992 total
[2025-12-03T17:27:35.163+0000][6][gc,age      ] GC(381) - age  13:     471552 bytes,    4977544 total
[2025-12-03T17:27:35.163+0000][6][gc,age      ] GC(381) - age  14:     227880 bytes,    5205424 total
[2025-12-03T17:27:35.163+0000][6][gc,age      ] GC(381) - age  15:     611712 bytes,    5817136 total
[2025-12-03T17:27:35.163+0000][6][gc,phases   ] GC(381)   Pre Evacuate Collection Set: 0.3ms
[2025-12-03T17:27:35.163+0000][6][gc,phases   ] GC(381)   Merge Heap Roots: 0.2ms
[2025-12-03T17:27:35.163+0000][6][gc,phases   ] GC(381)   Evacuate Collection Set: 7.4ms
[2025-12-03T17:27:35.163+0000][6][gc,phases   ] GC(381)   Post Evacuate Collection Set: 2.2ms
[2025-12-03T17:27:35.163+0000][6][gc,phases   ] GC(381)   Other: 1.9ms
[2025-12-03T17:27:35.163+0000][6][gc,heap     ] GC(381) Eden regions: 58->0(58)
[2025-12-03T17:27:35.163+0000][6][gc,heap     ] GC(381) Survivor regions: 2->2(8)
[2025-12-03T17:27:35.163+0000][6][gc,heap     ] GC(381) Old regions: 41->41
[2025-12-03T17:27:35.163+0000][6][gc,heap     ] GC(381) Archive regions: 2->2
[2025-12-03T17:27:35.163+0000][6][gc,heap     ] GC(381) Humongous regions: 2->2
[2025-12-03T17:27:35.163+0000][6][gc,metaspace] GC(381) Metaspace: 118334K(120000K)->118334K(120000K) NonClass: 103433K(104384K)->103433K(104384K) Class: 14901K(15616K)->14901K(15616K)
[2025-12-03T17:27:35.163+0000][6][gc          ] GC(381) Pause Young (Normal) (G1 Evacuation Pause) 412M->180M(512M) 12.303ms
[2025-12-03T17:27:35.163+0000][6][gc,cpu      ] GC(381) User=0.07s Sys=0.00s Real=0.01s
[2025-12-03T17:27:35.163+0000][6][safepoint   ] Safepoint "G1CollectForAllocation", Time since last: 15551944923 ns, Reaching safepoint: 328750 ns, At safepoint: 12557333 ns, Total: 12886083 ns
[2025-12-03T17:27:56.214+0000][6][safepoint   ] Safepoint "Cleanup", Time since last: 21038703135 ns, Reaching safepoint: 11691292 ns, At safepoint: 97416 ns, Total: 11788708 ns
[2025-12-03T17:28:11.251+0000][6][safepoint   ] Safepoint "Cleanup", Time since last: 15029996215 ns, Reaching safepoint: 345375 ns, At safepoint: 14167 ns, Total: 359542 ns
[2025-12-03T17:28:11.319+0000][6][gc,start    ] GC(382) Pause Young (Concurrent Start) (G1 Evacuation Pause)
[2025-12-03T17:28:11.319+0000][6][gc,task     ] GC(382) Using 8 workers of 8 for evacuation
[2025-12-03T17:28:11.319+0000][6][gc,age      ] GC(382) Desired survivor size 16777216 bytes, new threshold 15 (max threshold 15)
[2025-12-03T17:28:11.336+0000][6][gc,age      ] GC(382) Age table with threshold 15 (max threshold 15)
[2025-12-03T17:28:11.336+0000][6][gc,age      ] GC(382) - age   1:    3545480 bytes,    3545480 total
[2025-12-03T17:28:11.336+0000][6][gc,age      ] GC(382) - age   2:     325888 bytes,    3871368 total
[2025-12-03T17:28:11.336+0000][6][gc,age      ] GC(382) - age   3:     528984 bytes,    4400352 total
[2025-12-03T17:28:11.336+0000][6][gc,age      ] GC(382) - age   4:      21568 bytes,    4421920 total
[2025-12-03T17:28:11.336+0000][6][gc,age      ] GC(382) - age   5:      66576 bytes,    4488496 total
[2025-12-03T17:28:11.336+0000][6][gc,age      ] GC(382) - age   6:      58952 bytes,    4547448 total
[2025-12-03T17:28:11.336+0000][6][gc,age      ] GC(382) - age   7:      62048 bytes,    4609496 total
[2025-12-03T17:28:11.336+0000][6][gc,age      ] GC(382) - age   8:     100536 bytes,    4710032 total
[2025-12-03T17:28:11.336+0000][6][gc,age      ] GC(382) - age   9:      26816 bytes,    4736848 total
[2025-12-03T17:28:11.336+0000][6][gc,age      ] GC(382) - age  10:     165440 bytes,    4902288 total
[2025-12-03T17:28:11.336+0000][6][gc,age      ] GC(382) - age  11:      53208 bytes,    4955496 total
[2025-12-03T17:28:11.337+0000][6][gc,age      ] GC(382) - age  12:     446376 bytes,    5401872 total
[2025-12-03T17:28:11.337+0000][6][gc,age      ] GC(382) - age  13:      24856 bytes,    5426728 total
[2025-12-03T17:28:11.337+0000][6][gc,age      ] GC(382) - age  14:     471552 bytes,    5898280 total
[2025-12-03T17:28:11.337+0000][6][gc,age      ] GC(382) - age  15:     227880 bytes,    6126160 total
[2025-12-03T17:28:11.337+0000][6][gc,phases   ] GC(382)   Pre Evacuate Collection Set: 2.4ms
[2025-12-03T17:28:11.337+0000][6][gc,phases   ] GC(382)   Merge Heap Roots: 0.2ms
[2025-12-03T17:28:11.337+0000][6][gc,phases   ] GC(382)   Evacuate Collection Set: 11.3ms
[2025-12-03T17:28:11.337+0000][6][gc,phases   ] GC(382)   Post Evacuate Collection Set: 2.0ms
[2025-12-03T17:28:11.337+0000][6][gc,phases   ] GC(382)   Other: 2.1ms
[2025-12-03T17:28:11.337+0000][6][gc,heap     ] GC(382) Eden regions: 58->0(58)
[2025-12-03T17:28:11.337+0000][6][gc,heap     ] GC(382) Survivor regions: 2->2(8)
[2025-12-03T17:28:11.337+0000][6][gc,heap     ] GC(382) Old regions: 41->41
[2025-12-03T17:28:11.337+0000][6][gc,heap     ] GC(382) Archive regions: 2->2
[2025-12-03T17:28:11.337+0000][6][gc,heap     ] GC(382) Humongous regions: 2->2
[2025-12-03T17:28:11.338+0000][6][gc,metaspace] GC(382) Metaspace: 118334K(120000K)->118334K(120000K) NonClass: 103433K(104384K)->103433K(104384K) Class: 14901K(15616K)->14901K(15616K)
[2025-12-03T17:28:11.338+0000][6][gc          ] GC(382) Pause Young (Concurrent Start) (G1 Evacuation Pause) 412M->181M(512M) 19.103ms
[2025-12-03T17:28:11.338+0000][6][gc,cpu      ] GC(382) User=0.09s Sys=0.00s Real=0.02s
[2025-12-03T17:28:11.338+0000][6][safepoint   ] Safepoint "G1CollectForAllocation", Time since last: 67200167 ns, Reaching safepoint: 220625 ns, At safepoint: 19715000 ns, Total: 19935625 ns
[2025-12-03T17:28:11.339+0000][6][gc          ] GC(383) Concurrent Mark Cycle
[2025-12-03T17:28:11.339+0000][6][gc,marking  ] GC(383) Concurrent Clear Claimed Marks
[2025-12-03T17:28:11.339+0000][6][gc,marking  ] GC(383) Concurrent Clear Claimed Marks 0.187ms
[2025-12-03T17:28:11.339+0000][6][gc,marking  ] GC(383) Concurrent Scan Root Regions
[2025-12-03T17:28:11.358+0000][6][gc,marking  ] GC(383) Concurrent Scan Root Regions 19.304ms
[2025-12-03T17:28:11.358+0000][6][gc,marking  ] GC(383) Concurrent Mark
[2025-12-03T17:28:11.358+0000][6][gc,marking  ] GC(383) Concurrent Mark From Roots
[2025-12-03T17:28:11.358+0000][6][gc,task     ] GC(383) Using 2 workers of 2 for marking
[2025-12-03T17:28:11.437+0000][6][gc,marking  ] GC(383) Concurrent Mark From Roots 78.396ms
[2025-12-03T17:28:11.437+0000][6][gc,marking  ] GC(383) Concurrent Preclean
[2025-12-03T17:28:11.437+0000][6][gc,marking  ] GC(383) Concurrent Preclean 0.244ms
[2025-12-03T17:28:11.437+0000][6][gc,start    ] GC(383) Pause Remark
[2025-12-03T17:28:11.458+0000][6][gc          ] GC(383) Pause Remark 198M->198M(512M) 20.933ms
[2025-12-03T17:28:11.458+0000][6][gc,cpu      ] GC(383) User=0.16s Sys=0.00s Real=0.02s
[2025-12-03T17:28:11.458+0000][6][safepoint   ] Safepoint "G1Concurrent", Time since last: 98840958 ns, Reaching safepoint: 65625 ns, At safepoint: 21158958 ns, Total: 21224583 ns
[2025-12-03T17:28:11.459+0000][6][gc,marking  ] GC(383) Concurrent Mark 100.212ms
[2025-12-03T17:28:11.459+0000][6][gc,marking  ] GC(383) Concurrent Rebuild Remembered Sets
[2025-12-03T17:28:11.488+0000][6][gc,marking  ] GC(383) Concurrent Rebuild Remembered Sets 29.473ms
[2025-12-03T17:28:11.488+0000][6][gc,start    ] GC(383) Pause Cleanup
[2025-12-03T17:28:11.488+0000][6][gc          ] GC(383) Pause Cleanup 198M->198M(512M) 0.141ms
[2025-12-03T17:28:11.488+0000][6][gc,cpu      ] GC(383) User=0.00s Sys=0.00s Real=0.00s
[2025-12-03T17:28:11.489+0000][6][safepoint   ] Safepoint "G1Concurrent", Time since last: 29726459 ns, Reaching safepoint: 50708 ns, At safepoint: 271042 ns, Total: 321750 ns
[2025-12-03T17:28:11.489+0000][6][gc,marking  ] GC(383) Concurrent Cleanup for Next Mark
[2025-12-03T17:28:11.490+0000][6][gc,marking  ] GC(383) Concurrent Cleanup for Next Mark 1.322ms
[2025-12-03T17:28:11.490+0000][6][gc          ] GC(383) Concurrent Mark Cycle 151.420ms
[2025-12-03T17:28:40.544+0000][6][safepoint   ] Safepoint "Cleanup", Time since last: 29053094013 ns, Reaching safepoint: 263875 ns, At safepoint: 11083 ns, Total: 274958 ns
[2025-12-03T17:28:43.505+0000][6][gc,start    ] GC(384) Pause Young (Normal) (G1 Evacuation Pause)
[2025-12-03T17:28:43.506+0000][6][gc,task     ] GC(384) Using 8 workers of 8 for evacuation
[2025-12-03T17:28:43.506+0000][6][gc,age      ] GC(384) Desired survivor size 16777216 bytes, new threshold 15 (max threshold 15)
[2025-12-03T17:28:43.533+0000][6][gc,age      ] GC(384) Age table with threshold 15 (max threshold 15)
[2025-12-03T17:28:43.533+0000][6][gc,age      ] GC(384) - age   1:    2280928 bytes,    2280928 total
[2025-12-03T17:28:43.533+0000][6][gc,age      ] GC(384) - age   2:    1757864 bytes,    4038792 total
[2025-12-03T17:28:43.533+0000][6][gc,age      ] GC(384) - age   3:     172120 bytes,    4210912 total
[2025-12-03T17:28:43.533+0000][6][gc,age      ] GC(384) - age   4:     526936 bytes,    4737848 total
[2025-12-03T17:28:43.533+0000][6][gc,age      ] GC(384) - age   5:      21184 bytes,    4759032 total
[2025-12-03T17:28:43.534+0000][6][gc,age      ] GC(384) - age   6:      66352 bytes,    4825384 total
[2025-12-03T17:28:43.534+0000][6][gc,age      ] GC(384) - age   7:      58864 bytes,    4884248 total
[2025-12-03T17:28:43.534+0000][6][gc,age      ] GC(384) - age   8:      61920 bytes,    4946168 total
[2025-12-03T17:28:43.534+0000][6][gc,age      ] GC(384) - age   9:     100472 bytes,    5046640 total
[2025-12-03T17:28:43.534+0000][6][gc,age      ] GC(384) - age  10:      26752 bytes,    5073392 total
[2025-12-03T17:28:43.534+0000][6][gc,age      ] GC(384) - age  11:     165440 bytes,    5238832 total
[2025-12-03T17:28:43.534+0000][6][gc,age      ] GC(384) - age  12:      53208 bytes,    5292040 total
[2025-12-03T17:28:43.534+0000][6][gc,age      ] GC(384) - age  13:     446376 bytes,    5738416 total
[2025-12-03T17:28:43.534+0000][6][gc,age      ] GC(384) - age  14:      24856 bytes,    5763272 total
[2025-12-03T17:28:43.534+0000][6][gc,age      ] GC(384) - age  15:     471552 bytes,    6234824 total
[2025-12-03T17:28:43.534+0000][6][gc,phases   ] GC(384)   Pre Evacuate Collection Set: 0.3ms
[2025-12-03T17:28:43.535+0000][6][gc,phases   ] GC(384)   Merge Heap Roots: 0.3ms
[2025-12-03T17:28:43.535+0000][6][gc,phases   ] GC(384)   Evacuate Collection Set: 19.4ms
[2025-12-03T17:28:43.535+0000][6][gc,phases   ] GC(384)   Post Evacuate Collection Set: 6.6ms
[2025-12-03T17:28:43.535+0000][6][gc,phases   ] GC(384)   Other: 2.5ms
[2025-12-03T17:28:43.535+0000][6][gc,heap     ] GC(384) Eden regions: 58->0(58)
[2025-12-03T17:28:43.535+0000][6][gc,heap     ] GC(384) Survivor regions: 2->2(8)
[2025-12-03T17:28:43.536+0000][6][gc,heap     ] GC(384) Old regions: 41->41
[2025-12-03T17:28:43.536+0000][6][gc,heap     ] GC(384) Archive regions: 2->2
[2025-12-03T17:28:43.536+0000][6][gc,heap     ] GC(384) Humongous regions: 2->2
[2025-12-03T17:28:43.536+0000][6][gc,metaspace] GC(384) Metaspace: 118334K(120000K)->118334K(120000K) NonClass: 103433K(104384K)->103433K(104384K) Class: 14901K(15616K)->14901K(15616K)
[2025-12-03T17:28:43.536+0000][6][gc          ] GC(384) Pause Young (Normal) (G1 Evacuation Pause) 413M->181M(512M) 31.052ms
[2025-12-03T17:28:43.537+0000][6][gc,cpu      ] GC(384) User=0.09s Sys=0.01s Real=0.03s
[2025-12-03T17:28:43.537+0000][6][safepoint   ] Safepoint "G1CollectForAllocation", Time since last: 2961375793 ns, Reaching safepoint: 177917 ns, At safepoint: 31851792 ns, Total: 32029709 ns
[2025-12-03T17:29:00.566+0000][6][safepoint   ] Safepoint "Cleanup", Time since last: 17028440924 ns, Reaching safepoint: 532209 ns, At safepoint: 168500 ns, Total: 700709 ns
[2025-12-03T17:29:19.413+0000][6][gc,start    ] GC(385) Pause Young (Concurrent Start) (G1 Evacuation Pause)
[2025-12-03T17:29:19.414+0000][6][gc,task     ] GC(385) Using 8 workers of 8 for evacuation
[2025-12-03T17:29:19.414+0000][6][gc,age      ] GC(385) Desired survivor size 16777216 bytes, new threshold 15 (max threshold 15)
[2025-12-03T17:29:19.427+0000][6][gc,age      ] GC(385) Age table with threshold 15 (max threshold 15)
[2025-12-03T17:29:19.427+0000][6][gc,age      ] GC(385) - age   1:    3502408 bytes,    3502408 total
[2025-12-03T17:29:19.427+0000][6][gc,age      ] GC(385) - age   2:     312280 bytes,    3814688 total
[2025-12-03T17:29:19.427+0000][6][gc,age      ] GC(385) - age   3:    1503872 bytes,    5318560 total
[2025-12-03T17:29:19.427+0000][6][gc,age      ] GC(385) - age   4:     170640 bytes,    5489200 total
[2025-12-03T17:29:19.427+0000][6][gc,age      ] GC(385) - age   5:      27232 bytes,    5516432 total
[2025-12-03T17:29:19.427+0000][6][gc,age      ] GC(385) - age   6:      20784 bytes,    5537216 total
[2025-12-03T17:29:19.427+0000][6][gc,age      ] GC(385) - age   7:      66288 bytes,    5603504 total
[2025-12-03T17:29:19.427+0000][6][gc,age      ] GC(385) - age   8:      58864 bytes,    5662368 total
[2025-12-03T17:29:19.427+0000][6][gc,age      ] GC(385) - age   9:      61856 bytes,    5724224 total
[2025-12-03T17:29:19.427+0000][6][gc,age      ] GC(385) - age  10:     100472 bytes,    5824696 total
[2025-12-03T17:29:19.427+0000][6][gc,age      ] GC(385) - age  11:      26752 bytes,    5851448 total
[2025-12-03T17:29:19.428+0000][6][gc,age      ] GC(385) - age  12:     165440 bytes,    6016888 total
[2025-12-03T17:29:19.428+0000][6][gc,age      ] GC(385) - age  13:      53208 bytes,    6070096 total
[2025-12-03T17:29:19.428+0000][6][gc,age      ] GC(385) - age  14:     446376 bytes,    6516472 total
[2025-12-03T17:29:19.428+0000][6][gc,age      ] GC(385) - age  15:      24856 bytes,    6541328 total
[2025-12-03T17:29:19.428+0000][6][gc,phases   ] GC(385)   Pre Evacuate Collection Set: 1.6ms
[2025-12-03T17:29:19.428+0000][6][gc,phases   ] GC(385)   Merge Heap Roots: 0.1ms
[2025-12-03T17:29:19.428+0000][6][gc,phases   ] GC(385)   Evacuate Collection Set: 8.8ms
[2025-12-03T17:29:19.428+0000][6][gc,phases   ] GC(385)   Post Evacuate Collection Set: 2.4ms
[2025-12-03T17:29:19.428+0000][6][gc,phases   ] GC(385)   Other: 1.4ms
[2025-12-03T17:29:19.428+0000][6][gc,heap     ] GC(385) Eden regions: 58->0(58)
[2025-12-03T17:29:19.428+0000][6][gc,heap     ] GC(385) Survivor regions: 2->2(8)
[2025-12-03T17:29:19.428+0000][6][gc,heap     ] GC(385) Old regions: 41->41
[2025-12-03T17:29:19.428+0000][6][gc,heap     ] GC(385) Archive regions: 2->2
[2025-12-03T17:29:19.428+0000][6][gc,heap     ] GC(385) Humongous regions: 2->2
[2025-12-03T17:29:19.428+0000][6][gc,metaspace] GC(385) Metaspace: 118334K(120000K)->118334K(120000K) NonClass: 103433K(104384K)->103433K(104384K) Class: 14901K(15616K)->14901K(15616K)
[2025-12-03T17:29:19.428+0000][6][gc          ] GC(385) Pause Young (Concurrent Start) (G1 Evacuation Pause) 413M->182M(512M) 14.778ms
[2025-12-03T17:29:19.428+0000][6][gc,cpu      ] GC(385) User=0.05s Sys=0.00s Real=0.02s
[2025-12-03T17:29:19.428+0000][6][safepoint   ] Safepoint "G1CollectForAllocation", Time since last: 18846329592 ns, Reaching safepoint: 321833 ns, At safepoint: 14964917 ns, Total: 15286750 ns
[2025-12-03T17:29:19.428+0000][6][gc          ] GC(386) Concurrent Mark Cycle
[2025-12-03T17:29:19.428+0000][6][gc,marking  ] GC(386) Concurrent Clear Claimed Marks
[2025-12-03T17:29:19.429+0000][6][gc,marking  ] GC(386) Concurrent Clear Claimed Marks 0.172ms
[2025-12-03T17:29:19.429+0000][6][gc,marking  ] GC(386) Concurrent Scan Root Regions
[2025-12-03T17:29:19.432+0000][6][gc,marking  ] GC(386) Concurrent Scan Root Regions 3.519ms
[2025-12-03T17:29:19.432+0000][6][gc,marking  ] GC(386) Concurrent Mark
[2025-12-03T17:29:19.432+0000][6][gc,marking  ] GC(386) Concurrent Mark From Roots
[2025-12-03T17:29:19.432+0000][6][gc,task     ] GC(386) Using 2 workers of 2 for marking
[2025-12-03T17:29:19.496+0000][6][gc,marking  ] GC(386) Concurrent Mark From Roots 63.844ms
[2025-12-03T17:29:19.496+0000][6][gc,marking  ] GC(386) Concurrent Preclean
[2025-12-03T17:29:19.496+0000][6][gc,marking  ] GC(386) Concurrent Preclean 0.212ms
[2025-12-03T17:29:19.497+0000][6][gc,start    ] GC(386) Pause Remark
[2025-12-03T17:29:19.527+0000][6][gc          ] GC(386) Pause Remark 183M->183M(512M) 29.982ms
[2025-12-03T17:29:19.527+0000][6][gc,cpu      ] GC(386) User=0.20s Sys=0.00s Real=0.03s
[2025-12-03T17:29:19.527+0000][6][safepoint   ] Safepoint "G1Concurrent", Time since last: 68143500 ns, Reaching safepoint: 43417 ns, At safepoint: 30205791 ns, Total: 30249208 ns
[2025-12-03T17:29:19.527+0000][6][gc,marking  ] GC(386) Concurrent Mark 94.557ms
[2025-12-03T17:29:19.527+0000][6][gc,marking  ] GC(386) Concurrent Rebuild Remembered Sets
[2025-12-03T17:29:19.558+0000][6][gc,marking  ] GC(386) Concurrent Rebuild Remembered Sets 31.578ms
[2025-12-03T17:29:19.559+0000][6][gc,start    ] GC(386) Pause Cleanup
[2025-12-03T17:29:19.559+0000][6][gc          ] GC(386) Pause Cleanup 183M->183M(512M) 0.147ms
[2025-12-03T17:29:19.559+0000][6][gc,cpu      ] GC(386) User=0.00s Sys=0.01s Real=0.00s
[2025-12-03T17:29:19.559+0000][6][safepoint   ] Safepoint "G1Concurrent", Time since last: 31881209 ns, Reaching safepoint: 111708 ns, At safepoint: 336750 ns, Total: 448458 ns
[2025-12-03T17:29:19.559+0000][6][gc,marking  ] GC(386) Concurrent Cleanup for Next Mark
[2025-12-03T17:29:19.561+0000][6][gc,marking  ] GC(386) Concurrent Cleanup for Next Mark 1.531ms
[2025-12-03T17:29:19.561+0000][6][gc          ] GC(386) Concurrent Mark Cycle 132.385ms
[2025-12-03T17:29:31.575+0000][6][safepoint   ] Safepoint "Cleanup", Time since last: 12015255047 ns, Reaching safepoint: 285500 ns, At safepoint: 15125 ns, Total: 300625 ns
[2025-12-03T17:29:58.402+0000][6][gc,start    ] GC(387) Pause Young (Normal) (G1 Evacuation Pause)
[2025-12-03T17:29:58.402+0000][6][gc,task     ] GC(387) Using 8 workers of 8 for evacuation
[2025-12-03T17:29:58.403+0000][6][gc,age      ] GC(387) Desired survivor size 16777216 bytes, new threshold 15 (max threshold 15)
[2025-12-03T17:29:58.412+0000][6][gc,age      ] GC(387) Age table with threshold 15 (max threshold 15)
[2025-12-03T17:29:58.412+0000][6][gc,age      ] GC(387) - age   1:    1541600 bytes,    1541600 total
[2025-12-03T17:29:58.412+0000][6][gc,age      ] GC(387) - age   2:     587280 bytes,    2128880 total
[2025-12-03T17:29:58.412+0000][6][gc,age      ] GC(387) - age   3:      22072 bytes,    2150952 total
[2025-12-03T17:29:58.412+0000][6][gc,age      ] GC(387) - age   4:    1502616 bytes,    3653568 total
[2025-12-03T17:29:58.412+0000][6][gc,age      ] GC(387) - age   5:     170392 bytes,    3823960 total
[2025-12-03T17:29:58.412+0000][6][gc,age      ] GC(387) - age   6:      26944 bytes,    3850904 total
[2025-12-03T17:29:58.412+0000][6][gc,age      ] GC(387) - age   7:      20784 bytes,    3871688 total
[2025-12-03T17:29:58.412+0000][6][gc,age      ] GC(387) - age   8:      66288 bytes,    3937976 total
[2025-12-03T17:29:58.412+0000][6][gc,age      ] GC(387) - age   9:      58864 bytes,    3996840 total
[2025-12-03T17:29:58.412+0000][6][gc,age      ] GC(387) - age  10:      61792 bytes,    4058632 total
[2025-12-03T17:29:58.412+0000][6][gc,age      ] GC(387) - age  11:     100376 bytes,    4159008 total
[2025-12-03T17:29:58.412+0000][6][gc,age      ] GC(387) - age  12:      26752 bytes,    4185760 total
[2025-12-03T17:29:58.412+0000][6][gc,age      ] GC(387) - age  13:     165440 bytes,    4351200 total
[2025-12-03T17:29:58.412+0000][6][gc,age      ] GC(387) - age  14:      53208 bytes,    4404408 total
[2025-12-03T17:29:58.412+0000][6][gc,age      ] GC(387) - age  15:     446376 bytes,    4850784 total
[2025-12-03T17:29:58.413+0000][6][gc,phases   ] GC(387)   Pre Evacuate Collection Set: 0.3ms
[2025-12-03T17:29:58.413+0000][6][gc,phases   ] GC(387)   Merge Heap Roots: 0.2ms
[2025-12-03T17:29:58.413+0000][6][gc,phases   ] GC(387)   Evacuate Collection Set: 6.5ms
[2025-12-03T17:29:58.413+0000][6][gc,phases   ] GC(387)   Post Evacuate Collection Set: 2.2ms
[2025-12-03T17:29:58.413+0000][6][gc,phases   ] GC(387)   Other: 1.5ms
[2025-12-03T17:29:58.413+0000][6][gc,heap     ] GC(387) Eden regions: 58->0(58)
[2025-12-03T17:29:58.413+0000][6][gc,heap     ] GC(387) Survivor regions: 2->2(8)
[2025-12-03T17:29:58.413+0000][6][gc,heap     ] GC(387) Old regions: 41->41
[2025-12-03T17:29:58.413+0000][6][gc,heap     ] GC(387) Archive regions: 2->2
[2025-12-03T17:29:58.413+0000][6][gc,heap     ] GC(387) Humongous regions: 2->2
[2025-12-03T17:29:58.413+0000][6][gc,metaspace] GC(387) Metaspace: 118337K(120000K)->118337K(120000K) NonClass: 103435K(104384K)->103435K(104384K) Class: 14901K(15616K)->14901K(15616K)
[2025-12-03T17:29:58.413+0000][6][gc          ] GC(387) Pause Young (Normal) (G1 Evacuation Pause) 414M->180M(512M) 11.061ms
[2025-12-03T17:29:58.413+0000][6][gc,cpu      ] GC(387) User=0.06s Sys=0.00s Real=0.01s
[2025-12-03T17:29:58.413+0000][6][safepoint   ] Safepoint "G1CollectForAllocation", Time since last: 26827149554 ns, Reaching safepoint: 465041 ns, At safepoint: 11363500 ns, Total: 11828541 ns
[2025-12-03T17:30:10.432+0000][6][safepoint   ] Safepoint "Cleanup", Time since last: 12016225672 ns, Reaching safepoint: 1406583 ns, At safepoint: 12709 ns, Total: 1419292 ns
[2025-12-03T17:30:32.070+0000][6][gc,start    ] GC(388) Pause Young (Concurrent Start) (G1 Evacuation Pause)
[2025-12-03T17:30:32.072+0000][6][gc,task     ] GC(388) Using 8 workers of 8 for evacuation
[2025-12-03T17:30:32.072+0000][6][gc,age      ] GC(388) Desired survivor size 16777216 bytes, new threshold 15 (max threshold 15)
[2025-12-03T17:30:32.100+0000][6][gc,age      ] GC(388) Age table with threshold 15 (max threshold 15)
[2025-12-03T17:30:32.100+0000][6][gc,age      ] GC(388) - age   1:    2816008 bytes,    2816008 total
[2025-12-03T17:30:32.100+0000][6][gc,age      ] GC(388) - age   2:     616808 bytes,    3432816 total
[2025-12-03T17:30:32.100+0000][6][gc,age      ] GC(388) - age   3:     579192 bytes,    4012008 total
[2025-12-03T17:30:32.100+0000][6][gc,age      ] GC(388) - age   4:      20856 bytes,    4032864 total
[2025-12-03T17:30:32.100+0000][6][gc,age      ] GC(388) - age   5:    1501024 bytes,    5533888 total
[2025-12-03T17:30:32.100+0000][6][gc,age      ] GC(388) - age   6:     170360 bytes,    5704248 total
[2025-12-03T17:30:32.100+0000][6][gc,age      ] GC(388) - age   7:      26752 bytes,    5731000 total
[2025-12-03T17:30:32.100+0000][6][gc,age      ] GC(388) - age   8:      20784 bytes,    5751784 total
[2025-12-03T17:30:32.100+0000][6][gc,age      ] GC(388) - age   9:      66176 bytes,    5817960 total
[2025-12-03T17:30:32.100+0000][6][gc,age      ] GC(388) - age  10:      58864 bytes,    5876824 total
[2025-12-03T17:30:32.100+0000][6][gc,age      ] GC(388) - age  11:      61792 bytes,    5938616 total
[2025-12-03T17:30:32.100+0000][6][gc,age      ] GC(388) - age  12:     100376 bytes,    6038992 total
[2025-12-03T17:30:32.100+0000][6][gc,age      ] GC(388) - age  13:      26752 bytes,    6065744 total
[2025-12-03T17:30:32.100+0000][6][gc,age      ] GC(388) - age  14:     165440 bytes,    6231184 total
[2025-12-03T17:30:32.101+0000][6][gc,age      ] GC(388) - age  15:      53208 bytes,    6284392 total
[2025-12-03T17:30:32.101+0000][6][gc,phases   ] GC(388)   Pre Evacuate Collection Set: 3.8ms
[2025-12-03T17:30:32.101+0000][6][gc,phases   ] GC(388)   Merge Heap Roots: 0.3ms
[2025-12-03T17:30:32.101+0000][6][gc,phases   ] GC(388)   Evacuate Collection Set: 19.3ms
[2025-12-03T17:30:32.101+0000][6][gc,phases   ] GC(388)   Post Evacuate Collection Set: 3.3ms
[2025-12-03T17:30:32.101+0000][6][gc,phases   ] GC(388)   Other: 3.8ms
[2025-12-03T17:30:32.101+0000][6][gc,heap     ] GC(388) Eden regions: 58->0(57)
[2025-12-03T17:30:32.101+0000][6][gc,heap     ] GC(388) Survivor regions: 2->2(8)
[2025-12-03T17:30:32.101+0000][6][gc,heap     ] GC(388) Old regions: 41->42
[2025-12-03T17:30:32.101+0000][6][gc,heap     ] GC(388) Archive regions: 2->2
[2025-12-03T17:30:32.101+0000][6][gc,heap     ] GC(388) Humongous regions: 2->2
[2025-12-03T17:30:32.101+0000][6][gc,metaspace] GC(388) Metaspace: 118337K(120000K)->118337K(120000K) NonClass: 103435K(104384K)->103435K(104384K) Class: 14901K(15616K)->14901K(15616K)
[2025-12-03T17:30:32.101+0000][6][gc          ] GC(388) Pause Young (Concurrent Start) (G1 Evacuation Pause) 412M->182M(512M) 31.019ms
[2025-12-03T17:30:32.102+0000][6][gc,cpu      ] GC(388) User=0.09s Sys=0.00s Real=0.03s
[2025-12-03T17:30:32.102+0000][6][safepoint   ] Safepoint "G1CollectForAllocation", Time since last: 21638250634 ns, Reaching safepoint: 943125 ns, At safepoint: 31648250 ns, Total: 32591375 ns
[2025-12-03T17:30:32.102+0000][6][gc          ] GC(389) Concurrent Mark Cycle
[2025-12-03T17:30:32.102+0000][6][gc,marking  ] GC(389) Concurrent Clear Claimed Marks
[2025-12-03T17:30:32.102+0000][6][gc,marking  ] GC(389) Concurrent Clear Claimed Marks 0.178ms
[2025-12-03T17:30:32.102+0000][6][gc,marking  ] GC(389) Concurrent Scan Root Regions
[2025-12-03T17:30:32.106+0000][6][gc,marking  ] GC(389) Concurrent Scan Root Regions 3.430ms
[2025-12-03T17:30:32.106+0000][6][gc,marking  ] GC(389) Concurrent Mark
[2025-12-03T17:30:32.106+0000][6][gc,marking  ] GC(389) Concurrent Mark From Roots
[2025-12-03T17:30:32.106+0000][6][gc,task     ] GC(389) Using 2 workers of 2 for marking
[2025-12-03T17:30:32.182+0000][6][gc,marking  ] GC(389) Concurrent Mark From Roots 75.990ms
[2025-12-03T17:30:32.182+0000][6][gc,marking  ] GC(389) Concurrent Preclean
[2025-12-03T17:30:32.183+0000][6][gc,marking  ] GC(389) Concurrent Preclean 0.268ms
[2025-12-03T17:30:32.183+0000][6][gc,start    ] GC(389) Pause Remark
[2025-12-03T17:30:32.208+0000][6][gc          ] GC(389) Pause Remark 185M->185M(512M) 25.686ms
[2025-12-03T17:30:32.209+0000][6][gc,cpu      ] GC(389) User=0.17s Sys=0.00s Real=0.03s
[2025-12-03T17:30:32.209+0000][6][safepoint   ] Safepoint "G1Concurrent", Time since last: 80923250 ns, Reaching safepoint: 97542 ns, At safepoint: 25916166 ns, Total: 26013708 ns
[2025-12-03T17:30:32.209+0000][6][gc,marking  ] GC(389) Concurrent Mark 102.730ms
[2025-12-03T17:30:32.209+0000][6][gc,marking  ] GC(389) Concurrent Rebuild Remembered Sets
[2025-12-03T17:30:32.238+0000][6][gc,marking  ] GC(389) Concurrent Rebuild Remembered Sets 29.094ms
[2025-12-03T17:30:32.238+0000][6][gc,start    ] GC(389) Pause Cleanup
[2025-12-03T17:30:32.238+0000][6][gc          ] GC(389) Pause Cleanup 185M->185M(512M) 0.151ms
[2025-12-03T17:30:32.238+0000][6][gc,cpu      ] GC(389) User=0.00s Sys=0.00s Real=0.00s
[2025-12-03T17:30:32.238+0000][6][safepoint   ] Safepoint "G1Concurrent", Time since last: 29332667 ns, Reaching safepoint: 46958 ns, At safepoint: 289917 ns, Total: 336875 ns
[2025-12-03T17:30:32.238+0000][6][gc,marking  ] GC(389) Concurrent Cleanup for Next Mark
[2025-12-03T17:30:32.240+0000][6][gc,marking  ] GC(389) Concurrent Cleanup for Next Mark 1.266ms
[2025-12-03T17:30:32.240+0000][6][gc          ] GC(389) Concurrent Mark Cycle 138.005ms
[2025-12-03T17:31:08.307+0000][6][safepoint   ] Safepoint "Cleanup", Time since last: 36066333475 ns, Reaching safepoint: 1061208 ns, At safepoint: 61125 ns, Total: 1122333 ns
[2025-12-03T17:31:08.480+0000][6][gc,start    ] GC(390) Pause Young (Normal) (G1 Evacuation Pause)
[2025-12-03T17:31:08.480+0000][6][gc,task     ] GC(390) Using 8 workers of 8 for evacuation
[2025-12-03T17:31:08.480+0000][6][gc,age      ] GC(390) Desired survivor size 16777216 bytes, new threshold 15 (max threshold 15)
[2025-12-03T17:31:08.510+0000][6][gc,age      ] GC(390) Age table with threshold 15 (max threshold 15)
[2025-12-03T17:31:08.510+0000][6][gc,age      ] GC(390) - age   1:     731472 bytes,     731472 total
[2025-12-03T17:31:08.510+0000][6][gc,age      ] GC(390) - age   2:     297816 bytes,    1029288 total
[2025-12-03T17:31:08.511+0000][6][gc,age      ] GC(390) - age   3:     417216 bytes,    1446504 total
[2025-12-03T17:31:08.511+0000][6][gc,age      ] GC(390) - age   4:     577584 bytes,    2024088 total
[2025-12-03T17:31:08.511+0000][6][gc,age      ] GC(390) - age   5:      20440 bytes,    2044528 total
[2025-12-03T17:31:08.511+0000][6][gc,age      ] GC(390) - age   6:    1500960 bytes,    3545488 total
[2025-12-03T17:31:08.511+0000][6][gc,age      ] GC(390) - age   7:     170232 bytes,    3715720 total
[2025-12-03T17:31:08.511+0000][6][gc,age      ] GC(390) - age   8:      26752 bytes,    3742472 total
[2025-12-03T17:31:08.511+0000][6][gc,age      ] GC(390) - age   9:      20400 bytes,    3762872 total
[2025-12-03T17:31:08.511+0000][6][gc,age      ] GC(390) - age  10:      66112 bytes,    3828984 total
[2025-12-03T17:31:08.511+0000][6][gc,age      ] GC(390) - age  11:      42712 bytes,    3871696 total
[2025-12-03T17:31:08.511+0000][6][gc,age      ] GC(390) - age  12:      61792 bytes,    3933488 total
[2025-12-03T17:31:08.511+0000][6][gc,age      ] GC(390) - age  13:     100376 bytes,    4033864 total
[2025-12-03T17:31:08.511+0000][6][gc,age      ] GC(390) - age  14:      26752 bytes,    4060616 total
[2025-12-03T17:31:08.511+0000][6][gc,age      ] GC(390) - age  15:     165440 bytes,    4226056 total
[2025-12-03T17:31:08.511+0000][6][gc,phases   ] GC(390)   Pre Evacuate Collection Set: 0.3ms
[2025-12-03T17:31:08.511+0000][6][gc,phases   ] GC(390)   Merge Heap Roots: 0.2ms
[2025-12-03T17:31:08.511+0000][6][gc,phases   ] GC(390)   Evacuate Collection Set: 26.2ms
[2025-12-03T17:31:08.511+0000][6][gc,phases   ] GC(390)   Post Evacuate Collection Set: 2.9ms
[2025-12-03T17:31:08.511+0000][6][gc,phases   ] GC(390)   Other: 1.6ms
[2025-12-03T17:31:08.511+0000][6][gc,heap     ] GC(390) Eden regions: 57->0(58)
[2025-12-03T17:31:08.512+0000][6][gc,heap     ] GC(390) Survivor regions: 2->2(8)
[2025-12-03T17:31:08.512+0000][6][gc,heap     ] GC(390) Old regions: 42->42
[2025-12-03T17:31:08.512+0000][6][gc,heap     ] GC(390) Archive regions: 2->2
[2025-12-03T17:31:08.512+0000][6][gc,heap     ] GC(390) Humongous regions: 2->2
[2025-12-03T17:31:08.512+0000][6][gc,metaspace] GC(390) Metaspace: 118337K(120000K)->118337K(120000K) NonClass: 103435K(104384K)->103435K(104384K) Class: 14901K(15616K)->14901K(15616K)
[2025-12-03T17:31:08.512+0000][6][gc          ] GC(390) Pause Young (Normal) (G1 Evacuation Pause) 410M->180M(512M) 31.640ms
[2025-12-03T17:31:08.512+0000][6][gc,cpu      ] GC(390) User=0.18s Sys=0.02s Real=0.03s
[2025-12-03T17:31:08.512+0000][6][safepoint   ] Safepoint "G1CollectForAllocation", Time since last: 173241209 ns, Reaching safepoint: 88041 ns, At safepoint: 31956500 ns, Total: 32044541 ns
